Using transformed lab topology from snapshot file netlab.snapshot.pickle
Checking virtualization provider installation
OK: clab installed and working correctly
Starting clab nodes
 [INFO] Setting containerlab runtime to docker
provider clab: executing flock -E 42 /tmp/netlab.lock containerlab deploy --reconfigure -t clab.yml
11:46:05 INFO Containerlab started version=0.75.0
11:46:05 INFO Parsing & checking topology file=clab.yml
11:46:05 INFO Destroying lab name=ml-17
11:46:06 INFO Removed container name=clab-ml-17-x2
11:46:07 INFO Removed container name=clab-ml-17-dut
11:46:07 INFO Removing host entries path=/etc/hosts
11:46:07 INFO Removing SSH config path=/etc/ssh/ssh_config.d/clab-ml-17.conf
11:46:07 INFO Removing directory path=/work/netlab_cicd/clab-ml-17
11:46:07 INFO Creating lab directory path=/work/netlab_cicd/clab-ml-17
11:46:07 INFO Creating container name=x2
11:46:07 INFO Creating container name=dut
11:46:07 INFO Creating container name=x1
11:46:08 INFO Created link: dut:Ethernet4 ▪┄┄▪ ml-17_2:bni17n1i1
11:46:08 INFO Created link: dut:Ethernet0 ▪┄┄▪ ml-17_1:bni17n1i0
11:46:08 INFO Created link: x1:eth1 ▪┄┄▪ ml-17_1:bni17n2i1
11:46:08 INFO Created link: x2:eth1 ▪┄┄▪ ml-17_1:bni17n3i1
11:46:08 INFO Created link: x1:eth2 ▪┄┄▪ ml-17_2:bni17n2i2
11:46:08 INFO Created link: x2:eth2 ▪┄┄▪ ml-17_2:bni17n3i2
11:46:09 INFO Executed command node=dut command="sleep 1" stdout=""
11:46:09 INFO Executed command node=x2 command="sleep 1" stdout=""
11:46:09 INFO Executed command node=x1 command="sleep 1" stdout=""
11:46:09 INFO Adding host entries path=/etc/hosts
11:46:09 INFO Adding SSH config for nodes path=/etc/ssh/ssh_config.d/clab-ml-17.conf
11:46:09 INFO containerlab version
  🎉=
  │ A newer containerlab version (0.77.0) is available!
  │ Release notes: https://containerlab.dev/rn/0.77/
  │ Run 'clab version upgrade' or see https://containerlab.dev/install/ for other installation options.
[1m╭[0m[1m────────────────[0m[1m┬[0m[1m──────────────────────────────[0m[1m┬[0m[1m─────────[0m[1m┬[0m[1m────────────────[0m[1m╮[0m
[1m│[0m[1m      Name      [0m[1m│[0m[1m          Kind/Image          [0m[1m│[0m[1m  State  [0m[1m│[0m[1m IPv4/6 Address [0m[1m│[0m
[1m├[0m[1m────────────────[0m[1m┼[0m[1m──────────────────────────────[0m[1m┼[0m[1m─────────[0m[1m┼[0m[1m────────────────[0m[1m┤[0m
│ clab-ml-17-dut │ sonic-vs                     │ running │ 192.168.17.101 │
│                │ docker-sonic-vs:latest       │         │ N/A            │
├────────────────┼──────────────────────────────┼─────────┼────────────────┤
│ clab-ml-17-x1  │ linux                        │ running │ 192.168.17.102 │
│                │ quay.io/frrouting/frr:10.6.1 │         │ N/A            │
├────────────────┼──────────────────────────────┼─────────┼────────────────┤
│ clab-ml-17-x2  │ linux                        │ running │ 192.168.17.103 │
│                │ quay.io/frrouting/frr:10.6.1 │         │ N/A            │
╰────────────────┴──────────────────────────────┴─────────┴────────────────╯

Initial configuration skipped, run 'netlab initial' to configure the devices
