Creating Device configuration snippets
[CREATED] dut: initial,ospf,bgp
[CREATED] x1: initial,ospf,bgp,bgp.session
[CREATED] x2: initial,bgp
Config Deploying device configurations
 [INFO] Executing initial configuration for node dut
 [INFO] Executing initial configuration for node x1
 [INFO] Executing initial configuration for node x2
 [INFO] Executing ospf configuration for node x1
 [INFO] Executing bgp configuration for node x2
 [INFO] Executing ospf configuration for node dut
 [INFO] Executing bgp configuration for node x1
 [INFO] Executing bgp configuration for node dut
 [INFO] Executing bgp.session configuration for node x1

Results of configuration script deployments
================================================================================
dut              Script:  initial,ospf,bgp
x1               Script:  initial,ospf,bgp,bgp.session
x2               Script:  initial,bgp


Use this topology to test the baseline IPv4 IBGP and EBGP implementation
and next-hop-self on IBGP sessions.

DUT has the default device role (router or host) and thus might have to
establish IBGP session from the LAN interface.

