Using transformed lab topology from snapshot file netlab.snapshot.pickle
Checking virtualization provider installation
OK: clab installed and working correctly
Starting clab nodes
provider clab: executing sudo -E containerlab deploy --reconfigure -t clab.yml
09:58:40 INFO Containerlab started version=0.74.2
09:58:40 INFO Parsing & checking topology file=clab.yml
09:58:40 INFO Destroying lab name=ml-17
09:58:40 ERRO Unable to determine NetNS Path for node dut: Error response from daemon: No such container: clab-ml-17-dut
09:58:40 ERRO Unable to determine NetNS Path for node rr2: Error response from daemon: No such container: clab-ml-17-rr2
09:58:40 ERRO Unable to determine NetNS Path for node dut: Error response from daemon: No such container: clab-ml-17-dut
09:58:40 ERRO Unable to determine NetNS Path for node x1: Error response from daemon: No such container: clab-ml-17-x1
09:58:40 ERRO could not remove container "clab-ml-17-x1": Error response from daemon: No such container: clab-ml-17-x1
09:58:40 ERRO Unable to determine NetNS Path for node r2: Error response from daemon: No such container: clab-ml-17-r2
09:58:40 ERRO could not remove container "clab-ml-17-rr2": Error response from daemon: No such container: clab-ml-17-rr2
09:58:40 ERRO could not remove container "clab-ml-17-dut": Error response from daemon: No such container: clab-ml-17-dut
09:58:40 ERRO could not remove container "clab-ml-17-r2": Error response from daemon: No such container: clab-ml-17-r2
09:58:40 INFO Removed container name=clab-ml-17-r1
09:58:40 INFO Removing host entries path=/etc/hosts
09:58:40 INFO Removing SSH config path=/etc/ssh/ssh_config.d/clab-ml-17.conf
09:58:40 INFO Removing directory path=/work/netlab_cicd/clab-ml-17
09:58:40 INFO Creating lab directory path=/work/netlab_cicd/clab-ml-17
09:58:40 INFO Creating container name=x1
09:58:40 INFO Creating container name=r1
09:58:40 INFO Creating container name=rr2
09:58:40 INFO Creating container name=r2
09:58:40 INFO Creating container name=dut
09:58:41 INFO Created link: dut:eth1 ▪┄┄▪ r1:eth1
09:58:41 INFO Created link: dut:eth2 ▪┄┄▪ x1:eth1
09:58:41 INFO Created link: rr2:eth1 ▪┄┄▪ r1:eth2
09:58:41 INFO Created link: r1:eth3 ▪┄┄▪ r2:eth1
09:58:43 INFO Executed command node=rr2 command="sleep 1" stdout=""
09:58:43 INFO Executed command node=x1 command="sleep 1" stdout=""
09:58:43 INFO Executed command node=r1 command="sleep 1" stdout=""
09:58:43 INFO Executed command node=r2 command="sleep 1" stdout=""
09:58:43 INFO Executed command node=dut command="sleep 1" stdout=""
09:58:43 INFO Adding host entries path=/etc/hosts
09:58:43 INFO Adding SSH config for nodes path=/etc/ssh/ssh_config.d/clab-ml-17.conf
09:58:43 INFO containerlab version
  🎉=
  │ A newer containerlab version (0.74.3) is available!
  │ Release notes: https://containerlab.dev/rn/0.74/#0743
  │ Run 'clab version upgrade' or see https://containerlab.dev/install/ for other installation options.
[1m╭[0m[1m────────────────[0m[1m┬[0m[1m──────────────────────────────[0m[1m┬[0m[1m─────────[0m[1m┬[0m[1m────────────────[0m[1m╮[0m
[1m│[0m[1m      Name      [0m[1m│[0m[1m          Kind/Image          [0m[1m│[0m[1m  State  [0m[1m│[0m[1m IPv4/6 Address [0m[1m│[0m
[1m├[0m[1m────────────────[0m[1m┼[0m[1m──────────────────────────────[0m[1m┼[0m[1m─────────[0m[1m┼[0m[1m────────────────[0m[1m┤[0m
│ clab-ml-17-dut │ linux                        │ running │ 192.168.17.101 │
│                │ quay.io/frrouting/frr:10.6.0 │         │ N/A            │
├────────────────┼──────────────────────────────┼─────────┼────────────────┤
│ clab-ml-17-r1  │ linux                        │ running │ 192.168.17.110 │
│                │ quay.io/frrouting/frr:10.6.0 │         │ N/A            │
├────────────────┼──────────────────────────────┼─────────┼────────────────┤
│ clab-ml-17-r2  │ linux                        │ running │ 192.168.17.103 │
│                │ quay.io/frrouting/frr:10.6.0 │         │ N/A            │
├────────────────┼──────────────────────────────┼─────────┼────────────────┤
│ clab-ml-17-rr2 │ linux                        │ running │ 192.168.17.102 │
│                │ quay.io/frrouting/frr:10.6.0 │         │ N/A            │
├────────────────┼──────────────────────────────┼─────────┼────────────────┤
│ clab-ml-17-x1  │ linux                        │ running │ 192.168.17.104 │
│                │ quay.io/frrouting/frr:10.6.0 │         │ N/A            │
╰────────────────┴──────────────────────────────┴─────────┴────────────────╯

Initial configuration skipped, run 'netlab initial' to configure the devices
