Using transformed lab topology from snapshot file netlab.snapshot.pickle
Checking virtualization provider installation
OK: clab installed and working correctly
Starting clab nodes
 [INFO] Setting containerlab runtime to docker
provider clab: executing flock -E 42 /tmp/netlab.lock containerlab deploy --reconfigure -t clab.yml
16:41:00 INFO Containerlab started version=0.79.0
16:41:00 INFO Parsing & checking topology file=clab.yml
16:41:00 INFO Removing directory path=/work/netlab_cicd/clab-ml-17
16:41:00 INFO Creating docker network name=nl_mgmt_17 IPv4 subnet=192.168.17.0/24 IPv6 subnet=fd00:df:1ab:17::/64 MTU=0
16:41:00 INFO Creating lab directory path=/work/netlab_cicd/clab-ml-17
16:41:00 INFO Creating container name=x3
16:41:00 INFO Creating container name=x1
16:41:00 INFO Creating container name=dut
16:41:00 INFO Creating container name=x2
16:41:01 INFO Created link: dut:eth2 ▪┄┄▪ x2:eth1
16:41:01 INFO Created link: dut:eth1 ▪┄┄▪ x1:eth1
16:41:01 INFO Created link: dut:eth3 ▪┄┄▪ x3:eth1
16:41:02 INFO Executed command node=x2 command="sleep 1" stdout=""
16:41:02 INFO Executed command node=x1 command="sleep 1" stdout=""
16:41:02 INFO Executed command node=dut command="sleep 1" stdout=""
16:41:02 INFO Executed command node=x3 command="sleep 1" stdout=""
16:41:02 INFO Adding host entries path=/etc/hosts
16:41:02 INFO Adding SSH config for nodes path=/etc/ssh/ssh_config.d/clab-ml-17.conf
[1m╭[0m[1m────────────────[0m[1m┬[0m[1m──────────────────────────────[0m[1m┬[0m[1m─────────[0m[1m┬[0m[1m───────────────────[0m[1m╮[0m
[1m│[0m[1m      Name      [0m[1m│[0m[1m          Kind/Image          [0m[1m│[0m[1m  State  [0m[1m│[0m[1m   IPv4/6 Address  [0m[1m│[0m
[1m├[0m[1m────────────────[0m[1m┼[0m[1m──────────────────────────────[0m[1m┼[0m[1m─────────[0m[1m┼[0m[1m───────────────────[0m[1m┤[0m
│ clab-ml-17-dut │ linux                        │ running │ 192.168.17.101    │
│                │ quay.io/frrouting/frr:10.7.1 │         │ fd00:df:1ab:17::2 │
├────────────────┼──────────────────────────────┼─────────┼───────────────────┤
│ clab-ml-17-x1  │ linux                        │ running │ 192.168.17.102    │
│                │ quay.io/frrouting/frr:10.7.1 │         │ fd00:df:1ab:17::4 │
├────────────────┼──────────────────────────────┼─────────┼───────────────────┤
│ clab-ml-17-x2  │ linux                        │ running │ 192.168.17.103    │
│                │ quay.io/frrouting/frr:10.7.1 │         │ fd00:df:1ab:17::3 │
├────────────────┼──────────────────────────────┼─────────┼───────────────────┤
│ clab-ml-17-x3  │ linux                        │ running │ 192.168.17.104    │
│                │ quay.io/frrouting/frr:10.7.1 │         │ fd00:df:1ab:17::5 │
╰────────────────┴──────────────────────────────┴─────────┴───────────────────╯

Initial configuration skipped, run 'netlab initial' to configure the devices
