Using transformed lab topology from snapshot file netlab.snapshot.pickle
Checking virtualization provider installation
OK: clab installed and working correctly
Starting clab nodes
provider clab: executing sudo -E containerlab deploy --reconfigure -t clab.yml
12:41:53 INFO Containerlab started version=0.74.2
12:41:53 INFO Parsing & checking topology file=clab.yml
12:41:53 INFO Removing directory path=/work/netlab_cicd/other_c/clab-ml-85
12:41:53 INFO Creating docker network name=nl_mgmt_85 IPv4 subnet=192.168.85.0/24 IPv6 subnet="" MTU=0
12:41:53 INFO Creating lab directory path=/work/netlab_cicd/other_c/clab-ml-85
12:41:53 INFO Creating container name=x1
12:41:53 INFO Creating container name=r1
12:41:53 INFO Creating container name=dut
12:41:53 INFO Creating container name=r2
12:41:53 INFO Creating container name=rr2
12:41:54 INFO Created link: dut:eth2 ▪┄┄▪ x1:eth1
12:41:54 INFO Created link: dut:eth1 ▪┄┄▪ r1:eth1
12:41:54 INFO Created link: r1:eth3 ▪┄┄▪ r2:eth1
12:41:54 INFO Created link: rr2:eth1 ▪┄┄▪ r1:eth2
12:41:55 INFO Executed command node=x1 command="sleep 1" stdout=""
12:41:55 INFO Executed command node=rr2 command="sleep 1" stdout=""
12:41:55 INFO Executed command node=r1 command="sleep 1" stdout=""
12:41:55 INFO Executed command node=dut command="sleep 1" stdout=""
12:41:55 INFO Executed command node=r2 command="sleep 1" stdout=""
12:41:55 INFO Adding host entries path=/etc/hosts
12:41:55 INFO Adding SSH config for nodes path=/etc/ssh/ssh_config.d/clab-ml-85.conf
12:41:55 INFO containerlab version
  🎉=
  │ A newer containerlab version (0.74.3) is available!
  │ Release notes: https://containerlab.dev/rn/0.74/#0743
  │ Run 'clab version upgrade' or see https://containerlab.dev/install/ for other installation options.
[1m╭[0m[1m────────────────[0m[1m┬[0m[1m──────────────────────────────[0m[1m┬[0m[1m─────────[0m[1m┬[0m[1m────────────────[0m[1m╮[0m
[1m│[0m[1m      Name      [0m[1m│[0m[1m          Kind/Image          [0m[1m│[0m[1m  State  [0m[1m│[0m[1m IPv4/6 Address [0m[1m│[0m
[1m├[0m[1m────────────────[0m[1m┼[0m[1m──────────────────────────────[0m[1m┼[0m[1m─────────[0m[1m┼[0m[1m────────────────[0m[1m┤[0m
│ clab-ml-85-dut │ linux                        │ running │ 192.168.85.101 │
│                │ quay.io/frrouting/frr:10.6.0 │         │ N/A            │
├────────────────┼──────────────────────────────┼─────────┼────────────────┤
│ clab-ml-85-r1  │ linux                        │ running │ 192.168.85.110 │
│                │ quay.io/frrouting/frr:10.6.0 │         │ N/A            │
├────────────────┼──────────────────────────────┼─────────┼────────────────┤
│ clab-ml-85-r2  │ linux                        │ running │ 192.168.85.103 │
│                │ quay.io/frrouting/frr:10.6.0 │         │ N/A            │
├────────────────┼──────────────────────────────┼─────────┼────────────────┤
│ clab-ml-85-rr2 │ linux                        │ running │ 192.168.85.102 │
│                │ quay.io/frrouting/frr:10.6.0 │         │ N/A            │
├────────────────┼──────────────────────────────┼─────────┼────────────────┤
│ clab-ml-85-x1  │ linux                        │ running │ 192.168.85.104 │
│                │ quay.io/frrouting/frr:10.6.0 │         │ N/A            │
╰────────────────┴──────────────────────────────┴─────────┴────────────────╯

Initial configuration skipped, run 'netlab initial' to configure the devices
