Fixup for arubacx: deleting nodes.s1.provider
Fixup for arubacx: modifying nodes,validate
[CONFIG]  s1: normalize,initial,vlan,vxlan,ospf
[CONFIG]  ros: initial,vlan,ospf,vrf,vxlan
[CONFIG]  h1: initial,routing,hosts
[CONFIG]  h2: initial,routing,hosts (shared)
Created provider configuration file: Vagrantfile
Creating configuration file for secondary provider clab
Created provider configuration file: clab-augment.yml
Created pickled transformed topology data into netlab.snapshot.pickle
Created group_vars for all
Created group_vars for modules
Created group_vars for eos
Created host_vars for s1
Created group_vars for arubacx
Created host_vars for ros
Created group_vars for linux
Created host_vars for h1, h2
Created minimized Ansible inventory hosts.yml
Created Ansible configuration file: ansible.cfg
