Using transformed lab topology from snapshot file netlab.snapshot.pickle
Checking virtualization provider installation
OK: clab installed and working correctly
Starting clab nodes
provider clab: executing sudo -E containerlab deploy --reconfigure -t clab.yml
07:05:46 INFO Containerlab started version=0.74.2
07:05:46 INFO Parsing & checking topology file=clab.yml
07:05:46 INFO Removing directory path=/work/netlab_cicd/cisco_c/clab-ml-84
07:05:46 INFO Creating docker network name=nl_mgmt_84 IPv4 subnet=192.168.84.0/24 IPv6 subnet="" MTU=0
07:05:47 INFO Creating lab directory path=/work/netlab_cicd/cisco_c/clab-ml-84
07:05:47 INFO Creating container name=r
07:05:48 INFO Running postdeploy actions for Cisco IOL 'r' node
07:05:48 INFO Adding host entries path=/etc/hosts
07:05:48 INFO Adding SSH config for nodes path=/etc/ssh/ssh_config.d/clab-ml-84.conf
07:05:48 INFO containerlab version
  🎉=
  │ A newer containerlab version (0.74.3) is available!
  │ Release notes: https://containerlab.dev/rn/0.74/#0743
  │ Run 'clab version upgrade' or see https://containerlab.dev/install/ for other installation options.
[1m╭[0m[1m──────────────[0m[1m┬[0m[1m──────────────────────────────[0m[1m┬[0m[1m─────────[0m[1m┬[0m[1m────────────────[0m[1m╮[0m
[1m│[0m[1m     Name     [0m[1m│[0m[1m          Kind/Image          [0m[1m│[0m[1m  State  [0m[1m│[0m[1m IPv4/6 Address [0m[1m│[0m
[1m├[0m[1m──────────────[0m[1m┼[0m[1m──────────────────────────────[0m[1m┼[0m[1m─────────[0m[1m┼[0m[1m────────────────[0m[1m┤[0m
│ clab-ml-84-r │ cisco_iol                    │ running │ 192.168.84.101 │
│              │ vrnetlab/cisco_iol:17.16.01a │         │ N/A            │
╰──────────────┴──────────────────────────────┴─────────┴────────────────╯

Initial configuration skipped, run 'netlab initial' to configure the devices
