Creating Device configuration snippets
[CREATED] dut: initial,vlan
[CREATED] h1: initial,routing
[CREATED] h2: initial,routing
[CREATED] h3: initial,routing
[CREATED] h4: initial,routing
[CREATED] h5: initial,routing
Checking Are lab devices ready to be configured?
 [INFO] Checking SSH server(s) on dut
[SSH]     SSH server on node dut (device iol) is ready after 27.3 seconds
Config Deploying device configurations
 [INFO] Executing initial configuration for node h1 (namespace clab-
          ml-84-h1)
 [INFO] Executing initial configuration for node h2 (namespace clab-
          ml-84-h2)
 [INFO] Executing initial configuration for node h3 (namespace clab-
          ml-84-h3)
 [INFO] Executing initial configuration for node h4 (namespace clab-
          ml-84-h4)
 [INFO] Executing initial configuration for node h5 (namespace clab-
          ml-84-h5)
 [INFO] Executing routing configuration for node h1 (namespace clab-
          ml-84-h1)
 [INFO] Executing routing configuration for node h3 (namespace clab-
          ml-84-h3)
 [INFO] Executing routing configuration for node h2 (namespace clab-
          ml-84-h2)
 [INFO] Executing routing configuration for node h4 (namespace clab-
          ml-84-h4)
 [INFO] Executing routing configuration for node h5 (namespace clab-
          ml-84-h5)
 [INFO] Starting Ansible playbook to deploy the rest of the
          configurations
[WARNING]: Found variable using reserved name: hosts

PLAY [Deploy initial device configuration] *************************************

TASK [Set variables that cannot be set with VARS] ******************************
ok: [dut]

TASK [Normalize config on bridge-like devices] *********************************
included: /home/pipi/netlab_gh/netsim/ansible/tasks/deploy-module.yml for dut

TASK [Figure out whether to deploy the module normalize on current device] *****
ok: [dut]

TASK [Find configuration template for normalize] *******************************
ok: [dut]

TASK [fail] ********************************************************************
skipping: [dut]

TASK [Find configuration deployment deploy_script for normalize] ***************
ok: [dut]

TASK [Print deployed configuration when running in verbose mode] ***************
skipping: [dut]

TASK [Deploy normalize configuration] ******************************************
skipping: [dut]

TASK [Deploy initial configuration] ********************************************
included: /home/pipi/netlab_gh/netsim/ansible/tasks/deploy-module.yml for dut

TASK [Figure out whether to deploy the module initial on current device] *******
ok: [dut]

TASK [Find configuration template for initial] *********************************
ok: [dut]

TASK [fail] ********************************************************************
skipping: [dut]

TASK [Find configuration deployment deploy_script for initial] *****************
ok: [dut]

TASK [Print deployed configuration when running in verbose mode] ***************
ok: [dut] => {
    "msg": "initial configuration for dut\n=========================================\nhostname dut\n!\nno ip domain lookup\nlogging buffered 256000\n\n!\nlldp run\n!\nip host h1 172.16.1.2\nip host h2 172.16.1.3\nip host h3 172.16.1.4\nip host h4 172.16.0.5\nip host h5 172.16.0.6\n!\nip routing\n!\nno ipv6 unicast-routing\n!\n!\nbridge irb\n!\nbridge 1 protocol vlan-bridge\nbridge 1 route ip\n!\nbridge 2 protocol vlan-bridge\nbridge 2 route ip\n!\n\n!\n!\n!\ninterface Ethernet0/0\n no lldp transmit\n no lldp receive\n!\ninterface Ethernet0/1\n description [Access VLAN br_default] dut -> h4\n no shutdown\n!\ninterface Ethernet0/2\n description [Access VLAN br_default] dut -> h5\n no shutdown\n!\ninterface Ethernet0/3\n description [Access VLAN br_vlan_100] dut -> h1\n no shutdown\n!\ninterface Ethernet1/0\n description [Access VLAN br_vlan_100] dut -> h2\n no shutdown\n!\ninterface Ethernet1/1\n description [Access VLAN br_vlan_100] dut -> h3\n no shutdown\n!\ninterface BDI1\n description VLAN br_default (1) -> [h4,h5] [stub]\n no shutdown\n!\ninterface BDI100\n description VLAN br_vlan_100 (100) -> [h1,h2,h3] [stub]\n no shutdown\n!\n!\nline vty 0 4\n exec-timeout 0 0 \n!\nno banner exec\nno banner login\nno banner incoming\n"
}

TASK [Deploy initial configuration] ********************************************
included: /home/pipi/netlab_gh/netsim/ansible/tasks/deploy-config/ios.yml for dut

TASK [ios_config: deploying initial from /work/netlab_cicd/cisco_c/node_files/dut/initial] ***
[WARNING]: To ensure idempotency and correct diff the input configuration lines
should be similar to how they appear if present in the running configuration on
device including the indentation
changed: [dut]

PLAY [Deploy module-specific configurations] ***********************************

TASK [Set variables that cannot be set with VARS] ******************************
ok: [dut]

TASK [Deploy individual configuration modules] *********************************
included: /home/pipi/netlab_gh/netsim/ansible/tasks/deploy-module.yml for dut => (item=vlan)
included: /home/pipi/netlab_gh/netsim/ansible/tasks/deploy-module.yml for dut => (item=routing)

TASK [Figure out whether to deploy the module vlan on current device] **********
ok: [dut]

TASK [Find configuration template for vlan] ************************************
ok: [dut]

TASK [fail] ********************************************************************
skipping: [dut]

TASK [Find configuration deployment deploy_script for vlan] ********************
ok: [dut]

TASK [Print deployed configuration when running in verbose mode] ***************
ok: [dut] => {
    "msg": "vlan configuration for dut\n=========================================\n!\nbridge-domain 1\n member Ethernet0/1 service-instance 1\n member Ethernet0/2 service-instance 1\n!\nbridge-domain 100\n member Ethernet0/3 service-instance 100\n member Ethernet1/0 service-instance 100\n member Ethernet1/1 service-instance 100\n!\ninterface Ethernet0/1\n service instance 1 ethernet\n  encapsulation untagged\n!\ninterface Ethernet0/2\n service instance 1 ethernet\n  encapsulation untagged\n!\ninterface Ethernet0/3\n service instance 100 ethernet\n  encapsulation untagged\n!\ninterface Ethernet1/0\n service instance 100 ethernet\n  encapsulation untagged\n!\ninterface Ethernet1/1\n service instance 100 ethernet\n  encapsulation untagged\n"
}

TASK [Deploy vlan configuration] ***********************************************
included: /home/pipi/netlab_gh/netsim/ansible/tasks/deploy-config/ios.yml for dut

TASK [ios_config: deploying vlan from /work/netlab_cicd/cisco_c/node_files/dut/vlan] ***
changed: [dut]

TASK [Figure out whether to deploy the module routing on current device] *******
ok: [dut]

TASK [Find configuration template for routing] *********************************
skipping: [dut]

TASK [fail] ********************************************************************
skipping: [dut]

TASK [Find configuration deployment deploy_script for routing] *****************
skipping: [dut]

TASK [Print deployed configuration when running in verbose mode] ***************
skipping: [dut]

TASK [Deploy routing configuration] ********************************************
skipping: [dut]

PLAY [Deploy custom deployment templates] **************************************
skipping: no hosts matched

PLAY RECAP *********************************************************************
dut                        : ok=22   changed=2    unreachable=0    failed=0    skipped=10   rescued=0    ignored=0   

Results of configuration script deployments
================================================================================
h1               Script:  initial,routing
h2               Script:  initial,routing
h3               Script:  initial,routing
h4               Script:  initial,routing
h5               Script:  initial,routing


This scenario tests the basic "bridge" functionality. As a "bridge" is nothing
more than a VLAN-capable node having all interfaces in VLAN 1, this test
effectively:

* Tests whether the device can take the role 'bridge'
* Whether the interfaces are all configured in the same VLAN
* Whether the device configuration template handles VLAN 1, or the device
  quirks take extra efforts to work around that

