Creating Device configuration snippets
[CREATED] dut: normalize,initial,routing,ospf,vrf,tunnel.gre
[CREATED] r2: initial,routing,ospf,vrf,tunnel.gre
[CREATED] r3: initial,routing,vrf
[CREATED] core: initial
Checking Are lab devices ready to be configured?
 [INFO] Checking SSH server(s) on dut
Config Normalizing device configurations
 [INFO] Executing normalize configuration for node dut
Config Deploying device configurations
 [INFO] Executing initial configuration for node dut
 [INFO] Executing initial configuration for node r2
 [INFO] Executing initial configuration for node r3
 [INFO] Executing initial configuration for node core
 [INFO] Executing routing configuration for node dut
 [INFO] Executing ospf configuration for node dut
 [INFO] Executing vrf configuration for node dut
 [INFO] Executing tunnel.gre configuration for node dut
 [INFO] Executing routing configuration for node r2
 [INFO] Executing ospf configuration for node r2
 [INFO] Executing routing configuration for node r3
 [INFO] Executing vrf configuration for node r2
 [INFO] Executing vrf configuration for node r3
 [INFO] Executing tunnel.gre configuration for node r2

Results of configuration script deployments
================================================================================
dut              Script:  normalize,initial,routing,ospf,vrf,tunnel.gre
r2               Script:  initial,routing,ospf,vrf,tunnel.gre
r3               Script:  initial,routing,vrf
core             Script:  initial


Test the GRE tunnels. The tested device has GRE tunnels over IPv4 and IPv6
and runs OSPFv2 and OSPFv3 over them. The probes should receive OSPF routes
advertised from the DUT and be able to ping its loopback.

