Using transformed lab topology from snapshot file netlab.snapshot.pickle
Checking virtualization provider installation
OK: clab installed and working correctly
Starting clab nodes
 [INFO] Setting containerlab runtime to docker
provider clab: executing flock -E 42 /tmp/netlab.lock containerlab deploy --reconfigure -t clab.yml
17:27:17 INFO Containerlab started version=0.75.0
17:27:17 INFO Parsing & checking topology file=clab.yml
17:27:17 INFO Removing directory path=/work/netlab_cicd/cisco/clab-ml-30
17:27:17 INFO Creating docker network name=nl_mgmt_30 IPv4 subnet=192.168.30.0/24 IPv6 subnet=fd00:df:1ab:30::/64 MTU=0
17:27:17 WARN Node name will not resolve via DNS name=clab-ml-30-dut_dns reason="name contains invalid characters such as '.' and/or '_'"
17:27:17 WARN Node name will not resolve via DNS name=clab-ml-30-dut_hosts reason="name contains invalid characters such as '.' and/or '_'"
17:27:17 INFO Creating lab directory path=/work/netlab_cicd/cisco/clab-ml-30
17:27:17 INFO Creating container name=dnssrv
17:27:17 INFO Creating container name=t1
17:27:17 INFO Creating container name=dut_hosts
17:27:17 INFO Creating container name=dut_dns
17:27:18 INFO Running postdeploy actions for Cisco IOL 'dut_dns' node
17:27:18 INFO Running postdeploy actions for Cisco IOL 'dut_hosts' node
17:27:18 INFO Created link: dut_dns:eth1 (Ethernet0/1) ▪┄┄▪ ml-30_1:bni30n1i1
17:27:18 INFO Created link: dut_hosts:eth1 (Ethernet0/1) ▪┄┄▪ ml-30_1:bni30n2i1
17:27:18 INFO Created link: dnssrv:eth1 ▪┄┄▪ ml-30_1:bni30n3i1
17:27:18 INFO Created link: t1:eth1 ▪┄┄▪ ml-30_1:bni30n4i1
17:27:18 INFO Adding host entries path=/etc/hosts
17:27:18 INFO Adding SSH config for nodes path=/etc/ssh/ssh_config.d/clab-ml-30.conf
17:27:18 INFO containerlab version
  🎉=
  │ A newer containerlab version (0.78.2) is available!
  │ Release notes: https://containerlab.dev/rn/0.78/#0782
  │ Run 'clab version upgrade' or see https://containerlab.dev/install/ for other installation options.
[1m╭[0m[1m──────────────────────[0m[1m┬[0m[1m────────────────────────────────[0m[1m┬[0m[1m─────────[0m[1m┬[0m[1m───────────────────[0m[1m╮[0m
[1m│[0m[1m         Name         [0m[1m│[0m[1m           Kind/Image           [0m[1m│[0m[1m  State  [0m[1m│[0m[1m   IPv4/6 Address  [0m[1m│[0m
[1m├[0m[1m──────────────────────[0m[1m┼[0m[1m────────────────────────────────[0m[1m┼[0m[1m─────────[0m[1m┼[0m[1m───────────────────[0m[1m┤[0m
│ clab-ml-30-dnssrv    │ linux                          │ running │ 192.168.30.103    │
│                      │ netlab/dnsmasq:latest          │         │ fd00:df:1ab:30::4 │
├──────────────────────┼────────────────────────────────┼─────────┼───────────────────┤
│ clab-ml-30-dut_dns   │ cisco_iol                      │ running │ 192.168.30.101    │
│                      │ vrnetlab/cisco_iol:L2-17.18.02 │         │ fd00:df:1ab:30::2 │
├──────────────────────┼────────────────────────────────┼─────────┼───────────────────┤
│ clab-ml-30-dut_hosts │ cisco_iol                      │ running │ 192.168.30.102    │
│                      │ vrnetlab/cisco_iol:L2-17.18.02 │         │ fd00:df:1ab:30::5 │
├──────────────────────┼────────────────────────────────┼─────────┼───────────────────┤
│ clab-ml-30-t1        │ linux                          │ running │ 192.168.30.104    │
│                      │ python:3.13-alpine             │         │ fd00:df:1ab:30::3 │
╰──────────────────────┴────────────────────────────────┴─────────┴───────────────────╯

Initial configuration skipped, run 'netlab initial' to configure the devices
