Creating Device configuration snippets
[CREATED] dut: normalize,initial,services,ospf
[CREATED] nms: initial,dhcp,services,routing
[CREATED] x1: initial,services,ospf
Checking Are lab devices ready to be configured?
 [INFO] Checking SSH server(s) on dut
[SSH]     SSH server on node dut (device ioll2) is ready after 7.4 seconds
Config Normalizing device configurations
netmiko:  [INFO] Sent normalize configuration to dut
Config Deploying device configurations
 [INFO] Executing initial configuration for node nms (namespace clab-
          ml-17-nms)
 [INFO] Executing initial configuration for node x1
 [INFO] Executing routing configuration for node nms (namespace clab-
          ml-17-nms)
 [INFO] Executing services configuration for node x1
 [INFO] Executing ospf configuration for node x1
netmiko:  [INFO] Sent initial configuration to dut
netmiko:  [INFO] Sent services configuration to dut
netmiko:  [INFO] Sent ospf configuration to dut

Results of configuration script deployments
================================================================================
dut              Script:  normalize,initial,services,ospf
nms              Script:  initial,routing
x1               Script:  initial,services,ospf


The test checks the syslog client configuration on DUT. An OSPFv2
session is established between X1 and DUT, and we expect DUT to log it
to the syslog server.

