Checking virtualization provider installation
OK: clab installed and working correctly
Stopping clab nodes
13:37:38 INFO Parsing & checking topology file=clab.yml
13:37:38 INFO Parsing & checking topology file=clab.yml
13:37:38 INFO Destroying lab name=ml-85
13:37:38 INFO Removed container name=clab-ml-85-h4
13:37:38 INFO Removed container name=clab-ml-85-h3
13:37:38 INFO Removed container name=clab-ml-85-h1
13:37:38 INFO Removed container name=clab-ml-85-h2
13:37:39 INFO Removed container name=clab-ml-85-h5
13:37:39 INFO Removed container name=clab-ml-85-dut
13:37:39 INFO Removing host entries path=/etc/hosts
13:37:39 INFO Removing SSH config path=/etc/ssh/ssh_config.d/clab-ml-85.conf
Cleanup configuration files
... removing clab.yml
... removing ansible.cfg
... removing hosts.yml
... removing directory tree group_vars
... removing directory tree host_vars
... removing directory tree node_files
... removing netlab.snapshot.pickle
