Creating Device configuration snippets
[CREATED] h1: initial,routing
[CREATED] h2: initial,routing
[CREATED] h3: initial,routing
[CREATED] h4: initial,routing
[CREATED] h5: initial,routing
[CREATED] h6: initial,routing
[CREATED] dut_s1: normalize,initial,vlan
[CREATED] s2: normalize,initial,vlan
Checking Are lab devices ready to be configured?
 [INFO] Checking SSH server(s) on s2
Config Normalizing device configurations
 [INFO] Executing normalize configuration for node s2
 [INFO] Starting Ansible playbook to normalize the rest of the
          configurations
[WARNING]: Found variable using reserved name: hosts

PLAY [Normalize device configurations] *****************************************

TASK [Set variables that cannot be set with VARS] ******************************
ok: [dut_s1]

TASK [Normalize config on bridge-like devices] *********************************
included: /home/pipi/netlab_gh/netsim/ansible/tasks/deploy-module.yml for dut_s1

TASK [Figure out whether to deploy the module normalize on current device] *****
ok: [dut_s1]

TASK [Find configuration template for normalize] *******************************
ok: [dut_s1]

TASK [fail] ********************************************************************
skipping: [dut_s1]

TASK [Find configuration deployment deploy_script for normalize] ***************
ok: [dut_s1]

TASK [Print deployed configuration when running in verbose mode] ***************
ok: [dut_s1] => {
    "msg": "normalize configuration for dut_s1\n=========================================\n!\ninterface ethernet1/1/1\n shutdown\n!\ninterface ethernet1/1/2\n shutdown\n!\ninterface ethernet1/1/3\n shutdown\n!\ninterface ethernet1/1/4\n shutdown\n"
}

TASK [Deploy normalize configuration] ******************************************
included: /home/pipi/netlab_gh/netsim/ansible/tasks/deploy-config/dellos10.yml for dut_s1

TASK [wait_for_connection] *****************************************************
skipping: [dut_s1]

TASK [dellos10_config: deploying normalize from /work/netlab_cicd/node_files/dut_s1/normalize, save to startup=yes] ***
changed: [dut_s1]

PLAY RECAP *********************************************************************
dut_s1                     : ok=8    changed=1    unreachable=0    failed=0    skipped=2    rescued=0    ignored=0   

Config Deploying device configurations
 [INFO] Executing initial configuration for node h1 (namespace clab-
          ml-17-h1)
 [INFO] Executing initial configuration for node h2 (namespace clab-
          ml-17-h2)
 [INFO] Executing initial configuration for node h3 (namespace clab-
          ml-17-h3)
 [INFO] Executing initial configuration for node h4 (namespace clab-
          ml-17-h4)
 [INFO] Executing initial configuration for node h5 (namespace clab-
          ml-17-h5)
 [INFO] Executing initial configuration for node h6 (namespace clab-
          ml-17-h6)
 [INFO] Executing initial configuration for node s2
 [INFO] Executing routing configuration for node h1 (namespace clab-
          ml-17-h1)
 [INFO] Executing routing configuration for node h5 (namespace clab-
          ml-17-h5)
 [INFO] Executing routing configuration for node h2 (namespace clab-
          ml-17-h2)
 [INFO] Executing routing configuration for node h6 (namespace clab-
          ml-17-h6)
 [INFO] Executing routing configuration for node h4 (namespace clab-
          ml-17-h4)
 [INFO] Executing routing configuration for node h3 (namespace clab-
          ml-17-h3)
 [INFO] Executing vlan configuration for node s2
 [INFO] Starting Ansible playbook to deploy the rest of the
          configurations
[WARNING]: Found variable using reserved name: hosts

PLAY [Deploy initial device configuration] *************************************

TASK [Set variables that cannot be set with VARS] ******************************
ok: [dut_s1]

TASK [Deploy initial configuration] ********************************************
included: /home/pipi/netlab_gh/netsim/ansible/tasks/deploy-module.yml for dut_s1

TASK [Figure out whether to deploy the module initial on current device] *******
ok: [dut_s1]

TASK [Find configuration template for initial] *********************************
ok: [dut_s1]

TASK [fail] ********************************************************************
skipping: [dut_s1]

TASK [Find configuration deployment deploy_script for initial] *****************
ok: [dut_s1]

TASK [Print deployed configuration when running in verbose mode] ***************
ok: [dut_s1] => {
    "msg": "initial configuration for dut_s1\n=========================================\nhostname dut-s1\n!\nlldp enable\n!\n!\nip host s2 10.0.0.8\n!\n!\ndefault mtu 1532\n!\ninterface mgmt1/1/1\n no lldp transmit\n no lldp receive\n!\ninterface loopback0\n no shutdown\n ip address 10.0.0.7/32\n no ipv6 enable\n!\ninterface ethernet1/1/1\n no shutdown\n no switchport\n description \"dut_s1 -> s2\"\n no ipv6 enable\n!\ninterface ethernet1/1/2\n no shutdown\n no switchport\n description \"[Access VLAN red] dut_s1 -> h1\"\n no ipv6 enable\n!\ninterface ethernet1/1/3\n no shutdown\n no switchport\n description \"[Access VLAN blue] dut_s1 -> h3\"\n no ipv6 enable\n!\ninterface ethernet1/1/4\n no shutdown\n no switchport\n description \"[Access VLAN untagged] dut_s1 -> h5\"\n no ipv6 enable\n!\ninterface vlan700\n no shutdown\n description \"VLAN red (700) -> [h1\\\\,h2\\\\,s2]\"\n no ipv6 enable\n!\ninterface vlan701\n no shutdown\n description \"VLAN blue (701) -> [h3\\\\,h4\\\\,s2]\"\n no ipv6 enable\n!\ninterface vlan1\n no shutdown\n description \"VLAN untagged (1) -> [h5\\\\,h6\\\\,s2]\"\n no ipv6 enable\n!\n"
}

TASK [Deploy initial configuration] ********************************************
included: /home/pipi/netlab_gh/netsim/ansible/tasks/deploy-config/dellos10.yml for dut_s1

TASK [wait_for_connection] *****************************************************
skipping: [dut_s1]

TASK [dellos10_config: deploying initial from /work/netlab_cicd/node_files/dut_s1/initial, save to startup=yes] ***
changed: [dut_s1]

PLAY [Deploy module-specific configurations] ***********************************

TASK [Set variables that cannot be set with VARS] ******************************
ok: [dut_s1]

TASK [Deploy individual configuration modules] *********************************
included: /home/pipi/netlab_gh/netsim/ansible/tasks/deploy-module.yml for dut_s1 => (item=vlan)
included: /home/pipi/netlab_gh/netsim/ansible/tasks/deploy-module.yml for dut_s1 => (item=routing)

TASK [Figure out whether to deploy the module vlan on current device] **********
ok: [dut_s1]

TASK [Find configuration template for vlan] ************************************
ok: [dut_s1]

TASK [fail] ********************************************************************
skipping: [dut_s1]

TASK [Find configuration deployment deploy_script for vlan] ********************
ok: [dut_s1]

TASK [Print deployed configuration when running in verbose mode] ***************
ok: [dut_s1] => {
    "msg": "vlan configuration for dut_s1\n=========================================\ninterface vlan 700\n description \"VLAN red\"\n exit\n!\ninterface vlan 701\n description \"VLAN blue\"\n exit\n!\ninterface vlan 1\n description \"VLAN untagged\"\n exit\n!\n\n!\ninterface ethernet1/1/1\n switchport mode trunk\n no switchport access vlan\n switchport trunk allowed vlan 700,701\n!\ninterface ethernet1/1/2\n switchport mode access\n switchport access vlan 700\n!\ninterface ethernet1/1/3\n switchport mode access\n switchport access vlan 701\n!\ninterface ethernet1/1/4\n switchport mode access\n switchport access vlan 1\n!\ninterface vlan700\n!\ninterface vlan701\n!\ninterface vlan1\n"
}

TASK [Deploy vlan configuration] ***********************************************
included: /home/pipi/netlab_gh/netsim/ansible/tasks/deploy-config/dellos10.yml for dut_s1

TASK [wait_for_connection] *****************************************************
skipping: [dut_s1]

TASK [dellos10_config: deploying vlan from /work/netlab_cicd/node_files/dut_s1/vlan, save to startup=yes] ***
changed: [dut_s1]

TASK [Figure out whether to deploy the module routing on current device] *******
ok: [dut_s1]

TASK [Find configuration template for routing] *********************************
skipping: [dut_s1]

TASK [fail] ********************************************************************
skipping: [dut_s1]

TASK [Find configuration deployment deploy_script for routing] *****************
skipping: [dut_s1]

TASK [Print deployed configuration when running in verbose mode] ***************
skipping: [dut_s1]

TASK [Deploy routing configuration] ********************************************
skipping: [dut_s1]

PLAY [Deploy custom deployment templates] **************************************
skipping: no hosts matched

PLAY RECAP *********************************************************************
dut_s1                     : ok=18   changed=2    unreachable=0    failed=0    skipped=9    rescued=0    ignored=0   

Results of configuration script deployments
================================================================================
h1               Script:  initial,routing
h2               Script:  initial,routing
h3               Script:  initial,routing
h4               Script:  initial,routing
h5               Script:  initial,routing
h6               Script:  initial,routing
s2               Script:  normalize,initial,vlan


The devices under test are simple bridges with a VLAN trunk between
them. Both VLANs are using the same IP prefix to identify potential
inter-VLAN leaking.

* h1 and h2 should be able to ping each other
* h3 and h4 should be able to ping each other
* h1 should not be able to reach h3
* h5 should not be able to reach h6 over its untagged native vlan

Please note it might take a while for the lab to work due to
STP learning phase

