Creating Device configuration snippets
[CREATED] h1: initial,routing
[CREATED] h2: initial,routing
[CREATED] dut_s1: normalize,initial,vlan
[CREATED] dut_s2: normalize,initial,vlan
[CREATED] r1: initial
Config Normalizing device configurations
[WARNING]: Found variable using reserved name: hosts

PLAY [Normalize device configurations] *****************************************

TASK [Set variables that cannot be set with VARS] ******************************
ok: [dut_s1]
ok: [dut_s2]

TASK [Normalize config on bridge-like devices] *********************************
included: /home/pipi/netlab_gh/netsim/ansible/tasks/deploy-module.yml for dut_s1, dut_s2

TASK [Figure out whether to deploy the module normalize on current device] *****
ok: [dut_s1]
ok: [dut_s2]

TASK [Find configuration template for normalize] *******************************
ok: [dut_s1]
ok: [dut_s2]

TASK [fail] ********************************************************************
skipping: [dut_s1]
skipping: [dut_s2]

TASK [Find configuration deployment deploy_script for normalize] ***************
ok: [dut_s1]
ok: [dut_s2]

TASK [Print deployed configuration when running in verbose mode] ***************
ok: [dut_s1] => {
    "msg": "normalize configuration for dut_s1\n=========================================\n!\ninterface ethernet1/1/1\n shutdown\n!\ninterface ethernet1/1/2\n shutdown\n!\ninterface ethernet1/1/3\n shutdown\n"
}
ok: [dut_s2] => {
    "msg": "normalize configuration for dut_s2\n=========================================\n!\ninterface ethernet1/1/1\n shutdown\n!\ninterface ethernet1/1/2\n shutdown\n!\ninterface ethernet1/1/3\n shutdown\n"
}

TASK [Deploy normalize configuration] ******************************************
included: /home/pipi/netlab_gh/netsim/ansible/tasks/deploy-config/dellos10.yml for dut_s1, dut_s2

TASK [wait_for_connection] *****************************************************
skipping: [dut_s1]
skipping: [dut_s2]

TASK [dellos10_config: deploying normalize from /work/netlab_cicd/node_files/dut_s1/normalize, save to startup=yes] ***
changed: [dut_s1]
changed: [dut_s2]

PLAY RECAP *********************************************************************
dut_s1                     : ok=8    changed=1    unreachable=0    failed=0    skipped=2    rescued=0    ignored=0   
dut_s2                     : ok=8    changed=1    unreachable=0    failed=0    skipped=2    rescued=0    ignored=0   

Config Deploying device configurations
 [INFO] Executing initial configuration for node h1 (namespace clab-
          ml-17-h1)
 [INFO] Executing initial configuration for node h2 (namespace clab-
          ml-17-h2)
 [INFO] Executing initial configuration for node r1
 [INFO] Executing routing configuration for node h1 (namespace clab-
          ml-17-h1)
 [INFO] Executing routing configuration for node h2 (namespace clab-
          ml-17-h2)
 [INFO] Starting Ansible playbook to deploy the rest of the
          configurations
[WARNING]: Found variable using reserved name: hosts

PLAY [Deploy initial device configuration] *************************************

TASK [Set variables that cannot be set with VARS] ******************************
ok: [dut_s1]
ok: [dut_s2]

TASK [Deploy initial configuration] ********************************************
included: /home/pipi/netlab_gh/netsim/ansible/tasks/deploy-module.yml for dut_s1, dut_s2

TASK [Figure out whether to deploy the module initial on current device] *******
ok: [dut_s1]
ok: [dut_s2]

TASK [Find configuration template for initial] *********************************
ok: [dut_s1]
ok: [dut_s2]

TASK [fail] ********************************************************************
skipping: [dut_s1]
skipping: [dut_s2]

TASK [Find configuration deployment deploy_script for initial] *****************
ok: [dut_s1]
ok: [dut_s2]

TASK [Print deployed configuration when running in verbose mode] ***************
ok: [dut_s1] => {
    "msg": "initial configuration for dut_s1\n=========================================\nhostname dut-s1\n!\nlldp enable\n!\n!\nip host duts2 10.0.0.4\nip host r1 10.0.0.5\n!\n!\ndefault mtu 1532\n!\ninterface mgmt1/1/1\n no lldp transmit\n no lldp receive\n!\ninterface loopback0\n no shutdown\n ip address 10.0.0.3/32\n no ipv6 enable\n!\ninterface ethernet1/1/1\n no shutdown\n no switchport\n description \"dut_s1 -> dut_s2\"\n no ipv6 enable\n!\ninterface ethernet1/1/2\n no shutdown\n no switchport\n description \"[Access VLAN red] dut_s1 -> h1\"\n no ipv6 enable\n!\ninterface ethernet1/1/3\n no shutdown\n no switchport\n description \"[Access VLAN blue] dut_s1 -> h2\"\n no ipv6 enable\n!\ninterface vlan700\n no shutdown\n description \"VLAN red (700) -> [h1\\\\,r1\\\\,dut_s2]\"\n no ipv6 enable\n!\ninterface vlan701\n no shutdown\n description \"VLAN blue (701) -> [h2\\\\,r1\\\\,dut_s2]\"\n no ipv6 enable\n!\n"
}
ok: [dut_s2] => {
    "msg": "initial configuration for dut_s2\n=========================================\nhostname dut-s2\n!\nlldp enable\n!\n!\nip host duts1 10.0.0.3\nip host r1 10.0.0.5\n!\n!\ndefault mtu 1532\n!\ninterface mgmt1/1/1\n no lldp transmit\n no lldp receive\n!\ninterface loopback0\n no shutdown\n ip address 10.0.0.4/32\n no ipv6 enable\n!\ninterface ethernet1/1/1\n no shutdown\n no switchport\n description \"dut_s2 -> dut_s1\"\n no ipv6 enable\n!\ninterface ethernet1/1/2\n no shutdown\n no switchport\n description \"[Access VLAN red] dut_s2 -> r1\"\n no ipv6 enable\n!\ninterface ethernet1/1/3\n no shutdown\n no switchport\n description \"[Access VLAN blue] dut_s2 -> r1\"\n no ipv6 enable\n!\ninterface vlan700\n no shutdown\n description \"VLAN red (700) -> [h1\\\\,dut_s1\\\\,r1]\"\n no ipv6 enable\n!\ninterface vlan701\n no shutdown\n description \"VLAN blue (701) -> [h2\\\\,dut_s1\\\\,r1]\"\n no ipv6 enable\n!\n"
}

TASK [Deploy initial configuration] ********************************************
included: /home/pipi/netlab_gh/netsim/ansible/tasks/deploy-config/dellos10.yml for dut_s1, dut_s2

TASK [wait_for_connection] *****************************************************
skipping: [dut_s1]
skipping: [dut_s2]

TASK [dellos10_config: deploying initial from /work/netlab_cicd/node_files/dut_s1/initial, save to startup=yes] ***
changed: [dut_s2]
changed: [dut_s1]

PLAY [Deploy module-specific configurations] ***********************************

TASK [Set variables that cannot be set with VARS] ******************************
ok: [dut_s1]
ok: [dut_s2]

TASK [Deploy individual configuration modules] *********************************
included: /home/pipi/netlab_gh/netsim/ansible/tasks/deploy-module.yml for dut_s1, dut_s2 => (item=vlan)
included: /home/pipi/netlab_gh/netsim/ansible/tasks/deploy-module.yml for dut_s1, dut_s2 => (item=routing)

TASK [Figure out whether to deploy the module vlan on current device] **********
ok: [dut_s1]
ok: [dut_s2]

TASK [Find configuration template for vlan] ************************************
ok: [dut_s1]
ok: [dut_s2]

TASK [fail] ********************************************************************
skipping: [dut_s1]
skipping: [dut_s2]

TASK [Find configuration deployment deploy_script for vlan] ********************
ok: [dut_s1]
ok: [dut_s2]

TASK [Print deployed configuration when running in verbose mode] ***************
ok: [dut_s1] => {
    "msg": "vlan configuration for dut_s1\n=========================================\ninterface vlan 700\n description \"VLAN red\"\n exit\n!\ninterface vlan 701\n description \"VLAN blue\"\n exit\n!\n\n!\ninterface ethernet1/1/1\n switchport mode trunk\n no switchport access vlan\n switchport trunk allowed vlan 700,701\n!\ninterface ethernet1/1/2\n switchport mode access\n switchport access vlan 700\n!\ninterface ethernet1/1/3\n switchport mode access\n switchport access vlan 701\n!\ninterface vlan700\n!\ninterface vlan701\n"
}
ok: [dut_s2] => {
    "msg": "vlan configuration for dut_s2\n=========================================\ninterface vlan 700\n description \"VLAN red\"\n exit\n!\ninterface vlan 701\n description \"VLAN blue\"\n exit\n!\n\n!\ninterface ethernet1/1/1\n switchport mode trunk\n no switchport access vlan\n switchport trunk allowed vlan 700,701\n!\ninterface ethernet1/1/2\n switchport mode access\n switchport access vlan 700\n!\ninterface ethernet1/1/3\n switchport mode access\n switchport access vlan 701\n!\ninterface vlan700\n!\ninterface vlan701\n"
}

TASK [Deploy vlan configuration] ***********************************************
included: /home/pipi/netlab_gh/netsim/ansible/tasks/deploy-config/dellos10.yml for dut_s1, dut_s2

TASK [wait_for_connection] *****************************************************
skipping: [dut_s1]
skipping: [dut_s2]

TASK [dellos10_config: deploying vlan from /work/netlab_cicd/node_files/dut_s1/vlan, save to startup=yes] ***
changed: [dut_s2]
changed: [dut_s1]

TASK [Figure out whether to deploy the module routing on current device] *******
ok: [dut_s1]
ok: [dut_s2]

TASK [Find configuration template for routing] *********************************
skipping: [dut_s1]
skipping: [dut_s2]

TASK [fail] ********************************************************************
skipping: [dut_s1]
skipping: [dut_s2]

TASK [Find configuration deployment deploy_script for routing] *****************
skipping: [dut_s1]
skipping: [dut_s2]

TASK [Print deployed configuration when running in verbose mode] ***************
skipping: [dut_s1]
skipping: [dut_s2]

TASK [Deploy routing configuration] ********************************************
skipping: [dut_s1]
skipping: [dut_s2]

PLAY [Deploy custom deployment templates] **************************************
skipping: no hosts matched

PLAY RECAP *********************************************************************
dut_s1                     : ok=18   changed=2    unreachable=0    failed=0    skipped=9    rescued=0    ignored=0   
dut_s2                     : ok=18   changed=2    unreachable=0    failed=0    skipped=9    rescued=0    ignored=0   

Results of configuration script deployments
================================================================================
h1               Script:  initial,routing
h2               Script:  initial,routing
r1               Script:  initial


The devices under test are simple bridges with a VLAN trunk between them.
An external router with two interfaces (one per VLAN) is attached to one of them.

* h1 and h2 should be able to ping each other

Please note it might take a while for the lab to work due to
STP learning phase

