Using transformed lab topology from snapshot file netlab.snapshot.pickle
Checking virtualization provider installation
OK: clab installed and working correctly
Starting clab nodes
 [INFO] Setting containerlab runtime to docker
Loading Linux kernel modules mpls-router,mpls-iptunnel required by containers using mpls module
provider clab: executing flock -E 42 /tmp/netlab.lock containerlab deploy --reconfigure -t clab.yml
14:46:29 INFO Containerlab started version=0.79.0
14:46:29 INFO Parsing & checking topology file=clab.yml
14:46:29 INFO Removing directory path=/work/netlab_cicd/clab-ml-17
14:46:29 INFO Creating docker network name=nl_mgmt_17 IPv4 subnet=192.168.17.0/24 IPv6 subnet=fd00:df:1ab:17::/64 MTU=0
14:46:29 INFO Creating lab directory path=/work/netlab_cicd/clab-ml-17
14:46:29 INFO Creating container name=h1
14:46:29 INFO Creating container name=core
14:46:29 INFO Creating container name=h2
14:46:29 INFO Creating container name=dut
14:46:30 INFO Creating container name=pe2
14:46:30 INFO Running postdeploy actions for Cisco XRd 'dut' node
14:46:31 INFO Created link: dut:Gi0-0-0-0 ▪┄┄▪ core:eth1
14:46:31 INFO Created link: h1:eth1 ▪┄┄▪ dut:Gi0-0-0-1
14:46:31 INFO Created link: pe2:et1 ▪┄┄▪ core:eth2
14:46:31 INFO Created link: h2:eth1 ▪┄┄▪ pe2:et2
14:46:31 INFO Running postdeploy actions for Arista cEOS 'pe2' node
14:46:55 INFO Executed command node=core command="sleep 1" stdout=""
14:46:55 INFO Adding host entries path=/etc/hosts
14:46:55 INFO Adding SSH config for nodes path=/etc/ssh/ssh_config.d/clab-ml-17.conf
[1m╭[0m[1m─────────────────[0m[1m┬[0m[1m─────────────────────────────────[0m[1m┬[0m[1m─────────[0m[1m┬[0m[1m───────────────────[0m[1m╮[0m
[1m│[0m[1m       Name      [0m[1m│[0m[1m            Kind/Image           [0m[1m│[0m[1m  State  [0m[1m│[0m[1m   IPv4/6 Address  [0m[1m│[0m
[1m├[0m[1m─────────────────[0m[1m┼[0m[1m─────────────────────────────────[0m[1m┼[0m[1m─────────[0m[1m┼[0m[1m───────────────────[0m[1m┤[0m
│ clab-ml-17-core │ linux                           │ running │ 192.168.17.105    │
│                 │ quay.io/frrouting/frr:10.7.1    │         │ fd00:df:1ab:17::4 │
├─────────────────┼─────────────────────────────────┼─────────┼───────────────────┤
│ clab-ml-17-dut  │ cisco_xrd                       │ running │ 192.168.17.103    │
│                 │ ios-xr/xrd-control-plane:26.1.1 │         │ fd00:df:1ab:17::3 │
├─────────────────┼─────────────────────────────────┼─────────┼───────────────────┤
│ clab-ml-17-h1   │ linux                           │ running │ 192.168.17.101    │
│                 │ python:3.13-alpine              │         │ fd00:df:1ab:17::5 │
├─────────────────┼─────────────────────────────────┼─────────┼───────────────────┤
│ clab-ml-17-h2   │ linux                           │ running │ 192.168.17.102    │
│                 │ python:3.13-alpine              │         │ fd00:df:1ab:17::2 │
├─────────────────┼─────────────────────────────────┼─────────┼───────────────────┤
│ clab-ml-17-pe2  │ ceos                            │ running │ 192.168.17.104    │
│                 │ ceos:4.35.2F                    │         │ fd00:df:1ab:17::6 │
╰─────────────────┴─────────────────────────────────┴─────────┴───────────────────╯

Initial configuration skipped, run 'netlab initial' to configure the devices
