Creating Device configuration snippets
[CREATED] dut: initial,routing,bgp,vrf,bgp.session
[CREATED] x1: initial,bgp
[CREATED] x2: initial,bgp
[CREATED] r1: initial,bgp
[CREATED] r2: initial,bgp
Config Deploying device configurations
 [INFO] Executing initial configuration for node dut (namespace clab-
          ml-17-dut)
 [INFO] Executing initial configuration for node x1
 [INFO] Executing initial configuration for node x2
 [INFO] Executing initial configuration for node r1
 [INFO] Executing initial configuration for node r2
 [INFO] Executing vrf configuration for node dut
 [INFO] Executing bgp configuration for node r1
 [INFO] Executing bgp configuration for node x1
 [INFO] Executing bgp configuration for node r2
 [INFO] Executing bgp configuration for node x2

Results of configuration script deployments
================================================================================
dut              Script:  initial,vrf
x1               Script:  initial,bgp
x2               Script:  initial,bgp
r1               Script:  initial,bgp
r2               Script:  initial,bgp


This lab tests the BGP default route origination. The DUT should advertise a default route to X1.
