Using transformed lab topology from snapshot file netlab.snapshot.pickle
Checking virtualization provider installation
OK: clab installed and working correctly
clab:  [INFO] We'll try to download Docker image
          quay.io/frrouting/frr:10.4.1 used by x1
Starting clab nodes
provider clab: executing flock -E 42 /tmp/netlab.lock sudo -E containerlab deploy --reconfigure -t clab.yml
07:47:31 INFO Containerlab started version=0.75.0
07:47:31 INFO Parsing & checking topology file=clab.yml
07:47:31 INFO Removing directory path=/work/netlab_cicd/clab-ml-17
07:47:31 INFO Creating docker network name=nl_mgmt_17 IPv4 subnet=192.168.17.0/24 IPv6 subnet="" MTU=0
07:47:31 INFO Pulling image image=quay.io/frrouting/frr:10.4.1
10.4.1: Pulling from frrouting/frr
01d036902a3c: Pulling fs layer
a33d76483a56: Pulling fs layer
b688c57d6b2f: Pulling fs layer
93f681c7368f: Pulling fs layer
4f4fb700ef54: Pulling fs layer
27244126d181: Pulling fs layer
35f1cac9d0ee: Pulling fs layer
4f4fb700ef54: Waiting
27244126d181: Waiting
35f1cac9d0ee: Waiting
93f681c7368f: Waiting
a33d76483a56: Verifying Checksum
a33d76483a56: Download complete
01d036902a3c: Verifying Checksum
01d036902a3c: Download complete
01d036902a3c: Pull complete
a33d76483a56: Pull complete
4f4fb700ef54: Verifying Checksum
4f4fb700ef54: Download complete
27244126d181: Download complete
35f1cac9d0ee: Verifying Checksum
35f1cac9d0ee: Download complete
b688c57d6b2f: Verifying Checksum
b688c57d6b2f: Download complete
b688c57d6b2f: Pull complete
93f681c7368f: Verifying Checksum
93f681c7368f: Download complete
93f681c7368f: Pull complete
4f4fb700ef54: Pull complete
27244126d181: Pull complete
35f1cac9d0ee: Pull complete
Digest: sha256:97a281a1473cae1f762ceab87cbcc53a2e102053877421e8b4606422aae45442
Status: Downloaded newer image for quay.io/frrouting/frr:10.4.1
07:47:42 INFO Done pulling image image=quay.io/frrouting/frr:10.4.1
07:47:42 INFO Creating lab directory path=/work/netlab_cicd/clab-ml-17
07:47:42 INFO Creating container name=x1
07:47:42 INFO Creating container name=dut
07:47:42 INFO Created link: dut:eth1 ▪┄┄▪ x1:eth1
07:47:43 INFO Executed command node=x1 command="sleep 1" stdout=""
07:47:43 INFO Adding host entries path=/etc/hosts
07:47:43 INFO Adding SSH config for nodes path=/etc/ssh/ssh_config.d/clab-ml-17.conf
07:47:44 INFO containerlab version
  🎉=
  │ A newer containerlab version (0.76.0) is available!
  │ Release notes: https://containerlab.dev/rn/0.76/
  │ Run 'clab version upgrade' or see https://containerlab.dev/install/ for other installation options.
[1m╭[0m[1m────────────────[0m[1m┬[0m[1m──────────────────────────────[0m[1m┬[0m[1m─────────[0m[1m┬[0m[1m────────────────[0m[1m╮[0m
[1m│[0m[1m      Name      [0m[1m│[0m[1m          Kind/Image          [0m[1m│[0m[1m  State  [0m[1m│[0m[1m IPv4/6 Address [0m[1m│[0m
[1m├[0m[1m────────────────[0m[1m┼[0m[1m──────────────────────────────[0m[1m┼[0m[1m─────────[0m[1m┼[0m[1m────────────────[0m[1m┤[0m
│ clab-ml-17-dut │ linux                        │ running │ 192.168.17.101 │
│                │ netlab/bird:2.19.1           │         │ N/A            │
├────────────────┼──────────────────────────────┼─────────┼────────────────┤
│ clab-ml-17-x1  │ linux                        │ running │ 192.168.17.102 │
│                │ quay.io/frrouting/frr:10.4.1 │         │ N/A            │
╰────────────────┴──────────────────────────────┴─────────┴────────────────╯

Initial configuration skipped, run 'netlab initial' to configure the devices
