Using transformed lab topology from snapshot file netlab.snapshot.pickle
Checking virtualization provider installation
OK: clab installed and working correctly
Starting clab nodes
provider clab: executing sudo -E containerlab deploy --reconfigure -t clab.yml
10:55:43 INFO Containerlab started version=0.74.2
10:55:43 INFO Parsing & checking topology file=clab.yml
10:55:43 INFO Removing directory path=/work/netlab_cicd/clab-ml-17
10:55:43 INFO Creating docker network name=nl_mgmt_17 IPv4 subnet=192.168.17.0/24 IPv6 subnet="" MTU=0
10:55:43 INFO Creating lab directory path=/work/netlab_cicd/clab-ml-17
10:55:43 INFO Creating container name=dut
10:55:44 INFO Creating container name=x1
10:55:44 INFO Created link: dut:eth1 ▪┄┄▪ x1:et1
10:55:44 INFO Running postdeploy actions for Arista cEOS 'x1' node
10:56:13 INFO Adding host entries path=/etc/hosts
10:56:13 INFO Adding SSH config for nodes path=/etc/ssh/ssh_config.d/clab-ml-17.conf
10:56:14 INFO containerlab version
  🎉=
  │ A newer containerlab version (0.74.3) is available!
  │ Release notes: https://containerlab.dev/rn/0.74/#0743
  │ Run 'clab version upgrade' or see https://containerlab.dev/install/ for other installation options.
[1m╭[0m[1m────────────────[0m[1m┬[0m[1m───────────────────────[0m[1m┬[0m[1m─────────[0m[1m┬[0m[1m────────────────[0m[1m╮[0m
[1m│[0m[1m      Name      [0m[1m│[0m[1m       Kind/Image      [0m[1m│[0m[1m  State  [0m[1m│[0m[1m IPv4/6 Address [0m[1m│[0m
[1m├[0m[1m────────────────[0m[1m┼[0m[1m───────────────────────[0m[1m┼[0m[1m─────────[0m[1m┼[0m[1m────────────────[0m[1m┤[0m
│ clab-ml-17-dut │ linux                 │ running │ 192.168.17.101 │
│                │ netlab/bird.v3:latest │         │ N/A            │
├────────────────┼───────────────────────┼─────────┼────────────────┤
│ clab-ml-17-x1  │ ceos                  │ running │ 192.168.17.102 │
│                │ ceos:4.35.2F          │         │ N/A            │
╰────────────────┴───────────────────────┴─────────┴────────────────╯

Initial configuration skipped, run 'netlab initial' to configure the devices
