Using transformed lab topology from snapshot file netlab.snapshot.pickle
Checking virtualization provider installation
OK: clab installed and working correctly
Starting clab nodes
provider clab: executing sudo -E containerlab deploy --reconfigure -t clab.yml
12:49:02 INFO Containerlab started version=0.74.2
12:49:02 INFO Parsing & checking topology file=clab.yml
12:49:02 INFO Removing directory path=/work/netlab_cicd/xr/clab-ml-82
12:49:02 INFO Creating docker network name=nl_mgmt_82 IPv4 subnet=192.168.82.0/24 IPv6 subnet="" MTU=0
12:49:03 INFO Creating lab directory path=/work/netlab_cicd/xr/clab-ml-82
12:49:03 INFO Creating container name=h2
12:49:03 INFO Creating container name=h3
12:49:03 INFO Creating container name=h4
12:49:03 INFO Creating container name=h1
12:49:03 INFO Creating container name=dut
12:49:04 INFO Created link: dut:FH0_0_0_1 ▪┄┄▪ h2:eth1
12:49:04 INFO Created link: dut:FH0_0_0_0 ▪┄┄▪ h1:eth1
12:49:04 INFO Created link: dut:FH0_0_0_2 ▪┄┄▪ h3:eth1
12:49:04 INFO Created link: dut:FH0_0_0_3 ▪┄┄▪ h4:eth1
12:49:04 INFO Adding host entries path=/etc/hosts
12:49:04 INFO Adding SSH config for nodes path=/etc/ssh/ssh_config.d/clab-ml-82.conf
12:49:04 INFO containerlab version
  🎉=
  │ A newer containerlab version (0.74.3) is available!
  │ Release notes: https://containerlab.dev/rn/0.74/#0743
  │ Run 'clab version upgrade' or see https://containerlab.dev/install/ for other installation options.
[1m╭[0m[1m────────────────[0m[1m┬[0m[1m──────────────────────────────[0m[1m┬[0m[1m─────────[0m[1m┬[0m[1m────────────────[0m[1m╮[0m
[1m│[0m[1m      Name      [0m[1m│[0m[1m          Kind/Image          [0m[1m│[0m[1m  State  [0m[1m│[0m[1m IPv4/6 Address [0m[1m│[0m
[1m├[0m[1m────────────────[0m[1m┼[0m[1m──────────────────────────────[0m[1m┼[0m[1m─────────[0m[1m┼[0m[1m────────────────[0m[1m┤[0m
│ clab-ml-82-dut │ cisco_c8000                  │ running │ 192.168.82.101 │
│                │ cisco/cisco-8201-32fh:24.4.1 │         │ N/A            │
├────────────────┼──────────────────────────────┼─────────┼────────────────┤
│ clab-ml-82-h1  │ linux                        │ running │ 192.168.82.102 │
│                │ python:3.13-alpine           │         │ N/A            │
├────────────────┼──────────────────────────────┼─────────┼────────────────┤
│ clab-ml-82-h2  │ linux                        │ running │ 192.168.82.103 │
│                │ python:3.13-alpine           │         │ N/A            │
├────────────────┼──────────────────────────────┼─────────┼────────────────┤
│ clab-ml-82-h3  │ linux                        │ running │ 192.168.82.104 │
│                │ python:3.13-alpine           │         │ N/A            │
├────────────────┼──────────────────────────────┼─────────┼────────────────┤
│ clab-ml-82-h4  │ linux                        │ running │ 192.168.82.105 │
│                │ python:3.13-alpine           │         │ N/A            │
╰────────────────┴──────────────────────────────┴─────────┴────────────────╯

Initial configuration skipped, run 'netlab initial' to configure the devices
