Using transformed lab topology from snapshot file netlab.snapshot.pickle
Checking virtualization provider installation
OK: libvirt installed and working correctly
OK: clab installed and working correctly
Starting libvirt nodes
creating libvirt management network nl_mgmt_85
provider libvirt: executing vagrant up --provider libvirt
Bringing machine 'dut' up with 'libvirt' provider...
Bringing machine 'xs' up with 'libvirt' provider...
==> dut: Checking if box 'aruba/cx' version '10.15' is up to date...
[fog][WARNING] Unrecognized arguments: libvirt_ip_command
==> dut: Creating image (snapshot of base box volume).
==> dut: Creating domain with the following settings...
==> dut:  -- Name:              ml-85_dut
==> dut:  -- Description:       Source: /work/netlab_cicd/other_vm/Vagrantfile
==> dut:  -- Domain type:       kvm
==> dut:  -- Cpus:              2
==> dut:  -- Feature:           acpi
==> dut:  -- Feature:           apic
==> dut:  -- Feature:           pae
==> dut:  -- Clock offset:      utc
==> dut:  -- Memory:            4096M
==> dut:  -- Management MAC:    ca:fe:00:05:00:00
==> dut:  -- Base box:          aruba/cx
==> dut:  -- Storage pool:      default
==> dut:  -- Image(vda):        /var/lib/libvirt/images/ml-85_dut.img, virtio, 11G
==> dut:  -- Disk driver opts:  cache='default'
==> dut:  -- Graphics Type:     vnc
==> dut:  -- Video Type:        cirrus
==> dut:  -- Video VRAM:        16384
==> dut:  -- Video 3D accel:    false
==> dut:  -- Keymap:            en-us
==> dut:  -- TPM Backend:       passthrough
==> dut:  -- INPUT:             type=mouse, bus=ps2
==> xs: Checking if box 'netlab/frr' version '10.5.1' is up to date...
==> dut: Creating shared folders metadata...
==> dut: Starting domain.
==> dut: Domain launching with graphics connection settings...
==> dut:  -- Graphics Port:      5900
==> dut:  -- Graphics IP:        127.0.0.1
==> dut:  -- Graphics Password:  Not defined
==> dut:  -- Graphics Websocket: 5700
==> dut: Waiting for domain to get an IP address...
[fog][WARNING] Unrecognized arguments: libvirt_ip_command
==> xs: Creating image (snapshot of base box volume).
==> xs: Creating domain with the following settings...
==> xs:  -- Name:              ml-85_xs
==> xs:  -- Description:       Source: /work/netlab_cicd/other_vm/Vagrantfile
==> xs:  -- Domain type:       kvm
==> xs:  -- Cpus:              1
==> xs:  -- Feature:           acpi
==> xs:  -- Feature:           apic
==> xs:  -- Feature:           pae
==> xs:  -- Clock offset:      utc
==> xs:  -- Memory:            1024M
==> xs:  -- Management MAC:    ca:fe:00:06:00:00
==> xs:  -- Base box:          netlab/frr
==> xs:  -- Storage pool:      default
==> xs:  -- Image(vda):        /var/lib/libvirt/images/ml-85_xs.img, virtio, 3G
==> xs:  -- Disk driver opts:  cache='default'
==> xs:  -- Graphics Type:     vnc
==> xs:  -- Video Type:        cirrus
==> xs:  -- Video VRAM:        16384
==> xs:  -- Video 3D accel:    false
==> xs:  -- Keymap:            en-us
==> xs:  -- TPM Backend:       passthrough
==> xs:  -- INPUT:             type=mouse, bus=ps2
==> xs: Creating shared folders metadata...
==> xs: Starting domain.
==> xs: Domain launching with graphics connection settings...
==> xs:  -- Graphics Port:      5901
==> xs:  -- Graphics IP:        127.0.0.1
==> xs:  -- Graphics Password:  Not defined
==> xs:  -- Graphics Websocket: 5701
==> xs: Waiting for domain to get an IP address...
==> xs: Waiting for machine to boot. This may take a few minutes...
    xs: SSH address: 192.168.85.106:22
    xs: SSH username: vagrant
    xs: SSH auth method: private key
    xs: Warning: Connection refused. Retrying...
    xs: 
    xs: Vagrant insecure key detected. Vagrant will automatically replace
    xs: this with a newly generated keypair for better security.
    xs: 
    xs: Inserting generated public key within guest...
    xs: Removing insecure key from the guest if it's present...
    xs: Key inserted! Disconnecting and reconnecting using new SSH key...
==> xs: Machine booted and ready!
==> xs: Running provisioner: shell...
    xs: Running: inline script
    xs: Setting password for user Vagrant
    xs: Enabling SSH password authentication
    xs: /usr/lib/frr/frrinit.sh
    xs: FRR already installed, skipping installation
==> dut: Waiting for machine to boot. This may take a few minutes...
    dut: SSH address: 192.168.85.105:22
    dut: SSH username: netlab
    dut: SSH auth method: private key
==> dut: Machine booted and ready!
Starting clab nodes
Recreating clab-augment.yml configuration file for clab provider
Created provider configuration file: clab-augment.yml
provider clab: executing sudo -E containerlab deploy --reconfigure -t clab-augment.yml
19:30:44 INFO Containerlab started version=0.74.2
19:30:44 INFO Parsing & checking topology file=clab-augment.yml
19:30:44 INFO Removing directory path=/work/netlab_cicd/other_vm/clab-ml-85
19:30:44 INFO Creating docker network name=nl_mgmt_85 IPv4 subnet=192.168.85.0/24 IPv6 subnet="" MTU=0
19:30:44 INFO Creating lab directory path=/work/netlab_cicd/other_vm/clab-ml-85
19:30:45 INFO Creating container name=h1
19:30:45 INFO Creating container name=h3
19:30:45 INFO Creating container name=h2
19:30:45 INFO Creating container name=h4
19:30:45 INFO Created link: h1:eth1 ▪┄┄▪ virbr2:bni85n1i1
19:30:45 INFO Created link: h4:eth1 ▪┄┄▪ virbr5:bni85n4i1
19:30:45 INFO Created link: h3:eth1 ▪┄┄▪ virbr3:bni85n3i1
19:30:45 INFO Created link: h2:eth1 ▪┄┄▪ virbr4:bni85n2i1
19:30:45 INFO Adding host entries path=/etc/hosts
19:30:45 INFO Adding SSH config for nodes path=/etc/ssh/ssh_config.d/clab-ml-85.conf
19:30:46 INFO containerlab version
  🎉=
  │ A newer containerlab version (0.74.3) is available!
  │ Release notes: https://containerlab.dev/rn/0.74/#0743
  │ Run 'clab version upgrade' or see https://containerlab.dev/install/ for other installation options.
[1m╭[0m[1m───────────────[0m[1m┬[0m[1m────────────────────[0m[1m┬[0m[1m─────────[0m[1m┬[0m[1m────────────────[0m[1m╮[0m
[1m│[0m[1m      Name     [0m[1m│[0m[1m     Kind/Image     [0m[1m│[0m[1m  State  [0m[1m│[0m[1m IPv4/6 Address [0m[1m│[0m
[1m├[0m[1m───────────────[0m[1m┼[0m[1m────────────────────[0m[1m┼[0m[1m─────────[0m[1m┼[0m[1m────────────────[0m[1m┤[0m
│ clab-ml-85-h1 │ linux              │ running │ 192.168.85.101 │
│               │ python:3.13-alpine │         │ N/A            │
├───────────────┼────────────────────┼─────────┼────────────────┤
│ clab-ml-85-h2 │ linux              │ running │ 192.168.85.102 │
│               │ python:3.13-alpine │         │ N/A            │
├───────────────┼────────────────────┼─────────┼────────────────┤
│ clab-ml-85-h3 │ linux              │ running │ 192.168.85.103 │
│               │ python:3.13-alpine │         │ N/A            │
├───────────────┼────────────────────┼─────────┼────────────────┤
│ clab-ml-85-h4 │ linux              │ running │ 192.168.85.104 │
│               │ python:3.13-alpine │         │ N/A            │
╰───────────────┴────────────────────┴─────────┴────────────────╯

Initial configuration skipped, run 'netlab initial' to configure the devices
