Creating Device configuration snippets
[CREATED] dut: initial,lag,vlan,ospf
[CREATED] x1: normalize,initial,lag,vlan,ospf
[CREATED] x2: normalize,initial,lag,vlan,ospf
Config Deploying device configurations
[WARNING]: Found variable using reserved name: hosts

PLAY [Deploy initial device configuration] *************************************

TASK [Set variables that cannot be set with VARS] ******************************
ok: [dut]
ok: [x1]
ok: [x2]

TASK [Normalize config on bridge-like devices] *********************************
included: /home/pipi/net101/tools/netsim/ansible/tasks/deploy-module.yml for dut, x1, x2

TASK [Figure out whether to deploy the module normalize on current device] *****
ok: [dut]
ok: [x2]
ok: [x1]

TASK [Find configuration template for normalize] *******************************
ok: [dut]
ok: [x1]
ok: [x2]

TASK [fail] ********************************************************************
skipping: [dut]
skipping: [x1]
skipping: [x2]

TASK [Find configuration deployment deploy_script for normalize] ***************
ok: [dut]
ok: [x1]
ok: [x2]

TASK [Print deployed configuration when running in verbose mode] ***************
skipping: [dut]
ok: [x1] => {
    "msg": "normalize configuration for x1\n=========================================\n!\ninterface Ethernet1\n shutdown\n mac-address caf0.0002.0001\n!\ninterface Ethernet2\n shutdown\n mac-address caf0.0002.0002\n"
}
ok: [x2] => {
    "msg": "normalize configuration for x2\n=========================================\n!\ninterface Ethernet1\n shutdown\n mac-address caf0.0003.0001\n!\ninterface Ethernet2\n shutdown\n mac-address caf0.0003.0002\n"
}

TASK [Deploy normalize configuration] ******************************************
skipping: [dut]
included: /home/pipi/net101/tools/netsim/ansible/tasks/deploy-config/eos.yml for x1, x2

TASK [eos_config: deploying normalize from /work/netlab_cicd/other_vm/node_files/x1/normalize] ***
[WARNING]: To ensure idempotency and correct diff the input configuration lines
should be similar to how they appear if present in the running configuration on
device including the indentation
changed: [x1]
changed: [x2]

TASK [Deploy initial configuration] ********************************************
included: /home/pipi/net101/tools/netsim/ansible/tasks/deploy-module.yml for dut, x1, x2

TASK [Figure out whether to deploy the module initial on current device] *******
ok: [dut]
ok: [x1]
ok: [x2]

TASK [Find configuration template for initial] *********************************
ok: [dut]
ok: [x1]
ok: [x2]

TASK [fail] ********************************************************************
skipping: [dut]
skipping: [x1]
skipping: [x2]

TASK [Find configuration deployment deploy_script for initial] *****************
ok: [dut]
ok: [x1]
ok: [x2]

TASK [Print deployed configuration when running in verbose mode] ***************
ok: [dut] => {
    "msg": "initial configuration for dut\n=========================================\nhostname dut\n!\nlldp\n!\n\n\n!\nvlan 1000\n name red\n!\nvlan 1001\n name blue\n!\n\n!\n\n!\ninterface mgmt\n    no lldp transmit\n    no lldp receive\n!\n\n\ninterface loopback 0\n    ip address 10.0.0.1/32\n    no shutdown\n!\n\ninterface lag 1\n    description [Access VLAN red] dut -> x1\n    no shutdown\n!\n\ninterface lag 2\n    description [Access VLAN blue] dut -> x2\n    no shutdown\n!\n\ninterface 1/1/1\n    shutdown\n    mtu 9198\n    description dut -> x1\n    no shutdown\n!\n\ninterface 1/1/2\n    shutdown\n    mtu 9198\n    description dut -> x1\n    no shutdown\n!\n\ninterface 1/1/3\n    shutdown\n    mtu 9198\n    description dut -> x2\n    no shutdown\n!\n\ninterface 1/1/4\n    shutdown\n    mtu 9198\n    description dut -> x2\n    no shutdown\n!\n\ninterface vlan1000\n    description VLAN red (1000) -> [x1]\n    ip address 172.16.0.1/24\n    no shutdown\n!\n\ninterface vlan1001\n    description VLAN blue (1001) -> [x2]\n    ip address 172.16.1.1/24\n    no shutdown\n!\n!\n"
}
ok: [x1] => {
    "msg": "initial configuration for x1\n=========================================\nhostname x1\n!\nlogging monitor debugging\naaa authorization exec default local\n!\nlldp run\nip routing\nno ipv6 unicast-routing\n!\n!\nip host dut 10.0.0.1 172.16.0.1 172.16.1.1\nip host x2 10.0.0.3 172.16.1.3\n!\ninterface Management1\n no lldp transmit\n no lldp receive\n!\ninterface Loopback0\n ip address 10.0.0.2/32\n!\ninterface port-channel1\n no switchport\n description [Access VLAN red] x1 -> dut\n!\ninterface Ethernet1\n no switchport\n description x1 -> dut\n mac-address caf0.0002.0001\n!\n no shutdown\n!\ninterface Ethernet2\n no switchport\n description x1 -> dut\n mac-address caf0.0002.0002\n!\n no shutdown\n!\ninterface Vlan1000\n description VLAN red (1000) -> [dut]\n ip address 172.16.0.2/24\n!\n"
}
ok: [x2] => {
    "msg": "initial configuration for x2\n=========================================\nhostname x2\n!\nlogging monitor debugging\naaa authorization exec default local\n!\nlldp run\nip routing\nno ipv6 unicast-routing\n!\n!\nip host dut 10.0.0.1 172.16.0.1 172.16.1.1\nip host x1 10.0.0.2 172.16.0.2\n!\ninterface Management1\n no lldp transmit\n no lldp receive\n!\ninterface Loopback0\n ip address 10.0.0.3/32\n!\ninterface port-channel1\n no switchport\n description [Access VLAN blue] x2 -> dut\n!\ninterface Ethernet1\n no switchport\n description x2 -> dut\n mac-address caf0.0003.0001\n!\n no shutdown\n!\ninterface Ethernet2\n no switchport\n description x2 -> dut\n mac-address caf0.0003.0002\n!\n no shutdown\n!\ninterface Vlan1001\n description VLAN blue (1001) -> [dut]\n ip address 172.16.1.3/24\n!\n"
}

TASK [Deploy initial configuration] ********************************************
included: /home/pipi/net101/tools/netsim/ansible/tasks/deploy-config/arubacx.yml for dut
included: /home/pipi/net101/tools/netsim/ansible/tasks/deploy-config/eos.yml for x1, x2

TASK [tempfile] ****************************************************************
changed: [dut -> localhost]

TASK [template] ****************************************************************
changed: [dut -> localhost]

TASK [aoscx_config: deploying initial from /work/netlab_cicd/other_vm/node_files/dut/initial] ***
changed: [dut]

TASK [file] ********************************************************************
changed: [dut -> localhost]

TASK [eos_config: deploying initial from /work/netlab_cicd/other_vm/node_files/x1/initial] ***
changed: [x1]
changed: [x2]

PLAY [Deploy module-specific configurations] ***********************************

TASK [Set variables that cannot be set with VARS] ******************************
ok: [dut]
ok: [x1]
ok: [x2]

TASK [Deploy individual configuration modules] *********************************
included: /home/pipi/net101/tools/netsim/ansible/tasks/deploy-module.yml for dut, x1, x2 => (item=lag)
included: /home/pipi/net101/tools/netsim/ansible/tasks/deploy-module.yml for dut, x1, x2 => (item=vlan)
included: /home/pipi/net101/tools/netsim/ansible/tasks/deploy-module.yml for dut, x1, x2 => (item=ospf)

TASK [Figure out whether to deploy the module lag on current device] ***********
ok: [dut]
ok: [x2]
ok: [x1]

TASK [Find configuration template for lag] *************************************
ok: [dut]
ok: [x2]
ok: [x1]

TASK [fail] ********************************************************************
skipping: [dut]
skipping: [x1]
skipping: [x2]

TASK [Find configuration deployment deploy_script for lag] *********************
ok: [dut]
ok: [x1]
ok: [x2]

TASK [Print deployed configuration when running in verbose mode] ***************
ok: [dut] => {
    "msg": "lag configuration for dut\n=========================================\n\ninterface lag 1\n    description [Access VLAN red] dut -> x1\n    lacp mode passive\n    lacp rate fast\n    no shutdown\n\n!\n!\ninterface 1/1/1\n    description dut -> x1 in lag 1\n    lag 1\n!\n!\ninterface 1/1/2\n    description dut -> x1 in lag 1\n    lag 1\n!\n!\ninterface lag 2\n    description [Access VLAN blue] dut -> x2\n    lacp mode passive\n    lacp rate fast\n    no shutdown\n\n!\n!\ninterface 1/1/3\n    description dut -> x2 in lag 2\n    lag 2\n!\n!\ninterface 1/1/4\n    description dut -> x2 in lag 2\n    lag 2\n!\n!\n"
}
ok: [x2] => {
    "msg": "lag configuration for x2\n=========================================\n\ninterface port-channel1\n description [Access VLAN blue] x2 -> dut\n!\n!\n!\ninterface Ethernet1\n description x2 -> dut in channel-group 1\n channel-group 1 mode passive\n lacp timer fast\n!\ninterface Ethernet2\n description x2 -> dut in channel-group 1\n channel-group 1 mode passive\n lacp timer fast\n"
}
ok: [x1] => {
    "msg": "lag configuration for x1\n=========================================\n\ninterface port-channel1\n description [Access VLAN red] x1 -> dut\n!\n!\n!\ninterface Ethernet1\n description x1 -> dut in channel-group 1\n channel-group 1 mode active\n lacp timer fast\n!\ninterface Ethernet2\n description x1 -> dut in channel-group 1\n channel-group 1 mode active\n lacp timer fast\n"
}

TASK [Deploy lag configuration] ************************************************
included: /home/pipi/net101/tools/netsim/ansible/tasks/deploy-config/arubacx.yml for dut
included: /home/pipi/net101/tools/netsim/ansible/tasks/deploy-config/eos.yml for x1, x2

TASK [tempfile] ****************************************************************
changed: [dut -> localhost]

TASK [template] ****************************************************************
changed: [dut -> localhost]

TASK [aoscx_config: deploying lag from /work/netlab_cicd/other_vm/node_files/dut/lag] ***
changed: [dut]

TASK [file] ********************************************************************
changed: [dut -> localhost]

TASK [eos_config: deploying lag from /work/netlab_cicd/other_vm/node_files/x1/lag] ***
changed: [x2]
changed: [x1]

TASK [Figure out whether to deploy the module vlan on current device] **********
ok: [dut]
ok: [x1]
ok: [x2]

TASK [Find configuration template for vlan] ************************************
ok: [dut]
ok: [x1]
ok: [x2]

TASK [fail] ********************************************************************
skipping: [dut]
skipping: [x1]
skipping: [x2]

TASK [Find configuration deployment deploy_script for vlan] ********************
ok: [dut]
ok: [x1]
ok: [x2]

TASK [Print deployed configuration when running in verbose mode] ***************
ok: [dut] => {
    "msg": "vlan configuration for dut\n=========================================\n!\n!\ninterface lag 1\n no routing\n vlan access 1000\n!\ninterface lag 2\n no routing\n vlan access 1001\n!\ninterface vlan1000\n!\ninterface vlan1001\n"
}
ok: [x2] => {
    "msg": "vlan configuration for x2\n=========================================\nvlan 1001\n name blue\n!\n\n!\ninterface port-channel1\n switchport\n switchport access vlan 1001\n!\ninterface Vlan1001\n"
}
ok: [x1] => {
    "msg": "vlan configuration for x1\n=========================================\nvlan 1000\n name red\n!\n\n!\ninterface port-channel1\n switchport\n switchport access vlan 1000\n!\ninterface Vlan1000\n"
}

TASK [Deploy vlan configuration] ***********************************************
included: /home/pipi/net101/tools/netsim/ansible/tasks/deploy-config/arubacx.yml for dut
included: /home/pipi/net101/tools/netsim/ansible/tasks/deploy-config/eos.yml for x1, x2

TASK [tempfile] ****************************************************************
changed: [dut -> localhost]

TASK [template] ****************************************************************
changed: [dut -> localhost]

TASK [aoscx_config: deploying vlan from /work/netlab_cicd/other_vm/node_files/dut/vlan] ***
changed: [dut]

TASK [file] ********************************************************************
changed: [dut -> localhost]

TASK [eos_config: deploying vlan from /work/netlab_cicd/other_vm/node_files/x1/vlan] ***
changed: [x1]
changed: [x2]

TASK [Figure out whether to deploy the module ospf on current device] **********
ok: [dut]
ok: [x1]
ok: [x2]

TASK [Find configuration template for ospf] ************************************
ok: [dut]
ok: [x1]
ok: [x2]

TASK [fail] ********************************************************************
skipping: [dut]
skipping: [x1]
skipping: [x2]

TASK [Find configuration deployment deploy_script for ospf] ********************
ok: [dut]
ok: [x1]
ok: [x2]

TASK [Print deployed configuration when running in verbose mode] ***************
ok: [dut] => {
    "msg": "ospf configuration for dut\n=========================================\n!\nrouter ospf 1\n    router-id 10.0.0.1\n\n\n\n\n\n    area 0.0.0.0\n    area 0.0.0.0\n    area 0.0.0.0\n\n!\ninterface loopback 0\n    ip ospf 1 area 0.0.0.0\n!\ninterface vlan1000\n! VLAN red (1000) -> [x1]\n    ip ospf 1 area 0.0.0.0\n    ip ospf network point-to-point\n!\ninterface vlan1001\n! VLAN blue (1001) -> [x2]\n    ip ospf 1 area 0.0.0.0\n    ip ospf network point-to-point\n!\n"
}
ok: [x1] => {
    "msg": "ospf configuration for x1\n=========================================\n!\n! OSPFv2 configuration\n!\nrouter ospf 1\n router-id 10.0.0.2\n interface unnumbered hello mask tx 0.0.0.0\n timers spf delay initial 100 200 500\n timers lsa rx min interval 100\n timers lsa tx delay initial 100 200 500\n\n\n!\ninterface Loopback0\n! \n ip ospf area 0.0.0.0\n!\ninterface Vlan1000\n! VLAN red (1000) -> [dut]\n ip ospf area 0.0.0.0\n ip ospf network point-to-point\n!\n\n"
}
ok: [x2] => {
    "msg": "ospf configuration for x2\n=========================================\n!\n! OSPFv2 configuration\n!\nrouter ospf 1\n router-id 10.0.0.3\n interface unnumbered hello mask tx 0.0.0.0\n timers spf delay initial 100 200 500\n timers lsa rx min interval 100\n timers lsa tx delay initial 100 200 500\n\n\n!\ninterface Loopback0\n! \n ip ospf area 0.0.0.0\n!\ninterface Vlan1001\n! VLAN blue (1001) -> [dut]\n ip ospf area 0.0.0.0\n ip ospf network point-to-point\n!\n\n"
}

TASK [Deploy ospf configuration] ***********************************************
included: /home/pipi/net101/tools/netsim/ansible/tasks/deploy-config/arubacx.yml for dut
included: /home/pipi/net101/tools/netsim/ansible/tasks/deploy-config/eos.yml for x1, x2

TASK [tempfile] ****************************************************************
changed: [dut -> localhost]

TASK [template] ****************************************************************
changed: [dut -> localhost]

TASK [aoscx_config: deploying ospf from /work/netlab_cicd/other_vm/node_files/dut/ospf] ***
changed: [dut]

TASK [file] ********************************************************************
changed: [dut -> localhost]

TASK [eos_config: deploying ospf from /work/netlab_cicd/other_vm/node_files/x1/ospf] ***
changed: [x2]
changed: [x1]

PLAY [Deploy custom deployment templates] **************************************
skipping: no hosts matched

PLAY RECAP *********************************************************************
dut                        : ok=46   changed=16   unreachable=0    failed=0    skipped=7    rescued=0    ignored=0   
x1                         : ok=37   changed=5    unreachable=0    failed=0    skipped=5    rescued=0    ignored=0   
x2                         : ok=37   changed=5    unreachable=0    failed=0    skipped=5    rescued=0    ignored=0   



The device under test is a L3 switch using passive LACP. It should be able to
establish an OSPF-over-VLAN adjacency with an Arista EOS device using active
LACP. but not with another Arista EOS device using passive LACP.

