 [INFO] ArubaCX VSX: Found MLAG ID 1 on node s1
 [INFO]   - MLAG Peer is node s2 (ID 1) - which has role: "" - setting
          my role to "primary"
 [INFO] ArubaCX VSX: Found MLAG ID 1 on node s2
 [INFO]   - MLAG Peer is node s1 (ID 1) - which has role: "primary" -
          setting my role to "secondary"
[CONFIG]  s1: initial,lag,vlan
[CONFIG]  s2: initial,lag,vlan
[CONFIG]  x1: normalize,initial,lag,vlan
[CONFIG]  h1: initial,routing,hosts
[CONFIG]  h2: initial,routing,hosts (shared)
[CONFIG]  h3: initial,routing,hosts (shared)
Created provider configuration file: Vagrantfile
Creating configuration file for secondary provider clab
Created provider configuration file: clab-augment.yml
Created pickled transformed topology data into netlab.snapshot.pickle
Created group_vars for all
Created group_vars for modules
Created group_vars for arubacx
Created host_vars for s1, s2
Created group_vars for eos
Created host_vars for x1
Created group_vars for linux
Created host_vars for h1, h2, h3
Created minimized Ansible inventory hosts.yml
Created Ansible configuration file: ansible.cfg
