Checking virtualization provider installation
OK: libvirt installed and working correctly
OK: clab installed and working correctly
Stopping clab nodes
19:40:21 INFO Parsing & checking topology file=clab-augment.yml
19:40:21 INFO Parsing & checking topology file=clab-augment.yml
19:40:21 INFO Destroying lab name=ml-85
19:40:21 INFO Removed container name=clab-ml-85-h1
19:40:21 INFO Removing host entries path=/etc/hosts
19:40:21 INFO Removing SSH config path=/etc/ssh/ssh_config.d/clab-ml-85.conf

Stopping libvirt nodes
[fog][WARNING] Unrecognized arguments: libvirt_ip_command
[fog][WARNING] Unrecognized arguments: libvirt_ip_command
[fog][WARNING] Unrecognized arguments: libvirt_ip_command
==> x1: Removing domain...
==> x1: Deleting the machine folder
==> s2: Removing domain...
==> s2: Deleting the machine folder
==> s1: Removing domain...
==> s1: Deleting the machine folder
Cleanup configuration files
... removing Vagrantfile
... removing clab-augment.yml
... removing ansible.cfg
... removing hosts.yml
... removing directory tree group_vars
... removing directory tree host_vars
... removing directory tree node_files
... removing netlab.snapshot.pickle
