Creating Device configuration snippets
[CREATED] dut: normalize,initial,bgp,vrf,bgp.session
[CREATED] x1: initial,bgp
[CREATED] x2: initial,bgp
[CREATED] r1: initial,bgp
[CREATED] r2: initial,bgp
Checking Are lab devices ready to be configured?
 [INFO] Checking SSH server(s) on dut
[SSH]     SSH server on node dut (device ioll2) is ready after 7.4 seconds
Config Normalizing device configurations
netmiko:  [INFO] Sent normalize configuration to dut
Config Deploying device configurations
 [INFO] Executing initial configuration for node x1
 [INFO] Executing initial configuration for node x2
 [INFO] Executing initial configuration for node r1
 [INFO] Executing initial configuration for node r2
 [INFO] Executing bgp configuration for node r2
 [INFO] Executing bgp configuration for node x2
 [INFO] Executing bgp configuration for node r1
 [INFO] Executing bgp configuration for node x1
netmiko:  [INFO] Sent initial configuration to dut
netmiko:  [INFO] Sent bgp configuration to dut
netmiko:  [INFO] Sent vrf configuration to dut
netmiko:  [INFO] Sent bgp.session configuration to dut

Results of configuration script deployments
================================================================================
dut              Script:  normalize,initial,bgp,vrf,bgp.session
x1               Script:  initial,bgp
x2               Script:  initial,bgp
r1               Script:  initial,bgp
r2               Script:  initial,bgp


This lab tests the BGP default route origination. The DUT should advertise a default route to X1.
