Creating Device configuration snippets
[CREATED] dut: normalize,initial,bgp,bgp.session
[CREATED] x1: initial,bgp,bgp.session
Checking Are lab devices ready to be configured?
 [INFO] Checking SSH server(s) on dut
[SSH]     SSH server on node dut (device ioll2) is ready after 10.4 seconds
Config Normalizing device configurations
netmiko:  [INFO] Sent normalize configuration to dut
Config Deploying device configurations
 [INFO] Executing initial configuration for node x1
 [INFO] Executing bgp configuration for node x1
 [INFO] Executing bgp.session configuration for node x1
netmiko:  [INFO] Sent initial configuration to dut
netmiko:  [INFO] Sent bgp configuration to dut
netmiko:  [INFO] Sent bgp.session configuration to dut

Results of configuration script deployments
================================================================================
dut              Script:  normalize,initial,bgp,bgp.session
x1               Script:  initial,bgp,bgp.session


This lab tests the BGP GTSM functionality. The EBGP session between the probe and the lab device should be established.
