Using transformed lab topology from snapshot file netlab.snapshot.pickle
Checking virtualization provider installation
OK: libvirt installed and working correctly
OK: clab installed and working correctly
Starting libvirt nodes
creating libvirt management network nl_mgmt_17
provider libvirt: executing flock -E 42 /tmp/netlab.lock vagrant up --provider libvirt
Bringing machine 'x1' up with 'libvirt' provider...
Bringing machine 'x2' up with 'libvirt' provider...
==> x1: Checking if box 'arista/veos' version '4.34.2F' is up to date...
[fog][WARNING] Unrecognized arguments: libvirt_ip_command
==> x1: Creating image (snapshot of base box volume).
==> x1: Creating domain with the following settings...
==> x2: Checking if box 'arista/veos' version '4.34.2F' is up to date...
==> x1:  -- Name:              ml-17_x1
==> x1:  -- Description:       Source: /work/netlab_cicd/Vagrantfile
==> x1:  -- Domain type:       kvm
==> x1:  -- Cpus:              2
[fog][WARNING] Unrecognized arguments: libvirt_ip_command
==> x1:  -- Feature:           acpi
==> x2: Creating image (snapshot of base box volume).
==> x1:  -- Feature:           apic
==> x2: Creating domain with the following settings...
==> x1:  -- Feature:           pae
==> x2:  -- Name:              ml-17_x2
==> x1:  -- Clock offset:      utc
==> x2:  -- Description:       Source: /work/netlab_cicd/Vagrantfile
==> x1:  -- Memory:            2048M
==> x2:  -- Domain type:       kvm
==> x1:  -- Management MAC:    ca:fe:00:02:00:00
==> x2:  -- Cpus:              2
==> x1:  -- Base box:          arista/veos
==> x2:  -- Feature:           acpi
==> x1:  -- Storage pool:      default
==> x2:  -- Feature:           apic
==> x1:  -- Image(vda):        /var/lib/libvirt/images/ml-17_x1.img, ide, 5G
==> x2:  -- Feature:           pae
==> x1:  -- Disk driver opts:  cache='default'
==> x2:  -- Clock offset:      utc
==> x1:  -- Graphics Type:     vnc
==> x2:  -- Memory:            2048M
==> x1:  -- Video Type:        cirrus
==> x2:  -- Management MAC:    ca:fe:00:03:00:00
==> x1:  -- Video VRAM:        16384
==> x2:  -- Base box:          arista/veos
==> x1:  -- Video 3D accel:    false
==> x2:  -- Storage pool:      default
==> x1:  -- Keymap:            en-us
==> x2:  -- Image(vda):        /var/lib/libvirt/images/ml-17_x2.img, ide, 5G
==> x1:  -- TPM Backend:       passthrough
==> x2:  -- Disk driver opts:  cache='default'
==> x1:  -- INPUT:             type=mouse, bus=ps2
==> x2:  -- Graphics Type:     vnc
==> x2:  -- Video Type:        cirrus
==> x2:  -- Video VRAM:        16384
==> x2:  -- Video 3D accel:    false
==> x2:  -- Keymap:            en-us
==> x2:  -- TPM Backend:       passthrough
==> x2:  -- INPUT:             type=mouse, bus=ps2
==> x1: Creating shared folders metadata...
==> x2: Creating shared folders metadata...
==> x2: Starting domain.
==> x1: Starting domain.
==> x2: Domain launching with graphics connection settings...
==> x1: Domain launching with graphics connection settings...
==> x2:  -- Graphics Port:      5900
==> x1:  -- Graphics Port:      5901
==> x2:  -- Graphics IP:        127.0.0.1
==> x1:  -- Graphics IP:        127.0.0.1
==> x2:  -- Graphics Password:  Not defined
==> x1:  -- Graphics Password:  Not defined
==> x2:  -- Graphics Websocket: 5700
==> x1:  -- Graphics Websocket: 5701
==> x2: Waiting for domain to get an IP address...
==> x1: Waiting for domain to get an IP address...
==> x2: Waiting for machine to boot. This may take a few minutes...
==> x1: Waiting for machine to boot. This may take a few minutes...
    x2: SSH address: 192.168.17.103:22
    x1: SSH address: 192.168.17.102:22
    x2: SSH username: vagrant
    x2: SSH auth method: private key
    x1: SSH username: vagrant
    x1: SSH auth method: private key
==> x2: Machine booted and ready!
==> x1: Machine booted and ready!
Starting clab nodes
Recreating clab-augment.yml configuration file for clab provider
Created provider configuration file: clab-augment.yml
 [INFO] Setting containerlab runtime to docker
provider clab: executing flock -E 42 /tmp/netlab.lock containerlab deploy --reconfigure -t clab-augment.yml
19:39:06 INFO Containerlab started version=0.75.0
19:39:06 INFO Parsing & checking topology file=clab-augment.yml
19:39:06 INFO Removing directory path=/work/netlab_cicd/clab-ml-17
19:39:06 INFO Creating docker network name=nl_mgmt_17 IPv4 subnet=192.168.17.0/24 IPv6 subnet=fd00:df:1ab:17::/64 MTU=0
19:39:06 INFO Creating lab directory path=/work/netlab_cicd/clab-ml-17
19:39:06 INFO Creating container name=dut
19:39:06 INFO Created link: dut:eth1 (Ethernet0/1) ▪┄┄▪ virbr2:bni17n1i1
19:39:06 INFO Created link: dut:eth2 (Ethernet0/2) ▪┄┄▪ virbr4:bni17n1i2
19:39:06 INFO Running postdeploy actions for Cisco IOL 'dut' node
19:39:06 INFO Adding host entries path=/etc/hosts
19:39:06 INFO Adding SSH config for nodes path=/etc/ssh/ssh_config.d/clab-ml-17.conf
19:39:06 INFO containerlab version
  🎉=
  │ A newer containerlab version (0.79.0) is available!
  │ Release notes: https://containerlab.dev/rn/0.79/
  │ Run 'clab version upgrade' or see https://containerlab.dev/install/ for other installation options.
[1m╭[0m[1m────────────────[0m[1m┬[0m[1m────────────────────────────────[0m[1m┬[0m[1m─────────[0m[1m┬[0m[1m───────────────────[0m[1m╮[0m
[1m│[0m[1m      Name      [0m[1m│[0m[1m           Kind/Image           [0m[1m│[0m[1m  State  [0m[1m│[0m[1m   IPv4/6 Address  [0m[1m│[0m
[1m├[0m[1m────────────────[0m[1m┼[0m[1m────────────────────────────────[0m[1m┼[0m[1m─────────[0m[1m┼[0m[1m───────────────────[0m[1m┤[0m
│ clab-ml-17-dut │ cisco_iol                      │ running │ 192.168.17.101    │
│                │ vrnetlab/cisco_iol:L2-17.18.02 │         │ fd00:df:1ab:17::2 │
╰────────────────┴────────────────────────────────┴─────────┴───────────────────╯

Initial configuration skipped, run 'netlab initial' to configure the devices
