Using transformed lab topology from snapshot file netlab.snapshot.pickle
Checking virtualization provider installation
OK: libvirt installed and working correctly
OK: clab installed and working correctly
Starting libvirt nodes
creating libvirt management network nl_mgmt_17
provider libvirt: executing flock -E 42 /tmp/netlab.lock vagrant up --provider libvirt
Bringing machine 'dut' up with 'libvirt' provider...
==> dut: Checking if box 'netlab/exos' version '33.1.1' is up to date...
[fog][WARNING] Unrecognized arguments: libvirt_ip_command
==> dut: Creating image (snapshot of base box volume).
==> dut: Creating domain with the following settings...
==> dut:  -- Name:              ml-17_dut
==> dut:  -- Description:       Source: /work/netlab_cicd/Vagrantfile
==> dut:  -- Domain type:       kvm
==> dut:  -- Cpus:              1
==> dut:  -- Feature:           acpi
==> dut:  -- Feature:           apic
==> dut:  -- Feature:           pae
==> dut:  -- Clock offset:      utc
==> dut:  -- Memory:            512M
==> dut:  -- Management MAC:    ca:fe:00:01:00:00
==> dut:  -- Base box:          netlab/exos
==> dut:  -- Storage pool:      default
==> dut:  -- Image(vda):        /var/lib/libvirt/images/ml-17_dut.img, virtio, 4G
==> dut:  -- Disk driver opts:  cache='default'
==> dut:  -- Graphics Type:     vnc
==> dut:  -- Video Type:        cirrus
==> dut:  -- Video VRAM:        16384
==> dut:  -- Video 3D accel:    false
==> dut:  -- Keymap:            en-us
==> dut:  -- TPM Backend:       passthrough
==> dut:  -- INPUT:             type=mouse, bus=ps2
==> dut: Creating shared folders metadata...
==> dut: Starting domain.
==> dut: Domain launching with graphics connection settings...
==> dut:  -- Graphics Port:      5900
==> dut:  -- Graphics IP:        127.0.0.1
==> dut:  -- Graphics Password:  Not defined
==> dut:  -- Graphics Websocket: 5700
==> dut: Waiting for domain to get an IP address...
==> dut: Waiting for machine to boot. This may take a few minutes...
    dut: SSH address: 192.168.17.101:22
    dut: SSH username: admin
    dut: SSH auth method: password
==> dut: Machine booted and ready!
Starting clab nodes
Recreating clab-augment.yml configuration file for clab provider
Created provider configuration file: clab-augment.yml
provider clab: executing flock -E 42 /tmp/netlab.lock sudo -E containerlab deploy --reconfigure -t clab-augment.yml
05:26:19 INFO Containerlab started version=0.75.0
05:26:19 INFO Parsing & checking topology file=clab-augment.yml
05:26:19 INFO Removing directory path=/work/netlab_cicd/clab-ml-17
05:26:19 INFO Creating docker network name=nl_mgmt_17 IPv4 subnet=192.168.17.0/24 IPv6 subnet="" MTU=0
05:26:19 INFO Creating lab directory path=/work/netlab_cicd/clab-ml-17
05:26:19 INFO Creating container name=x1
05:26:20 INFO Created link: x1:eth1 ▪┄┄▪ virbr2:bni17n2i1
05:26:21 INFO Executed command node=x1 command="sleep 1" stdout=""
05:26:21 INFO Adding host entries path=/etc/hosts
05:26:21 INFO Adding SSH config for nodes path=/etc/ssh/ssh_config.d/clab-ml-17.conf
[1m╭[0m[1m───────────────[0m[1m┬[0m[1m──────────────────────────────[0m[1m┬[0m[1m─────────[0m[1m┬[0m[1m────────────────[0m[1m╮[0m
[1m│[0m[1m      Name     [0m[1m│[0m[1m          Kind/Image          [0m[1m│[0m[1m  State  [0m[1m│[0m[1m IPv4/6 Address [0m[1m│[0m
[1m├[0m[1m───────────────[0m[1m┼[0m[1m──────────────────────────────[0m[1m┼[0m[1m─────────[0m[1m┼[0m[1m────────────────[0m[1m┤[0m
│ clab-ml-17-x1 │ linux                        │ running │ 192.168.17.102 │
│               │ quay.io/frrouting/frr:10.6.1 │         │ N/A            │
╰───────────────┴──────────────────────────────┴─────────┴────────────────╯

Initial configuration skipped, run 'netlab initial' to configure the devices
 [INFO] Lab devices are ready to be configured
Config Normalizing device configurations
[WARNING]: Found variable using reserved name: hosts

PLAY [Normalize device configurations] *****************************************

TASK [Set variables that cannot be set with VARS] ******************************
ok: [dut]

TASK [Normalize config on bridge-like devices] *********************************
included: /home/pipi/net101/tools/netsim/ansible/tasks/deploy-module.yml for dut

TASK [Figure out whether to deploy the module normalize on current device] *****
ok: [dut]

TASK [Find configuration template for normalize] *******************************
ok: [dut]

TASK [fail] ********************************************************************
skipping: [dut]

TASK [Find configuration deployment deploy_script for normalize] ***************
ok: [dut]

TASK [Print deployed configuration when running in verbose mode] ***************
ok: [dut] => {
    "msg": "normalize configuration for dut\n=========================================\nconfigure vlan Default delete ports all\ndisable port 1\n"
}

TASK [Deploy normalize configuration] ******************************************
included: /home/pipi/net101/tools/netsim/ansible/tasks/deploy-config/exos.yml for dut

TASK [exos_config: deploying normalize from /work/netlab_cicd/node_files/dut/normalize] ***
changed: [dut]

PLAY RECAP *********************************************************************
dut                        : ok=8    changed=1    unreachable=0    failed=0    skipped=1    rescued=0    ignored=0   

[WARNING]: Found variable using reserved name: hosts

PLAY [Reload saved device configurations] **************************************

TASK [Did we get the configuration directory name?] ****************************
skipping: [dut]

TASK [Set variables that cannot be set with VARS] ******************************
ok: [dut]

TASK [Remember the original deployment path(s)] ********************************
ok: [dut]

TASK [Do initial device configuration if needed] *******************************
included: /home/pipi/net101/tools/netsim/ansible/tasks/deploy-module.yml for dut

TASK [Figure out whether to deploy the module initial on current device] *******
ok: [dut]

TASK [Find configuration template for initial] *********************************
ok: [dut]

TASK [fail] ********************************************************************
skipping: [dut]

TASK [Find configuration deployment deploy_script for initial] *****************
ok: [dut]

TASK [Print deployed configuration when running in verbose mode] ***************
ok: [dut] => {
    "msg": "initial configuration for dut\n=========================================\nconfigure snmp sysName dut\n\nenable lldp ports all\ndisable lldp ports Mgmt\n\n\n\ncreate vlan \"VLAN_LO0\"\nenable loopback-mode vlan VLAN_LO0\nconfigure vlan VLAN_LO0 ipaddress 10.0.0.1 255.255.255.255\nenable ipforwarding vlan VLAN_LO0\ncreate vlan \"VLAN_P1\"\nconfigure vlan VLAN_P1 add ports 1 untagged\nconfigure ports 1 display-string dut_to_x1\nconfigure vlan VLAN_P1 ipaddress 10.1.0.1 255.255.255.252\nenable ipforwarding vlan VLAN_P1\nconfigure ip-mtu 1500 vlan VLAN_P1\nenable ports 1\n"
}

TASK [Deploy initial configuration] ********************************************
included: /home/pipi/net101/tools/netsim/ansible/tasks/deploy-config/exos.yml for dut

TASK [exos_config: deploying initial from /work/netlab_cicd/node_files/dut/initial.cfg] ***
changed: [dut]

TASK [Deploy saved configuration files] ****************************************
included: /home/pipi/net101/tools/netsim/ansible/tasks/deploy-custom-config.yml for dut

TASK [Find configuration template] *********************************************
ok: [dut]

TASK [fail] ********************************************************************
skipping: [dut]

TASK [Check is the configuration template is a file] ***************************
ok: [dut -> localhost]

TASK [fail] ********************************************************************
skipping: [dut]

TASK [Process template /work/netlab_cicd/node_files/dut/saved.cfg for dut] *****
skipping: [dut]

TASK [debug] *******************************************************************
skipping: [dut]

TASK [debug] *******************************************************************
skipping: [dut]

TASK [Find custom configuration deployment script] *****************************
ok: [dut]

TASK [Run the configuration deployment script] *********************************
included: /home/pipi/net101/tools/netsim/ansible/tasks/deploy-config/exos.yml for dut

TASK [exos_config: deploying saved from /work/netlab_cicd/node_files/dut/saved.cfg] ***
fatal: [dut]: FAILED! => {"changed": false, "msg": "configure slot 1 restart-limit 5\r\n\r\u0007                       ^\r\n%% Invalid input detected at '^' marker.\r\r\n* dut.26 # "}

PLAY RECAP *********************************************************************
dut                        : ok=14   changed=1    unreachable=0    failed=1    skipped=7    rescued=0    ignored=0   

FatalError in config: Cannot reload initial device configurations

[CREATED] dut: normalize,initial,saved
