Checking virtualization provider installation
OK: libvirt installed and working correctly
OK: clab installed and working correctly
Stopping clab nodes
06:29:30 INFO Parsing & checking topology file=clab-augment.yml
06:29:30 INFO Parsing & checking topology file=clab-augment.yml
06:29:30 INFO Destroying lab name=ml-17
06:29:31 INFO Removed container name=clab-ml-17-h2
06:29:31 INFO Removed container name=clab-ml-17-h1
06:29:31 INFO Removed container name=clab-ml-17-dhsrv
06:29:31 INFO Removed container name=clab-ml-17-h0
06:29:31 INFO Removed container name=clab-ml-17-h3
06:29:31 INFO Removing host entries path=/etc/hosts
06:29:31 INFO Removing SSH config path=/etc/ssh/ssh_config.d/clab-ml-17.conf

Stopping libvirt nodes
[fog][WARNING] Unrecognized arguments: libvirt_ip_command
[fog][WARNING] Unrecognized arguments: libvirt_ip_command
==> h4: Removing domain...
==> h4: Deleting the machine folder
==> dut: Removing domain...
==> dut: Deleting the machine folder
Cleanup configuration files
... removing Vagrantfile
... removing clab-augment.yml
... removing ansible.cfg
... removing hosts.yml
... removing directory tree group_vars
... removing directory tree host_vars
... removing directory tree node_files
... removing netlab.snapshot.pickle
