Creating Device configuration snippets
[CREATED] dut: initial,ospf,ospf.areas
[CREATED] r11: initial,ospf,ospf.areas
[CREATED] r12: initial,ospf,ospf.areas
[CREATED] r21: initial,ospf,ospf.areas
[CREATED] r22: initial,routing,ospf,ospf.areas
[CREATED] v1: initial
[CREATED] v2: initial
[CREATED] rb: initial,ospf,ospf.areas
Checking Are lab devices ready to be configured?
 [INFO] Checking lab devices with an Ansible playbook
[WARNING]: Could not match supplied host pattern, ignoring: netlab_ready_ssh
[WARNING]: Found variable using reserved name: hosts

PLAY [Wait for SSH servers] ****************************************************
skipping: no hosts matched

PLAY [Wait for device-specific conditions] *************************************

TASK [Set variables that cannot be set with VARS] ******************************
ok: [dut]

TASK [Find device readiness script] ********************************************
ok: [dut]

TASK [Wait for device to become ready] *****************************************
skipping: [dut]

PLAY RECAP *********************************************************************
dut                        : ok=2    changed=0    unreachable=0    failed=0    skipped=1    rescued=0    ignored=0   

Config Deploying device configurations
 [INFO] Executing initial configuration for node dut
 [INFO] Executing initial configuration for node r11
 [INFO] Executing initial configuration for node r12
 [INFO] Executing initial configuration for node r21
 [INFO] Executing initial configuration for node r22
 [INFO] Executing initial configuration for node v1
 [INFO] Executing initial configuration for node v2
 [INFO] Executing initial configuration for node rb
 [INFO] Executing ospf configuration for node r12
 [INFO] Executing ospf configuration for node r21
 [INFO] Executing routing configuration for node r22
 [INFO] Executing ospf configuration for node rb
 [INFO] Executing ospf configuration for node r11
 [INFO] Executing ospf configuration for node r22
 [INFO] Executing ospf.areas configuration for node r12
 [INFO] Executing ospf.areas configuration for node r21
 [INFO] Executing ospf.areas configuration for node rb
 [INFO] Executing ospf.areas configuration for node r11
 [INFO] Executing ospf.areas configuration for node r22
 [INFO] Executing ospf configuration for node dut
 [INFO] Executing ospf.areas configuration for node dut

Results of configuration script deployments
================================================================================
dut              Script:  initial,ospf,ospf.areas
r11              Script:  initial,ospf,ospf.areas
r12              Script:  initial,ospf,ospf.areas
r21              Script:  initial,ospf,ospf.areas
r22              Script:  initial,routing,ospf,ospf.areas
v1               Script:  initial
v2               Script:  initial
rb               Script:  initial,ospf,ospf.areas


This lab tests numerous combinations of OSPFv3 area parameters. It currently
tests:

* Stub and NSSA areas
* Insertion of default route into stub/NSSA areas
* Suppression of inter-area routes in stub/NSSA area
* Area ranges (including explicit range cost) and suppressed ranges
* Summarization and suppression of NSSA routes
* Configuration of VRF instances

