Creating Device configuration snippets
[CREATED] r: initial
Checking Are lab devices ready to be configured?
 [INFO] Checking SSH server(s) on r
[SSH]     SSH server on node r (device nxos) is ready after 222.6 seconds
 [INFO] Checking lab devices with an Ansible playbook
[WARNING]: Found variable using reserved name: hosts

PLAY [Wait for SSH servers] ****************************************************

PLAY [Wait for device-specific conditions] *************************************

TASK [Set variables that cannot be set with VARS] ******************************
ok: [r]

TASK [Find device readiness script] ********************************************
ok: [r]

TASK [Wait for device to become ready] *****************************************
included: /home/pipi/net101/tools/netsim/ansible/tasks/readiness-check/nxos.yml for r

TASK [Wait for Eth1/1 to appear] ***********************************************
ok: [r]

PLAY RECAP *********************************************************************
r                          : ok=4    changed=0    unreachable=0    failed=0    skipped=0    rescued=0    ignored=0   

Config Deploying device configurations
[WARNING]: Found variable using reserved name: hosts

PLAY [Deploy initial device configuration] *************************************

TASK [Set variables that cannot be set with VARS] ******************************
ok: [r]

TASK [Normalize config on bridge-like devices] *********************************
included: /home/pipi/net101/tools/netsim/ansible/tasks/deploy-module.yml for r

TASK [Figure out whether to deploy the module normalize on current device] *****
ok: [r]

TASK [Find configuration template for normalize] *******************************
ok: [r]

TASK [fail] ********************************************************************
skipping: [r]

TASK [Find configuration deployment deploy_script for normalize] ***************
ok: [r]

TASK [Print deployed configuration when running in verbose mode] ***************
skipping: [r]

TASK [Deploy normalize configuration] ******************************************
skipping: [r]

TASK [Deploy initial configuration] ********************************************
included: /home/pipi/net101/tools/netsim/ansible/tasks/deploy-module.yml for r

TASK [Figure out whether to deploy the module initial on current device] *******
ok: [r]

TASK [Find configuration template for initial] *********************************
ok: [r]

TASK [fail] ********************************************************************
skipping: [r]

TASK [Find configuration deployment deploy_script for initial] *****************
ok: [r]

TASK [Print deployed configuration when running in verbose mode] ***************
ok: [r] => {
    "msg": "initial configuration for r\n=========================================\nhostname nxos-r\n!\nno ip domain-lookup\n!\nfeature lldp\n!\nusername vagrant password vagrant\n!\n!\n!\ninterface mgmt0\n no lldp transmit\n no lldp receive\n!\ninterface loopback0\n no shutdown\n ip address 10.0.0.1/32\n ipv6 address 2001:db8:0:1::1/64\n ipv6 nd ra-interval 5 min 3\n!\ninterface Ethernet1/1\n no shutdown\n no switchport\n mac-address caf0.0001.0001\n description r -> stub [stub]\n medium p2p\n ip unnumbered loopback0\n ipv6 address use-link-local-only\n ipv6 nd ra-interval 5 min 3\n!\ninterface Ethernet1/2\n no shutdown\n no switchport\n mac-address caf0.0001.0002\n description r -> stub [stub]\n medium p2p\n ip unnumbered loopback0\n!\ninterface Ethernet1/3\n no shutdown\n no switchport\n mac-address caf0.0001.0003\n description r -> stub [stub]\n ipv6 address use-link-local-only\n ipv6 nd ra-interval 5 min 3\n!\ninterface Ethernet1/4\n no shutdown\n no switchport\n mac-address caf0.0001.0004\n description r -> stub [stub]\n medium p2p\n ip unnumbered loopback0\n ipv6 address 2001:db8:1:3::1/64\n ipv6 nd ra-interval 5 min 3\n!\ninterface Ethernet1/5\n no shutdown\n no switchport\n mac-address caf0.0001.0005\n description r -> stub [stub]\n ip address 172.16.4.1/24\n ipv6 address use-link-local-only\n ipv6 nd ra-interval 5 min 3\n!\n"
}

TASK [Deploy initial configuration] ********************************************
included: /home/pipi/net101/tools/netsim/ansible/tasks/deploy-config/nxos.yml for r

TASK [nxos_config: deploying initial from /work/netlab_cicd/node_files/r/initial] ***
[WARNING]: To ensure idempotency and correct diff the input configuration lines
should be similar to how they appear if present in the running configuration on
device including the indentation
changed: [r]

PLAY [Deploy module-specific configurations] ***********************************
skipping: no hosts matched

PLAY [Deploy custom deployment templates] **************************************
skipping: no hosts matched

PLAY RECAP *********************************************************************
r                          : ok=12   changed=1    unreachable=0    failed=0    skipped=4    rescued=0    ignored=0   



This test checks that the initial configuration doesn't crash when dealing
with the all possible combinations of unnumbered interfaces. Use OSPFv2/OSPFv3
integration tests to validate the unnumbered interface functionality.

