Creating Device configuration snippets
[CREATED] dut: initial,routing,ospf,bgp
[CREATED] dut2: initial,bgp
[CREATED] x1: initial,bgp
[CREATED] x2: initial,bgp
[CREATED] r1: initial,ospf,bgp
Config Deploying device configurations
 [INFO] Executing initial configuration for node x1
 [INFO] Executing initial configuration for node x2
 [INFO] Executing initial configuration for node r1
 [INFO] Executing bgp configuration for node x1
 [INFO] Executing bgp configuration for node x2
 [INFO] Executing ospf configuration for node r1
 [INFO] Executing bgp configuration for node r1
 [INFO] Starting Ansible playbook to deploy the rest of the
          configurations
[WARNING]: Found variable using reserved name: hosts

PLAY [Deploy initial device configuration] *************************************

TASK [Set variables that cannot be set with VARS] ******************************
ok: [dut]
ok: [dut2]

TASK [Normalize config on bridge-like devices] *********************************
included: /home/pipi/netlab_gh/netsim/ansible/tasks/deploy-module.yml for dut, dut2

TASK [Figure out whether to deploy the module normalize on current device] *****
ok: [dut]
ok: [dut2]

TASK [Find configuration template for normalize] *******************************
ok: [dut]
ok: [dut2]

TASK [fail] ********************************************************************
skipping: [dut]
skipping: [dut2]

TASK [Find configuration deployment deploy_script for normalize] ***************
ok: [dut]
ok: [dut2]

TASK [Print deployed configuration when running in verbose mode] ***************
skipping: [dut]
skipping: [dut2]

TASK [Deploy normalize configuration] ******************************************
skipping: [dut]
skipping: [dut2]

TASK [Deploy initial configuration] ********************************************
included: /home/pipi/netlab_gh/netsim/ansible/tasks/deploy-module.yml for dut, dut2

TASK [Figure out whether to deploy the module initial on current device] *******
ok: [dut]
ok: [dut2]

TASK [Find configuration template for initial] *********************************
ok: [dut]
ok: [dut2]

TASK [fail] ********************************************************************
skipping: [dut]
skipping: [dut2]

TASK [Find configuration deployment deploy_script for initial] *****************
ok: [dut]
ok: [dut2]

TASK [Print deployed configuration when running in verbose mode] ***************
ok: [dut] => {
    "msg": "initial configuration for dut\n=========================================\nhostname dut\n!\nlldp enable\n!\n!\nip host dut2 10.0.0.2\nip host x1 10.0.0.3\nip host x2 10.0.0.4\nip host r1 10.0.0.5\n!\n!\ndefault mtu 1532\n!\ninterface mgmt1/1/1\n no lldp transmit\n no lldp receive\n!\ninterface loopback0\n no shutdown\n ip address 10.0.0.1/32\n no ipv6 enable\n!\ninterface ethernet1/1/1\n no shutdown\n no switchport\n description \"dut -> r1\"\n ip address 10.1.0.1/30\n ip unreachables\n no ipv6 enable\n!\ninterface ethernet1/1/2\n no shutdown\n no switchport\n description \"dut -> x1 [external]\"\n ip address 10.1.0.5/30\n ip unreachables\n no ipv6 enable\n!\ninterface ethernet1/1/3\n no shutdown\n no switchport\n description \"dut -> x2 [external]\"\n ip address 10.1.0.9/30\n ip unreachables\n no ipv6 enable\n!\ninterface ethernet1/1/4\n no shutdown\n no switchport\n description \"dut -> dut2 [external]\"\n ip address 172.0.66.1/24\n ip unreachables\n no ipv6 enable\n!\ninterface ethernet1/1/5\n no shutdown\n no switchport\n description \"dut -> stub [stub]\"\n ip address 172.0.42.1/24\n ip unreachables\n no ipv6 enable\n!\n"
}
ok: [dut2] => {
    "msg": "initial configuration for dut2\n=========================================\nhostname dut2\n!\nlldp enable\n!\n!\nip host dut 10.0.0.1\nip host x1 10.0.0.3\nip host x2 10.0.0.4\nip host r1 10.0.0.5\n!\n!\ndefault mtu 1532\n!\ninterface mgmt1/1/1\n no lldp transmit\n no lldp receive\n!\ninterface loopback0\n no shutdown\n ip address 10.0.0.2/32\n no ipv6 enable\n!\ninterface ethernet1/1/1\n no shutdown\n no switchport\n description \"dut2 -> dut [external]\"\n ip address 172.0.66.2/24\n ip unreachables\n no ipv6 enable\n!\n"
}

TASK [Deploy initial configuration] ********************************************
included: /home/pipi/netlab_gh/netsim/ansible/tasks/deploy-config/dellos10.yml for dut, dut2

TASK [wait_for_connection] *****************************************************
skipping: [dut]
skipping: [dut2]

TASK [dellos10_config: deploying initial from /work/netlab_cicd/node_files/dut/initial, save to startup=yes] ***
changed: [dut2]
changed: [dut]

PLAY [Deploy module-specific configurations] ***********************************

TASK [Set variables that cannot be set with VARS] ******************************
ok: [dut]
ok: [dut2]

TASK [Deploy individual configuration modules] *********************************
included: /home/pipi/netlab_gh/netsim/ansible/tasks/deploy-module.yml for dut, dut2 => (item=routing)
included: /home/pipi/netlab_gh/netsim/ansible/tasks/deploy-module.yml for dut, dut2 => (item=ospf)
included: /home/pipi/netlab_gh/netsim/ansible/tasks/deploy-module.yml for dut, dut2 => (item=bgp)

TASK [Figure out whether to deploy the module routing on current device] *******
ok: [dut]
ok: [dut2]

TASK [Find configuration template for routing] *********************************
skipping: [dut2]
ok: [dut]

TASK [fail] ********************************************************************
skipping: [dut]
skipping: [dut2]

TASK [Find configuration deployment deploy_script for routing] *****************
skipping: [dut2]
ok: [dut]

TASK [Print deployed configuration when running in verbose mode] ***************
skipping: [dut2]
ok: [dut] => {
    "msg": "routing configuration for dut\n=========================================\n!\n!\n! Static routes (dual routes for each entry, in entry VRF and next hop VRF)\n!\nip route 172.42.42.0/24 interface null0\nip route 172.42.42.0/24 interface null0\n"
}

TASK [Deploy routing configuration] ********************************************
skipping: [dut2]
included: /home/pipi/netlab_gh/netsim/ansible/tasks/deploy-config/dellos10.yml for dut

TASK [wait_for_connection] *****************************************************
skipping: [dut]

TASK [dellos10_config: deploying routing from /work/netlab_cicd/node_files/dut/routing, save to startup=yes] ***
changed: [dut]

TASK [Figure out whether to deploy the module ospf on current device] **********
ok: [dut]
ok: [dut2]

TASK [Find configuration template for ospf] ************************************
skipping: [dut2]
ok: [dut]

TASK [fail] ********************************************************************
skipping: [dut]
skipping: [dut2]

TASK [Find configuration deployment deploy_script for ospf] ********************
skipping: [dut2]
ok: [dut]

TASK [Print deployed configuration when running in verbose mode] ***************
skipping: [dut2]
ok: [dut] => {
    "msg": "ospf configuration for dut\n=========================================\n\nrouter ospf 1\n router-id 10.0.0.1\n\n\n\n timers lsa arrival 100\n timers spf 10 50 500\n timers throttle lsa all 100\n!\ninterface loopback0\n ip ospf 1 area 0.0.0.0\n ip ospf passive\n!\ninterface ethernet1/1/1\n! dut -> r1\n ip ospf 1 area 0.0.0.0\n ip ospf network point-to-point\n!\n\ninterface ethernet1/1/5\n! dut -> stub\n ip ospf 1 area 0.0.0.0\n ip ospf passive\n!\n\n"
}

TASK [Deploy ospf configuration] ***********************************************
skipping: [dut2]
included: /home/pipi/netlab_gh/netsim/ansible/tasks/deploy-config/dellos10.yml for dut

TASK [wait_for_connection] *****************************************************
skipping: [dut]

TASK [dellos10_config: deploying ospf from /work/netlab_cicd/node_files/dut/ospf, save to startup=yes] ***
changed: [dut]

TASK [Figure out whether to deploy the module bgp on current device] ***********
ok: [dut]
ok: [dut2]

TASK [Find configuration template for bgp] *************************************
ok: [dut]
ok: [dut2]

TASK [fail] ********************************************************************
skipping: [dut]
skipping: [dut2]

TASK [Find configuration deployment deploy_script for bgp] *********************
ok: [dut]
ok: [dut2]

TASK [Print deployed configuration when running in verbose mode] ***************
ok: [dut] => {
    "msg": "bgp configuration for dut\n=========================================\n!\nrouter bgp 65000\n  log-neighbor-changes\n\n! define a generic unnumbered template to be used for eBGP unnumbered...\n! additionally, need to define link-local-only-nexthop as per Dell suggested \"Cumulus workaround\"\n! WTF Dell...\n  template unnumbered_ebgp\n    link-local-only-nexthop\n    exit\n\n  router-id 10.0.0.1\n!\n  neighbor 10.0.0.5\n    remote-as 65000\n    \n    description \"r1\"\n    update-source loopback0\n!\n    address-family ipv4 unicast\n      next-hop-self\n    exit\n    send-community standard\n    send-community extended\n\n!\n    address-family ipv4 unicast\n      soft-reconfiguration inbound\n      activate\n    exit\n    address-family ipv6 unicast\n      no activate\n    exit\n\n    timers 3 9\n    advertisement-interval 1\n    no shutdown\n  exit\n!\n  neighbor 10.1.0.6\n    remote-as 65100\n    \n    description \"x1\"\n    send-community standard\n\n!\n    address-family ipv4 unicast\n      soft-reconfiguration inbound\n      activate\n    exit\n    address-family ipv6 unicast\n      no activate\n    exit\n\n    timers 3 9\n    advertisement-interval 1\n    no shutdown\n  exit\n!\n  neighbor 10.1.0.10\n    remote-as 65101\n    \n    description \"x2\"\n    send-community standard\n\n!\n    address-family ipv4 unicast\n      soft-reconfiguration inbound\n      activate\n    exit\n    address-family ipv6 unicast\n      no activate\n    exit\n\n    timers 3 9\n    advertisement-interval 1\n    no shutdown\n  exit\n!\n  neighbor 172.0.66.2\n    remote-as 65001\n    \n    description \"dut2\"\n    send-community standard\n\n!\n    address-family ipv4 unicast\n      soft-reconfiguration inbound\n      activate\n    exit\n    address-family ipv6 unicast\n      no activate\n    exit\n\n    timers 3 9\n    advertisement-interval 1\n    no shutdown\n  exit\n!\n!\n address-family ipv4 unicast\n!\n\n  network 172.42.43.0/24\n  network 172.42.42.0/24\n  network 172.0.42.0/24\n!\n!\n"
}
ok: [dut2] => {
    "msg": "bgp configuration for dut2\n=========================================\n!\nrouter bgp 65001\n  log-neighbor-changes\n\n! define a generic unnumbered template to be used for eBGP unnumbered...\n! additionally, need to define link-local-only-nexthop as per Dell suggested \"Cumulus workaround\"\n! WTF Dell...\n  template unnumbered_ebgp\n    link-local-only-nexthop\n    exit\n\n  router-id 10.0.0.2\n!\n  neighbor 172.0.66.1\n    remote-as 65000\n    \n    description \"dut\"\n    send-community standard\n\n!\n    address-family ipv4 unicast\n      soft-reconfiguration inbound\n      activate\n    exit\n    address-family ipv6 unicast\n      no activate\n    exit\n\n    timers 3 9\n    advertisement-interval 1\n    no shutdown\n  exit\n!\n!\n address-family ipv4 unicast\n!\n\n  network 10.0.0.2/32\n!\n!\n"
}

TASK [Deploy bgp configuration] ************************************************
included: /home/pipi/netlab_gh/netsim/ansible/tasks/deploy-config/dellos10.yml for dut, dut2

TASK [wait_for_connection] *****************************************************
skipping: [dut]
skipping: [dut2]

TASK [dellos10_config: deploying bgp from /work/netlab_cicd/node_files/dut/bgp, save to startup=yes] ***
changed: [dut2]
changed: [dut]

PLAY [Deploy custom deployment templates] **************************************
skipping: no hosts matched

PLAY RECAP *********************************************************************
dut                        : ok=34   changed=4    unreachable=0    failed=0    skipped=11   rescued=0    ignored=0   
dut2                       : ok=24   changed=2    unreachable=0    failed=0    skipped=17   rescued=0    ignored=0   

Results of configuration script deployments
================================================================================
x1               Script:  initial,bgp
x2               Script:  initial,bgp
r1               Script:  initial,ospf,bgp


Use this topology to test the origination and propagation
of IPv4 prefixes.

