Creating Device configuration snippets
[CREATED] dut: initial,ospf,bgp
[CREATED] rc: initial,routing,ospf,bgp,frr-community
[CREATED] r2: initial,ospf,bgp
[CREATED] x1: initial,bgp
Config Deploying device configurations
 [INFO] Executing initial configuration for node rc
 [INFO] Executing initial configuration for node r2
 [INFO] Executing initial configuration for node x1
 [INFO] Executing ospf configuration for node r2
 [INFO] Executing routing configuration for node rc
 [INFO] Executing bgp configuration for node x1
 [INFO] Executing ospf configuration for node rc
 [INFO] Executing bgp configuration for node r2
 [INFO] Executing bgp configuration for node rc
 [INFO] Executing frr-community configuration for node rc
 [INFO] Starting Ansible playbook to deploy the rest of the
          configurations
[WARNING]: Found variable using reserved name: hosts

PLAY [Deploy initial device configuration] *************************************

TASK [Set variables that cannot be set with VARS] ******************************
ok: [dut]

TASK [Normalize config on bridge-like devices] *********************************
included: /home/pipi/net101/tools/netsim/ansible/tasks/deploy-module.yml for dut

TASK [Figure out whether to deploy the module normalize on current device] *****
ok: [dut]

TASK [Find configuration template for normalize] *******************************
ok: [dut]

TASK [fail] ********************************************************************
skipping: [dut]

TASK [Find configuration deployment deploy_script for normalize] ***************
ok: [dut]

TASK [Print deployed configuration when running in verbose mode] ***************
skipping: [dut]

TASK [Deploy normalize configuration] ******************************************
skipping: [dut]

TASK [Deploy initial configuration] ********************************************
included: /home/pipi/net101/tools/netsim/ansible/tasks/deploy-module.yml for dut

TASK [Figure out whether to deploy the module initial on current device] *******
ok: [dut]

TASK [Find configuration template for initial] *********************************
ok: [dut]

TASK [fail] ********************************************************************
skipping: [dut]

TASK [Find configuration deployment deploy_script for initial] *****************
ok: [dut]

TASK [Print deployed configuration when running in verbose mode] ***************
ok: [dut] => {
    "msg": "initial configuration for dut\n=========================================\nhostname dut\n!\nlldp enable\n!\n!\nip host rc 10.0.0.10\nip host r2 10.0.0.2\nip host x1 10.0.0.3\n!\n!\ndefault mtu 1532\n!\ninterface mgmt1/1/1\n no lldp transmit\n no lldp receive\n!\ninterface loopback0\n no shutdown\n ip address 10.0.0.1/32\n no ipv6 enable\n!\ninterface ethernet1/1/1\n no shutdown\n no switchport\n description \"dut -> r2\"\n ip address 10.1.0.1/30\n ip unreachables\n no ipv6 enable\n!\ninterface ethernet1/1/2\n no shutdown\n no switchport\n description \"dut -> x1 [external]\"\n ip address 10.1.0.9/30\n ip unreachables\n no ipv6 enable\n!\n"
}

TASK [Deploy initial configuration] ********************************************
included: /home/pipi/net101/tools/netsim/ansible/tasks/deploy-config/dellos10.yml for dut

TASK [wait_for_connection] *****************************************************
skipping: [dut]

TASK [dellos10_config: deploying initial from /work/netlab_cicd/other_vm/node_files/dut/initial, save to startup=yes] ***
changed: [dut]

PLAY [Deploy module-specific configurations] ***********************************

TASK [Set variables that cannot be set with VARS] ******************************
ok: [dut]

TASK [Deploy individual configuration modules] *********************************
included: /home/pipi/net101/tools/netsim/ansible/tasks/deploy-module.yml for dut => (item=routing)
included: /home/pipi/net101/tools/netsim/ansible/tasks/deploy-module.yml for dut => (item=ospf)
included: /home/pipi/net101/tools/netsim/ansible/tasks/deploy-module.yml for dut => (item=bgp)

TASK [Figure out whether to deploy the module routing on current device] *******
ok: [dut]

TASK [Find configuration template for routing] *********************************
skipping: [dut]

TASK [fail] ********************************************************************
skipping: [dut]

TASK [Find configuration deployment deploy_script for routing] *****************
skipping: [dut]

TASK [Print deployed configuration when running in verbose mode] ***************
skipping: [dut]

TASK [Deploy routing configuration] ********************************************
skipping: [dut]

TASK [Figure out whether to deploy the module ospf on current device] **********
ok: [dut]

TASK [Find configuration template for ospf] ************************************
ok: [dut]

TASK [fail] ********************************************************************
skipping: [dut]

TASK [Find configuration deployment deploy_script for ospf] ********************
ok: [dut]

TASK [Print deployed configuration when running in verbose mode] ***************
ok: [dut] => {
    "msg": "ospf configuration for dut\n=========================================\n\nrouter ospf 1\n router-id 10.0.0.1\n\n\n\n timers lsa arrival 100\n timers spf 10 50 500\n timers throttle lsa all 100\n!\ninterface loopback0\n ip ospf 1 area 0.0.0.0\n ip ospf passive\n!\ninterface ethernet1/1/1\n! dut -> r2\n ip ospf 1 area 0.0.0.0\n ip ospf network point-to-point\n ip ospf hello-interval 1\n ip ospf dead-interval 3\n!\n\n"
}

TASK [Deploy ospf configuration] ***********************************************
included: /home/pipi/net101/tools/netsim/ansible/tasks/deploy-config/dellos10.yml for dut

TASK [wait_for_connection] *****************************************************
skipping: [dut]

TASK [dellos10_config: deploying ospf from /work/netlab_cicd/other_vm/node_files/dut/ospf, save to startup=yes] ***
changed: [dut]

TASK [Figure out whether to deploy the module bgp on current device] ***********
ok: [dut]

TASK [Find configuration template for bgp] *************************************
ok: [dut]

TASK [fail] ********************************************************************
skipping: [dut]

TASK [Find configuration deployment deploy_script for bgp] *********************
ok: [dut]

TASK [Print deployed configuration when running in verbose mode] ***************
ok: [dut] => {
    "msg": "bgp configuration for dut\n=========================================\n!\nrouter bgp 65000\n  log-neighbor-changes\n\n! define a generic unnumbered template to be used for eBGP unnumbered...\n! additionally, need to define link-local-only-nexthop as per Dell suggested \"Cumulus workaround\"\n! WTF Dell...\n  template unnumbered_ebgp\n    link-local-only-nexthop\n    exit\n\n  router-id 10.0.0.1\n  cluster-id 10.0.0.1\n  client-to-client reflection\n!\n  neighbor 10.0.0.10\n    remote-as 65000\n    \n    description \"rc\"\n    update-source loopback0\n!\n    address-family ipv4 unicast\n      next-hop-self\n    exit\n    route-reflector-client\n    send-community standard\n    send-community extended\n\n!\n    address-family ipv4 unicast\n      soft-reconfiguration inbound\n      activate\n    exit\n    address-family ipv6 unicast\n      no activate\n    exit\n\n    timers 3 9\n    advertisement-interval 1\n    no shutdown\n  exit\n!\n  neighbor 10.0.0.2\n    remote-as 65000\n    \n    description \"r2\"\n    update-source loopback0\n!\n    address-family ipv4 unicast\n      next-hop-self\n    exit\n    route-reflector-client\n    send-community standard\n    send-community extended\n\n!\n    address-family ipv4 unicast\n      soft-reconfiguration inbound\n      activate\n    exit\n    address-family ipv6 unicast\n      no activate\n    exit\n\n    timers 3 9\n    advertisement-interval 1\n    no shutdown\n  exit\n!\n  neighbor 10.1.0.10\n    remote-as 65101\n    \n    description \"x1\"\n    send-community standard\n\n!\n    address-family ipv4 unicast\n      soft-reconfiguration inbound\n      activate\n    exit\n    address-family ipv6 unicast\n      no activate\n    exit\n\n    timers 3 9\n    advertisement-interval 1\n    no shutdown\n  exit\n!\n!\n address-family ipv4 unicast\n!\n\n  network 10.0.0.1/32\n!\n"
}

TASK [Deploy bgp configuration] ************************************************
included: /home/pipi/net101/tools/netsim/ansible/tasks/deploy-config/dellos10.yml for dut

TASK [wait_for_connection] *****************************************************
skipping: [dut]

TASK [dellos10_config: deploying bgp from /work/netlab_cicd/other_vm/node_files/dut/bgp, save to startup=yes] ***
changed: [dut]

PLAY [Deploy custom deployment templates] **************************************
skipping: no hosts matched

PLAY RECAP *********************************************************************
dut                        : ok=29   changed=3    unreachable=0    failed=0    skipped=14   rescued=0    ignored=0   

Results of configuration script deployments
================================================================================
rc               Script:  initial,routing,ospf,bgp,frr-community
r2               Script:  initial,ospf,bgp
x1               Script:  initial,bgp


Use this topology to test the BGP community propagation. The device under test
is a BGP route reflector that should propagate standard and extended
communities to IBGP neighbors but only standard communities to EBGP neighbors
(the default setting).

Three BGP communities are attached to the prefix advertised by RC: a standard
one, an extended one, and a long one (standard communitiy using 4-octet AS)

