Creating Device configuration snippets
[CREATED] dut: initial,ospf,bgp
[CREATED] dut2: initial,bgp
[CREATED] x1: initial,bgp
[CREATED] x2: initial,bgp
[CREATED] r1: initial,ospf
Config Deploying device configurations
 [INFO] Executing initial configuration for node x1
 [INFO] Executing initial configuration for node x2
 [INFO] Executing initial configuration for node r1
 [INFO] Executing bgp configuration for node x1
 [INFO] Executing bgp configuration for node x2
 [INFO] Executing ospf configuration for node r1
 [INFO] Starting Ansible playbook to deploy the rest of the
          configurations
[WARNING]: Found variable using reserved name: hosts

PLAY [Deploy initial device configuration] *************************************

TASK [Set variables that cannot be set with VARS] ******************************
ok: [dut]
ok: [dut2]

TASK [Normalize config on bridge-like devices] *********************************
included: /home/pipi/netlab_gh/netsim/ansible/tasks/deploy-module.yml for dut, dut2

TASK [Figure out whether to deploy the module normalize on current device] *****
ok: [dut]
ok: [dut2]

TASK [Find configuration template for normalize] *******************************
ok: [dut]
ok: [dut2]

TASK [fail] ********************************************************************
skipping: [dut]
skipping: [dut2]

TASK [Find configuration deployment deploy_script for normalize] ***************
ok: [dut]
ok: [dut2]

TASK [Print deployed configuration when running in verbose mode] ***************
skipping: [dut]
skipping: [dut2]

TASK [Deploy normalize configuration] ******************************************
skipping: [dut]
skipping: [dut2]

TASK [Deploy initial configuration] ********************************************
included: /home/pipi/netlab_gh/netsim/ansible/tasks/deploy-module.yml for dut, dut2

TASK [Figure out whether to deploy the module initial on current device] *******
ok: [dut2]
ok: [dut]

TASK [Find configuration template for initial] *********************************
ok: [dut]
ok: [dut2]

TASK [fail] ********************************************************************
skipping: [dut]
skipping: [dut2]

TASK [Find configuration deployment deploy_script for initial] *****************
ok: [dut]
ok: [dut2]

TASK [Print deployed configuration when running in verbose mode] ***************
ok: [dut] => {
    "msg": "initial configuration for dut\n=========================================\nhostname dut\n!\nlldp enable\n!\n!\n!\n!\ndefault mtu 1532\n!\ninterface mgmt1/1/1\n no lldp transmit\n no lldp receive\n!\ninterface loopback0\n no shutdown\n ipv6 address 2001:db8:1::1/128\n!\ninterface ethernet1/1/1\n no shutdown\n no switchport\n description \"dut -> x1 [external]\"\n ipv6 nd max-ra-interval 4\n ipv6 nd min-ra-interval 3\n ipv6 nd send-ra\n ipv6 address 2001:db8:3::1/64\n ipv6 unreachables\n!\ninterface ethernet1/1/2\n no shutdown\n no switchport\n description \"dut -> x2 [external]\"\n ipv6 nd max-ra-interval 4\n ipv6 nd min-ra-interval 3\n ipv6 nd send-ra\n ipv6 address 2001:db8:3:1::1/64\n ipv6 unreachables\n!\ninterface ethernet1/1/3\n no shutdown\n no switchport\n description \"dut -> r1\"\n ipv6 nd max-ra-interval 4\n ipv6 nd min-ra-interval 3\n ipv6 nd send-ra\n ipv6 address 2001:db8:3:2::1/64\n ipv6 unreachables\n!\ninterface ethernet1/1/4\n no shutdown\n no switchport\n description \"dut -> dut2 [external]\"\n ipv6 nd max-ra-interval 4\n ipv6 nd min-ra-interval 3\n ipv6 nd send-ra\n ipv6 address 2001:db8:cafe:e01::1/64\n ipv6 unreachables\n!\ninterface ethernet1/1/5\n no shutdown\n no switchport\n description \"dut -> stub [stub]\"\n ipv6 nd max-ra-interval 4\n ipv6 nd min-ra-interval 3\n ipv6 nd send-ra\n ipv6 address 2001:db8:cafe:e42::1/64\n ipv6 unreachables\n!\n"
}
ok: [dut2] => {
    "msg": "initial configuration for dut2\n=========================================\nhostname dut2\n!\nlldp enable\n!\n!\n!\n!\ndefault mtu 1532\n!\ninterface mgmt1/1/1\n no lldp transmit\n no lldp receive\n!\ninterface loopback0\n no shutdown\n ipv6 address 2001:db8:1::2/128\n!\ninterface ethernet1/1/1\n no shutdown\n no switchport\n description \"dut2 -> dut [external]\"\n ipv6 nd max-ra-interval 4\n ipv6 nd min-ra-interval 3\n ipv6 nd send-ra\n ipv6 address 2001:db8:cafe:e01::2/64\n ipv6 unreachables\n!\n"
}

TASK [Deploy initial configuration] ********************************************
included: /home/pipi/netlab_gh/netsim/ansible/tasks/deploy-config/dellos10.yml for dut, dut2

TASK [wait_for_connection] *****************************************************
skipping: [dut]
skipping: [dut2]

TASK [dellos10_config: deploying initial from /work/netlab_cicd/node_files/dut/initial, save to startup=yes] ***
changed: [dut2]
changed: [dut]

PLAY [Deploy module-specific configurations] ***********************************

TASK [Set variables that cannot be set with VARS] ******************************
ok: [dut]
ok: [dut2]

TASK [Deploy individual configuration modules] *********************************
included: /home/pipi/netlab_gh/netsim/ansible/tasks/deploy-module.yml for dut, dut2 => (item=ospf)
included: /home/pipi/netlab_gh/netsim/ansible/tasks/deploy-module.yml for dut, dut2 => (item=bgp)

TASK [Figure out whether to deploy the module ospf on current device] **********
ok: [dut]
ok: [dut2]

TASK [Find configuration template for ospf] ************************************
skipping: [dut2]
ok: [dut]

TASK [fail] ********************************************************************
skipping: [dut]
skipping: [dut2]

TASK [Find configuration deployment deploy_script for ospf] ********************
skipping: [dut2]
ok: [dut]

TASK [Print deployed configuration when running in verbose mode] ***************
skipping: [dut2]
ok: [dut] => {
    "msg": "ospf configuration for dut\n=========================================\n\nrouter ospfv3 1\n router-id 10.0.0.1\n\n\n\ntimers spf 10 50 500\n!\ninterface loopback0\n ipv6 ospf 1 area 0.0.0.0\n ipv6 ospf passive\n!\ninterface ethernet1/1/3\n! dut -> r1\n ipv6 ospf 1 area 0.0.0.0\n ipv6 ospf network point-to-point\n!\n\ninterface ethernet1/1/5\n! dut -> stub\n ipv6 ospf 1 area 0.0.0.0\n ipv6 ospf passive\n!\n\n"
}

TASK [Deploy ospf configuration] ***********************************************
skipping: [dut2]
included: /home/pipi/netlab_gh/netsim/ansible/tasks/deploy-config/dellos10.yml for dut

TASK [wait_for_connection] *****************************************************
skipping: [dut]

TASK [dellos10_config: deploying ospf from /work/netlab_cicd/node_files/dut/ospf, save to startup=yes] ***
changed: [dut]

TASK [Figure out whether to deploy the module bgp on current device] ***********
ok: [dut]
ok: [dut2]

TASK [Find configuration template for bgp] *************************************
ok: [dut]
ok: [dut2]

TASK [fail] ********************************************************************
skipping: [dut]
skipping: [dut2]

TASK [Find configuration deployment deploy_script for bgp] *********************
ok: [dut]
ok: [dut2]

TASK [Print deployed configuration when running in verbose mode] ***************
ok: [dut] => {
    "msg": "bgp configuration for dut\n=========================================\n!\nrouter bgp 65000\n  log-neighbor-changes\n\n! define a generic unnumbered template to be used for eBGP unnumbered...\n! additionally, need to define link-local-only-nexthop as per Dell suggested \"Cumulus workaround\"\n! WTF Dell...\n  template unnumbered_ebgp\n    link-local-only-nexthop\n    exit\n\n  router-id 10.0.0.1\n!\n  neighbor 2001:db8:3::3\n    remote-as 65100\n    \n    description \"x1\"\n    send-community standard\n\n    address-family ipv4 unicast\n      no activate\n    exit\n!\n    address-family ipv6 unicast\n      soft-reconfiguration inbound\n      activate\n    exit\n\n    timers 3 9\n    advertisement-interval 1\n    no shutdown\n  exit\n!\n  neighbor 2001:db8:3:1::4\n    remote-as 65101\n    \n    description \"x2\"\n    send-community standard\n\n    address-family ipv4 unicast\n      no activate\n    exit\n!\n    address-family ipv6 unicast\n      soft-reconfiguration inbound\n      activate\n    exit\n\n    timers 3 9\n    advertisement-interval 1\n    no shutdown\n  exit\n!\n  neighbor 2001:db8:cafe:e01::2\n    remote-as 65001\n    \n    description \"dut2\"\n    send-community standard\n\n    address-family ipv4 unicast\n      no activate\n    exit\n!\n    address-family ipv6 unicast\n      soft-reconfiguration inbound\n      activate\n    exit\n\n    timers 3 9\n    advertisement-interval 1\n    no shutdown\n  exit\n!\n!\n address-family ipv6 unicast\n!\n\n  network 2001:db8:bad:1::/64\n  network 2001:db8:cafe:e42::/64\n!\n!\n"
}
ok: [dut2] => {
    "msg": "bgp configuration for dut2\n=========================================\n!\nrouter bgp 65001\n  log-neighbor-changes\n\n! define a generic unnumbered template to be used for eBGP unnumbered...\n! additionally, need to define link-local-only-nexthop as per Dell suggested \"Cumulus workaround\"\n! WTF Dell...\n  template unnumbered_ebgp\n    link-local-only-nexthop\n    exit\n\n  router-id 10.0.0.2\n!\n  neighbor 2001:db8:cafe:e01::1\n    remote-as 65000\n    \n    description \"dut\"\n    send-community standard\n\n    address-family ipv4 unicast\n      no activate\n    exit\n!\n    address-family ipv6 unicast\n      soft-reconfiguration inbound\n      activate\n    exit\n\n    timers 3 9\n    advertisement-interval 1\n    no shutdown\n  exit\n!\n!\n address-family ipv6 unicast\n!\n\n  network 2001:db8:1::2/128\n!\n!\n"
}

TASK [Deploy bgp configuration] ************************************************
included: /home/pipi/netlab_gh/netsim/ansible/tasks/deploy-config/dellos10.yml for dut, dut2

TASK [wait_for_connection] *****************************************************
skipping: [dut]
skipping: [dut2]

TASK [dellos10_config: deploying bgp from /work/netlab_cicd/node_files/dut/bgp, save to startup=yes] ***
changed: [dut2]
changed: [dut]

PLAY [Deploy custom deployment templates] **************************************
skipping: no hosts matched

PLAY RECAP *********************************************************************
dut                        : ok=27   changed=3    unreachable=0    failed=0    skipped=9    rescued=0    ignored=0   
dut2                       : ok=22   changed=2    unreachable=0    failed=0    skipped=12   rescued=0    ignored=0   

Results of configuration script deployments
================================================================================
x1               Script:  initial,bgp
x2               Script:  initial,bgp
r1               Script:  initial,ospf


Use this topology to test the origination and propagation
of IPv6 prefixes.

