Creating Device configuration snippets
[CREATED] dut: initial,bgp
[CREATED] x1: initial,bgp
[CREATED] x2: initial,bgp
[CREATED] x3: initial,bgp
Config Deploying device configurations
 [INFO] Executing initial configuration for node x1
 [INFO] Executing initial configuration for node x2
 [INFO] Executing initial configuration for node x3
 [INFO] Executing bgp configuration for node x2
 [INFO] Executing bgp configuration for node x1
 [INFO] Executing bgp configuration for node x3
 [INFO] Starting Ansible playbook to deploy the rest of the
          configurations
[WARNING]: Found variable using reserved name: hosts

PLAY [Deploy initial device configuration] *************************************

TASK [Set variables that cannot be set with VARS] ******************************
ok: [dut]

TASK [Normalize config on bridge-like devices] *********************************
included: /home/pipi/net101/tools/netsim/ansible/tasks/deploy-module.yml for dut

TASK [Figure out whether to deploy the module normalize on current device] *****
ok: [dut]

TASK [Find configuration template for normalize] *******************************
ok: [dut]

TASK [fail] ********************************************************************
skipping: [dut]

TASK [Find configuration deployment deploy_script for normalize] ***************
ok: [dut]

TASK [Print deployed configuration when running in verbose mode] ***************
skipping: [dut]

TASK [Deploy normalize configuration] ******************************************
skipping: [dut]

TASK [Deploy initial configuration] ********************************************
included: /home/pipi/net101/tools/netsim/ansible/tasks/deploy-module.yml for dut

TASK [Figure out whether to deploy the module initial on current device] *******
ok: [dut]

TASK [Find configuration template for initial] *********************************
ok: [dut]

TASK [fail] ********************************************************************
skipping: [dut]

TASK [Find configuration deployment deploy_script for initial] *****************
ok: [dut]

TASK [Print deployed configuration when running in verbose mode] ***************
ok: [dut] => {
    "msg": "initial configuration for dut\n=========================================\nhostname dut\n!\nlldp enable\n!\n!\n!\n!\ndefault mtu 1532\n!\ninterface mgmt1/1/1\n no lldp transmit\n no lldp receive\n!\ninterface loopback0\n no shutdown\n ipv6 address 2001:db8:1::1/128\n!\ninterface ethernet1/1/1\n no shutdown\n no switchport\n description \"dut -> x1 [external]\"\n ipv6 nd max-ra-interval 4\n ipv6 nd min-ra-interval 3\n ipv6 nd send-ra\n ipv6 enable\n ipv6 unreachables\n!\ninterface ethernet1/1/2\n no shutdown\n no switchport\n description \"dut -> x2 [external]\"\n ipv6 nd max-ra-interval 4\n ipv6 nd min-ra-interval 3\n ipv6 nd send-ra\n ipv6 enable\n ipv6 unreachables\n!\ninterface ethernet1/1/3\n no shutdown\n no switchport\n description \"dut -> x3 [external]\"\n ipv6 nd max-ra-interval 4\n ipv6 nd min-ra-interval 3\n ipv6 nd send-ra\n ipv6 address 2001:db8:3::1/64\n ipv6 unreachables\n!\n"
}

TASK [Deploy initial configuration] ********************************************
included: /home/pipi/net101/tools/netsim/ansible/tasks/deploy-config/dellos10.yml for dut

TASK [wait_for_connection] *****************************************************
skipping: [dut]

TASK [dellos10_config: deploying initial from /work/netlab_cicd/other_vm/node_files/dut/initial, save to startup=yes] ***
changed: [dut]

PLAY [Deploy module-specific configurations] ***********************************

TASK [Set variables that cannot be set with VARS] ******************************
ok: [dut]

TASK [Deploy individual configuration modules] *********************************
included: /home/pipi/net101/tools/netsim/ansible/tasks/deploy-module.yml for dut => (item=bgp)

TASK [Figure out whether to deploy the module bgp on current device] ***********
ok: [dut]

TASK [Find configuration template for bgp] *************************************
ok: [dut]

TASK [fail] ********************************************************************
skipping: [dut]

TASK [Find configuration deployment deploy_script for bgp] *********************
ok: [dut]

TASK [Print deployed configuration when running in verbose mode] ***************
ok: [dut] => {
    "msg": "bgp configuration for dut\n=========================================\n!\nrouter bgp 65000\n  log-neighbor-changes\n\n! define a generic unnumbered template to be used for eBGP unnumbered...\n! additionally, need to define link-local-only-nexthop as per Dell suggested \"Cumulus workaround\"\n! WTF Dell...\n  template unnumbered_ebgp\n    link-local-only-nexthop\n    exit\n\n  router-id 10.0.0.1\n!\n  neighbor interface ethernet1/1/1\n! This is an unnumbered eBGP session\n! WTF Remote-AS configuration not supported for unnumbered peer\n    inherit template unnumbered_ebgp inherit-type ebgp\n    \n    description \"x1\"\n    send-community standard\n\n    address-family ipv4 unicast\n      no activate\n    exit\n!\n    address-family ipv6 unicast\n      soft-reconfiguration inbound\n      activate\n    exit\n\n    timers 3 9\n    advertisement-interval 1\n    no shutdown\n  exit\n!\n  neighbor interface ethernet1/1/2\n! This is an unnumbered eBGP session\n! WTF Remote-AS configuration not supported for unnumbered peer\n    inherit template unnumbered_ebgp inherit-type ebgp\n    \n    description \"x2\"\n    send-community standard\n\n    address-family ipv4 unicast\n      no activate\n    exit\n!\n    address-family ipv6 unicast\n      soft-reconfiguration inbound\n      activate\n    exit\n\n    timers 3 9\n    advertisement-interval 1\n    no shutdown\n  exit\n!\n  neighbor 2001:db8:3::4\n    remote-as 65102\n    \n    description \"x3\"\n    send-community standard\n\n    address-family ipv4 unicast\n      no activate\n    exit\n!\n    address-family ipv6 unicast\n      soft-reconfiguration inbound\n      activate\n    exit\n\n    timers 3 9\n    advertisement-interval 1\n    no shutdown\n  exit\n!\n!\n address-family ipv6 unicast\n!\n\n  network 2001:db8:1::1/128\n!\n"
}

TASK [Deploy bgp configuration] ************************************************
included: /home/pipi/net101/tools/netsim/ansible/tasks/deploy-config/dellos10.yml for dut

TASK [wait_for_connection] *****************************************************
skipping: [dut]

TASK [dellos10_config: deploying bgp from /work/netlab_cicd/other_vm/node_files/dut/bgp, save to startup=yes] ***
changed: [dut]

PLAY [Deploy custom deployment templates] **************************************
skipping: no hosts matched

PLAY RECAP *********************************************************************
dut                        : ok=20   changed=2    unreachable=0    failed=0    skipped=7    rescued=0    ignored=0   

Results of configuration script deployments
================================================================================
x1               Script:  initial,bgp
x2               Script:  initial,bgp
x3               Script:  initial,bgp


Use this topology to test the IPv6 LLA EBGP implementation and
propagation of routes between EBGP speakers.

