Creating Device configuration snippets
[CREATED] dut_pe: initial,bgp,srv6
[CREATED] dut_p: initial,bgp,srv6
[CREATED] pe2: initial,bgp,srv6
[CREATED] ce1: initial,bgp
[CREATED] ce2: initial,bgp
[CREATED] h1: initial,routing
[CREATED] h2: initial,routing
Checking Are lab devices ready to be configured?
 [INFO] Checking SSH server(s) on dut_pe,dut_p
[SSH]     SSH server on node dut_p (device iosxr) is ready after 26.1 seconds
[SSH]     SSH server on node dut_pe (device iosxr) is ready after 32.0 seconds
Config Deploying device configurations
 [INFO] Executing initial configuration for node dut_pe
 [INFO] Executing initial configuration for node dut_p
 [INFO] Executing initial configuration for node pe2
 [INFO] Executing initial configuration for node ce1
 [INFO] Executing initial configuration for node ce2
 [INFO] Executing initial configuration for node h1 (namespace clab-
          ml-17-h1)
 [INFO] Executing initial configuration for node h2 (namespace clab-
          ml-17-h2)
 [INFO] Executing routing configuration for node h2 (namespace clab-
          ml-17-h2)
 [INFO] Executing routing configuration for node h1 (namespace clab-
          ml-17-h1)
 [INFO] Executing bgp configuration for node ce2
 [INFO] Executing bgp configuration for node pe2
 [INFO] Executing bgp configuration for node ce1
 [INFO] Executing srv6 configuration for node pe2
 [INFO] Executing bgp configuration for node dut_p
 [INFO] Executing bgp configuration for node dut_pe
 [INFO] Executing srv6 configuration for node dut_p
 [INFO] Executing srv6 configuration for node dut_pe

Results of configuration script deployments
================================================================================
dut_pe           Script:  initial,bgp,srv6
dut_p            Script:  initial,bgp,srv6
pe2              Script:  initial,bgp,srv6
ce1              Script:  initial,bgp
ce2              Script:  initial,bgp
h1               Script:  initial,routing
h2               Script:  initial,routing


The tested device runs inter-AS SRv6 across an IPv6-only network to
interconnect two IPv4-only networks. The validation test checks end-to-end
IPv4 connectivity across a SRv6 core. See
https://www.ietf.org/archive/id/draft-mishra-idr-v4-islands-v6-core-4pe-06.html

