Checking virtualization provider installation
OK: clab installed and working correctly
Stopping clab nodes
 [INFO] Setting containerlab runtime to docker
provider clab: executing flock -E 42 /tmp/netlab.lock containerlab destroy --cleanup -t clab.yml
10:27:10 INFO Parsing & checking topology file=clab.yml
10:27:10 INFO Parsing & checking topology file=clab.yml
10:27:10 INFO Destroying lab name=ml-17
10:27:10 INFO Removed container name=clab-ml-17-h1
10:27:11 INFO Removed container name=clab-ml-17-ce2
10:27:11 INFO Removed container name=clab-ml-17-h2
10:27:11 INFO Removed container name=clab-ml-17-pe2
10:27:11 INFO Removed container name=clab-ml-17-ce1
10:27:12 INFO Removed container name=clab-ml-17-dut_pe
10:27:12 INFO Removed container name=clab-ml-17-dut_p
10:27:12 INFO Removing host entries path=/etc/hosts
10:27:12 INFO Removing SSH config path=/etc/ssh/ssh_config.d/clab-ml-17.conf
Cleanup configuration files
... removing clab.yml
... removing ansible.cfg
... removing hosts.yml
... removing directory tree group_vars
... removing directory tree host_vars
... removing directory tree node_files
... removing netlab.snapshot.pickle
