Using transformed lab topology from snapshot file netlab.snapshot.pickle
Checking virtualization provider installation
OK: clab installed and working correctly
Starting clab nodes
provider clab: executing flock -E 42 /tmp/netlab.lock sudo -E containerlab deploy --reconfigure -t clab.yml
23:06:52 INFO Containerlab started version=0.75.0
23:06:52 INFO Parsing & checking topology file=clab.yml
23:06:52 INFO Removing directory path=/work/netlab_cicd/junos/clab-ml-31
23:06:52 INFO Creating docker network name=nl_mgmt_31 IPv4 subnet=192.168.31.0/24 IPv6 subnet="" MTU=0
23:06:52 INFO Creating lab directory path=/work/netlab_cicd/junos/clab-ml-31
23:06:52 INFO Creating container name=x1
23:06:52 INFO Creating container name=probe
23:06:52 INFO Creating container name=dut
23:06:53 INFO Created link: dut:eth1 ▪┄┄▪ probe:eth1
23:06:53 INFO Created link: dut:eth2 ▪┄┄▪ x1:eth1
23:06:54 INFO Executed command node=probe command="sleep 1" stdout=""
23:06:54 INFO Executed command node=x1 command="sleep 1" stdout=""
23:06:54 INFO Adding host entries path=/etc/hosts
23:06:54 INFO Adding SSH config for nodes path=/etc/ssh/ssh_config.d/clab-ml-31.conf
[1m╭[0m[1m──────────────────[0m[1m┬[0m[1m────────────────────────────────────────────[0m[1m┬[0m[1m────────────────────[0m[1m┬[0m[1m────────────────[0m[1m╮[0m
[1m│[0m[1m       Name       [0m[1m│[0m[1m                 Kind/Image                 [0m[1m│[0m[1m        State       [0m[1m│[0m[1m IPv4/6 Address [0m[1m│[0m
[1m├[0m[1m──────────────────[0m[1m┼[0m[1m────────────────────────────────────────────[0m[1m┼[0m[1m────────────────────[0m[1m┼[0m[1m────────────────[0m[1m┤[0m
│ clab-ml-31-dut   │ juniper_vjunosrouter                       │ running            │ 192.168.31.101 │
│                  │ vrnetlab/juniper_vjunos-router:23.4R2-S2.1 │ (health: starting) │ N/A            │
├──────────────────┼────────────────────────────────────────────┼────────────────────┼────────────────┤
│ clab-ml-31-probe │ linux                                      │ running            │ 192.168.31.102 │
│                  │ quay.io/frrouting/frr:10.6.1               │                    │ N/A            │
├──────────────────┼────────────────────────────────────────────┼────────────────────┼────────────────┤
│ clab-ml-31-x1    │ linux                                      │ running            │ 192.168.31.103 │
│                  │ quay.io/frrouting/frr:10.6.1               │                    │ N/A            │
╰──────────────────┴────────────────────────────────────────────┴────────────────────┴────────────────╯

Initial configuration skipped, run 'netlab initial' to configure the devices
