vjunos-router:  [INFO] Adjusted wait time in 'ping_x1_v4' validation
          test to 60
vjunos-router:  [INFO] Adjusted wait time in 'ping_x1_v6' validation
          test to 60
vjunos-router:  [INFO] Adjusted wait time in 'ping_x2_v4' validation
          test to 60
vjunos-router:  [INFO] Adjusted wait time in 'ping_x2_v6' validation
          test to 60
[CONFIG]  dut: initial,routing
[CONFIG]  x1: initial,ospf,daemons,hosts
[CONFIG]  x2: initial,ospf,daemons,hosts (shared)
Created provider configuration file: clab.yml
Created pickled transformed topology data into netlab.snapshot.pickle
Created group_vars for all
Created group_vars for modules
Created group_vars for frr
Created host_vars for x1, x2
Created group_vars for vjunos_router
Created host_vars for dut
Created minimized Ansible inventory hosts.yml
Created Ansible configuration file: ansible.cfg
