[CONFIG]  dut: initial,isis,sr,hosts,netlab-config
[CONFIG]  h1: initial,routing,hosts (shared),resolv
[CONFIG]  h2: initial,routing,hosts (shared),resolv
[CONFIG]  pe1: initial,isis,bgp,sr,daemons,hosts (shared),resolv
[CONFIG]  pe2: normalize,initial,isis,bgp,sr
[CONFIG]  p2: initial,isis,sr,daemons,hosts (shared),resolv
Created provider configuration file: clab.yml
Created pickled transformed topology data into netlab.snapshot.pickle
Created group_vars for all
Created group_vars for modules
Created group_vars for crpd
Created host_vars for dut
Created group_vars for linux
Created host_vars for h1, h2
Created group_vars for frr
Created host_vars for pe1, p2
Created group_vars for eos
Created host_vars for pe2
Created minimized Ansible inventory hosts.yml
Created Ansible configuration file: ansible.cfg
