Checking virtualization provider installation
OK: clab installed and working correctly
Stopping clab nodes
20:32:56 INFO Parsing & checking topology file=clab.yml
20:32:56 INFO Parsing & checking topology file=clab.yml
20:32:56 INFO Destroying lab name=ml-81
20:32:57 INFO Removed container name=clab-ml-81-h2
20:32:57 INFO Removed container name=clab-ml-81-pe2
20:32:57 INFO Removed container name=clab-ml-81-h1
20:32:57 INFO Removed container name=clab-ml-81-p2
20:32:57 INFO Removed container name=clab-ml-81-p1
20:32:57 INFO Removed container name=clab-ml-81-dut
20:32:57 INFO Removing host entries path=/etc/hosts
20:32:57 INFO Removing SSH config path=/etc/ssh/ssh_config.d/clab-ml-81.conf
Cleanup configuration files
... removing clab.yml
... removing ansible.cfg
... removing hosts.yml
... removing directory tree group_vars
... removing directory tree host_vars
... removing directory tree node_files
... removing netlab.snapshot.pickle
