Using transformed lab topology from snapshot file netlab.snapshot.pickle
Checking virtualization provider installation
OK: clab installed and working correctly
Starting clab nodes
provider clab: executing sudo -E containerlab deploy --reconfigure -t clab.yml
11:51:21 INFO Containerlab started version=0.74.2
11:51:21 INFO Parsing & checking topology file=clab.yml
11:51:21 INFO Removing directory path=/work/netlab_cicd/xr/clab-ml-82
11:51:21 INFO Creating docker network name=nl_mgmt_82 IPv4 subnet=192.168.82.0/24 IPv6 subnet="" MTU=0
11:51:21 INFO Creating lab directory path=/work/netlab_cicd/xr/clab-ml-82
11:51:21 INFO Creating container name=h3
11:51:21 INFO Creating container name=h4
11:51:21 INFO Creating container name=s1
11:51:21 INFO Creating container name=h2
11:51:21 INFO Creating container name=h1
11:51:23 INFO Created link: h1:eth1 ▪┄┄▪ s1:FH0_0_0_0
11:51:23 INFO Created link: h2:eth1 ▪┄┄▪ s1:FH0_0_0_1
11:51:23 INFO Created link: h3:eth1 ▪┄┄▪ s1:FH0_0_0_2
11:51:23 INFO Created link: h4:eth1 ▪┄┄▪ s1:FH0_0_0_3
11:51:23 INFO Adding host entries path=/etc/hosts
11:51:23 INFO Adding SSH config for nodes path=/etc/ssh/ssh_config.d/clab-ml-82.conf
11:51:23 INFO containerlab version
  🎉=
  │ A newer containerlab version (0.74.3) is available!
  │ Release notes: https://containerlab.dev/rn/0.74/#0743
  │ Run 'clab version upgrade' or see https://containerlab.dev/install/ for other installation options.
[1m╭[0m[1m───────────────[0m[1m┬[0m[1m──────────────────────────────[0m[1m┬[0m[1m─────────[0m[1m┬[0m[1m────────────────[0m[1m╮[0m
[1m│[0m[1m      Name     [0m[1m│[0m[1m          Kind/Image          [0m[1m│[0m[1m  State  [0m[1m│[0m[1m IPv4/6 Address [0m[1m│[0m
[1m├[0m[1m───────────────[0m[1m┼[0m[1m──────────────────────────────[0m[1m┼[0m[1m─────────[0m[1m┼[0m[1m────────────────[0m[1m┤[0m
│ clab-ml-82-h1 │ linux                        │ running │ 192.168.82.101 │
│               │ python:3.13-alpine           │         │ N/A            │
├───────────────┼──────────────────────────────┼─────────┼────────────────┤
│ clab-ml-82-h2 │ linux                        │ running │ 192.168.82.102 │
│               │ python:3.13-alpine           │         │ N/A            │
├───────────────┼──────────────────────────────┼─────────┼────────────────┤
│ clab-ml-82-h3 │ linux                        │ running │ 192.168.82.103 │
│               │ python:3.13-alpine           │         │ N/A            │
├───────────────┼──────────────────────────────┼─────────┼────────────────┤
│ clab-ml-82-h4 │ linux                        │ running │ 192.168.82.104 │
│               │ python:3.13-alpine           │         │ N/A            │
├───────────────┼──────────────────────────────┼─────────┼────────────────┤
│ clab-ml-82-s1 │ cisco_c8000                  │ running │ 192.168.82.105 │
│               │ cisco/cisco-8201-32fh:24.4.1 │         │ N/A            │
╰───────────────┴──────────────────────────────┴─────────┴────────────────╯

Initial configuration skipped, run 'netlab initial' to configure the devices
