Using transformed lab topology from snapshot file netlab.snapshot.pickle
Checking virtualization provider installation
OK: clab installed and working correctly
Starting clab nodes
provider clab: executing sudo -E containerlab deploy --reconfigure -t clab.yml
12:34:05 INFO Containerlab started version=0.74.2
12:34:05 INFO Parsing & checking topology file=clab.yml
12:34:05 INFO Removing directory path=/work/netlab_cicd/xr/clab-ml-82
12:34:05 INFO Creating docker network name=nl_mgmt_82 IPv4 subnet=192.168.82.0/24 IPv6 subnet="" MTU=0
12:34:05 INFO Creating lab directory path=/work/netlab_cicd/xr/clab-ml-82
12:34:06 INFO Creating container name=d3
12:34:06 INFO Creating container name=r3
12:34:06 INFO Creating container name=r4
12:34:06 INFO Creating container name=r2
12:34:06 INFO Creating container name=d2
12:34:06 INFO Creating container name=d4
12:34:06 INFO Creating container name=r1
12:34:06 INFO Creating container name=s4
12:34:06 INFO Creating container name=s1
12:34:06 INFO Creating container name=s3
12:34:06 INFO Creating container name=d1
12:34:06 INFO Creating container name=s2
12:34:07 INFO Created link: s1:FH0_0_0_0 ▪┄┄▪ s2:eth1
12:34:07 INFO Created link: s1:FH0_0_0_3 ▪┄┄▪ r1:eth1
12:34:07 INFO Created link: s1:FH0_0_0_1 ▪┄┄▪ s3:eth1
12:34:07 INFO Created link: s1:FH0_0_0_4 ▪┄┄▪ d1:eth1
12:34:07 INFO Created link: s3:eth2 ▪┄┄▪ r3:eth1
12:34:08 INFO Created link: s2:eth2 ▪┄┄▪ r2:eth1
12:34:08 INFO Created link: s3:eth3 ▪┄┄▪ d3:eth1
12:34:08 INFO Created link: s1:FH0_0_0_2 ▪┄┄▪ s4:eth1
12:34:08 INFO Created link: s4:eth2 ▪┄┄▪ r4:eth1
12:34:08 INFO Created link: s4:eth3 ▪┄┄▪ d4:eth1
12:34:09 INFO Created link: s2:eth3 ▪┄┄▪ d2:eth1
12:34:09 INFO Executed command node=s2 command="sleep 1" stdout=""
12:34:09 INFO Executed command node=s3 command="sleep 1" stdout=""
12:34:09 INFO Executed command node=s4 command="sleep 1" stdout=""
12:34:09 INFO Adding host entries path=/etc/hosts
12:34:09 INFO Adding SSH config for nodes path=/etc/ssh/ssh_config.d/clab-ml-82.conf
12:34:09 INFO containerlab version
  🎉=
  │ A newer containerlab version (0.74.3) is available!
  │ Release notes: https://containerlab.dev/rn/0.74/#0743
  │ Run 'clab version upgrade' or see https://containerlab.dev/install/ for other installation options.
[1m╭[0m[1m───────────────[0m[1m┬[0m[1m──────────────────────────────[0m[1m┬[0m[1m─────────[0m[1m┬[0m[1m────────────────[0m[1m╮[0m
[1m│[0m[1m      Name     [0m[1m│[0m[1m          Kind/Image          [0m[1m│[0m[1m  State  [0m[1m│[0m[1m IPv4/6 Address [0m[1m│[0m
[1m├[0m[1m───────────────[0m[1m┼[0m[1m──────────────────────────────[0m[1m┼[0m[1m─────────[0m[1m┼[0m[1m────────────────[0m[1m┤[0m
│ clab-ml-82-d1 │ linux                        │ running │ 192.168.82.109 │
│               │ python:3.13-alpine           │         │ N/A            │
├───────────────┼──────────────────────────────┼─────────┼────────────────┤
│ clab-ml-82-d2 │ linux                        │ running │ 192.168.82.110 │
│               │ python:3.13-alpine           │         │ N/A            │
├───────────────┼──────────────────────────────┼─────────┼────────────────┤
│ clab-ml-82-d3 │ linux                        │ running │ 192.168.82.111 │
│               │ python:3.13-alpine           │         │ N/A            │
├───────────────┼──────────────────────────────┼─────────┼────────────────┤
│ clab-ml-82-d4 │ linux                        │ running │ 192.168.82.112 │
│               │ python:3.13-alpine           │         │ N/A            │
├───────────────┼──────────────────────────────┼─────────┼────────────────┤
│ clab-ml-82-r1 │ linux                        │ running │ 192.168.82.105 │
│               │ python:3.13-alpine           │         │ N/A            │
├───────────────┼──────────────────────────────┼─────────┼────────────────┤
│ clab-ml-82-r2 │ linux                        │ running │ 192.168.82.106 │
│               │ python:3.13-alpine           │         │ N/A            │
├───────────────┼──────────────────────────────┼─────────┼────────────────┤
│ clab-ml-82-r3 │ linux                        │ running │ 192.168.82.107 │
│               │ python:3.13-alpine           │         │ N/A            │
├───────────────┼──────────────────────────────┼─────────┼────────────────┤
│ clab-ml-82-r4 │ linux                        │ running │ 192.168.82.108 │
│               │ python:3.13-alpine           │         │ N/A            │
├───────────────┼──────────────────────────────┼─────────┼────────────────┤
│ clab-ml-82-s1 │ cisco_c8000                  │ running │ 192.168.82.101 │
│               │ cisco/cisco-8201-32fh:24.4.1 │         │ N/A            │
├───────────────┼──────────────────────────────┼─────────┼────────────────┤
│ clab-ml-82-s2 │ linux                        │ running │ 192.168.82.102 │
│               │ quay.io/frrouting/frr:10.6.0 │         │ N/A            │
├───────────────┼──────────────────────────────┼─────────┼────────────────┤
│ clab-ml-82-s3 │ linux                        │ running │ 192.168.82.103 │
│               │ quay.io/frrouting/frr:10.6.0 │         │ N/A            │
├───────────────┼──────────────────────────────┼─────────┼────────────────┤
│ clab-ml-82-s4 │ linux                        │ running │ 192.168.82.104 │
│               │ quay.io/frrouting/frr:10.6.0 │         │ N/A            │
╰───────────────┴──────────────────────────────┴─────────┴────────────────╯

Initial configuration skipped, run 'netlab initial' to configure the devices
