Using transformed lab topology from snapshot file netlab.snapshot.pickle
Checking virtualization provider installation
OK: clab installed and working correctly
Starting clab nodes
provider clab: executing flock -E 42 /tmp/netlab.lock sudo -E containerlab deploy --reconfigure -t clab.yml
22:29:45 INFO Containerlab started version=0.75.0
22:29:45 INFO Parsing & checking topology file=clab.yml
22:29:45 INFO Removing directory path=/work/netlab_cicd/junos/clab-ml-31
22:29:45 INFO Creating docker network name=nl_mgmt_31 IPv4 subnet=192.168.31.0/24 IPv6 subnet="" MTU=0
22:29:45 INFO Creating lab directory path=/work/netlab_cicd/junos/clab-ml-31
22:29:45 INFO Creating container name=r1
22:29:45 INFO Creating container name=r3
22:29:45 INFO Creating container name=r2
22:29:45 INFO Creating container name=r4
22:29:45 INFO Creating container name=dut
22:29:46 INFO Created link: dut:eth2 ▪┄┄▪ r2:eth1
22:29:46 INFO Created link: dut:eth1 ▪┄┄▪ r1:eth1
22:29:46 INFO Created link: dut:eth3 ▪┄┄▪ r3:eth1
22:29:46 INFO Created link: dut:eth4 ▪┄┄▪ r4:eth1
22:29:47 INFO Executed command node=r2 command="sleep 1" stdout=""
22:29:47 INFO Executed command node=r1 command="sleep 1" stdout=""
22:29:47 INFO Executed command node=r3 command="sleep 1" stdout=""
22:29:47 INFO Executed command node=r4 command="sleep 1" stdout=""
22:29:47 INFO Adding host entries path=/etc/hosts
22:29:47 INFO Adding SSH config for nodes path=/etc/ssh/ssh_config.d/clab-ml-31.conf
[1m╭[0m[1m────────────────[0m[1m┬[0m[1m────────────────────────────────────────────[0m[1m┬[0m[1m────────────────────[0m[1m┬[0m[1m────────────────[0m[1m╮[0m
[1m│[0m[1m      Name      [0m[1m│[0m[1m                 Kind/Image                 [0m[1m│[0m[1m        State       [0m[1m│[0m[1m IPv4/6 Address [0m[1m│[0m
[1m├[0m[1m────────────────[0m[1m┼[0m[1m────────────────────────────────────────────[0m[1m┼[0m[1m────────────────────[0m[1m┼[0m[1m────────────────[0m[1m┤[0m
│ clab-ml-31-dut │ juniper_vjunosrouter                       │ running            │ 192.168.31.101 │
│                │ vrnetlab/juniper_vjunos-router:23.4R2-S2.1 │ (health: starting) │ N/A            │
├────────────────┼────────────────────────────────────────────┼────────────────────┼────────────────┤
│ clab-ml-31-r1  │ linux                                      │ running            │ 192.168.31.102 │
│                │ quay.io/frrouting/frr:10.6.1               │                    │ N/A            │
├────────────────┼────────────────────────────────────────────┼────────────────────┼────────────────┤
│ clab-ml-31-r2  │ linux                                      │ running            │ 192.168.31.103 │
│                │ quay.io/frrouting/frr:10.6.1               │                    │ N/A            │
├────────────────┼────────────────────────────────────────────┼────────────────────┼────────────────┤
│ clab-ml-31-r3  │ linux                                      │ running            │ 192.168.31.104 │
│                │ quay.io/frrouting/frr:10.6.1               │                    │ N/A            │
├────────────────┼────────────────────────────────────────────┼────────────────────┼────────────────┤
│ clab-ml-31-r4  │ linux                                      │ running            │ 192.168.31.105 │
│                │ quay.io/frrouting/frr:10.6.1               │                    │ N/A            │
╰────────────────┴────────────────────────────────────────────┴────────────────────┴────────────────╯

Initial configuration skipped, run 'netlab initial' to configure the devices
