Creating Device configuration snippets
[CREATED] hr1: initial,routing
[CREATED] hr2: initial,routing
[CREATED] hb1: initial,routing
[CREATED] hb2: initial,routing
[CREATED] dut: initial,ospf,bgp,mpls,vrf,evpn
[CREATED] s2: initial,ospf,bgp,mpls,vrf,evpn
[CREATED] p: initial,ospf,mpls
Checking Are lab devices ready to be configured?
 [INFO] Checking SSH server(s) on dut,s2
[SSH]     SSH server on node s2 (device iosxr) is ready after 32.0 seconds
[SSH]     SSH server on node dut (device iosxr) is ready after 32.0 seconds
Config Deploying device configurations
 [INFO] Executing initial configuration for node hr1 (namespace clab-
          ml-17-hr1)
 [INFO] Executing initial configuration for node hr2 (namespace clab-
          ml-17-hr2)
 [INFO] Executing initial configuration for node hb1 (namespace clab-
          ml-17-hb1)
 [INFO] Executing initial configuration for node hb2 (namespace clab-
          ml-17-hb2)
 [INFO] Executing initial configuration for node p
 [INFO] Executing routing configuration for node hr1 (namespace clab-
          ml-17-hr1)
 [INFO] Executing routing configuration for node hr2 (namespace clab-
          ml-17-hr2)
 [INFO] Executing routing configuration for node hb1 (namespace clab-
          ml-17-hb1)
 [INFO] Executing routing configuration for node hb2 (namespace clab-
          ml-17-hb2)
 [INFO] Executing ospf configuration for node p
 [INFO] Executing mpls configuration for node p
netmiko:  [INFO] Sent initial configuration to dut
netmiko:  [INFO] Sent initial configuration to s2
netmiko:  [INFO] Sent ospf configuration to dut
netmiko:  [INFO] Sent ospf configuration to s2
netmiko:  [INFO] Sent bgp configuration to dut
netmiko:  [INFO] Sent bgp configuration to s2
netmiko:  [INFO] Sent mpls configuration to dut
netmiko:  [INFO] Sent mpls configuration to s2
netmiko:  [INFO] Sent vrf configuration to dut
netmiko:  [INFO] Sent vrf configuration to s2
netmiko:  [INFO] Sent evpn configuration to dut
netmiko:  [INFO] Sent evpn configuration to s2

Results of non-Ansible configuration deployments
================================================================================
hr1              Script:   initial,routing
hr2              Script:   initial,routing
hb1              Script:   initial,routing
hb2              Script:   initial,routing
dut              Netmiko:  initial,ospf,bgp,mpls,vrf,evpn
s2               Netmiko:  initial,ospf,bgp,mpls,vrf,evpn
p                Script:   initial,ospf,mpls


The device under test is a VLAN-to-VXLAN layer-3 switch between an access
interface and an EVPN transit VNI.

Hosts should be able to ping each other.

Please note it might take a while for the lab to work due to STP learning
phase.

