Checking virtualization provider installation
OK: libvirt installed and working correctly
OK: clab installed and working correctly
Stopping clab nodes
15:04:16 INFO Parsing & checking topology file=clab-augment.yml
15:04:16 INFO Parsing & checking topology file=clab-augment.yml
15:04:16 INFO Destroying lab name=ml-85
15:04:17 INFO Removed container name=clab-ml-85-h1a
15:04:17 INFO Removed container name=clab-ml-85-h3
15:04:17 INFO Removed container name=clab-ml-85-h2
15:04:17 INFO Removed container name=clab-ml-85-h4
15:04:17 INFO Removed container name=clab-ml-85-s2
15:04:17 INFO Removed container name=clab-ml-85-h1
15:04:17 INFO Removed container name=clab-ml-85-h3a
15:04:17 INFO Removing host entries path=/etc/hosts
15:04:17 INFO Removing SSH config path=/etc/ssh/ssh_config.d/clab-ml-85.conf

Stopping libvirt nodes
[fog][WARNING] Unrecognized arguments: libvirt_ip_command
==> dut: Removing domain...
==> dut: Deleting the machine folder
Cleanup configuration files
... removing Vagrantfile
... removing clab-augment.yml
... removing ansible.cfg
... removing hosts.yml
... removing directory tree group_vars
... removing directory tree host_vars
... removing directory tree node_files
... removing netlab.snapshot.pickle
