Creating Device configuration snippets
[CREATED] dut: initial,routing,ospf,bgp,vrf,bgp.policy
[CREATED] probe: initial,routing,ospf,bgp
[CREATED] x1: initial,routing,bgp
[CREATED] x2: initial,routing,bgp
[CREATED] v1: initial,routing,bgp
[CREATED] v2: initial,routing,bgp,bgp.policy
[CREATED] vp: initial,routing,bgp
Config Deploying device configurations
 [INFO] Executing initial configuration for node probe
 [INFO] Executing initial configuration for node x1
 [INFO] Executing initial configuration for node x2
 [INFO] Executing initial configuration for node v1
 [INFO] Executing initial configuration for node v2
 [INFO] Executing initial configuration for node vp
 [INFO] Executing routing configuration for node x1
 [INFO] Executing routing configuration for node x2
 [INFO] Executing routing configuration for node probe
 [INFO] Executing routing configuration for node v1
 [INFO] Executing routing configuration for node vp
 [INFO] Executing routing configuration for node v2
 [INFO] Executing bgp configuration for node x1
 [INFO] Executing bgp configuration for node x2
 [INFO] Executing ospf configuration for node probe
 [INFO] Executing bgp configuration for node v1
 [INFO] Executing bgp configuration for node vp
 [INFO] Executing bgp configuration for node v2
 [INFO] Executing bgp configuration for node probe
 [INFO] Executing bgp.policy configuration for node v2
 [INFO] Starting Ansible playbook to deploy the rest of the
          configurations
[WARNING]: Found variable using reserved name: hosts

PLAY [Deploy initial device configuration] *************************************

TASK [Set variables that cannot be set with VARS] ******************************
ok: [dut]

TASK [Normalize config on bridge-like devices] *********************************
included: /home/pipi/netlab_gh/netsim/ansible/tasks/deploy-module.yml for dut

TASK [Figure out whether to deploy the module normalize on current device] *****
ok: [dut]

TASK [Find configuration template for normalize] *******************************
ok: [dut]

TASK [fail] ********************************************************************
skipping: [dut]

TASK [Find configuration deployment deploy_script for normalize] ***************
ok: [dut]

TASK [Print deployed configuration when running in verbose mode] ***************
skipping: [dut]

TASK [Deploy normalize configuration] ******************************************
skipping: [dut]

TASK [Deploy initial configuration] ********************************************
included: /home/pipi/netlab_gh/netsim/ansible/tasks/deploy-module.yml for dut

TASK [Figure out whether to deploy the module initial on current device] *******
ok: [dut]

TASK [Find configuration template for initial] *********************************
ok: [dut]

TASK [fail] ********************************************************************
skipping: [dut]

TASK [Find configuration deployment deploy_script for initial] *****************
ok: [dut]

TASK [Print deployed configuration when running in verbose mode] ***************
ok: [dut] => {
    "msg": "initial configuration for dut\n=========================================\n\nupdates:\n\n- path: /interface[name=system0]/subinterface[index=0]\n  value:\n   description: \"No description\"\n   admin-state: enable\n   ipv4:\n    admin-state: enable\n    address:\n    - ip-prefix: \"10.0.0.1/32\"\n   ipv6:\n    admin-state: enable\n    address:\n    - ip-prefix: \"2001:db8:1:1::1/64\"\n      type: \"global-unicast\"\n\n- path: /interface[name=ethernet-1/1]\n  value:\n   description: \"dut ~ x1\"\n   subinterface:\n    index: 0\n    description: \"dut ~ x1\"\n\n- path: /interface[name=ethernet-1/1]/subinterface[index=0]\n  value:\n   description: \"dut ~ x1\"\n   admin-state: enable\n   ipv4:\n    admin-state: enable\n    address:\n    - ip-prefix: \"10.1.0.1/30\"\n      primary: [null]\n   ipv6:\n    admin-state: enable\n    address:\n    - ip-prefix: \"2001:db8:3::1/64\"\n      type: \"global-unicast\"\n    neighbor-discovery:\n     learn-unsolicited: link-local\n    router-advertisement:\n     router-role:\n      admin-state: enable             # no ipv6 nd suppress-ra\n      min-advertisement-interval: 4   # Leaving this at platform default 200..600 takes too long at startup\n      _annotate_min-advertisement-interval: \"Reduced from platform default 200s\"\n      max-advertisement-interval: 5\n\n- path: /interface[name=ethernet-1/2]\n  value:\n   description: \"dut ~ x2\"\n   subinterface:\n    index: 0\n    description: \"dut ~ x2\"\n\n- path: /interface[name=ethernet-1/2]/subinterface[index=0]\n  value:\n   description: \"dut ~ x2\"\n   admin-state: enable\n   ipv4:\n    admin-state: enable\n    address:\n    - ip-prefix: \"10.1.0.5/30\"\n      primary: [null]\n   ipv6:\n    admin-state: enable\n    address:\n    - ip-prefix: \"2001:db8:3:1::1/64\"\n      type: \"global-unicast\"\n    neighbor-discovery:\n     learn-unsolicited: link-local\n    router-advertisement:\n     router-role:\n      admin-state: enable             # no ipv6 nd suppress-ra\n      min-advertisement-interval: 4   # Leaving this at platform default 200..600 takes too long at startup\n      _annotate_min-advertisement-interval: \"Reduced from platform default 200s\"\n      max-advertisement-interval: 5\n\n- path: /interface[name=ethernet-1/3]\n  value:\n   description: \"dut ~ probe\"\n   subinterface:\n    index: 0\n    description: \"dut ~ probe\"\n\n- path: /interface[name=ethernet-1/3]/subinterface[index=0]\n  value:\n   description: \"dut ~ probe\"\n   admin-state: enable\n   ipv4:\n    admin-state: enable\n    address:\n    - ip-prefix: \"10.1.0.9/30\"\n      primary: [null]\n   ipv6:\n    admin-state: enable\n    address:\n    - ip-prefix: \"2001:db8:3:2::1/64\"\n      type: \"global-unicast\"\n    neighbor-discovery:\n     learn-unsolicited: link-local\n    router-advertisement:\n     router-role:\n      admin-state: enable             # no ipv6 nd suppress-ra\n      min-advertisement-interval: 4   # Leaving this at platform default 200..600 takes too long at startup\n      _annotate_min-advertisement-interval: \"Reduced from platform default 200s\"\n      max-advertisement-interval: 5\n\n- path: /interface[name=ethernet-1/4]\n  value:\n   description: \"dut ~ v1\"\n   subinterface:\n    index: 0\n    description: \"dut ~ v1\"\n\n- path: /interface[name=ethernet-1/4]/subinterface[index=0]\n  value:\n   description: \"dut ~ v1\"\n   admin-state: enable\n   ipv4:\n    admin-state: enable\n    address:\n    - ip-prefix: \"10.1.0.13/30\"\n      primary: [null]\n   ipv6:\n    admin-state: enable\n    address:\n    - ip-prefix: \"2001:db8:3:3::1/64\"\n      type: \"global-unicast\"\n    neighbor-discovery:\n     learn-unsolicited: link-local\n    router-advertisement:\n     router-role:\n      admin-state: enable             # no ipv6 nd suppress-ra\n      min-advertisement-interval: 4   # Leaving this at platform default 200..600 takes too long at startup\n      _annotate_min-advertisement-interval: \"Reduced from platform default 200s\"\n      max-advertisement-interval: 5\n\n- path: /interface[name=ethernet-1/5]\n  value:\n   description: \"dut ~ v2\"\n   subinterface:\n    index: 0\n    description: \"dut ~ v2\"\n\n- path: /interface[name=ethernet-1/5]/subinterface[index=0]\n  value:\n   description: \"dut ~ v2\"\n   admin-state: enable\n   ipv4:\n    admin-state: enable\n    address:\n    - ip-prefix: \"10.1.0.17/30\"\n      primary: [null]\n   ipv6:\n    admin-state: enable\n    address:\n    - ip-prefix: \"2001:db8:3:4::1/64\"\n      type: \"global-unicast\"\n    neighbor-discovery:\n     learn-unsolicited: link-local\n    router-advertisement:\n     router-role:\n      admin-state: enable             # no ipv6 nd suppress-ra\n      min-advertisement-interval: 4   # Leaving this at platform default 200..600 takes too long at startup\n      _annotate_min-advertisement-interval: \"Reduced from platform default 200s\"\n      max-advertisement-interval: 5\n\n- path: /interface[name=ethernet-1/6]\n  value:\n   description: \"dut ~ vp\"\n   subinterface:\n    index: 0\n    description: \"dut ~ vp\"\n\n- path: /interface[name=ethernet-1/6]/subinterface[index=0]\n  value:\n   description: \"dut ~ vp\"\n   admin-state: enable\n   ipv4:\n    admin-state: enable\n    address:\n    - ip-prefix: \"10.1.0.21/30\"\n      primary: [null]\n   ipv6:\n    admin-state: enable\n    address:\n    - ip-prefix: \"2001:db8:3:5::1/64\"\n      type: \"global-unicast\"\n    neighbor-discovery:\n     learn-unsolicited: link-local\n    router-advertisement:\n     router-role:\n      admin-state: enable             # no ipv6 nd suppress-ra\n      min-advertisement-interval: 4   # Leaving this at platform default 200..600 takes too long at startup\n      _annotate_min-advertisement-interval: \"Reduced from platform default 200s\"\n      max-advertisement-interval: 5\n\n\n\n- path: /network-instance[name=default]\n  value:\n   type: default\n   interface:\n   - name: system0.0\n\n- path: /network-instance[name=default]\n  value:\n   type: default\n   interface:\n   - name: ethernet-1/1.0\n- path: /network-instance[name=default]\n  value:\n   type: default\n   interface:\n   - name: ethernet-1/2.0\n- path: /network-instance[name=default]\n  value:\n   type: default\n   interface:\n   - name: ethernet-1/3.0\n\n\n\n# TODO: vdata.rd, vdata.import/export, vdata.af\n- path: /network-instance[name=customer]\n  value:\n   type: ip-vrf\n   interface:\n   - name: ethernet-1/4.0\n- path: /network-instance[name=customer]\n  value:\n   type: ip-vrf\n   interface:\n   - name: ethernet-1/5.0\n- path: /network-instance[name=customer]\n  value:\n   type: ip-vrf\n   interface:\n   - name: ethernet-1/6.0\n\n\n"
}

TASK [Deploy initial configuration] ********************************************
included: /home/pipi/netlab_gh/netsim/ansible/tasks/deploy-config/srlinux.yml for dut

TASK [Generate JSON-RPC YAML configuration] ************************************
ok: [dut]

TASK [Update SRL initial node configuration (template=/work/netlab_cicd/node_files/dut/initial)] ***
changed: [dut]

TASK [debug] *******************************************************************
skipping: [dut]

PLAY [Deploy module-specific configurations] ***********************************

TASK [Set variables that cannot be set with VARS] ******************************
ok: [dut]

TASK [Deploy individual configuration modules] *********************************
included: /home/pipi/netlab_gh/netsim/ansible/tasks/deploy-module.yml for dut => (item=routing)
included: /home/pipi/netlab_gh/netsim/ansible/tasks/deploy-module.yml for dut => (item=ospf)
included: /home/pipi/netlab_gh/netsim/ansible/tasks/deploy-module.yml for dut => (item=bgp)
included: /home/pipi/netlab_gh/netsim/ansible/tasks/deploy-module.yml for dut => (item=vrf)

TASK [Figure out whether to deploy the module routing on current device] *******
ok: [dut]

TASK [Find configuration template for routing] *********************************
ok: [dut]

TASK [fail] ********************************************************************
skipping: [dut]

TASK [Find configuration deployment deploy_script for routing] *****************
ok: [dut]

TASK [Print deployed configuration when running in verbose mode] ***************
ok: [dut] => {
    "msg": "routing configuration for dut\n=========================================\nupdates:\n\n- path: /routing-policy/policy[name=lp_17]\n  value:\n    default-action:\n      policy-result: reject\n    statement:\n    - name: rpe_10\n      action:\n        policy-result: accept\n        bgp:\n          local-preference:\n            set: 17\n- path: /routing-policy/policy[name=lp_42]\n  value:\n    default-action:\n      policy-result: reject\n    statement:\n    - name: rpe_10\n      action:\n        policy-result: accept\n        bgp:\n          local-preference:\n            set: 42\n"
}

TASK [Deploy routing configuration] ********************************************
included: /home/pipi/netlab_gh/netsim/ansible/tasks/deploy-config/srlinux.yml for dut

TASK [Generate JSON-RPC YAML configuration] ************************************
ok: [dut]

TASK [Update SRL routing node configuration (template=/work/netlab_cicd/node_files/dut/routing)] ***
fatal: [dut]: FAILED! => {"changed": false, "id": "2026-03-22 21:44:52:557144", "method": "diff", "msg": "Schema '/routing-policy/policy/statement/action/bgp/local-preference' has no local leaf with the name 'set'. Options are [value, operation]: Parse error on line 1: {\"default-action\": {\"policy-result\": \"reject\"}, \"statement\": [{\"name\": \"rpe_10\", \"action\": {\"policy-result\": \"accept\", \"bgp\":...\nInput(context):\n'{\"default-action\": {\"policy-result\": \"reject\"}, \"statement\": [{\"name\": \"rpe_10\", \"action\": {\"policy-result\": \"accept\", \"bgp\": {\"local-preference\": {\"set\": 17}}}}]}'"}

PLAY RECAP *********************************************************************
dut                        : ok=24   changed=1    unreachable=0    failed=1    skipped=6    rescued=0    ignored=0   

FatalError in initial: Configuration deployment failed
Results of configuration script deployments
================================================================================
probe            Script:  initial,routing,ospf,bgp
x1               Script:  initial,routing,bgp
x2               Script:  initial,routing,bgp
v1               Script:  initial,routing,bgp
v2               Script:  initial,routing,bgp,bgp.policy
vp               Script:  initial,routing,bgp

