Using transformed lab topology from snapshot file netlab.snapshot.pickle
Checking virtualization provider installation
OK: clab installed and working correctly
Starting clab nodes
provider clab: executing sudo -E containerlab deploy --reconfigure -t clab.yml
21:44:37 INFO Containerlab started version=0.74.2
21:44:37 INFO Parsing & checking topology file=clab.yml
21:44:37 INFO Removing directory path=/work/netlab_cicd/clab-ml-17
21:44:37 INFO Creating docker network name=nl_mgmt_17 IPv4 subnet=192.168.17.0/24 IPv6 subnet="" MTU=0
21:44:37 INFO Creating lab directory path=/work/netlab_cicd/clab-ml-17
21:44:37 INFO Creating container name=v2
21:44:37 INFO Creating container name=x2
21:44:37 INFO Creating container name=probe
21:44:37 INFO Creating container name=vp
21:44:37 INFO Creating container name=v1
21:44:37 INFO Creating container name=x1
21:44:37 INFO Creating container name=dut
21:44:38 INFO Created link: dut:e1-3 ▪┄┄▪ probe:eth1
21:44:38 INFO Created link: dut:e1-1 ▪┄┄▪ x1:eth1
21:44:39 INFO Created link: dut:e1-4 ▪┄┄▪ v1:eth1
21:44:39 INFO Running postdeploy actions kind=srl node=dut
21:44:39 INFO Created link: dut:e1-2 ▪┄┄▪ x2:eth1
21:44:39 INFO Created link: dut:e1-6 ▪┄┄▪ vp:eth1
21:44:39 INFO Created link: dut:e1-5 ▪┄┄▪ v2:eth1
21:44:49 INFO Executed command node=probe command="sleep 1" stdout=""
21:44:49 INFO Executed command node=x1 command="sleep 1" stdout=""
21:44:49 INFO Executed command node=v1 command="sleep 1" stdout=""
21:44:49 INFO Executed command node=x2 command="sleep 1" stdout=""
21:44:49 INFO Executed command node=vp command="sleep 1" stdout=""
21:44:49 INFO Executed command node=v2 command="sleep 1" stdout=""
21:44:49 INFO Adding host entries path=/etc/hosts
21:44:49 INFO Adding SSH config for nodes path=/etc/ssh/ssh_config.d/clab-ml-17.conf
[1m╭[0m[1m──────────────────[0m[1m┬[0m[1m──────────────────────────────[0m[1m┬[0m[1m─────────[0m[1m┬[0m[1m────────────────[0m[1m╮[0m
[1m│[0m[1m       Name       [0m[1m│[0m[1m          Kind/Image          [0m[1m│[0m[1m  State  [0m[1m│[0m[1m IPv4/6 Address [0m[1m│[0m
[1m├[0m[1m──────────────────[0m[1m┼[0m[1m──────────────────────────────[0m[1m┼[0m[1m─────────[0m[1m┼[0m[1m────────────────[0m[1m┤[0m
│ clab-ml-17-dut   │ srl                          │ running │ 192.168.17.101 │
│                  │ ghcr.io/nokia/srlinux:26.3.1 │         │ N/A            │
├──────────────────┼──────────────────────────────┼─────────┼────────────────┤
│ clab-ml-17-probe │ linux                        │ running │ 192.168.17.102 │
│                  │ quay.io/frrouting/frr:10.5.3 │         │ N/A            │
├──────────────────┼──────────────────────────────┼─────────┼────────────────┤
│ clab-ml-17-v1    │ linux                        │ running │ 192.168.17.105 │
│                  │ quay.io/frrouting/frr:10.5.3 │         │ N/A            │
├──────────────────┼──────────────────────────────┼─────────┼────────────────┤
│ clab-ml-17-v2    │ linux                        │ running │ 192.168.17.106 │
│                  │ quay.io/frrouting/frr:10.5.3 │         │ N/A            │
├──────────────────┼──────────────────────────────┼─────────┼────────────────┤
│ clab-ml-17-vp    │ linux                        │ running │ 192.168.17.107 │
│                  │ quay.io/frrouting/frr:10.5.3 │         │ N/A            │
├──────────────────┼──────────────────────────────┼─────────┼────────────────┤
│ clab-ml-17-x1    │ linux                        │ running │ 192.168.17.103 │
│                  │ quay.io/frrouting/frr:10.5.3 │         │ N/A            │
├──────────────────┼──────────────────────────────┼─────────┼────────────────┤
│ clab-ml-17-x2    │ linux                        │ running │ 192.168.17.104 │
│                  │ quay.io/frrouting/frr:10.5.3 │         │ N/A            │
╰──────────────────┴──────────────────────────────┴─────────┴────────────────╯

Initial configuration skipped, run 'netlab initial' to configure the devices
