Using transformed lab topology from snapshot file netlab.snapshot.pickle
Checking virtualization provider installation
OK: clab installed and working correctly
Starting clab nodes
provider clab: executing sudo -E containerlab deploy --reconfigure -t clab.yml
08:05:40 INFO Containerlab started version=0.74.2
08:05:40 INFO Parsing & checking topology file=clab.yml
08:05:40 INFO Removing directory path=/work/netlab_cicd/nokia_c/clab-ml-83
08:05:40 INFO Creating docker network name=nl_mgmt_83 IPv4 subnet=192.168.83.0/24 IPv6 subnet="" MTU=0
08:05:40 WARN Node name will not resolve via DNS name=clab-ml-83-p_global reason="name contains invalid characters such as '.' and/or '_'"
08:05:40 WARN Node name will not resolve via DNS name=clab-ml-83-p_vrf reason="name contains invalid characters such as '.' and/or '_'"
08:05:40 INFO Creating lab directory path=/work/netlab_cicd/nokia_c/clab-ml-83
08:05:40 INFO Creating container name=p_global
08:05:40 INFO Creating container name=p_vrf
08:05:40 INFO Creating container name=dut
08:05:41 INFO Running postdeploy actions kind=srl node=dut
08:05:41 INFO Created link: dut:e1-2 ▪┄┄▪ p_vrf:eth1
08:05:42 INFO Created link: dut:e1-1 ▪┄┄▪ p_global:eth1
08:05:54 INFO Executed command node=p_vrf command="sleep 1" stdout=""
08:05:54 INFO Executed command node=p_global command="sleep 1" stdout=""
08:05:54 INFO Adding host entries path=/etc/hosts
08:05:54 INFO Adding SSH config for nodes path=/etc/ssh/ssh_config.d/clab-ml-83.conf
08:05:55 INFO containerlab version
  🎉=
  │ A newer containerlab version (0.74.3) is available!
  │ Release notes: https://containerlab.dev/rn/0.74/#0743
  │ Run 'clab version upgrade' or see https://containerlab.dev/install/ for other installation options.
[1m╭[0m[1m─────────────────────[0m[1m┬[0m[1m──────────────────────────────[0m[1m┬[0m[1m─────────[0m[1m┬[0m[1m────────────────[0m[1m╮[0m
[1m│[0m[1m         Name        [0m[1m│[0m[1m          Kind/Image          [0m[1m│[0m[1m  State  [0m[1m│[0m[1m IPv4/6 Address [0m[1m│[0m
[1m├[0m[1m─────────────────────[0m[1m┼[0m[1m──────────────────────────────[0m[1m┼[0m[1m─────────[0m[1m┼[0m[1m────────────────[0m[1m┤[0m
│ clab-ml-83-dut      │ srl                          │ running │ 192.168.83.101 │
│                     │ ghcr.io/nokia/srlinux:26.3.1 │         │ N/A            │
├─────────────────────┼──────────────────────────────┼─────────┼────────────────┤
│ clab-ml-83-p_global │ linux                        │ running │ 192.168.83.102 │
│                     │ quay.io/frrouting/frr:10.6.0 │         │ N/A            │
├─────────────────────┼──────────────────────────────┼─────────┼────────────────┤
│ clab-ml-83-p_vrf    │ linux                        │ running │ 192.168.83.103 │
│                     │ quay.io/frrouting/frr:10.6.0 │         │ N/A            │
╰─────────────────────┴──────────────────────────────┴─────────┴────────────────╯

Initial configuration skipped, run 'netlab initial' to configure the devices
