Using transformed lab topology from snapshot file netlab.snapshot.pickle
Checking virtualization provider installation
OK: clab installed and working correctly
Starting clab nodes
 [INFO] Setting containerlab runtime to docker
provider clab: executing flock -E 42 /tmp/netlab.lock containerlab deploy --reconfigure -t clab.yml
15:17:34 INFO Containerlab started version=0.79.0
15:17:34 INFO Parsing & checking topology file=clab.yml
15:17:34 INFO Removing directory path=/work/netlab_cicd/clab-ml-17
15:17:34 INFO Creating docker network name=nl_mgmt_17 IPv4 subnet=192.168.17.0/24 IPv6 subnet=fd00:df:1ab:17::/64 MTU=0
15:17:35 INFO Creating lab directory path=/work/netlab_cicd/clab-ml-17
15:17:35 INFO Creating container name=vx2
15:17:35 INFO Creating container name=x2
15:17:35 INFO Creating container name=x1
15:17:35 INFO Creating container name=vx3
15:17:35 INFO Creating container name=vx1
15:17:35 INFO Creating container name=x3
15:17:35 INFO Creating container name=dut
15:17:36 INFO Created link: dut:e1-1 ▪┄┄▪ x1:eth1
15:17:36 INFO Created link: dut:e1-2 ▪┄┄▪ x2:eth1
15:17:36 INFO Created link: dut:e1-3 ▪┄┄▪ x3:eth1
15:17:36 INFO Created link: dut:e1-4 ▪┄┄▪ vx1:eth1
15:17:36 INFO Created link: dut:e1-5 ▪┄┄▪ vx2:eth1
15:17:37 INFO Created link: dut:e1-6 ▪┄┄▪ vx3:eth1
15:17:37 INFO Running postdeploy actions kind=srl node=dut
15:17:47 INFO Executed command node=vx1 command="sleep 1" stdout=""
15:17:47 INFO Executed command node=vx2 command="sleep 1" stdout=""
15:17:47 INFO Executed command node=x3 command="sleep 1" stdout=""
15:17:47 INFO Executed command node=vx3 command="sleep 1" stdout=""
15:17:47 INFO Executed command node=x2 command="sleep 1" stdout=""
15:17:47 INFO Executed command node=x1 command="sleep 1" stdout=""
15:17:47 INFO Adding host entries path=/etc/hosts
15:17:47 INFO Adding SSH config for nodes path=/etc/ssh/ssh_config.d/clab-ml-17.conf
[1m╭[0m[1m────────────────[0m[1m┬[0m[1m──────────────────────────────[0m[1m┬[0m[1m─────────[0m[1m┬[0m[1m───────────────────[0m[1m╮[0m
[1m│[0m[1m      Name      [0m[1m│[0m[1m          Kind/Image          [0m[1m│[0m[1m  State  [0m[1m│[0m[1m   IPv4/6 Address  [0m[1m│[0m
[1m├[0m[1m────────────────[0m[1m┼[0m[1m──────────────────────────────[0m[1m┼[0m[1m─────────[0m[1m┼[0m[1m───────────────────[0m[1m┤[0m
│ clab-ml-17-dut │ srl                          │ running │ 192.168.17.101    │
│                │ ghcr.io/nokia/srlinux:26.7.2 │         │ fd00:df:1ab:17::5 │
├────────────────┼──────────────────────────────┼─────────┼───────────────────┤
│ clab-ml-17-vx1 │ linux                        │ running │ 192.168.17.105    │
│                │ quay.io/frrouting/frr:10.7.1 │         │ fd00:df:1ab:17::2 │
├────────────────┼──────────────────────────────┼─────────┼───────────────────┤
│ clab-ml-17-vx2 │ linux                        │ running │ 192.168.17.106    │
│                │ quay.io/frrouting/frr:10.7.1 │         │ fd00:df:1ab:17::3 │
├────────────────┼──────────────────────────────┼─────────┼───────────────────┤
│ clab-ml-17-vx3 │ linux                        │ running │ 192.168.17.107    │
│                │ quay.io/frrouting/frr:10.7.1 │         │ fd00:df:1ab:17::8 │
├────────────────┼──────────────────────────────┼─────────┼───────────────────┤
│ clab-ml-17-x1  │ linux                        │ running │ 192.168.17.102    │
│                │ quay.io/frrouting/frr:10.7.1 │         │ fd00:df:1ab:17::7 │
├────────────────┼──────────────────────────────┼─────────┼───────────────────┤
│ clab-ml-17-x2  │ linux                        │ running │ 192.168.17.103    │
│                │ quay.io/frrouting/frr:10.7.1 │         │ fd00:df:1ab:17::6 │
├────────────────┼──────────────────────────────┼─────────┼───────────────────┤
│ clab-ml-17-x3  │ linux                        │ running │ 192.168.17.104    │
│                │ quay.io/frrouting/frr:10.7.1 │         │ fd00:df:1ab:17::4 │
╰────────────────┴──────────────────────────────┴─────────┴───────────────────╯

Initial configuration skipped, run 'netlab initial' to configure the devices
