Using transformed lab topology from snapshot file netlab.snapshot.pickle
Checking virtualization provider installation
OK: clab installed and working correctly
Starting clab nodes
 [INFO] Setting containerlab runtime to docker
provider clab: executing flock -E 42 /tmp/netlab.lock containerlab deploy --reconfigure -t clab.yml
07:59:11 INFO Containerlab started version=0.79.0
07:59:11 INFO Parsing & checking topology file=clab.yml
07:59:11 INFO Removing directory path=/work/netlab_cicd/clab-ml-17
07:59:11 INFO Creating docker network name=nl_mgmt_17 IPv4 subnet=192.168.17.0/24 IPv6 subnet=fd00:df:1ab:17::/64 MTU=0
07:59:11 INFO Creating lab directory path=/work/netlab_cicd/clab-ml-17
07:59:12 INFO Creating container name=h1
07:59:12 INFO Creating container name=v3
07:59:12 INFO Creating container name=h3
07:59:12 INFO Creating container name=h2
07:59:12 INFO Creating container name=v2
07:59:12 INFO Creating container name=v1
07:59:12 INFO Creating container name=dut
07:59:13 INFO Created link: v2:eth1 ▪┄┄▪ ml-17_4:bni17n5i1
07:59:13 INFO Created link: h2:eth1 ▪┄┄▪ ml-17_2:bni17n3i1
07:59:13 INFO Created link: h3:eth1 ▪┄┄▪ ml-17_2:bni17n42i1
07:59:13 INFO Created link: dut:e1-1 ▪┄┄▪ h1:eth1
07:59:13 INFO Created link: v3:eth1 ▪┄┄▪ ml-17_4:bni17n64i1
07:59:13 INFO Created link: dut:e1-2 ▪┄┄▪ ml-17_2:bni17n1i2
07:59:13 INFO Created link: dut:e1-3 ▪┄┄▪ v1:eth1
07:59:14 INFO Created link: dut:e1-4 ▪┄┄▪ ml-17_4:bni17n1i4
07:59:14 INFO Running postdeploy actions kind=srl node=dut
07:59:23 INFO Adding host entries path=/etc/hosts
07:59:23 INFO Adding SSH config for nodes path=/etc/ssh/ssh_config.d/clab-ml-17.conf
[1m╭[0m[1m────────────────[0m[1m┬[0m[1m──────────────────────────────[0m[1m┬[0m[1m─────────[0m[1m┬[0m[1m───────────────────[0m[1m╮[0m
[1m│[0m[1m      Name      [0m[1m│[0m[1m          Kind/Image          [0m[1m│[0m[1m  State  [0m[1m│[0m[1m   IPv4/6 Address  [0m[1m│[0m
[1m├[0m[1m────────────────[0m[1m┼[0m[1m──────────────────────────────[0m[1m┼[0m[1m─────────[0m[1m┼[0m[1m───────────────────[0m[1m┤[0m
│ clab-ml-17-dut │ srl                          │ running │ 192.168.17.101    │
│                │ ghcr.io/nokia/srlinux:26.7.2 │         │ fd00:df:1ab:17::7 │
├────────────────┼──────────────────────────────┼─────────┼───────────────────┤
│ clab-ml-17-h1  │ linux                        │ running │ 192.168.17.102    │
│                │ python:3.13-alpine           │         │ fd00:df:1ab:17::8 │
├────────────────┼──────────────────────────────┼─────────┼───────────────────┤
│ clab-ml-17-h2  │ linux                        │ running │ 192.168.17.103    │
│                │ python:3.13-alpine           │         │ fd00:df:1ab:17::6 │
├────────────────┼──────────────────────────────┼─────────┼───────────────────┤
│ clab-ml-17-h3  │ linux                        │ running │ 192.168.17.142    │
│                │ python:3.13-alpine           │         │ fd00:df:1ab:17::2 │
├────────────────┼──────────────────────────────┼─────────┼───────────────────┤
│ clab-ml-17-v1  │ linux                        │ running │ 192.168.17.104    │
│                │ python:3.13-alpine           │         │ fd00:df:1ab:17::3 │
├────────────────┼──────────────────────────────┼─────────┼───────────────────┤
│ clab-ml-17-v2  │ linux                        │ running │ 192.168.17.105    │
│                │ python:3.13-alpine           │         │ fd00:df:1ab:17::4 │
├────────────────┼──────────────────────────────┼─────────┼───────────────────┤
│ clab-ml-17-v3  │ linux                        │ running │ 192.168.17.164    │
│                │ python:3.13-alpine           │         │ fd00:df:1ab:17::5 │
╰────────────────┴──────────────────────────────┴─────────┴───────────────────╯

Initial configuration skipped, run 'netlab initial' to configure the devices
