Using transformed lab topology from snapshot file netlab.snapshot.pickle
Checking virtualization provider installation
OK: clab installed and working correctly
Starting clab nodes
provider clab: executing flock -E 42 /tmp/netlab.lock sudo -E containerlab deploy --reconfigure -t clab.yml
06:52:31 INFO Containerlab started version=0.75.0
06:52:31 INFO Parsing & checking topology file=clab.yml
06:52:31 INFO Removing directory path=/work/netlab_cicd/clab-ml-17
06:52:31 INFO Creating docker network name=nl_mgmt_17 IPv4 subnet=192.168.17.0/24 IPv6 subnet="" MTU=0
06:52:31 INFO Creating lab directory path=/work/netlab_cicd/clab-ml-17
06:52:32 INFO Creating container name=h2
06:52:32 INFO Creating container name=h4
06:52:32 INFO Creating container name=h1
06:52:32 INFO Creating container name=h3
06:52:32 INFO Creating container name=rtr
06:52:32 INFO Created link: h1:eth1 ▪┄┄▪ rtr:e1-1
06:52:32 INFO Created link: h3:eth1 ▪┄┄▪ rtr:e1-2
06:52:32 INFO Created link: h2:eth1 ▪┄┄▪ rtr:e1-3
06:52:33 INFO Created link: h4:eth1 ▪┄┄▪ rtr:e1-4
06:52:33 INFO Running postdeploy actions kind=srl node=rtr
06:52:43 INFO Adding host entries path=/etc/hosts
06:52:43 INFO Adding SSH config for nodes path=/etc/ssh/ssh_config.d/clab-ml-17.conf
06:52:43 INFO containerlab version
  🎉=
  │ A newer containerlab version (0.76.0) is available!
  │ Release notes: https://containerlab.dev/rn/0.76/
  │ Run 'clab version upgrade' or see https://containerlab.dev/install/ for other installation options.
[1m╭[0m[1m────────────────[0m[1m┬[0m[1m──────────────────────────────[0m[1m┬[0m[1m─────────[0m[1m┬[0m[1m────────────────[0m[1m╮[0m
[1m│[0m[1m      Name      [0m[1m│[0m[1m          Kind/Image          [0m[1m│[0m[1m  State  [0m[1m│[0m[1m IPv4/6 Address [0m[1m│[0m
[1m├[0m[1m────────────────[0m[1m┼[0m[1m──────────────────────────────[0m[1m┼[0m[1m─────────[0m[1m┼[0m[1m────────────────[0m[1m┤[0m
│ clab-ml-17-h1  │ linux                        │ running │ 192.168.17.101 │
│                │ python:3.13-alpine           │         │ N/A            │
├────────────────┼──────────────────────────────┼─────────┼────────────────┤
│ clab-ml-17-h2  │ linux                        │ running │ 192.168.17.102 │
│                │ python:3.13-alpine           │         │ N/A            │
├────────────────┼──────────────────────────────┼─────────┼────────────────┤
│ clab-ml-17-h3  │ linux                        │ running │ 192.168.17.103 │
│                │ python:3.13-alpine           │         │ N/A            │
├────────────────┼──────────────────────────────┼─────────┼────────────────┤
│ clab-ml-17-h4  │ linux                        │ running │ 192.168.17.104 │
│                │ python:3.13-alpine           │         │ N/A            │
├────────────────┼──────────────────────────────┼─────────┼────────────────┤
│ clab-ml-17-rtr │ srl                          │ running │ 192.168.17.105 │
│                │ ghcr.io/nokia/srlinux:26.3.2 │         │ N/A            │
╰────────────────┴──────────────────────────────┴─────────┴────────────────╯

Initial configuration skipped, run 'netlab initial' to configure the devices
