Using transformed lab topology from snapshot file netlab.snapshot.pickle
Checking virtualization provider installation
OK: clab installed and working correctly
Starting clab nodes
provider clab: executing flock -E 42 /tmp/netlab.lock sudo -E containerlab deploy --reconfigure -t clab.yml
08:38:13 INFO Containerlab started version=0.75.0
08:38:13 INFO Parsing & checking topology file=clab.yml
08:38:13 INFO Removing directory path=/work/netlab_cicd/clab-ml-17
08:38:13 INFO Creating docker network name=nl_mgmt_17 IPv4 subnet=192.168.17.0/24 IPv6 subnet="" MTU=0
08:38:13 INFO Creating lab directory path=/work/netlab_cicd/clab-ml-17
08:38:13 INFO Creating container name=r1
08:38:13 INFO Creating container name=r4
08:38:13 INFO Creating container name=r3
08:38:13 INFO Creating container name=r2
08:38:13 INFO Creating container name=dut
08:38:14 INFO Created link: dut:e1-3 ▪┄┄▪ r3:eth1
08:38:14 INFO Created link: dut:e1-4 ▪┄┄▪ r4:eth1
08:38:14 INFO Running postdeploy actions kind=srl node=dut
08:38:14 INFO Created link: dut:e1-2 ▪┄┄▪ r2:eth1
08:38:14 INFO Created link: dut:e1-1 ▪┄┄▪ r1:eth1
08:38:25 INFO Executed command node=r1 command="sleep 1" stdout=""
08:38:25 INFO Executed command node=r4 command="sleep 1" stdout=""
08:38:25 INFO Executed command node=r3 command="sleep 1" stdout=""
08:38:25 INFO Executed command node=r2 command="sleep 1" stdout=""
08:38:25 INFO Adding host entries path=/etc/hosts
08:38:25 INFO Adding SSH config for nodes path=/etc/ssh/ssh_config.d/clab-ml-17.conf
[1m╭[0m[1m────────────────[0m[1m┬[0m[1m──────────────────────────────[0m[1m┬[0m[1m─────────[0m[1m┬[0m[1m────────────────[0m[1m╮[0m
[1m│[0m[1m      Name      [0m[1m│[0m[1m          Kind/Image          [0m[1m│[0m[1m  State  [0m[1m│[0m[1m IPv4/6 Address [0m[1m│[0m
[1m├[0m[1m────────────────[0m[1m┼[0m[1m──────────────────────────────[0m[1m┼[0m[1m─────────[0m[1m┼[0m[1m────────────────[0m[1m┤[0m
│ clab-ml-17-dut │ srl                          │ running │ 192.168.17.101 │
│                │ ghcr.io/nokia/srlinux:26.3.2 │         │ N/A            │
├────────────────┼──────────────────────────────┼─────────┼────────────────┤
│ clab-ml-17-r1  │ linux                        │ running │ 192.168.17.102 │
│                │ quay.io/frrouting/frr:10.6.1 │         │ N/A            │
├────────────────┼──────────────────────────────┼─────────┼────────────────┤
│ clab-ml-17-r2  │ linux                        │ running │ 192.168.17.103 │
│                │ quay.io/frrouting/frr:10.6.1 │         │ N/A            │
├────────────────┼──────────────────────────────┼─────────┼────────────────┤
│ clab-ml-17-r3  │ linux                        │ running │ 192.168.17.104 │
│                │ quay.io/frrouting/frr:10.6.1 │         │ N/A            │
├────────────────┼──────────────────────────────┼─────────┼────────────────┤
│ clab-ml-17-r4  │ linux                        │ running │ 192.168.17.105 │
│                │ quay.io/frrouting/frr:10.6.1 │         │ N/A            │
╰────────────────┴──────────────────────────────┴─────────┴────────────────╯

Initial configuration skipped, run 'netlab initial' to configure the devices
