Using transformed lab topology from snapshot file netlab.snapshot.pickle
Checking virtualization provider installation
OK: clab installed and working correctly
Starting clab nodes
provider clab: executing sudo -E containerlab deploy --reconfigure -t clab.yml
08:01:05 INFO Containerlab started version=0.74.2
08:01:05 INFO Parsing & checking topology file=clab.yml
08:01:05 INFO Removing directory path=/work/netlab_cicd/nokia_c/clab-ml-83
08:01:05 INFO Creating docker network name=nl_mgmt_83 IPv4 subnet=192.168.83.0/24 IPv6 subnet="" MTU=0
08:01:05 INFO Creating lab directory path=/work/netlab_cicd/nokia_c/clab-ml-83
08:01:05 INFO Creating container name=r4
08:01:05 INFO Creating container name=r1
08:01:05 INFO Creating container name=r2
08:01:05 INFO Creating container name=dut
08:01:05 INFO Creating container name=r3
08:01:06 INFO Created link: r1:eth1 ▪┄┄▪ dut:e1-1
08:01:06 INFO Created link: r2:eth1 ▪┄┄▪ dut:e1-2
08:01:06 INFO Created link: r3:eth1 ▪┄┄▪ dut:e1-3
08:01:06 INFO Created link: r4:eth1 ▪┄┄▪ dut:e1-4
08:01:06 INFO Running postdeploy actions kind=srl node=dut
08:01:19 INFO Executed command node=r2 command="sleep 1" stdout=""
08:01:19 INFO Executed command node=r4 command="sleep 1" stdout=""
08:01:19 INFO Executed command node=r1 command="sleep 1" stdout=""
08:01:19 INFO Executed command node=r3 command="sleep 1" stdout=""
08:01:19 INFO Adding host entries path=/etc/hosts
08:01:19 INFO Adding SSH config for nodes path=/etc/ssh/ssh_config.d/clab-ml-83.conf
08:01:19 INFO containerlab version
  🎉=
  │ A newer containerlab version (0.74.3) is available!
  │ Release notes: https://containerlab.dev/rn/0.74/#0743
  │ Run 'clab version upgrade' or see https://containerlab.dev/install/ for other installation options.
[1m╭[0m[1m────────────────[0m[1m┬[0m[1m──────────────────────────────[0m[1m┬[0m[1m─────────[0m[1m┬[0m[1m────────────────[0m[1m╮[0m
[1m│[0m[1m      Name      [0m[1m│[0m[1m          Kind/Image          [0m[1m│[0m[1m  State  [0m[1m│[0m[1m IPv4/6 Address [0m[1m│[0m
[1m├[0m[1m────────────────[0m[1m┼[0m[1m──────────────────────────────[0m[1m┼[0m[1m─────────[0m[1m┼[0m[1m────────────────[0m[1m┤[0m
│ clab-ml-83-dut │ srl                          │ running │ 192.168.83.101 │
│                │ ghcr.io/nokia/srlinux:26.3.1 │         │ N/A            │
├────────────────┼──────────────────────────────┼─────────┼────────────────┤
│ clab-ml-83-r1  │ linux                        │ running │ 192.168.83.111 │
│                │ quay.io/frrouting/frr:10.6.0 │         │ N/A            │
├────────────────┼──────────────────────────────┼─────────┼────────────────┤
│ clab-ml-83-r2  │ linux                        │ running │ 192.168.83.112 │
│                │ quay.io/frrouting/frr:10.6.0 │         │ N/A            │
├────────────────┼──────────────────────────────┼─────────┼────────────────┤
│ clab-ml-83-r3  │ linux                        │ running │ 192.168.83.123 │
│                │ quay.io/frrouting/frr:10.6.0 │         │ N/A            │
├────────────────┼──────────────────────────────┼─────────┼────────────────┤
│ clab-ml-83-r4  │ linux                        │ running │ 192.168.83.124 │
│                │ quay.io/frrouting/frr:10.6.0 │         │ N/A            │
╰────────────────┴──────────────────────────────┴─────────┴────────────────╯

Initial configuration skipped, run 'netlab initial' to configure the devices
