Using transformed lab topology from snapshot file netlab.snapshot.pickle
Checking virtualization provider installation
OK: clab installed and working correctly
Starting clab nodes
provider clab: executing flock -E 42 /tmp/netlab.lock sudo -E containerlab deploy --reconfigure -t clab.yml
06:24:27 INFO Containerlab started version=0.75.0
06:24:27 INFO Parsing & checking topology file=clab.yml
06:24:27 INFO Removing directory path=/work/netlab_cicd/clab-ml-17
06:24:27 INFO Creating docker network name=nl_mgmt_17 IPv4 subnet=192.168.17.0/24 IPv6 subnet="" MTU=0
06:24:27 INFO Creating lab directory path=/work/netlab_cicd/clab-ml-17
06:24:27 INFO Creating container name=r2
06:24:27 INFO Creating container name=r4
06:24:27 INFO Creating container name=r1
06:24:27 INFO Creating container name=r3
06:24:27 INFO Creating container name=dut
06:24:28 INFO Created link: dut:e1-1 ▪┄┄▪ r1:eth1
06:24:28 INFO Created link: dut:e1-2 ▪┄┄▪ r2:eth1
06:24:28 INFO Created link: dut:e1-3 ▪┄┄▪ r3:eth1
06:24:28 INFO Created link: dut:e1-4 ▪┄┄▪ r4:eth1
06:24:28 INFO Running postdeploy actions kind=srl node=dut
06:24:39 INFO Executed command node=r4 command="sleep 1" stdout=""
06:24:39 INFO Executed command node=r2 command="sleep 1" stdout=""
06:24:39 INFO Executed command node=r1 command="sleep 1" stdout=""
06:24:39 INFO Executed command node=r3 command="sleep 1" stdout=""
06:24:39 INFO Adding host entries path=/etc/hosts
06:24:39 INFO Adding SSH config for nodes path=/etc/ssh/ssh_config.d/clab-ml-17.conf
06:24:39 INFO containerlab version
  🎉=
  │ A newer containerlab version (0.77.0) is available!
  │ Release notes: https://containerlab.dev/rn/0.77/
  │ Run 'clab version upgrade' or see https://containerlab.dev/install/ for other installation options.
[1m╭[0m[1m────────────────[0m[1m┬[0m[1m──────────────────────────────[0m[1m┬[0m[1m─────────[0m[1m┬[0m[1m────────────────[0m[1m╮[0m
[1m│[0m[1m      Name      [0m[1m│[0m[1m          Kind/Image          [0m[1m│[0m[1m  State  [0m[1m│[0m[1m IPv4/6 Address [0m[1m│[0m
[1m├[0m[1m────────────────[0m[1m┼[0m[1m──────────────────────────────[0m[1m┼[0m[1m─────────[0m[1m┼[0m[1m────────────────[0m[1m┤[0m
│ clab-ml-17-dut │ srl                          │ running │ 192.168.17.101 │
│                │ ghcr.io/nokia/srlinux:26.7.1 │         │ N/A            │
├────────────────┼──────────────────────────────┼─────────┼────────────────┤
│ clab-ml-17-r1  │ linux                        │ running │ 192.168.17.102 │
│                │ quay.io/frrouting/frr:10.6.1 │         │ N/A            │
├────────────────┼──────────────────────────────┼─────────┼────────────────┤
│ clab-ml-17-r2  │ linux                        │ running │ 192.168.17.103 │
│                │ quay.io/frrouting/frr:10.6.1 │         │ N/A            │
├────────────────┼──────────────────────────────┼─────────┼────────────────┤
│ clab-ml-17-r3  │ linux                        │ running │ 192.168.17.104 │
│                │ quay.io/frrouting/frr:10.6.1 │         │ N/A            │
├────────────────┼──────────────────────────────┼─────────┼────────────────┤
│ clab-ml-17-r4  │ linux                        │ running │ 192.168.17.105 │
│                │ quay.io/frrouting/frr:10.6.1 │         │ N/A            │
╰────────────────┴──────────────────────────────┴─────────┴────────────────╯

Initial configuration skipped, run 'netlab initial' to configure the devices
