Using transformed lab topology from snapshot file netlab.snapshot.pickle
Checking virtualization provider installation
OK: clab installed and working correctly
Starting clab nodes
 [INFO] Setting containerlab runtime to docker
provider clab: executing flock -E 42 /tmp/netlab.lock containerlab deploy --reconfigure -t clab.yml
07:54:32 INFO Containerlab started version=0.79.0
07:54:32 INFO Parsing & checking topology file=clab.yml
07:54:32 INFO Removing directory path=/work/netlab_cicd/clab-ml-17
07:54:32 INFO Creating docker network name=nl_mgmt_17 IPv4 subnet=192.168.17.0/24 IPv6 subnet=fd00:df:1ab:17::/64 MTU=0
07:54:32 INFO Creating lab directory path=/work/netlab_cicd/clab-ml-17
07:54:32 INFO Creating container name=h2
07:54:32 INFO Creating container name=srv
07:54:32 INFO Creating container name=h1
07:54:32 INFO Creating container name=dut
07:54:33 INFO Created link: h1:eth1 ▪┄┄▪ dut:e1-1
07:54:33 INFO Created link: h2:eth1 ▪┄┄▪ dut:e1-2
07:54:33 INFO Created link: srv:eth1 ▪┄┄▪ dut:e1-3
07:54:33 INFO Running postdeploy actions kind=srl node=dut
07:54:44 INFO Adding host entries path=/etc/hosts
07:54:44 INFO Adding SSH config for nodes path=/etc/ssh/ssh_config.d/clab-ml-17.conf
[1m╭[0m[1m────────────────[0m[1m┬[0m[1m──────────────────────────────[0m[1m┬[0m[1m─────────[0m[1m┬[0m[1m───────────────────[0m[1m╮[0m
[1m│[0m[1m      Name      [0m[1m│[0m[1m          Kind/Image          [0m[1m│[0m[1m  State  [0m[1m│[0m[1m   IPv4/6 Address  [0m[1m│[0m
[1m├[0m[1m────────────────[0m[1m┼[0m[1m──────────────────────────────[0m[1m┼[0m[1m─────────[0m[1m┼[0m[1m───────────────────[0m[1m┤[0m
│ clab-ml-17-dut │ srl                          │ running │ 192.168.17.104    │
│                │ ghcr.io/nokia/srlinux:26.7.2 │         │ fd00:df:1ab:17::5 │
├────────────────┼──────────────────────────────┼─────────┼───────────────────┤
│ clab-ml-17-h1  │ linux                        │ running │ 192.168.17.101    │
│                │ python:3.13-alpine           │         │ fd00:df:1ab:17::3 │
├────────────────┼──────────────────────────────┼─────────┼───────────────────┤
│ clab-ml-17-h2  │ linux                        │ running │ 192.168.17.102    │
│                │ python:3.13-alpine           │         │ fd00:df:1ab:17::2 │
├────────────────┼──────────────────────────────┼─────────┼───────────────────┤
│ clab-ml-17-srv │ linux                        │ running │ 192.168.17.103    │
│                │ python:3.13-alpine           │         │ fd00:df:1ab:17::4 │
╰────────────────┴──────────────────────────────┴─────────┴───────────────────╯

Initial configuration skipped, run 'netlab initial' to configure the devices
