Checking virtualization provider installation
OK: clab installed and working correctly
Stopping clab nodes
14:40:52 INFO Parsing & checking topology file=clab.yml
14:40:52 INFO Parsing & checking topology file=clab.yml
14:40:52 INFO Destroying lab name=ml-17
14:40:52 INFO Removed container name=clab-ml-17-r2
14:40:52 INFO Removed container name=clab-ml-17-dut
14:40:53 INFO Removed container name=clab-ml-17-r4
14:40:53 INFO Removed container name=clab-ml-17-r1
14:40:53 INFO Removed container name=clab-ml-17-r3
14:40:53 INFO Removing host entries path=/etc/hosts
14:40:53 INFO Removing SSH config path=/etc/ssh/ssh_config.d/clab-ml-17.conf
Cleanup configuration files
... removing clab.yml
... removing ansible.cfg
... removing hosts.yml
... removing directory tree group_vars
... removing directory tree host_vars
... removing directory tree node_files
... removing netlab.snapshot.pickle
