Using transformed lab topology from snapshot file netlab.snapshot.pickle
Checking virtualization provider installation
OK: libvirt installed and working correctly
Starting libvirt nodes
creating libvirt management network nl_mgmt_85
provider libvirt: executing vagrant up --provider libvirt
Bringing machine 'c1' up with 'libvirt' provider...
Bringing machine 'c2' up with 'libvirt' provider...
Bringing machine 'server' up with 'libvirt' provider...
==> c1: Checking if box 'bento/ubuntu-24.04' version '202508.03.0' is up to date...
==> c2: Checking if box 'bento/ubuntu-24.04' version '202508.03.0' is up to date...
==> server: Checking if box 'cisco/cat8000v' version '17.16.01a' is up to date...
[fog][WARNING] Unrecognized arguments: libvirt_ip_command
[fog][WARNING] Unrecognized arguments: libvirt_ip_command
==> server: Creating image (snapshot of base box volume).
==> server: Creating domain with the following settings...
==> c2: Creating image (snapshot of base box volume).
==> server:  -- Name:              ml-85_server
==> c2: Creating domain with the following settings...
==> server:  -- Description:       Source: /work/netlab_cicd/other_vm/Vagrantfile
==> c2:  -- Name:              ml-85_c2
==> server:  -- Domain type:       kvm
==> c2:  -- Description:       Source: /work/netlab_cicd/other_vm/Vagrantfile
==> server:  -- Cpus:              2
==> c2:  -- Domain type:       kvm
==> server:  -- Feature:           acpi
==> c2:  -- Cpus:              1
==> server:  -- Feature:           apic
==> c2:  -- Feature:           acpi
==> server:  -- Feature:           pae
==> c2:  -- Feature:           apic
==> server:  -- Clock offset:      utc
==> c2:  -- Feature:           pae
==> server:  -- Memory:            4096M
==> c2:  -- Clock offset:      utc
==> server:  -- Management MAC:    ca:fe:00:03:00:00
==> c2:  -- Memory:            1024M
==> server:  -- Base box:          cisco/cat8000v
==> c2:  -- Management MAC:    ca:fe:00:02:00:00
==> server:  -- Storage pool:      default
==> c2:  -- Base box:          bento/ubuntu-24.04
==> server:  -- Image(vda):        /var/lib/libvirt/images/ml-85_server.img, virtio, 8G
==> c2:  -- Storage pool:      default
==> server:  -- Disk driver opts:  cache='default'
==> c2:  -- Image(vda):        /var/lib/libvirt/images/ml-85_c2.img, virtio, 64G
==> server:  -- Graphics Type:     vnc
==> c2:  -- Disk driver opts:  cache='default'
==> server:  -- Video Type:        cirrus
==> c2:  -- Graphics Type:     vnc
==> server:  -- Video VRAM:        16384
==> server:  -- Video 3D accel:    false
==> c2:  -- Video Type:        cirrus
==> server:  -- Keymap:            en-us
==> c2:  -- Video VRAM:        16384
==> server:  -- TPM Backend:       passthrough
==> c2:  -- Video 3D accel:    false
==> server:  -- INPUT:             type=mouse, bus=ps2
==> c2:  -- Keymap:            en-us
==> c2:  -- TPM Backend:       passthrough
==> c2:  -- INPUT:             type=mouse, bus=ps2
[fog][WARNING] Unrecognized arguments: libvirt_ip_command
==> c1: Creating image (snapshot of base box volume).
==> c1: Creating domain with the following settings...
==> c1:  -- Name:              ml-85_c1
==> c1:  -- Description:       Source: /work/netlab_cicd/other_vm/Vagrantfile
==> c1:  -- Domain type:       kvm
==> c1:  -- Cpus:              1
==> c1:  -- Feature:           acpi
==> c1:  -- Feature:           apic
==> c1:  -- Feature:           pae
==> c1:  -- Clock offset:      utc
==> c1:  -- Memory:            1024M
==> c1:  -- Management MAC:    ca:fe:00:01:00:00
==> c1:  -- Base box:          bento/ubuntu-24.04
==> c1:  -- Storage pool:      default
==> c1:  -- Image(vda):        /var/lib/libvirt/images/ml-85_c1.img, virtio, 64G
==> c1:  -- Disk driver opts:  cache='default'
==> c1:  -- Graphics Type:     vnc
==> c1:  -- Video Type:        cirrus
==> server: Creating shared folders metadata...
==> c2: Creating shared folders metadata...
==> server: Starting domain.
==> c2: Starting domain.
==> c1:  -- Video VRAM:        16384
==> c2: Domain launching with graphics connection settings...
==> c1:  -- Video 3D accel:    false
==> c2:  -- Graphics Port:      5901
==> c1:  -- Keymap:            en-us
==> c2:  -- Graphics IP:        127.0.0.1
==> c1:  -- TPM Backend:       passthrough
==> c2:  -- Graphics Password:  Not defined
==> c1:  -- INPUT:             type=mouse, bus=ps2
==> c2:  -- Graphics Websocket: 5701
==> server: Domain launching with graphics connection settings...
==> c2: Waiting for domain to get an IP address...
==> server:  -- Graphics Port:      5900
==> server:  -- Graphics IP:        127.0.0.1
==> server:  -- Graphics Password:  Not defined
==> server:  -- Graphics Websocket: 5700
==> server: Waiting for domain to get an IP address...
==> c1: Creating shared folders metadata...
==> c1: Starting domain.
==> c1: Domain launching with graphics connection settings...
==> c1:  -- Graphics Port:      5902
==> c1:  -- Graphics IP:        127.0.0.1
==> c1:  -- Graphics Password:  Not defined
==> c1:  -- Graphics Websocket: 5702
==> c1: Waiting for domain to get an IP address...
==> c2: Waiting for machine to boot. This may take a few minutes...
    c2: SSH address: 192.168.85.102:22
    c2: SSH username: vagrant
    c2: SSH auth method: private key
    c2: 
    c2: Vagrant insecure key detected. Vagrant will automatically replace
    c2: this with a newly generated keypair for better security.
    c2: 
    c2: Inserting generated public key within guest...
    c2: Removing insecure key from the guest if it's present...
==> c1: Waiting for machine to boot. This may take a few minutes...
    c1: SSH address: 192.168.85.101:22
    c1: SSH username: vagrant
    c1: SSH auth method: private key
    c2: Key inserted! Disconnecting and reconnecting using new SSH key...
    c1: 
    c1: Vagrant insecure key detected. Vagrant will automatically replace
    c1: this with a newly generated keypair for better security.
==> c2: Machine booted and ready!
    c1: 
    c1: Inserting generated public key within guest...
    c1: Removing insecure key from the guest if it's present...
    c1: Key inserted! Disconnecting and reconnecting using new SSH key...
==> c1: Machine booted and ready!
==> server: Waiting for machine to boot. This may take a few minutes...
    server: SSH address: 192.168.85.103:22
    server: SSH username: vagrant
    server: SSH auth method: private key
    server: Warning: Connection refused. Retrying...
==> server: Machine booted and ready!

Initial configuration skipped, run 'netlab initial' to configure the devices
