Using transformed lab topology from snapshot file netlab.snapshot.pickle
Checking virtualization provider installation
OK: libvirt installed and working correctly
OK: clab installed and working correctly
Starting libvirt nodes
creating libvirt management network nl_mgmt_85
provider libvirt: executing vagrant up --provider libvirt
Bringing machine 'server' up with 'libvirt' provider...
==> server: Checking if box 'cisco/cat8000v' version '17.16.01a' is up to date...
[fog][WARNING] Unrecognized arguments: libvirt_ip_command
==> server: Creating image (snapshot of base box volume).
==> server: Creating domain with the following settings...
==> server:  -- Name:              ml-85_server
==> server:  -- Description:       Source: /work/netlab_cicd/other_vm/Vagrantfile
==> server:  -- Domain type:       kvm
==> server:  -- Cpus:              2
==> server:  -- Feature:           acpi
==> server:  -- Feature:           apic
==> server:  -- Feature:           pae
==> server:  -- Clock offset:      utc
==> server:  -- Memory:            4096M
==> server:  -- Management MAC:    ca:fe:00:03:00:00
==> server:  -- Base box:          cisco/cat8000v
==> server:  -- Storage pool:      default
==> server:  -- Image(vda):        /var/lib/libvirt/images/ml-85_server.img, virtio, 8G
==> server:  -- Disk driver opts:  cache='default'
==> server:  -- Graphics Type:     vnc
==> server:  -- Video Type:        cirrus
==> server:  -- Video VRAM:        16384
==> server:  -- Video 3D accel:    false
==> server:  -- Keymap:            en-us
==> server:  -- TPM Backend:       passthrough
==> server:  -- INPUT:             type=mouse, bus=ps2
==> server: Creating shared folders metadata...
==> server: Starting domain.
==> server: Domain launching with graphics connection settings...
==> server:  -- Graphics Port:      5900
==> server:  -- Graphics IP:        127.0.0.1
==> server:  -- Graphics Password:  Not defined
==> server:  -- Graphics Websocket: 5700
==> server: Waiting for domain to get an IP address...
==> server: Waiting for machine to boot. This may take a few minutes...
    server: SSH address: 192.168.85.103:22
    server: SSH username: vagrant
    server: SSH auth method: private key
    server: Warning: Connection refused. Retrying...
==> server: Machine booted and ready!
Starting clab nodes
Recreating clab-augment.yml configuration file for clab provider
Created provider configuration file: clab-augment.yml
provider clab: executing sudo -E containerlab deploy --reconfigure -t clab-augment.yml
01:11:54 INFO Containerlab started version=0.74.2
01:11:54 INFO Parsing & checking topology file=clab-augment.yml
01:11:54 INFO Removing directory path=/work/netlab_cicd/other_vm/clab-ml-85
01:11:54 INFO Creating docker network name=nl_mgmt_85 IPv4 subnet=192.168.85.0/24 IPv6 subnet="" MTU=0
01:11:54 INFO Creating lab directory path=/work/netlab_cicd/other_vm/clab-ml-85
01:11:54 INFO Creating container name=c1
01:11:54 INFO Creating container name=c2
01:11:54 INFO Running postdeploy actions for Cisco IOL 'c1' node
01:11:54 INFO Running postdeploy actions for Cisco IOL 'c2' node
01:11:54 INFO Created link: c1:eth1 (Ethernet0/1) ▪┄┄▪ virbr2:bni85n1i1
01:11:54 INFO Created link: c2:eth1 (Ethernet0/1) ▪┄┄▪ virbr2:bni85n2i1
01:11:54 INFO Adding host entries path=/etc/hosts
01:11:54 INFO Adding SSH config for nodes path=/etc/ssh/ssh_config.d/clab-ml-85.conf
01:11:54 INFO containerlab version
  🎉=
  │ A newer containerlab version (0.74.3) is available!
  │ Release notes: https://containerlab.dev/rn/0.74/#0743
  │ Run 'clab version upgrade' or see https://containerlab.dev/install/ for other installation options.
[1m╭[0m[1m───────────────[0m[1m┬[0m[1m──────────────────────────────[0m[1m┬[0m[1m─────────[0m[1m┬[0m[1m────────────────[0m[1m╮[0m
[1m│[0m[1m      Name     [0m[1m│[0m[1m          Kind/Image          [0m[1m│[0m[1m  State  [0m[1m│[0m[1m IPv4/6 Address [0m[1m│[0m
[1m├[0m[1m───────────────[0m[1m┼[0m[1m──────────────────────────────[0m[1m┼[0m[1m─────────[0m[1m┼[0m[1m────────────────[0m[1m┤[0m
│ clab-ml-85-c1 │ cisco_iol                    │ running │ 192.168.85.101 │
│               │ vrnetlab/cisco_iol:17.16.01a │         │ N/A            │
├───────────────┼──────────────────────────────┼─────────┼────────────────┤
│ clab-ml-85-c2 │ cisco_iol                    │ running │ 192.168.85.102 │
│               │ vrnetlab/cisco_iol:17.16.01a │         │ N/A            │
╰───────────────┴──────────────────────────────┴─────────┴────────────────╯

Initial configuration skipped, run 'netlab initial' to configure the devices
