Using transformed lab topology from snapshot file netlab.snapshot.pickle
Checking virtualization provider installation
OK: libvirt installed and working correctly
OK: clab installed and working correctly
Starting libvirt nodes
creating libvirt management network nl_mgmt_85
provider libvirt: executing vagrant up --provider libvirt
Bringing machine 'relay' up with 'libvirt' provider...
==> relay: Checking if box 'cisco/cat8000v' version '17.16.01a' is up to date...
[fog][WARNING] Unrecognized arguments: libvirt_ip_command
==> relay: Creating image (snapshot of base box volume).
==> relay: Creating domain with the following settings...
==> relay:  -- Name:              ml-85_relay
==> relay:  -- Description:       Source: /work/netlab_cicd/other_vm/Vagrantfile
==> relay:  -- Domain type:       kvm
==> relay:  -- Cpus:              2
==> relay:  -- Feature:           acpi
==> relay:  -- Feature:           apic
==> relay:  -- Feature:           pae
==> relay:  -- Clock offset:      utc
==> relay:  -- Memory:            4096M
==> relay:  -- Management MAC:    ca:fe:00:01:00:00
==> relay:  -- Base box:          cisco/cat8000v
==> relay:  -- Storage pool:      default
==> relay:  -- Image(vda):        /var/lib/libvirt/images/ml-85_relay.img, virtio, 8G
==> relay:  -- Disk driver opts:  cache='default'
==> relay:  -- Graphics Type:     vnc
==> relay:  -- Video Type:        cirrus
==> relay:  -- Video VRAM:        16384
==> relay:  -- Video 3D accel:    false
==> relay:  -- Keymap:            en-us
==> relay:  -- TPM Backend:       passthrough
==> relay:  -- INPUT:             type=mouse, bus=ps2
==> relay: Creating shared folders metadata...
==> relay: Starting domain.
==> relay: Domain launching with graphics connection settings...
==> relay:  -- Graphics Port:      5900
==> relay:  -- Graphics IP:        127.0.0.1
==> relay:  -- Graphics Password:  Not defined
==> relay:  -- Graphics Websocket: 5700
==> relay: Waiting for domain to get an IP address...
==> relay: Waiting for machine to boot. This may take a few minutes...
    relay: SSH address: 192.168.85.101:22
    relay: SSH username: vagrant
    relay: SSH auth method: private key
==> relay: Machine booted and ready!
Starting clab nodes
Recreating clab-augment.yml configuration file for clab provider
Created provider configuration file: clab-augment.yml
provider clab: executing sudo -E containerlab deploy --reconfigure -t clab-augment.yml
01:17:45 INFO Containerlab started version=0.74.2
01:17:45 INFO Parsing & checking topology file=clab-augment.yml
01:17:45 INFO Removing directory path=/work/netlab_cicd/other_vm/clab-ml-85
01:17:45 INFO Creating docker network name=nl_mgmt_85 IPv4 subnet=192.168.85.0/24 IPv6 subnet="" MTU=0
01:17:45 INFO Creating lab directory path=/work/netlab_cicd/other_vm/clab-ml-85
01:17:45 INFO Creating container name=s1
01:17:45 INFO Creating container name=s2
01:17:45 INFO Creating container name=c2
01:17:45 INFO Creating container name=c1
01:17:45 INFO Creating container name=c3
01:17:45 INFO Creating container name=c4
01:17:45 INFO Running postdeploy actions for Cisco IOL 'c3' node
01:17:45 INFO Running postdeploy actions for Cisco IOL 'c2' node
01:17:46 INFO Running postdeploy actions for Cisco IOL 'c1' node
01:17:46 INFO Running postdeploy actions for Cisco IOL 'c4' node
01:17:46 INFO Created link: c3:eth1 (Ethernet0/1) ▪┄┄▪ virbr3:bni85n4i1
01:17:46 INFO Created link: c1:eth1 (Ethernet0/1) ▪┄┄▪ virbr2:bni85n2i1
01:17:46 INFO Created link: c2:eth1 (Ethernet0/1) ▪┄┄▪ virbr2:bni85n3i1
01:17:46 INFO Created link: s1:eth1 ▪┄┄▪ virbr4:bni85n6i1
01:17:46 INFO Created link: c4:eth1 (Ethernet0/1) ▪┄┄▪ virbr3:bni85n5i1
01:17:46 INFO Created link: s2:eth1 ▪┄┄▪ virbr5:bni85n7i1
01:17:46 INFO Adding host entries path=/etc/hosts
01:17:46 INFO Adding SSH config for nodes path=/etc/ssh/ssh_config.d/clab-ml-85.conf
01:17:49 INFO Failed fetching latest version information
[1m╭[0m[1m───────────────[0m[1m┬[0m[1m──────────────────────────────[0m[1m┬[0m[1m─────────[0m[1m┬[0m[1m────────────────[0m[1m╮[0m
[1m│[0m[1m      Name     [0m[1m│[0m[1m          Kind/Image          [0m[1m│[0m[1m  State  [0m[1m│[0m[1m IPv4/6 Address [0m[1m│[0m
[1m├[0m[1m───────────────[0m[1m┼[0m[1m──────────────────────────────[0m[1m┼[0m[1m─────────[0m[1m┼[0m[1m────────────────[0m[1m┤[0m
│ clab-ml-85-c1 │ cisco_iol                    │ running │ 192.168.85.102 │
│               │ vrnetlab/cisco_iol:17.16.01a │         │ N/A            │
├───────────────┼──────────────────────────────┼─────────┼────────────────┤
│ clab-ml-85-c2 │ cisco_iol                    │ running │ 192.168.85.103 │
│               │ vrnetlab/cisco_iol:17.16.01a │         │ N/A            │
├───────────────┼──────────────────────────────┼─────────┼────────────────┤
│ clab-ml-85-c3 │ cisco_iol                    │ running │ 192.168.85.104 │
│               │ vrnetlab/cisco_iol:17.16.01a │         │ N/A            │
├───────────────┼──────────────────────────────┼─────────┼────────────────┤
│ clab-ml-85-c4 │ cisco_iol                    │ running │ 192.168.85.105 │
│               │ vrnetlab/cisco_iol:17.16.01a │         │ N/A            │
├───────────────┼──────────────────────────────┼─────────┼────────────────┤
│ clab-ml-85-s1 │ linux                        │ running │ 192.168.85.106 │
│               │ netlab/dnsmasq:latest        │         │ N/A            │
├───────────────┼──────────────────────────────┼─────────┼────────────────┤
│ clab-ml-85-s2 │ linux                        │ running │ 192.168.85.107 │
│               │ netlab/dnsmasq:latest        │         │ N/A            │
╰───────────────┴──────────────────────────────┴─────────┴────────────────╯

Initial configuration skipped, run 'netlab initial' to configure the devices
