Checking virtualization provider installation
OK: libvirt installed and working correctly
OK: clab installed and working correctly
Stopping clab nodes
17:49:18 INFO Parsing & checking topology file=clab-augment.yml
17:49:18 INFO Parsing & checking topology file=clab-augment.yml
17:49:18 INFO Destroying lab name=ml-17
17:49:18 INFO Removed container name=clab-ml-17-server
17:49:19 INFO Removed container name=clab-ml-17-relay
17:49:19 INFO Removing host entries path=/etc/hosts
17:49:19 INFO Removing SSH config path=/etc/ssh/ssh_config.d/clab-ml-17.conf

Stopping libvirt nodes
[fog][WARNING] Unrecognized arguments: libvirt_ip_command
[fog][WARNING] Unrecognized arguments: libvirt_ip_command
==> c2: Removing domain...
==> c2: Deleting the machine folder
==> c1: Removing domain...
==> c1: Deleting the machine folder
Cleanup configuration files
... removing Vagrantfile
... removing clab-augment.yml
... removing ansible.cfg
... removing hosts.yml
... removing directory tree group_vars
... removing directory tree host_vars
... removing directory tree node_files
... removing netlab.snapshot.pickle
