Using transformed lab topology from snapshot file netlab.snapshot.pickle
Checking virtualization provider installation
OK: clab installed and working correctly
Starting clab nodes
provider clab: executing flock -E 42 /tmp/netlab.lock sudo -E containerlab deploy --reconfigure -t clab.yml
16:02:38 INFO Containerlab started version=0.75.0
16:02:38 INFO Parsing & checking topology file=clab.yml
16:02:38 INFO Removing directory path=/work/netlab_cicd/clab-ml-17
16:02:38 INFO Creating docker network name=nl_mgmt_17 IPv4 subnet=192.168.17.0/24 IPv6 subnet="" MTU=0
16:02:38 INFO Creating lab directory path=/work/netlab_cicd/clab-ml-17
16:02:38 INFO Creating container name=r3
16:02:38 INFO Creating container name=core
16:02:38 INFO Creating container name=r2
16:02:38 INFO Creating container name=dut
16:02:39 INFO Created link: r2:eth1 ▪┄┄▪ core:eth2
16:02:39 INFO Created link: dut:eth1 ▪┄┄▪ core:eth1
16:02:39 INFO Created link: r3:eth1 ▪┄┄▪ core:eth4
16:02:39 INFO Created link: dut:eth2 ▪┄┄▪ core:eth3
16:02:40 INFO Executed command node=core command="sleep 1" stdout=""
16:02:40 INFO Executed command node=r2 command="sleep 1" stdout=""
16:02:40 INFO Executed command node=r3 command="sleep 1" stdout=""
16:02:40 INFO Adding host entries path=/etc/hosts
16:02:40 INFO Adding SSH config for nodes path=/etc/ssh/ssh_config.d/clab-ml-17.conf
16:02:43 INFO Failed fetching latest version information
[1m╭[0m[1m─────────────────[0m[1m┬[0m[1m─────────────────────────────────────────[0m[1m┬[0m[1m────────────────────[0m[1m┬[0m[1m────────────────[0m[1m╮[0m
[1m│[0m[1m       Name      [0m[1m│[0m[1m                Kind/Image               [0m[1m│[0m[1m        State       [0m[1m│[0m[1m IPv4/6 Address [0m[1m│[0m
[1m├[0m[1m─────────────────[0m[1m┼[0m[1m─────────────────────────────────────────[0m[1m┼[0m[1m────────────────────[0m[1m┼[0m[1m────────────────[0m[1m┤[0m
│ clab-ml-17-core │ linux                                   │ running            │ 192.168.17.104 │
│                 │ quay.io/frrouting/frr:10.6.1            │                    │ N/A            │
├─────────────────┼─────────────────────────────────────────┼────────────────────┼────────────────┤
│ clab-ml-17-dut  │ juniper_vjunosrouter                    │ running            │ 192.168.17.101 │
│                 │ vrnetlab/juniper_vjunos-router:26.2R1.7 │ (health: starting) │ N/A            │
├─────────────────┼─────────────────────────────────────────┼────────────────────┼────────────────┤
│ clab-ml-17-r2   │ linux                                   │ running            │ 192.168.17.102 │
│                 │ quay.io/frrouting/frr:10.6.1            │                    │ N/A            │
├─────────────────┼─────────────────────────────────────────┼────────────────────┼────────────────┤
│ clab-ml-17-r3   │ linux                                   │ running            │ 192.168.17.103 │
│                 │ quay.io/frrouting/frr:10.6.1            │                    │ N/A            │
╰─────────────────┴─────────────────────────────────────────┴────────────────────┴────────────────╯

Initial configuration skipped, run 'netlab initial' to configure the devices
