Creating Device configuration snippets
[CREATED] dut_r1: initial,ospf,vrf,tunnel.gre
[CREATED] dut_r2: initial,ospf,vrf,tunnel.gre
[CREATED] r3: initial,ospf
Checking Are lab devices ready to be configured?
 [INFO] Checking SSH server(s) on dut_r1,dut_r2
[SSH]     SSH server on node dut_r2 (device vjunos-router) is ready after 85.6 seconds
[SSH]     SSH server on node dut_r1 (device vjunos-router) is ready after 86.4 seconds
 [INFO] Checking lab devices with an Ansible playbook
[WARNING]: Found variable using reserved name: hosts

PLAY [Wait for SSH servers] ****************************************************

PLAY [Wait for device-specific conditions] *************************************

TASK [Set variables that cannot be set with VARS] ******************************
ok: [dut_r1]
ok: [dut_r2]

TASK [Find device readiness script] ********************************************
ok: [dut_r1]
ok: [dut_r2]

TASK [Wait for device to become ready] *****************************************
included: /home/pipi/netlab_gh/netsim/ansible/tasks/readiness-check/junos.yml for dut_r1, dut_r2

TASK [set_fact] ****************************************************************
ok: [dut_r1]
ok: [dut_r2]

TASK [Wait for first interface (ge-0/0/0)] *************************************
ok: [dut_r2]
ok: [dut_r1]

PLAY RECAP *********************************************************************
dut_r1                     : ok=5    changed=0    unreachable=0    failed=0    skipped=0    rescued=0    ignored=0   
dut_r2                     : ok=5    changed=0    unreachable=0    failed=0    skipped=0    rescued=0    ignored=0   

Config Deploying device configurations
 [INFO] Executing initial configuration for node r3
 [INFO] Executing ospf configuration for node r3
 [INFO] Starting Ansible playbook to deploy the rest of the
          configurations
[WARNING]: Found variable using reserved name: hosts

PLAY [Deploy initial device configuration] *************************************

TASK [Set variables that cannot be set with VARS] ******************************
ok: [dut_r1]
ok: [dut_r2]

TASK [Deploy initial configuration] ********************************************
included: /home/pipi/netlab_gh/netsim/ansible/tasks/deploy-module.yml for dut_r1, dut_r2

TASK [Figure out whether to deploy the module initial on current device] *******
ok: [dut_r2]
ok: [dut_r1]

TASK [Find configuration template for initial] *********************************
ok: [dut_r1]
ok: [dut_r2]

TASK [fail] ********************************************************************
skipping: [dut_r1]
skipping: [dut_r2]

TASK [Find configuration deployment deploy_script for initial] *****************
ok: [dut_r1]
ok: [dut_r2]

TASK [Print deployed configuration when running in verbose mode] ***************
ok: [dut_r1] => {
    "msg": "initial configuration for dut_r1\n=========================================\nsystem {\n  host-name dut_r1;\n  static-host-mapping {\n    dutr2 inet 10.0.0.2;\n    r3 inet 10.0.0.3;\n  }\n}\n\n\n\npolicy-options {\n  community tg_65000_1 members target:65000:1;\n}\n\n\n\npolicy-options {\n  policy-statement vrf-transport-rt-export {\n    term 1 {\n      then {\n        community add tg_65000_1;\n        accept;\n      }\n    }\n  }\n\n\n  policy-statement vrf-transport-rt-import {\n    term 1 {\n      from community [ tg_65000_1 ];\n      then accept;\n    }\n    term default {\n      then reject;\n    }\n  }\n}\n\nrouting-instances {\n\n  transport {\n    instance-type vrf;\n    route-distinguisher 65000:1;\n\n    vrf-import vrf-transport-rt-import;\n    vrf-export vrf-transport-rt-export;\n\n    routing-options {\n      auto-export;\n    }\n\n    interface ge-0/0/0.0;\n\n  }\n\n}\ninterfaces {\n  ge-0/0/0 {\n    mtu 1514;\n  }\n\n  lo0.0 {\n\n      family inet {\n        address 10.0.0.1/32;\n      }\n  }\n  ge-0/0/0.0 {\n    description \"dut_r1 -> dut_r2\";\n\n      family inet {\n        address 10.1.0.1/30;\n      }\n  }\n  gr-0/0/10.0 {\n    description \"dut_r1 -> dut_r2 [GRE tunnel]\";\n\n      family inet {\n        address 10.1.0.9/30;\n        mtu 1500;\n      }\n  }\n}\nprotocols {\n  lldp {\n    interface fxp0 {\n      disable;\n    }\n    interface all;\n  }\n}\n"
}
ok: [dut_r2] => {
    "msg": "initial configuration for dut_r2\n=========================================\nsystem {\n  host-name dut_r2;\n  static-host-mapping {\n    dutr1 inet 10.0.0.1;\n    r3 inet 10.0.0.3;\n  }\n}\n\n\n\npolicy-options {\n  community tg_65000_1 members target:65000:1;\n}\n\n\n\npolicy-options {\n  policy-statement vrf-transport-rt-export {\n    term 1 {\n      then {\n        community add tg_65000_1;\n        accept;\n      }\n    }\n  }\n\n\n  policy-statement vrf-transport-rt-import {\n    term 1 {\n      from community [ tg_65000_1 ];\n      then accept;\n    }\n    term default {\n      then reject;\n    }\n  }\n}\n\nrouting-instances {\n\n  transport {\n    instance-type vrf;\n    route-distinguisher 65000:1;\n\n    vrf-import vrf-transport-rt-import;\n    vrf-export vrf-transport-rt-export;\n\n    routing-options {\n      auto-export;\n    }\n\n    interface ge-0/0/0.0;\n\n  }\n\n}\ninterfaces {\n  ge-0/0/0 {\n    mtu 1514;\n  }\n  ge-0/0/1 {\n    mtu 1514;\n  }\n\n  lo0.0 {\n\n      family inet {\n        address 10.0.0.2/32;\n      }\n  }\n  ge-0/0/0.0 {\n    description \"dut_r2 -> dut_r1\";\n\n      family inet {\n        address 10.1.0.2/30;\n      }\n  }\n  ge-0/0/1.0 {\n    description \"dut_r2 -> r3\";\n\n      family inet {\n        address 10.1.0.5/30;\n      }\n  }\n  gr-0/0/10.0 {\n    description \"dut_r2 -> dut_r1 [GRE tunnel]\";\n\n      family inet {\n        address 10.1.0.10/30;\n        mtu 1500;\n      }\n  }\n}\nprotocols {\n  lldp {\n    interface fxp0 {\n      disable;\n    }\n    interface all;\n  }\n}\n"
}

TASK [Deploy initial configuration] ********************************************
included: /home/pipi/netlab_gh/netsim/ansible/tasks/deploy-config/junos.yml for dut_r1, dut_r2

TASK [junos_config: deploying initial from /work/netlab_cicd/node_files/dut_r1/initial] ***
changed: [dut_r1]
changed: [dut_r2]

PLAY [Deploy module-specific configurations] ***********************************

TASK [Set variables that cannot be set with VARS] ******************************
ok: [dut_r1]
ok: [dut_r2]

TASK [Deploy individual configuration modules] *********************************
included: /home/pipi/netlab_gh/netsim/ansible/tasks/deploy-module.yml for dut_r1, dut_r2 => (item=ospf)
included: /home/pipi/netlab_gh/netsim/ansible/tasks/deploy-module.yml for dut_r1, dut_r2 => (item=vrf)

TASK [Figure out whether to deploy the module ospf on current device] **********
ok: [dut_r1]
ok: [dut_r2]

TASK [Find configuration template for ospf] ************************************
ok: [dut_r1]
ok: [dut_r2]

TASK [fail] ********************************************************************
skipping: [dut_r1]
skipping: [dut_r2]

TASK [Find configuration deployment deploy_script for ospf] ********************
ok: [dut_r1]
ok: [dut_r2]

TASK [Print deployed configuration when running in verbose mode] ***************
ok: [dut_r1] => {
    "msg": "ospf configuration for dut_r1\n=========================================\nrouting-options {\n  router-id 10.0.0.1\n}\nprotocols {\n  delete: ospf;\n}\n\nprotocols {\n  ospf {\n    area 0.0.0.0 {\n      interface lo0.0 {\n      }\n    }\n    area 0.0.0.0 {\n      interface gr-0/0/10.0 {\n        interface-type p2p;\n      }\n    }\n  }\n}\n\n"
}
ok: [dut_r2] => {
    "msg": "ospf configuration for dut_r2\n=========================================\nrouting-options {\n  router-id 10.0.0.2\n}\nprotocols {\n  delete: ospf;\n}\n\nprotocols {\n  ospf {\n    area 0.0.0.0 {\n      interface lo0.0 {\n      }\n    }\n    area 0.0.0.0 {\n      interface ge-0/0/1.0 {\n        interface-type p2p;\n      }\n    }\n    area 0.0.0.0 {\n      interface gr-0/0/10.0 {\n        interface-type p2p;\n      }\n    }\n  }\n}\n\n"
}

TASK [Deploy ospf configuration] ***********************************************
included: /home/pipi/netlab_gh/netsim/ansible/tasks/deploy-config/junos.yml for dut_r1, dut_r2

TASK [junos_config: deploying ospf from /work/netlab_cicd/node_files/dut_r1/ospf] ***
[WARNING]:  statement not found
changed: [dut_r1]
changed: [dut_r2]

TASK [Figure out whether to deploy the module vrf on current device] ***********
ok: [dut_r1]
ok: [dut_r2]

TASK [Find configuration template for vrf] *************************************
ok: [dut_r1]
ok: [dut_r2]

TASK [fail] ********************************************************************
skipping: [dut_r1]
skipping: [dut_r2]

TASK [Find configuration deployment deploy_script for vrf] *********************
ok: [dut_r1]
ok: [dut_r2]

TASK [Print deployed configuration when running in verbose mode] ***************
ok: [dut_r1] => {
    "msg": "vrf configuration for dut_r1\n=========================================\n\n"
}
ok: [dut_r2] => {
    "msg": "vrf configuration for dut_r2\n=========================================\n\n"
}

TASK [Deploy vrf configuration] ************************************************
included: /home/pipi/netlab_gh/netsim/ansible/tasks/deploy-config/junos.yml for dut_r1, dut_r2

TASK [junos_config: deploying vrf from /work/netlab_cicd/node_files/dut_r1/vrf] ***
ok: [dut_r1]
ok: [dut_r2]

PLAY [Deploy custom deployment templates] **************************************

TASK [Run custom configuration deployment scripts] *****************************
included: /home/pipi/netlab_gh/netsim/ansible/tasks/deploy-custom-config.yml for dut_r1, dut_r2 => (item=tunnel.gre)

TASK [Find configuration template] *********************************************
ok: [dut_r1]
ok: [dut_r2]

TASK [fail] ********************************************************************
skipping: [dut_r1]
skipping: [dut_r2]

TASK [Check is the configuration template is a file] ***************************
ok: [dut_r1 -> localhost]
ok: [dut_r2 -> localhost]

TASK [fail] ********************************************************************
skipping: [dut_r1]
skipping: [dut_r2]

TASK [Process template /work/netlab_cicd/node_files/dut_r1/tunnel.gre for dut_r1] ***
skipping: [dut_r1]
skipping: [dut_r2]

TASK [debug] *******************************************************************
skipping: [dut_r1]
skipping: [dut_r2]

TASK [debug] *******************************************************************
skipping: [dut_r1]
skipping: [dut_r2]

TASK [Find custom configuration deployment script] *****************************
ok: [dut_r2]
ok: [dut_r1]

TASK [Run the configuration deployment script] *********************************
included: /home/pipi/netlab_gh/netsim/ansible/tasks/deploy-config/junos.yml for dut_r1, dut_r2

TASK [junos_config: deploying tunnel.gre from /work/netlab_cicd/node_files/dut_r1/tunnel.gre] ***
changed: [dut_r2]
changed: [dut_r1]

PLAY RECAP *********************************************************************
dut_r1                     : ok=29   changed=3    unreachable=0    failed=0    skipped=8    rescued=0    ignored=0   
dut_r2                     : ok=29   changed=3    unreachable=0    failed=0    skipped=8    rescued=0    ignored=0   

Results of configuration script deployments
================================================================================
r3               Script:  initial,ospf


Test the GRE tunnels. The two tested devices have a GRE tunnel in a
transport VRF and run (global) OSPF over it. The probe should receive
an OSPF route advertised from the remote device (DUT_R1) and be able
to ping its loopback.

