Creating Device configuration snippets
[CREATED] dut: normalize,initial,vlan,stp
[CREATED] x1: normalize,initial,vlan,stp
Checking Are lab devices ready to be configured?
 [INFO] Checking SSH server(s) on dut,x1
[SSH]     SSH server on node dut (device eos) is ready after 5.9 seconds
Config Deploying device configurations
 [INFO] Executing normalize configuration for node dut
 [INFO] Executing normalize configuration for node x1
 [INFO] Executing initial configuration for node x1
 [INFO] Executing initial configuration for node dut
 [INFO] Executing vlan configuration for node x1
 [INFO] Executing stp configuration for node x1
 [INFO] Executing vlan configuration for node dut
 [INFO] Executing stp configuration for node dut

Results of configuration script deployments
================================================================================
dut              Script:  normalize,initial,vlan,stp
x1               Script:  normalize,initial,vlan,stp


The device under test should not run STP. When the STP dust settles,
the root bridge should be the probe with root priority set to maximum.

