Creating Device configuration snippets
[CREATED] x1: normalize,initial,vlan,stp
[CREATED] h1: initial,routing
[CREATED] h2: initial,routing
[CREATED] h3: initial,routing
[CREATED] h4: initial,routing
[CREATED] dut: normalize,initial,vlan,stp
Checking Are lab devices ready to be configured?
 [INFO] Checking SSH server(s) on x1,dut
Config Normalizing device configurations
netmiko:  [INFO] Sent normalize configuration to x1
netmiko:  [INFO] Sent normalize configuration to dut
Config Deploying device configurations
 [INFO] Executing initial configuration for node h1 (namespace clab-
          ml-17-h1)
 [INFO] Executing initial configuration for node h2 (namespace clab-
          ml-17-h2)
 [INFO] Executing initial configuration for node h3 (namespace clab-
          ml-17-h3)
 [INFO] Executing initial configuration for node h4 (namespace clab-
          ml-17-h4)
 [INFO] Executing routing configuration for node h1 (namespace clab-
          ml-17-h1)
 [INFO] Executing routing configuration for node h2 (namespace clab-
          ml-17-h2)
 [INFO] Executing routing configuration for node h3 (namespace clab-
          ml-17-h3)
 [INFO] Executing routing configuration for node h4 (namespace clab-
          ml-17-h4)
netmiko:  [INFO] Sent initial configuration to x1
netmiko:  [INFO] Sent initial configuration to dut
netmiko:  [INFO] Sent vlan configuration to x1
netmiko:  [INFO] Sent stp configuration to x1
netmiko:  [INFO] Sent vlan configuration to dut
netmiko:  [INFO] Sent stp configuration to dut

Results of configuration script deployments
================================================================================
x1               Script:  normalize,initial,vlan,stp
h1               Script:  initial,routing
h2               Script:  initial,routing
h3               Script:  initial,routing
h4               Script:  initial,routing
dut              Script:  normalize,initial,vlan,stp


This is a config-only test that uses all possible STP port types. It's a bit
hard to validate whether a particular port type is configured ;), the only
check we can do is for edge ports.

