Checking virtualization provider installation
OK: clab installed and working correctly
Stopping clab nodes
provider clab: executing flock -E 42 /tmp/netlab.lock sudo -E containerlab destroy --cleanup -t clab.yml
17:30:19 INFO Parsing & checking topology file=clab.yml
17:30:19 INFO Parsing & checking topology file=clab.yml
17:30:19 INFO Destroying lab name=ml-17
17:30:20 INFO Removed container name=clab-ml-17-h1
17:30:20 INFO Removed container name=clab-ml-17-h3
17:30:20 INFO Removed container name=clab-ml-17-h4
17:30:20 INFO Removed container name=clab-ml-17-h2
17:30:21 INFO Removed container name=clab-ml-17-x1
17:30:21 INFO Removed container name=clab-ml-17-dut
17:30:21 INFO Removing host entries path=/etc/hosts
17:30:21 INFO Removing SSH config path=/etc/ssh/ssh_config.d/clab-ml-17.conf
Cleanup configuration files
... removing clab.yml
... removing ansible.cfg
... removing hosts.yml
... removing directory tree group_vars
... removing directory tree host_vars
... removing directory tree node_files
... removing netlab.snapshot.pickle
