Using transformed lab topology from snapshot file netlab.snapshot.pickle
Checking virtualization provider installation
OK: clab installed and working correctly
Starting clab nodes
provider clab: executing sudo -E containerlab deploy --reconfigure -t clab.yml
13:42:09 INFO Containerlab started version=0.74.2
13:42:09 INFO Parsing & checking topology file=clab.yml
13:42:09 INFO Removing directory path=/work/netlab_cicd/other_c/clab-ml-85
13:42:09 INFO Creating docker network name=nl_mgmt_85 IPv4 subnet=192.168.85.0/24 IPv6 subnet="" MTU=0
13:42:09 INFO Creating lab directory path=/work/netlab_cicd/other_c/clab-ml-85
13:42:09 INFO Creating container name=r
13:42:09 INFO Adding host entries path=/etc/hosts
13:42:09 INFO Adding SSH config for nodes path=/etc/ssh/ssh_config.d/clab-ml-85.conf
13:42:09 INFO containerlab version
  🎉=
  │ A newer containerlab version (0.74.3) is available!
  │ Release notes: https://containerlab.dev/rn/0.74/#0743
  │ Run 'clab version upgrade' or see https://containerlab.dev/install/ for other installation options.
[1m╭[0m[1m──────────────[0m[1m┬[0m[1m────────────────────────────────[0m[1m┬[0m[1m─────────[0m[1m┬[0m[1m────────────────[0m[1m╮[0m
[1m│[0m[1m     Name     [0m[1m│[0m[1m           Kind/Image           [0m[1m│[0m[1m  State  [0m[1m│[0m[1m IPv4/6 Address [0m[1m│[0m
[1m├[0m[1m──────────────[0m[1m┼[0m[1m────────────────────────────────[0m[1m┼[0m[1m─────────[0m[1m┼[0m[1m────────────────[0m[1m┤[0m
│ clab-ml-85-r │ linux                          │ running │ 192.168.85.101 │
│              │ ghcr.io/sysoleg/vyos-container │         │ N/A            │
╰──────────────┴────────────────────────────────┴─────────┴────────────────╯

Initial configuration skipped, run 'netlab initial' to configure the devices
