Using transformed lab topology from snapshot file netlab.snapshot.pickle
Checking virtualization provider installation
OK: clab installed and working correctly
Starting clab nodes
 [INFO] Setting containerlab runtime to docker
provider clab: executing flock -E 42 /tmp/netlab.lock containerlab deploy --reconfigure -t clab.yml
07:13:41 INFO Containerlab started version=0.79.0
07:13:41 INFO Parsing & checking topology file=clab.yml
07:13:41 INFO Removing directory path=/work/netlab_cicd/clab-ml-17
07:13:41 INFO Creating docker network name=nl_mgmt_17 IPv4 subnet=192.168.17.0/24 IPv6 subnet=fd00:df:1ab:17::/64 MTU=0
07:13:41 WARN Node name will not resolve via DNS name=clab-ml-17-dut_a reason="name contains invalid characters such as '.' and/or '_'"
07:13:41 WARN Node name will not resolve via DNS name=clab-ml-17-dut_c reason="name contains invalid characters such as '.' and/or '_'"
07:13:41 INFO Creating lab directory path=/work/netlab_cicd/clab-ml-17
07:13:41 INFO Creating container name=xf
07:13:41 INFO Creating container name=probe
07:13:41 INFO Creating container name=dut_c
07:13:41 INFO Creating container name=dut_a
07:13:42 INFO Running postdeploy actions kind=srl node=dut_c
07:13:42 INFO Created link: dut_c:e1-2 ▪┄┄▪ xf:eth1
07:13:42 INFO Created link: dut_c:e1-1 ▪┄┄▪ probe:eth2
07:13:42 INFO Created link: dut_a:e1-1 ▪┄┄▪ probe:eth1
07:13:42 INFO Running postdeploy actions kind=srl node=dut_a
07:13:54 INFO Executed command node=probe command="sleep 1" stdout=""
07:13:54 INFO Executed command node=xf command="sleep 1" stdout=""
07:13:54 INFO Adding host entries path=/etc/hosts
07:13:54 INFO Adding SSH config for nodes path=/etc/ssh/ssh_config.d/clab-ml-17.conf
[1m╭[0m[1m──────────────────[0m[1m┬[0m[1m──────────────────────────────[0m[1m┬[0m[1m─────────[0m[1m┬[0m[1m───────────────────[0m[1m╮[0m
[1m│[0m[1m       Name       [0m[1m│[0m[1m          Kind/Image          [0m[1m│[0m[1m  State  [0m[1m│[0m[1m   IPv4/6 Address  [0m[1m│[0m
[1m├[0m[1m──────────────────[0m[1m┼[0m[1m──────────────────────────────[0m[1m┼[0m[1m─────────[0m[1m┼[0m[1m───────────────────[0m[1m┤[0m
│ clab-ml-17-dut_a │ srl                          │ running │ 192.168.17.101    │
│                  │ ghcr.io/nokia/srlinux:26.7.2 │         │ fd00:df:1ab:17::5 │
├──────────────────┼──────────────────────────────┼─────────┼───────────────────┤
│ clab-ml-17-dut_c │ srl                          │ running │ 192.168.17.102    │
│                  │ ghcr.io/nokia/srlinux:26.7.2 │         │ fd00:df:1ab:17::3 │
├──────────────────┼──────────────────────────────┼─────────┼───────────────────┤
│ clab-ml-17-probe │ linux                        │ running │ 192.168.17.103    │
│                  │ quay.io/frrouting/frr:10.6.1 │         │ fd00:df:1ab:17::2 │
├──────────────────┼──────────────────────────────┼─────────┼───────────────────┤
│ clab-ml-17-xf    │ linux                        │ running │ 192.168.17.104    │
│                  │ quay.io/frrouting/frr:10.6.1 │         │ fd00:df:1ab:17::4 │
╰──────────────────┴──────────────────────────────┴─────────┴───────────────────╯

Initial configuration skipped, run 'netlab initial' to configure the devices
