Using transformed lab topology from snapshot file netlab.snapshot.pickle
Checking virtualization provider installation
OK: clab installed and working correctly
Starting clab nodes
provider clab: executing flock -E 42 /tmp/netlab.lock sudo -E containerlab deploy --reconfigure -t clab.yml
08:04:10 INFO Containerlab started version=0.75.0
08:04:10 INFO Parsing & checking topology file=clab.yml
08:04:10 INFO Removing directory path=/work/netlab_cicd/clab-ml-17
08:04:10 INFO Creating docker network name=nl_mgmt_17 IPv4 subnet=192.168.17.0/24 IPv6 subnet="" MTU=0
08:04:10 INFO Creating lab directory path=/work/netlab_cicd/clab-ml-17
08:04:11 INFO Creating container name=xf
08:04:11 INFO Creating container name=p1
08:04:11 INFO Creating container name=p2
08:04:11 INFO Creating container name=dut
08:04:11 INFO Created link: dut:e1-1 ▪┄┄▪ p1:eth1
08:04:11 INFO Created link: dut:e1-3 ▪┄┄▪ xf:eth1
08:04:11 INFO Running postdeploy actions kind=srl node=dut
08:04:11 INFO Created link: dut:e1-2 ▪┄┄▪ p2:eth1
08:04:22 INFO Executed command node=p1 command="sleep 1" stdout=""
08:04:22 INFO Executed command node=xf command="sleep 1" stdout=""
08:04:22 INFO Executed command node=p2 command="sleep 1" stdout=""
08:04:22 INFO Adding host entries path=/etc/hosts
08:04:22 INFO Adding SSH config for nodes path=/etc/ssh/ssh_config.d/clab-ml-17.conf
[1m╭[0m[1m────────────────[0m[1m┬[0m[1m──────────────────────────────[0m[1m┬[0m[1m─────────[0m[1m┬[0m[1m────────────────[0m[1m╮[0m
[1m│[0m[1m      Name      [0m[1m│[0m[1m          Kind/Image          [0m[1m│[0m[1m  State  [0m[1m│[0m[1m IPv4/6 Address [0m[1m│[0m
[1m├[0m[1m────────────────[0m[1m┼[0m[1m──────────────────────────────[0m[1m┼[0m[1m─────────[0m[1m┼[0m[1m────────────────[0m[1m┤[0m
│ clab-ml-17-dut │ srl                          │ running │ 192.168.17.101 │
│                │ ghcr.io/nokia/srlinux:26.3.2 │         │ N/A            │
├────────────────┼──────────────────────────────┼─────────┼────────────────┤
│ clab-ml-17-p1  │ linux                        │ running │ 192.168.17.102 │
│                │ quay.io/frrouting/frr:10.6.1 │         │ N/A            │
├────────────────┼──────────────────────────────┼─────────┼────────────────┤
│ clab-ml-17-p2  │ linux                        │ running │ 192.168.17.103 │
│                │ quay.io/frrouting/frr:10.6.1 │         │ N/A            │
├────────────────┼──────────────────────────────┼─────────┼────────────────┤
│ clab-ml-17-xf  │ linux                        │ running │ 192.168.17.104 │
│                │ quay.io/frrouting/frr:10.6.1 │         │ N/A            │
╰────────────────┴──────────────────────────────┴─────────┴────────────────╯

Initial configuration skipped, run 'netlab initial' to configure the devices
