Creating Device configuration snippets
[CREATED] dut_r1: normalize,initial,ospf,vrf,tunnel.gre
[CREATED] dut_r2: normalize,initial,ospf,vrf,tunnel.gre
[CREATED] r3: initial,ospf
Config Normalizing device configurations
[WARNING]: Found variable using reserved name: hosts

PLAY [Normalize device configurations] *****************************************

TASK [Set variables that cannot be set with VARS] ******************************
ok: [dut_r1]
ok: [dut_r2]

TASK [Normalize config on bridge-like devices] *********************************
included: /home/pipi/netlab_gh/netsim/ansible/tasks/deploy-module.yml for dut_r1, dut_r2

TASK [Figure out whether to deploy the module normalize on current device] *****
ok: [dut_r1]
ok: [dut_r2]

TASK [Find configuration template for normalize] *******************************
ok: [dut_r1]
ok: [dut_r2]

TASK [fail] ********************************************************************
skipping: [dut_r1]
skipping: [dut_r2]

TASK [Find configuration deployment deploy_script for normalize] ***************
ok: [dut_r1]
ok: [dut_r2]

TASK [Print deployed configuration when running in verbose mode] ***************
ok: [dut_r1] => {
    "msg": "normalize configuration for dut_r1\n=========================================\n!\ninterface GigabitEthernet0/1\n shutdown\n"
}
ok: [dut_r2] => {
    "msg": "normalize configuration for dut_r2\n=========================================\n!\ninterface GigabitEthernet0/1\n shutdown\n!\ninterface GigabitEthernet0/2\n shutdown\n"
}

TASK [Deploy normalize configuration] ******************************************
included: /home/pipi/netlab_gh/netsim/ansible/tasks/deploy-config/ios.yml for dut_r1, dut_r2

TASK [ios_config: deploying normalize from /work/netlab_cicd/node_files/dut_r1/normalize] ***
[WARNING]: To ensure idempotency and correct diff the input configuration lines
should be similar to how they appear if present in the running configuration on
device including the indentation
changed: [dut_r1]
changed: [dut_r2]

PLAY RECAP *********************************************************************
dut_r1                     : ok=8    changed=1    unreachable=0    failed=0    skipped=1    rescued=0    ignored=0   
dut_r2                     : ok=8    changed=1    unreachable=0    failed=0    skipped=1    rescued=0    ignored=0   

Config Deploying device configurations
 [INFO] Executing initial configuration for node r3
 [INFO] Executing ospf configuration for node r3
 [INFO] Starting Ansible playbook to deploy the rest of the
          configurations
[WARNING]: Found variable using reserved name: hosts

PLAY [Deploy initial device configuration] *************************************

TASK [Set variables that cannot be set with VARS] ******************************
ok: [dut_r1]
ok: [dut_r2]

TASK [Deploy initial configuration] ********************************************
included: /home/pipi/netlab_gh/netsim/ansible/tasks/deploy-module.yml for dut_r1, dut_r2

TASK [Figure out whether to deploy the module initial on current device] *******
ok: [dut_r1]
ok: [dut_r2]

TASK [Find configuration template for initial] *********************************
ok: [dut_r1]
ok: [dut_r2]

TASK [fail] ********************************************************************
skipping: [dut_r1]
skipping: [dut_r2]

TASK [Find configuration deployment deploy_script for initial] *****************
ok: [dut_r1]
ok: [dut_r2]

TASK [Print deployed configuration when running in verbose mode] ***************
ok: [dut_r1] => {
    "msg": "initial configuration for dut_r1\n=========================================\nhostname dut_r1\n!\nno ip domain lookup\nlogging buffered 256000\n\n!\nlldp run\n!\nip host dut_r1-transport 10.1.0.1\nip host dut_r2 10.0.0.2 10.1.0.5 10.1.0.10\nip host dut_r2-transport 10.1.0.2\nip host r3 10.0.0.3 10.1.0.6\n!\nip routing\n!\nno ipv6 unicast-routing\n!\nvrf definition transport\n rd 65000:1\n route-target import 65000:1\n route-target export 65000:1\n!\n address-family ipv4\n exit-address-family\n!\n\n!\n!\ninterface Loopback0\n ip address 10.0.0.1 255.255.255.255\n!\ninterface GigabitEthernet0/0\n no lldp transmit\n no lldp receive\n!\ninterface GigabitEthernet0/1\n no switchport\n vrf forwarding transport\n description dut_r1 -> dut_r2\n ip address 10.1.0.1 255.255.255.252\n mac-address caf0.0001.0001\n no shutdown\n!\ninterface Tunnel0\n description dut_r1 -> dut_r2 [GRE tunnel]\n ip address 10.1.0.9 255.255.255.252\n no shutdown\n!\n!\nline vty 0 4\n exec-timeout 0 0 \n!\nno banner exec\nno banner login\nno banner incoming\n"
}
ok: [dut_r2] => {
    "msg": "initial configuration for dut_r2\n=========================================\nhostname dut_r2\n!\nno ip domain lookup\nlogging buffered 256000\n\n!\nlldp run\n!\nip host dut_r1 10.0.0.1 10.1.0.9\nip host dut_r1-transport 10.1.0.1\nip host dut_r2-transport 10.1.0.2\nip host r3 10.0.0.3 10.1.0.6\n!\nip routing\n!\nno ipv6 unicast-routing\n!\nvrf definition transport\n rd 65000:1\n route-target import 65000:1\n route-target export 65000:1\n!\n address-family ipv4\n exit-address-family\n!\n\n!\n!\ninterface Loopback0\n ip address 10.0.0.2 255.255.255.255\n!\ninterface GigabitEthernet0/0\n no lldp transmit\n no lldp receive\n!\ninterface GigabitEthernet0/1\n no switchport\n vrf forwarding transport\n description dut_r2 -> dut_r1\n ip address 10.1.0.2 255.255.255.252\n mac-address caf0.0002.0001\n no shutdown\n!\ninterface GigabitEthernet0/2\n no switchport\n description dut_r2 -> r3\n ip address 10.1.0.5 255.255.255.252\n mac-address caf0.0002.0002\n no shutdown\n!\ninterface Tunnel0\n description dut_r2 -> dut_r1 [GRE tunnel]\n ip address 10.1.0.10 255.255.255.252\n no shutdown\n!\n!\nline vty 0 4\n exec-timeout 0 0 \n!\nno banner exec\nno banner login\nno banner incoming\n"
}

TASK [Deploy initial configuration] ********************************************
included: /home/pipi/netlab_gh/netsim/ansible/tasks/deploy-config/ios.yml for dut_r1, dut_r2

TASK [ios_config: deploying initial from /work/netlab_cicd/node_files/dut_r1/initial] ***
[WARNING]: To ensure idempotency and correct diff the input configuration lines
should be similar to how they appear if present in the running configuration on
device including the indentation
changed: [dut_r1]
changed: [dut_r2]

PLAY [Deploy module-specific configurations] ***********************************

TASK [Set variables that cannot be set with VARS] ******************************
ok: [dut_r1]
ok: [dut_r2]

TASK [Deploy individual configuration modules] *********************************
included: /home/pipi/netlab_gh/netsim/ansible/tasks/deploy-module.yml for dut_r1, dut_r2 => (item=ospf)
included: /home/pipi/netlab_gh/netsim/ansible/tasks/deploy-module.yml for dut_r1, dut_r2 => (item=vrf)

TASK [Figure out whether to deploy the module ospf on current device] **********
ok: [dut_r1]
ok: [dut_r2]

TASK [Find configuration template for ospf] ************************************
ok: [dut_r1]
ok: [dut_r2]

TASK [fail] ********************************************************************
skipping: [dut_r1]
skipping: [dut_r2]

TASK [Find configuration deployment deploy_script for ospf] ********************
ok: [dut_r1]
ok: [dut_r2]

TASK [Print deployed configuration when running in verbose mode] ***************
ok: [dut_r1] => {
    "msg": "ospf configuration for dut_r1\n=========================================\nrouter ospf 1\n router-id 10.0.0.1\n\n!\ninterface Loopback0\n! \n ip ospf 1 area 0.0.0.0\n!\ninterface Tunnel0\n! dut_r1 -> dut_r2 [GRE tunnel]\n ip ospf 1 area 0.0.0.0\n ip ospf network point-to-point\n!\n\n"
}
ok: [dut_r2] => {
    "msg": "ospf configuration for dut_r2\n=========================================\nrouter ospf 1\n router-id 10.0.0.2\n\n!\ninterface Loopback0\n! \n ip ospf 1 area 0.0.0.0\n!\ninterface GigabitEthernet0/2\n! dut_r2 -> r3\n ip ospf 1 area 0.0.0.0\n ip ospf network point-to-point\n!\ninterface Tunnel0\n! dut_r2 -> dut_r1 [GRE tunnel]\n ip ospf 1 area 0.0.0.0\n ip ospf network point-to-point\n!\n\n"
}

TASK [Deploy ospf configuration] ***********************************************
included: /home/pipi/netlab_gh/netsim/ansible/tasks/deploy-config/ios.yml for dut_r1, dut_r2

TASK [ios_config: deploying ospf from /work/netlab_cicd/node_files/dut_r1/ospf] ***
changed: [dut_r1]
changed: [dut_r2]

TASK [Figure out whether to deploy the module vrf on current device] ***********
ok: [dut_r1]
ok: [dut_r2]

TASK [Find configuration template for vrf] *************************************
ok: [dut_r1]
ok: [dut_r2]

TASK [fail] ********************************************************************
skipping: [dut_r1]
skipping: [dut_r2]

TASK [Find configuration deployment deploy_script for vrf] *********************
ok: [dut_r1]
ok: [dut_r2]

TASK [Print deployed configuration when running in verbose mode] ***************
ok: [dut_r1] => {
    "msg": "vrf configuration for dut_r1\n=========================================\n!\n!\n"
}
ok: [dut_r2] => {
    "msg": "vrf configuration for dut_r2\n=========================================\n!\n!\n"
}

TASK [Deploy vrf configuration] ************************************************
included: /home/pipi/netlab_gh/netsim/ansible/tasks/deploy-config/ios.yml for dut_r1, dut_r2

TASK [ios_config: deploying vrf from /work/netlab_cicd/node_files/dut_r1/vrf] ***
ok: [dut_r1]
ok: [dut_r2]

PLAY [Deploy custom deployment templates] **************************************

TASK [Run custom configuration deployment scripts] *****************************
included: /home/pipi/netlab_gh/netsim/ansible/tasks/deploy-custom-config.yml for dut_r1, dut_r2 => (item=tunnel.gre)

TASK [Find configuration template] *********************************************
ok: [dut_r1]
ok: [dut_r2]

TASK [fail] ********************************************************************
skipping: [dut_r1]
skipping: [dut_r2]

TASK [Check is the configuration template is a file] ***************************
ok: [dut_r1 -> localhost]
ok: [dut_r2 -> localhost]

TASK [fail] ********************************************************************
skipping: [dut_r1]
skipping: [dut_r2]

TASK [Process template /work/netlab_cicd/node_files/dut_r1/tunnel.gre for dut_r1] ***
skipping: [dut_r1]
skipping: [dut_r2]

TASK [debug] *******************************************************************
skipping: [dut_r1]
skipping: [dut_r2]

TASK [debug] *******************************************************************
skipping: [dut_r1]
skipping: [dut_r2]

TASK [Find custom configuration deployment script] *****************************
ok: [dut_r1]
ok: [dut_r2]

TASK [Run the configuration deployment script] *********************************
included: /home/pipi/netlab_gh/netsim/ansible/tasks/deploy-config/ios.yml for dut_r1, dut_r2

TASK [ios_config: deploying tunnel.gre from /work/netlab_cicd/node_files/dut_r1/tunnel.gre] ***
changed: [dut_r1]
changed: [dut_r2]

PLAY RECAP *********************************************************************
dut_r1                     : ok=29   changed=3    unreachable=0    failed=0    skipped=8    rescued=0    ignored=0   
dut_r2                     : ok=29   changed=3    unreachable=0    failed=0    skipped=8    rescued=0    ignored=0   

Results of configuration script deployments
================================================================================
r3               Script:  initial,ospf


Test the GRE tunnels. The two tested devices have a GRE tunnel in a
transport VRF and run (global) OSPF over it. The probe should receive
an OSPF route advertised from the remote device (DUT_R1) and be able
to ping its loopback.

