Creating Device configuration snippets
[CREATED] h1: initial,routing
[CREATED] h1a: initial,routing
[CREATED] h2: initial,routing
[CREATED] h3: initial,routing
[CREATED] h3a: initial,routing
[CREATED] h4: initial,routing
[CREATED] dut: initial,vlan,vxlan,ospf
[CREATED] s2: initial,vlan,vxlan,ospf
Config Deploying device configurations
 [INFO] Executing initial configuration for node h1 (namespace clab-
          ml-17-h1)
 [INFO] Executing initial configuration for node h1a (namespace clab-
          ml-17-h1a)
 [INFO] Executing initial configuration for node h2 (namespace clab-
          ml-17-h2)
 [INFO] Executing initial configuration for node h3 (namespace clab-
          ml-17-h3)
 [INFO] Executing initial configuration for node h3a (namespace clab-
          ml-17-h3a)
 [INFO] Executing initial configuration for node h4 (namespace clab-
          ml-17-h4)
 [INFO] Executing initial configuration for node s2
 [INFO] Executing routing configuration for node h1a (namespace clab-
          ml-17-h1a)
 [INFO] Executing routing configuration for node h1 (namespace clab-
          ml-17-h1)
 [INFO] Executing routing configuration for node h3 (namespace clab-
          ml-17-h3)
 [INFO] Executing routing configuration for node h2 (namespace clab-
          ml-17-h2)
 [INFO] Executing routing configuration for node h3a (namespace clab-
          ml-17-h3a)
 [INFO] Executing routing configuration for node h4 (namespace clab-
          ml-17-h4)
 [INFO] Executing vlan configuration for node s2
 [INFO] Executing vxlan configuration for node s2
 [INFO] Executing ospf configuration for node s2
 [INFO] Starting Ansible playbook to deploy the rest of the
          configurations
[WARNING]: Found variable using reserved name: hosts

PLAY [Deploy initial device configuration] *************************************

TASK [Set variables that cannot be set with VARS] ******************************
ok: [dut]

TASK [Deploy initial configuration] ********************************************
included: /home/pipi/netlab_gh/netsim/ansible/tasks/deploy-module.yml for dut

TASK [Figure out whether to deploy the module initial on current device] *******
ok: [dut]

TASK [Find configuration template for initial] *********************************
ok: [dut]

TASK [fail] ********************************************************************
skipping: [dut]

TASK [Find configuration deployment deploy_script for initial] *****************
ok: [dut]

TASK [Print deployed configuration when running in verbose mode] ***************
ok: [dut] => {
    "msg": "initial configuration for dut\n=========================================\n#!/bin/sh\n\nset -e # Exit immediately when any command fails\nset -x # Track commands for troubleshooting\n\nhostname dut\n#\n# Build hosts file\n#\n#\ncat <<'SCRIPT' >/tmp/hosts\n#\n# Created by netlab initial\n#\n10.0.0.7 dut\n10.1.0.1 vio1.dut\n172.16.0.7 vport1000.dut\n172.16.1.7 vport1001.dut\n172.16.0.1 h1 eth1.h1\n172.16.0.2 h1a eth1.h1a\n172.16.0.3 h2 eth1.h2\n172.16.1.4 h3 eth1.h3\n172.16.1.5 h3a eth1.h3a\n172.16.1.6 h4 eth1.h4\n10.0.0.8 s2\n10.1.0.2 eth1.s2\n172.16.0.8 vlan1000.s2\n172.16.1.8 vlan1001.s2\nSCRIPT\ngrep \"Created by netlab\" /etc/hosts || uniq /tmp/hosts >>/etc/hosts\n\n#\n# Enable forwarding\n#\nsysctl net.inet.ip.forwarding=1\nsysctl net.inet6.ip6.forwarding=1\necho -n > /etc/rad.conf\n\n#\n# Interface configuration\n#\nifconfig lo0 inet 10.0.0.7/32 alias\nifconfig lo0 up\n\n#!/bin/sh\n\nset -e # Exit immediately when any command fails\nset -x # Track commands for troubleshooting\n\n\n\n\nifconfig vio1 -inet\nifconfig vio1 -inet6\nifconfig vio1 inet 10.1.0.1/30 \nifconfig vio1 mtu 1600\nifconfig vio1 description \"dut -> s2\"\nifconfig vio1 up\n\nifconfig vio2 -inet\nifconfig vio2 -inet6\nifconfig vio2 mtu 1500\nifconfig vio2 description \"[Access VLAN red] dut -> h1\"\nifconfig vio2 up\n\nifconfig vio3 -inet\nifconfig vio3 -inet6\nifconfig vio3 mtu 1500\nifconfig vio3 description \"[Access VLAN red] dut -> h1a\"\nifconfig vio3 up\n\nifconfig vio4 -inet\nifconfig vio4 -inet6\nifconfig vio4 mtu 1500\nifconfig vio4 description \"[Access VLAN blue] dut -> h3\"\nifconfig vio4 up\n\nifconfig vio5 -inet\nifconfig vio5 -inet6\nifconfig vio5 mtu 1500\nifconfig vio5 description \"[Access VLAN blue] dut -> h3a\"\nifconfig vio5 up\n\nifconfig vport1000 -inet\nifconfig vport1000 -inet6\nifconfig vport1000 inet 172.16.0.7/24 \nifconfig vport1000 mtu 1500\nifconfig vport1000 description \"VLAN red (1000) -> [h1,h1a,h2,s2]\"\nifconfig vport1000 up\n\nifconfig vport1001 -inet\nifconfig vport1001 -inet6\nifconfig vport1001 inet 172.16.1.7/24 \nifconfig vport1001 mtu 1500\nifconfig vport1001 description \"VLAN blue (1001) -> [h3,h3a,h4,s2]\"\nifconfig vport1001 up\n\n\n#\n# (re-)start RA daemon\n#\npkill -q rad || true\nrad\n"
}

TASK [Deploy initial configuration] ********************************************
included: /home/pipi/netlab_gh/netsim/ansible/tasks/deploy-config/openbsd.yml for dut

TASK [template] ****************************************************************
changed: [dut]

TASK [Execute /tmp/config.sh to deploy initial config from /work/netlab_cicd/node_files/dut/initial] ***
changed: [dut]

PLAY [Deploy module-specific configurations] ***********************************

TASK [Set variables that cannot be set with VARS] ******************************
ok: [dut]

TASK [Deploy individual configuration modules] *********************************
included: /home/pipi/netlab_gh/netsim/ansible/tasks/deploy-module.yml for dut => (item=vlan)
included: /home/pipi/netlab_gh/netsim/ansible/tasks/deploy-module.yml for dut => (item=vxlan)
included: /home/pipi/netlab_gh/netsim/ansible/tasks/deploy-module.yml for dut => (item=routing)
included: /home/pipi/netlab_gh/netsim/ansible/tasks/deploy-module.yml for dut => (item=ospf)

TASK [Figure out whether to deploy the module vlan on current device] **********
ok: [dut]

TASK [Find configuration template for vlan] ************************************
ok: [dut]

TASK [fail] ********************************************************************
skipping: [dut]

TASK [Find configuration deployment deploy_script for vlan] ********************
ok: [dut]

TASK [Print deployed configuration when running in verbose mode] ***************
ok: [dut] => {
    "msg": "vlan configuration for dut\n=========================================\n#!/bin/sh\n\nset -e # Exit immediately when any command fails\nset -x # Track commands for troubleshooting\n\nifconfig veb1000 add vio2 up\nifconfig veb1000 add vio3 up\nifconfig veb1001 add vio4 up\nifconfig veb1001 add vio5 up\nifconfig veb1000 add vport1000 up\nifconfig veb1001 add vport1001 up\n"
}

TASK [Deploy vlan configuration] ***********************************************
included: /home/pipi/netlab_gh/netsim/ansible/tasks/deploy-config/openbsd.yml for dut

TASK [template] ****************************************************************
changed: [dut]

TASK [Execute /tmp/config.sh to deploy vlan config from /work/netlab_cicd/node_files/dut/vlan] ***
changed: [dut]

TASK [Figure out whether to deploy the module vxlan on current device] *********
ok: [dut]

TASK [Find configuration template for vxlan] ***********************************
ok: [dut]

TASK [fail] ********************************************************************
skipping: [dut]

TASK [Find configuration deployment deploy_script for vxlan] *******************
ok: [dut]

TASK [Print deployed configuration when running in verbose mode] ***************
ok: [dut] => {
    "msg": "vxlan configuration for dut\n=========================================\n#!/bin/sh\n\nset -e # Exit immediately when any command fails\nset -x # Track commands for troubleshooting\n\nifconfig vxlan50001 vnetid 5000 tunnel 10.0.0.7 10.0.0.8\nifconfig veb1000 add vxlan50001\nifconfig vxlan50001 up\nifconfig vxlan50011 vnetid 5001 tunnel 10.0.0.7 10.0.0.8\nifconfig veb1001 add vxlan50011\nifconfig vxlan50011 up\n"
}

TASK [Deploy vxlan configuration] **********************************************
included: /home/pipi/netlab_gh/netsim/ansible/tasks/deploy-config/openbsd.yml for dut

TASK [template] ****************************************************************
changed: [dut]

TASK [Execute /tmp/config.sh to deploy vxlan config from /work/netlab_cicd/node_files/dut/vxlan] ***
changed: [dut]

TASK [Figure out whether to deploy the module routing on current device] *******
ok: [dut]

TASK [Find configuration template for routing] *********************************
skipping: [dut]

TASK [fail] ********************************************************************
skipping: [dut]

TASK [Find configuration deployment deploy_script for routing] *****************
skipping: [dut]

TASK [Print deployed configuration when running in verbose mode] ***************
skipping: [dut]

TASK [Deploy routing configuration] ********************************************
skipping: [dut]

TASK [Figure out whether to deploy the module ospf on current device] **********
ok: [dut]

TASK [Find configuration template for ospf] ************************************
ok: [dut]

TASK [fail] ********************************************************************
skipping: [dut]

TASK [Find configuration deployment deploy_script for ospf] ********************
ok: [dut]

TASK [Print deployed configuration when running in verbose mode] ***************
ok: [dut] => {
    "msg": "ospf configuration for dut\n=========================================\n#!/bin/sh\ncat <<'OSPFD_CONF' >/etc/ospfd.conf\nrouter-id 10.0.0.7\nspf-delay msec 100\nspf-holdtime msec 200\n\narea 0.0.0.0 {\n    interface lo0:10.0.0.7 {\n    }\n    interface vio1 {\n        type p2p\n    }\n}\n \nOSPFD_CONF\n\nchmod 640 /etc/ospfd.conf\nrcctl enable ospfd\nrcctl restart ospfd\n\n"
}

TASK [Deploy ospf configuration] ***********************************************
included: /home/pipi/netlab_gh/netsim/ansible/tasks/deploy-config/openbsd.yml for dut

TASK [template] ****************************************************************
changed: [dut]

TASK [Execute /tmp/config.sh to deploy ospf config from /work/netlab_cicd/node_files/dut/ospf] ***
changed: [dut]

PLAY [Deploy custom deployment templates] **************************************
skipping: no hosts matched

PLAY RECAP *********************************************************************
dut                        : ok=36   changed=8    unreachable=0    failed=0    skipped=9    rescued=0    ignored=0   

Results of configuration script deployments
================================================================================
h1               Script:  initial,routing
h1a              Script:  initial,routing
h2               Script:  initial,routing
h3               Script:  initial,routing
h3a              Script:  initial,routing
h4               Script:  initial,routing
s2               Script:  initial,vlan,vxlan,ospf


The devices under test are VLAN-to-VXLAN layer-3 switches between two access
VLANs and two VXLAN VNIs. Both switches perform inter-VLAN bridging, resulting
in asymmetrical IRB.

All hosts should be able to ping each other and all switch loopback IPs

Please note it might take a while for the lab to work due to
STP learning phase.

