Using transformed lab topology from snapshot file netlab.snapshot.pickle
Checking virtualization provider installation
OK: clab installed and working correctly
Starting clab nodes
provider clab: executing flock -E 42 /tmp/netlab.lock sudo -E containerlab deploy --reconfigure -t clab.yml
16:38:38 INFO Containerlab started version=0.75.0
16:38:38 INFO Parsing & checking topology file=clab.yml
16:38:38 INFO Removing directory path=/work/netlab_cicd/junos/clab-ml-31
16:38:38 INFO Creating docker network name=nl_mgmt_31 IPv4 subnet=192.168.31.0/24 IPv6 subnet="" MTU=0
16:38:38 INFO Creating lab directory path=/work/netlab_cicd/junos/clab-ml-31
16:38:38 INFO Creating container name=h2a
16:38:38 INFO Creating container name=h5
16:38:38 INFO Creating container name=s3
16:38:38 INFO Creating container name=h1
16:38:38 INFO Creating container name=h5a
16:38:38 INFO Creating container name=h4a
16:38:38 INFO Creating container name=h1a
16:38:38 INFO Creating container name=s1
16:38:38 INFO Creating container name=h2
16:38:38 INFO Creating container name=h4
16:38:38 INFO Creating container name=h6
16:38:38 INFO Creating container name=h3
16:38:38 INFO Creating container name=s2
16:38:40 INFO Created link: s1:eth2 ▪┄┄▪ s3:eth2
16:38:40 INFO Created link: h3:eth1 ▪┄┄▪ s3:eth3
16:38:40 INFO Created link: h6:eth1 ▪┄┄▪ s3:eth4
16:38:40 INFO Created link: h4a:eth1 ▪┄┄▪ s1:eth6
16:38:40 INFO Created link: h1:eth1 ▪┄┄▪ s1:eth3
16:38:40 INFO Created link: h4:eth1 ▪┄┄▪ s1:eth5
16:38:41 INFO Created link: s1:eth1 ▪┄┄▪ s2:eth1
16:38:41 INFO Created link: h1a:eth1 ▪┄┄▪ s1:eth4
16:38:41 INFO Created link: s2:eth2 ▪┄┄▪ s3:eth1
16:38:41 INFO Created link: h2:eth1 ▪┄┄▪ s2:eth3
16:38:41 INFO Created link: h2a:eth1 ▪┄┄▪ s2:eth4
16:38:41 INFO Created link: h5:eth1 ▪┄┄▪ s2:eth5
16:38:41 INFO Created link: h5a:eth1 ▪┄┄▪ s2:eth6
16:38:41 INFO Executed command node=s3 command="sleep 1" stdout=""
16:38:41 INFO Adding host entries path=/etc/hosts
16:38:41 INFO Adding SSH config for nodes path=/etc/ssh/ssh_config.d/clab-ml-31.conf
[1m╭[0m[1m────────────────[0m[1m┬[0m[1m────────────────────────────────────────────[0m[1m┬[0m[1m────────────────────[0m[1m┬[0m[1m────────────────[0m[1m╮[0m
[1m│[0m[1m      Name      [0m[1m│[0m[1m                 Kind/Image                 [0m[1m│[0m[1m        State       [0m[1m│[0m[1m IPv4/6 Address [0m[1m│[0m
[1m├[0m[1m────────────────[0m[1m┼[0m[1m────────────────────────────────────────────[0m[1m┼[0m[1m────────────────────[0m[1m┼[0m[1m────────────────[0m[1m┤[0m
│ clab-ml-31-h1  │ linux                                      │ running            │ 192.168.31.101 │
│                │ python:3.13-alpine                         │                    │ N/A            │
├────────────────┼────────────────────────────────────────────┼────────────────────┼────────────────┤
│ clab-ml-31-h1a │ linux                                      │ running            │ 192.168.31.107 │
│                │ python:3.13-alpine                         │                    │ N/A            │
├────────────────┼────────────────────────────────────────────┼────────────────────┼────────────────┤
│ clab-ml-31-h2  │ linux                                      │ running            │ 192.168.31.102 │
│                │ python:3.13-alpine                         │                    │ N/A            │
├────────────────┼────────────────────────────────────────────┼────────────────────┼────────────────┤
│ clab-ml-31-h2a │ linux                                      │ running            │ 192.168.31.108 │
│                │ python:3.13-alpine                         │                    │ N/A            │
├────────────────┼────────────────────────────────────────────┼────────────────────┼────────────────┤
│ clab-ml-31-h3  │ linux                                      │ running            │ 192.168.31.103 │
│                │ python:3.13-alpine                         │                    │ N/A            │
├────────────────┼────────────────────────────────────────────┼────────────────────┼────────────────┤
│ clab-ml-31-h4  │ linux                                      │ running            │ 192.168.31.104 │
│                │ python:3.13-alpine                         │                    │ N/A            │
├────────────────┼────────────────────────────────────────────┼────────────────────┼────────────────┤
│ clab-ml-31-h4a │ linux                                      │ running            │ 192.168.31.109 │
│                │ python:3.13-alpine                         │                    │ N/A            │
├────────────────┼────────────────────────────────────────────┼────────────────────┼────────────────┤
│ clab-ml-31-h5  │ linux                                      │ running            │ 192.168.31.105 │
│                │ python:3.13-alpine                         │                    │ N/A            │
├────────────────┼────────────────────────────────────────────┼────────────────────┼────────────────┤
│ clab-ml-31-h5a │ linux                                      │ running            │ 192.168.31.110 │
│                │ python:3.13-alpine                         │                    │ N/A            │
├────────────────┼────────────────────────────────────────────┼────────────────────┼────────────────┤
│ clab-ml-31-h6  │ linux                                      │ running            │ 192.168.31.106 │
│                │ python:3.13-alpine                         │                    │ N/A            │
├────────────────┼────────────────────────────────────────────┼────────────────────┼────────────────┤
│ clab-ml-31-s1  │ juniper_vjunosswitch                       │ running            │ 192.168.31.111 │
│                │ vrnetlab/juniper_vjunos-switch:23.4R2-S2.1 │ (health: starting) │ N/A            │
├────────────────┼────────────────────────────────────────────┼────────────────────┼────────────────┤
│ clab-ml-31-s2  │ juniper_vjunosswitch                       │ running            │ 192.168.31.112 │
│                │ vrnetlab/juniper_vjunos-switch:23.4R2-S2.1 │ (health: starting) │ N/A            │
├────────────────┼────────────────────────────────────────────┼────────────────────┼────────────────┤
│ clab-ml-31-s3  │ linux                                      │ running            │ 192.168.31.113 │
│                │ quay.io/frrouting/frr:10.6.1               │                    │ N/A            │
╰────────────────┴────────────────────────────────────────────┴────────────────────┴────────────────╯

Initial configuration skipped, run 'netlab initial' to configure the devices
