Checking virtualization provider installation
OK: clab installed and working correctly
Stopping clab nodes
07:43:32 INFO Parsing & checking topology file=clab.yml
07:43:32 INFO Parsing & checking topology file=clab.yml
07:43:32 INFO Destroying lab name=ml-84
07:43:33 INFO Removed container name=clab-ml-84-rb
07:43:33 INFO Removed container name=clab-ml-84-v2
07:43:34 INFO Removed container name=clab-ml-84-v1
07:43:34 INFO Removed container name=clab-ml-84-r22
07:43:34 INFO Removed container name=clab-ml-84-r12
07:43:34 INFO Removed container name=clab-ml-84-dut
07:43:34 INFO Removed container name=clab-ml-84-r21
07:43:34 INFO Removed container name=clab-ml-84-r11
07:43:34 INFO Removing host entries path=/etc/hosts
07:43:34 INFO Removing SSH config path=/etc/ssh/ssh_config.d/clab-ml-84.conf
Cleanup configuration files
... removing clab.yml
... removing ansible.cfg
... removing hosts.yml
... removing directory tree group_vars
... removing directory tree host_vars
... removing directory tree node_files
... removing netlab.snapshot.pickle
