bird:  [INFO] Control-plane daemon on node dut will have to wait for
          vrf data-plane configuration
... Set defaults.devices.bird.warnings.dataplane_config to False to hide this message
[CONFIG]  dut: initial,vrf,bird,ospf.areas,ospf,vrf-daemon,hosts,dataplane-wait
[CONFIG]  rb: initial,ospf,ospf.areas,daemons,hosts (shared)
[CONFIG]  r11: initial,ospf,ospf.areas,daemons,hosts (shared)
[CONFIG]  r12: initial,ospf,ospf.areas,daemons,hosts (shared)
[CONFIG]  r21: initial,ospf,ospf.areas,daemons,hosts (shared)
[CONFIG]  r22: initial,routing,ospf,ospf.areas,daemons,hosts (shared)
[CONFIG]  v1: initial,ospf,ospf.areas,daemons,hosts (shared)
[CONFIG]  v2: initial,ospf,ospf.areas,daemons,hosts (shared)
Created provider configuration file: clab.yml
Created pickled transformed topology data into netlab.snapshot.pickle
Created group_vars for all
Created group_vars for modules
Created group_vars for custom_configs
Created group_vars for bird
Created host_vars for dut
Created group_vars for frr
Created host_vars for rb, r11, r12, r21, r22, v1, v2
Created minimized Ansible inventory hosts.yml
Created Ansible configuration file: ansible.cfg
