Using transformed lab topology from snapshot file netlab.snapshot.pickle
Checking virtualization provider installation
OK: clab installed and working correctly
Starting clab nodes
provider clab: executing flock -E 42 /tmp/netlab.lock sudo -E containerlab deploy --reconfigure -t clab.yml
07:37:55 INFO Containerlab started version=0.75.0
07:37:55 INFO Parsing & checking topology file=clab.yml
07:37:55 INFO Removing directory path=/work/netlab_cicd/clab-ml-17
07:37:55 INFO Creating docker network name=nl_mgmt_17 IPv4 subnet=192.168.17.0/24 IPv6 subnet="" MTU=0
07:37:55 INFO Pulling image image=quay.io/frrouting/frr:10.2.2
10.2.2: Pulling from frrouting/frr
0a9a5dfd008f: Pulling fs layer
f5c30088a875: Pulling fs layer
726fbe0cb111: Pulling fs layer
28240a7e76e3: Pulling fs layer
4f4fb700ef54: Pulling fs layer
75eb5f6c431b: Pulling fs layer
3b7d9443c300: Pulling fs layer
4f4fb700ef54: Waiting
75eb5f6c431b: Waiting
3b7d9443c300: Waiting
28240a7e76e3: Waiting
0a9a5dfd008f: Verifying Checksum
0a9a5dfd008f: Download complete
f5c30088a875: Verifying Checksum
f5c30088a875: Download complete
0a9a5dfd008f: Pull complete
f5c30088a875: Pull complete
4f4fb700ef54: Verifying Checksum
4f4fb700ef54: Download complete
75eb5f6c431b: Verifying Checksum
75eb5f6c431b: Download complete
3b7d9443c300: Download complete
726fbe0cb111: Verifying Checksum
726fbe0cb111: Download complete
726fbe0cb111: Pull complete
28240a7e76e3: Verifying Checksum
28240a7e76e3: Download complete
28240a7e76e3: Pull complete
4f4fb700ef54: Pull complete
75eb5f6c431b: Pull complete
3b7d9443c300: Pull complete
Digest: sha256:b8f74f60721a68b59fb26164b39d1ed18c535fb166e2b527930174ff4db5b70b
Status: Downloaded newer image for quay.io/frrouting/frr:10.2.2
07:38:09 INFO Done pulling image image=quay.io/frrouting/frr:10.2.2
07:38:09 INFO Creating lab directory path=/work/netlab_cicd/clab-ml-17
07:38:09 INFO Creating container name=v2
07:38:09 INFO Creating container name=r21
07:38:09 INFO Creating container name=r11
07:38:09 INFO Creating container name=dut
07:38:09 INFO Creating container name=rb
07:38:09 INFO Creating container name=r12
07:38:09 INFO Creating container name=r22
07:38:09 INFO Creating container name=v1
07:38:10 INFO Created link: dut:eth2 ▪┄┄▪ r12:eth1
07:38:10 INFO Created link: dut:eth1 ▪┄┄▪ r11:eth1
07:38:10 INFO Created link: dut:eth4 ▪┄┄▪ r22:eth1
07:38:10 INFO Created link: dut:eth5 ▪┄┄▪ rb:eth1
07:38:11 INFO Created link: dut:eth3 ▪┄┄▪ r21:eth1
07:38:12 INFO Executed command node=r12 command="sleep 1" stdout=""
07:38:12 INFO Executed command node=rb command="sleep 1" stdout=""
07:38:12 INFO Executed command node=r22 command="sleep 1" stdout=""
07:38:12 INFO Executed command node=v1 command="sleep 1" stdout=""
07:38:12 INFO Executed command node=r11 command="sleep 1" stdout=""
07:38:12 INFO Executed command node=r21 command="sleep 1" stdout=""
07:38:12 INFO Executed command node=v2 command="sleep 1" stdout=""
07:38:12 INFO Adding host entries path=/etc/hosts
07:38:12 INFO Adding SSH config for nodes path=/etc/ssh/ssh_config.d/clab-ml-17.conf
07:38:12 INFO containerlab version
  🎉=
  │ A newer containerlab version (0.76.0) is available!
  │ Release notes: https://containerlab.dev/rn/0.76/
  │ Run 'clab version upgrade' or see https://containerlab.dev/install/ for other installation options.
[1m╭[0m[1m────────────────[0m[1m┬[0m[1m──────────────────────────────[0m[1m┬[0m[1m─────────[0m[1m┬[0m[1m────────────────[0m[1m╮[0m
[1m│[0m[1m      Name      [0m[1m│[0m[1m          Kind/Image          [0m[1m│[0m[1m  State  [0m[1m│[0m[1m IPv4/6 Address [0m[1m│[0m
[1m├[0m[1m────────────────[0m[1m┼[0m[1m──────────────────────────────[0m[1m┼[0m[1m─────────[0m[1m┼[0m[1m────────────────[0m[1m┤[0m
│ clab-ml-17-dut │ linux                        │ running │ 192.168.17.101 │
│                │ netlab/bird:2.19.1           │         │ N/A            │
├────────────────┼──────────────────────────────┼─────────┼────────────────┤
│ clab-ml-17-r11 │ linux                        │ running │ 192.168.17.103 │
│                │ quay.io/frrouting/frr:10.2.2 │         │ N/A            │
├────────────────┼──────────────────────────────┼─────────┼────────────────┤
│ clab-ml-17-r12 │ linux                        │ running │ 192.168.17.104 │
│                │ quay.io/frrouting/frr:10.2.2 │         │ N/A            │
├────────────────┼──────────────────────────────┼─────────┼────────────────┤
│ clab-ml-17-r21 │ linux                        │ running │ 192.168.17.105 │
│                │ quay.io/frrouting/frr:10.2.2 │         │ N/A            │
├────────────────┼──────────────────────────────┼─────────┼────────────────┤
│ clab-ml-17-r22 │ linux                        │ running │ 192.168.17.106 │
│                │ quay.io/frrouting/frr:10.2.2 │         │ N/A            │
├────────────────┼──────────────────────────────┼─────────┼────────────────┤
│ clab-ml-17-rb  │ linux                        │ running │ 192.168.17.102 │
│                │ quay.io/frrouting/frr:10.2.2 │         │ N/A            │
├────────────────┼──────────────────────────────┼─────────┼────────────────┤
│ clab-ml-17-v1  │ linux                        │ running │ 192.168.17.107 │
│                │ quay.io/frrouting/frr:10.2.2 │         │ N/A            │
├────────────────┼──────────────────────────────┼─────────┼────────────────┤
│ clab-ml-17-v2  │ linux                        │ running │ 192.168.17.108 │
│                │ quay.io/frrouting/frr:10.2.2 │         │ N/A            │
╰────────────────┴──────────────────────────────┴─────────┴────────────────╯

Initial configuration skipped, run 'netlab initial' to configure the devices
