Creating Device configuration snippets
[CREATED] h1: initial,routing
[CREATED] h1a: initial,routing
[CREATED] h2: initial,routing
[CREATED] h3: initial,routing
[CREATED] h3a: initial,routing
[CREATED] h4: initial,routing
[CREATED] dut: initial,vlan,ospf,vrf,vxlan
[CREATED] s2: initial,vlan,ospf,vrf,vxlan
Checking Are lab devices ready to be configured?
 [INFO] Checking SSH server(s) on dut
[SSH]     SSH server on node dut (device nxos) is ready after 220.5 seconds
 [INFO] Checking lab devices with an Ansible playbook
[WARNING]: Found variable using reserved name: hosts

PLAY [Wait for SSH servers] ****************************************************

PLAY [Wait for device-specific conditions] *************************************

TASK [Set variables that cannot be set with VARS] ******************************
ok: [dut]

TASK [Find device readiness script] ********************************************
ok: [dut]

TASK [Wait for device to become ready] *****************************************
included: /home/pipi/netlab_gh/netsim/ansible/tasks/readiness-check/nxos.yml for dut

TASK [Wait for Eth1/1 to appear] ***********************************************
ok: [dut]

PLAY RECAP *********************************************************************
dut                        : ok=4    changed=0    unreachable=0    failed=0    skipped=0    rescued=0    ignored=0   

Config Deploying device configurations
 [INFO] Executing initial configuration for node h1 (namespace clab-
          ml-84-h1)
 [INFO] Executing initial configuration for node h1a (namespace clab-
          ml-84-h1a)
 [INFO] Executing initial configuration for node h2 (namespace clab-
          ml-84-h2)
 [INFO] Executing initial configuration for node h3 (namespace clab-
          ml-84-h3)
 [INFO] Executing initial configuration for node h3a (namespace clab-
          ml-84-h3a)
 [INFO] Executing initial configuration for node h4 (namespace clab-
          ml-84-h4)
 [INFO] Executing initial configuration for node s2
 [INFO] Executing routing configuration for node h1a (namespace clab-
          ml-84-h1a)
 [INFO] Executing routing configuration for node h1 (namespace clab-
          ml-84-h1)
 [INFO] Executing routing configuration for node h2 (namespace clab-
          ml-84-h2)
 [INFO] Executing routing configuration for node h3 (namespace clab-
          ml-84-h3)
 [INFO] Executing routing configuration for node h3a (namespace clab-
          ml-84-h3a)
 [INFO] Executing routing configuration for node h4 (namespace clab-
          ml-84-h4)
 [INFO] Executing vlan configuration for node s2
 [INFO] Executing ospf configuration for node s2
 [INFO] Executing vrf configuration for node s2
 [INFO] Executing vxlan configuration for node s2
 [INFO] Starting Ansible playbook to deploy the rest of the
          configurations
[WARNING]: Found variable using reserved name: hosts

PLAY [Deploy initial device configuration] *************************************

TASK [Set variables that cannot be set with VARS] ******************************
ok: [dut]

TASK [Normalize config on bridge-like devices] *********************************
included: /home/pipi/netlab_gh/netsim/ansible/tasks/deploy-module.yml for dut

TASK [Figure out whether to deploy the module normalize on current device] *****
ok: [dut]

TASK [Find configuration template for normalize] *******************************
ok: [dut]

TASK [fail] ********************************************************************
skipping: [dut]

TASK [Find configuration deployment deploy_script for normalize] ***************
ok: [dut]

TASK [Print deployed configuration when running in verbose mode] ***************
skipping: [dut]

TASK [Deploy normalize configuration] ******************************************
skipping: [dut]

TASK [Deploy initial configuration] ********************************************
included: /home/pipi/netlab_gh/netsim/ansible/tasks/deploy-module.yml for dut

TASK [Figure out whether to deploy the module initial on current device] *******
ok: [dut]

TASK [Find configuration template for initial] *********************************
ok: [dut]

TASK [fail] ********************************************************************
skipping: [dut]

TASK [Find configuration deployment deploy_script for initial] *****************
ok: [dut]

TASK [Print deployed configuration when running in verbose mode] ***************
ok: [dut] => {
    "msg": "initial configuration for dut\n=========================================\nhostname dut\n!\nno ip domain-lookup\n!\nfeature lldp\n!\nusername vagrant password vagrant\n!\nip host dut-tenant 172.16.0.7\nip host h1 172.16.0.1\nip host h1a 172.16.0.2\nip host h2 172.16.0.3\nip host h3 172.16.1.4\nip host h3a 172.16.1.5\nip host h4 172.16.2.6\nip host s2 10.0.0.8\nip host s2-tenant 172.16.2.8\n!\nfeature interface-vlan\n!\nfeature bgp\n!\nvrf context tenant\n  rd 65000:1\n  address-family ipv4 unicast\n    route-target import 65000:1\n    route-target export 65000:1\n  exit\n!\n!\ninterface mgmt0\n no lldp transmit\n no lldp receive\n!\ninterface loopback0\n no shutdown\n ip address 10.0.0.7/32\n!\ninterface Ethernet1/1\n no shutdown\n no switchport\n mac-address caf0.0007.0001\n description dut -> s2\n mtu 1600\n ip address 10.1.0.1/30\n!\ninterface Ethernet1/2\n no shutdown\n no switchport\n description [Access VLAN red] dut -> h1\n!\ninterface Ethernet1/3\n no shutdown\n no switchport\n description [Access VLAN red] dut -> h1a\n!\ninterface Ethernet1/4\n no shutdown\n no switchport\n description [Access VLAN blue] dut -> h3\n!\ninterface Ethernet1/5\n no shutdown\n no switchport\n description [Access VLAN blue] dut -> h3a\n!\ninterface vlan1000\n no shutdown\n  vrf member tenant\n description VLAN red (1000) -> [h1,h1a,h2,s2]\n ip address 172.16.0.7/24\n!\ninterface vlan1001\n no shutdown\n  vrf member tenant\n description VLAN blue (1001) -> [h3,h3a] [stub]\n ip address 172.16.1.7/24\n!\n"
}

TASK [Deploy initial configuration] ********************************************
included: /home/pipi/netlab_gh/netsim/ansible/tasks/deploy-config/nxos.yml for dut

TASK [nxos_config: deploying initial from /work/netlab_cicd/cisco_c/node_files/dut/initial] ***
[WARNING]: To ensure idempotency and correct diff the input configuration lines
should be similar to how they appear if present in the running configuration on
device including the indentation
changed: [dut]

PLAY [Deploy module-specific configurations] ***********************************

TASK [Set variables that cannot be set with VARS] ******************************
ok: [dut]

TASK [Deploy individual configuration modules] *********************************
included: /home/pipi/netlab_gh/netsim/ansible/tasks/deploy-module.yml for dut => (item=vlan)
included: /home/pipi/netlab_gh/netsim/ansible/tasks/deploy-module.yml for dut => (item=routing)
included: /home/pipi/netlab_gh/netsim/ansible/tasks/deploy-module.yml for dut => (item=ospf)
included: /home/pipi/netlab_gh/netsim/ansible/tasks/deploy-module.yml for dut => (item=vrf)
included: /home/pipi/netlab_gh/netsim/ansible/tasks/deploy-module.yml for dut => (item=vxlan)

TASK [Figure out whether to deploy the module vlan on current device] **********
ok: [dut]

TASK [Find configuration template for vlan] ************************************
ok: [dut]

TASK [fail] ********************************************************************
skipping: [dut]

TASK [Find configuration deployment deploy_script for vlan] ********************
ok: [dut]

TASK [Print deployed configuration when running in verbose mode] ***************
ok: [dut] => {
    "msg": "vlan configuration for dut\n=========================================\nvlan 1000\n name red\n!\nvlan 1001\n name blue\n!\n\n!\ninterface Ethernet1/2\n switchport\n switchport mode access\n switchport access vlan 1000\n!\ninterface Ethernet1/3\n switchport\n switchport mode access\n switchport access vlan 1000\n!\ninterface Ethernet1/4\n switchport\n switchport mode access\n switchport access vlan 1001\n!\ninterface Ethernet1/5\n switchport\n switchport mode access\n switchport access vlan 1001\n!\ninterface vlan1000\n!\ninterface vlan1001\n"
}

TASK [Deploy vlan configuration] ***********************************************
included: /home/pipi/netlab_gh/netsim/ansible/tasks/deploy-config/nxos.yml for dut

TASK [nxos_config: deploying vlan from /work/netlab_cicd/cisco_c/node_files/dut/vlan] ***
changed: [dut]

TASK [Figure out whether to deploy the module routing on current device] *******
ok: [dut]

TASK [Find configuration template for routing] *********************************
skipping: [dut]

TASK [fail] ********************************************************************
skipping: [dut]

TASK [Find configuration deployment deploy_script for routing] *****************
skipping: [dut]

TASK [Print deployed configuration when running in verbose mode] ***************
skipping: [dut]

TASK [Deploy routing configuration] ********************************************
skipping: [dut]

TASK [Figure out whether to deploy the module ospf on current device] **********
ok: [dut]

TASK [Find configuration template for ospf] ************************************
ok: [dut]

TASK [fail] ********************************************************************
skipping: [dut]

TASK [Find configuration deployment deploy_script for ospf] ********************
ok: [dut]

TASK [Print deployed configuration when running in verbose mode] ***************
ok: [dut] => {
    "msg": "ospf configuration for dut\n=========================================\nfeature ospf\n!\nrouter ospf 1\n router-id 10.0.0.7\n timers throttle spf 100 200 500\n timers throttle lsa 0 100 500\n!\ninterface loopback0\n ip router ospf 1 area 0.0.0.0\n!\ninterface Ethernet1/1\n! dut -> s2\n ip router ospf 1 area 0.0.0.0\n ip ospf network point-to-point\n!\n"
}

TASK [Deploy ospf configuration] ***********************************************
included: /home/pipi/netlab_gh/netsim/ansible/tasks/deploy-config/nxos.yml for dut

TASK [nxos_config: deploying ospf from /work/netlab_cicd/cisco_c/node_files/dut/ospf] ***
changed: [dut]

TASK [Figure out whether to deploy the module vrf on current device] ***********
ok: [dut]

TASK [Find configuration template for vrf] *************************************
ok: [dut]

TASK [fail] ********************************************************************
skipping: [dut]

TASK [Find configuration deployment deploy_script for vrf] *********************
ok: [dut]

TASK [Print deployed configuration when running in verbose mode] ***************
ok: [dut] => {
    "msg": "vrf configuration for dut\n=========================================\n!\nroute-map all\n!\nroute-map all-int permit 10\n  match route-type internal\n!  \nroute-map all-int permit 20\n  match route-type external\n!\nfeature ospf\n!\nrouter ospf 100\n vrf tenant\n  timers throttle spf 100 200 500\n  timers throttle lsa 0 100 500\n  router-id 10.0.0.7\n!\n  redistribute direct route-map all\n!\ninterface vlan1000\n! VLAN red (1000) -> [h1,h1a,h2,s2]\n ip router ospf 100 area 0.0.0.0\n ip ospf cost 5\n!\ninterface vlan1001\n! VLAN blue (1001) -> [h3,h3a]\n ip router ospf 100 area 0.0.0.0\n ip ospf cost 10\n ip ospf passive-interface\n!\n"
}

TASK [Deploy vrf configuration] ************************************************
included: /home/pipi/netlab_gh/netsim/ansible/tasks/deploy-config/nxos.yml for dut

TASK [nxos_config: deploying vrf from /work/netlab_cicd/cisco_c/node_files/dut/vrf] ***
changed: [dut]

TASK [Figure out whether to deploy the module vxlan on current device] *********
ok: [dut]

TASK [Find configuration template for vxlan] ***********************************
ok: [dut]

TASK [fail] ********************************************************************
skipping: [dut]

TASK [Find configuration deployment deploy_script for vxlan] *******************
ok: [dut]

TASK [Print deployed configuration when running in verbose mode] ***************
ok: [dut] => {
    "msg": "vxlan configuration for dut\n=========================================\nfeature nv overlay\nfeature vn-segment-vlan-based\n!\nvlan 1000\n vn-segment 5000\n!\nvlan 1001\n vn-segment 5001\n!\n\n!\ninterface nve 1\n source-interface loopback0\n member vni 5000\n  ingress-replication protocol static\n   peer-ip 10.0.0.8\n member vni 5001\n  ingress-replication protocol static\n no shutdown\n"
}

TASK [Deploy vxlan configuration] **********************************************
included: /home/pipi/netlab_gh/netsim/ansible/tasks/deploy-config/nxos.yml for dut

TASK [nxos_config: deploying vxlan from /work/netlab_cicd/cisco_c/node_files/dut/vxlan] ***
changed: [dut]

PLAY [Deploy custom deployment templates] **************************************
skipping: no hosts matched

PLAY RECAP *********************************************************************
dut                        : ok=43   changed=5    unreachable=0    failed=0    skipped=13   rescued=0    ignored=0   

Results of configuration script deployments
================================================================================
h1               Script:  initial,routing
h1a              Script:  initial,routing
h2               Script:  initial,routing
h3               Script:  initial,routing
h3a              Script:  initial,routing
h4               Script:  initial,routing
s2               Script:  initial,vlan,ospf,vrf,vxlan


The devices under test are VLAN-to-VXLAN layer-3 switches connecting a VLAN
stretched across VXLAN transport and two edge subnets.

The test case verifies that you can use VXLAN-enabled VLANs in VRFs and that
your device runs OSPF across VXLAN-enabled VLANs.

* All hosts should be able to ping each other.
* Switches should have OSPF adjacencies in the tenant VRF

Notes:

* It might take a while for the lab to work due to STP learning phase.
* The validation tests don't check OSPF adjacencies

