Checking virtualization provider installation
OK: libvirt installed and working correctly
OK: clab installed and working correctly
Stopping clab nodes
05:30:19 INFO Parsing & checking topology file=clab-augment.yml
05:30:19 INFO Parsing & checking topology file=clab-augment.yml
05:30:19 INFO Destroying lab name=ml-85
05:30:20 INFO Removed container name=clab-ml-85-v2
05:30:20 INFO Removed container name=clab-ml-85-r12
05:30:20 INFO Removed container name=clab-ml-85-r22
05:30:20 INFO Removed container name=clab-ml-85-v1
05:30:20 INFO Removed container name=clab-ml-85-r21
05:30:20 INFO Removed container name=clab-ml-85-rb
05:30:20 INFO Removed container name=clab-ml-85-r11
05:30:20 INFO Removing host entries path=/etc/hosts
05:30:20 INFO Removing SSH config path=/etc/ssh/ssh_config.d/clab-ml-85.conf

Stopping libvirt nodes
[fog][WARNING] Unrecognized arguments: libvirt_ip_command
==> dut: Removing domain...
==> dut: Deleting the machine folder
Cleanup configuration files
... removing Vagrantfile
... removing clab-augment.yml
... removing ansible.cfg
... removing hosts.yml
... removing directory tree group_vars
... removing directory tree host_vars
... removing directory tree node_files
... removing netlab.snapshot.pickle
