Creating Device configuration snippets
[CREATED] dut: initial,routing,bgp,vrf
[CREATED] r1: normalize,initial,bgp,bgp-xact
[CREATED] r2: normalize,initial,bgp,bgp-xact
[CREATED] r3: normalize,initial,bgp,bgp-xact
[CREATED] r4: normalize,initial,bgp,bgp-xact
Checking Are lab devices ready to be configured?
 [INFO] Checking SSH server(s) on r1,r2,r3,r4
Config Normalizing device configurations
netmiko:  [INFO] Sent normalize configuration to r4
netmiko:  [INFO] Sent normalize configuration to r2
netmiko:  [INFO] Sent normalize configuration to r3
netmiko:  [INFO] Sent normalize configuration to r1
Config Deploying device configurations
 [INFO] Executing initial configuration for node dut
 [INFO] Executing routing configuration for node dut
 [INFO] Executing bgp configuration for node dut
 [INFO] Executing vrf configuration for node dut
netmiko:  [INFO] Sent initial configuration to r3
netmiko:  [INFO] Sent initial configuration to r2
netmiko:  [INFO] Sent initial configuration to r4
netmiko:  [INFO] Sent initial configuration to r1
netmiko:  [INFO] Sent bgp configuration to r3
netmiko:  [INFO] Sent bgp configuration to r2
netmiko:  [INFO] Sent bgp configuration to r1
netmiko:  [INFO] Sent bgp configuration to r4
netmiko:  [INFO] Sent bgp-xact configuration to r3
netmiko:  [INFO] Sent bgp-xact configuration to r2
netmiko:  [INFO] Sent bgp-xact configuration to r1
netmiko:  [INFO] Sent bgp-xact configuration to r4

Results of configuration script deployments
================================================================================
dut              Script:  initial,routing,bgp,vrf
r1               Script:  normalize,initial,bgp,bgp-xact
r2               Script:  normalize,initial,bgp,bgp-xact
r3               Script:  normalize,initial,bgp,bgp-xact
r4               Script:  normalize,initial,bgp,bgp-xact


The device under test has two VRFs with two interfaces in each VRF.
Routers are attached to those interfaces and run BGP with device under test.
Assuming the multi-vrf test case succeeded, this one adds BGP routing with
CE routers.

* r1 and r2 should be able to ping each other
* r3 and r4 should be able to ping each other
* r1 should not be able to reach r3

The test also checks whether DUT unnecessarily enables IPv6 AF over IPv4
EBGP sessions

