Using transformed lab topology from snapshot file netlab.snapshot.pickle
Checking virtualization provider installation
OK: clab installed and working correctly
Starting clab nodes
provider clab: executing sudo -E containerlab deploy --reconfigure -t clab.yml
10:34:44 INFO Containerlab started version=0.74.2
10:34:44 INFO Parsing & checking topology file=clab.yml
10:34:44 INFO Removing directory path=/work/netlab_cicd/clab-ml-17
10:34:44 INFO Creating docker network name=nl_mgmt_17 IPv4 subnet=192.168.17.0/24 IPv6 subnet="" MTU=0
10:34:44 INFO Creating lab directory path=/work/netlab_cicd/clab-ml-17
10:34:45 INFO Creating container name=dut
10:34:45 INFO Creating container name=r2
10:34:45 INFO Creating container name=r3
10:34:45 INFO Creating container name=r1
10:34:45 INFO Creating container name=r4
10:34:45 INFO Created link: r2:et1 ▪┄┄▪ dut:eth2
10:34:45 INFO Running postdeploy actions for Arista cEOS 'r2' node
10:34:45 INFO Created link: r3:et1 ▪┄┄▪ dut:eth3
10:34:45 INFO Running postdeploy actions for Arista cEOS 'r3' node
10:34:45 INFO Created link: r1:et1 ▪┄┄▪ dut:eth1
10:34:45 INFO Running postdeploy actions for Arista cEOS 'r1' node
10:34:46 INFO Created link: r4:et1 ▪┄┄▪ dut:eth4
10:34:46 INFO Running postdeploy actions for Arista cEOS 'r4' node
10:35:13 INFO Executed command node=dut command="sleep 1" stdout=""
10:35:13 INFO Adding host entries path=/etc/hosts
10:35:13 INFO Adding SSH config for nodes path=/etc/ssh/ssh_config.d/clab-ml-17.conf
[1m╭[0m[1m────────────────[0m[1m┬[0m[1m──────────────────────────────[0m[1m┬[0m[1m─────────[0m[1m┬[0m[1m────────────────[0m[1m╮[0m
[1m│[0m[1m      Name      [0m[1m│[0m[1m          Kind/Image          [0m[1m│[0m[1m  State  [0m[1m│[0m[1m IPv4/6 Address [0m[1m│[0m
[1m├[0m[1m────────────────[0m[1m┼[0m[1m──────────────────────────────[0m[1m┼[0m[1m─────────[0m[1m┼[0m[1m────────────────[0m[1m┤[0m
│ clab-ml-17-dut │ linux                        │ running │ 192.168.17.101 │
│                │ quay.io/frrouting/frr:10.5.3 │         │ N/A            │
├────────────────┼──────────────────────────────┼─────────┼────────────────┤
│ clab-ml-17-r1  │ ceos                         │ running │ 192.168.17.111 │
│                │ ceos:4.35.2F                 │         │ N/A            │
├────────────────┼──────────────────────────────┼─────────┼────────────────┤
│ clab-ml-17-r2  │ ceos                         │ running │ 192.168.17.112 │
│                │ ceos:4.35.2F                 │         │ N/A            │
├────────────────┼──────────────────────────────┼─────────┼────────────────┤
│ clab-ml-17-r3  │ ceos                         │ running │ 192.168.17.123 │
│                │ ceos:4.35.2F                 │         │ N/A            │
├────────────────┼──────────────────────────────┼─────────┼────────────────┤
│ clab-ml-17-r4  │ ceos                         │ running │ 192.168.17.124 │
│                │ ceos:4.35.2F                 │         │ N/A            │
╰────────────────┴──────────────────────────────┴─────────┴────────────────╯

Initial configuration skipped, run 'netlab initial' to configure the devices
