Using transformed lab topology from snapshot file netlab.snapshot.pickle
Checking virtualization provider installation
OK: clab installed and working correctly
Starting clab nodes
provider clab: executing flock -E 42 /tmp/netlab.lock sudo -E containerlab deploy --reconfigure -t clab.yml
13:35:47 INFO Containerlab started version=0.75.0
13:35:47 INFO Parsing & checking topology file=clab.yml
13:35:47 INFO Removing directory path=/work/netlab_cicd/clab-ml-17
13:35:47 INFO Creating docker network name=nl_mgmt_17 IPv4 subnet=192.168.17.0/24 IPv6 subnet="" MTU=0
13:35:47 INFO Creating lab directory path=/work/netlab_cicd/clab-ml-17
13:35:47 INFO Creating container name=dut
13:35:47 INFO Creating container name=peer
13:35:47 INFO Creating container name=bad
13:35:47 INFO Creating container name=good
13:35:47 INFO Creating container name=legacy
13:35:47 INFO Creating container name=customer
13:35:47 INFO Creating container name=upstream
13:35:48 INFO Created link: dut:eth3 ▪┄┄▪ peer:eth1
13:35:48 INFO Created link: dut:eth2 ▪┄┄▪ customer:eth1
13:35:49 INFO Created link: dut:eth6 ▪┄┄▪ legacy:eth1
13:35:49 INFO Created link: dut:eth4 ▪┄┄▪ bad:eth1
13:35:49 INFO Created link: dut:eth1 ▪┄┄▪ upstream:eth1
13:35:49 INFO Created link: dut:eth5 ▪┄┄▪ good:eth1
13:35:50 INFO Executed command node=legacy command="sleep 1" stdout=""
13:35:50 INFO Executed command node=peer command="sleep 1" stdout=""
13:35:50 INFO Executed command node=customer command="sleep 1" stdout=""
13:35:50 INFO Executed command node=bad command="sleep 1" stdout=""
13:35:50 INFO Executed command node=upstream command="sleep 1" stdout=""
13:35:50 INFO Executed command node=good command="sleep 1" stdout=""
13:35:50 INFO Adding host entries path=/etc/hosts
13:35:50 INFO Adding SSH config for nodes path=/etc/ssh/ssh_config.d/clab-ml-17.conf
13:35:50 INFO containerlab version
  🎉=
  │ A newer containerlab version (0.76.1) is available!
  │ Release notes: https://containerlab.dev/rn/0.76/#0761
  │ Run 'clab version upgrade' or see https://containerlab.dev/install/ for other installation options.
[1m╭[0m[1m─────────────────────[0m[1m┬[0m[1m──────────────────────────────[0m[1m┬[0m[1m─────────[0m[1m┬[0m[1m────────────────[0m[1m╮[0m
[1m│[0m[1m         Name        [0m[1m│[0m[1m          Kind/Image          [0m[1m│[0m[1m  State  [0m[1m│[0m[1m IPv4/6 Address [0m[1m│[0m
[1m├[0m[1m─────────────────────[0m[1m┼[0m[1m──────────────────────────────[0m[1m┼[0m[1m─────────[0m[1m┼[0m[1m────────────────[0m[1m┤[0m
│ clab-ml-17-bad      │ linux                        │ running │ 192.168.17.105 │
│                     │ quay.io/frrouting/frr:10.6.1 │         │ N/A            │
├─────────────────────┼──────────────────────────────┼─────────┼────────────────┤
│ clab-ml-17-customer │ linux                        │ running │ 192.168.17.102 │
│                     │ quay.io/frrouting/frr:10.6.1 │         │ N/A            │
├─────────────────────┼──────────────────────────────┼─────────┼────────────────┤
│ clab-ml-17-dut      │ linux                        │ running │ 192.168.17.101 │
│                     │ netlab/bird:3.3.1            │         │ N/A            │
├─────────────────────┼──────────────────────────────┼─────────┼────────────────┤
│ clab-ml-17-good     │ linux                        │ running │ 192.168.17.106 │
│                     │ quay.io/frrouting/frr:10.6.1 │         │ N/A            │
├─────────────────────┼──────────────────────────────┼─────────┼────────────────┤
│ clab-ml-17-legacy   │ linux                        │ running │ 192.168.17.107 │
│                     │ quay.io/frrouting/frr:10.6.1 │         │ N/A            │
├─────────────────────┼──────────────────────────────┼─────────┼────────────────┤
│ clab-ml-17-peer     │ linux                        │ running │ 192.168.17.103 │
│                     │ quay.io/frrouting/frr:10.6.1 │         │ N/A            │
├─────────────────────┼──────────────────────────────┼─────────┼────────────────┤
│ clab-ml-17-upstream │ linux                        │ running │ 192.168.17.104 │
│                     │ quay.io/frrouting/frr:10.6.1 │         │ N/A            │
╰─────────────────────┴──────────────────────────────┴─────────┴────────────────╯

Initial configuration skipped, run 'netlab initial' to configure the devices
