Checking virtualization provider installation
OK: clab installed and working correctly
Stopping clab nodes
provider clab: executing flock -E 42 /tmp/netlab.lock sudo -E containerlab destroy --cleanup -t clab.yml
13:36:00 INFO Parsing & checking topology file=clab.yml
13:36:00 INFO Parsing & checking topology file=clab.yml
13:36:00 INFO Destroying lab name=ml-17
13:36:01 INFO Removed container name=clab-ml-17-legacy
13:36:01 INFO Removed container name=clab-ml-17-upstream
13:36:01 INFO Removed container name=clab-ml-17-bad
13:36:01 INFO Removed container name=clab-ml-17-customer
13:36:01 INFO Removed container name=clab-ml-17-good
13:36:01 INFO Removed container name=clab-ml-17-dut
13:36:01 INFO Removed container name=clab-ml-17-peer
13:36:01 INFO Removing host entries path=/etc/hosts
13:36:01 INFO Removing SSH config path=/etc/ssh/ssh_config.d/clab-ml-17.conf
Cleanup configuration files
... removing clab.yml
... removing ansible.cfg
... removing hosts.yml
... removing directory tree group_vars
... removing directory tree host_vars
... removing directory tree node_files
... removing netlab.snapshot.pickle
