Creating Device configuration snippets
[CREATED] dut: initial,routing,ospf,bgp,bgp.policy
[CREATED] x1: initial,ospf,bgp
[CREATED] x2: initial,bgp
Checking Are lab devices ready to be configured?
 [INFO] Checking SSH server(s) on dut
[SSH]     SSH server on node dut (device iol) is ready after 25.4 seconds
Config Deploying device configurations
 [INFO] Executing initial configuration for node x1
 [INFO] Executing initial configuration for node x2
 [INFO] Executing bgp configuration for node x2
 [INFO] Executing ospf configuration for node x1
 [INFO] Executing bgp configuration for node x1
netmiko:  [INFO] Sent initial configuration to dut
netmiko:  [INFO] Sent routing configuration to dut
netmiko:  [INFO] Sent ospf configuration to dut
netmiko:  [INFO] Sent bgp configuration to dut
netmiko:  [INFO] Sent bgp.policy configuration to dut

Results of configuration script deployments
================================================================================
dut              Script:  initial,routing,ospf,bgp,bgp.policy
x1               Script:  initial,ospf,bgp
x2               Script:  initial,bgp


Use this topology to test the 'auto bgp bandwidth' functionality. The DUT has to copy
interface bandwidth into BGP bandwidth community and propagate that on IBGP updates.

