Checking virtualization provider installation
OK: clab installed and working correctly
Stopping clab nodes
08:20:10 INFO Parsing & checking topology file=clab.yml
08:20:10 INFO Parsing & checking topology file=clab.yml
08:20:10 INFO Destroying lab name=ml-84
08:20:11 INFO Removed container name=clab-ml-84-x1
08:20:11 INFO Removed container name=clab-ml-84-v1
08:20:11 INFO Removed container name=clab-ml-84-v2
08:20:11 INFO Removed container name=clab-ml-84-dut
08:20:11 INFO Removed container name=clab-ml-84-x2
08:20:11 INFO Removing host entries path=/etc/hosts
08:20:11 INFO Removing SSH config path=/etc/ssh/ssh_config.d/clab-ml-84.conf
Cleanup configuration files
... removing clab.yml
... removing ansible.cfg
... removing hosts.yml
... removing directory tree group_vars
... removing directory tree host_vars
... removing directory tree node_files
... removing netlab.snapshot.pickle
