Creating Device configuration snippets
[CREATED] dut: initial,ospf,bgp
[CREATED] dut2: initial,bgp
[CREATED] x1: initial,bgp
[CREATED] x2: initial,bgp
[CREATED] r1: initial,ospf,bgp
Checking Are lab devices ready to be configured?
 [INFO] Checking lab devices with an Ansible playbook
[WARNING]: Could not match supplied host pattern, ignoring: netlab_ready_ssh
[WARNING]: Found variable using reserved name: hosts

PLAY [Wait for SSH servers] ****************************************************
skipping: no hosts matched

PLAY [Wait for device-specific conditions] *************************************

TASK [Set variables that cannot be set with VARS] ******************************
ok: [dut]
ok: [dut2]

TASK [Find device readiness script] ********************************************
ok: [dut]
ok: [dut2]

TASK [Wait for device to become ready] *****************************************
included: /home/pipi/netlab_gh/netsim/ansible/tasks/readiness-check/cumulus_nvue.yml for dut, dut2

TASK [Wait for nvued to start] *************************************************
ok: [dut]
ok: [dut2]

PLAY RECAP *********************************************************************
dut                        : ok=4    changed=0    unreachable=0    failed=0    skipped=0    rescued=0    ignored=0   
dut2                       : ok=4    changed=0    unreachable=0    failed=0    skipped=0    rescued=0    ignored=0   

Config Deploying device configurations
 [INFO] Executing initial configuration for node x1
 [INFO] Executing initial configuration for node x2
 [INFO] Executing initial configuration for node r1
 [INFO] Executing bgp configuration for node x1
 [INFO] Executing ospf configuration for node r1
 [INFO] Executing bgp configuration for node x2
 [INFO] Executing bgp configuration for node r1
 [INFO] Starting Ansible playbook to deploy the rest of the
          configurations
[WARNING]: Found variable using reserved name: hosts

PLAY [Deploy initial device configuration] *************************************

TASK [Set variables that cannot be set with VARS] ******************************
ok: [dut]
ok: [dut2]

TASK [Normalize config on bridge-like devices] *********************************
included: /home/pipi/netlab_gh/netsim/ansible/tasks/deploy-module.yml for dut, dut2

TASK [Figure out whether to deploy the module normalize on current device] *****
ok: [dut]
ok: [dut2]

TASK [Find configuration template for normalize] *******************************
ok: [dut]
ok: [dut2]

TASK [fail] ********************************************************************
skipping: [dut]
skipping: [dut2]

TASK [Find configuration deployment deploy_script for normalize] ***************
ok: [dut]
ok: [dut2]

TASK [Print deployed configuration when running in verbose mode] ***************
skipping: [dut]
skipping: [dut2]

TASK [Deploy normalize configuration] ******************************************
skipping: [dut]
skipping: [dut2]

TASK [Deploy initial configuration] ********************************************
included: /home/pipi/netlab_gh/netsim/ansible/tasks/deploy-module.yml for dut, dut2

TASK [Figure out whether to deploy the module initial on current device] *******
ok: [dut]
ok: [dut2]

TASK [Find configuration template for initial] *********************************
ok: [dut]
ok: [dut2]

TASK [fail] ********************************************************************
skipping: [dut]
skipping: [dut2]

TASK [Find configuration deployment deploy_script for initial] *****************
ok: [dut]
ok: [dut2]

TASK [Print deployed configuration when running in verbose mode] ***************
ok: [dut] => {
    "msg": "initial configuration for dut\n=========================================\n\n- set:\n    system:\n      hostname: dut\n      global:\n        system-mac: ca:fe:00:01:00:00\n      config:\n        snippet:\n          system-mtu:\n            file: /etc/network/ifupdown2/policy.d/mtu.json\n            content: |\n              { \"address\": { \"defaults\": { \"mtu\": \"1500\" } } }\n\n    interface:\n      eth0:\n        ip:\n          vrf: mgmt\n          address:\n            dhcp: {}\n        type: eth\n      swp1:\n        type: swp\n        link:\n          state:\n            up : {}\n        description: \"dut -> r1\"\n        ip:\n          address:\n            10.1.0.1/30: {}\n          ipv6:\n            enable: off\n\n      swp2:\n        type: swp\n        link:\n          state:\n            up : {}\n        description: \"dut -> x1 [external]\"\n        ip:\n          address:\n            10.1.0.5/30: {}\n          ipv6:\n            enable: off\n\n      swp3:\n        type: swp\n        link:\n          state:\n            up : {}\n        description: \"dut -> x2 [external]\"\n        ip:\n          address:\n            10.1.0.9/30: {}\n          ipv6:\n            enable: off\n\n      swp4:\n        type: swp\n        link:\n          state:\n            up : {}\n        description: \"dut -> dut2 [external]\"\n        ip:\n          address:\n            172.0.66.1/24: {}\n          ipv6:\n            enable: off\n\n      swp5:\n        type: swp\n        link:\n          state:\n            up : {}\n        description: \"dut -> stub [stub]\"\n        ip:\n          address:\n            172.0.42.1/24: {}\n          ipv6:\n            enable: off\n\n\n- set:\n    interface:\n      lo:\n        type: loopback\n        ip:\n          address:\n            10.0.0.1/32: {}\n          ipv6:\n            enable: off\n"
}
ok: [dut2] => {
    "msg": "initial configuration for dut2\n=========================================\n\n- set:\n    system:\n      hostname: dut2\n      global:\n        system-mac: ca:fe:00:02:00:00\n      config:\n        snippet:\n          system-mtu:\n            file: /etc/network/ifupdown2/policy.d/mtu.json\n            content: |\n              { \"address\": { \"defaults\": { \"mtu\": \"1500\" } } }\n\n    interface:\n      eth0:\n        ip:\n          vrf: mgmt\n          address:\n            dhcp: {}\n        type: eth\n      swp1:\n        type: swp\n        link:\n          state:\n            up : {}\n        description: \"dut2 -> dut [external]\"\n        ip:\n          address:\n            172.0.66.2/24: {}\n          ipv6:\n            enable: off\n\n\n- set:\n    interface:\n      lo:\n        type: loopback\n        ip:\n          address:\n            10.0.0.2/32: {}\n          ipv6:\n            enable: off\n"
}

TASK [Deploy initial configuration] ********************************************
included: /home/pipi/netlab_gh/netsim/ansible/tasks/deploy-config/cumulus_nvue.yml for dut, dut2

TASK [set_fact] ****************************************************************
ok: [dut]
ok: [dut2]

TASK [copy the cumulus nvue YAML initial config file to switch (generated from /work/netlab_cicd/node_files/dut/initial)] ***
changed: [dut2]
changed: [dut]

TASK [execute on cumulus: 'nv config patch' for initial config] ****************
changed: [dut2]
changed: [dut]

TASK [execute on cumulus: 'nv config apply -y' for initial config] *************
changed: [dut2]
changed: [dut]

PLAY [Deploy module-specific configurations] ***********************************

TASK [Set variables that cannot be set with VARS] ******************************
ok: [dut]
ok: [dut2]

TASK [Deploy individual configuration modules] *********************************
included: /home/pipi/netlab_gh/netsim/ansible/tasks/deploy-module.yml for dut, dut2 => (item=ospf)
included: /home/pipi/netlab_gh/netsim/ansible/tasks/deploy-module.yml for dut, dut2 => (item=bgp)

TASK [Figure out whether to deploy the module ospf on current device] **********
ok: [dut]
ok: [dut2]

TASK [Find configuration template for ospf] ************************************
skipping: [dut2]
ok: [dut]

TASK [fail] ********************************************************************
skipping: [dut]
skipping: [dut2]

TASK [Find configuration deployment deploy_script for ospf] ********************
skipping: [dut2]
ok: [dut]

TASK [Print deployed configuration when running in verbose mode] ***************
skipping: [dut2]
ok: [dut] => {
    "msg": "ospf configuration for dut\n=========================================\n- set:\n    router:\n      ospf:\n        enable: on\n\n\n- set:\n    vrf:\n      default:\n        router:\n          ospf:\n            enable: on\n            area: \n              0.0.0.0: {}\n            router-id: 10.0.0.1\n\n    interface:\n      lo:\n        router:\n          ospf:\n            area: 0.0.0.0\n            network-type: broadcast\n      swp1:\n        router:\n          ospf:\n            area: 0.0.0.0\n            network-type: point-to-point\n      swp5:\n        router:\n          ospf:\n            area: 0.0.0.0\n            network-type: broadcast\n            passive: on\n\n \n\n"
}

TASK [Deploy ospf configuration] ***********************************************
skipping: [dut2]
included: /home/pipi/netlab_gh/netsim/ansible/tasks/deploy-config/cumulus_nvue.yml for dut

TASK [set_fact] ****************************************************************
ok: [dut]

TASK [copy the cumulus nvue YAML ospf config file to switch (generated from /work/netlab_cicd/node_files/dut/ospf)] ***
changed: [dut]

TASK [execute on cumulus: 'nv config patch' for ospf config] *******************
changed: [dut]

TASK [execute on cumulus: 'nv config apply -y' for ospf config] ****************
changed: [dut]

TASK [Figure out whether to deploy the module bgp on current device] ***********
ok: [dut]
ok: [dut2]

TASK [Find configuration template for bgp] *************************************
ok: [dut]
ok: [dut2]

TASK [fail] ********************************************************************
skipping: [dut]
skipping: [dut2]

TASK [Find configuration deployment deploy_script for bgp] *********************
ok: [dut]
ok: [dut2]

TASK [Print deployed configuration when running in verbose mode] ***************
ok: [dut] => {
    "msg": "bgp configuration for dut\n=========================================\n- set:\n    router:\n      bgp:\n        enable: on\n        autonomous-system: 65000\n        router-id: 10.0.0.1\n- set:\n    vrf:\n      default:\n        router:\n          bgp:\n            enable: on\n            autonomous-system: 65000\n            router-id: 10.0.0.1\n            address-family:\n              ipv4-unicast:\n                enable: on\n                network:\n                  172.0.42.0/24: {}\n                  172.42.42.0/24: {}\n            neighbor:\n              10.0.0.5:\n                description: \"r1\"\n                update-source: lo\n                remote-as: internal\n                address-family:\n                  ipv4-unicast:\n                    enable: on\n                    nexthop-setting: self\n                    community-advertise:\n                      regular: on\n                      extended: on\n                      large: off\n\n              10.1.0.6:\n                description: \"x1\"\n                remote-as: 65100\n                address-family:\n                  ipv4-unicast:\n                    enable: on\n                    community-advertise:\n                      regular: on\n                      extended: off\n                      large: off\n\n              10.1.0.10:\n                description: \"x2\"\n                remote-as: 65101\n                address-family:\n                  ipv4-unicast:\n                    enable: on\n                    community-advertise:\n                      regular: on\n                      extended: off\n                      large: off\n\n              172.0.66.2:\n                description: \"dut2\"\n                remote-as: 65001\n                address-family:\n                  ipv4-unicast:\n                    enable: on\n                    community-advertise:\n                      regular: on\n                      extended: off\n                      large: off\n\n          static:\n            172.42.42.0/24:\n              address-family: ipv4-unicast\n              via:\n                blackhole:\n                  type: blackhole\n"
}
ok: [dut2] => {
    "msg": "bgp configuration for dut2\n=========================================\n- set:\n    router:\n      bgp:\n        enable: on\n        autonomous-system: 65001\n        router-id: 10.0.0.2\n- set:\n    vrf:\n      default:\n        router:\n          bgp:\n            enable: on\n            autonomous-system: 65001\n            router-id: 10.0.0.2\n            address-family:\n              ipv4-unicast:\n                enable: on\n                network:\n                  10.0.0.2/32: {}\n            neighbor:\n              172.0.66.1:\n                description: \"dut\"\n                remote-as: 65000\n                address-family:\n                  ipv4-unicast:\n                    enable: on\n                    community-advertise:\n                      regular: on\n                      extended: off\n                      large: off\n\n"
}

TASK [Deploy bgp configuration] ************************************************
included: /home/pipi/netlab_gh/netsim/ansible/tasks/deploy-config/cumulus_nvue.yml for dut, dut2

TASK [set_fact] ****************************************************************
ok: [dut]
ok: [dut2]

TASK [copy the cumulus nvue YAML bgp config file to switch (generated from /work/netlab_cicd/node_files/dut/bgp)] ***
changed: [dut2]
changed: [dut]

TASK [execute on cumulus: 'nv config patch' for bgp config] ********************
changed: [dut2]
changed: [dut]

TASK [execute on cumulus: 'nv config apply -y' for bgp config] *****************
changed: [dut]
changed: [dut2]

PLAY [Deploy custom deployment templates] **************************************
skipping: no hosts matched

PLAY RECAP *********************************************************************
dut                        : ok=36   changed=9    unreachable=0    failed=0    skipped=6    rescued=0    ignored=0   
dut2                       : ok=28   changed=6    unreachable=0    failed=0    skipped=10   rescued=0    ignored=0   

Results of configuration script deployments
================================================================================
x1               Script:  initial,bgp
x2               Script:  initial,bgp
r1               Script:  initial,ospf,bgp


Use this topology to test the origination and propagation
of IPv4 prefixes.

