Creating Device configuration snippets
[CREATED] h1: initial,routing
[CREATED] h2: initial,routing
[CREATED] h3: initial,routing
[CREATED] h4: initial,routing
[CREATED] dut: initial,vlan,ospf
[CREATED] s2: initial,vlan,ospf
Config Deploying device configurations
 [INFO] Executing initial configuration for node h1 (namespace clab-
          ml-17-h1)
 [INFO] Executing initial configuration for node h2 (namespace clab-
          ml-17-h2)
 [INFO] Executing initial configuration for node h3 (namespace clab-
          ml-17-h3)
 [INFO] Executing initial configuration for node h4 (namespace clab-
          ml-17-h4)
 [INFO] Executing initial configuration for node s2
 [INFO] Executing routing configuration for node h2 (namespace clab-
          ml-17-h2)
 [INFO] Executing routing configuration for node h1 (namespace clab-
          ml-17-h1)
 [INFO] Executing routing configuration for node h3 (namespace clab-
          ml-17-h3)
 [INFO] Executing routing configuration for node h4 (namespace clab-
          ml-17-h4)
 [INFO] Executing vlan configuration for node s2
 [INFO] Executing ospf configuration for node s2
 [INFO] Starting Ansible playbook to deploy the rest of the
          configurations
[WARNING]: Found variable using reserved name: hosts

PLAY [Deploy initial device configuration] *************************************

TASK [Set variables that cannot be set with VARS] ******************************
ok: [dut]

TASK [Deploy initial configuration] ********************************************
included: /home/pipi/netlab_gh/netsim/ansible/tasks/deploy-module.yml for dut

TASK [Figure out whether to deploy the module initial on current device] *******
ok: [dut]

TASK [Find configuration template for initial] *********************************
ok: [dut]

TASK [fail] ********************************************************************
skipping: [dut]

TASK [Find configuration deployment deploy_script for initial] *****************
ok: [dut]

TASK [Print deployed configuration when running in verbose mode] ***************
ok: [dut] => {
    "msg": "initial configuration for dut\n=========================================\n#!/bin/sh\n\nset -e # Exit immediately when any command fails\nset -x # Track commands for troubleshooting\n\nhostname dut\n#\n# Build hosts file\n#\n#\ncat <<'SCRIPT' >/tmp/hosts\n#\n# Created by netlab initial\n#\n10.0.0.5 dut\n172.16.1.5 vio3.dut\n10.1.0.1 vlan7011.dut\n172.16.0.1 h1 eth1.h1\n172.16.0.2 h2 eth1.h2\n172.16.1.3 h3 eth1.h3\n172.16.2.4 h4 eth1.h4\n10.0.0.6 s2\n172.16.2.6 eth3.s2\n10.1.0.2 eth1.701.s2\nSCRIPT\ngrep \"Created by netlab\" /etc/hosts || uniq /tmp/hosts >>/etc/hosts\n\n#\n# Enable forwarding\n#\nsysctl net.inet.ip.forwarding=1\nsysctl net.inet6.ip6.forwarding=1\necho -n > /etc/rad.conf\n\n#\n# Interface configuration\n#\nifconfig lo0 inet 10.0.0.5/32 alias\nifconfig lo0 up\n\n#!/bin/sh\n\nset -e # Exit immediately when any command fails\nset -x # Track commands for troubleshooting\n\nifconfig vlan7011 parent vio1 vnetid 701\nifconfig vlan7001 parent vio1 vnetid 700\n\n\n\nifconfig vio1 -inet\nifconfig vio1 -inet6\nifconfig vio1 mtu 1500\nifconfig vio1 description \"dut -> s2\"\nifconfig vio1 up\n\nifconfig vio2 -inet\nifconfig vio2 -inet6\nifconfig vio2 mtu 1500\nifconfig vio2 description \"[Access VLAN red] dut -> h1\"\nifconfig vio2 up\n\nifconfig vio3 -inet\nifconfig vio3 -inet6\nifconfig vio3 inet 172.16.1.5/24 \nifconfig vio3 mtu 1500\nifconfig vio3 description \"dut -> h3\"\nifconfig vio3 up\n\nifconfig vlan7011 -inet\nifconfig vlan7011 -inet6\nifconfig vlan7011 inet 10.1.0.1/30 \nifconfig vlan7011 description \"dut -> s2\"\nifconfig vlan7011 up\n\nifconfig vlan7001 -inet\nifconfig vlan7001 -inet6\nifconfig vlan7001 description \"[SubIf VLAN red] dut -> s2\"\nifconfig vlan7001 up\n\nifconfig vport700 -inet\nifconfig vport700 -inet6\nifconfig vport700 description \"VLAN red (700) -> [h1,h2,s2]\"\nifconfig vport700 up\n\n\n#\n# (re-)start RA daemon\n#\npkill -q rad || true\nrad\n"
}

TASK [Deploy initial configuration] ********************************************
included: /home/pipi/netlab_gh/netsim/ansible/tasks/deploy-config/openbsd.yml for dut

TASK [template] ****************************************************************
changed: [dut]

TASK [Execute /tmp/config.sh to deploy initial config from /work/netlab_cicd/node_files/dut/initial] ***
changed: [dut]

PLAY [Deploy module-specific configurations] ***********************************

TASK [Set variables that cannot be set with VARS] ******************************
ok: [dut]

TASK [Deploy individual configuration modules] *********************************
included: /home/pipi/netlab_gh/netsim/ansible/tasks/deploy-module.yml for dut => (item=vlan)
included: /home/pipi/netlab_gh/netsim/ansible/tasks/deploy-module.yml for dut => (item=routing)
included: /home/pipi/netlab_gh/netsim/ansible/tasks/deploy-module.yml for dut => (item=ospf)

TASK [Figure out whether to deploy the module vlan on current device] **********
ok: [dut]

TASK [Find configuration template for vlan] ************************************
ok: [dut]

TASK [fail] ********************************************************************
skipping: [dut]

TASK [Find configuration deployment deploy_script for vlan] ********************
ok: [dut]

TASK [Print deployed configuration when running in verbose mode] ***************
ok: [dut] => {
    "msg": "vlan configuration for dut\n=========================================\n#!/bin/sh\n\nset -e # Exit immediately when any command fails\nset -x # Track commands for troubleshooting\n\nifconfig veb700 add vio2 up\nifconfig veb700 add vlan7001 up\nifconfig veb700 add vport700 up\n"
}

TASK [Deploy vlan configuration] ***********************************************
included: /home/pipi/netlab_gh/netsim/ansible/tasks/deploy-config/openbsd.yml for dut

TASK [template] ****************************************************************
changed: [dut]

TASK [Execute /tmp/config.sh to deploy vlan config from /work/netlab_cicd/node_files/dut/vlan] ***
changed: [dut]

TASK [Figure out whether to deploy the module routing on current device] *******
ok: [dut]

TASK [Find configuration template for routing] *********************************
skipping: [dut]

TASK [fail] ********************************************************************
skipping: [dut]

TASK [Find configuration deployment deploy_script for routing] *****************
skipping: [dut]

TASK [Print deployed configuration when running in verbose mode] ***************
skipping: [dut]

TASK [Deploy routing configuration] ********************************************
skipping: [dut]

TASK [Figure out whether to deploy the module ospf on current device] **********
ok: [dut]

TASK [Find configuration template for ospf] ************************************
ok: [dut]

TASK [fail] ********************************************************************
skipping: [dut]

TASK [Find configuration deployment deploy_script for ospf] ********************
ok: [dut]

TASK [Print deployed configuration when running in verbose mode] ***************
ok: [dut] => {
    "msg": "ospf configuration for dut\n=========================================\n#!/bin/sh\ncat <<'OSPFD_CONF' >/etc/ospfd.conf\nrouter-id 10.0.0.5\nspf-delay msec 100\nspf-holdtime msec 200\n\narea 0.0.0.0 {\n    interface lo0:10.0.0.5 {\n    }\n    interface vio3 {\n        type p2p\n        passive\n    }\n    interface vlan7011 {\n        type p2p\n    }\n}\n \nOSPFD_CONF\n\nchmod 640 /etc/ospfd.conf\nrcctl enable ospfd\nrcctl restart ospfd\n\n"
}

TASK [Deploy ospf configuration] ***********************************************
included: /home/pipi/netlab_gh/netsim/ansible/tasks/deploy-config/openbsd.yml for dut

TASK [template] ****************************************************************
changed: [dut]

TASK [Execute /tmp/config.sh to deploy ospf config from /work/netlab_cicd/node_files/dut/ospf] ***
changed: [dut]

PLAY [Deploy custom deployment templates] **************************************
skipping: no hosts matched

PLAY RECAP *********************************************************************
dut                        : ok=28   changed=6    unreachable=0    failed=0    skipped=8    rescued=0    ignored=0   

Results of configuration script deployments
================================================================================
h1               Script:  initial,routing
h2               Script:  initial,routing
h3               Script:  initial,routing
h4               Script:  initial,routing
s2               Script:  initial,vlan,ospf


The VLAN trunk between layer-3 switches has a combination
of bridged and routed VLANs. If this test case does not produce
a usable network, remove the 'vlan.mixed_trunk' device feature flag.

* h1 and h2 should be able to ping each other, but not h3 or h4
* h3 and h4 should be able to ping each other, but not h1 or h2

