[CONFIG]  dut: initial,vlan
[CONFIG]  s2: initial,vlan
[CONFIG]  s3: initial,vlan
[CONFIG]  s4: initial,vlan
[CONFIG]  r1: initial,routing,hosts,resolv
[CONFIG]  r2: initial,routing,hosts (shared),resolv
[CONFIG]  r3: initial,routing,hosts (shared),resolv
[CONFIG]  r4: initial,routing,hosts (shared),resolv
[CONFIG]  d1: initial,routing,hosts (shared),resolv
[CONFIG]  d2: initial,routing,hosts (shared),resolv
[CONFIG]  d3: initial,routing,hosts (shared),resolv
[CONFIG]  d4: initial,routing,hosts (shared),resolv
Created provider configuration file: Vagrantfile
Creating configuration file for secondary provider clab
Created provider configuration file: clab-augment.yml
Created pickled transformed topology data into netlab.snapshot.pickle
Created group_vars for all
Created group_vars for modules
Created group_vars for openbsd
Created host_vars for dut
Created group_vars for frr
Created host_vars for s2, s3, s4
Created group_vars for linux
Created host_vars for r1, r2, r3, r4, d1, d2, d3, d4
Created minimized Ansible inventory hosts.yml
Created Ansible configuration file: ansible.cfg
