Checking virtualization provider installation
OK: libvirt installed and working correctly
OK: clab installed and working correctly
Stopping clab nodes
 [INFO] Setting containerlab runtime to docker
provider clab: executing flock -E 42 /tmp/netlab.lock containerlab destroy --cleanup -t clab-augment.yml
14:50:33 INFO Parsing & checking topology file=clab-augment.yml
14:50:33 INFO Parsing & checking topology file=clab-augment.yml
14:50:33 INFO Destroying lab name=ml-17
14:50:34 INFO Removed container name=clab-ml-17-d2
14:50:35 INFO Removed container name=clab-ml-17-r2
14:50:35 INFO Removed container name=clab-ml-17-r3
14:50:35 INFO Removed container name=clab-ml-17-d3
14:50:35 INFO Removed container name=clab-ml-17-d1
14:50:35 INFO Removed container name=clab-ml-17-r1
14:50:35 INFO Removed container name=clab-ml-17-d4
14:50:35 INFO Removed container name=clab-ml-17-r4
14:50:35 INFO Removing host entries path=/etc/hosts
14:50:35 INFO Removing SSH config path=/etc/ssh/ssh_config.d/clab-ml-17.conf

Stopping libvirt nodes
provider libvirt: executing flock -E 42 /tmp/netlab.lock vagrant destroy -f
[fog][WARNING] Unrecognized arguments: libvirt_ip_command
[fog][WARNING] Unrecognized arguments: libvirt_ip_command
[fog][WARNING] Unrecognized arguments: libvirt_ip_command
[fog][WARNING] Unrecognized arguments: libvirt_ip_command
==> s4: Removing domain...
==> s4: Deleting the machine folder
==> s3: Removing domain...
==> s3: Deleting the machine folder
==> s2: Removing domain...
==> s2: Deleting the machine folder
==> dut: Removing domain...
==> dut: Deleting the machine folder
Cleanup configuration files
... removing Vagrantfile
... removing clab-augment.yml
... removing ansible.cfg
... removing hosts.yml
... removing directory tree group_vars
... removing directory tree host_vars
... removing directory tree node_files
... removing netlab.snapshot.pickle
