Using transformed lab topology from snapshot file netlab.snapshot.pickle
Checking virtualization provider installation
OK: clab installed and working correctly
Starting clab nodes
provider clab: executing flock -E 42 /tmp/netlab.lock sudo -E containerlab deploy --reconfigure -t clab.yml
17:34:03 INFO Containerlab started version=0.75.0
17:34:03 INFO Parsing & checking topology file=clab.yml
17:34:03 INFO Removing directory path=/work/netlab_cicd/junos/clab-ml-31
17:34:03 INFO Creating docker network name=nl_mgmt_31 IPv4 subnet=192.168.31.0/24 IPv6 subnet="" MTU=0
17:34:03 INFO Creating lab directory path=/work/netlab_cicd/junos/clab-ml-31
17:34:03 INFO Creating container name=hb1
17:34:03 INFO Creating container name=hr2
17:34:03 INFO Creating container name=s2
17:34:03 INFO Creating container name=hb2
17:34:03 INFO Creating container name=hr1
17:34:03 INFO Creating container name=dut
17:34:04 INFO Created link: dut:eth1 ▪┄┄▪ s2:eth1
17:34:04 INFO Created link: hr1:eth1 ▪┄┄▪ dut:eth2
17:34:04 INFO Created link: hr2:eth1 ▪┄┄▪ s2:eth2
17:34:04 INFO Created link: hb1:eth1 ▪┄┄▪ dut:eth3
17:34:04 INFO Created link: hb2:eth1 ▪┄┄▪ s2:eth3
17:34:05 INFO Executed command node=s2 command="sleep 1" stdout=""
17:34:05 INFO Adding host entries path=/etc/hosts
17:34:05 INFO Adding SSH config for nodes path=/etc/ssh/ssh_config.d/clab-ml-31.conf
[1m╭[0m[1m────────────────[0m[1m┬[0m[1m────────────────────────────────────────────[0m[1m┬[0m[1m────────────────────[0m[1m┬[0m[1m────────────────[0m[1m╮[0m
[1m│[0m[1m      Name      [0m[1m│[0m[1m                 Kind/Image                 [0m[1m│[0m[1m        State       [0m[1m│[0m[1m IPv4/6 Address [0m[1m│[0m
[1m├[0m[1m────────────────[0m[1m┼[0m[1m────────────────────────────────────────────[0m[1m┼[0m[1m────────────────────[0m[1m┼[0m[1m────────────────[0m[1m┤[0m
│ clab-ml-31-dut │ juniper_vjunosswitch                       │ running            │ 192.168.31.105 │
│                │ vrnetlab/juniper_vjunos-switch:23.4R2-S2.1 │ (health: starting) │ N/A            │
├────────────────┼────────────────────────────────────────────┼────────────────────┼────────────────┤
│ clab-ml-31-hb1 │ linux                                      │ running            │ 192.168.31.103 │
│                │ python:3.13-alpine                         │                    │ N/A            │
├────────────────┼────────────────────────────────────────────┼────────────────────┼────────────────┤
│ clab-ml-31-hb2 │ linux                                      │ running            │ 192.168.31.104 │
│                │ python:3.13-alpine                         │                    │ N/A            │
├────────────────┼────────────────────────────────────────────┼────────────────────┼────────────────┤
│ clab-ml-31-hr1 │ linux                                      │ running            │ 192.168.31.101 │
│                │ python:3.13-alpine                         │                    │ N/A            │
├────────────────┼────────────────────────────────────────────┼────────────────────┼────────────────┤
│ clab-ml-31-hr2 │ linux                                      │ running            │ 192.168.31.102 │
│                │ python:3.13-alpine                         │                    │ N/A            │
├────────────────┼────────────────────────────────────────────┼────────────────────┼────────────────┤
│ clab-ml-31-s2  │ linux                                      │ running            │ 192.168.31.106 │
│                │ quay.io/frrouting/frr:10.6.1               │                    │ N/A            │
╰────────────────┴────────────────────────────────────────────┴────────────────────┴────────────────╯

Initial configuration skipped, run 'netlab initial' to configure the devices
