Using transformed lab topology from snapshot file netlab.snapshot.pickle
Checking virtualization provider installation
OK: clab installed and working correctly
Starting clab nodes
provider clab: executing flock -E 42 /tmp/netlab.lock sudo -E containerlab deploy --reconfigure -t clab.yml
05:37:36 INFO Containerlab started version=0.75.0
05:37:36 INFO Parsing & checking topology file=clab.yml
05:37:36 INFO Removing directory path=/work/netlab_cicd/clab-ml-17
05:37:36 INFO Creating docker network name=nl_mgmt_17 IPv4 subnet=192.168.17.0/24 IPv6 subnet="" MTU=0
05:37:36 INFO Creating lab directory path=/work/netlab_cicd/clab-ml-17
05:37:36 INFO Creating container name=r3
05:37:36 INFO Creating container name=core
05:37:36 INFO Creating container name=r2
05:37:36 INFO Creating container name=dut
05:37:36 INFO Created link: r2:eth1 ▪┄┄▪ core:eth2
05:37:37 INFO Created link: dut:eth1 (Ethernet0/1) ▪┄┄▪ core:eth1
05:37:37 INFO Created link: r3:eth1 ▪┄┄▪ core:eth4
05:37:37 INFO Created link: dut:eth2 (Ethernet0/2) ▪┄┄▪ core:eth3
05:37:37 INFO Running postdeploy actions for Cisco IOL 'dut' node
05:37:38 INFO Executed command node=r3 command="sleep 1" stdout=""
05:37:38 INFO Executed command node=r2 command="sleep 1" stdout=""
05:37:38 INFO Executed command node=core command="sleep 1" stdout=""
05:37:38 INFO Adding host entries path=/etc/hosts
05:37:38 INFO Adding SSH config for nodes path=/etc/ssh/ssh_config.d/clab-ml-17.conf
05:37:38 INFO containerlab version
  🎉=
  │ A newer containerlab version (0.77.0) is available!
  │ Release notes: https://containerlab.dev/rn/0.77/
  │ Run 'clab version upgrade' or see https://containerlab.dev/install/ for other installation options.
[1m╭[0m[1m─────────────────[0m[1m┬[0m[1m──────────────────────────────[0m[1m┬[0m[1m─────────[0m[1m┬[0m[1m────────────────[0m[1m╮[0m
[1m│[0m[1m       Name      [0m[1m│[0m[1m          Kind/Image          [0m[1m│[0m[1m  State  [0m[1m│[0m[1m IPv4/6 Address [0m[1m│[0m
[1m├[0m[1m─────────────────[0m[1m┼[0m[1m──────────────────────────────[0m[1m┼[0m[1m─────────[0m[1m┼[0m[1m────────────────[0m[1m┤[0m
│ clab-ml-17-core │ linux                        │ running │ 192.168.17.104 │
│                 │ quay.io/frrouting/frr:10.6.1 │         │ N/A            │
├─────────────────┼──────────────────────────────┼─────────┼────────────────┤
│ clab-ml-17-dut  │ cisco_iol                    │ running │ 192.168.17.101 │
│                 │ vrnetlab/cisco_iol:17.18.02  │         │ N/A            │
├─────────────────┼──────────────────────────────┼─────────┼────────────────┤
│ clab-ml-17-r2   │ linux                        │ running │ 192.168.17.102 │
│                 │ quay.io/frrouting/frr:10.6.1 │         │ N/A            │
├─────────────────┼──────────────────────────────┼─────────┼────────────────┤
│ clab-ml-17-r3   │ linux                        │ running │ 192.168.17.103 │
│                 │ quay.io/frrouting/frr:10.6.1 │         │ N/A            │
╰─────────────────┴──────────────────────────────┴─────────┴────────────────╯

Initial configuration skipped, run 'netlab initial' to configure the devices
