Using transformed lab topology from snapshot file netlab.snapshot.pickle
Checking virtualization provider installation
OK: clab installed and working correctly
Starting clab nodes
provider clab: executing sudo -E containerlab deploy --reconfigure -t clab.yml
07:47:49 INFO Containerlab started version=0.74.2
07:47:49 INFO Parsing & checking topology file=clab.yml
07:47:49 INFO Removing directory path=/work/netlab_cicd/clab-ml-17
07:47:49 INFO Creating docker network name=nl_mgmt_17 IPv4 subnet=192.168.17.0/24 IPv6 subnet="" MTU=0
07:47:49 INFO Creating lab directory path=/work/netlab_cicd/clab-ml-17
07:47:49 INFO Creating container name=h1
07:47:49 INFO Creating container name=dut
07:47:49 INFO Creating container name=h2
07:47:49 INFO Creating container name=s1
07:47:50 INFO Creating container name=s2
07:47:50 INFO Created link: dut:eth1 ▪┄┄▪ s1:et2
07:47:50 INFO Created link: s1:et3 ▪┄┄▪ h1:eth1
07:47:50 INFO Running postdeploy actions for Arista cEOS 's1' node
07:47:50 INFO Created link: s1:et1 ▪┄┄▪ s2:et1
07:47:50 INFO Created link: dut:eth2 ▪┄┄▪ s2:et2
07:47:50 INFO Created link: s2:et3 ▪┄┄▪ h2:eth1
07:47:50 INFO Running postdeploy actions for Arista cEOS 's2' node
07:48:10 INFO Executed command node=dut command="sleep 1" stdout=""
07:48:10 INFO Adding host entries path=/etc/hosts
07:48:10 INFO Adding SSH config for nodes path=/etc/ssh/ssh_config.d/clab-ml-17.conf
07:48:10 INFO containerlab version
  🎉=
  │ A newer containerlab version (0.74.3) is available!
  │ Release notes: https://containerlab.dev/rn/0.74/#0743
  │ Run 'clab version upgrade' or see https://containerlab.dev/install/ for other installation options.
[1m╭[0m[1m────────────────[0m[1m┬[0m[1m──────────────────────────────[0m[1m┬[0m[1m─────────[0m[1m┬[0m[1m────────────────[0m[1m╮[0m
[1m│[0m[1m      Name      [0m[1m│[0m[1m          Kind/Image          [0m[1m│[0m[1m  State  [0m[1m│[0m[1m IPv4/6 Address [0m[1m│[0m
[1m├[0m[1m────────────────[0m[1m┼[0m[1m──────────────────────────────[0m[1m┼[0m[1m─────────[0m[1m┼[0m[1m────────────────[0m[1m┤[0m
│ clab-ml-17-dut │ linux                        │ running │ 192.168.17.101 │
│                │ quay.io/frrouting/frr:10.6.0 │         │ N/A            │
├────────────────┼──────────────────────────────┼─────────┼────────────────┤
│ clab-ml-17-h1  │ linux                        │ running │ 192.168.17.104 │
│                │ python:3.13-alpine           │         │ N/A            │
├────────────────┼──────────────────────────────┼─────────┼────────────────┤
│ clab-ml-17-h2  │ linux                        │ running │ 192.168.17.105 │
│                │ python:3.13-alpine           │         │ N/A            │
├────────────────┼──────────────────────────────┼─────────┼────────────────┤
│ clab-ml-17-s1  │ ceos                         │ running │ 192.168.17.102 │
│                │ ceos:4.35.2F                 │         │ N/A            │
├────────────────┼──────────────────────────────┼─────────┼────────────────┤
│ clab-ml-17-s2  │ ceos                         │ running │ 192.168.17.103 │
│                │ ceos:4.35.2F                 │         │ N/A            │
╰────────────────┴──────────────────────────────┴─────────┴────────────────╯

Initial configuration skipped, run 'netlab initial' to configure the devices
