Using transformed lab topology from snapshot file netlab.snapshot.pickle
Checking virtualization provider installation
OK: clab installed and working correctly
Starting clab nodes
 [INFO] Setting containerlab runtime to docker
provider clab: executing flock -E 42 /tmp/netlab.lock containerlab deploy --reconfigure -t clab.yml
17:16:58 INFO Containerlab started version=0.79.0
17:16:58 INFO Parsing & checking topology file=clab.yml
17:16:58 INFO Removing directory path=/work/netlab_cicd/clab-ml-17
17:16:58 INFO Creating docker network name=nl_mgmt_17 IPv4 subnet=192.168.17.0/24 IPv6 subnet=fd00:df:1ab:17::/64 MTU=0
17:16:58 INFO Creating lab directory path=/work/netlab_cicd/clab-ml-17
17:16:58 INFO Creating container name=h1
17:16:58 INFO Creating container name=l1
17:16:58 INFO Creating container name=h2
17:16:58 INFO Creating container name=h3
17:16:58 INFO Creating container name=l3
17:16:58 INFO Creating container name=l2
17:16:58 INFO Creating container name=dut
17:16:59 INFO Created link: dut:eth1 ▪┄┄▪ l1:eth1
17:16:59 INFO Created link: l2:eth2 ▪┄┄▪ h2:eth1
17:16:59 INFO Created link: l1:eth2 ▪┄┄▪ h1:eth1
17:16:59 INFO Created link: dut:eth2 ▪┄┄▪ l2:eth1
17:17:00 INFO Created link: dut:eth3 ▪┄┄▪ l3:eth1
17:17:00 INFO Created link: l3:eth2 ▪┄┄▪ h3:eth1
17:17:01 INFO Executed command node=l1 command="sleep 1" stdout=""
17:17:01 INFO Executed command node=l3 command="sleep 1" stdout=""
17:17:01 INFO Executed command node=l2 command="sleep 1" stdout=""
17:17:01 INFO Executed command node=dut command="sleep 1" stdout=""
17:17:01 INFO Adding host entries path=/etc/hosts
17:17:01 INFO Adding SSH config for nodes path=/etc/ssh/ssh_config.d/clab-ml-17.conf
[1m╭[0m[1m────────────────[0m[1m┬[0m[1m──────────────────────────────[0m[1m┬[0m[1m─────────[0m[1m┬[0m[1m───────────────────[0m[1m╮[0m
[1m│[0m[1m      Name      [0m[1m│[0m[1m          Kind/Image          [0m[1m│[0m[1m  State  [0m[1m│[0m[1m   IPv4/6 Address  [0m[1m│[0m
[1m├[0m[1m────────────────[0m[1m┼[0m[1m──────────────────────────────[0m[1m┼[0m[1m─────────[0m[1m┼[0m[1m───────────────────[0m[1m┤[0m
│ clab-ml-17-dut │ linux                        │ running │ 192.168.17.101    │
│                │ quay.io/frrouting/frr:10.7.1 │         │ fd00:df:1ab:17::3 │
├────────────────┼──────────────────────────────┼─────────┼───────────────────┤
│ clab-ml-17-h1  │ linux                        │ running │ 192.168.17.105    │
│                │ python:3.13-alpine           │         │ fd00:df:1ab:17::7 │
├────────────────┼──────────────────────────────┼─────────┼───────────────────┤
│ clab-ml-17-h2  │ linux                        │ running │ 192.168.17.106    │
│                │ python:3.13-alpine           │         │ fd00:df:1ab:17::4 │
├────────────────┼──────────────────────────────┼─────────┼───────────────────┤
│ clab-ml-17-h3  │ linux                        │ running │ 192.168.17.107    │
│                │ python:3.13-alpine           │         │ fd00:df:1ab:17::8 │
├────────────────┼──────────────────────────────┼─────────┼───────────────────┤
│ clab-ml-17-l1  │ linux                        │ running │ 192.168.17.102    │
│                │ quay.io/frrouting/frr:10.7.1 │         │ fd00:df:1ab:17::5 │
├────────────────┼──────────────────────────────┼─────────┼───────────────────┤
│ clab-ml-17-l2  │ linux                        │ running │ 192.168.17.103    │
│                │ quay.io/frrouting/frr:10.7.1 │         │ fd00:df:1ab:17::6 │
├────────────────┼──────────────────────────────┼─────────┼───────────────────┤
│ clab-ml-17-l3  │ linux                        │ running │ 192.168.17.104    │
│                │ quay.io/frrouting/frr:10.7.1 │         │ fd00:df:1ab:17::2 │
╰────────────────┴──────────────────────────────┴─────────┴───────────────────╯

Initial configuration skipped, run 'netlab initial' to configure the devices
