Using transformed lab topology from snapshot file netlab.snapshot.pickle
Checking virtualization provider installation
OK: clab installed and working correctly
Starting clab nodes
provider clab: executing sudo -E containerlab deploy --reconfigure -t clab.yml
13:20:31 INFO Containerlab started version=0.74.2
13:20:31 INFO Parsing & checking topology file=clab.yml
13:20:31 INFO Removing directory path=/work/netlab_cicd/other_c/clab-ml-85
13:20:31 INFO Creating docker network name=nl_mgmt_85 IPv4 subnet=192.168.85.0/24 IPv6 subnet="" MTU=0
13:20:31 INFO Creating lab directory path=/work/netlab_cicd/other_c/clab-ml-85
13:20:31 INFO Creating container name=spine
13:20:31 INFO Creating container name=h2
13:20:31 INFO Creating container name=h1
13:20:31 INFO Creating container name=l1
13:20:31 INFO Creating container name=l2
13:20:31 INFO Created link: l1:eth1 ▪┄┄▪ spine:eth1
13:20:31 INFO Created link: h1:eth1 ▪┄┄▪ l1:eth2
13:20:32 INFO Created link: l2:eth1 ▪┄┄▪ spine:eth2
13:20:32 INFO Created link: h2:eth1 ▪┄┄▪ l2:eth2
13:20:33 INFO Executed command node=spine command="sleep 1" stdout=""
13:20:33 INFO Executed command node=l1 command="sleep 1" stdout=""
13:20:33 INFO Executed command node=l2 command="sleep 1" stdout=""
13:20:33 INFO Adding host entries path=/etc/hosts
13:20:33 INFO Adding SSH config for nodes path=/etc/ssh/ssh_config.d/clab-ml-85.conf
13:20:33 INFO containerlab version
  🎉=
  │ A newer containerlab version (0.74.3) is available!
  │ Release notes: https://containerlab.dev/rn/0.74/#0743
  │ Run 'clab version upgrade' or see https://containerlab.dev/install/ for other installation options.
[1m╭[0m[1m──────────────────[0m[1m┬[0m[1m──────────────────────────────[0m[1m┬[0m[1m─────────[0m[1m┬[0m[1m────────────────[0m[1m╮[0m
[1m│[0m[1m       Name       [0m[1m│[0m[1m          Kind/Image          [0m[1m│[0m[1m  State  [0m[1m│[0m[1m IPv4/6 Address [0m[1m│[0m
[1m├[0m[1m──────────────────[0m[1m┼[0m[1m──────────────────────────────[0m[1m┼[0m[1m─────────[0m[1m┼[0m[1m────────────────[0m[1m┤[0m
│ clab-ml-85-h1    │ linux                        │ running │ 192.168.85.101 │
│                  │ python:3.13-alpine           │         │ N/A            │
├──────────────────┼──────────────────────────────┼─────────┼────────────────┤
│ clab-ml-85-h2    │ linux                        │ running │ 192.168.85.102 │
│                  │ python:3.13-alpine           │         │ N/A            │
├──────────────────┼──────────────────────────────┼─────────┼────────────────┤
│ clab-ml-85-l1    │ linux                        │ running │ 192.168.85.103 │
│                  │ quay.io/frrouting/frr:10.6.0 │         │ N/A            │
├──────────────────┼──────────────────────────────┼─────────┼────────────────┤
│ clab-ml-85-l2    │ linux                        │ running │ 192.168.85.104 │
│                  │ quay.io/frrouting/frr:10.6.0 │         │ N/A            │
├──────────────────┼──────────────────────────────┼─────────┼────────────────┤
│ clab-ml-85-spine │ linux                        │ running │ 192.168.85.105 │
│                  │ quay.io/frrouting/frr:10.6.0 │         │ N/A            │
╰──────────────────┴──────────────────────────────┴─────────┴────────────────╯

Initial configuration skipped, run 'netlab initial' to configure the devices
