Using transformed lab topology from snapshot file netlab.snapshot.pickle
Checking virtualization provider installation
OK: clab installed and working correctly
Starting clab nodes
provider clab: executing flock -E 42 /tmp/netlab.lock sudo -E containerlab deploy --reconfigure -t clab.yml
18:50:49 INFO Containerlab started version=0.75.0
18:50:49 INFO Parsing & checking topology file=clab.yml
18:50:49 INFO Removing directory path=/work/netlab_cicd/clab-ml-17
18:50:49 INFO Creating docker network name=nl_mgmt_17 IPv4 subnet=192.168.17.0/24 IPv6 subnet="" MTU=0
18:50:49 INFO Creating lab directory path=/work/netlab_cicd/clab-ml-17
18:50:49 INFO Creating container name=l2
18:50:49 INFO Creating container name=spine
18:50:49 INFO Creating container name=h2
18:50:49 INFO Creating container name=l1
18:50:49 INFO Creating container name=h1
18:50:50 INFO Created link: l1:eth2 ▪┄┄▪ h1:eth1
18:50:50 INFO Created link: spine:eth1 ▪┄┄▪ l1:eth1
18:50:50 INFO Created link: spine:eth2 ▪┄┄▪ l2:eth1
18:50:50 INFO Created link: l2:eth2 ▪┄┄▪ h2:eth1
18:50:51 INFO Executed command node=l2 command="sleep 1" stdout=""
18:50:51 INFO Executed command node=l1 command="sleep 1" stdout=""
18:50:51 INFO Executed command node=spine command="sleep 1" stdout=""
18:50:51 INFO Adding host entries path=/etc/hosts
18:50:51 INFO Adding SSH config for nodes path=/etc/ssh/ssh_config.d/clab-ml-17.conf
18:50:54 INFO Failed fetching latest version information
[1m╭[0m[1m──────────────────[0m[1m┬[0m[1m──────────────────────────────[0m[1m┬[0m[1m─────────[0m[1m┬[0m[1m────────────────[0m[1m╮[0m
[1m│[0m[1m       Name       [0m[1m│[0m[1m          Kind/Image          [0m[1m│[0m[1m  State  [0m[1m│[0m[1m IPv4/6 Address [0m[1m│[0m
[1m├[0m[1m──────────────────[0m[1m┼[0m[1m──────────────────────────────[0m[1m┼[0m[1m─────────[0m[1m┼[0m[1m────────────────[0m[1m┤[0m
│ clab-ml-17-h1    │ linux                        │ running │ 192.168.17.104 │
│                  │ python:3.13-alpine           │         │ N/A            │
├──────────────────┼──────────────────────────────┼─────────┼────────────────┤
│ clab-ml-17-h2    │ linux                        │ running │ 192.168.17.105 │
│                  │ python:3.13-alpine           │         │ N/A            │
├──────────────────┼──────────────────────────────┼─────────┼────────────────┤
│ clab-ml-17-l1    │ linux                        │ running │ 192.168.17.102 │
│                  │ quay.io/frrouting/frr:10.6.1 │         │ N/A            │
├──────────────────┼──────────────────────────────┼─────────┼────────────────┤
│ clab-ml-17-l2    │ linux                        │ running │ 192.168.17.103 │
│                  │ quay.io/frrouting/frr:10.6.1 │         │ N/A            │
├──────────────────┼──────────────────────────────┼─────────┼────────────────┤
│ clab-ml-17-spine │ linux                        │ running │ 192.168.17.101 │
│                  │ quay.io/frrouting/frr:10.6.1 │         │ N/A            │
╰──────────────────┴──────────────────────────────┴─────────┴────────────────╯

Initial configuration skipped, run 'netlab initial' to configure the devices
