Creating Device configuration snippets
[CREATED] dut_s1: initial,vlan,ospf,bgp,vrf,vxlan,evpn
[CREATED] dut_s2: initial,vlan,ospf,bgp,vrf,vxlan,evpn
[CREATED] h1: initial,routing
[CREATED] h2: initial,routing
[CREATED] h3: initial,routing
[CREATED] h4: initial,routing
Config Deploying device configurations
 [INFO] Executing initial configuration for node dut_s1
 [INFO] Executing initial configuration for node dut_s2
 [INFO] Executing initial configuration for node h1 (namespace clab-
          ml-17-h1)
 [INFO] Executing initial configuration for node h2 (namespace clab-
          ml-17-h2)
 [INFO] Executing initial configuration for node h3 (namespace clab-
          ml-17-h3)
 [INFO] Executing initial configuration for node h4 (namespace clab-
          ml-17-h4)
 [INFO] Executing routing configuration for node h3 (namespace clab-
          ml-17-h3)
 [INFO] Executing routing configuration for node h1 (namespace clab-
          ml-17-h1)
 [INFO] Executing routing configuration for node h2 (namespace clab-
          ml-17-h2)
 [INFO] Executing routing configuration for node h4 (namespace clab-
          ml-17-h4)
 [INFO] Executing vlan configuration for node dut_s1
 [INFO] Executing vlan configuration for node dut_s2
 [INFO] Executing ospf configuration for node dut_s2
 [INFO] Executing ospf configuration for node dut_s1
 [INFO] Executing bgp configuration for node dut_s1
 [INFO] Executing bgp configuration for node dut_s2
 [INFO] Executing vrf configuration for node dut_s2
 [INFO] Executing vrf configuration for node dut_s1
 [INFO] Executing vxlan configuration for node dut_s2
 [INFO] Executing vxlan configuration for node dut_s1
 [INFO] Executing evpn configuration for node dut_s2
 [INFO] Executing evpn configuration for node dut_s1

Results of configuration script deployments
================================================================================
dut_s1           Script:  initial,vlan,ospf,bgp,vrf,vxlan,evpn
dut_s2           Script:  initial,vlan,ospf,bgp,vrf,vxlan,evpn
h1               Script:  initial,routing
h2               Script:  initial,routing
h3               Script:  initial,routing
h4               Script:  initial,routing


The devices under test are VLAN-to-VXLAN routers using asymmetric IRB with
EVPN control plane and running OSPF within the VRF (across VXLAN segments) to
exchange information about non-EVPN subnets.

All hosts should be able to ping each other

