Using transformed lab topology from snapshot file netlab.snapshot.pickle
Checking virtualization provider installation
OK: clab installed and working correctly
Starting clab nodes
 [INFO] Setting containerlab runtime to docker
provider clab: executing flock -E 42 /tmp/netlab.lock containerlab deploy --reconfigure -t clab.yml
17:20:03 INFO Containerlab started version=0.79.0
17:20:03 INFO Parsing & checking topology file=clab.yml
17:20:03 INFO Removing directory path=/work/netlab_cicd/clab-ml-17
17:20:03 INFO Creating docker network name=nl_mgmt_17 IPv4 subnet=192.168.17.0/24 IPv6 subnet=fd00:df:1ab:17::/64 MTU=0
17:20:03 WARN Node name will not resolve via DNS name=clab-ml-17-dut_s1 reason="name contains invalid characters such as '.' and/or '_'"
17:20:03 WARN Node name will not resolve via DNS name=clab-ml-17-dut_s2 reason="name contains invalid characters such as '.' and/or '_'"
17:20:03 INFO Creating lab directory path=/work/netlab_cicd/clab-ml-17
17:20:03 INFO Creating container name=h1
17:20:03 INFO Creating container name=dut_s1
17:20:03 INFO Creating container name=dut_s2
17:20:03 INFO Creating container name=h3
17:20:03 INFO Creating container name=h2
17:20:03 INFO Creating container name=h4
17:20:03 INFO Creating container name=probe
17:20:04 INFO Created link: h1:eth1 ▪┄┄▪ dut_s1:eth3
17:20:04 INFO Created link: dut_s1:eth1 ▪┄┄▪ dut_s2:eth1
17:20:05 INFO Created link: h3:eth1 ▪┄┄▪ dut_s1:eth4
17:20:05 INFO Created link: h2:eth1 ▪┄┄▪ dut_s2:eth3
17:20:05 INFO Created link: h4:eth1 ▪┄┄▪ dut_s2:eth4
17:20:05 INFO Created link: dut_s1:eth2 ▪┄┄▪ probe:et1
17:20:05 INFO Created link: dut_s2:eth2 ▪┄┄▪ probe:et2
17:20:05 INFO Running postdeploy actions for Arista cEOS 'probe' node
17:20:19 INFO Executed command node=dut_s1 command="sleep 1" stdout=""
17:20:19 INFO Executed command node=dut_s2 command="sleep 1" stdout=""
17:20:19 INFO Adding host entries path=/etc/hosts
17:20:19 INFO Adding SSH config for nodes path=/etc/ssh/ssh_config.d/clab-ml-17.conf
[1m╭[0m[1m───────────────────[0m[1m┬[0m[1m──────────────────────────────[0m[1m┬[0m[1m─────────[0m[1m┬[0m[1m───────────────────[0m[1m╮[0m
[1m│[0m[1m        Name       [0m[1m│[0m[1m          Kind/Image          [0m[1m│[0m[1m  State  [0m[1m│[0m[1m   IPv4/6 Address  [0m[1m│[0m
[1m├[0m[1m───────────────────[0m[1m┼[0m[1m──────────────────────────────[0m[1m┼[0m[1m─────────[0m[1m┼[0m[1m───────────────────[0m[1m┤[0m
│ clab-ml-17-dut_s1 │ linux                        │ running │ 192.168.17.105    │
│                   │ quay.io/frrouting/frr:10.7.1 │         │ fd00:df:1ab:17::3 │
├───────────────────┼──────────────────────────────┼─────────┼───────────────────┤
│ clab-ml-17-dut_s2 │ linux                        │ running │ 192.168.17.106    │
│                   │ quay.io/frrouting/frr:10.7.1 │         │ fd00:df:1ab:17::4 │
├───────────────────┼──────────────────────────────┼─────────┼───────────────────┤
│ clab-ml-17-h1     │ linux                        │ running │ 192.168.17.101    │
│                   │ python:3.13-alpine           │         │ fd00:df:1ab:17::5 │
├───────────────────┼──────────────────────────────┼─────────┼───────────────────┤
│ clab-ml-17-h2     │ linux                        │ running │ 192.168.17.102    │
│                   │ python:3.13-alpine           │         │ fd00:df:1ab:17::2 │
├───────────────────┼──────────────────────────────┼─────────┼───────────────────┤
│ clab-ml-17-h3     │ linux                        │ running │ 192.168.17.103    │
│                   │ python:3.13-alpine           │         │ fd00:df:1ab:17::6 │
├───────────────────┼──────────────────────────────┼─────────┼───────────────────┤
│ clab-ml-17-h4     │ linux                        │ running │ 192.168.17.104    │
│                   │ python:3.13-alpine           │         │ fd00:df:1ab:17::7 │
├───────────────────┼──────────────────────────────┼─────────┼───────────────────┤
│ clab-ml-17-probe  │ ceos                         │ running │ 192.168.17.107    │
│                   │ ceos:4.35.2F                 │         │ fd00:df:1ab:17::8 │
╰───────────────────┴──────────────────────────────┴─────────┴───────────────────╯

Initial configuration skipped, run 'netlab initial' to configure the devices
