Using transformed lab topology from snapshot file netlab.snapshot.pickle
Checking virtualization provider installation
OK: clab installed and working correctly
Starting clab nodes
 [INFO] Setting containerlab runtime to docker
provider clab: executing flock -E 42 /tmp/netlab.lock containerlab deploy --reconfigure -t clab.yml
16:52:20 INFO Containerlab started version=0.79.0
16:52:20 INFO Parsing & checking topology file=clab.yml
16:52:20 INFO Removing directory path=/work/netlab_cicd/clab-ml-17
16:52:20 INFO Creating docker network name=nl_mgmt_17 IPv4 subnet=192.168.17.0/24 IPv6 subnet=fd00:df:1ab:17::/64 MTU=0
16:52:20 INFO Creating lab directory path=/work/netlab_cicd/clab-ml-17
16:52:20 INFO Creating container name=r3
16:52:20 INFO Creating container name=r4
16:52:20 INFO Creating container name=r2
16:52:20 INFO Creating container name=r1
16:52:21 INFO Creating container name=dut
16:52:21 INFO Created link: r1:eth1 ▪┄┄▪ dut:et1
16:52:22 INFO Created link: r2:eth1 ▪┄┄▪ dut:et2
16:52:22 INFO Created link: r3:eth1 ▪┄┄▪ dut:et3
16:52:22 INFO Created link: r4:eth1 ▪┄┄▪ dut:et4
16:52:22 INFO Running postdeploy actions for Arista cEOS 'dut' node
16:52:40 INFO Executed command node=r4 command="sleep 1" stdout=""
16:52:40 INFO Executed command node=r1 command="sleep 1" stdout=""
16:52:40 INFO Executed command node=r3 command="sleep 1" stdout=""
16:52:40 INFO Executed command node=r2 command="sleep 1" stdout=""
16:52:40 INFO Adding host entries path=/etc/hosts
16:52:40 INFO Adding SSH config for nodes path=/etc/ssh/ssh_config.d/clab-ml-17.conf
[1m╭[0m[1m────────────────[0m[1m┬[0m[1m──────────────────────────────[0m[1m┬[0m[1m─────────[0m[1m┬[0m[1m───────────────────[0m[1m╮[0m
[1m│[0m[1m      Name      [0m[1m│[0m[1m          Kind/Image          [0m[1m│[0m[1m  State  [0m[1m│[0m[1m   IPv4/6 Address  [0m[1m│[0m
[1m├[0m[1m────────────────[0m[1m┼[0m[1m──────────────────────────────[0m[1m┼[0m[1m─────────[0m[1m┼[0m[1m───────────────────[0m[1m┤[0m
│ clab-ml-17-dut │ ceos                         │ running │ 192.168.17.101    │
│                │ ceos:4.35.2F                 │         │ fd00:df:1ab:17::6 │
├────────────────┼──────────────────────────────┼─────────┼───────────────────┤
│ clab-ml-17-r1  │ linux                        │ running │ 192.168.17.111    │
│                │ quay.io/frrouting/frr:10.7.1 │         │ fd00:df:1ab:17::2 │
├────────────────┼──────────────────────────────┼─────────┼───────────────────┤
│ clab-ml-17-r2  │ linux                        │ running │ 192.168.17.112    │
│                │ quay.io/frrouting/frr:10.7.1 │         │ fd00:df:1ab:17::4 │
├────────────────┼──────────────────────────────┼─────────┼───────────────────┤
│ clab-ml-17-r3  │ linux                        │ running │ 192.168.17.123    │
│                │ quay.io/frrouting/frr:10.7.1 │         │ fd00:df:1ab:17::5 │
├────────────────┼──────────────────────────────┼─────────┼───────────────────┤
│ clab-ml-17-r4  │ linux                        │ running │ 192.168.17.124    │
│                │ quay.io/frrouting/frr:10.7.1 │         │ fd00:df:1ab:17::3 │
╰────────────────┴──────────────────────────────┴─────────┴───────────────────╯

Initial configuration skipped, run 'netlab initial' to configure the devices
