Creating Device configuration snippets
[CREATED] dut: normalize,initial,bgp,vrf
[CREATED] x1: initial,routing,bgp,_n_x1
[CREATED] x2: initial,bgp
Checking Are lab devices ready to be configured?
 [INFO] Checking SSH server(s) on dut
Config Deploying device configurations
 [INFO] Executing normalize configuration for node dut
 [INFO] Executing initial configuration for node x1
 [INFO] Executing initial configuration for node x2
 [INFO] Executing bgp configuration for node x2
 [INFO] Executing routing configuration for node x1
 [INFO] Executing bgp configuration for node x1
 [INFO] Executing _n_x1 configuration for node x1
 [INFO] Executing initial configuration for node dut
 [INFO] Executing bgp configuration for node dut
 [INFO] Executing vrf configuration for node dut

Results of configuration script deployments
================================================================================
dut              Script:  normalize,initial,bgp,vrf
x1               Script:  initial,routing,bgp,_n_x1
x2               Script:  initial,bgp


Use this topology to test in-VRF BGP community propagation. The device under
should propagate only standard communities to VRF EBGP neighbors.

Three BGP communities are attached to the prefix advertised by x1: a standard
one, an extended one, and a long one (standard communitiy using 4-octet AS)

