Creating Device configuration snippets
[CREATED] dut: normalize,initial,ospf,vrf
[CREATED] r1: initial,ospf
[CREATED] r2: initial,ospf
[CREATED] srv: initial,ospf
Checking Are lab devices ready to be configured?
 [INFO] Checking SSH server(s) on dut
Config Normalizing device configurations
netmiko:  [INFO] Sent normalize configuration to dut
Config Deploying device configurations
 [INFO] Executing initial configuration for node r1
 [INFO] Executing initial configuration for node r2
 [INFO] Executing initial configuration for node srv
 [INFO] Executing ospf configuration for node r1
 [INFO] Executing ospf configuration for node r2
 [INFO] Executing ospf configuration for node srv
netmiko:  [INFO] Sent initial configuration to dut
netmiko:  [INFO] Sent ospf configuration to dut
netmiko:  [INFO] Sent vrf configuration to dut

Results of configuration script deployments
================================================================================
dut              Script:  normalize,initial,ospf,vrf
r1               Script:  initial,ospf
r2               Script:  initial,ospf
srv              Script:  initial,ospf


The device under test has two user VRFs and a common services VRF.
Routers are attached to those interfaces and run OSPF with device under test.

* r1 and r2 should be able to ping srv but not each other

