Using transformed lab topology from snapshot file netlab.snapshot.pickle
Checking virtualization provider installation
OK: clab installed and working correctly
Starting clab nodes
provider clab: executing sudo -E containerlab deploy --reconfigure -t clab.yml
12:50:12 INFO Containerlab started version=0.74.2
12:50:12 INFO Parsing & checking topology file=clab.yml
12:50:12 INFO Removing directory path=/work/netlab_cicd/other_c/clab-ml-85
12:50:12 INFO Creating docker network name=nl_mgmt_85 IPv4 subnet=192.168.85.0/24 IPv6 subnet="" MTU=0
12:50:12 INFO Creating lab directory path=/work/netlab_cicd/other_c/clab-ml-85
12:50:12 INFO Creating container name=c1
12:50:12 INFO Creating container name=pe2
12:50:12 INFO Creating container name=dut
12:50:12 INFO Creating container name=ce1
12:50:12 INFO Created link: dut:eth1 ▪┄┄▪ c1:eth1
12:50:12 INFO Created link: dut:eth2 ▪┄┄▪ ce1:eth1
12:50:13 INFO Created link: c1:eth2 ▪┄┄▪ pe2:eth1
12:50:14 INFO Executed command node=ce1 command="sleep 1" stdout=""
12:50:14 INFO Executed command node=pe2 command="sleep 1" stdout=""
12:50:14 INFO Executed command node=dut command="sleep 1" stdout=""
12:50:14 INFO Executed command node=c1 command="sleep 1" stdout=""
12:50:14 INFO Adding host entries path=/etc/hosts
12:50:14 INFO Adding SSH config for nodes path=/etc/ssh/ssh_config.d/clab-ml-85.conf
12:50:14 INFO containerlab version
  🎉=
  │ A newer containerlab version (0.74.3) is available!
  │ Release notes: https://containerlab.dev/rn/0.74/#0743
  │ Run 'clab version upgrade' or see https://containerlab.dev/install/ for other installation options.
[1m╭[0m[1m────────────────[0m[1m┬[0m[1m──────────────────────────────[0m[1m┬[0m[1m─────────[0m[1m┬[0m[1m────────────────[0m[1m╮[0m
[1m│[0m[1m      Name      [0m[1m│[0m[1m          Kind/Image          [0m[1m│[0m[1m  State  [0m[1m│[0m[1m IPv4/6 Address [0m[1m│[0m
[1m├[0m[1m────────────────[0m[1m┼[0m[1m──────────────────────────────[0m[1m┼[0m[1m─────────[0m[1m┼[0m[1m────────────────[0m[1m┤[0m
│ clab-ml-85-c1  │ linux                        │ running │ 192.168.85.102 │
│                │ quay.io/frrouting/frr:10.6.0 │         │ N/A            │
├────────────────┼──────────────────────────────┼─────────┼────────────────┤
│ clab-ml-85-ce1 │ linux                        │ running │ 192.168.85.104 │
│                │ quay.io/frrouting/frr:10.6.0 │         │ N/A            │
├────────────────┼──────────────────────────────┼─────────┼────────────────┤
│ clab-ml-85-dut │ linux                        │ running │ 192.168.85.101 │
│                │ quay.io/frrouting/frr:10.6.0 │         │ N/A            │
├────────────────┼──────────────────────────────┼─────────┼────────────────┤
│ clab-ml-85-pe2 │ linux                        │ running │ 192.168.85.103 │
│                │ quay.io/frrouting/frr:10.6.0 │         │ N/A            │
╰────────────────┴──────────────────────────────┴─────────┴────────────────╯

Initial configuration skipped, run 'netlab initial' to configure the devices
