Using transformed lab topology from snapshot file netlab.snapshot.pickle
Checking virtualization provider installation
OK: clab installed and working correctly
Starting clab nodes
provider clab: executing sudo -E containerlab deploy --reconfigure -t clab.yml
08:40:33 INFO Containerlab started version=0.74.2
08:40:33 INFO Parsing & checking topology file=clab.yml
08:40:33 INFO Removing directory path=/work/netlab_cicd/other_c/clab-ml-85
08:40:33 INFO Creating docker network name=nl_mgmt_85 IPv4 subnet=192.168.85.0/24 IPv6 subnet="" MTU=0
08:40:34 WARN Node name will not resolve via DNS name=clab-ml-85-t_1300 reason="name contains invalid characters such as '.' and/or '_'"
08:40:34 WARN Node name will not resolve via DNS name=clab-ml-85-t_1400 reason="name contains invalid characters such as '.' and/or '_'"
08:40:34 INFO Creating lab directory path=/work/netlab_cicd/other_c/clab-ml-85
08:40:34 INFO Creating container name=dut
08:40:34 INFO Creating container name=t_1300
08:40:34 INFO Creating container name=t_1400
08:40:34 INFO Creating container name=p1
08:40:35 INFO Created link: dut:eth2 ▪┄┄▪ t_1400:eth1
08:40:35 INFO Created link: dut:eth3 ▪┄┄▪ t_1300:eth1
08:40:35 INFO Created link: dut:eth1 ▪┄┄▪ p1:et1
08:40:35 INFO Running postdeploy actions for Arista cEOS 'p1' node
08:41:04 INFO Adding host entries path=/etc/hosts
08:41:04 INFO Adding SSH config for nodes path=/etc/ssh/ssh_config.d/clab-ml-85.conf
08:41:04 INFO containerlab version
  🎉=
  │ A newer containerlab version (0.74.3) is available!
  │ Release notes: https://containerlab.dev/rn/0.74/#0743
  │ Run 'clab version upgrade' or see https://containerlab.dev/install/ for other installation options.
[1m╭[0m[1m───────────────────[0m[1m┬[0m[1m───────────────────────[0m[1m┬[0m[1m─────────[0m[1m┬[0m[1m────────────────[0m[1m╮[0m
[1m│[0m[1m        Name       [0m[1m│[0m[1m       Kind/Image      [0m[1m│[0m[1m  State  [0m[1m│[0m[1m IPv4/6 Address [0m[1m│[0m
[1m├[0m[1m───────────────────[0m[1m┼[0m[1m───────────────────────[0m[1m┼[0m[1m─────────[0m[1m┼[0m[1m────────────────[0m[1m┤[0m
│ clab-ml-85-dut    │ linux                 │ running │ 192.168.85.101 │
│                   │ netlab/bird.v3:latest │         │ N/A            │
├───────────────────┼───────────────────────┼─────────┼────────────────┤
│ clab-ml-85-p1     │ ceos                  │ running │ 192.168.85.102 │
│                   │ ceos:4.35.2F          │         │ N/A            │
├───────────────────┼───────────────────────┼─────────┼────────────────┤
│ clab-ml-85-t_1300 │ linux                 │ running │ 192.168.85.103 │
│                   │ python:3.13-alpine    │         │ N/A            │
├───────────────────┼───────────────────────┼─────────┼────────────────┤
│ clab-ml-85-t_1400 │ linux                 │ running │ 192.168.85.104 │
│                   │ python:3.13-alpine    │         │ N/A            │
╰───────────────────┴───────────────────────┴─────────┴────────────────╯

Initial configuration skipped, run 'netlab initial' to configure the devices
