Using transformed lab topology from snapshot file netlab.snapshot.pickle
Checking virtualization provider installation
OK: clab installed and working correctly
Starting clab nodes
provider clab: executing flock -E 42 /tmp/netlab.lock sudo -E containerlab deploy --reconfigure -t clab.yml
16:29:57 INFO Containerlab started version=0.75.0
16:29:57 INFO Parsing & checking topology file=clab.yml
16:29:57 INFO Removing directory path=/work/netlab_cicd/clab-ml-17
16:29:57 INFO Creating docker network name=nl_mgmt_17 IPv4 subnet=192.168.17.0/24 IPv6 subnet="" MTU=0
16:29:57 INFO Creating lab directory path=/work/netlab_cicd/clab-ml-17
16:29:57 INFO Creating container name=x1
16:29:57 INFO Creating container name=dut
16:29:57 INFO Created link: dut:eth1 ▪┄┄▪ x1:eth1
16:29:58 INFO Executed command node=x1 command="sleep 1" stdout=""
16:29:58 INFO Adding host entries path=/etc/hosts
16:29:58 INFO Adding SSH config for nodes path=/etc/ssh/ssh_config.d/clab-ml-17.conf
[1m╭[0m[1m────────────────[0m[1m┬[0m[1m──────────────────────────────[0m[1m┬[0m[1m─────────[0m[1m┬[0m[1m────────────────[0m[1m╮[0m
[1m│[0m[1m      Name      [0m[1m│[0m[1m          Kind/Image          [0m[1m│[0m[1m  State  [0m[1m│[0m[1m IPv4/6 Address [0m[1m│[0m
[1m├[0m[1m────────────────[0m[1m┼[0m[1m──────────────────────────────[0m[1m┼[0m[1m─────────[0m[1m┼[0m[1m────────────────[0m[1m┤[0m
│ clab-ml-17-dut │ linux                        │ running │ 192.168.17.101 │
│                │ netlab/bird.v3:latest        │         │ N/A            │
├────────────────┼──────────────────────────────┼─────────┼────────────────┤
│ clab-ml-17-x1  │ linux                        │ running │ 192.168.17.102 │
│                │ quay.io/frrouting/frr:10.6.1 │         │ N/A            │
╰────────────────┴──────────────────────────────┴─────────┴────────────────╯
Deploying initial device configurations
Creating Device configuration snippets
[CREATED] dut: initial,ospf
[CREATED] x1: initial,ospf
Config Deploying device configurations
 [INFO] Executing initial configuration for node dut (namespace clab-
          ml-17-dut)
 [INFO] Executing initial configuration for node x1
 [INFO] Executing ospf configuration for node x1

Results of configuration script deployments
================================================================================
dut              Script:  initial
x1               Script:  initial,ospf


OK: Lab devices configured


This topology tests the "start lab with configuration reload" functionality.
You should:

* Start the lab with "netlab up"
* Save the configuration with "netlab collect -o saved"
* Stop the lab with "netlab down"
* Restart the lab with "netlab up --snapshot --reload-config saved"
* Validate the results with "netlab validate"

[WARNING]: Found variable using reserved name: hosts

PLAY [Collect device configurations] *******************************************

TASK [Set variables that cannot be set with VARS] ******************************
ok: [dut]
ok: [x1]

TASK [Create '/work/netlab_cicd/saved' directory] ******************************
ok: [dut -> localhost]

TASK [Find configuration collection script] ************************************
ok: [dut]
ok: [x1]

TASK [Collect device configurations] *******************************************
skipping: [dut]
included: /home/pipi/net101/tools/netsim/ansible/tasks/fetch-config/frr.yml for x1

TASK [Save FRR running configuration to frr.conf] ******************************
changed: [x1]

TASK [Collect FRR configuration] ***********************************************
changed: [x1]

TASK [set_fact] ****************************************************************
ok: [x1]

TASK [Collect FRR daemons configuration] ***************************************
changed: [x1]

TASK [Save FRR daemons to /work/netlab_cicd/saved/x1-daemons] ******************
changed: [x1 -> localhost]

TASK [Copy collected configuration to '/work/netlab_cicd/saved' directory] *****
skipping: [dut]
changed: [x1 -> localhost]

PLAY RECAP *********************************************************************
dut                        : ok=3    changed=0    unreachable=0    failed=0    skipped=2    rescued=0    ignored=0   
x1                         : ok=9    changed=5    unreachable=0    failed=0    skipped=0    rescued=0    ignored=0   

cwd: /work/netlab_cicd output: saved
Checking virtualization provider installation
OK: clab installed and working correctly
Stopping clab nodes
provider clab: executing flock -E 42 /tmp/netlab.lock sudo -E containerlab destroy --cleanup -t clab.yml
16:30:01 INFO Parsing & checking topology file=clab.yml
16:30:01 INFO Parsing & checking topology file=clab.yml
16:30:01 INFO Destroying lab name=ml-17
16:30:02 INFO Removed container name=clab-ml-17-x1
16:30:02 INFO Removed container name=clab-ml-17-dut
16:30:02 INFO Removing host entries path=/etc/hosts
16:30:02 INFO Removing SSH config path=/etc/ssh/ssh_config.d/clab-ml-17.conf
