Checking virtualization provider installation
OK: libvirt installed and working correctly
OK: clab installed and working correctly
Stopping clab nodes
provider clab: executing flock -E 42 /tmp/netlab.lock sudo -E containerlab destroy --cleanup -t clab-augment.yml
07:07:35 INFO Parsing & checking topology file=clab-augment.yml
07:07:35 INFO Parsing & checking topology file=clab-augment.yml
07:07:35 INFO Destroying lab name=ml-31
07:07:36 INFO Removed container name=clab-ml-31-rb
07:07:36 INFO Removed container name=clab-ml-31-v1
07:07:36 INFO Removed container name=clab-ml-31-r22
07:07:36 INFO Removed container name=clab-ml-31-r21
07:07:36 INFO Removed container name=clab-ml-31-v2
07:07:36 INFO Removed container name=clab-ml-31-r12
07:07:36 INFO Removed container name=clab-ml-31-r11
07:07:36 INFO Removing host entries path=/etc/hosts
07:07:36 INFO Removing SSH config path=/etc/ssh/ssh_config.d/clab-ml-31.conf

Stopping libvirt nodes
provider libvirt: executing flock -E 42 /tmp/netlab.lock vagrant destroy -f
[fog][WARNING] Unrecognized arguments: libvirt_ip_command
==> dut: Removing domain...
==> dut: Deleting the machine folder
Cleanup configuration files
... removing Vagrantfile
... removing clab-augment.yml
... removing ansible.cfg
... removing hosts.yml
... removing directory tree group_vars
... removing directory tree host_vars
... removing directory tree node_files
... removing netlab.snapshot.pickle
