Creating Device configuration snippets
[CREATED] dut: normalize,initial,ripv2
[CREATED] x1: initial,ripv2
[CREATED] x2: initial,ripv2
Checking Are lab devices ready to be configured?
 [INFO] Checking SSH server(s) on dut
Config Deploying device configurations
 [INFO] Executing normalize configuration for node dut
 [INFO] Executing initial configuration for node x1
 [INFO] Executing initial configuration for node x2
 [INFO] Executing ripv2 configuration for node x1
 [INFO] Executing ripv2 configuration for node x2
 [INFO] Executing initial configuration for node dut
 [INFO] Executing ripv2 configuration for node dut

Results of configuration script deployments
================================================================================
dut              Script:  normalize,initial,ripv2
x1               Script:  initial,ripv2
x2               Script:  initial,ripv2


This lab tests the basic RIPv2 deployment. The device under test has two
RIPv2 interfaces and has to exchange RIPv2 routes over both of them.

