Checking virtualization provider installation
OK: clab installed and working correctly
Stopping clab nodes
 [INFO] Setting containerlab runtime to docker
provider clab: executing flock -E 42 /tmp/netlab.lock containerlab destroy --cleanup -t clab.yml
13:11:06 INFO Parsing & checking topology file=clab.yml
13:11:06 INFO Parsing & checking topology file=clab.yml
13:11:06 INFO Destroying lab name=ml-17
13:11:07 INFO Removed container name=clab-ml-17-x2
13:11:07 INFO Removed container name=clab-ml-17-x1
13:11:07 INFO Removed container name=clab-ml-17-v1
13:11:07 INFO Removed container name=clab-ml-17-v2
13:11:09 INFO Removed container name=clab-ml-17-dut
13:11:09 INFO Removing host entries path=/etc/hosts
13:11:09 INFO Removing SSH config path=/etc/ssh/ssh_config.d/clab-ml-17.conf
Cleanup configuration files
... removing clab.yml
... removing ansible.cfg
... removing hosts.yml
... removing directory tree group_vars
... removing directory tree host_vars
... removing directory tree node_files
... removing netlab.snapshot.pickle
