Using transformed lab topology from snapshot file netlab.snapshot.pickle
Checking virtualization provider installation
OK: clab installed and working correctly
Starting clab nodes
provider clab: executing flock -E 42 /tmp/netlab.lock sudo -E containerlab deploy --reconfigure -t clab.yml
00:50:17 INFO Containerlab started version=0.75.0
00:50:17 INFO Parsing & checking topology file=clab.yml
00:50:17 INFO Removing directory path=/work/netlab_cicd/junos/clab-ml-31
00:50:17 INFO Creating docker network name=nl_mgmt_31 IPv4 subnet=192.168.31.0/24 IPv6 subnet="" MTU=0
00:50:17 INFO Creating lab directory path=/work/netlab_cicd/junos/clab-ml-31
00:50:18 INFO Creating container name=x1
00:50:18 INFO Creating container name=dut
00:50:18 INFO Created link: dut:eth1 ▪┄┄▪ x1:eth1
00:50:23 INFO Executed command node=x1 command="sleep 1" stdout=""
00:50:23 INFO Adding host entries path=/etc/hosts
00:50:23 INFO Adding SSH config for nodes path=/etc/ssh/ssh_config.d/clab-ml-31.conf
[1m╭[0m[1m────────────────[0m[1m┬[0m[1m──────────────────────────────[0m[1m┬[0m[1m─────────[0m[1m┬[0m[1m────────────────[0m[1m╮[0m
[1m│[0m[1m      Name      [0m[1m│[0m[1m          Kind/Image          [0m[1m│[0m[1m  State  [0m[1m│[0m[1m IPv4/6 Address [0m[1m│[0m
[1m├[0m[1m────────────────[0m[1m┼[0m[1m──────────────────────────────[0m[1m┼[0m[1m─────────[0m[1m┼[0m[1m────────────────[0m[1m┤[0m
│ clab-ml-31-dut │ juniper_crpd                 │ running │ 192.168.31.101 │
│                │ crpd:25.2R1-S1.4             │         │ N/A            │
├────────────────┼──────────────────────────────┼─────────┼────────────────┤
│ clab-ml-31-x1  │ linux                        │ running │ 192.168.31.102 │
│                │ quay.io/frrouting/frr:10.6.1 │         │ N/A            │
╰────────────────┴──────────────────────────────┴─────────┴────────────────╯

Initial configuration skipped, run 'netlab initial' to configure the devices
Checking Are lab devices ready to be configured?
 [INFO] Checking SSH server(s) on dut
 [INFO] Lab devices are ready to be configured
initial:  [INFO] Lab devices do not need the configuration
          normalization step
[WARNING]: Found variable using reserved name: hosts

PLAY [Reload saved device configurations] **************************************

TASK [Did we get the configuration directory name?] ****************************
skipping: [dut]

TASK [Set variables that cannot be set with VARS] ******************************
ok: [dut]

TASK [Remember the original deployment path(s)] ********************************
ok: [dut]

TASK [Do initial device configuration if needed] *******************************
skipping: [dut]

TASK [Deploy saved configuration files] ****************************************
included: /home/pipi/netlab_gh/netsim/ansible/tasks/deploy-custom-config.yml for dut

TASK [Find configuration template] *********************************************
ok: [dut]

TASK [fail] ********************************************************************
skipping: [dut]

TASK [Check is the configuration template is a file] ***************************
ok: [dut -> localhost]

TASK [fail] ********************************************************************
skipping: [dut]

TASK [Process template /work/netlab_cicd/junos/node_files/dut/saved.cfg for dut] ***
skipping: [dut]

TASK [debug] *******************************************************************
skipping: [dut]

TASK [debug] *******************************************************************
skipping: [dut]

TASK [Find custom configuration deployment script] *****************************
ok: [dut]

TASK [Run the configuration deployment script] *********************************
included: /home/pipi/netlab_gh/netsim/ansible/tasks/deploy-config/junos.yml for dut

TASK [junos_config: deploying saved from /work/netlab_cicd/junos/node_files/dut/saved.cfg] ***
changed: [dut]

PLAY RECAP *********************************************************************
dut                        : ok=8    changed=1    unreachable=0    failed=0    skipped=7    rescued=0    ignored=0   

[CREATED] dut: initial,saved
Creating Device configuration snippets
[CREATED] x1: initial,ospf
Config Deploying device configurations
 [INFO] Executing initial configuration for node x1
 [INFO] Executing ospf configuration for node x1

Results of configuration script deployments
================================================================================
x1               Script:  initial,ospf


