Using transformed lab topology from snapshot file netlab.snapshot.pickle
Checking virtualization provider installation
OK: clab installed and working correctly
Starting clab nodes
provider clab: executing flock -E 42 /tmp/netlab.lock sudo -E containerlab deploy --reconfigure -t clab.yml
17:47:09 INFO Containerlab started version=0.75.0
17:47:09 INFO Parsing & checking topology file=clab.yml
17:47:09 INFO Removing directory path=/work/netlab_cicd/clab-ml-17
17:47:09 INFO Creating docker network name=nl_mgmt_17 IPv4 subnet=192.168.17.0/24 IPv6 subnet="" MTU=0
17:47:09 INFO Creating lab directory path=/work/netlab_cicd/clab-ml-17
17:47:09 INFO Creating container name=x1
17:47:09 INFO Creating container name=dut
17:47:09 INFO Created link: dut:eth1 ▪┄┄▪ x1:eth1
17:47:14 INFO Executed command node=x1 command="sleep 1" stdout=""
17:47:14 INFO Adding host entries path=/etc/hosts
17:47:14 INFO Adding SSH config for nodes path=/etc/ssh/ssh_config.d/clab-ml-17.conf
[1m╭[0m[1m────────────────[0m[1m┬[0m[1m──────────────────────────────[0m[1m┬[0m[1m─────────[0m[1m┬[0m[1m────────────────[0m[1m╮[0m
[1m│[0m[1m      Name      [0m[1m│[0m[1m          Kind/Image          [0m[1m│[0m[1m  State  [0m[1m│[0m[1m IPv4/6 Address [0m[1m│[0m
[1m├[0m[1m────────────────[0m[1m┼[0m[1m──────────────────────────────[0m[1m┼[0m[1m─────────[0m[1m┼[0m[1m────────────────[0m[1m┤[0m
│ clab-ml-17-dut │ juniper_crpd                 │ running │ 192.168.17.101 │
│                │ crpd:24.4R1.9                │         │ N/A            │
├────────────────┼──────────────────────────────┼─────────┼────────────────┤
│ clab-ml-17-x1  │ linux                        │ running │ 192.168.17.102 │
│                │ quay.io/frrouting/frr:10.6.1 │         │ N/A            │
╰────────────────┴──────────────────────────────┴─────────┴────────────────╯
Deploying initial device configurations
Creating Device configuration snippets
[CREATED] dut: initial,ospf
[CREATED] x1: initial,ospf
Checking Are lab devices ready to be configured?
 [INFO] Checking SSH server(s) on dut
Config Deploying device configurations
 [INFO] Executing initial configuration for node dut
 [INFO] Executing initial configuration for node x1
 [INFO] Executing ospf configuration for node x1
 [INFO] Executing ospf configuration for node dut

Results of configuration script deployments
================================================================================
dut              Script:  initial,ospf
x1               Script:  initial,ospf


OK: Lab devices configured


This topology tests the "start lab with configuration reload" functionality.
You should:

* Start the lab with "netlab up"
* Save the configuration with "netlab collect -o saved"
* Stop the lab with "netlab down"
* Restart the lab with "netlab up --snapshot --reload-config saved"
* Validate the results with "netlab validate"

[WARNING]: Found variable using reserved name: hosts

PLAY [Collect device configurations] *******************************************

TASK [Set variables that cannot be set with VARS] ******************************
ok: [x1]
ok: [dut]

TASK [Create '/work/netlab_cicd/saved' directory] ******************************
ok: [dut -> localhost]

TASK [Find configuration collection script] ************************************
ok: [x1]
ok: [dut]

TASK [Collect device configurations] *******************************************
included: /home/pipi/net101/tools/netsim/ansible/tasks/fetch-config/junos.yml for dut
included: /home/pipi/net101/tools/netsim/ansible/tasks/fetch-config/frr.yml for x1

TASK [junipernetworks.junos.junos_facts] ***************************************
An exception occurred during task execution. To see the full traceback, use -vvv. The error was: </rpc-error>
fatal: [dut]: FAILED! => {"msg": "Unexpected failure during module execution: <?xml version=\"1.0\" encoding=\"UTF-8\"?><rpc-error xmlns=\"urn:ietf:params:xml:ns:netconf:base:1.0\" xmlns:junos=\"http://xml.juniper.net/junos/24.4R0/junos\" xmlns:nc=\"urn:ietf:params:xml:ns:netconf:base:1.0\">\n<error-type>protocol</error-type>\n<error-tag>operation-failed</error-tag>\n<error-severity>error</error-severity>\n<error-message>syntax error</error-message>\n<error-info>\n<bad-element>get-chassis-inventory</bad-element>\n</error-info>\n</rpc-error>\n", "stdout": ""}

TASK [Save FRR running configuration to frr.conf] ******************************
changed: [x1]

TASK [Collect FRR configuration] ***********************************************
changed: [x1]

TASK [set_fact] ****************************************************************
ok: [x1]

TASK [Collect FRR daemons configuration] ***************************************
changed: [x1]

TASK [Save FRR daemons to /work/netlab_cicd/saved/x1-daemons] ******************
changed: [x1 -> localhost]

TASK [Copy collected configuration to '/work/netlab_cicd/saved' directory] *****
changed: [x1 -> localhost]

PLAY RECAP *********************************************************************
dut                        : ok=4    changed=0    unreachable=0    failed=1    skipped=0    rescued=0    ignored=0   
x1                         : ok=9    changed=5    unreachable=0    failed=0    skipped=0    rescued=0    ignored=0   

cwd: /work/netlab_cicd output: saved
Error executing ansible-playbook /home/pipi/net101/tools/netsim/ansible/collect-configs.ansible -e target=saved -e suffix=cfg:
  Command '['ansible-playbook', '/home/pipi/net101/tools/netsim/ansible/collect-configs.ansible', '-e', 'target=saved', '-e', 'suffix=cfg']' returned non-zero exit status 2.
Fatal error in netlab: Executing Ansible playbook /home/pipi/net101/tools/netsim/ansible/collect-configs.ansible failed
