Creating Device configuration snippets
[CREATED] dut_a: initial,vlan,ospf,vrf
[CREATED] r2: initial,vlan,ospf,vrf
[CREATED] dut_b: initial,vlan,ospf,vrf
[CREATED] h1: initial,routing
[CREATED] h2: initial,routing
[CREATED] h3: initial,routing
[CREATED] h4: initial,routing
[CREATED] h5: initial,routing
Checking Are lab devices ready to be configured?
 [INFO] Checking lab devices with an Ansible playbook
[WARNING]: Could not match supplied host pattern, ignoring: netlab_ready_ssh
[WARNING]: Found variable using reserved name: hosts

PLAY [Wait for SSH servers] ****************************************************
skipping: no hosts matched

PLAY [Wait for device-specific conditions] *************************************

TASK [Set variables that cannot be set with VARS] ******************************
ok: [dut_b]
ok: [dut_a]

TASK [Find device readiness script] ********************************************
ok: [dut_b]
ok: [dut_a]

TASK [Wait for device to become ready] *****************************************
included: /home/pipi/netlab_gh/netsim/ansible/tasks/readiness-check/vyos-clab.yml for dut_a, dut_b

TASK [wait_for_connection] *****************************************************
ok: [dut_b]
ok: [dut_a]

TASK [wait_for] ****************************************************************
ok: [dut_a]
ok: [dut_b]

PLAY RECAP *********************************************************************
dut_a                      : ok=5    changed=0    unreachable=0    failed=0    skipped=0    rescued=0    ignored=0   
dut_b                      : ok=5    changed=0    unreachable=0    failed=0    skipped=0    rescued=0    ignored=0   

Config Deploying device configurations
 [INFO] Executing initial configuration for node r2
 [INFO] Executing initial configuration for node h1 (namespace clab-
          ml-17-h1)
 [INFO] Executing initial configuration for node h2 (namespace clab-
          ml-17-h2)
 [INFO] Executing initial configuration for node h4 (namespace clab-
          ml-17-h4)
 [INFO] Executing initial configuration for node h3 (namespace clab-
          ml-17-h3)
 [INFO] Executing initial configuration for node h5 (namespace clab-
          ml-17-h5)
 [INFO] Executing routing configuration for node h4 (namespace clab-
          ml-17-h4)
 [INFO] Executing routing configuration for node h1 (namespace clab-
          ml-17-h1)
 [INFO] Executing routing configuration for node h2 (namespace clab-
          ml-17-h2)
 [INFO] Executing routing configuration for node h5 (namespace clab-
          ml-17-h5)
 [INFO] Executing routing configuration for node h3 (namespace clab-
          ml-17-h3)
 [INFO] Executing vlan configuration for node r2
 [INFO] Executing ospf configuration for node r2
 [INFO] Executing vrf configuration for node r2
 [INFO] Starting Ansible playbook to deploy the rest of the
          configurations
[WARNING]: Found variable using reserved name: hosts

PLAY [Deploy initial device configuration] *************************************

TASK [Set variables that cannot be set with VARS] ******************************
ok: [dut_a]
ok: [dut_b]

TASK [Deploy initial configuration] ********************************************
included: /home/pipi/netlab_gh/netsim/ansible/tasks/deploy-module.yml for dut_a, dut_b

TASK [Figure out whether to deploy the module initial on current device] *******
ok: [dut_a]
ok: [dut_b]

TASK [Find configuration template for initial] *********************************
ok: [dut_a]
ok: [dut_b]

TASK [fail] ********************************************************************
skipping: [dut_a]
skipping: [dut_b]

TASK [Find configuration deployment deploy_script for initial] *****************
ok: [dut_a]
ok: [dut_b]

TASK [Print deployed configuration when running in verbose mode] ***************
ok: [dut_a] => {
    "msg": "initial configuration for dut_a\n=========================================\nset system host-name 'dut-a'\n\n#\n# Create VLAN bridge and VLAN interfaces as part of initial configuration\n#\nset interfaces bridge br0 description 'Global Switch Bridge'\nset interfaces bridge br0 enable-vlan\n\n\n#\n# Create VRF tables as part of initial device configuration\n#\nset vrf name red table 100\nset vrf name blue table 101\n\n\n\n\nset interfaces dummy dum0 address 10.0.0.1/32\nset interfaces dummy dum0 address 2001:db8:1:1::1/64\n\n\n\nset interfaces ethernet eth1 description 'dut_a -> r2'\n\nset interfaces ethernet eth1 mtu 1500\n\n\n\n\n\n\nset interfaces ethernet eth2 description 'dut_a -> h1 [stub]'\n\nset interfaces ethernet eth2 mtu 1500\n\nset interfaces ethernet eth2 address 172.16.0.1/24\n\nset interfaces ethernet eth2 address 2001:db8:2::1/64;\n\nset interfaces ethernet eth2 vrf red\n\n\n\nset interfaces ethernet eth3 description 'dut_a -> h5 [stub]'\n\nset interfaces ethernet eth3 mtu 1500\n\nset interfaces ethernet eth3 address 172.16.2.1/24\n\nset interfaces ethernet eth3 address 2001:db8:2:2::1/64;\n\nset interfaces ethernet eth3 vrf red\n\n\n\nset interfaces ethernet eth4 description 'dut_a -> h3 [stub]'\n\nset interfaces ethernet eth4 mtu 1500\n\nset interfaces ethernet eth4 address 172.16.3.1/24\n\nset interfaces ethernet eth4 address 2001:db8:2:3::1/64;\n\nset interfaces ethernet eth4 vrf blue\n\n\n\nset interfaces ethernet eth1 vif 701 description 'dut_a -> r2'\n\n\nset interfaces ethernet eth1 vif 701 address 10.1.0.1/30\n\nset interfaces ethernet eth1 vif 701 address 2001:db8:3::1/64;\n\nset interfaces ethernet eth1 vif 701 vrf blue\n\n\n\nset interfaces ethernet eth1 vif 700 description 'dut_a -> r2'\n\n\nset interfaces ethernet eth1 vif 700 address 10.1.0.5/30\n\nset interfaces ethernet eth1 vif 700 address 2001:db8:3:1::1/64;\n\nset interfaces ethernet eth1 vif 700 vrf red\n\n\nset service lldp interface all\n>/dev/null 2>/dev/null set service lldp interface eth0 disable\n>/dev/null 2>/dev/null set service lldp interface eth0 mode disable\n\nset service router-advert interface eth2\nset service router-advert interface eth3\nset service router-advert interface eth4\nset service router-advert interface eth1.701\nset service router-advert interface eth1.700\n\nset service ssh\n\ncommit\n\n# Restart FRR to pick up the new hostname\nsudo service frr restart\n"
}
ok: [dut_b] => {
    "msg": "initial configuration for dut_b\n=========================================\nset system host-name 'dut-b'\n\n#\n# Create VLAN bridge and VLAN interfaces as part of initial configuration\n#\nset interfaces bridge br0 description 'Global Switch Bridge'\nset interfaces bridge br0 enable-vlan\n\n\n#\n# Create VRF tables as part of initial device configuration\n#\nset vrf name red table 100\nset vrf name blue table 101\n\n\n\n\nset interfaces dummy dum0 address 10.0.0.3/32\nset interfaces dummy dum0 address 2001:db8:1:3::1/64\n\n\n\nset interfaces ethernet eth1 description 'dut_b -> r2'\n\nset interfaces ethernet eth1 mtu 1500\n\n\n\n\n\n\nset interfaces ethernet eth2 description 'dut_b -> h2 [stub]'\n\nset interfaces ethernet eth2 mtu 1500\n\nset interfaces ethernet eth2 address 172.16.1.3/24\n\nset interfaces ethernet eth2 address 2001:db8:2:1::3/64;\n\nset interfaces ethernet eth2 vrf red\n\n\n\nset interfaces ethernet eth3 description 'dut_b -> h4 [stub]'\n\nset interfaces ethernet eth3 mtu 1500\n\nset interfaces ethernet eth3 address 172.16.4.3/24\n\nset interfaces ethernet eth3 address 2001:db8:2:4::3/64;\n\nset interfaces ethernet eth3 vrf blue\n\n\n\nset interfaces ethernet eth1 vif 701 description 'dut_b -> r2'\n\n\nset interfaces ethernet eth1 vif 701 address 10.1.0.10/30\n\nset interfaces ethernet eth1 vif 701 address 2001:db8:3:2::3/64;\n\nset interfaces ethernet eth1 vif 701 vrf blue\n\n\n\nset interfaces ethernet eth1 vif 700 description 'dut_b -> r2'\n\n\nset interfaces ethernet eth1 vif 700 address 10.1.0.14/30\n\nset interfaces ethernet eth1 vif 700 address 2001:db8:3:3::3/64;\n\nset interfaces ethernet eth1 vif 700 vrf red\n\n\nset service lldp interface all\n>/dev/null 2>/dev/null set service lldp interface eth0 disable\n>/dev/null 2>/dev/null set service lldp interface eth0 mode disable\n\nset service router-advert interface eth2\nset service router-advert interface eth3\nset service router-advert interface eth1.701\nset service router-advert interface eth1.700\n\nset service ssh\n\ncommit\n\n# Restart FRR to pick up the new hostname\nsudo service frr restart\n"
}

TASK [Deploy initial configuration] ********************************************
included: /home/pipi/netlab_gh/netsim/ansible/tasks/deploy-config/vyos.yml for dut_a, dut_b

TASK [set_fact] ****************************************************************
ok: [dut_a]
ok: [dut_b]

TASK [template] ****************************************************************
changed: [dut_a]
changed: [dut_b]

TASK [execute config-initial.sh to deploy initial config from /work/netlab_cicd/node_files/dut_a/initial] ***
changed: [dut_b]
changed: [dut_a]

PLAY [Deploy module-specific configurations] ***********************************

TASK [Set variables that cannot be set with VARS] ******************************
ok: [dut_a]
ok: [dut_b]

TASK [Deploy individual configuration modules] *********************************
included: /home/pipi/netlab_gh/netsim/ansible/tasks/deploy-module.yml for dut_a, dut_b => (item=vlan)
included: /home/pipi/netlab_gh/netsim/ansible/tasks/deploy-module.yml for dut_a, dut_b => (item=routing)
included: /home/pipi/netlab_gh/netsim/ansible/tasks/deploy-module.yml for dut_a, dut_b => (item=ospf)
included: /home/pipi/netlab_gh/netsim/ansible/tasks/deploy-module.yml for dut_a, dut_b => (item=vrf)

TASK [Figure out whether to deploy the module vlan on current device] **********
ok: [dut_a]
ok: [dut_b]

TASK [Find configuration template for vlan] ************************************
ok: [dut_a]
ok: [dut_b]

TASK [fail] ********************************************************************
skipping: [dut_a]
skipping: [dut_b]

TASK [Find configuration deployment deploy_script for vlan] ********************
ok: [dut_a]
ok: [dut_b]

TASK [Print deployed configuration when running in verbose mode] ***************
ok: [dut_a] => {
    "msg": "vlan configuration for dut_a\n=========================================\n"
}
ok: [dut_b] => {
    "msg": "vlan configuration for dut_b\n=========================================\n"
}

TASK [Deploy vlan configuration] ***********************************************
included: /home/pipi/netlab_gh/netsim/ansible/tasks/deploy-config/vyos.yml for dut_a, dut_b

TASK [set_fact] ****************************************************************
ok: [dut_a]
ok: [dut_b]

TASK [template] ****************************************************************
changed: [dut_b]
changed: [dut_a]

TASK [execute config-vlan.sh to deploy vlan config from /work/netlab_cicd/node_files/dut_a/vlan] ***
changed: [dut_b]
changed: [dut_a]

TASK [Figure out whether to deploy the module routing on current device] *******
ok: [dut_a]
ok: [dut_b]

TASK [Find configuration template for routing] *********************************
skipping: [dut_a]
skipping: [dut_b]

TASK [fail] ********************************************************************
skipping: [dut_a]
skipping: [dut_b]

TASK [Find configuration deployment deploy_script for routing] *****************
skipping: [dut_a]
skipping: [dut_b]

TASK [Print deployed configuration when running in verbose mode] ***************
skipping: [dut_a]
skipping: [dut_b]

TASK [Deploy routing configuration] ********************************************
skipping: [dut_a]
skipping: [dut_b]

TASK [Figure out whether to deploy the module ospf on current device] **********
ok: [dut_a]
ok: [dut_b]

TASK [Find configuration template for ospf] ************************************
ok: [dut_a]
ok: [dut_b]

TASK [fail] ********************************************************************
skipping: [dut_a]
skipping: [dut_b]

TASK [Find configuration deployment deploy_script for ospf] ********************
ok: [dut_a]
ok: [dut_b]

TASK [Print deployed configuration when running in verbose mode] ***************
ok: [dut_a] => {
    "msg": "ospf configuration for dut_a\n=========================================\n"
}
ok: [dut_b] => {
    "msg": "ospf configuration for dut_b\n=========================================\n"
}

TASK [Deploy ospf configuration] ***********************************************
included: /home/pipi/netlab_gh/netsim/ansible/tasks/deploy-config/vyos.yml for dut_a, dut_b

TASK [set_fact] ****************************************************************
ok: [dut_a]
ok: [dut_b]

TASK [template] ****************************************************************
changed: [dut_b]
changed: [dut_a]

TASK [execute config-ospf.sh to deploy ospf config from /work/netlab_cicd/node_files/dut_a/ospf] ***
changed: [dut_b]
changed: [dut_a]

TASK [Figure out whether to deploy the module vrf on current device] ***********
ok: [dut_a]
ok: [dut_b]

TASK [Find configuration template for vrf] *************************************
ok: [dut_a]
ok: [dut_b]

TASK [fail] ********************************************************************
skipping: [dut_a]
skipping: [dut_b]

TASK [Find configuration deployment deploy_script for vrf] *********************
ok: [dut_a]
ok: [dut_b]

TASK [Print deployed configuration when running in verbose mode] ***************
ok: [dut_a] => {
    "msg": "vrf configuration for dut_a\n=========================================\n\n# Enter vrf sublevel\nedit vrf name red\n\n\n\nset protocols ospf parameters router-id 10.0.0.1\n\nset protocols ospf redistribute connected\n\n\n\n\n\nset protocols ospf interface eth2 area 0.0.0.0\n\nset protocols ospf interface eth2 passive\nset protocols ospf interface eth2 network point-to-point\n\n\nset protocols ospf interface eth3 area 0.0.0.0\n\nset protocols ospf interface eth3 passive\nset protocols ospf interface eth3 network point-to-point\n\n\nset protocols ospf interface eth1.700 area 0.0.0.0\n\nset protocols ospf interface eth1.700 network point-to-point\n\n\nset protocols ospfv3 parameters router-id 10.0.0.1\n\nset protocols ospfv3 redistribute connected\n\n\n\n\n\nset protocols ospfv3 interface eth2 area 0.0.0.0\n\nset protocols ospfv3 interface eth2 passive\nset protocols ospfv3 interface eth2 network point-to-point\n\n\nset protocols ospfv3 interface eth3 area 0.0.0.0\n\nset protocols ospfv3 interface eth3 passive\nset protocols ospfv3 interface eth3 network point-to-point\n\n\nset protocols ospfv3 interface eth1.700 area 0.0.0.0\n\nset protocols ospfv3 interface eth1.700 network point-to-point\n\n\n# Back to root level\ntop\nedit vrf name blue\n\n\n\nset protocols ospf parameters router-id 10.0.0.1\n\nset protocols ospf redistribute connected\n\n\n\n\n\nset protocols ospf interface eth4 area 0.0.0.0\n\nset protocols ospf interface eth4 passive\nset protocols ospf interface eth4 network point-to-point\n\n\nset protocols ospf interface eth1.701 area 0.0.0.0\n\nset protocols ospf interface eth1.701 network point-to-point\n\n\nset protocols ospfv3 parameters router-id 10.0.0.1\n\nset protocols ospfv3 redistribute connected\n\n\n\n\n\nset protocols ospfv3 interface eth4 area 0.0.0.0\n\nset protocols ospfv3 interface eth4 passive\nset protocols ospfv3 interface eth4 network point-to-point\n\n\nset protocols ospfv3 interface eth1.701 area 0.0.0.0\n\nset protocols ospfv3 interface eth1.701 network point-to-point\n\n\n# Back to root level\ntop\n"
}
ok: [dut_b] => {
    "msg": "vrf configuration for dut_b\n=========================================\n\n# Enter vrf sublevel\nedit vrf name red\n\n\n\nset protocols ospf parameters router-id 10.0.0.3\n\nset protocols ospf redistribute connected\n\n\n\n\n\nset protocols ospf interface eth2 area 0.0.0.0\n\nset protocols ospf interface eth2 passive\nset protocols ospf interface eth2 network point-to-point\n\n\nset protocols ospf interface eth1.700 area 0.0.0.0\n\nset protocols ospf interface eth1.700 network point-to-point\n\n\nset protocols ospfv3 parameters router-id 10.0.0.3\n\nset protocols ospfv3 redistribute connected\n\n\n\n\n\nset protocols ospfv3 interface eth2 area 0.0.0.0\n\nset protocols ospfv3 interface eth2 passive\nset protocols ospfv3 interface eth2 network point-to-point\n\n\nset protocols ospfv3 interface eth1.700 area 0.0.0.0\n\nset protocols ospfv3 interface eth1.700 network point-to-point\n\n\n# Back to root level\ntop\nedit vrf name blue\n\n\n\nset protocols ospf parameters router-id 10.0.0.3\n\nset protocols ospf redistribute connected\n\n\n\n\n\nset protocols ospf interface eth3 area 0.0.0.0\n\nset protocols ospf interface eth3 passive\nset protocols ospf interface eth3 network point-to-point\n\n\nset protocols ospf interface eth1.701 area 0.0.0.0\n\nset protocols ospf interface eth1.701 network point-to-point\n\n\nset protocols ospfv3 parameters router-id 10.0.0.3\n\nset protocols ospfv3 redistribute connected\n\n\n\n\n\nset protocols ospfv3 interface eth3 area 0.0.0.0\n\nset protocols ospfv3 interface eth3 passive\nset protocols ospfv3 interface eth3 network point-to-point\n\n\nset protocols ospfv3 interface eth1.701 area 0.0.0.0\n\nset protocols ospfv3 interface eth1.701 network point-to-point\n\n\n# Back to root level\ntop\n"
}

TASK [Deploy vrf configuration] ************************************************
included: /home/pipi/netlab_gh/netsim/ansible/tasks/deploy-config/vyos.yml for dut_a, dut_b

TASK [set_fact] ****************************************************************
ok: [dut_a]
ok: [dut_b]

TASK [template] ****************************************************************
changed: [dut_a]
changed: [dut_b]

TASK [execute config-vrf.sh to deploy vrf config from /work/netlab_cicd/node_files/dut_a/vrf] ***
changed: [dut_b]
changed: [dut_a]

PLAY [Deploy custom deployment templates] **************************************
skipping: no hosts matched

PLAY RECAP *********************************************************************
dut_a                      : ok=40   changed=8    unreachable=0    failed=0    skipped=9    rescued=0    ignored=0   
dut_b                      : ok=40   changed=8    unreachable=0    failed=0    skipped=9    rescued=0    ignored=0   

Results of configuration script deployments
================================================================================
r2               Script:  initial,vlan,ospf,vrf
h1               Script:  initial,routing
h2               Script:  initial,routing
h3               Script:  initial,routing
h4               Script:  initial,routing
h5               Script:  initial,routing


VRF lite implementation with dual-stack VLAN trunks

* h1, h2, and h5 should be able to ping each other using IPv4 and IPv6
* h3 and h4 should be able to ping each other using IPv4 and IPv6

Please note it might take a while for the lab to work due to
STP, OSPF, and OSPFv3 setup phase

