Using transformed lab topology from snapshot file netlab.snapshot.pickle
Checking virtualization provider installation
OK: clab installed and working correctly
Starting clab nodes
provider clab: executing sudo -E containerlab deploy --reconfigure -t clab.yml
14:25:35 INFO Containerlab started version=0.74.2
14:25:35 INFO Parsing & checking topology file=clab.yml
14:25:35 INFO Removing directory path=/work/netlab_cicd/other_c/clab-ml-85
14:25:35 INFO Creating docker network name=nl_mgmt_85 IPv4 subnet=192.168.85.0/24 IPv6 subnet="" MTU=0
14:25:36 INFO Creating lab directory path=/work/netlab_cicd/other_c/clab-ml-85
14:25:36 INFO Creating container name=s2
14:25:36 INFO Creating container name=r2
14:25:36 INFO Creating container name=r1
14:25:36 INFO Creating container name=ros
14:25:36 INFO Creating container name=s1
14:25:37 INFO Created link: s1:eth1 ▪┄┄▪ s2:eth1
14:25:38 INFO Created link: ros:eth1 ▪┄┄▪ s2:eth2
14:25:38 INFO Created link: s1:eth3 ▪┄┄▪ r2:eth1
14:25:38 INFO Created link: s1:eth2 ▪┄┄▪ r1:eth1
14:25:39 INFO Executed command node=s2 command="sleep 1" stdout=""
14:25:39 INFO Executed command node=s1 command="sleep 1" stdout=""
14:25:39 INFO Executed command node=r2 command="sleep 1" stdout=""
14:25:39 INFO Executed command node=r1 command="sleep 1" stdout=""
14:25:39 INFO Adding host entries path=/etc/hosts
14:25:39 INFO Adding SSH config for nodes path=/etc/ssh/ssh_config.d/clab-ml-85.conf
14:25:39 INFO containerlab version
  🎉=
  │ A newer containerlab version (0.74.3) is available!
  │ Release notes: https://containerlab.dev/rn/0.74/#0743
  │ Run 'clab version upgrade' or see https://containerlab.dev/install/ for other installation options.
[1m╭[0m[1m────────────────[0m[1m┬[0m[1m────────────────────────────────[0m[1m┬[0m[1m─────────[0m[1m┬[0m[1m────────────────[0m[1m╮[0m
[1m│[0m[1m      Name      [0m[1m│[0m[1m           Kind/Image           [0m[1m│[0m[1m  State  [0m[1m│[0m[1m IPv4/6 Address [0m[1m│[0m
[1m├[0m[1m────────────────[0m[1m┼[0m[1m────────────────────────────────[0m[1m┼[0m[1m─────────[0m[1m┼[0m[1m────────────────[0m[1m┤[0m
│ clab-ml-85-r1  │ linux                          │ running │ 192.168.85.104 │
│                │ quay.io/frrouting/frr:10.6.0   │         │ N/A            │
├────────────────┼────────────────────────────────┼─────────┼────────────────┤
│ clab-ml-85-r2  │ linux                          │ running │ 192.168.85.105 │
│                │ quay.io/frrouting/frr:10.6.0   │         │ N/A            │
├────────────────┼────────────────────────────────┼─────────┼────────────────┤
│ clab-ml-85-ros │ linux                          │ running │ 192.168.85.101 │
│                │ ghcr.io/sysoleg/vyos-container │         │ N/A            │
├────────────────┼────────────────────────────────┼─────────┼────────────────┤
│ clab-ml-85-s1  │ linux                          │ running │ 192.168.85.102 │
│                │ quay.io/frrouting/frr:10.6.0   │         │ N/A            │
├────────────────┼────────────────────────────────┼─────────┼────────────────┤
│ clab-ml-85-s2  │ linux                          │ running │ 192.168.85.103 │
│                │ quay.io/frrouting/frr:10.6.0   │         │ N/A            │
╰────────────────┴────────────────────────────────┴─────────┴────────────────╯

Initial configuration skipped, run 'netlab initial' to configure the devices
