Creating Device configuration snippets
[CREATED] dut: initial,vlan
[CREATED] s2: initial,vlan
[CREATED] s3: initial,vlan
[CREATED] s4: initial,vlan
[CREATED] r1: initial,routing
[CREATED] r2: initial,routing
[CREATED] r3: initial,routing
[CREATED] r4: initial,routing
[CREATED] d1: initial,routing
[CREATED] d2: initial,routing
[CREATED] d3: initial,routing
[CREATED] d4: initial,routing
Checking Are lab devices ready to be configured?
 [INFO] Checking lab devices with an Ansible playbook
[WARNING]: Could not match supplied host pattern, ignoring: netlab_ready_ssh
[WARNING]: Found variable using reserved name: hosts

PLAY [Wait for SSH servers] ****************************************************
skipping: no hosts matched

PLAY [Wait for device-specific conditions] *************************************

TASK [Set variables that cannot be set with VARS] ******************************
ok: [dut]

TASK [Find device readiness script] ********************************************
ok: [dut]

TASK [Wait for device to become ready] *****************************************
included: /home/pipi/netlab_gh/netsim/ansible/tasks/readiness-check/vyos-clab.yml for dut

TASK [wait_for_connection] *****************************************************
ok: [dut]

TASK [wait_for] ****************************************************************
ok: [dut]

PLAY RECAP *********************************************************************
dut                        : ok=5    changed=0    unreachable=0    failed=0    skipped=0    rescued=0    ignored=0   

Config Deploying device configurations
 [INFO] Executing initial configuration for node s2
 [INFO] Executing initial configuration for node s3
 [INFO] Executing initial configuration for node s4
 [INFO] Executing initial configuration for node r1 (namespace clab-
          ml-17-r1)
 [INFO] Executing initial configuration for node r2 (namespace clab-
          ml-17-r2)
 [INFO] Executing initial configuration for node r3 (namespace clab-
          ml-17-r3)
 [INFO] Executing initial configuration for node r4 (namespace clab-
          ml-17-r4)
 [INFO] Executing initial configuration for node d1 (namespace clab-
          ml-17-d1)
 [INFO] Executing initial configuration for node d2 (namespace clab-
          ml-17-d2)
 [INFO] Executing initial configuration for node d3 (namespace clab-
          ml-17-d3)
 [INFO] Executing initial configuration for node d4 (namespace clab-
          ml-17-d4)
 [INFO] Executing routing configuration for node r2 (namespace clab-
          ml-17-r2)
 [INFO] Executing routing configuration for node r3 (namespace clab-
          ml-17-r3)
 [INFO] Executing routing configuration for node r1 (namespace clab-
          ml-17-r1)
 [INFO] Executing routing configuration for node r4 (namespace clab-
          ml-17-r4)
 [INFO] Executing routing configuration for node d1 (namespace clab-
          ml-17-d1)
 [INFO] Executing routing configuration for node d4 (namespace clab-
          ml-17-d4)
 [INFO] Executing routing configuration for node d2 (namespace clab-
          ml-17-d2)
 [INFO] Executing routing configuration for node d3 (namespace clab-
          ml-17-d3)
 [INFO] Executing vlan configuration for node s3
 [INFO] Executing vlan configuration for node s2
 [INFO] Executing vlan configuration for node s4
 [INFO] Starting Ansible playbook to deploy the rest of the
          configurations
[WARNING]: Found variable using reserved name: hosts

PLAY [Deploy initial device configuration] *************************************

TASK [Set variables that cannot be set with VARS] ******************************
ok: [dut]

TASK [Deploy initial configuration] ********************************************
included: /home/pipi/netlab_gh/netsim/ansible/tasks/deploy-module.yml for dut

TASK [Figure out whether to deploy the module initial on current device] *******
ok: [dut]

TASK [Find configuration template for initial] *********************************
ok: [dut]

TASK [fail] ********************************************************************
skipping: [dut]

TASK [Find configuration deployment deploy_script for initial] *****************
ok: [dut]

TASK [Print deployed configuration when running in verbose mode] ***************
ok: [dut] => {
    "msg": "initial configuration for dut\n=========================================\nset system host-name 'dut'\n\n#\n# Create VLAN bridge and VLAN interfaces as part of initial configuration\n#\nset interfaces bridge br0 description 'Global Switch Bridge'\nset interfaces bridge br0 enable-vlan\n\nset interfaces bridge br0 vif 700\n\n\n\n\n\nset interfaces dummy dum0 address 10.0.0.1/32\n\n\n\nset interfaces ethernet eth1 description 'dut -> s2'\n\nset interfaces ethernet eth1 mtu 1500\n\n\n\n\n\n\nset interfaces ethernet eth2 description 'dut -> s3'\n\nset interfaces ethernet eth2 mtu 1500\n\n\n\n\n\n\nset interfaces ethernet eth3 description 'dut -> s4'\n\nset interfaces ethernet eth3 mtu 1500\n\n\n\n\n\n\nset interfaces ethernet eth4 description '[Access VLAN red] dut -> r1'\n\nset interfaces ethernet eth4 mtu 1500\n\n\n\n\n\n\nset interfaces ethernet eth5 description '[Access VLAN vlan_1] dut -> d1'\n\nset interfaces ethernet eth5 mtu 1500\n\n\n\n\n\n\nset interfaces bridge br0 description 'VLAN vlan_1 (1) -> [d1,d2,s2,d3,s3...]'\n\nset interfaces bridge br0 mtu 1500\n\nset interfaces bridge br0 address 172.31.1.1/24\n\n\n\n\n\nset interfaces bridge br0 vif 700 description 'VLAN red (700) -> [r1,r2,s2,r3,s3...]'\n\n\n\n\n\n\nset service lldp interface all\n>/dev/null 2>/dev/null set service lldp interface eth0 disable\n>/dev/null 2>/dev/null set service lldp interface eth0 mode disable\n\n\nset service ssh\n\ncommit\n\n# Restart FRR to pick up the new hostname\nsudo service frr restart\n"
}

TASK [Deploy initial configuration] ********************************************
included: /home/pipi/netlab_gh/netsim/ansible/tasks/deploy-config/vyos.yml for dut

TASK [set_fact] ****************************************************************
ok: [dut]

TASK [template] ****************************************************************
changed: [dut]

TASK [execute config-initial.sh to deploy initial config from /work/netlab_cicd/node_files/dut/initial] ***
changed: [dut]

PLAY [Deploy module-specific configurations] ***********************************

TASK [Set variables that cannot be set with VARS] ******************************
ok: [dut]

TASK [Deploy individual configuration modules] *********************************
included: /home/pipi/netlab_gh/netsim/ansible/tasks/deploy-module.yml for dut => (item=vlan)
included: /home/pipi/netlab_gh/netsim/ansible/tasks/deploy-module.yml for dut => (item=routing)

TASK [Figure out whether to deploy the module vlan on current device] **********
ok: [dut]

TASK [Find configuration template for vlan] ************************************
ok: [dut]

TASK [fail] ********************************************************************
skipping: [dut]

TASK [Find configuration deployment deploy_script for vlan] ********************
ok: [dut]

TASK [Print deployed configuration when running in verbose mode] ***************
ok: [dut] => {
    "msg": "vlan configuration for dut\n=========================================\nset interfaces bridge br0 member interface eth1 allowed-vlan 700\nset interfaces bridge br0 member interface eth1 allowed-vlan 1\nset interfaces bridge br0 member interface eth2 native-vlan 1\nset interfaces bridge br0 member interface eth2 allowed-vlan 700\nset interfaces bridge br0 member interface eth2 allowed-vlan 1\nset interfaces bridge br0 member interface eth3 native-vlan 700\nset interfaces bridge br0 member interface eth3 allowed-vlan 700\nset interfaces bridge br0 member interface eth3 allowed-vlan 1\nset interfaces bridge br0 member interface eth4 native-vlan 700\nset interfaces bridge br0 member interface eth5 native-vlan 1\n"
}

TASK [Deploy vlan configuration] ***********************************************
included: /home/pipi/netlab_gh/netsim/ansible/tasks/deploy-config/vyos.yml for dut

TASK [set_fact] ****************************************************************
ok: [dut]

TASK [template] ****************************************************************
changed: [dut]

TASK [execute config-vlan.sh to deploy vlan config from /work/netlab_cicd/node_files/dut/vlan] ***
changed: [dut]

TASK [Figure out whether to deploy the module routing on current device] *******
ok: [dut]

TASK [Find configuration template for routing] *********************************
skipping: [dut]

TASK [fail] ********************************************************************
skipping: [dut]

TASK [Find configuration deployment deploy_script for routing] *****************
skipping: [dut]

TASK [Print deployed configuration when running in verbose mode] ***************
skipping: [dut]

TASK [Deploy routing configuration] ********************************************
skipping: [dut]

PLAY [Deploy custom deployment templates] **************************************
skipping: no hosts matched

PLAY RECAP *********************************************************************
dut                        : ok=22   changed=4    unreachable=0    failed=0    skipped=7    rescued=0    ignored=0   

Results of configuration script deployments
================================================================================
s2               Script:  initial,vlan
s3               Script:  initial,vlan
s4               Script:  initial,vlan
r1               Script:  initial,routing
r2               Script:  initial,routing
r3               Script:  initial,routing
r4               Script:  initial,routing
d1               Script:  initial,routing
d2               Script:  initial,routing
d3               Script:  initial,routing
d4               Script:  initial,routing


The topology tests whether the device deals correctly with VLAN 1
in a vlan.trunk:

* As a native VLAN
* As a regular (tagged) VLAN
* In a trunk where another VLAN is a native VLAN

All r* hosts should be able to ping each other and all d* hosts should
be able to ping each other.

Please note it might take a while for the lab to work due to
STP learning phase

