Using transformed lab topology from snapshot file netlab.snapshot.pickle
Checking virtualization provider installation
OK: clab installed and working correctly
Starting clab nodes
provider clab: executing sudo -E containerlab deploy --reconfigure -t clab.yml
20:23:00 INFO Containerlab started version=0.74.2
20:23:00 INFO Parsing & checking topology file=clab.yml
20:23:00 INFO Removing directory path=/work/netlab_cicd/junos_c/clab-ml-81
20:23:00 INFO Creating docker network name=nl_mgmt_81 IPv4 subnet=192.168.81.0/24 IPv6 subnet="" MTU=0
20:23:00 INFO Creating lab directory path=/work/netlab_cicd/junos_c/clab-ml-81
20:23:01 INFO Creating container name=h2
20:23:01 INFO Creating container name=h1
20:23:01 INFO Creating container name=dut
20:23:01 INFO Creating container name=s1
20:23:01 INFO Creating container name=s2
20:23:02 INFO Created link: dut:eth1 ▪┄┄▪ s1:et2
20:23:02 INFO Created link: s1:et3 ▪┄┄▪ h1:eth1
20:23:02 INFO Running postdeploy actions for Arista cEOS 's1' node
20:23:02 INFO Created link: s1:et1 ▪┄┄▪ s2:et1
20:23:02 INFO Created link: dut:eth2 ▪┄┄▪ s2:et2
20:23:02 INFO Created link: s2:et3 ▪┄┄▪ h2:eth1
20:23:02 INFO Running postdeploy actions for Arista cEOS 's2' node
20:23:27 INFO Adding host entries path=/etc/hosts
20:23:27 INFO Adding SSH config for nodes path=/etc/ssh/ssh_config.d/clab-ml-81.conf
20:23:27 INFO containerlab version
  🎉=
  │ A newer containerlab version (0.74.3) is available!
  │ Release notes: https://containerlab.dev/rn/0.74/#0743
  │ Run 'clab version upgrade' or see https://containerlab.dev/install/ for other installation options.
[1m╭[0m[1m────────────────[0m[1m┬[0m[1m────────────────────[0m[1m┬[0m[1m─────────[0m[1m┬[0m[1m────────────────[0m[1m╮[0m
[1m│[0m[1m      Name      [0m[1m│[0m[1m     Kind/Image     [0m[1m│[0m[1m  State  [0m[1m│[0m[1m IPv4/6 Address [0m[1m│[0m
[1m├[0m[1m────────────────[0m[1m┼[0m[1m────────────────────[0m[1m┼[0m[1m─────────[0m[1m┼[0m[1m────────────────[0m[1m┤[0m
│ clab-ml-81-dut │ juniper_crpd       │ running │ 192.168.81.101 │
│                │ crpd:24.4R1.9      │         │ N/A            │
├────────────────┼────────────────────┼─────────┼────────────────┤
│ clab-ml-81-h1  │ linux              │ running │ 192.168.81.104 │
│                │ python:3.13-alpine │         │ N/A            │
├────────────────┼────────────────────┼─────────┼────────────────┤
│ clab-ml-81-h2  │ linux              │ running │ 192.168.81.105 │
│                │ python:3.13-alpine │         │ N/A            │
├────────────────┼────────────────────┼─────────┼────────────────┤
│ clab-ml-81-s1  │ ceos               │ running │ 192.168.81.102 │
│                │ ceos:4.35.2F       │         │ N/A            │
├────────────────┼────────────────────┼─────────┼────────────────┤
│ clab-ml-81-s2  │ ceos               │ running │ 192.168.81.103 │
│                │ ceos:4.35.2F       │         │ N/A            │
╰────────────────┴────────────────────┴─────────┴────────────────╯

Initial configuration skipped, run 'netlab initial' to configure the devices
