Checking virtualization provider installation
OK: clab installed and working correctly
Stopping clab nodes
11:36:57 INFO Parsing & checking topology file=clab.yml
11:36:57 INFO Parsing & checking topology file=clab.yml
11:36:57 INFO Destroying lab name=ml-84
11:36:58 INFO Removed container name=clab-ml-84-x2
11:36:58 INFO Removed container name=clab-ml-84-x1
11:36:58 INFO Removed container name=clab-ml-84-v2
11:36:58 INFO Removed container name=clab-ml-84-v1
11:36:58 INFO Removed container name=clab-ml-84-dut
11:36:58 INFO Removing host entries path=/etc/hosts
11:36:58 INFO Removing SSH config path=/etc/ssh/ssh_config.d/clab-ml-84.conf
Cleanup configuration files
... removing clab.yml
... removing ansible.cfg
... removing hosts.yml
... removing directory tree group_vars
... removing directory tree host_vars
... removing directory tree node_files
... removing netlab.snapshot.pickle
