Creating Device configuration snippets
[CREATED] dut: normalize,initial,ospf
[CREATED] x1: initial,ospf
[CREATED] x2: initial,ospf
Checking Are lab devices ready to be configured?
 [INFO] Checking SSH server(s) on dut
[SSH]     SSH server on node dut (device ioll2) is ready after 10.3 seconds
Config Normalizing device configurations
netmiko:  [INFO] Sent normalize configuration to dut
Config Deploying device configurations
 [INFO] Executing initial configuration for node x1
 [INFO] Executing initial configuration for node x2
 [INFO] Executing ospf configuration for node x1
 [INFO] Executing ospf configuration for node x2
netmiko:  [INFO] Sent initial configuration to dut
netmiko:  [INFO] Sent ospf configuration to dut

Results of configuration script deployments
================================================================================
dut              Script:  normalize,initial,ospf
x1               Script:  initial,ospf
x2               Script:  initial,ospf


This lab tests the dual-stack multi-area OSPFv2/OSPFv3 deployments. The device under test has
an IPv4 stub interface, an IPv6 stub interface, a dual-stack stub interface, an IPv4-only link,
and a dual-stack link.

