Using transformed lab topology from snapshot file netlab.snapshot.pickle
Checking virtualization provider installation
OK: clab installed and working correctly
Starting clab nodes
provider clab: executing sudo -E containerlab deploy --reconfigure -t clab.yml
13:56:24 INFO Containerlab started version=0.74.2
13:56:24 INFO Parsing & checking topology file=clab.yml
13:56:24 INFO Removing directory path=/work/netlab_cicd/other_c/clab-ml-85
13:56:24 INFO Creating docker network name=nl_mgmt_85 IPv4 subnet=192.168.85.0/24 IPv6 subnet="" MTU=0
13:56:24 INFO Creating lab directory path=/work/netlab_cicd/other_c/clab-ml-85
13:56:24 INFO Creating container name=x1
13:56:24 INFO Creating container name=dut
13:56:24 INFO Creating container name=r2
13:56:25 INFO Created link: dut:eth1 ▪┄┄▪ x1:eth1
13:56:25 INFO Created link: dut:eth2 ▪┄┄▪ r2:eth1
13:56:26 INFO Executed command node=x1 command="sleep 1" stdout=""
13:56:26 INFO Executed command node=r2 command="sleep 1" stdout=""
13:56:26 INFO Adding host entries path=/etc/hosts
13:56:26 INFO Adding SSH config for nodes path=/etc/ssh/ssh_config.d/clab-ml-85.conf
13:56:26 INFO containerlab version
  🎉=
  │ A newer containerlab version (0.74.3) is available!
  │ Release notes: https://containerlab.dev/rn/0.74/#0743
  │ Run 'clab version upgrade' or see https://containerlab.dev/install/ for other installation options.
[1m╭[0m[1m────────────────[0m[1m┬[0m[1m────────────────────────────────[0m[1m┬[0m[1m─────────[0m[1m┬[0m[1m────────────────[0m[1m╮[0m
[1m│[0m[1m      Name      [0m[1m│[0m[1m           Kind/Image           [0m[1m│[0m[1m  State  [0m[1m│[0m[1m IPv4/6 Address [0m[1m│[0m
[1m├[0m[1m────────────────[0m[1m┼[0m[1m────────────────────────────────[0m[1m┼[0m[1m─────────[0m[1m┼[0m[1m────────────────[0m[1m┤[0m
│ clab-ml-85-dut │ linux                          │ running │ 192.168.85.101 │
│                │ ghcr.io/sysoleg/vyos-container │         │ N/A            │
├────────────────┼────────────────────────────────┼─────────┼────────────────┤
│ clab-ml-85-r2  │ linux                          │ running │ 192.168.85.102 │
│                │ quay.io/frrouting/frr:10.6.0   │         │ N/A            │
├────────────────┼────────────────────────────────┼─────────┼────────────────┤
│ clab-ml-85-x1  │ linux                          │ running │ 192.168.85.103 │
│                │ quay.io/frrouting/frr:10.6.0   │         │ N/A            │
╰────────────────┴────────────────────────────────┴─────────┴────────────────╯

Initial configuration skipped, run 'netlab initial' to configure the devices
