Checking virtualization provider installation
OK: clab installed and working correctly
Stopping clab nodes
13:58:38 INFO Parsing & checking topology file=clab.yml
13:58:38 INFO Parsing & checking topology file=clab.yml
13:58:38 INFO Destroying lab name=ml-85
13:58:38 INFO Removed container name=clab-ml-85-p2
13:58:38 INFO Removed container name=clab-ml-85-xf
13:58:38 INFO Removed container name=clab-ml-85-p1
13:58:38 INFO Removed container name=clab-ml-85-dut
13:58:38 INFO Removing host entries path=/etc/hosts
13:58:38 INFO Removing SSH config path=/etc/ssh/ssh_config.d/clab-ml-85.conf
Cleanup configuration files
... removing clab.yml
... removing ansible.cfg
... removing hosts.yml
... removing directory tree group_vars
... removing directory tree host_vars
... removing directory tree node_files
... removing netlab.snapshot.pickle
