Creating Device configuration snippets
[CREATED] dut: initial,routing,ospf,bgp
[CREATED] dut2: initial,bgp
[CREATED] x1: initial,bgp
[CREATED] x2: initial,bgp
[CREATED] r1: initial,ospf,bgp
Checking Are lab devices ready to be configured?
 [INFO] Checking SSH server(s) on dut,dut2
[SSH]     SSH server on node dut (device iol) is ready after 25.4 seconds
[SSH]     SSH server on node dut2 (device iol) is ready after 25.4 seconds
Config Deploying device configurations
 [INFO] Executing initial configuration for node x1
 [INFO] Executing initial configuration for node x2
 [INFO] Executing initial configuration for node r1
 [INFO] Executing bgp configuration for node x2
 [INFO] Executing bgp configuration for node x1
 [INFO] Executing ospf configuration for node r1
 [INFO] Executing bgp configuration for node r1
netmiko:  [INFO] Sent initial configuration to dut2
netmiko:  [INFO] Sent initial configuration to dut
netmiko:  [INFO] Sent bgp configuration to dut2
netmiko:  [INFO] Sent routing configuration to dut
netmiko:  [INFO] Sent ospf configuration to dut
netmiko:  [INFO] Sent bgp configuration to dut

Results of configuration script deployments
================================================================================
dut              Script:  initial,routing,ospf,bgp
dut2             Script:  initial,bgp
x1               Script:  initial,bgp
x2               Script:  initial,bgp
r1               Script:  initial,ospf,bgp


Use this topology to test the origination and propagation
of IPv4 prefixes.

