Creating Device configuration snippets
[CREATED] dut: initial,ospf,bgp
[CREATED] dut2: initial,bgp
[CREATED] x1: initial,bgp
[CREATED] x2: initial,bgp
[CREATED] r1: initial,ospf
Checking Are lab devices ready to be configured?
 [INFO] Checking SSH server(s) on dut,dut2
[SSH]     SSH server on node dut (device iol) is ready after 25.3 seconds
[SSH]     SSH server on node dut2 (device iol) is ready after 25.3 seconds
Config Deploying device configurations
 [INFO] Executing initial configuration for node x1
 [INFO] Executing initial configuration for node x2
 [INFO] Executing initial configuration for node r1
 [INFO] Executing bgp configuration for node x1
 [INFO] Executing bgp configuration for node x2
 [INFO] Executing ospf configuration for node r1
 [INFO] Starting Ansible playbook to deploy the rest of the
          configurations
[WARNING]: Found variable using reserved name: hosts

PLAY [Deploy initial device configuration] *************************************

TASK [Set variables that cannot be set with VARS] ******************************
ok: [dut]
ok: [dut2]

TASK [Normalize config on bridge-like devices] *********************************
included: /home/pipi/netlab_gh/netsim/ansible/tasks/deploy-module.yml for dut, dut2

TASK [Figure out whether to deploy the module normalize on current device] *****
ok: [dut]
ok: [dut2]

TASK [Find configuration template for normalize] *******************************
ok: [dut]
ok: [dut2]

TASK [fail] ********************************************************************
skipping: [dut]
skipping: [dut2]

TASK [Find configuration deployment deploy_script for normalize] ***************
ok: [dut]
ok: [dut2]

TASK [Print deployed configuration when running in verbose mode] ***************
skipping: [dut]
skipping: [dut2]

TASK [Deploy normalize configuration] ******************************************
skipping: [dut]
skipping: [dut2]

TASK [Deploy initial configuration] ********************************************
included: /home/pipi/netlab_gh/netsim/ansible/tasks/deploy-module.yml for dut, dut2

TASK [Figure out whether to deploy the module initial on current device] *******
ok: [dut]
ok: [dut2]

TASK [Find configuration template for initial] *********************************
ok: [dut]
ok: [dut2]

TASK [fail] ********************************************************************
skipping: [dut]
skipping: [dut2]

TASK [Find configuration deployment deploy_script for initial] *****************
ok: [dut]
ok: [dut2]

TASK [Print deployed configuration when running in verbose mode] ***************
ok: [dut] => {
    "msg": "initial configuration for dut\n=========================================\nhostname dut\n!\nno ip domain lookup\nlogging buffered 256000\n\n!\nlldp run\n!\nip host dut2 2001:db8:1::2 2001:db8:cafe:e01::2\nip host r1 2001:db8:1::5 2001:db8:3:2::2 2001:db8:bad:1::5\nip host x1 2001:db8:1::3 2001:db8:3::2\nip host x2 2001:db8:1::4 2001:db8:3:1::2\n!\nip routing\n!\nipv6 unicast-routing\n!\n!\ninterface Loopback0\n ipv6 address 2001:DB8:1::1/128\n!\ninterface Ethernet0/0\n no lldp transmit\n no lldp receive\n!\ninterface Ethernet0/1\n description dut -> x1 [external]\n ipv6 mtu 1500\n ipv6 nd ra interval 5\n ipv6 address 2001:DB8:3::1/64\n no shutdown\n!\ninterface Ethernet0/2\n description dut -> x2 [external]\n ipv6 mtu 1500\n ipv6 nd ra interval 5\n ipv6 address 2001:DB8:3:1::1/64\n no shutdown\n!\ninterface Ethernet0/3\n description dut -> r1\n ipv6 mtu 1500\n ipv6 nd ra interval 5\n ipv6 address 2001:DB8:3:2::1/64\n no shutdown\n!\ninterface Ethernet1/0\n description dut -> dut2 [external]\n ipv6 mtu 1500\n ipv6 nd ra interval 5\n ipv6 address 2001:DB8:CAFE:E01::1/64\n no shutdown\n!\ninterface Ethernet1/1\n description dut -> stub [stub]\n ipv6 mtu 1500\n ipv6 nd ra interval 5\n ipv6 address 2001:DB8:CAFE:E42::1/64\n no shutdown\n!\n!\nline vty 0 4\n exec-timeout 0 0 \n!\nno banner exec\nno banner login\nno banner incoming\n"
}
ok: [dut2] => {
    "msg": "initial configuration for dut2\n=========================================\nhostname dut2\n!\nno ip domain lookup\nlogging buffered 256000\n\n!\nlldp run\n!\nip host dut 2001:db8:1::1 2001:db8:3::1 2001:db8:3:1::1 2001:db8:3:2::1 2001:db8:cafe:e01::1 2001:db8:cafe:e42::1\nip host r1 2001:db8:1::5 2001:db8:3:2::2 2001:db8:bad:1::5\nip host x1 2001:db8:1::3 2001:db8:3::2\nip host x2 2001:db8:1::4 2001:db8:3:1::2\n!\nip routing\n!\nipv6 unicast-routing\n!\n!\ninterface Loopback0\n ipv6 address 2001:DB8:1::2/128\n!\ninterface Ethernet0/0\n no lldp transmit\n no lldp receive\n!\ninterface Ethernet0/1\n description dut2 -> dut [external]\n ipv6 mtu 1500\n ipv6 nd ra interval 5\n ipv6 address 2001:DB8:CAFE:E01::2/64\n no shutdown\n!\n!\nline vty 0 4\n exec-timeout 0 0 \n!\nno banner exec\nno banner login\nno banner incoming\n"
}

TASK [Deploy initial configuration] ********************************************
included: /home/pipi/netlab_gh/netsim/ansible/tasks/deploy-config/ios.yml for dut, dut2

TASK [ios_config: deploying initial from /work/netlab_cicd/node_files/dut/initial] ***
[WARNING]: To ensure idempotency and correct diff the input configuration lines
should be similar to how they appear if present in the running configuration on
device including the indentation
changed: [dut2]
changed: [dut]

PLAY [Deploy module-specific configurations] ***********************************

TASK [Set variables that cannot be set with VARS] ******************************
ok: [dut]
ok: [dut2]

TASK [Deploy individual configuration modules] *********************************
included: /home/pipi/netlab_gh/netsim/ansible/tasks/deploy-module.yml for dut, dut2 => (item=ospf)
included: /home/pipi/netlab_gh/netsim/ansible/tasks/deploy-module.yml for dut, dut2 => (item=bgp)

TASK [Figure out whether to deploy the module ospf on current device] **********
ok: [dut]
ok: [dut2]

TASK [Find configuration template for ospf] ************************************
skipping: [dut2]
ok: [dut]

TASK [fail] ********************************************************************
skipping: [dut]
skipping: [dut2]

TASK [Find configuration deployment deploy_script for ospf] ********************
skipping: [dut2]
ok: [dut]

TASK [Print deployed configuration when running in verbose mode] ***************
skipping: [dut2]
ok: [dut] => {
    "msg": "ospf configuration for dut\n=========================================\nrouter ospfv3 1\n router-id 10.0.0.1\n address-family ipv6 unicast\n  passive-interface Ethernet1/1\n!\ninterface Loopback0\n! \n ospfv3 1 ipv6 area 0.0.0.0\n!\ninterface Ethernet0/3\n! dut -> r1\n ospfv3 1 ipv6 area 0.0.0.0\n ospfv3 network point-to-point\n!\ninterface Ethernet1/1\n! dut -> stub\n ospfv3 1 ipv6 area 0.0.0.0\n!\n\n"
}

TASK [Deploy ospf configuration] ***********************************************
skipping: [dut2]
included: /home/pipi/netlab_gh/netsim/ansible/tasks/deploy-config/ios.yml for dut

TASK [ios_config: deploying ospf from /work/netlab_cicd/node_files/dut/ospf] ***
changed: [dut]

TASK [Figure out whether to deploy the module bgp on current device] ***********
ok: [dut]
ok: [dut2]

TASK [Find configuration template for bgp] *************************************
ok: [dut]
ok: [dut2]

TASK [fail] ********************************************************************
skipping: [dut]
skipping: [dut2]

TASK [Find configuration deployment deploy_script for bgp] *********************
ok: [dut]
ok: [dut2]

TASK [Print deployed configuration when running in verbose mode] ***************
ok: [dut] => {
    "msg": "bgp configuration for dut\n=========================================\n!\nip bgp-community new-format\n!\nrouter bgp 65000\n no bgp default ipv4-unicast\n bgp update-delay 5\n bgp nopeerup-delay cold-boot 1\n bgp nopeerup-delay user-initiated 1\n bgp router-id 10.0.0.1\n  neighbor 2001:db8:3::2 remote-as 65100\n  neighbor 2001:db8:3::2 description x1\n\n  neighbor 2001:db8:3:1::2 remote-as 65101\n  neighbor 2001:db8:3:1::2 description x2\n\n  neighbor 2001:db8:cafe:e01::2 remote-as 65001\n  neighbor 2001:db8:cafe:e01::2 description dut2\n\n!\n address-family ipv6\n  bgp scan-time 5\n!\n  network 2001:db8:bad:1::/64\n\n  network 2001:db8:cafe:e42::/64\n\n!\n  neighbor 2001:db8:3::2 activate\n  neighbor 2001:db8:3::2 advertisement-interval 0\n  neighbor 2001:db8:3::2 send-community standard\n\n  neighbor 2001:db8:3:1::2 activate\n  neighbor 2001:db8:3:1::2 advertisement-interval 0\n  neighbor 2001:db8:3:1::2 send-community standard\n\n  neighbor 2001:db8:cafe:e01::2 activate\n  neighbor 2001:db8:cafe:e01::2 advertisement-interval 0\n  neighbor 2001:db8:cafe:e01::2 send-community standard\n\n!\n"
}
ok: [dut2] => {
    "msg": "bgp configuration for dut2\n=========================================\n!\nip bgp-community new-format\n!\nrouter bgp 65001\n no bgp default ipv4-unicast\n bgp update-delay 5\n bgp nopeerup-delay cold-boot 1\n bgp nopeerup-delay user-initiated 1\n bgp router-id 10.0.0.2\n  neighbor 2001:db8:cafe:e01::1 remote-as 65000\n  neighbor 2001:db8:cafe:e01::1 description dut\n\n!\n address-family ipv6\n  bgp scan-time 5\n!\n  network 2001:db8:1::2/128\n\n!\n  neighbor 2001:db8:cafe:e01::1 activate\n  neighbor 2001:db8:cafe:e01::1 advertisement-interval 0\n  neighbor 2001:db8:cafe:e01::1 send-community standard\n\n!\n"
}

TASK [Deploy bgp configuration] ************************************************
included: /home/pipi/netlab_gh/netsim/ansible/tasks/deploy-config/ios.yml for dut, dut2

TASK [ios_config: deploying bgp from /work/netlab_cicd/node_files/dut/bgp] *****
changed: [dut2]
changed: [dut]

PLAY [Deploy custom deployment templates] **************************************
skipping: no hosts matched

PLAY RECAP *********************************************************************
dut                        : ok=27   changed=3    unreachable=0    failed=0    skipped=6    rescued=0    ignored=0   
dut2                       : ok=22   changed=2    unreachable=0    failed=0    skipped=10   rescued=0    ignored=0   

Results of configuration script deployments
================================================================================
x1               Script:  initial,bgp
x2               Script:  initial,bgp
r1               Script:  initial,ospf


Use this topology to test the origination and propagation
of IPv6 prefixes.

