Creating Device configuration snippets
[CREATED] dut: initial,routing,ospf,bgp
[CREATED] x1: initial,bgp
[CREATED] r2: initial,ospf
Checking Are lab devices ready to be configured?
 [INFO] Checking SSH server(s) on dut
[SSH]     SSH server on node dut (device iol) is ready after 25.6 seconds
Config Deploying device configurations
 [INFO] Executing initial configuration for node x1
 [INFO] Executing initial configuration for node r2
 [INFO] Executing ospf configuration for node r2
 [INFO] Executing bgp configuration for node x1
 [INFO] Starting Ansible playbook to deploy the rest of the
          configurations
[WARNING]: Found variable using reserved name: hosts

PLAY [Deploy initial device configuration] *************************************

TASK [Set variables that cannot be set with VARS] ******************************
ok: [dut]

TASK [Normalize config on bridge-like devices] *********************************
included: /home/pipi/netlab_gh/netsim/ansible/tasks/deploy-module.yml for dut

TASK [Figure out whether to deploy the module normalize on current device] *****
ok: [dut]

TASK [Find configuration template for normalize] *******************************
ok: [dut]

TASK [fail] ********************************************************************
skipping: [dut]

TASK [Find configuration deployment deploy_script for normalize] ***************
ok: [dut]

TASK [Print deployed configuration when running in verbose mode] ***************
skipping: [dut]

TASK [Deploy normalize configuration] ******************************************
skipping: [dut]

TASK [Deploy initial configuration] ********************************************
included: /home/pipi/netlab_gh/netsim/ansible/tasks/deploy-module.yml for dut

TASK [Figure out whether to deploy the module initial on current device] *******
ok: [dut]

TASK [Find configuration template for initial] *********************************
ok: [dut]

TASK [fail] ********************************************************************
skipping: [dut]

TASK [Find configuration deployment deploy_script for initial] *****************
ok: [dut]

TASK [Print deployed configuration when running in verbose mode] ***************
ok: [dut] => {
    "msg": "initial configuration for dut\n=========================================\nhostname dut\n!\nno ip domain lookup\nlogging buffered 256000\n\n!\nlldp run\n!\nip host r2 10.0.0.3 10.1.0.6 10.42.42.3 2001:db8:1:3::1 2001:db8:3:1::2 2001:db8:cafe:42::3\nip host x1 10.0.0.2 10.1.0.2 2001:db8:1:2::1 2001:db8:3::2\n!\nip routing\n!\nipv6 unicast-routing\n!\n!\ninterface Loopback0\n ip address 10.0.0.1 255.255.255.255\n ipv6 address 2001:DB8:1:1::1/64\n!\ninterface Ethernet0/0\n no lldp transmit\n no lldp receive\n!\ninterface Ethernet0/1\n description dut -> x1 [external]\n ip mtu 1500\n ipv6 mtu 1500\n ip address 10.1.0.1 255.255.255.252\n ipv6 nd ra interval 5\n ipv6 address 2001:DB8:3::1/64\n no shutdown\n!\ninterface Ethernet0/2\n description dut -> r2\n ip mtu 1500\n ipv6 mtu 1500\n ip address 10.1.0.5 255.255.255.252\n ipv6 nd ra interval 5\n ipv6 address 2001:DB8:3:1::1/64\n no shutdown\n!\n!\nline vty 0 4\n exec-timeout 0 0 \n!\nno banner exec\nno banner login\nno banner incoming\n"
}

TASK [Deploy initial configuration] ********************************************
included: /home/pipi/netlab_gh/netsim/ansible/tasks/deploy-config/ios.yml for dut

TASK [ios_config: deploying initial from /work/netlab_cicd/cisco_c/node_files/dut/initial] ***
[WARNING]: To ensure idempotency and correct diff the input configuration lines
should be similar to how they appear if present in the running configuration on
device including the indentation
changed: [dut]

PLAY [Deploy module-specific configurations] ***********************************

TASK [Set variables that cannot be set with VARS] ******************************
ok: [dut]

TASK [Deploy individual configuration modules] *********************************
included: /home/pipi/netlab_gh/netsim/ansible/tasks/deploy-module.yml for dut => (item=routing)
included: /home/pipi/netlab_gh/netsim/ansible/tasks/deploy-module.yml for dut => (item=ospf)
included: /home/pipi/netlab_gh/netsim/ansible/tasks/deploy-module.yml for dut => (item=bgp)

TASK [Figure out whether to deploy the module routing on current device] *******
ok: [dut]

TASK [Find configuration template for routing] *********************************
ok: [dut]

TASK [fail] ********************************************************************
skipping: [dut]

TASK [Find configuration deployment deploy_script for routing] *****************
ok: [dut]

TASK [Print deployed configuration when running in verbose mode] ***************
ok: [dut] => {
    "msg": "routing configuration for dut\n=========================================\n!\n!\nroute-map i_beacon-ipv4 permit 10\n  set metric 50\n  match ip address prefix-list p_beacon-ipv4\n!\nroute-map i_beacon-ipv6 permit 10\n  set metric 50\n  match ipv6 address prefix-list p_beacon-ipv6\n \n!\nip prefix-list p_beacon-ipv4 seq 10 permit 10.42.42.0/24\n!\nipv6 prefix-list p_beacon-ipv6 seq 10 permit 2001:db8:cafe:42::/64\n"
}

TASK [Deploy routing configuration] ********************************************
included: /home/pipi/netlab_gh/netsim/ansible/tasks/deploy-config/ios.yml for dut

TASK [ios_config: deploying routing from /work/netlab_cicd/cisco_c/node_files/dut/routing] ***
changed: [dut]

TASK [Figure out whether to deploy the module ospf on current device] **********
ok: [dut]

TASK [Find configuration template for ospf] ************************************
ok: [dut]

TASK [fail] ********************************************************************
skipping: [dut]

TASK [Find configuration deployment deploy_script for ospf] ********************
ok: [dut]

TASK [Print deployed configuration when running in verbose mode] ***************
ok: [dut] => {
    "msg": "ospf configuration for dut\n=========================================\nrouter ospf 1\n router-id 10.0.0.1\n\n!\ninterface Loopback0\n! \n ip ospf 1 area 0.0.0.0\n!\ninterface Ethernet0/2\n! dut -> r2\n ip ospf 1 area 0.0.0.0\n ip ospf network point-to-point\n!\n\nrouter ospfv3 1\n router-id 10.0.0.1\n address-family ipv6 unicast\n!\ninterface Loopback0\n! \n ospfv3 1 ipv6 area 0.0.0.0\n!\ninterface Ethernet0/2\n! dut -> r2\n ospfv3 1 ipv6 area 0.0.0.0\n ospfv3 network point-to-point\n!\n\n"
}

TASK [Deploy ospf configuration] ***********************************************
included: /home/pipi/netlab_gh/netsim/ansible/tasks/deploy-config/ios.yml for dut

TASK [ios_config: deploying ospf from /work/netlab_cicd/cisco_c/node_files/dut/ospf] ***
changed: [dut]

TASK [Figure out whether to deploy the module bgp on current device] ***********
ok: [dut]

TASK [Find configuration template for bgp] *************************************
ok: [dut]

TASK [fail] ********************************************************************
skipping: [dut]

TASK [Find configuration deployment deploy_script for bgp] *********************
ok: [dut]

TASK [Print deployed configuration when running in verbose mode] ***************
ok: [dut] => {
    "msg": "bgp configuration for dut\n=========================================\n!\nip bgp-community new-format\n!\nrouter bgp 65000\n no bgp default ipv4-unicast\n bgp update-delay 5\n bgp nopeerup-delay cold-boot 1\n bgp nopeerup-delay user-initiated 1\n bgp router-id 10.0.0.1\n  neighbor 10.1.0.2 remote-as 65100\n  neighbor 10.1.0.2 description x1\n\n  neighbor 2001:db8:3::2 remote-as 65100\n  neighbor 2001:db8:3::2 description x1\n\n!\n address-family ipv4\n  bgp scan-time 5\n  redistribute ospf 1 match internal external route-map i_beacon-ipv4\n\n!\n  network 10.0.0.1 mask 255.255.255.255\n\n!\n  neighbor 10.1.0.2 activate\n  neighbor 10.1.0.2 advertisement-interval 0\n  neighbor 10.1.0.2 send-community standard\n\n address-family ipv6\n  bgp scan-time 5\n  redistribute ospf 1 match internal external route-map i_beacon-ipv6\n\n!\n  network 2001:db8:1:1::/64\n\n!\n  neighbor 2001:db8:3::2 activate\n  neighbor 2001:db8:3::2 advertisement-interval 0\n  neighbor 2001:db8:3::2 send-community standard\n\n"
}

TASK [Deploy bgp configuration] ************************************************
included: /home/pipi/netlab_gh/netsim/ansible/tasks/deploy-config/ios.yml for dut

TASK [ios_config: deploying bgp from /work/netlab_cicd/cisco_c/node_files/dut/bgp] ***
changed: [dut]

PLAY [Deploy custom deployment templates] **************************************
skipping: no hosts matched

PLAY RECAP *********************************************************************
dut                        : ok=34   changed=4    unreachable=0    failed=0    skipped=7    rescued=0    ignored=0   

Results of configuration script deployments
================================================================================
x1               Script:  initial,bgp
r2               Script:  initial,ospf


Use this topology to test the import of OSPFv2 and OSPFv3 routes into BGP IPv4/IPv6 AF

