Creating Device configuration snippets
[CREATED] dut: initial,vlan,ospf
[CREATED] x1: initial,vlan,ospf
[CREATED] x2: initial,vlan,ospf
[CREATED] x3: initial,vlan,ospf
Checking Are lab devices ready to be configured?
 [INFO] Checking lab devices with an Ansible playbook
[WARNING]: Could not match supplied host pattern, ignoring: netlab_ready_ssh
[WARNING]: Found variable using reserved name: hosts

PLAY [Wait for SSH servers] ****************************************************
skipping: no hosts matched

PLAY [Wait for device-specific conditions] *************************************

TASK [Set variables that cannot be set with VARS] ******************************
ok: [dut]

TASK [Find device readiness script] ********************************************
ok: [dut]

TASK [Wait for device to become ready] *****************************************
included: /home/pipi/netlab_gh/netsim/ansible/tasks/readiness-check/srsim.yml for dut

TASK [Common SR-OS checks] *****************************************************
included: /home/pipi/netlab_gh/netsim/ansible/tasks/readiness-check/sros.yml for dut

TASK [Check that required plugin exists, use 'netlab install grpc' to install it] ***
ok: [dut]

TASK [Wait up to 180s for gNMI(TCP 57400) to be ready on 192.168.17.101] *******
ok: [dut -> localhost]

TASK [Update SR-SIM hardware configuration] ************************************
changed: [dut]

TASK [Get port 1/1/c1 status] **************************************************
FAILED - RETRYING: [dut]: Get port 1/1/c1 status (10 retries left).
FAILED - RETRYING: [dut]: Get port 1/1/c1 status (9 retries left).
FAILED - RETRYING: [dut]: Get port 1/1/c1 status (8 retries left).
FAILED - RETRYING: [dut]: Get port 1/1/c1 status (7 retries left).
ok: [dut]

PLAY RECAP *********************************************************************
dut                        : ok=8    changed=1    unreachable=0    failed=0    skipped=0    rescued=0    ignored=0   

Config Deploying device configurations
 [INFO] Executing initial configuration for node x1
 [INFO] Executing initial configuration for node x2
 [INFO] Executing initial configuration for node x3
 [INFO] Executing vlan configuration for node x1
 [INFO] Executing vlan configuration for node x2
 [INFO] Executing vlan configuration for node x3
 [INFO] Executing ospf configuration for node x1
 [INFO] Executing ospf configuration for node x2
 [INFO] Executing ospf configuration for node x3
 [INFO] Starting Ansible playbook to deploy the rest of the
          configurations
[WARNING]: Found variable using reserved name: hosts

PLAY [Deploy initial device configuration] *************************************

TASK [Set variables that cannot be set with VARS] ******************************
ok: [dut]

TASK [Normalize config on bridge-like devices] *********************************
included: /home/pipi/netlab_gh/netsim/ansible/tasks/deploy-module.yml for dut

TASK [Figure out whether to deploy the module normalize on current device] *****
ok: [dut]

TASK [Find configuration template for normalize] *******************************
ok: [dut]

TASK [fail] ********************************************************************
skipping: [dut]

TASK [Find configuration deployment deploy_script for normalize] ***************
ok: [dut]

TASK [Print deployed configuration when running in verbose mode] ***************
skipping: [dut]

TASK [Deploy normalize configuration] ******************************************
skipping: [dut]

TASK [Deploy initial configuration] ********************************************
included: /home/pipi/netlab_gh/netsim/ansible/tasks/deploy-module.yml for dut

TASK [Figure out whether to deploy the module initial on current device] *******
ok: [dut]

TASK [Find configuration template for initial] *********************************
ok: [dut]

TASK [fail] ********************************************************************
skipping: [dut]

TASK [Find configuration deployment deploy_script for initial] *****************
ok: [dut]

TASK [Print deployed configuration when running in verbose mode] ***************
ok: [dut] => {
    "msg": "initial configuration for dut\n=========================================\n\n\n\n\n\nupdates:\n- path: configure/card[slot-number=1]\n  val:\n    card-type: iom-1\n    mda:\n    - mda-slot: 1\n      mda-type: me12-100gb-qsfp28\n    - mda-slot: 2\n      mda-type: me12-100gb-qsfp28\n    slot-number: 1\n\n- path: configure/router[router-name=Base]\n  val:\n   ecmp: 64\n\n\n\n\n\n\n- path: configure/router[router-name=Base]/interface[interface-name=system]\n\n  val:\n   admin-state: enable\n   description: \"System interface\"\n   ipv4:\n    primary:\n     address: \"10.0.0.1\"\n     prefix-length: 32\n\n\n\n"
}

TASK [Deploy initial configuration] ********************************************
included: /home/pipi/netlab_gh/netsim/ansible/tasks/deploy-config/sros.yml for dut

TASK [Generate gNMI YAML configuration] ****************************************
ok: [dut]

TASK [Update initial node configuration from gNMI template /work/netlab_cicd/node_files/dut/initial] ***
changed: [dut]

TASK [debug] *******************************************************************
skipping: [dut]

PLAY [Deploy module-specific configurations] ***********************************

TASK [Set variables that cannot be set with VARS] ******************************
ok: [dut]

TASK [Deploy individual configuration modules] *********************************
included: /home/pipi/netlab_gh/netsim/ansible/tasks/deploy-module.yml for dut => (item=vlan)
included: /home/pipi/netlab_gh/netsim/ansible/tasks/deploy-module.yml for dut => (item=ospf)

TASK [Figure out whether to deploy the module vlan on current device] **********
ok: [dut]

TASK [Find configuration template for vlan] ************************************
ok: [dut]

TASK [fail] ********************************************************************
skipping: [dut]

TASK [Find configuration deployment deploy_script for vlan] ********************
ok: [dut]

TASK [Print deployed configuration when running in verbose mode] ***************
ok: [dut] => {
    "msg": "vlan configuration for dut\n=========================================\n\nupdates:\n\n\n- path: configure/port[port-id=1/1/c1]\n  val:\n   admin-state: enable\n   connector:\n    breakout: \"c1-100g\"\n- path: configure/port[port-id=1/1/c1/1]\n  val:\n   admin-state: enable\n   ethernet:\n    mode: access\n    encap-type: dot1q\n\n\n\n\n\n- path: configure/port[port-id=1/1/c2]\n  val:\n   admin-state: enable\n   connector:\n    breakout: \"c1-100g\"\n- path: configure/port[port-id=1/1/c2/1]\n  val:\n   admin-state: enable\n   ethernet:\n    mode: access\n\n\n- path: configure/service/vpls[service-name=vlan500]\n  val:\n   service-id: 10500\n   customer: \"1\"\n   description: \"[Access VLAN ospf_1] dut -> x1\"\n   sap:\n   - sap-id: 1/1/c2/1\n   admin-state: enable\n\n\n\n- path: configure/port[port-id=1/1/c3]\n  val:\n   admin-state: enable\n   connector:\n    breakout: \"c1-100g\"\n- path: configure/port[port-id=1/1/c3/1]\n  val:\n   admin-state: enable\n   ethernet:\n    mode: access\n\n\n- path: configure/service/vpls[service-name=vlan501]\n  val:\n   service-id: 10501\n   customer: \"1\"\n   description: \"[Access VLAN ospf_2] dut -> x2\"\n   sap:\n   - sap-id: 1/1/c3/1\n   admin-state: enable\n\n\n\n- path: configure/port[port-id=1/1/c1]\n  val:\n   admin-state: enable\n   connector:\n    breakout: \"c1-100g\"\n- path: configure/port[port-id=1/1/c1/1]\n  val:\n   admin-state: enable\n   ethernet:\n    encap-type: dot1q\n\n\n- path: configure/service/vpls[service-name=vlan502]\n  val:\n   service-id: 10502\n   customer: \"1\"\n   description: \"[SubIf VLAN ospf_3] dut -> x3\"\n   sap:\n   - sap-id: 1/1/c1/1:502\n   admin-state: enable\n\n\n\n\n\n- path: configure/service/ies[service-name=default]\n  val:\n   customer: \"1\"\n   admin-state: enable\n   service-id: 1\n#   ecmp: 64\n\n- path: configure/service/ies[service-name=default]/interface[interface-name=svi.500]\n\n  val:\n   admin-state: enable\n   description: \"VLAN ospf_1 (500) ~ [x1] ()\"\n   ip-mtu: 1400\n   ipv4:\n    primary:\n     address: \"172.16.0.1\"\n     prefix-length: 24\n\n\n\n- path: configure/service/vpls[service-name=vlan500]\n  val:\n   service-id: 10500\n   customer: \"1\"\n   description: \"VLAN ospf_1 (500) -> [x1]\"\n   admin-state: enable\n- path: configure/service/vpls[service-name=vlan500]\n  val:\n   routed-vpls: { }\n\n- path: configure/service/ies[service-name=default]\n  val:\n   interface:\n   - interface-name: svi.500\n     vpls:\n     - vpls-name: vlan500\n\n\n\n\n\n- path: configure/service/ies[service-name=default]\n  val:\n   customer: \"1\"\n   admin-state: enable\n   service-id: 1\n#   ecmp: 64\n\n- path: configure/service/ies[service-name=default]/interface[interface-name=svi.501]\n\n  val:\n   admin-state: enable\n   description: \"VLAN ospf_2 (501) ~ [x2] ()\"\n   ip-mtu: 1280\n   ipv4:\n    primary:\n     address: \"172.16.1.1\"\n     prefix-length: 24\n\n\n\n- path: configure/service/vpls[service-name=vlan501]\n  val:\n   service-id: 10501\n   customer: \"1\"\n   description: \"VLAN ospf_2 (501) -> [x2]\"\n   admin-state: enable\n- path: configure/service/vpls[service-name=vlan501]\n  val:\n   routed-vpls: { }\n\n- path: configure/service/ies[service-name=default]\n  val:\n   interface:\n   - interface-name: svi.501\n     vpls:\n     - vpls-name: vlan501\n\n\n\n\n\n- path: configure/service/ies[service-name=default]\n  val:\n   customer: \"1\"\n   admin-state: enable\n   service-id: 1\n#   ecmp: 64\n\n- path: configure/service/ies[service-name=default]/interface[interface-name=svi.502]\n\n  val:\n   admin-state: enable\n   description: \"VLAN ospf_3 (502) ~ [x3] ()\"\n   ip-mtu: 1320\n   ipv4:\n    primary:\n     address: \"172.16.2.1\"\n     prefix-length: 24\n\n\n\n- path: configure/service/vpls[service-name=vlan502]\n  val:\n   service-id: 10502\n   customer: \"1\"\n   description: \"VLAN ospf_3 (502) -> [x3]\"\n   admin-state: enable\n- path: configure/service/vpls[service-name=vlan502]\n  val:\n   routed-vpls: { }\n\n- path: configure/service/ies[service-name=default]\n  val:\n   interface:\n   - interface-name: svi.502\n     vpls:\n     - vpls-name: vlan502\n\n \n"
}

TASK [Deploy vlan configuration] ***********************************************
included: /home/pipi/netlab_gh/netsim/ansible/tasks/deploy-config/sros.yml for dut

TASK [Generate gNMI YAML configuration] ****************************************
ok: [dut]

TASK [Update vlan node configuration from gNMI template /work/netlab_cicd/node_files/dut/vlan] ***
changed: [dut]

TASK [debug] *******************************************************************
skipping: [dut]

TASK [Figure out whether to deploy the module ospf on current device] **********
ok: [dut]

TASK [Find configuration template for ospf] ************************************
ok: [dut]

TASK [fail] ********************************************************************
skipping: [dut]

TASK [Find configuration deployment deploy_script for ospf] ********************
ok: [dut]

TASK [Print deployed configuration when running in verbose mode] ***************
ok: [dut] => {
    "msg": "ospf configuration for dut\n=========================================\n\n\n\n\nupdates:\n\n\n- path: configure/router[router-name=Base]/ospf[ospf-instance=0]\n\n  val:\n    admin-state: enable\n    router-id: 10.0.0.1\n    area:\n    - area-id: \"0.0.0.0\"\n      interface:\n      - interface-name: \"system\"\n      - interface-name: \"svi.500\"\n        interface-type: \"point-to-point\"\n      - interface-name: \"svi.501\"\n        interface-type: \"point-to-point\"\n      - interface-name: \"svi.502\"\n        interface-type: \"point-to-point\"\n\n"
}

TASK [Deploy ospf configuration] ***********************************************
included: /home/pipi/netlab_gh/netsim/ansible/tasks/deploy-config/sros.yml for dut

TASK [Generate gNMI YAML configuration] ****************************************
ok: [dut]

TASK [Update ospf node configuration from gNMI template /work/netlab_cicd/node_files/dut/ospf] ***
changed: [dut]

TASK [debug] *******************************************************************
skipping: [dut]

PLAY [Deploy custom deployment templates] **************************************
skipping: no hosts matched

PLAY RECAP *********************************************************************
dut                        : ok=30   changed=3    unreachable=0    failed=0    skipped=9    rescued=0    ignored=0   

Results of configuration script deployments
================================================================================
x1               Script:  initial,vlan,ospf
x2               Script:  initial,vlan,ospf
x3               Script:  initial,vlan,ospf


This lab tests OSPF adjacencies on VLAN interfaces and trunks with non-default
MTU settings. The adjacency establishment could fail due to MTU mismatch.

Failure to establish X2-DUT adjacency means that the VLAN interface does not
get the correct MTU. Failure to establish X1-DUT adjacency indicates a
potential problem with system MTU. Failure to establish X3-DUT adjacency
indicates the MTU is not set correctly on VLAN/SVI interface.

