Creating Device configuration snippets
[CREATED] dut: normalize,initial,isis
[CREATED] x1: initial,isis
[CREATED] x2: initial,isis
Checking Are lab devices ready to be configured?
 [INFO] Checking SSH server(s) on dut
Config Deploying device configurations
 [INFO] Executing normalize configuration for node dut
 [INFO] Executing initial configuration for node x1
 [INFO] Executing initial configuration for node x2
 [INFO] Executing isis configuration for node x2
 [INFO] Executing isis configuration for node x1
 [INFO] Executing initial configuration for node dut
 [INFO] Executing isis configuration for node dut

Results of configuration script deployments
================================================================================
dut              Script:  normalize,initial,isis
x1               Script:  initial,isis
x2               Script:  initial,isis


This lab tests whether (large) IS-IS costs are correctly applied
to physical interfaces, and whether the device is using wide metrics.

