Checking virtualization provider installation
OK: clab installed and working correctly
Stopping clab nodes
10:30:31 INFO Parsing & checking topology file=clab.yml
10:30:31 INFO Parsing & checking topology file=clab.yml
10:30:31 INFO Destroying lab name=ml-85
10:30:32 INFO Removed container name=clab-ml-85-r2
10:30:32 INFO Removed container name=clab-ml-85-r4
10:30:32 INFO Removed container name=clab-ml-85-r1
10:30:32 INFO Removed container name=clab-ml-85-r3
10:30:32 INFO Removed container name=clab-ml-85-dut
10:30:32 INFO Removing host entries path=/etc/hosts
10:30:32 INFO Removing SSH config path=/etc/ssh/ssh_config.d/clab-ml-85.conf
Cleanup configuration files
... removing clab.yml
... removing ansible.cfg
... removing hosts.yml
... removing directory tree group_vars
... removing directory tree host_vars
... removing directory tree node_files
... removing netlab.snapshot.pickle
