Checking virtualization provider installation
OK: clab installed and working correctly
Stopping clab nodes
15:18:48 INFO Parsing & checking topology file=clab.yml
15:18:48 INFO Parsing & checking topology file=clab.yml
15:18:48 INFO Destroying lab name=ml-85
15:18:49 INFO Removed container name=clab-ml-85-h4
15:18:50 INFO Removed container name=clab-ml-85-h2
15:18:50 INFO Removed container name=clab-ml-85-h1
15:18:50 INFO Removed container name=clab-ml-85-rtr
15:18:50 INFO Removed container name=clab-ml-85-h3
15:18:50 INFO Removed container name=clab-ml-85-dut
15:18:50 INFO Removing host entries path=/etc/hosts
15:18:50 INFO Removing SSH config path=/etc/ssh/ssh_config.d/clab-ml-85.conf
Cleanup configuration files
... removing clab.yml
... removing ansible.cfg
... removing hosts.yml
... removing directory tree group_vars
... removing directory tree host_vars
... removing directory tree node_files
... removing netlab.snapshot.pickle
