Creating Device configuration snippets
[CREATED] dut_s1: normalize,initial,lag,vlan,ospf,bgp,vxlan,evpn,evpn.multihoming
[CREATED] dut_s2: normalize,initial,lag,vlan,ospf,bgp,vxlan,evpn,evpn.multihoming
[CREATED] x1: normalize,initial,lag,vlan
[CREATED] h1: initial,routing
[CREATED] h2: initial,routing
[CREATED] h3: initial,routing
Checking Are lab devices ready to be configured?
 [INFO] Checking SSH server(s) on dut_s1,dut_s2,x1
Config Normalizing device configurations
 [INFO] Executing normalize configuration for node dut_s1
 [INFO] Executing normalize configuration for node dut_s2
 [INFO] Executing normalize configuration for node x1
Config Deploying device configurations
 [INFO] Executing initial configuration for node dut_s1
 [INFO] Executing initial configuration for node dut_s2
 [INFO] Executing initial configuration for node x1
 [INFO] Executing initial configuration for node h1 (namespace clab-
          ml-17-h1)
 [INFO] Executing initial configuration for node h2 (namespace clab-
          ml-17-h2)
 [INFO] Executing initial configuration for node h3 (namespace clab-
          ml-17-h3)
 [INFO] Executing routing configuration for node h3 (namespace clab-
          ml-17-h3)
 [INFO] Executing routing configuration for node h2 (namespace clab-
          ml-17-h2)
 [INFO] Executing routing configuration for node h1 (namespace clab-
          ml-17-h1)
 [INFO] Executing lag configuration for node x1
 [INFO] Executing lag configuration for node dut_s2
 [INFO] Executing lag configuration for node dut_s1
 [INFO] Executing vlan configuration for node x1
 [INFO] Executing vlan configuration for node dut_s2
 [INFO] Executing vlan configuration for node dut_s1
 [INFO] Executing ospf configuration for node dut_s2
 [INFO] Executing ospf configuration for node dut_s1
 [INFO] Executing bgp configuration for node dut_s2
 [INFO] Executing bgp configuration for node dut_s1
 [INFO] Executing vxlan configuration for node dut_s2
 [INFO] Executing vxlan configuration for node dut_s1
 [INFO] Executing evpn configuration for node dut_s2
 [INFO] Executing evpn configuration for node dut_s1
 [INFO] Executing evpn.multihoming configuration for node dut_s2
 [INFO] Executing evpn.multihoming configuration for node dut_s1

Results of configuration script deployments
================================================================================
dut_s1           Script:  normalize,initial,lag,vlan,ospf,bgp,vxlan,evpn,evpn.multihoming
dut_s2           Script:  normalize,initial,lag,vlan,ospf,bgp,vxlan,evpn,evpn.multihoming
x1               Script:  normalize,initial,lag,vlan
h1               Script:  initial,routing
h2               Script:  initial,routing
h3               Script:  initial,routing


The devices under test are an ESI-LAG pair connected to an Arista EOS switch. The
Arista EOS switch should have a working LAG, and the attached hosts should be
able to ping each other.

This test is to test/demonstrate auto generation of ESI and LAG system ID (no evpn.ethernet_segments global stanza).

