Using transformed lab topology from snapshot file netlab.snapshot.pickle
Checking virtualization provider installation
OK: clab installed and working correctly
Starting clab nodes
 [INFO] Setting containerlab runtime to docker
provider clab: executing flock -E 42 /tmp/netlab.lock containerlab deploy --reconfigure -t clab.yml
07:31:42 INFO Containerlab started version=0.75.0
07:31:42 INFO Parsing & checking topology file=clab.yml
07:31:42 INFO Removing directory path=/work/netlab_cicd/clab-ml-17
07:31:42 INFO Creating docker network name=nl_mgmt_17 IPv4 subnet=192.168.17.0/24 IPv6 subnet=fd00:df:1ab:17::/64 MTU=0
07:31:42 WARN Node name will not resolve via DNS name=clab-ml-17-dut_s2 reason="name contains invalid characters such as '.' and/or '_'"
07:31:42 WARN Node name will not resolve via DNS name=clab-ml-17-dut_s1 reason="name contains invalid characters such as '.' and/or '_'"
07:31:42 INFO Creating lab directory path=/work/netlab_cicd/clab-ml-17
07:31:42 INFO Creating container name=h3
07:31:42 INFO Creating container name=h1
07:31:42 INFO Creating container name=h2
07:31:42 INFO Creating container name=dut_s1
07:31:42 INFO Creating container name=dut_s2
07:31:42 INFO Creating container name=x1
07:31:43 INFO Created link: dut_s1:et1 ▪┄┄▪ dut_s2:et1
07:31:43 INFO Created link: dut_s1:et3 ▪┄┄▪ h2:eth1
07:31:43 INFO Running postdeploy actions for Arista cEOS 'dut_s1' node
07:31:43 INFO Created link: dut_s1:et2 ▪┄┄▪ x1:et1
07:31:43 INFO Created link: dut_s2:et3 ▪┄┄▪ h3:eth1
07:31:43 INFO Running postdeploy actions for Arista cEOS 'dut_s2' node
07:31:43 INFO Created link: dut_s2:et2 ▪┄┄▪ x1:et2
07:31:43 INFO Created link: x1:et3 ▪┄┄▪ h1:eth1
07:31:43 INFO Running postdeploy actions for Arista cEOS 'x1' node
07:32:09 INFO Adding host entries path=/etc/hosts
07:32:09 INFO Adding SSH config for nodes path=/etc/ssh/ssh_config.d/clab-ml-17.conf
07:32:09 INFO containerlab version
  🎉=
  │ A newer containerlab version (0.79.0) is available!
  │ Release notes: https://containerlab.dev/rn/0.79/
  │ Run 'clab version upgrade' or see https://containerlab.dev/install/ for other installation options.
[1m╭[0m[1m───────────────────[0m[1m┬[0m[1m────────────────────[0m[1m┬[0m[1m─────────[0m[1m┬[0m[1m───────────────────[0m[1m╮[0m
[1m│[0m[1m        Name       [0m[1m│[0m[1m     Kind/Image     [0m[1m│[0m[1m  State  [0m[1m│[0m[1m   IPv4/6 Address  [0m[1m│[0m
[1m├[0m[1m───────────────────[0m[1m┼[0m[1m────────────────────[0m[1m┼[0m[1m─────────[0m[1m┼[0m[1m───────────────────[0m[1m┤[0m
│ clab-ml-17-dut_s1 │ ceos               │ running │ 192.168.17.101    │
│                   │ ceos:4.35.2F       │         │ fd00:df:1ab:17::5 │
├───────────────────┼────────────────────┼─────────┼───────────────────┤
│ clab-ml-17-dut_s2 │ ceos               │ running │ 192.168.17.102    │
│                   │ ceos:4.35.2F       │         │ fd00:df:1ab:17::6 │
├───────────────────┼────────────────────┼─────────┼───────────────────┤
│ clab-ml-17-h1     │ linux              │ running │ 192.168.17.104    │
│                   │ python:3.13-alpine │         │ fd00:df:1ab:17::4 │
├───────────────────┼────────────────────┼─────────┼───────────────────┤
│ clab-ml-17-h2     │ linux              │ running │ 192.168.17.105    │
│                   │ python:3.13-alpine │         │ fd00:df:1ab:17::2 │
├───────────────────┼────────────────────┼─────────┼───────────────────┤
│ clab-ml-17-h3     │ linux              │ running │ 192.168.17.106    │
│                   │ python:3.13-alpine │         │ fd00:df:1ab:17::3 │
├───────────────────┼────────────────────┼─────────┼───────────────────┤
│ clab-ml-17-x1     │ ceos               │ running │ 192.168.17.103    │
│                   │ ceos:4.35.2F       │         │ fd00:df:1ab:17::7 │
╰───────────────────┴────────────────────┴─────────┴───────────────────╯

Initial configuration skipped, run 'netlab initial' to configure the devices
