Checking virtualization provider installation
OK: clab installed and working correctly
Stopping clab nodes
provider clab: executing flock -E 42 /tmp/netlab.lock sudo -E containerlab destroy --cleanup -t clab.yml
06:04:45 INFO Parsing & checking topology file=clab.yml
06:04:45 INFO Parsing & checking topology file=clab.yml
06:04:45 INFO Destroying lab name=ml-17
06:04:46 INFO Removed container name=clab-ml-17-h2
06:04:46 INFO Removed container name=clab-ml-17-h1
06:04:46 INFO Removed container name=clab-ml-17-h3
06:04:47 INFO Removed container name=clab-ml-17-x1
06:04:47 INFO Removed container name=clab-ml-17-dut_s1
06:04:47 INFO Removed container name=clab-ml-17-dut_s2
06:04:47 INFO Removing host entries path=/etc/hosts
06:04:47 INFO Removing SSH config path=/etc/ssh/ssh_config.d/clab-ml-17.conf
Cleanup configuration files
... removing clab.yml
... removing ansible.cfg
... removing hosts.yml
... removing directory tree group_vars
... removing directory tree host_vars
... removing directory tree node_files
... removing netlab.snapshot.pickle
