Checking virtualization provider installation
OK: clab installed and working correctly
Stopping clab nodes
 [INFO] Setting containerlab runtime to docker
provider clab: executing flock -E 42 /tmp/netlab.lock containerlab destroy --cleanup -t clab.yml
11:34:42 INFO Parsing & checking topology file=clab.yml
11:34:42 INFO Parsing & checking topology file=clab.yml
11:34:42 INFO Destroying lab name=ml-17
11:34:43 INFO Removed container name=clab-ml-17-l1
11:34:43 INFO Removed container name=clab-ml-17-h3
11:34:43 INFO Removed container name=clab-ml-17-h1
11:34:43 INFO Removed container name=clab-ml-17-h2
11:34:43 INFO Removed container name=clab-ml-17-l3
11:34:43 INFO Removed container name=clab-ml-17-l2
11:34:44 INFO Removed container name=clab-ml-17-dut
11:34:44 INFO Removing host entries path=/etc/hosts
11:34:44 INFO Removing SSH config path=/etc/ssh/ssh_config.d/clab-ml-17.conf
Cleanup configuration files
... removing clab.yml
... removing ansible.cfg
... removing hosts.yml
... removing directory tree group_vars
... removing directory tree host_vars
... removing directory tree node_files
... removing netlab.snapshot.pickle
