Using transformed lab topology from snapshot file netlab.snapshot.pickle
Checking virtualization provider installation
OK: clab installed and working correctly
Starting clab nodes
provider clab: executing flock -E 42 /tmp/netlab.lock sudo -E containerlab deploy --reconfigure -t clab.yml
14:30:33 INFO Containerlab started version=0.75.0
14:30:33 INFO Parsing & checking topology file=clab.yml
14:30:33 INFO Removing directory path=/work/netlab_cicd/sample/clab-ml-32
14:30:33 INFO Creating docker network name=nl_mgmt_32 IPv4 subnet=192.168.32.0/24 IPv6 subnet="" MTU=0
14:30:34 INFO Creating lab directory path=/work/netlab_cicd/sample/clab-ml-32
14:30:34 INFO Creating container name=dut
14:30:34 INFO Creating container name=x1
14:30:34 INFO Created link: dut:eth1 ▪┄┄▪ x1:eth1
14:30:49 INFO Executed command node=x1 command="sleep 1" stdout=""
14:30:49 INFO Executed command node=dut command="sleep 15" stdout=""
14:30:49 INFO Adding host entries path=/etc/hosts
14:30:49 INFO Adding SSH config for nodes path=/etc/ssh/ssh_config.d/clab-ml-32.conf
[1m╭[0m[1m────────────────[0m[1m┬[0m[1m────────────────────────────────[0m[1m┬[0m[1m────────────────────[0m[1m┬[0m[1m────────────────[0m[1m╮[0m
[1m│[0m[1m      Name      [0m[1m│[0m[1m           Kind/Image           [0m[1m│[0m[1m        State       [0m[1m│[0m[1m IPv4/6 Address [0m[1m│[0m
[1m├[0m[1m────────────────[0m[1m┼[0m[1m────────────────────────────────[0m[1m┼[0m[1m────────────────────[0m[1m┼[0m[1m────────────────[0m[1m┤[0m
│ clab-ml-32-dut │ vr-ftosv                       │ running            │ 192.168.32.101 │
│                │ vrnetlab/dell_ftos10v:10.5.6.6 │ (health: starting) │ N/A            │
├────────────────┼────────────────────────────────┼────────────────────┼────────────────┤
│ clab-ml-32-x1  │ linux                          │ running            │ 192.168.32.102 │
│                │ quay.io/frrouting/frr:10.6.1   │                    │ N/A            │
╰────────────────┴────────────────────────────────┴────────────────────┴────────────────╯
Deploying initial device configurations
Creating Device configuration snippets
[CREATED] dut: normalize,initial,ospf
[CREATED] x1: initial,ospf
Checking Are lab devices ready to be configured?
 [INFO] Checking SSH server(s) on dut
[SSH]     SSH server on node dut (device dellos10) is ready after 46.2 seconds
Config Normalizing device configurations
[WARNING]: Found variable using reserved name: hosts

PLAY [Normalize device configurations] *****************************************

TASK [Set variables that cannot be set with VARS] ******************************
ok: [dut]

TASK [Normalize config on bridge-like devices] *********************************
included: /home/pipi/net101/tools/netsim/ansible/tasks/deploy-module.yml for dut

TASK [Figure out whether to deploy the module normalize on current device] *****
ok: [dut]

TASK [Find configuration template for normalize] *******************************
ok: [dut]

TASK [fail] ********************************************************************
skipping: [dut]

TASK [Find configuration deployment deploy_script for normalize] ***************
ok: [dut]

TASK [Print deployed configuration when running in verbose mode] ***************
ok: [dut] => {
    "msg": "normalize configuration for dut\n=========================================\n!\ninterface ethernet1/1/1\n shutdown\n"
}

TASK [Deploy normalize configuration] ******************************************
included: /home/pipi/net101/tools/netsim/ansible/tasks/deploy-config/dellos10.yml for dut

TASK [wait_for_connection] *****************************************************
ok: [dut]

TASK [dellos10_config: deploying normalize from /work/netlab_cicd/sample/node_files/dut/normalize, save to startup=yes] ***
changed: [dut]

PLAY RECAP *********************************************************************
dut                        : ok=9    changed=1    unreachable=0    failed=0    skipped=1    rescued=0    ignored=0   

Config Deploying device configurations
 [INFO] Executing initial configuration for node x1
 [INFO] Executing ospf configuration for node x1
 [INFO] Starting Ansible playbook to deploy the rest of the
          configurations
[WARNING]: Found variable using reserved name: hosts

PLAY [Deploy initial device configuration] *************************************

TASK [Set variables that cannot be set with VARS] ******************************
ok: [dut]

TASK [Deploy initial configuration] ********************************************
included: /home/pipi/net101/tools/netsim/ansible/tasks/deploy-module.yml for dut

TASK [Figure out whether to deploy the module initial on current device] *******
ok: [dut]

TASK [Find configuration template for initial] *********************************
ok: [dut]

TASK [fail] ********************************************************************
skipping: [dut]

TASK [Find configuration deployment deploy_script for initial] *****************
ok: [dut]

TASK [Print deployed configuration when running in verbose mode] ***************
ok: [dut] => {
    "msg": "initial configuration for dut\n=========================================\nhostname dut\n!\nlldp enable\n!\n!\nip host x1 10.0.0.2\n!\n!\ndefault mtu 1532\n!\ninterface mgmt1/1/1\n no lldp transmit\n no lldp receive\n!\ninterface loopback0\n no shutdown\n ip address 10.0.0.1/32\n no ipv6 enable\n!\ninterface ethernet1/1/1\n no shutdown\n no switchport\n description \"dut -> x1\"\n ip address 10.1.0.1/30\n ip unreachables\n no ipv6 enable\n!\n"
}

TASK [Deploy initial configuration] ********************************************
included: /home/pipi/net101/tools/netsim/ansible/tasks/deploy-config/dellos10.yml for dut

TASK [wait_for_connection] *****************************************************
ok: [dut]

TASK [dellos10_config: deploying initial from /work/netlab_cicd/sample/node_files/dut/initial, save to startup=yes] ***
changed: [dut]

PLAY [Deploy module-specific configurations] ***********************************

TASK [Set variables that cannot be set with VARS] ******************************
ok: [dut]

TASK [Deploy individual configuration modules] *********************************
included: /home/pipi/net101/tools/netsim/ansible/tasks/deploy-module.yml for dut => (item=ospf)

TASK [Figure out whether to deploy the module ospf on current device] **********
ok: [dut]

TASK [Find configuration template for ospf] ************************************
ok: [dut]

TASK [fail] ********************************************************************
skipping: [dut]

TASK [Find configuration deployment deploy_script for ospf] ********************
ok: [dut]

TASK [Print deployed configuration when running in verbose mode] ***************
ok: [dut] => {
    "msg": "ospf configuration for dut\n=========================================\n\nrouter ospf 1\n router-id 10.0.0.1\n\n\n\n timers lsa arrival 100\n timers spf 10 50 500\n timers throttle lsa all 100\n!\ninterface loopback0\n ip ospf 1 area 0.0.0.0\n ip ospf passive\n!\ninterface ethernet1/1/1\n! dut -> x1\n ip ospf 1 area 0.0.0.0\n ip ospf network point-to-point\n!\n\n"
}

TASK [Deploy ospf configuration] ***********************************************
included: /home/pipi/net101/tools/netsim/ansible/tasks/deploy-config/dellos10.yml for dut

TASK [wait_for_connection] *****************************************************
ok: [dut]

TASK [dellos10_config: deploying ospf from /work/netlab_cicd/sample/node_files/dut/ospf, save to startup=yes] ***
changed: [dut]

PLAY [Deploy custom deployment templates] **************************************
skipping: no hosts matched

PLAY RECAP *********************************************************************
dut                        : ok=18   changed=2    unreachable=0    failed=0    skipped=2    rescued=0    ignored=0   

Results of configuration script deployments
================================================================================
x1               Script:  initial,ospf


OK: Lab devices configured


This topology tests the "start with with configuration reload" functionality.
You should:

* Start the lab with "netlab up"
* Save the configuration with "netlab collect -o saved"
* Stop the lab with "netlab down"
* Restart the lab with "netlab up --snapshot --reload saved"
* Validate the results with "netlab validate"

[WARNING]: Found variable using reserved name: hosts

PLAY [Collect device configurations] *******************************************

TASK [Set variables that cannot be set with VARS] ******************************
ok: [x1]
ok: [dut]

TASK [Create '/work/netlab_cicd/sample/saved' directory] ***********************
ok: [dut -> localhost]

TASK [Find configuration collection script] ************************************
ok: [x1]
ok: [dut]

TASK [Collect device configurations] *******************************************
included: /home/pipi/net101/tools/netsim/ansible/tasks/fetch-config/dellos10.yml for dut
included: /home/pipi/net101/tools/netsim/ansible/tasks/fetch-config/frr.yml for x1

TASK [dellemc.os10.os10_facts] *************************************************
ok: [dut]

TASK [Save FRR running configuration to frr.conf] ******************************
changed: [x1]

TASK [Collect FRR configuration] ***********************************************
changed: [x1]

TASK [set_fact] ****************************************************************
ok: [x1]

TASK [Collect FRR daemons configuration] ***************************************
changed: [x1]

TASK [Save FRR daemons to /work/netlab_cicd/sample/saved/x1-daemons] ***********
changed: [x1 -> localhost]

TASK [Copy collected configuration to '/work/netlab_cicd/sample/saved' directory] ***
changed: [dut -> localhost]
changed: [x1 -> localhost]

PLAY RECAP *********************************************************************
dut                        : ok=6    changed=1    unreachable=0    failed=0    skipped=0    rescued=0    ignored=0   
x1                         : ok=9    changed=5    unreachable=0    failed=0    skipped=0    rescued=0    ignored=0   

cwd: /work/netlab_cicd/sample output: saved
Checking virtualization provider installation
OK: clab installed and working correctly
Stopping clab nodes
provider clab: executing flock -E 42 /tmp/netlab.lock sudo -E containerlab destroy --cleanup -t clab.yml
14:32:13 INFO Parsing & checking topology file=clab.yml
14:32:13 INFO Parsing & checking topology file=clab.yml
14:32:13 INFO Destroying lab name=ml-32
14:32:14 INFO Removed container name=clab-ml-32-x1
14:32:14 INFO Removed container name=clab-ml-32-dut
14:32:14 INFO Removing host entries path=/etc/hosts
14:32:14 INFO Removing SSH config path=/etc/ssh/ssh_config.d/clab-ml-32.conf
