Using transformed lab topology from snapshot file netlab.snapshot.pickle
Checking virtualization provider installation
OK: clab installed and working correctly
Starting clab nodes
provider clab: executing flock -E 42 /tmp/netlab.lock sudo -E containerlab deploy --reconfigure -t clab.yml
13:44:59 INFO Containerlab started version=0.75.0
13:44:59 INFO Parsing & checking topology file=clab.yml
13:44:59 INFO Removing directory path=/work/netlab_cicd/clab-ml-17
13:44:59 INFO Creating docker network name=nl_mgmt_17 IPv4 subnet=192.168.17.0/24 IPv6 subnet="" MTU=0
13:44:59 INFO Creating lab directory path=/work/netlab_cicd/clab-ml-17
13:44:59 INFO Creating container name=r3
13:44:59 INFO Creating container name=r4
13:44:59 INFO Creating container name=r1
13:44:59 INFO Creating container name=r2
13:45:00 INFO Created link: r1:eth2 ▪┄┄▪ r2:eth1
13:45:00 INFO Created link: r2:eth2 ▪┄┄▪ ml-17_3:bni17n2i2
13:45:00 INFO Created link: r3:eth1 ▪┄┄▪ ml-17_3:bni17n3i1
13:45:00 INFO Created link: r4:eth1 ▪┄┄▪ ml-17_3:bni17n4i1
13:45:01 INFO Executed command node=r2 command="sleep 1" stdout=""
13:45:01 INFO Executed command node=r1 command="sleep 1" stdout=""
13:45:01 INFO Executed command node=r4 command="sleep 1" stdout=""
13:45:01 INFO Executed command node=r3 command="sleep 1" stdout=""
13:45:01 INFO Adding host entries path=/etc/hosts
13:45:01 INFO Adding SSH config for nodes path=/etc/ssh/ssh_config.d/clab-ml-17.conf
[1m╭[0m[1m───────────────[0m[1m┬[0m[1m──────────────────────────────[0m[1m┬[0m[1m─────────[0m[1m┬[0m[1m────────────────[0m[1m╮[0m
[1m│[0m[1m      Name     [0m[1m│[0m[1m          Kind/Image          [0m[1m│[0m[1m  State  [0m[1m│[0m[1m IPv4/6 Address [0m[1m│[0m
[1m├[0m[1m───────────────[0m[1m┼[0m[1m──────────────────────────────[0m[1m┼[0m[1m─────────[0m[1m┼[0m[1m────────────────[0m[1m┤[0m
│ clab-ml-17-r1 │ linux                        │ running │ 192.168.17.101 │
│               │ quay.io/frrouting/frr:10.6.1 │         │ N/A            │
├───────────────┼──────────────────────────────┼─────────┼────────────────┤
│ clab-ml-17-r2 │ linux                        │ running │ 192.168.17.102 │
│               │ quay.io/frrouting/frr:10.6.1 │         │ N/A            │
├───────────────┼──────────────────────────────┼─────────┼────────────────┤
│ clab-ml-17-r3 │ linux                        │ running │ 192.168.17.103 │
│               │ quay.io/frrouting/frr:10.6.1 │         │ N/A            │
├───────────────┼──────────────────────────────┼─────────┼────────────────┤
│ clab-ml-17-r4 │ linux                        │ running │ 192.168.17.104 │
│               │ quay.io/frrouting/frr:10.6.1 │         │ N/A            │
╰───────────────┴──────────────────────────────┴─────────┴────────────────╯

Initial configuration skipped, run 'netlab initial' to configure the devices
