Creating Device configuration snippets
[CREATED] r1: normalize,initial,ospf
[CREATED] r2: normalize,initial,ospf
[CREATED] r3: initial,ospf
[CREATED] h1: initial,routing
[CREATED] h2: initial,routing
Checking Are lab devices ready to be configured?
 [INFO] Checking SSH server(s) on r1,r2
Config Normalizing device configurations
 [INFO] Executing normalize configuration for node r1
 [INFO] Executing normalize configuration for node r2
Config Deploying device configurations
 [INFO] Executing initial configuration for node r1
 [INFO] Executing initial configuration for node r2
 [INFO] Executing initial configuration for node r3
 [INFO] Executing initial configuration for node h1 (namespace clab-
          ml-17-h1)
 [INFO] Executing initial configuration for node h2 (namespace clab-
          ml-17-h2)
 [INFO] Executing routing configuration for node h1 (namespace clab-
          ml-17-h1)
 [INFO] Executing routing configuration for node h2 (namespace clab-
          ml-17-h2)
 [INFO] Executing ospf configuration for node r3
 [INFO] Executing ospf configuration for node r1
 [INFO] Executing ospf configuration for node r2

Results of configuration script deployments
================================================================================
r1               Script:  normalize,initial,ospf
r2               Script:  normalize,initial,ospf
r3               Script:  initial,ospf
h1               Script:  initial,routing
h2               Script:  initial,routing


Tests containers with custom management IP addresses and checks that netlab
can successfully configure them. It also checks the configuration of containers
disconnected from the management network.

