Using transformed lab topology from snapshot file netlab.snapshot.pickle
Checking virtualization provider installation
OK: clab installed and working correctly
Starting clab nodes
 [INFO] Setting containerlab runtime to docker
provider clab: executing flock -E 42 /tmp/netlab.lock containerlab deploy --reconfigure -t clab.yml
10:17:36 INFO Containerlab started version=0.79.0
10:17:37 INFO Parsing & checking topology file=clab.yml
10:17:37 INFO Removing directory path=/work/netlab_cicd/clab-ml-17
10:17:37 INFO Creating docker network name=nl_mgmt_17 IPv4 subnet=192.168.17.0/24 IPv6 subnet=fd00:df:1ab:17::/64 MTU=0
10:17:37 INFO Creating lab directory path=/work/netlab_cicd/clab-ml-17
10:17:37 INFO Creating container name=r2
10:17:37 INFO Creating container name=r1
10:17:37 INFO Running postdeploy actions for Arista cEOS 'r2' node
10:17:37 INFO Created link: r1:et1 ▪┄┄▪ r2:et1
10:17:37 INFO Running postdeploy actions for Arista cEOS 'r1' node
10:17:56 INFO Adding host entries path=/etc/hosts
10:17:56 INFO Adding SSH config for nodes path=/etc/ssh/ssh_config.d/clab-ml-17.conf
[1m╭[0m[1m───────────────[0m[1m┬[0m[1m──────────────[0m[1m┬[0m[1m─────────[0m[1m┬[0m[1m───────────────────[0m[1m╮[0m
[1m│[0m[1m      Name     [0m[1m│[0m[1m  Kind/Image  [0m[1m│[0m[1m  State  [0m[1m│[0m[1m   IPv4/6 Address  [0m[1m│[0m
[1m├[0m[1m───────────────[0m[1m┼[0m[1m──────────────[0m[1m┼[0m[1m─────────[0m[1m┼[0m[1m───────────────────[0m[1m┤[0m
│ clab-ml-17-r1 │ ceos         │ running │ 192.168.17.101    │
│               │ ceos:4.35.2F │         │ fd00:df:1ab:17::3 │
├───────────────┼──────────────┼─────────┼───────────────────┤
│ clab-ml-17-r2 │ ceos         │ running │ 192.168.17.102    │
│               │ ceos:4.35.2F │         │ fd00:df:1ab:17::2 │
╰───────────────┴──────────────┴─────────┴───────────────────╯

Initial configuration skipped, run 'netlab initial' to configure the devices
