Using transformed lab topology from snapshot file netlab.snapshot.pickle
Checking virtualization provider installation
OK: clab installed and working correctly
Starting clab nodes
 [INFO] Setting containerlab runtime to docker
provider clab: executing flock -E 42 /tmp/netlab.lock containerlab deploy --reconfigure -t clab.yml
15:17:49 INFO Containerlab started version=0.79.0
15:17:49 INFO Parsing & checking topology file=clab.yml
15:17:49 INFO Removing directory path=/work/netlab_cicd/clab-ml-17
15:17:49 INFO Creating docker network name=nl_mgmt_17 IPv4 subnet=192.168.17.0/24 IPv6 subnet=fd00:df:1ab:17::/64 MTU=0
15:17:49 INFO Creating lab directory path=/work/netlab_cicd/clab-ml-17
15:17:50 INFO Creating container name=sw
15:17:50 INFO Creating cluster "kc" ...
 kind-cluster=kc
15:17:50 INFO  • Ensuring node image (kindest/node:v1.34.3) 🖼  ...
 kind-cluster=kc
15:17:50 INFO  ✓ Ensuring node image (kindest/node:v1.34.3) 🖼
 kind-cluster=kc
15:17:50 INFO  • Preparing nodes 📦 📦 📦 📦   ...
 kind-cluster=kc
15:17:52 INFO  ✓ Preparing nodes 📦 📦 📦 📦 
 kind-cluster=kc
15:17:52 INFO  • Writing configuration 📜  ...
 kind-cluster=kc
15:17:53 INFO  ✓ Writing configuration 📜
 kind-cluster=kc
15:17:53 INFO  • Starting control-plane 🕹️  ...
 kind-cluster=kc
15:17:53 INFO Created link: sw:eth4 ▪┄┄▪ kc-worker3:eth1
15:17:53 INFO Created link: sw:eth2 ▪┄┄▪ kc-worker:eth1
15:17:53 INFO Created link: sw:eth1 ▪┄┄▪ kc-control-plane:eth1
15:17:53 INFO Created link: sw:eth3 ▪┄┄▪ kc-worker2:eth1
15:18:01 INFO  ✓ Starting control-plane 🕹️
 kind-cluster=kc
15:18:01 INFO  • Installing CNI 🔌  ...
 kind-cluster=kc
15:18:02 INFO  ✓ Installing CNI 🔌
 kind-cluster=kc
15:18:02 INFO  • Installing StorageClass 💾  ...
 kind-cluster=kc
15:18:02 INFO  ✓ Installing StorageClass 💾
 kind-cluster=kc
15:18:02 INFO  • Joining worker nodes 🚜  ...
 kind-cluster=kc
15:18:13 INFO  ✓ Joining worker nodes 🚜
 kind-cluster=kc
15:18:13 INFO  • Waiting ≤ 15m0s for control-plane = Ready ⏳  ...
 kind-cluster=kc
15:18:20 INFO  ✓ Waiting ≤ 15m0s for control-plane = Ready ⏳
 kind-cluster=kc
15:18:20 INFO  • Ready after 8s 💚 kind-cluster=kc
15:18:20 INFO Executed command node=sw command="sleep 1" stdout=""
15:18:20 INFO Adding host entries path=/etc/hosts
15:18:20 INFO Adding SSH config for nodes path=/etc/ssh/ssh_config.d/clab-ml-17.conf
[1m╭[0m[1m──────────────────[0m[1m┬[0m[1m──────────────────────────────[0m[1m┬[0m[1m─────────[0m[1m┬[0m[1m───────────────────────[0m[1m╮[0m
[1m│[0m[1m       Name       [0m[1m│[0m[1m          Kind/Image          [0m[1m│[0m[1m  State  [0m[1m│[0m[1m     IPv4/6 Address    [0m[1m│[0m
[1m├[0m[1m──────────────────[0m[1m┼[0m[1m──────────────────────────────[0m[1m┼[0m[1m─────────[0m[1m┼[0m[1m───────────────────────[0m[1m┤[0m
│ kc-control-plane │ ext-container                │ running │ 172.18.0.2            │
│                  │ kindest/node:v1.34.3         │         │ fc00:f853:ccd:e793::2 │
├──────────────────┼──────────────────────────────┼─────────┼───────────────────────┤
│ kc-worker        │ ext-container                │ running │ 172.18.0.5            │
│                  │ kindest/node:v1.34.3         │         │ fc00:f853:ccd:e793::5 │
├──────────────────┼──────────────────────────────┼─────────┼───────────────────────┤
│ kc-worker2       │ ext-container                │ running │ 172.18.0.3            │
│                  │ kindest/node:v1.34.3         │         │ fc00:f853:ccd:e793::3 │
├──────────────────┼──────────────────────────────┼─────────┼───────────────────────┤
│ kc-worker3       │ ext-container                │ running │ 172.18.0.4            │
│                  │ kindest/node:v1.34.3         │         │ fc00:f853:ccd:e793::4 │
├──────────────────┼──────────────────────────────┼─────────┼───────────────────────┤
│ clab-ml-17-sw    │ linux                        │ running │ 192.168.17.101        │
│                  │ quay.io/frrouting/frr:10.7.1 │         │ fd00:df:1ab:17::2     │
├──────────────────┼──────────────────────────────┼─────────┼───────────────────────┤
│ kc-control-plane │ k8s-kind                     │ running │ 172.18.0.2            │
│                  │ kindest/node:v1.34.3         │         │ fc00:f853:ccd:e793::2 │
├──────────────────┼──────────────────────────────┼─────────┼───────────────────────┤
│ kc-worker        │ k8s-kind                     │ running │ 172.18.0.5            │
│                  │ kindest/node:v1.34.3         │         │ fc00:f853:ccd:e793::5 │
├──────────────────┼──────────────────────────────┼─────────┼───────────────────────┤
│ kc-worker2       │ k8s-kind                     │ running │ 172.18.0.3            │
│                  │ kindest/node:v1.34.3         │         │ fc00:f853:ccd:e793::3 │
├──────────────────┼──────────────────────────────┼─────────┼───────────────────────┤
│ kc-worker3       │ k8s-kind                     │ running │ 172.18.0.4            │
│                  │ kindest/node:v1.34.3         │         │ fc00:f853:ccd:e793::4 │
╰──────────────────┴──────────────────────────────┴─────────┴───────────────────────╯

Initial configuration skipped, run 'netlab initial' to configure the devices
