Using transformed lab topology from snapshot file netlab.snapshot.pickle
Checking virtualization provider installation
OK: clab installed and working correctly
Starting clab nodes
 [INFO] Setting containerlab runtime to docker
provider clab: executing flock -E 42 /tmp/netlab.lock containerlab deploy --reconfigure -t clab.yml
15:18:25 INFO Containerlab started version=0.79.0
15:18:25 INFO Parsing & checking topology file=clab.yml
15:18:25 INFO Removing directory path=/work/netlab_cicd/clab-ml-17
15:18:25 INFO Creating docker network name=nl_mgmt_17 IPv4 subnet=192.168.17.0/24 IPv6 subnet=fd00:df:1ab:17::/64 MTU=0
15:18:25 INFO Creating lab directory path=/work/netlab_cicd/clab-ml-17
15:18:25 INFO Creating container name=r2
15:18:25 INFO Creating container name=r1
15:18:25 INFO Creating container name=r3
15:18:26 INFO Running postdeploy actions for Cisco IOL 'r1' node
15:18:26 INFO Running postdeploy actions for Cisco IOL 'r3' node
15:18:26 INFO Running postdeploy actions for Cisco IOL 'r2' node
15:18:26 INFO Created link: r1:eth1 (Ethernet0/1) ▪┄┄▪ ml-17_1:bni17n1i1
15:18:26 INFO Created link: r2:eth1 (Ethernet0/1) ▪┄┄▪ ml-17_1:bni17n2i1
15:18:26 INFO Created link: r3:eth1 (Ethernet0/1) ▪┄┄▪ ml-17_1:bni17n3i1
15:18:26 INFO Adding host entries path=/etc/hosts
15:18:26 INFO Adding SSH config for nodes path=/etc/ssh/ssh_config.d/clab-ml-17.conf
[1m╭[0m[1m───────────────[0m[1m┬[0m[1m─────────────────────────────[0m[1m┬[0m[1m─────────[0m[1m┬[0m[1m───────────────────[0m[1m╮[0m
[1m│[0m[1m      Name     [0m[1m│[0m[1m          Kind/Image         [0m[1m│[0m[1m  State  [0m[1m│[0m[1m   IPv4/6 Address  [0m[1m│[0m
[1m├[0m[1m───────────────[0m[1m┼[0m[1m─────────────────────────────[0m[1m┼[0m[1m─────────[0m[1m┼[0m[1m───────────────────[0m[1m┤[0m
│ clab-ml-17-r1 │ cisco_iol                   │ running │ 192.168.17.101    │
│               │ vrnetlab/cisco_iol:17.18.02 │         │ fd00:df:1ab:17::2 │
├───────────────┼─────────────────────────────┼─────────┼───────────────────┤
│ clab-ml-17-r2 │ cisco_iol                   │ running │ 192.168.17.102    │
│               │ vrnetlab/cisco_iol:17.18.02 │         │ fd00:df:1ab:17::3 │
├───────────────┼─────────────────────────────┼─────────┼───────────────────┤
│ clab-ml-17-r3 │ cisco_iol                   │ running │ 192.168.17.103    │
│               │ vrnetlab/cisco_iol:17.18.02 │         │ fd00:df:1ab:17::4 │
╰───────────────┴─────────────────────────────┴─────────┴───────────────────╯

Initial configuration skipped, run 'netlab initial' to configure the devices
