Checking virtualization provider installation
OK: clab installed and working correctly
Stopping clab nodes
 [INFO] Setting containerlab runtime to docker
provider clab: executing flock -E 42 /tmp/netlab.lock containerlab destroy --cleanup -t clab.yml
10:18:33 INFO Parsing & checking topology file=clab.yml
10:18:33 INFO Parsing & checking topology file=clab.yml
10:18:33 INFO Destroying lab name=ml-17
10:18:33 INFO Deleting kind cluster "kc"
10:18:33 WARN could not read logs for exited container "kc-control-plane": Error response from daemon: can not get logs from container which is dead or marked for removal
10:18:33 ERRO Unable to determine NetNS Path for node kc-control-plane: namespace path not available for container "kc-control-plane"
10:18:33 WARN could not read logs for exited container "kc-worker": Error response from daemon: can not get logs from container which is dead or marked for removal
10:18:33 ERRO Unable to determine NetNS Path for node kc-worker: namespace path not available for container "kc-worker"
10:18:33 WARN could not read logs for exited container "kc-worker2": Error response from daemon: can not get logs from container which is dead or marked for removal
10:18:33 ERRO Unable to determine NetNS Path for node kc-worker2: namespace path not available for container "kc-worker2"
10:18:33 WARN could not read logs for exited container "kc-worker3": Error response from daemon: can not get logs from container which is dead or marked for removal
10:18:33 ERRO Unable to determine NetNS Path for node kc-worker3: namespace path not available for container "kc-worker3"
10:18:34 INFO Removed container name=clab-ml-17-sw
10:18:34 INFO Deleted nodes: ["kc-worker3" "kc-worker2" "kc-control-plane" "kc-worker"] kind-cluster=kc
10:18:34 INFO Removing host entries path=/etc/hosts
10:18:34 INFO Removing SSH config path=/etc/ssh/ssh_config.d/clab-ml-17.conf
Cleanup configuration files
... removing clab.yml
... removing ansible.cfg
... removing hosts.yml
... removing directory tree group_vars
... removing directory tree host_vars
... removing directory tree node_files
... removing netlab.snapshot.pickle
