Checking virtualization provider installation
OK: clab installed and working correctly
Stopping clab nodes
18:04:57 INFO Parsing & checking topology file=clab.yml
18:04:57 INFO Parsing & checking topology file=clab.yml
18:04:57 INFO Destroying lab name=ml-85
18:04:58 INFO Removed container name=clab-ml-85-h2
18:04:58 INFO Removed container name=clab-ml-85-h3
18:04:58 INFO Removed container name=clab-ml-85-h1
18:04:58 INFO Removed container name=clab-ml-85-r
18:04:58 INFO Removing host entries path=/etc/hosts
18:04:58 INFO Removing SSH config path=/etc/ssh/ssh_config.d/clab-ml-85.conf
Cleanup configuration files
... removing clab.yml
... removing ansible.cfg
... removing hosts.yml
... removing directory tree group_vars
... removing directory tree host_vars
... removing directory tree node_files
... removing netlab.snapshot.pickle
