Checking virtualization provider installation
OK: clab installed and working correctly
Stopping clab nodes
09:09:39 INFO Parsing & checking topology file=clab.yml
09:09:39 INFO Parsing & checking topology file=clab.yml
09:09:39 INFO Destroying lab name=ml-85
09:09:40 INFO Removed container name=clab-ml-85-h1
09:09:40 INFO Removed container name=clab-ml-85-h2
09:09:40 INFO Removed container name=clab-ml-85-xr
09:09:40 INFO Removed container name=clab-ml-85-dut
09:09:40 INFO Removing host entries path=/etc/hosts
09:09:40 INFO Removing SSH config path=/etc/ssh/ssh_config.d/clab-ml-85.conf
Cleanup configuration files
... removing clab.yml
... removing ansible.cfg
... removing hosts.yml
... removing directory tree group_vars
... removing directory tree host_vars
... removing directory tree node_files
... removing netlab.snapshot.pickle
