Checking virtualization provider installation
OK: libvirt installed and working correctly
OK: clab installed and working correctly
Stopping clab nodes
03:24:52 INFO Parsing & checking topology file=clab-augment.yml
03:24:52 INFO Parsing & checking topology file=clab-augment.yml
03:24:52 INFO Destroying lab name=ml-85
03:24:53 INFO Removed container name=clab-ml-85-h2
03:24:53 INFO Removed container name=clab-ml-85-h1
03:24:53 INFO Removed container name=clab-ml-85-r2
03:24:53 INFO Removing host entries path=/etc/hosts
03:24:53 INFO Removing SSH config path=/etc/ssh/ssh_config.d/clab-ml-85.conf

Stopping libvirt nodes
[fog][WARNING] Unrecognized arguments: libvirt_ip_command
==> r1: Removing domain...
==> r1: Deleting the machine folder
Cleanup configuration files
... removing Vagrantfile
... removing clab-augment.yml
... removing ansible.cfg
... removing hosts.yml
... removing directory tree group_vars
... removing directory tree host_vars
... removing directory tree node_files
... removing netlab.snapshot.pickle
