Using transformed lab topology from snapshot file netlab.snapshot.pickle
Checking virtualization provider installation
OK: libvirt installed and working correctly
OK: clab installed and working correctly
Starting libvirt nodes
creating libvirt management network nl_mgmt_31
provider libvirt: executing flock -E 42 /tmp/netlab.lock vagrant up --provider libvirt
Bringing machine 'dut' up with 'libvirt' provider...
==> dut: Checking if box 'juniper/vptx' version '25.2R1.8' is up to date...
[fog][WARNING] Unrecognized arguments: libvirt_ip_command
==> dut: Creating image (snapshot of base box volume).
==> dut: Creating domain with the following settings...
==> dut:  -- Name:              ml-31_dut
==> dut:  -- Description:       Source: /work/netlab_cicd/junos/Vagrantfile
==> dut:  -- Domain type:       kvm
==> dut:  -- Cpus:              4
==> dut:  -- Feature:           acpi
==> dut:  -- Feature:           apic
==> dut:  -- Feature:           pae
==> dut:  -- Clock offset:      utc
==> dut:  -- Memory:            8192M
==> dut:  -- Management MAC:    ca:fe:00:01:00:00
==> dut:  -- Loader:            /usr/share/OVMF/OVMF_CODE_4M.fd
==> dut:  -- Nvram:             /var/lib/libvirt/qemu/nvram/dut.fd
==> dut:  -- Base box:          juniper/vptx
==> dut:  -- Storage pool:      default
==> dut:  -- Image(vda):        /var/lib/libvirt/images/ml-31_dut.img, virtio, 40G
==> dut:  -- Disk driver opts:  cache='default'
==> dut:  -- Graphics Type:     none
==> dut:  -- Video Type:        none
==> dut:  -- Video VRAM:        16384
==> dut:  -- Video 3D accel:    false
==> dut:  -- Keymap:            en-us
==> dut:  -- TPM Backend:       passthrough
==> dut:  -- Sysinfo:
==> dut:    -- BIOS:
==> dut:     -> vendor: Bochs
==> dut:     -> version: Bochs
==> dut:    -- System:
==> dut:     -> manufacturer: Bochs
==> dut:     -> product: Bochs
==> dut:     -> serial: chassis_no=0:slot=0:type=1:assembly_id=0x0D20:platform=251:master=0:channelized=no
==> dut:    -- Chassis:
==> dut:     -> manufacturer: Bochs
==> dut:  -- INPUT:             type=mouse, bus=ps2
==> dut: Creating shared folders metadata...
==> dut: Updating domain definition due to configuration change
==> dut: Starting domain.
==> dut: Waiting for domain to get an IP address...
==> dut: Waiting for machine to boot. This may take a few minutes...
    dut: SSH address: 192.168.31.101:22
    dut: SSH username: vagrant
    dut: SSH auth method: private key
==> dut: Machine booted and ready!
Starting clab nodes
Recreating clab-augment.yml configuration file for clab provider
Created provider configuration file: clab-augment.yml
provider clab: executing flock -E 42 /tmp/netlab.lock sudo -E containerlab deploy --reconfigure -t clab-augment.yml
06:10:31 INFO Containerlab started version=0.75.0
06:10:31 INFO Parsing & checking topology file=clab-augment.yml
06:10:31 INFO Removing directory path=/work/netlab_cicd/junos/clab-ml-31
06:10:31 INFO Creating docker network name=nl_mgmt_31 IPv4 subnet=192.168.31.0/24 IPv6 subnet="" MTU=0
06:10:31 INFO Creating lab directory path=/work/netlab_cicd/junos/clab-ml-31
06:10:32 INFO Creating container name=x1
06:10:32 INFO Created link: x1:eth1 ▪┄┄▪ virbr2:bni31n2i1
06:10:33 INFO Executed command node=x1 command="sleep 1" stdout=""
06:10:33 INFO Adding host entries path=/etc/hosts
06:10:33 INFO Adding SSH config for nodes path=/etc/ssh/ssh_config.d/clab-ml-31.conf
[1m╭[0m[1m───────────────[0m[1m┬[0m[1m──────────────────────────────[0m[1m┬[0m[1m─────────[0m[1m┬[0m[1m────────────────[0m[1m╮[0m
[1m│[0m[1m      Name     [0m[1m│[0m[1m          Kind/Image          [0m[1m│[0m[1m  State  [0m[1m│[0m[1m IPv4/6 Address [0m[1m│[0m
[1m├[0m[1m───────────────[0m[1m┼[0m[1m──────────────────────────────[0m[1m┼[0m[1m─────────[0m[1m┼[0m[1m────────────────[0m[1m┤[0m
│ clab-ml-31-x1 │ linux                        │ running │ 192.168.31.102 │
│               │ quay.io/frrouting/frr:10.6.1 │         │ N/A            │
╰───────────────┴──────────────────────────────┴─────────┴────────────────╯

Initial configuration skipped, run 'netlab initial' to configure the devices
Checking Are lab devices ready to be configured?
 [INFO] Checking lab devices with an Ansible playbook
[WARNING]: Could not match supplied host pattern, ignoring: netlab_ready_ssh
[WARNING]: Found variable using reserved name: hosts

PLAY [Wait for SSH servers] ****************************************************
skipping: no hosts matched

PLAY [Wait for device-specific conditions] *************************************

TASK [Set variables that cannot be set with VARS] ******************************
ok: [dut]

TASK [Find device readiness script] ********************************************
ok: [dut]

TASK [Wait for device to become ready] *****************************************
included: /home/pipi/netlab_gh/netsim/ansible/tasks/readiness-check/junos.yml for dut

TASK [set_fact] ****************************************************************
ok: [dut]

TASK [Wait for first interface (et-0/0/0)] *************************************
ok: [dut]

PLAY RECAP *********************************************************************
dut                        : ok=5    changed=0    unreachable=0    failed=0    skipped=0    rescued=0    ignored=0   

 [INFO] Lab devices are ready to be configured
initial:  [INFO] Lab devices do not need the configuration
          normalization step
[WARNING]: Found variable using reserved name: hosts

PLAY [Reload saved device configurations] **************************************

TASK [Did we get the configuration directory name?] ****************************
skipping: [dut]

TASK [Set variables that cannot be set with VARS] ******************************
ok: [dut]

TASK [Remember the original deployment path(s)] ********************************
ok: [dut]

TASK [Do initial device configuration if needed] *******************************
skipping: [dut]

TASK [Deploy saved configuration files] ****************************************
included: /home/pipi/netlab_gh/netsim/ansible/tasks/deploy-custom-config.yml for dut

TASK [Find configuration template] *********************************************
ok: [dut]

TASK [fail] ********************************************************************
skipping: [dut]

TASK [Check is the configuration template is a file] ***************************
ok: [dut -> localhost]

TASK [fail] ********************************************************************
skipping: [dut]

TASK [Process template /work/netlab_cicd/junos/node_files/dut/saved.cfg for dut] ***
skipping: [dut]

TASK [debug] *******************************************************************
skipping: [dut]

TASK [debug] *******************************************************************
skipping: [dut]

TASK [Find custom configuration deployment script] *****************************
ok: [dut]

TASK [Run the configuration deployment script] *********************************
included: /home/pipi/netlab_gh/netsim/ansible/tasks/deploy-config/junos.yml for dut

TASK [junos_config: deploying saved from /work/netlab_cicd/junos/node_files/dut/saved.cfg] ***
changed: [dut]

PLAY RECAP *********************************************************************
dut                        : ok=8    changed=1    unreachable=0    failed=0    skipped=7    rescued=0    ignored=0   

[CREATED] dut: initial,saved
Creating Device configuration snippets
[CREATED] x1: initial,ospf
Config Deploying device configurations
 [INFO] Executing initial configuration for node x1
 [INFO] Executing ospf configuration for node x1

Results of configuration script deployments
================================================================================
x1               Script:  initial,ospf


