Creating Device configuration snippets
[CREATED] dut_r1: initial,routing,ospf,tunnel.gre
[CREATED] dut_r2: initial,routing,ospf,tunnel.gre
[CREATED] core: initial
[CREATED] r3: initial,routing,ospf
Config Deploying device configurations
 [INFO] Executing initial configuration for node core
 [INFO] Executing initial configuration for node r3
 [INFO] Executing routing configuration for node r3
 [INFO] Executing ospf configuration for node r3
 [INFO] Starting Ansible playbook to deploy the rest of the
          configurations
[WARNING]: Found variable using reserved name: hosts

PLAY [Deploy initial device configuration] *************************************

TASK [Set variables that cannot be set with VARS] ******************************
ok: [dut_r1]
ok: [dut_r2]

TASK [Deploy initial configuration] ********************************************
included: /home/pipi/netlab_gh/netsim/ansible/tasks/deploy-module.yml for dut_r1, dut_r2

TASK [Figure out whether to deploy the module initial on current device] *******
ok: [dut_r1]
ok: [dut_r2]

TASK [Find configuration template for initial] *********************************
ok: [dut_r1]
ok: [dut_r2]

TASK [fail] ********************************************************************
skipping: [dut_r1]
skipping: [dut_r2]

TASK [Find configuration deployment deploy_script for initial] *****************
ok: [dut_r1]
ok: [dut_r2]

TASK [Print deployed configuration when running in verbose mode] ***************
ok: [dut_r1] => {
    "msg": "initial configuration for dut_r1\n=========================================\nset system host-name 'dut-r1'\n\n\n# In VyOS, GRE tunnels can be established over both IPv4 (encapsulation gre) and IPv6 (encapsulation ip6gre) transport networks.\n\nset interfaces tunnel tun0 encapsulation 'gre'\n\nset interfaces tunnel tun0 source-address 172.22.0.1\nset interfaces tunnel tun0 remote 172.22.1.2\n\n\nset interfaces dummy dum0 address 10.0.0.1/32\n\n\n\nset interfaces ethernet eth1 description 'dut_r1 -> core [core]'\n\n\nset interfaces ethernet eth1 address 172.22.0.1/24\n\n\n\n\n\nset interfaces tunnel tun0 description 'dut_r1 -> dut_r2 [GRE tunnel]'\n\n\nset interfaces tunnel tun0 address 10.1.0.5/30\n\n\n\n\nset service lldp interface all\n>/dev/null 2>/dev/null set service lldp interface eth0 disable\n>/dev/null 2>/dev/null set service lldp interface eth0 mode disable\n\n\n\ncommit\n\n# Restart FRR to pick up the new hostname\nsudo service frr restart\n"
}
ok: [dut_r2] => {
    "msg": "initial configuration for dut_r2\n=========================================\nset system host-name 'dut-r2'\n\n\n# In VyOS, GRE tunnels can be established over both IPv4 (encapsulation gre) and IPv6 (encapsulation ip6gre) transport networks.\n\nset interfaces tunnel tun0 encapsulation 'gre'\n\nset interfaces tunnel tun0 source-address 172.22.1.2\nset interfaces tunnel tun0 remote 172.22.0.1\n\n\nset interfaces dummy dum0 address 10.0.0.2/32\n\n\n\nset interfaces ethernet eth1 description 'dut_r2 -> core [core]'\n\n\nset interfaces ethernet eth1 address 172.22.1.2/24\n\n\n\n\n\nset interfaces ethernet eth2 description 'dut_r2 -> r3'\n\n\nset interfaces ethernet eth2 address 10.1.0.1/30\n\n\n\n\n\nset interfaces tunnel tun0 description 'dut_r2 -> dut_r1 [GRE tunnel]'\n\n\nset interfaces tunnel tun0 address 10.1.0.6/30\n\n\n\n\nset service lldp interface all\n>/dev/null 2>/dev/null set service lldp interface eth0 disable\n>/dev/null 2>/dev/null set service lldp interface eth0 mode disable\n\n\n\ncommit\n\n# Restart FRR to pick up the new hostname\nsudo service frr restart\n"
}

TASK [Deploy initial configuration] ********************************************
included: /home/pipi/netlab_gh/netsim/ansible/tasks/deploy-config/vyos.yml for dut_r1, dut_r2

TASK [set_fact] ****************************************************************
ok: [dut_r1]
ok: [dut_r2]

TASK [template] ****************************************************************
changed: [dut_r1]
changed: [dut_r2]

TASK [execute config-initial.sh to deploy initial config from /work/netlab_cicd/node_files/dut_r1/initial] ***
changed: [dut_r1]
changed: [dut_r2]

PLAY [Deploy module-specific configurations] ***********************************

TASK [Set variables that cannot be set with VARS] ******************************
ok: [dut_r1]
ok: [dut_r2]

TASK [Deploy individual configuration modules] *********************************
included: /home/pipi/netlab_gh/netsim/ansible/tasks/deploy-module.yml for dut_r1, dut_r2 => (item=routing)
included: /home/pipi/netlab_gh/netsim/ansible/tasks/deploy-module.yml for dut_r1, dut_r2 => (item=ospf)

TASK [Figure out whether to deploy the module routing on current device] *******
ok: [dut_r1]
ok: [dut_r2]

TASK [Find configuration template for routing] *********************************
ok: [dut_r1]
ok: [dut_r2]

TASK [fail] ********************************************************************
skipping: [dut_r1]
skipping: [dut_r2]

TASK [Find configuration deployment deploy_script for routing] *****************
ok: [dut_r1]
ok: [dut_r2]

TASK [Print deployed configuration when running in verbose mode] ***************
ok: [dut_r1] => {
    "msg": "routing configuration for dut_r1\n=========================================\n\n\n\n\n# Static routing\n\nset  protocols static route 172.22.0.0/16 next-hop 172.22.0.3 interface eth1\n"
}
ok: [dut_r2] => {
    "msg": "routing configuration for dut_r2\n=========================================\n\n\n\n\n# Static routing\n\nset  protocols static route 172.22.0.0/16 next-hop 172.22.1.3 interface eth1\n"
}

TASK [Deploy routing configuration] ********************************************
included: /home/pipi/netlab_gh/netsim/ansible/tasks/deploy-config/vyos.yml for dut_r1, dut_r2

TASK [set_fact] ****************************************************************
ok: [dut_r1]
ok: [dut_r2]

TASK [template] ****************************************************************
changed: [dut_r2]
changed: [dut_r1]

TASK [execute config-routing.sh to deploy routing config from /work/netlab_cicd/node_files/dut_r1/routing] ***
changed: [dut_r1]
changed: [dut_r2]

TASK [Figure out whether to deploy the module ospf on current device] **********
ok: [dut_r1]
ok: [dut_r2]

TASK [Find configuration template for ospf] ************************************
ok: [dut_r1]
ok: [dut_r2]

TASK [fail] ********************************************************************
skipping: [dut_r1]
skipping: [dut_r2]

TASK [Find configuration deployment deploy_script for ospf] ********************
ok: [dut_r1]
ok: [dut_r2]

TASK [Print deployed configuration when running in verbose mode] ***************
ok: [dut_r1] => {
    "msg": "ospf configuration for dut_r1\n=========================================\n\nset protocols ospf parameters router-id 10.0.0.1\n\n\n\n\nset protocols ospf interface dum0 passive\nset protocols ospf interface dum0 area 0.0.0.0\n\n\nset protocols ospf interface tun0 area 0.0.0.0\n\nset protocols ospf interface tun0 network point-to-point\n\n\n"
}
ok: [dut_r2] => {
    "msg": "ospf configuration for dut_r2\n=========================================\n\nset protocols ospf parameters router-id 10.0.0.2\n\n\n\n\nset protocols ospf interface dum0 passive\nset protocols ospf interface dum0 area 0.0.0.0\n\n\nset protocols ospf interface eth2 area 0.0.0.0\n\nset protocols ospf interface eth2 network point-to-point\n\n\n\nset protocols ospf interface tun0 area 0.0.0.0\n\nset protocols ospf interface tun0 network point-to-point\n\n\n"
}

TASK [Deploy ospf configuration] ***********************************************
included: /home/pipi/netlab_gh/netsim/ansible/tasks/deploy-config/vyos.yml for dut_r1, dut_r2

TASK [set_fact] ****************************************************************
ok: [dut_r1]
ok: [dut_r2]

TASK [template] ****************************************************************
changed: [dut_r1]
changed: [dut_r2]

TASK [execute config-ospf.sh to deploy ospf config from /work/netlab_cicd/node_files/dut_r1/ospf] ***
changed: [dut_r1]
changed: [dut_r2]

PLAY [Deploy custom deployment templates] **************************************

TASK [Run custom configuration deployment scripts] *****************************
included: /home/pipi/netlab_gh/netsim/ansible/tasks/deploy-custom-config.yml for dut_r1, dut_r2 => (item=tunnel.gre)

TASK [Find configuration template] *********************************************
ok: [dut_r1]
ok: [dut_r2]

TASK [fail] ********************************************************************
skipping: [dut_r1]
skipping: [dut_r2]

TASK [Check is the configuration template is a file] ***************************
ok: [dut_r1 -> localhost]
ok: [dut_r2 -> localhost]

TASK [fail] ********************************************************************
skipping: [dut_r1]
skipping: [dut_r2]

TASK [Process template /work/netlab_cicd/node_files/dut_r1/tunnel.gre for dut_r1] ***
skipping: [dut_r1]
skipping: [dut_r2]

TASK [debug] *******************************************************************
skipping: [dut_r1]
skipping: [dut_r2]

TASK [debug] *******************************************************************
skipping: [dut_r1]
skipping: [dut_r2]

TASK [Find custom configuration deployment script] *****************************
ok: [dut_r1]
ok: [dut_r2]

TASK [Run the configuration deployment script] *********************************
included: /home/pipi/netlab_gh/netsim/ansible/tasks/deploy-config/vyos.yml for dut_r1, dut_r2

TASK [set_fact] ****************************************************************
ok: [dut_r1]
ok: [dut_r2]

TASK [template] ****************************************************************
changed: [dut_r2]
changed: [dut_r1]

TASK [execute config-tunnel.gre.sh to deploy tunnel.gre config from /work/netlab_cicd/node_files/dut_r1/tunnel.gre] ***
changed: [dut_r1]
changed: [dut_r2]

PLAY RECAP *********************************************************************
dut_r1                     : ok=37   changed=8    unreachable=0    failed=0    skipped=8    rescued=0    ignored=0   
dut_r2                     : ok=37   changed=8    unreachable=0    failed=0    skipped=8    rescued=0    ignored=0   

Results of configuration script deployments
================================================================================
core             Script:  initial
r3               Script:  initial,routing,ospf


Test the GRE tunnels. The two tested devices have a GRE tunnel and run
OSPF over it. The probe should receive an OSPF route advertised from the
remote device (DUT_R1) and be able to ping its loopback.

