Checking virtualization provider installation
OK: libvirt installed and working correctly
OK: clab installed and working correctly
Stopping clab nodes
16:18:32 INFO Parsing & checking topology file=clab-augment.yml
16:18:32 INFO Parsing & checking topology file=clab-augment.yml
16:18:32 INFO Destroying lab name=ml-17
16:18:33 INFO Removed container name=clab-ml-17-ce1o
16:18:33 INFO Removed container name=clab-ml-17-ce1b
16:18:33 INFO Removed container name=clab-ml-17-ce2o
16:18:33 INFO Removed container name=clab-ml-17-ce2b
16:18:33 INFO Removed container name=clab-ml-17-p
16:18:33 INFO Removing host entries path=/etc/hosts
16:18:33 INFO Removing SSH config path=/etc/ssh/ssh_config.d/clab-ml-17.conf

Stopping libvirt nodes
[fog][WARNING] Unrecognized arguments: libvirt_ip_command
[fog][WARNING] Unrecognized arguments: libvirt_ip_command
==> s2: Removing domain...
==> s2: Deleting the machine folder
==> dut: Removing domain...
==> dut: Deleting the machine folder
Cleanup configuration files
... removing Vagrantfile
... removing clab-augment.yml
... removing ansible.cfg
... removing hosts.yml
... removing directory tree group_vars
... removing directory tree host_vars
... removing directory tree node_files
... removing netlab.snapshot.pickle
