Creating Device configuration snippets
[CREATED] dut: initial
[CREATED] h1: initial,routing
[CREATED] h2: initial,routing
[CREATED] h3: initial,routing
Config Deploying device configurations
 [INFO] Executing initial configuration for node h1 (namespace clab-
          ml-17-h1)
 [INFO] Executing initial configuration for node h2 (namespace clab-
          ml-17-h2)
 [INFO] Executing initial configuration for node h3 (namespace clab-
          ml-17-h3)
 [INFO] Executing routing configuration for node h3 (namespace clab-
          ml-17-h3)
 [INFO] Executing routing configuration for node h2 (namespace clab-
          ml-17-h2)
 [INFO] Executing routing configuration for node h1 (namespace clab-
          ml-17-h1)
 [INFO] Starting Ansible playbook to deploy the rest of the
          configurations
[WARNING]: Found variable using reserved name: hosts

PLAY [Deploy initial device configuration] *************************************

TASK [Set variables that cannot be set with VARS] ******************************
ok: [dut]

TASK [Deploy initial configuration] ********************************************
included: /home/pipi/netlab_gh/netsim/ansible/tasks/deploy-module.yml for dut

TASK [Figure out whether to deploy the module initial on current device] *******
ok: [dut]

TASK [Find configuration template for initial] *********************************
ok: [dut]

TASK [fail] ********************************************************************
skipping: [dut]

TASK [Find configuration deployment deploy_script for initial] *****************
ok: [dut]

TASK [Print deployed configuration when running in verbose mode] ***************
ok: [dut] => {
    "msg": "initial configuration for dut\n=========================================\n#!/bin/sh\n\nset -e # Exit immediately when any command fails\nset -x # Track commands for troubleshooting\n\nhostname dut\n#\n# Build hosts file\n#\n#\ncat <<'SCRIPT' >/tmp/hosts\n#\n# Created by netlab initial\n#\n10.0.0.132 dut\n2001:db8:0:84::1 dut\n172.16.0.132 vio1.dut\n2001:db8:1::84 vio1.dut\n172.16.1.132 vio2.dut\n2001:db8:1:1::84 vio2.dut\n172.16.2.132 vio3.dut\n2001:db8:1:2::84 vio3.dut\n172.16.0.1 h1 eth1.h1\n2001:db8:1::1 h1 eth1.h1\n172.16.1.2 h2 eth1.h2\n2001:db8:1:1::2 h2 eth1.h2\n172.16.2.3 h3 eth1.h3\n2001:db8:1:2::3 h3 eth1.h3\nSCRIPT\ngrep \"Created by netlab\" /etc/hosts || uniq /tmp/hosts >>/etc/hosts\n\n#\n# Enable forwarding\n#\nsysctl net.inet.ip.forwarding=1\nsysctl net.inet6.ip6.forwarding=1\necho -n > /etc/rad.conf\n\n#\n# Interface configuration\n#\nifconfig lo0 inet 10.0.0.132/32 alias\necho interface lo0 >> /etc/rad.conf\nifconfig lo0 inet6 2001:db8:0:84::1/64\nifconfig lo0 up\n\n\n\n\nifconfig vio1 -inet\nifconfig vio1 -inet6\nifconfig vio1 inet 172.16.0.132/24 \necho interface vio1 >> /etc/rad.conf\nifconfig vio1 inet6 2001:db8:1::84/64\nifconfig vio1 mtu 1500\nifconfig vio1 description \"dut -> h1\"\nifconfig vio1 up\n\nifconfig vio2 -inet\nifconfig vio2 -inet6\nifconfig vio2 inet 172.16.1.132/24 \necho interface vio2 >> /etc/rad.conf\nifconfig vio2 inet6 2001:db8:1:1::84/64\nifconfig vio2 mtu 1500\nifconfig vio2 description \"dut -> h2\"\nifconfig vio2 up\n\nifconfig vio3 -inet\nifconfig vio3 -inet6\nifconfig vio3 inet 172.16.2.132/24 \necho interface vio3 >> /etc/rad.conf\nifconfig vio3 inet6 2001:db8:1:2::84/64\nifconfig vio3 mtu 1500\nifconfig vio3 description \"dut -> h3\"\nifconfig vio3 down\n\n\n#\n# (re-)start RA daemon\n#\npkill -q rad || true\nrad\n"
}

TASK [Deploy initial configuration] ********************************************
included: /home/pipi/netlab_gh/netsim/ansible/tasks/deploy-config/openbsd.yml for dut

TASK [template] ****************************************************************
changed: [dut]

TASK [Execute /tmp/config.sh to deploy initial config from /work/netlab_cicd/node_files/dut/initial] ***
changed: [dut]

PLAY [Deploy module-specific configurations] ***********************************
skipping: no hosts matched

PLAY [Deploy custom deployment templates] **************************************
skipping: no hosts matched

PLAY RECAP *********************************************************************
dut                        : ok=9    changed=2    unreachable=0    failed=0    skipped=1    rescued=0    ignored=0   

Results of configuration script deployments
================================================================================
h1               Script:  initial,routing
h2               Script:  initial,routing
h3               Script:  initial,routing


This scenario tests basic interface, IPv4, and IPv6 configuration, including generation of IPv6 Router Advertisements
