Checking virtualization provider installation
OK: libvirt installed and working correctly
OK: clab installed and working correctly
Stopping clab nodes
00:04:34 INFO Parsing & checking topology file=clab-augment.yml
00:04:34 INFO Parsing & checking topology file=clab-augment.yml
00:04:34 INFO Destroying lab name=ml-85
00:04:35 INFO Removed container name=clab-ml-85-d4
00:04:35 INFO Removed container name=clab-ml-85-d3
00:04:35 INFO Removed container name=clab-ml-85-d1
00:04:35 INFO Removed container name=clab-ml-85-r4
00:04:35 INFO Removed container name=clab-ml-85-r2
00:04:35 INFO Removed container name=clab-ml-85-d2
00:04:35 INFO Removed container name=clab-ml-85-r3
00:04:35 INFO Removed container name=clab-ml-85-r1
00:04:35 INFO Removing host entries path=/etc/hosts
00:04:35 INFO Removing SSH config path=/etc/ssh/ssh_config.d/clab-ml-85.conf

Stopping libvirt nodes
[fog][WARNING] Unrecognized arguments: libvirt_ip_command
[fog][WARNING] Unrecognized arguments: libvirt_ip_command
[fog][WARNING] Unrecognized arguments: libvirt_ip_command
[fog][WARNING] Unrecognized arguments: libvirt_ip_command
==> s4: Removing domain...
==> s4: Deleting the machine folder
==> s3: Removing domain...
==> s3: Deleting the machine folder
==> s2: Removing domain...
==> s2: Deleting the machine folder
==> s1: Removing domain...
==> s1: Deleting the machine folder
Cleanup configuration files
... removing Vagrantfile
... removing clab-augment.yml
... removing ansible.cfg
... removing hosts.yml
... removing directory tree group_vars
... removing directory tree host_vars
... removing directory tree node_files
... removing netlab.snapshot.pickle
