[CONFIG]  dut_s1: normalize,initial,lag,vlan
[CONFIG]  dut_s2: normalize,initial,lag,vlan
[CONFIG]  x1: normalize,initial,lag,vlan
[CONFIG]  h1: initial,routing,hosts
[CONFIG]  h2: initial,routing,hosts (shared)
[CONFIG]  h3: initial,routing,hosts (shared)
Created provider configuration file: Vagrantfile
Creating configuration file for secondary provider clab
Created provider configuration file: clab-augment.yml
Created pickled transformed topology data into netlab.snapshot.pickle
Created group_vars for all
Created group_vars for modules
Created group_vars for dellos10
Created host_vars for dut_s1, dut_s2
Created group_vars for eos
Created host_vars for x1
Created group_vars for linux
Created host_vars for h1, h2, h3
Created minimized Ansible inventory hosts.yml
Created Ansible configuration file: ansible.cfg
