Using transformed lab topology from snapshot file netlab.snapshot.pickle
Checking virtualization provider installation
OK: clab installed and working correctly
Starting clab nodes
Loading Linux kernel modules mpls-router,mpls-iptunnel required by containers using mpls module
provider clab: executing sudo -E containerlab deploy --reconfigure -t clab.yml
14:44:42 INFO Containerlab started version=0.74.2
14:44:42 INFO Parsing & checking topology file=clab.yml
14:44:42 INFO Removing directory path=/work/netlab_cicd/clab-ml-17
14:44:42 INFO Creating docker network name=nl_mgmt_17 IPv4 subnet=192.168.17.0/24 IPv6 subnet="" MTU=0
14:44:42 INFO Creating lab directory path=/work/netlab_cicd/clab-ml-17
14:44:42 INFO Creating container name=h2
14:44:42 INFO Creating container name=core
14:44:42 INFO Creating container name=h1
14:44:42 INFO Creating container name=pe2
14:44:42 INFO Creating container name=dut
14:44:43 INFO Creating container name=pe1
14:44:43 INFO Created link: pe2:et1 ▪┄┄▪ core:eth3
14:44:43 INFO Created link: h2:eth1 ▪┄┄▪ pe2:et2
14:44:43 INFO Running postdeploy actions for Arista cEOS 'pe2' node
14:44:43 INFO Created link: core:eth1 ▪┄┄▪ dut:et1
14:44:43 INFO Running postdeploy actions for Arista cEOS 'dut' node
14:44:44 INFO Created link: pe1:et1 ▪┄┄▪ core:eth2
14:44:44 INFO Created link: h1:eth1 ▪┄┄▪ pe1:et2
14:44:44 INFO Running postdeploy actions for Arista cEOS 'pe1' node
14:45:24 INFO Executed command node=core command="sleep 1" stdout=""
14:45:24 INFO Adding host entries path=/etc/hosts
14:45:24 INFO Adding SSH config for nodes path=/etc/ssh/ssh_config.d/clab-ml-17.conf
14:45:24 INFO containerlab version
  🎉=
  │ A newer containerlab version (0.74.3) is available!
  │ Release notes: https://containerlab.dev/rn/0.74/#0743
  │ Run 'clab version upgrade' or see https://containerlab.dev/install/ for other installation options.
[1m╭[0m[1m─────────────────[0m[1m┬[0m[1m──────────────────────────────[0m[1m┬[0m[1m─────────[0m[1m┬[0m[1m────────────────[0m[1m╮[0m
[1m│[0m[1m       Name      [0m[1m│[0m[1m          Kind/Image          [0m[1m│[0m[1m  State  [0m[1m│[0m[1m IPv4/6 Address [0m[1m│[0m
[1m├[0m[1m─────────────────[0m[1m┼[0m[1m──────────────────────────────[0m[1m┼[0m[1m─────────[0m[1m┼[0m[1m────────────────[0m[1m┤[0m
│ clab-ml-17-core │ linux                        │ running │ 192.168.17.105 │
│                 │ quay.io/frrouting/frr:10.6.0 │         │ N/A            │
├─────────────────┼──────────────────────────────┼─────────┼────────────────┤
│ clab-ml-17-dut  │ ceos                         │ running │ 192.168.17.106 │
│                 │ ceos:4.35.2F                 │         │ N/A            │
├─────────────────┼──────────────────────────────┼─────────┼────────────────┤
│ clab-ml-17-h1   │ linux                        │ running │ 192.168.17.101 │
│                 │ python:3.13-alpine           │         │ N/A            │
├─────────────────┼──────────────────────────────┼─────────┼────────────────┤
│ clab-ml-17-h2   │ linux                        │ running │ 192.168.17.102 │
│                 │ python:3.13-alpine           │         │ N/A            │
├─────────────────┼──────────────────────────────┼─────────┼────────────────┤
│ clab-ml-17-pe1  │ ceos                         │ running │ 192.168.17.103 │
│                 │ ceos:4.35.2F                 │         │ N/A            │
├─────────────────┼──────────────────────────────┼─────────┼────────────────┤
│ clab-ml-17-pe2  │ ceos                         │ running │ 192.168.17.104 │
│                 │ ceos:4.35.2F                 │         │ N/A            │
╰─────────────────┴──────────────────────────────┴─────────┴────────────────╯

Initial configuration skipped, run 'netlab initial' to configure the devices
