Using transformed lab topology from snapshot file netlab.snapshot.pickle
Checking virtualization provider installation
OK: libvirt installed and working correctly
OK: clab installed and working correctly
Starting libvirt nodes
creating libvirt management network nl_mgmt_85
provider libvirt: executing vagrant up --provider libvirt
Bringing machine 's1' up with 'libvirt' provider...
Bringing machine 's2' up with 'libvirt' provider...
Bringing machine 's3' up with 'libvirt' provider...
Bringing machine 's4' up with 'libvirt' provider...
==> s3: Checking if box 'netlab/frr' version '10.5.1' is up to date...
==> s2: Checking if box 'netlab/frr' version '10.5.1' is up to date...
==> s4: Checking if box 'netlab/frr' version '10.5.1' is up to date...
[fog][WARNING] Unrecognized arguments: libvirt_ip_command
[fog][WARNING] Unrecognized arguments: libvirt_ip_command
==> s2: Creating image (snapshot of base box volume).
==> s4: Creating image (snapshot of base box volume).
==> s2: Creating domain with the following settings...
==> s4: Creating domain with the following settings...
==> s2:  -- Name:              ml-85_s2
==> s4:  -- Name:              ml-85_s4
==> s2:  -- Description:       Source: /work/netlab_cicd/other_vm/Vagrantfile
==> s4:  -- Description:       Source: /work/netlab_cicd/other_vm/Vagrantfile
==> s2:  -- Domain type:       kvm
==> s4:  -- Domain type:       kvm
==> s2:  -- Cpus:              1
==> s4:  -- Cpus:              1
==> s2:  -- Feature:           acpi
==> s4:  -- Feature:           acpi
==> s2:  -- Feature:           apic
==> s4:  -- Feature:           apic
==> s2:  -- Feature:           pae
==> s4:  -- Feature:           pae
==> s2:  -- Clock offset:      utc
==> s4:  -- Clock offset:      utc
==> s2:  -- Memory:            1024M
==> s4:  -- Memory:            1024M
==> s2:  -- Management MAC:    ca:fe:00:02:00:00
==> s4:  -- Management MAC:    ca:fe:00:04:00:00
==> s2:  -- Base box:          netlab/frr
==> s4:  -- Base box:          netlab/frr
==> s2:  -- Storage pool:      default
==> s4:  -- Storage pool:      default
==> s2:  -- Image(vda):        /var/lib/libvirt/images/ml-85_s2.img, virtio, 3G
==> s4:  -- Image(vda):        /var/lib/libvirt/images/ml-85_s4.img, virtio, 3G
==> s2:  -- Disk driver opts:  cache='default'
==> s4:  -- Disk driver opts:  cache='default'
==> s2:  -- Graphics Type:     vnc
==> s4:  -- Graphics Type:     vnc
==> s2:  -- Video Type:        cirrus
==> s4:  -- Video Type:        cirrus
==> s2:  -- Video VRAM:        16384
==> s4:  -- Video VRAM:        16384
==> s2:  -- Video 3D accel:    false
==> s4:  -- Video 3D accel:    false
==> s2:  -- Keymap:            en-us
==> s4:  -- Keymap:            en-us
==> s2:  -- TPM Backend:       passthrough
==> s4:  -- TPM Backend:       passthrough
==> s2:  -- INPUT:             type=mouse, bus=ps2
==> s4:  -- INPUT:             type=mouse, bus=ps2
==> s1: Checking if box 'aruba/cx' version '10.15' is up to date...
[fog][WARNING] Unrecognized arguments: libvirt_ip_command
==> s1: Creating image (snapshot of base box volume).
==> s1: Creating domain with the following settings...
==> s1:  -- Name:              ml-85_s1
==> s1:  -- Description:       Source: /work/netlab_cicd/other_vm/Vagrantfile
==> s1:  -- Domain type:       kvm
[fog][WARNING] Unrecognized arguments: libvirt_ip_command
==> s1:  -- Cpus:              2
==> s3: Creating image (snapshot of base box volume).
==> s1:  -- Feature:           acpi
==> s3: Creating domain with the following settings...
==> s1:  -- Feature:           apic
==> s3:  -- Name:              ml-85_s3
==> s1:  -- Feature:           pae
==> s3:  -- Description:       Source: /work/netlab_cicd/other_vm/Vagrantfile
==> s1:  -- Clock offset:      utc
==> s3:  -- Domain type:       kvm
==> s1:  -- Memory:            4096M
==> s3:  -- Cpus:              1
==> s1:  -- Management MAC:    ca:fe:00:01:00:00
==> s3:  -- Feature:           acpi
==> s1:  -- Base box:          aruba/cx
==> s3:  -- Feature:           apic
==> s1:  -- Storage pool:      default
==> s3:  -- Feature:           pae
==> s1:  -- Image(vda):        /var/lib/libvirt/images/ml-85_s1.img, virtio, 11G
==> s3:  -- Clock offset:      utc
==> s1:  -- Disk driver opts:  cache='default'
==> s3:  -- Memory:            1024M
==> s1:  -- Graphics Type:     vnc
==> s3:  -- Management MAC:    ca:fe:00:03:00:00
==> s1:  -- Video Type:        cirrus
==> s3:  -- Base box:          netlab/frr
==> s1:  -- Video VRAM:        16384
==> s3:  -- Storage pool:      default
==> s1:  -- Video 3D accel:    false
==> s3:  -- Image(vda):        /var/lib/libvirt/images/ml-85_s3.img, virtio, 3G
==> s1:  -- Keymap:            en-us
==> s3:  -- Disk driver opts:  cache='default'
==> s1:  -- TPM Backend:       passthrough
==> s3:  -- Graphics Type:     vnc
==> s1:  -- INPUT:             type=mouse, bus=ps2
==> s3:  -- Video Type:        cirrus
==> s3:  -- Video VRAM:        16384
==> s3:  -- Video 3D accel:    false
==> s3:  -- Keymap:            en-us
==> s3:  -- TPM Backend:       passthrough
==> s3:  -- INPUT:             type=mouse, bus=ps2
==> s4: Creating shared folders metadata...
==> s2: Creating shared folders metadata...
==> s4: Starting domain.
==> s2: Starting domain.
==> s4: Domain launching with graphics connection settings...
==> s2: Domain launching with graphics connection settings...
==> s4:  -- Graphics Port:      5900
==> s2:  -- Graphics Port:      5901
==> s4:  -- Graphics IP:        127.0.0.1
==> s2:  -- Graphics IP:        127.0.0.1
==> s4:  -- Graphics Password:  Not defined
==> s2:  -- Graphics Password:  Not defined
==> s4:  -- Graphics Websocket: 5700
==> s2:  -- Graphics Websocket: 5701
==> s4: Waiting for domain to get an IP address...
==> s2: Waiting for domain to get an IP address...
==> s3: Creating shared folders metadata...
==> s3: Starting domain.
==> s3: Domain launching with graphics connection settings...
==> s3:  -- Graphics Port:      5902
==> s3:  -- Graphics IP:        127.0.0.1
==> s3:  -- Graphics Password:  Not defined
==> s3:  -- Graphics Websocket: 5702
==> s3: Waiting for domain to get an IP address...
==> s1: Creating shared folders metadata...
==> s1: Starting domain.
==> s1: Domain launching with graphics connection settings...
==> s1:  -- Graphics Port:      5903
==> s1:  -- Graphics IP:        127.0.0.1
==> s1:  -- Graphics Password:  Not defined
==> s1:  -- Graphics Websocket: 5703
==> s1: Waiting for domain to get an IP address...
==> s4: Waiting for machine to boot. This may take a few minutes...
    s4: SSH address: 192.168.85.104:22
    s4: SSH username: vagrant
    s4: SSH auth method: private key
    s4: Warning: Connection refused. Retrying...
    s4: 
    s4: Vagrant insecure key detected. Vagrant will automatically replace
    s4: this with a newly generated keypair for better security.
==> s2: Waiting for machine to boot. This may take a few minutes...
    s2: SSH address: 192.168.85.102:22
    s2: SSH username: vagrant
    s2: SSH auth method: private key
    s2: 
    s2: Vagrant insecure key detected. Vagrant will automatically replace
    s2: this with a newly generated keypair for better security.
==> s3: Waiting for machine to boot. This may take a few minutes...
    s3: SSH address: 192.168.85.103:22
    s3: SSH username: vagrant
    s3: SSH auth method: private key
    s3: 
    s3: Vagrant insecure key detected. Vagrant will automatically replace
    s3: this with a newly generated keypair for better security.
    s4: 
    s4: Inserting generated public key within guest...
    s4: Removing insecure key from the guest if it's present...
    s4: Key inserted! Disconnecting and reconnecting using new SSH key...
    s2: 
    s2: Inserting generated public key within guest...
==> s4: Machine booted and ready!
    s2: Removing insecure key from the guest if it's present...
==> s4: Running provisioner: shell...
    s2: Key inserted! Disconnecting and reconnecting using new SSH key...
    s3: 
    s3: Inserting generated public key within guest...
    s4: Running: inline script
==> s2: Machine booted and ready!
    s4: Setting password for user Vagrant
    s4: Enabling SSH password authentication
    s4: /usr/lib/frr/frrinit.sh
    s4: FRR already installed, skipping installation
    s3: Removing insecure key from the guest if it's present...
==> s2: Running provisioner: shell...
    s3: Key inserted! Disconnecting and reconnecting using new SSH key...
    s2: Running: inline script
    s2: Setting password for user Vagrant
    s2: Enabling SSH password authentication
    s2: /usr/lib/frr/frrinit.sh
    s2: FRR already installed, skipping installation
==> s3: Machine booted and ready!
==> s3: Running provisioner: shell...
    s3: Running: inline script
    s3: Setting password for user Vagrant
    s3: Enabling SSH password authentication
    s3: /usr/lib/frr/frrinit.sh
    s3: FRR already installed, skipping installation
==> s1: Waiting for machine to boot. This may take a few minutes...
    s1: SSH address: 192.168.85.101:22
    s1: SSH username: netlab
    s1: SSH auth method: private key
==> s1: Machine booted and ready!
Starting clab nodes
Recreating clab-augment.yml configuration file for clab provider
Created provider configuration file: clab-augment.yml
provider clab: executing sudo -E containerlab deploy --reconfigure -t clab-augment.yml
17:50:30 INFO Containerlab started version=0.74.2
17:50:30 INFO Parsing & checking topology file=clab-augment.yml
17:50:30 INFO Removing directory path=/work/netlab_cicd/other_vm/clab-ml-85
17:50:30 INFO Creating docker network name=nl_mgmt_85 IPv4 subnet=192.168.85.0/24 IPv6 subnet="" MTU=0
17:50:30 INFO Creating lab directory path=/work/netlab_cicd/other_vm/clab-ml-85
17:50:30 INFO Creating container name=r1
17:50:30 INFO Creating container name=d3
17:50:30 INFO Creating container name=d4
17:50:30 INFO Creating container name=d1
17:50:30 INFO Creating container name=r3
17:50:30 INFO Creating container name=d2
17:50:30 INFO Creating container name=r4
17:50:30 INFO Creating container name=r2
17:50:32 INFO Created link: d2:eth1 ▪┄┄▪ virbr6:bni85n10i1
17:50:32 INFO Created link: r3:eth1 ▪┄┄▪ virbr8:bni85n7i1
17:50:32 INFO Created link: r2:eth1 ▪┄┄▪ virbr5:bni85n6i1
17:50:32 INFO Created link: d4:eth1 ▪┄┄▪ virbr4:bni85n12i1
17:50:32 INFO Created link: r4:eth1 ▪┄┄▪ virbr3:bni85n8i1
17:50:32 INFO Created link: r1:eth1 ▪┄┄▪ virbr10:bni85n5i1
17:50:32 INFO Created link: d1:eth1 ▪┄┄▪ virbr11:bni85n9i1
17:50:32 INFO Created link: d3:eth1 ▪┄┄▪ virbr9:bni85n11i1
17:50:32 INFO Adding host entries path=/etc/hosts
17:50:32 INFO Adding SSH config for nodes path=/etc/ssh/ssh_config.d/clab-ml-85.conf
17:50:32 INFO containerlab version
  🎉=
  │ A newer containerlab version (0.74.3) is available!
  │ Release notes: https://containerlab.dev/rn/0.74/#0743
  │ Run 'clab version upgrade' or see https://containerlab.dev/install/ for other installation options.
[1m╭[0m[1m───────────────[0m[1m┬[0m[1m────────────────────[0m[1m┬[0m[1m─────────[0m[1m┬[0m[1m────────────────[0m[1m╮[0m
[1m│[0m[1m      Name     [0m[1m│[0m[1m     Kind/Image     [0m[1m│[0m[1m  State  [0m[1m│[0m[1m IPv4/6 Address [0m[1m│[0m
[1m├[0m[1m───────────────[0m[1m┼[0m[1m────────────────────[0m[1m┼[0m[1m─────────[0m[1m┼[0m[1m────────────────[0m[1m┤[0m
│ clab-ml-85-d1 │ linux              │ running │ 192.168.85.109 │
│               │ python:3.13-alpine │         │ N/A            │
├───────────────┼────────────────────┼─────────┼────────────────┤
│ clab-ml-85-d2 │ linux              │ running │ 192.168.85.110 │
│               │ python:3.13-alpine │         │ N/A            │
├───────────────┼────────────────────┼─────────┼────────────────┤
│ clab-ml-85-d3 │ linux              │ running │ 192.168.85.111 │
│               │ python:3.13-alpine │         │ N/A            │
├───────────────┼────────────────────┼─────────┼────────────────┤
│ clab-ml-85-d4 │ linux              │ running │ 192.168.85.112 │
│               │ python:3.13-alpine │         │ N/A            │
├───────────────┼────────────────────┼─────────┼────────────────┤
│ clab-ml-85-r1 │ linux              │ running │ 192.168.85.105 │
│               │ python:3.13-alpine │         │ N/A            │
├───────────────┼────────────────────┼─────────┼────────────────┤
│ clab-ml-85-r2 │ linux              │ running │ 192.168.85.106 │
│               │ python:3.13-alpine │         │ N/A            │
├───────────────┼────────────────────┼─────────┼────────────────┤
│ clab-ml-85-r3 │ linux              │ running │ 192.168.85.107 │
│               │ python:3.13-alpine │         │ N/A            │
├───────────────┼────────────────────┼─────────┼────────────────┤
│ clab-ml-85-r4 │ linux              │ running │ 192.168.85.108 │
│               │ python:3.13-alpine │         │ N/A            │
╰───────────────┴────────────────────┴─────────┴────────────────╯

Initial configuration skipped, run 'netlab initial' to configure the devices
