Using transformed lab topology from snapshot file netlab.snapshot.pickle
Checking virtualization provider installation
OK: clab installed and working correctly
Starting clab nodes
 [INFO] Setting containerlab runtime to docker
provider clab: executing flock -E 42 /tmp/netlab.lock containerlab deploy --reconfigure -t clab.yml
17:48:49 INFO Containerlab started version=0.75.0
17:48:49 INFO Parsing & checking topology file=clab.yml
17:48:49 INFO Removing directory path=/work/netlab_cicd/clab-ml-17
17:48:49 INFO Creating docker network name=nl_mgmt_17 IPv4 subnet=192.168.17.0/24 IPv6 subnet=fd00:df:1ab:17::/64 MTU=0
17:48:49 WARN Node name will not resolve via DNS name=clab-ml-17-dut_c1 reason="name contains invalid characters such as '.' and/or '_'"
17:48:49 WARN Node name will not resolve via DNS name=clab-ml-17-dut_c2 reason="name contains invalid characters such as '.' and/or '_'"
17:48:49 INFO Creating lab directory path=/work/netlab_cicd/clab-ml-17
17:48:50 INFO Creating container name=server
17:48:50 INFO Creating container name=dut_c1
17:48:50 INFO Creating container name=dut_c2
17:48:50 INFO Running postdeploy actions for Cisco IOL 'dut_c1' node
17:48:50 INFO Running postdeploy actions for Cisco IOL 'dut_c2' node
17:48:50 INFO Created link: dut_c1:eth1 (Ethernet0/1) ▪┄┄▪ ml-17_1:bni17n1i1
17:48:50 INFO Created link: dut_c2:eth1 (Ethernet0/1) ▪┄┄▪ ml-17_1:bni17n2i1
17:48:50 INFO Created link: server:eth1 ▪┄┄▪ ml-17_1:bni17n3i1
17:48:50 INFO Adding host entries path=/etc/hosts
17:48:50 INFO Adding SSH config for nodes path=/etc/ssh/ssh_config.d/clab-ml-17.conf
17:48:50 INFO containerlab version
  🎉=
  │ A newer containerlab version (0.79.0) is available!
  │ Release notes: https://containerlab.dev/rn/0.79/
  │ Run 'clab version upgrade' or see https://containerlab.dev/install/ for other installation options.
[1m╭[0m[1m───────────────────[0m[1m┬[0m[1m─────────────────────────────[0m[1m┬[0m[1m─────────[0m[1m┬[0m[1m───────────────────[0m[1m╮[0m
[1m│[0m[1m        Name       [0m[1m│[0m[1m          Kind/Image         [0m[1m│[0m[1m  State  [0m[1m│[0m[1m   IPv4/6 Address  [0m[1m│[0m
[1m├[0m[1m───────────────────[0m[1m┼[0m[1m─────────────────────────────[0m[1m┼[0m[1m─────────[0m[1m┼[0m[1m───────────────────[0m[1m┤[0m
│ clab-ml-17-dut_c1 │ cisco_iol                   │ running │ 192.168.17.101    │
│                   │ vrnetlab/cisco_iol:17.18.02 │         │ fd00:df:1ab:17::2 │
├───────────────────┼─────────────────────────────┼─────────┼───────────────────┤
│ clab-ml-17-dut_c2 │ cisco_iol                   │ running │ 192.168.17.102    │
│                   │ vrnetlab/cisco_iol:17.18.02 │         │ fd00:df:1ab:17::3 │
├───────────────────┼─────────────────────────────┼─────────┼───────────────────┤
│ clab-ml-17-server │ linux                       │ running │ 192.168.17.103    │
│                   │ netlab/dnsmasq:latest       │         │ fd00:df:1ab:17::4 │
╰───────────────────┴─────────────────────────────┴─────────┴───────────────────╯

Initial configuration skipped, run 'netlab initial' to configure the devices
