Using transformed lab topology from snapshot file netlab.snapshot.pickle
Checking virtualization provider installation
OK: libvirt installed and working correctly
OK: clab installed and working correctly
Starting libvirt nodes
creating libvirt management network nl_mgmt_17
provider libvirt: executing flock -E 42 /tmp/netlab.lock vagrant up --provider libvirt
Bringing machine 'c1' up with 'libvirt' provider...
Bringing machine 'c2' up with 'libvirt' provider...
Bringing machine 'c3' up with 'libvirt' provider...
Bringing machine 'c4' up with 'libvirt' provider...
==> c1: Checking if box 'bento/ubuntu-24.04' version '202508.03.0' is up to date...
[fog][WARNING] Unrecognized arguments: libvirt_ip_command
==> c1: Creating image (snapshot of base box volume).
==> c1: Creating domain with the following settings...
==> c1:  -- Name:              ml-17_c1
==> c1:  -- Description:       Source: /work/netlab_cicd/Vagrantfile
==> c1:  -- Domain type:       kvm
==> c1:  -- Cpus:              1
==> c1:  -- Feature:           acpi
==> c1:  -- Feature:           apic
==> c1:  -- Feature:           pae
==> c1:  -- Clock offset:      utc
==> c1:  -- Memory:            1024M
==> c1:  -- Management MAC:    ca:fe:00:02:00:00
==> c1:  -- Base box:          bento/ubuntu-24.04
==> c1:  -- Storage pool:      default
==> c1:  -- Image(vda):        /var/lib/libvirt/images/ml-17_c1.img, virtio, 64G
==> c1:  -- Disk driver opts:  cache='default'
==> c1:  -- Graphics Type:     vnc
==> c1:  -- Video Type:        cirrus
==> c1:  -- Video VRAM:        16384
==> c1:  -- Video 3D accel:    false
==> c1:  -- Keymap:            en-us
==> c1:  -- TPM Backend:       passthrough
==> c1:  -- INPUT:             type=mouse, bus=ps2
==> c2: Checking if box 'bento/ubuntu-24.04' version '202508.03.0' is up to date...
[fog][WARNING] Unrecognized arguments: libvirt_ip_command
==> c2: Creating image (snapshot of base box volume).
==> c2: Creating domain with the following settings...
==> c2:  -- Name:              ml-17_c2
==> c4: Checking if box 'bento/ubuntu-24.04' version '202508.03.0' is up to date...
==> c2:  -- Description:       Source: /work/netlab_cicd/Vagrantfile
==> c2:  -- Domain type:       kvm
==> c2:  -- Cpus:              1
[fog][WARNING] Unrecognized arguments: libvirt_ip_command
==> c2:  -- Feature:           acpi
==> c2:  -- Feature:           apic
==> c2:  -- Feature:           pae
==> c2:  -- Clock offset:      utc
==> c4: Creating image (snapshot of base box volume).
==> c2:  -- Memory:            1024M
==> c4: Creating domain with the following settings...
==> c2:  -- Management MAC:    ca:fe:00:03:00:00
==> c4:  -- Name:              ml-17_c4
==> c2:  -- Base box:          bento/ubuntu-24.04
==> c4:  -- Description:       Source: /work/netlab_cicd/Vagrantfile
==> c2:  -- Storage pool:      default
==> c4:  -- Domain type:       kvm
==> c2:  -- Image(vda):        /var/lib/libvirt/images/ml-17_c2.img, virtio, 64G
==> c4:  -- Cpus:              1
==> c2:  -- Disk driver opts:  cache='default'
==> c4:  -- Feature:           acpi
==> c2:  -- Graphics Type:     vnc
==> c4:  -- Feature:           apic
==> c2:  -- Video Type:        cirrus
==> c4:  -- Feature:           pae
==> c2:  -- Video VRAM:        16384
==> c4:  -- Clock offset:      utc
==> c2:  -- Video 3D accel:    false
==> c4:  -- Memory:            1024M
==> c2:  -- Keymap:            en-us
==> c4:  -- Management MAC:    ca:fe:00:05:00:00
==> c2:  -- TPM Backend:       passthrough
==> c4:  -- Base box:          bento/ubuntu-24.04
==> c2:  -- INPUT:             type=mouse, bus=ps2
==> c4:  -- Storage pool:      default
==> c4:  -- Image(vda):        /var/lib/libvirt/images/ml-17_c4.img, virtio, 64G
==> c4:  -- Disk driver opts:  cache='default'
==> c4:  -- Graphics Type:     vnc
==> c4:  -- Video Type:        cirrus
==> c4:  -- Video VRAM:        16384
==> c4:  -- Video 3D accel:    false
==> c4:  -- Keymap:            en-us
==> c4:  -- TPM Backend:       passthrough
==> c4:  -- INPUT:             type=mouse, bus=ps2
==> c3: Checking if box 'bento/ubuntu-24.04' version '202508.03.0' is up to date...
[fog][WARNING] Unrecognized arguments: libvirt_ip_command
==> c1: Creating shared folders metadata...
==> c3: Creating image (snapshot of base box volume).
==> c1: Starting domain.
==> c3: Creating domain with the following settings...
==> c1: Domain launching with graphics connection settings...
==> c3:  -- Name:              ml-17_c3
==> c1:  -- Graphics Port:      5900
==> c3:  -- Description:       Source: /work/netlab_cicd/Vagrantfile
==> c1:  -- Graphics IP:        127.0.0.1
==> c3:  -- Domain type:       kvm
==> c1:  -- Graphics Password:  Not defined
==> c3:  -- Cpus:              1
==> c1:  -- Graphics Websocket: 5700
==> c3:  -- Feature:           acpi
==> c1: Waiting for domain to get an IP address...
==> c3:  -- Feature:           apic
==> c3:  -- Feature:           pae
==> c3:  -- Clock offset:      utc
==> c3:  -- Memory:            1024M
==> c3:  -- Management MAC:    ca:fe:00:04:00:00
==> c3:  -- Base box:          bento/ubuntu-24.04
==> c3:  -- Storage pool:      default
==> c3:  -- Image(vda):        /var/lib/libvirt/images/ml-17_c3.img, virtio, 64G
==> c2: Creating shared folders metadata...
==> c3:  -- Disk driver opts:  cache='default'
==> c2: Starting domain.
==> c3:  -- Graphics Type:     vnc
==> c2: Domain launching with graphics connection settings...
==> c3:  -- Video Type:        cirrus
==> c2:  -- Graphics Port:      5901
==> c3:  -- Video VRAM:        16384
==> c2:  -- Graphics IP:        127.0.0.1
==> c3:  -- Video 3D accel:    false
==> c2:  -- Graphics Password:  Not defined
==> c3:  -- Keymap:            en-us
==> c2:  -- Graphics Websocket: 5701
==> c3:  -- TPM Backend:       passthrough
==> c2: Waiting for domain to get an IP address...
==> c3:  -- INPUT:             type=mouse, bus=ps2
==> c4: Creating shared folders metadata...
==> c4: Starting domain.
==> c4: Domain launching with graphics connection settings...
==> c4:  -- Graphics Port:      5903
==> c4:  -- Graphics IP:        127.0.0.1
==> c4:  -- Graphics Password:  Not defined
==> c4:  -- Graphics Websocket: 5703
==> c4: Waiting for domain to get an IP address...
==> c3: Creating shared folders metadata...
==> c3: Starting domain.
==> c3: Domain launching with graphics connection settings...
==> c3:  -- Graphics Port:      5904
==> c3:  -- Graphics IP:        127.0.0.1
==> c3:  -- Graphics Password:  Not defined
==> c3:  -- Graphics Websocket: 5704
==> c3: Waiting for domain to get an IP address...
==> c1: Waiting for machine to boot. This may take a few minutes...
    c1: SSH address: 192.168.17.102:22
    c1: SSH username: vagrant
    c1: SSH auth method: private key
    c1: 
    c1: Vagrant insecure key detected. Vagrant will automatically replace
    c1: this with a newly generated keypair for better security.
==> c2: Waiting for machine to boot. This may take a few minutes...
    c2: SSH address: 192.168.17.103:22
    c2: SSH username: vagrant
    c2: SSH auth method: private key
    c2: 
    c2: Vagrant insecure key detected. Vagrant will automatically replace
    c2: this with a newly generated keypair for better security.
    c1: 
    c1: Inserting generated public key within guest...
    c1: Removing insecure key from the guest if it's present...
    c1: Key inserted! Disconnecting and reconnecting using new SSH key...
    c2: 
    c2: Inserting generated public key within guest...
==> c4: Waiting for machine to boot. This may take a few minutes...
    c4: SSH address: 192.168.17.105:22
    c4: SSH username: vagrant
    c4: SSH auth method: private key
    c2: Removing insecure key from the guest if it's present...
    c4: 
    c4: Vagrant insecure key detected. Vagrant will automatically replace
    c4: this with a newly generated keypair for better security.
    c2: Key inserted! Disconnecting and reconnecting using new SSH key...
==> c3: Waiting for machine to boot. This may take a few minutes...
    c3: SSH address: 192.168.17.104:22
    c3: SSH username: vagrant
    c3: SSH auth method: private key
==> c1: Machine booted and ready!
    c3: 
    c3: Vagrant insecure key detected. Vagrant will automatically replace
    c3: this with a newly generated keypair for better security.
==> c2: Machine booted and ready!
    c4: 
    c4: Inserting generated public key within guest...
    c4: Removing insecure key from the guest if it's present...
    c3: 
    c3: Inserting generated public key within guest...
    c4: Key inserted! Disconnecting and reconnecting using new SSH key...
    c3: Removing insecure key from the guest if it's present...
    c3: Key inserted! Disconnecting and reconnecting using new SSH key...
==> c4: Machine booted and ready!
==> c3: Machine booted and ready!
Starting clab nodes
Recreating clab-augment.yml configuration file for clab provider
Created provider configuration file: clab-augment.yml
 [INFO] Setting containerlab runtime to docker
provider clab: executing flock -E 42 /tmp/netlab.lock containerlab deploy --reconfigure -t clab-augment.yml
17:51:33 INFO Containerlab started version=0.75.0
17:51:33 INFO Parsing & checking topology file=clab-augment.yml
17:51:33 INFO Removing directory path=/work/netlab_cicd/clab-ml-17
17:51:33 INFO Creating docker network name=nl_mgmt_17 IPv4 subnet=192.168.17.0/24 IPv6 subnet=fd00:df:1ab:17::/64 MTU=0
17:51:33 INFO Creating lab directory path=/work/netlab_cicd/clab-ml-17
17:51:33 INFO Creating container name=s2
17:51:33 INFO Creating container name=s1
17:51:33 INFO Creating container name=dut
17:51:34 INFO Created link: dut:eth1 (Ethernet0/1) ▪┄┄▪ virbr2:bni17n1i1
17:51:34 INFO Created link: dut:eth2 (Ethernet0/2) ▪┄┄▪ virbr4:bni17n1i2
17:51:34 INFO Created link: dut:eth3 (Ethernet0/3) ▪┄┄▪ s1:eth1
17:51:34 INFO Created link: dut:eth4 (Ethernet1/0) ▪┄┄▪ s2:eth1
17:51:34 INFO Running postdeploy actions for Cisco IOL 'dut' node
17:51:34 INFO Adding host entries path=/etc/hosts
17:51:34 INFO Adding SSH config for nodes path=/etc/ssh/ssh_config.d/clab-ml-17.conf
17:51:34 INFO containerlab version
  🎉=
  │ A newer containerlab version (0.79.0) is available!
  │ Release notes: https://containerlab.dev/rn/0.79/
  │ Run 'clab version upgrade' or see https://containerlab.dev/install/ for other installation options.
[1m╭[0m[1m────────────────[0m[1m┬[0m[1m─────────────────────────────[0m[1m┬[0m[1m─────────[0m[1m┬[0m[1m───────────────────[0m[1m╮[0m
[1m│[0m[1m      Name      [0m[1m│[0m[1m          Kind/Image         [0m[1m│[0m[1m  State  [0m[1m│[0m[1m   IPv4/6 Address  [0m[1m│[0m
[1m├[0m[1m────────────────[0m[1m┼[0m[1m─────────────────────────────[0m[1m┼[0m[1m─────────[0m[1m┼[0m[1m───────────────────[0m[1m┤[0m
│ clab-ml-17-dut │ cisco_iol                   │ running │ 192.168.17.101    │
│                │ vrnetlab/cisco_iol:17.18.02 │         │ fd00:df:1ab:17::4 │
├────────────────┼─────────────────────────────┼─────────┼───────────────────┤
│ clab-ml-17-s1  │ linux                       │ running │ 192.168.17.106    │
│                │ netlab/dnsmasq:latest       │         │ fd00:df:1ab:17::3 │
├────────────────┼─────────────────────────────┼─────────┼───────────────────┤
│ clab-ml-17-s2  │ linux                       │ running │ 192.168.17.107    │
│                │ netlab/dnsmasq:latest       │         │ fd00:df:1ab:17::2 │
╰────────────────┴─────────────────────────────┴─────────┴───────────────────╯

Initial configuration skipped, run 'netlab initial' to configure the devices
