Using transformed lab topology from snapshot file netlab.snapshot.pickle
Checking virtualization provider installation
OK: clab installed and working correctly
Starting clab nodes
 [INFO] Setting containerlab runtime to docker
provider clab: executing flock -E 42 /tmp/netlab.lock containerlab deploy --reconfigure -t clab.yml
17:52:26 INFO Containerlab started version=0.75.0
17:52:26 INFO Parsing & checking topology file=clab.yml
17:52:26 INFO Removing directory path=/work/netlab_cicd/clab-ml-17
17:52:26 INFO Creating docker network name=nl_mgmt_17 IPv4 subnet=192.168.17.0/24 IPv6 subnet=fd00:df:1ab:17::/64 MTU=0
17:52:26 INFO Creating lab directory path=/work/netlab_cicd/clab-ml-17
17:52:26 INFO Creating container name=c2
17:52:26 INFO Creating container name=s2
17:52:26 INFO Creating container name=s1
17:52:26 INFO Creating container name=c3
17:52:26 INFO Creating container name=c1
17:52:26 INFO Creating container name=c4
17:52:26 INFO Creating container name=dut
17:52:26 INFO Running postdeploy actions for Cisco IOL 'c3' node
17:52:26 INFO Running postdeploy actions for Cisco IOL 'c4' node
17:52:26 INFO Running postdeploy actions for Cisco IOL 'c2' node
17:52:27 INFO Running postdeploy actions for Cisco IOL 'c1' node
17:52:27 INFO Created link: dut:eth1 (Ethernet0/1) ▪┄┄▪ ml-17_1:bni17n1i1
17:52:27 INFO Created link: dut:eth3 (Ethernet0/3) ▪┄┄▪ s1:eth1
17:52:27 INFO Created link: dut:eth2 (Ethernet0/2) ▪┄┄▪ ml-17_2:bni17n1i2
17:52:27 INFO Created link: c1:eth1 (Ethernet0/1) ▪┄┄▪ ml-17_1:bni17n2i1
17:52:27 INFO Created link: c2:eth1 (Ethernet0/1) ▪┄┄▪ ml-17_1:bni17n3i1
17:52:27 INFO Created link: dut:eth4 (Ethernet1/0) ▪┄┄▪ s2:eth1
17:52:27 INFO Running postdeploy actions for Cisco IOL 'dut' node
17:52:27 INFO Created link: c3:eth1 (Ethernet0/1) ▪┄┄▪ ml-17_2:bni17n4i1
17:52:27 INFO Created link: c4:eth1 (Ethernet0/1) ▪┄┄▪ ml-17_2:bni17n5i1
17:52:27 INFO Adding host entries path=/etc/hosts
17:52:27 INFO Adding SSH config for nodes path=/etc/ssh/ssh_config.d/clab-ml-17.conf
17:52:27 INFO containerlab version
  🎉=
  │ A newer containerlab version (0.79.0) is available!
  │ Release notes: https://containerlab.dev/rn/0.79/
  │ Run 'clab version upgrade' or see https://containerlab.dev/install/ for other installation options.
[1m╭[0m[1m────────────────[0m[1m┬[0m[1m─────────────────────────────[0m[1m┬[0m[1m─────────[0m[1m┬[0m[1m───────────────────[0m[1m╮[0m
[1m│[0m[1m      Name      [0m[1m│[0m[1m          Kind/Image         [0m[1m│[0m[1m  State  [0m[1m│[0m[1m   IPv4/6 Address  [0m[1m│[0m
[1m├[0m[1m────────────────[0m[1m┼[0m[1m─────────────────────────────[0m[1m┼[0m[1m─────────[0m[1m┼[0m[1m───────────────────[0m[1m┤[0m
│ clab-ml-17-c1  │ cisco_iol                   │ running │ 192.168.17.102    │
│                │ vrnetlab/cisco_iol:17.18.02 │         │ fd00:df:1ab:17::7 │
├────────────────┼─────────────────────────────┼─────────┼───────────────────┤
│ clab-ml-17-c2  │ cisco_iol                   │ running │ 192.168.17.103    │
│                │ vrnetlab/cisco_iol:17.18.02 │         │ fd00:df:1ab:17::5 │
├────────────────┼─────────────────────────────┼─────────┼───────────────────┤
│ clab-ml-17-c3  │ cisco_iol                   │ running │ 192.168.17.104    │
│                │ vrnetlab/cisco_iol:17.18.02 │         │ fd00:df:1ab:17::2 │
├────────────────┼─────────────────────────────┼─────────┼───────────────────┤
│ clab-ml-17-c4  │ cisco_iol                   │ running │ 192.168.17.105    │
│                │ vrnetlab/cisco_iol:17.18.02 │         │ fd00:df:1ab:17::3 │
├────────────────┼─────────────────────────────┼─────────┼───────────────────┤
│ clab-ml-17-dut │ cisco_iol                   │ running │ 192.168.17.101    │
│                │ vrnetlab/cisco_iol:17.18.02 │         │ fd00:df:1ab:17::6 │
├────────────────┼─────────────────────────────┼─────────┼───────────────────┤
│ clab-ml-17-s1  │ linux                       │ running │ 192.168.17.106    │
│                │ netlab/dnsmasq:latest       │         │ fd00:df:1ab:17::8 │
├────────────────┼─────────────────────────────┼─────────┼───────────────────┤
│ clab-ml-17-s2  │ linux                       │ running │ 192.168.17.107    │
│                │ netlab/dnsmasq:latest       │         │ fd00:df:1ab:17::4 │
╰────────────────┴─────────────────────────────┴─────────┴───────────────────╯

Initial configuration skipped, run 'netlab initial' to configure the devices
