Creating Device configuration snippets
[CREATED] relay: normalize,initial,ospf,dhcp
[CREATED] dutc1: initial,ospf,dhcp
[CREATED] dutc2: initial,ospf,dhcp
[CREATED] server: initial,dhcp,services,routing
Checking Are lab devices ready to be configured?
 [INFO] Checking SSH server(s) on relay,dutc1,dutc2
[SSH]     SSH server on node relay (device eos) is ready after 6.2 seconds
[SSH]     SSH server on node dutc2 (device iol) is ready after 12.3 seconds
[SSH]     SSH server on node dutc1 (device iol) is ready after 12.3 seconds
Config Normalizing device configurations
 [INFO] Executing normalize configuration for node relay
Config Deploying device configurations
 [INFO] Executing initial configuration for node relay
 [INFO] Executing initial configuration for node server (namespace
          clab-ml-17-server)
 [INFO] Executing routing configuration for node server (namespace
          clab-ml-17-server)
 [INFO] Executing ospf configuration for node relay
 [INFO] Executing dhcp configuration for node relay
netmiko:  [INFO] Sent initial configuration to dutc1
netmiko:  [INFO] Sent initial configuration to dutc2
netmiko:  [INFO] Sent ospf configuration to dutc1
netmiko:  [INFO] Sent dhcp configuration to dutc1
netmiko:  [INFO] Sent ospf configuration to dutc2
netmiko:  [INFO] Sent dhcp configuration to dutc2

Results of configuration script deployments
================================================================================
relay            Script:  normalize,initial,ospf,dhcp
dutc1            Script:  initial,ospf,dhcp
dutc2            Script:  initial,ospf,dhcp
server           Script:  initial,routing


Use this topology to test the OSPF over interfaces using dynamic DHCP addresses. Use
'netlab validate' to check whether your devices acquired dynamic IPv4 addresses and whether they
established OSPF adjacency with the DHCP relay.

