iol:  [INFO] Adjusted wait time in 'pfx_v4' validation test to 30
iol:  [INFO] Adjusted wait time in 'pfx_v6' validation test to 30
iol:  [INFO] Adjusted wait time in 'med_v4' validation test to 30
iol:  [INFO] Adjusted wait time in 'med_v6' validation test to 30
iol:  [INFO] Adjusted wait time in 'vrf_pfx_v4' validation test to 30
iol:  [INFO] Adjusted wait time in 'vrf_pfx_v6' validation test to 30
iol:  [INFO] Adjusted wait time in 'vrf_med_v4' validation test to 30
iol:  [INFO] Adjusted wait time in 'vrf_med_v6' validation test to 30
[CONFIG]  dut: ifstate,initial,routing,bgp,vrf,bgp.policy
[CONFIG]  p_global: initial,bgp,daemons,hosts
[CONFIG]  p_vrf: initial,bgp,daemons,hosts (shared)
Created provider configuration file: clab.yml
Created pickled transformed topology data into netlab.snapshot.pickle
Created group_vars for all
Created group_vars for modules
Created group_vars for custom_configs
Created group_vars for iol
Created host_vars for dut
Created group_vars for frr
Created host_vars for p_global, p_vrf
Created minimized Ansible inventory hosts.yml
Created Ansible configuration file: ansible.cfg
