Creating Device configuration snippets
[CREATED] dut: initial,routing,bgp,vrf,bgp.policy
[CREATED] p_global: initial,bgp
[CREATED] p_vrf: initial,bgp
Checking Are lab devices ready to be configured?
 [INFO] Checking SSH server(s) on dut
[SSH]     SSH server on node dut (device iol) is ready after 25.3 seconds
Config Deploying device configurations
 [INFO] Executing initial configuration for node p_global
 [INFO] Executing initial configuration for node p_vrf
 [INFO] Executing bgp configuration for node p_vrf
 [INFO] Executing bgp configuration for node p_global
 [INFO] Starting Ansible playbook to deploy the rest of the
          configurations
[WARNING]: Found variable using reserved name: hosts

PLAY [Deploy initial device configuration] *************************************

TASK [Set variables that cannot be set with VARS] ******************************
ok: [dut]

TASK [Normalize config on bridge-like devices] *********************************
included: /home/pipi/netlab_gh/netsim/ansible/tasks/deploy-module.yml for dut

TASK [Figure out whether to deploy the module normalize on current device] *****
ok: [dut]

TASK [Find configuration template for normalize] *******************************
ok: [dut]

TASK [fail] ********************************************************************
skipping: [dut]

TASK [Find configuration deployment deploy_script for normalize] ***************
ok: [dut]

TASK [Print deployed configuration when running in verbose mode] ***************
skipping: [dut]

TASK [Deploy normalize configuration] ******************************************
skipping: [dut]

TASK [Deploy initial configuration] ********************************************
included: /home/pipi/netlab_gh/netsim/ansible/tasks/deploy-module.yml for dut

TASK [Figure out whether to deploy the module initial on current device] *******
ok: [dut]

TASK [Find configuration template for initial] *********************************
ok: [dut]

TASK [fail] ********************************************************************
skipping: [dut]

TASK [Find configuration deployment deploy_script for initial] *****************
ok: [dut]

TASK [Print deployed configuration when running in verbose mode] ***************
ok: [dut] => {
    "msg": "initial configuration for dut\n=========================================\nhostname dut\n!\nno ip domain lookup\nlogging buffered 256000\n\n!\nlldp run\n!\nip host dut-customer 10.1.0.5 10.2.0.1 2001:db8:3:1::1 2001:db8:4::1\nip host p_global 10.0.0.2 10.1.0.2 2001:db8:1:2::1 2001:db8:3::2\nip host p_vrf 10.0.0.3 10.1.0.6 2001:db8:1:3::1 2001:db8:3:1::2\n!\nip routing\n!\nipv6 unicast-routing\n!\nvrf definition customer\n rd 65000:1\n route-target import 65000:1\n route-target export 65000:1\n!\n address-family ipv4\n exit-address-family\n!\n address-family ipv6\n exit-address-family\n!\n\n!\n!\ninterface Loopback0\n ip address 10.0.0.42 255.255.255.255\n ipv6 address 2001:DB8:42:1::1/128\n!\ninterface Ethernet0/0\n no lldp transmit\n no lldp receive\n!\ninterface Ethernet0/1\n description dut -> p_global [external]\n ip address 10.1.0.1 255.255.255.252\n ipv6 nd ra interval 5\n ipv6 address 2001:DB8:3::1/64\n no shutdown\n!\ninterface Ethernet0/2\n vrf forwarding customer\n description dut -> p_vrf [external]\n ip address 10.1.0.5 255.255.255.252\n ipv6 nd ra interval 5\n ipv6 address 2001:DB8:3:1::1/64\n no shutdown\n!\ninterface Loopback1\n vrf forwarding customer\n description VRF Loopback customer\n ip address 10.2.0.1 255.255.255.255\n ipv6 nd ra interval 5\n ipv6 address 2001:DB8:4::1/64\n no shutdown\n!\n!\nline vty 0 4\n exec-timeout 0 0 \n!\nno banner exec\nno banner login\nno banner incoming\n"
}

TASK [Deploy initial configuration] ********************************************
included: /home/pipi/netlab_gh/netsim/ansible/tasks/deploy-config/ios.yml for dut

TASK [ios_config: deploying initial from /work/netlab_cicd/cisco_c/node_files/dut/initial] ***
[WARNING]: To ensure idempotency and correct diff the input configuration lines
should be similar to how they appear if present in the running configuration on
device including the indentation
changed: [dut]

PLAY [Deploy module-specific configurations] ***********************************

TASK [Set variables that cannot be set with VARS] ******************************
ok: [dut]

TASK [Deploy individual configuration modules] *********************************
included: /home/pipi/netlab_gh/netsim/ansible/tasks/deploy-module.yml for dut => (item=routing)
included: /home/pipi/netlab_gh/netsim/ansible/tasks/deploy-module.yml for dut => (item=bgp)
included: /home/pipi/netlab_gh/netsim/ansible/tasks/deploy-module.yml for dut => (item=vrf)

TASK [Figure out whether to deploy the module routing on current device] *******
ok: [dut]

TASK [Find configuration template for routing] *********************************
ok: [dut]

TASK [fail] ********************************************************************
skipping: [dut]

TASK [Find configuration deployment deploy_script for routing] *****************
ok: [dut]

TASK [Print deployed configuration when running in verbose mode] ***************
ok: [dut] => {
    "msg": "routing configuration for dut\n=========================================\n!\n!\nroute-map med_42-ipv4 permit 10\n  set metric 42\n!\nroute-map med_42-ipv6 permit 10\n  set metric 42\n!\nroute-map med_42-vpnv4 permit 10\n  set metric 42\n!\nroute-map med_42-vpnv6 permit 10\n  set metric 42\n!\nroute-map med_17-ipv4 permit 10\n  set metric 17\n!\nroute-map med_17-ipv6 permit 10\n  set metric 17\n!\nroute-map med_17-vpnv4 permit 10\n  set metric 17\n!\nroute-map med_17-vpnv6 permit 10\n  set metric 17\n \n"
}

TASK [Deploy routing configuration] ********************************************
included: /home/pipi/netlab_gh/netsim/ansible/tasks/deploy-config/ios.yml for dut

TASK [ios_config: deploying routing from /work/netlab_cicd/cisco_c/node_files/dut/routing] ***
changed: [dut]

TASK [Figure out whether to deploy the module bgp on current device] ***********
ok: [dut]

TASK [Find configuration template for bgp] *************************************
ok: [dut]

TASK [fail] ********************************************************************
skipping: [dut]

TASK [Find configuration deployment deploy_script for bgp] *********************
ok: [dut]

TASK [Print deployed configuration when running in verbose mode] ***************
ok: [dut] => {
    "msg": "bgp configuration for dut\n=========================================\n!\nip bgp-community new-format\n!\nrouter bgp 65000\n no bgp default ipv4-unicast\n bgp update-delay 5\n bgp nopeerup-delay cold-boot 1\n bgp nopeerup-delay user-initiated 1\n bgp router-id 10.0.0.42\n  neighbor 10.1.0.2 remote-as 65100\n  neighbor 10.1.0.2 description p_global\n\n  neighbor 2001:db8:3::2 remote-as 65100\n  neighbor 2001:db8:3::2 description p_global\n\n!\n address-family ipv4\n  bgp scan-time 5\n!\n  network 10.0.0.42 mask 255.255.255.255\n\n!\n  neighbor 10.1.0.2 activate\n  neighbor 10.1.0.2 advertisement-interval 0\n  neighbor 10.1.0.2 send-community standard\n\n address-family ipv6\n  bgp scan-time 5\n!\n  network 2001:db8:42:1::1/128\n\n!\n  neighbor 2001:db8:3::2 activate\n  neighbor 2001:db8:3::2 advertisement-interval 0\n  neighbor 2001:db8:3::2 send-community standard\n\n"
}

TASK [Deploy bgp configuration] ************************************************
included: /home/pipi/netlab_gh/netsim/ansible/tasks/deploy-config/ios.yml for dut

TASK [ios_config: deploying bgp from /work/netlab_cicd/cisco_c/node_files/dut/bgp] ***
changed: [dut]

TASK [Figure out whether to deploy the module vrf on current device] ***********
ok: [dut]

TASK [Find configuration template for vrf] *************************************
ok: [dut]

TASK [fail] ********************************************************************
skipping: [dut]

TASK [Find configuration deployment deploy_script for vrf] *********************
ok: [dut]

TASK [Print deployed configuration when running in verbose mode] ***************
ok: [dut] => {
    "msg": "vrf configuration for dut\n=========================================\n!\nrouter bgp 65000\n!\n address-family ipv4 vrf customer\n  bgp router-id 10.0.0.42\n  redistribute connected\n\n!\n  network 10.2.0.1 mask 255.255.255.255\n\n!\n  neighbor 10.1.0.6 remote-as 65101\n  neighbor 10.1.0.6 description p_vrf\n\n  neighbor 10.1.0.6 activate\n  neighbor 10.1.0.6 advertisement-interval 0\n  neighbor 10.1.0.6 send-community standard\n\n exit-address-family\n!\n address-family ipv6 vrf customer\n  bgp router-id 10.0.0.42\n  redistribute connected\n\n!\n  network 2001:db8:4::/64\n\n!\n  neighbor 2001:db8:3:1::2 remote-as 65101\n  neighbor 2001:db8:3:1::2 description p_vrf\n\n  neighbor 2001:db8:3:1::2 activate\n  neighbor 2001:db8:3:1::2 advertisement-interval 0\n  neighbor 2001:db8:3:1::2 send-community standard\n\n exit-address-family\n!\nexit\n!\n!\n!\n"
}

TASK [Deploy vrf configuration] ************************************************
included: /home/pipi/netlab_gh/netsim/ansible/tasks/deploy-config/ios.yml for dut

TASK [ios_config: deploying vrf from /work/netlab_cicd/cisco_c/node_files/dut/vrf] ***
changed: [dut]

PLAY [Deploy custom deployment templates] **************************************

TASK [Run custom configuration deployment scripts] *****************************
included: /home/pipi/netlab_gh/netsim/ansible/tasks/deploy-custom-config.yml for dut => (item=bgp.policy)

TASK [Find configuration template] *********************************************
ok: [dut]

TASK [fail] ********************************************************************
skipping: [dut]

TASK [Check is the configuration template is a file] ***************************
ok: [dut -> localhost]

TASK [fail] ********************************************************************
skipping: [dut]

TASK [Process template /work/netlab_cicd/cisco_c/node_files/dut/bgp.policy for dut] ***
skipping: [dut]

TASK [debug] *******************************************************************
skipping: [dut]

TASK [debug] *******************************************************************
skipping: [dut]

TASK [Find custom configuration deployment script] *****************************
ok: [dut]

TASK [Run the configuration deployment script] *********************************
included: /home/pipi/netlab_gh/netsim/ansible/tasks/deploy-config/ios.yml for dut

TASK [ios_config: deploying bgp.policy from /work/netlab_cicd/cisco_c/node_files/dut/bgp.policy] ***
changed: [dut]

PLAY RECAP *********************************************************************
dut                        : ok=40   changed=5    unreachable=0    failed=0    skipped=12   rescued=0    ignored=0   

Results of configuration script deployments
================================================================================
p_global         Script:  initial,bgp
p_vrf            Script:  initial,bgp


Use this topology to test BGP MED on IPv4 and IPv6 prefixes. DUT
has to set MED on outgoing EBGP updates.

