Creating Device configuration snippets
[CREATED] dut: initial,routing,ospf,bgp,bgp.policy
[CREATED] probe: initial,routing,ospf,bgp
[CREATED] x1: initial,bgp
[CREATED] x2: initial,routing,bgp,bgp.policy
Checking Are lab devices ready to be configured?
 [INFO] Checking SSH server(s) on dut
[SSH]     SSH server on node dut (device iol) is ready after 25.5 seconds
Config Deploying device configurations
 [INFO] Executing initial configuration for node probe
 [INFO] Executing initial configuration for node x1
 [INFO] Executing initial configuration for node x2
 [INFO] Executing routing configuration for node probe
 [INFO] Executing routing configuration for node x2
 [INFO] Executing bgp configuration for node x1
 [INFO] Executing ospf configuration for node probe
 [INFO] Executing bgp configuration for node x2
 [INFO] Executing bgp.policy configuration for node x2
 [INFO] Executing bgp configuration for node probe
netmiko:  [INFO] Sent initial configuration to dut
netmiko:  [INFO] Sent routing configuration to dut
netmiko:  [INFO] Sent ospf configuration to dut
netmiko:  [INFO] Sent bgp configuration to dut
netmiko:  [INFO] Sent bgp.policy configuration to dut

Results of configuration script deployments
================================================================================
dut              Script:  initial,routing,ospf,bgp,bgp.policy
probe            Script:  initial,routing,ospf,bgp
x1               Script:  initial,bgp
x2               Script:  initial,routing,bgp,bgp.policy


Use this topology to test BGP weights on IPv4 and IPv6 prefixes. DUT has to
prefer prefixes advertised by X2 (identified by longer AS path).

