Creating Device configuration snippets
[CREATED] dut: initial,routing,bgp,bgp.policy
[CREATED] probe: initial,routing,bgp
[CREATED] x1: initial,routing,bgp,bgp.policy
Checking Are lab devices ready to be configured?
 [INFO] Checking SSH server(s) on dut
[SSH]     SSH server on node dut (device iol) is ready after 25.4 seconds
Config Deploying device configurations
 [INFO] Executing initial configuration for node probe
 [INFO] Executing initial configuration for node x1
 [INFO] Executing routing configuration for node probe
 [INFO] Executing routing configuration for node x1
 [INFO] Executing bgp configuration for node probe
 [INFO] Executing bgp configuration for node x1
 [INFO] Executing bgp.policy configuration for node x1
netmiko:  [INFO] Sent initial configuration to dut
netmiko:  [INFO] Sent routing configuration to dut
netmiko:  [INFO] Sent bgp configuration to dut
netmiko:  [INFO] Sent bgp.policy configuration to dut

Results of configuration script deployments
================================================================================
dut              Script:  initial,routing,bgp,bgp.policy
probe            Script:  initial,routing,bgp
x1               Script:  initial,routing,bgp,bgp.policy


Use this topology to test 'set.community.append' route-map option.

