Creating Device configuration snippets
[CREATED] dut: initial,routing,vrf
[CREATED] x1: initial,ospf
[CREATED] x2: initial,ospf
Checking Are lab devices ready to be configured?
 [INFO] Checking SSH server(s) on dut
[SSH]     SSH server on node dut (device iol) is ready after 25.5 seconds
Config Deploying device configurations
 [INFO] Executing initial configuration for node x1
 [INFO] Executing initial configuration for node x2
 [INFO] Executing ospf configuration for node x1
 [INFO] Executing ospf configuration for node x2
 [INFO] Starting Ansible playbook to deploy the rest of the
          configurations
[WARNING]: Found variable using reserved name: hosts

PLAY [Deploy initial device configuration] *************************************

TASK [Set variables that cannot be set with VARS] ******************************
ok: [dut]

TASK [Normalize config on bridge-like devices] *********************************
included: /home/pipi/netlab_gh/netsim/ansible/tasks/deploy-module.yml for dut

TASK [Figure out whether to deploy the module normalize on current device] *****
ok: [dut]

TASK [Find configuration template for normalize] *******************************
ok: [dut]

TASK [fail] ********************************************************************
skipping: [dut]

TASK [Find configuration deployment deploy_script for normalize] ***************
ok: [dut]

TASK [Print deployed configuration when running in verbose mode] ***************
skipping: [dut]

TASK [Deploy normalize configuration] ******************************************
skipping: [dut]

TASK [Deploy initial configuration] ********************************************
included: /home/pipi/netlab_gh/netsim/ansible/tasks/deploy-module.yml for dut

TASK [Figure out whether to deploy the module initial on current device] *******
ok: [dut]

TASK [Find configuration template for initial] *********************************
ok: [dut]

TASK [fail] ********************************************************************
skipping: [dut]

TASK [Find configuration deployment deploy_script for initial] *****************
ok: [dut]

TASK [Print deployed configuration when running in verbose mode] ***************
ok: [dut] => {
    "msg": "initial configuration for dut\n=========================================\nhostname dut\n!\nno ip domain lookup\nlogging buffered 256000\n\n!\nlldp run\n!\nip host dut-transport 10.1.0.9 10.1.0.13 2001:db8:3:2::1 2001:db8:3:3::1\nip host x1 10.0.0.2 10.1.0.2 10.1.0.5 10.1.0.10 10.1.0.14 2001:db8:cafe:42::1 2001:db8:3::2 2001:db8:3:1::1 2001:db8:3:2::2 2001:db8:3:3::2\nip host x2 10.0.0.3 10.1.0.6 2001:db8:cafe:43::1 2001:db8:3:1::2\n!\nip routing\n!\nipv6 unicast-routing\n!\nvrf definition transport\n rd 65000:1\n route-target import 65000:1\n route-target export 65000:1\n!\n address-family ipv4\n exit-address-family\n!\n address-family ipv6\n exit-address-family\n!\n\n!\n!\ninterface Loopback0\n ip address 10.0.0.1 255.255.255.255\n ipv6 address 2001:DB8:1:1::1/64\n!\ninterface Ethernet0/0\n no lldp transmit\n no lldp receive\n!\ninterface Ethernet0/1\n description dut -> x1\n ip address 10.1.0.1 255.255.255.252\n ipv6 nd ra interval 5\n ipv6 address 2001:DB8:3::1/64\n no shutdown\n!\ninterface Ethernet0/2\n vrf forwarding transport\n description dut -> x1\n ip address 10.1.0.9 255.255.255.252\n ipv6 nd ra interval 5\n ipv6 address 2001:DB8:3:2::1/64\n no shutdown\n!\ninterface Ethernet0/3\n vrf forwarding transport\n description dut -> x1\n ip address 10.1.0.13 255.255.255.252\n ipv6 nd ra interval 5\n ipv6 address 2001:DB8:3:3::1/64\n no shutdown\n!\n!\nline vty 0 4\n exec-timeout 0 0 \n!\nno banner exec\nno banner login\nno banner incoming\n"
}

TASK [Deploy initial configuration] ********************************************
included: /home/pipi/netlab_gh/netsim/ansible/tasks/deploy-config/ios.yml for dut

TASK [ios_config: deploying initial from /work/netlab_cicd/cisco_c/node_files/dut/initial] ***
[WARNING]: To ensure idempotency and correct diff the input configuration lines
should be similar to how they appear if present in the running configuration on
device including the indentation
changed: [dut]

PLAY [Deploy module-specific configurations] ***********************************

TASK [Set variables that cannot be set with VARS] ******************************
ok: [dut]

TASK [Deploy individual configuration modules] *********************************
included: /home/pipi/netlab_gh/netsim/ansible/tasks/deploy-module.yml for dut => (item=routing)
included: /home/pipi/netlab_gh/netsim/ansible/tasks/deploy-module.yml for dut => (item=ospf)
included: /home/pipi/netlab_gh/netsim/ansible/tasks/deploy-module.yml for dut => (item=vrf)

TASK [Figure out whether to deploy the module routing on current device] *******
ok: [dut]

TASK [Find configuration template for routing] *********************************
ok: [dut]

TASK [fail] ********************************************************************
skipping: [dut]

TASK [Find configuration deployment deploy_script for routing] *****************
ok: [dut]

TASK [Print deployed configuration when running in verbose mode] ***************
ok: [dut] => {
    "msg": "routing configuration for dut\n=========================================\n!\n!\n! Static routes\n!\nip route vrf transport 10.0.0.2 255.255.255.255 Ethernet0/2 10.1.0.10\nip route vrf transport 10.0.0.2 255.255.255.255 Ethernet0/3 10.1.0.14\nipv6 route vrf transport 2001:db8:cafe:42::/64 Ethernet0/2 2001:db8:3:2::2\nipv6 route vrf transport 2001:db8:cafe:42::/64 Ethernet0/3 2001:db8:3:3::2\nip route vrf transport 10.0.0.3 255.255.255.255 Ethernet0/2 10.1.0.10\nip route vrf transport 10.0.0.3 255.255.255.255 Ethernet0/3 10.1.0.14\nipv6 route vrf transport 2001:db8:cafe:43::/64 Ethernet0/2 2001:db8:3:2::2\nipv6 route vrf transport 2001:db8:cafe:43::/64 Ethernet0/3 2001:db8:3:3::2\n"
}

TASK [Deploy routing configuration] ********************************************
included: /home/pipi/netlab_gh/netsim/ansible/tasks/deploy-config/ios.yml for dut

TASK [ios_config: deploying routing from /work/netlab_cicd/cisco_c/node_files/dut/routing] ***
changed: [dut]

TASK [Figure out whether to deploy the module ospf on current device] **********
ok: [dut]

TASK [Find configuration template for ospf] ************************************
skipping: [dut]

TASK [fail] ********************************************************************
skipping: [dut]

TASK [Find configuration deployment deploy_script for ospf] ********************
skipping: [dut]

TASK [Print deployed configuration when running in verbose mode] ***************
skipping: [dut]

TASK [Deploy ospf configuration] ***********************************************
skipping: [dut]

TASK [Figure out whether to deploy the module vrf on current device] ***********
ok: [dut]

TASK [Find configuration template for vrf] *************************************
ok: [dut]

TASK [fail] ********************************************************************
skipping: [dut]

TASK [Find configuration deployment deploy_script for vrf] *********************
ok: [dut]

TASK [Print deployed configuration when running in verbose mode] ***************
ok: [dut] => {
    "msg": "vrf configuration for dut\n=========================================\n!\n!\n"
}

TASK [Deploy vrf configuration] ************************************************
included: /home/pipi/netlab_gh/netsim/ansible/tasks/deploy-config/ios.yml for dut

TASK [ios_config: deploying vrf from /work/netlab_cicd/cisco_c/node_files/dut/vrf] ***
ok: [dut]

PLAY [Deploy custom deployment templates] **************************************
skipping: no hosts matched

PLAY RECAP *********************************************************************
dut                        : ok=29   changed=2    unreachable=0    failed=0    skipped=11   rescued=0    ignored=0   

Results of configuration script deployments
================================================================================
x1               Script:  initial,ospf
x2               Script:  initial,ospf


Use this topology to test VRF IPv4 and IPv6 static routes. DUT has
to have static routes for loopback addresses of X1 and X2.

