Using transformed lab topology from snapshot file netlab.snapshot.pickle
Checking virtualization provider installation
OK: clab installed and working correctly
Starting clab nodes
provider clab: executing sudo -E containerlab deploy --reconfigure -t clab.yml
09:39:48 INFO Containerlab started version=0.74.2
09:39:48 INFO Parsing & checking topology file=clab.yml
09:39:48 INFO Removing directory path=/work/netlab_cicd/cisco_c/clab-ml-84
09:39:48 INFO Creating docker network name=nl_mgmt_84 IPv4 subnet=192.168.84.0/24 IPv6 subnet="" MTU=0
09:39:48 INFO Creating lab directory path=/work/netlab_cicd/cisco_c/clab-ml-84
09:39:48 INFO Creating container name=h1
09:39:48 INFO Creating container name=dut
09:39:48 INFO Creating container name=h2
09:39:48 INFO Creating container name=v3
09:39:48 INFO Creating container name=h3
09:39:48 INFO Creating container name=v2
09:39:48 INFO Creating container name=v1
09:39:49 INFO Created link: dut:eth3 (Ethernet0/3) ▪┄┄▪ v1:eth1
09:39:49 INFO Created link: dut:eth1 (Ethernet0/1) ▪┄┄▪ h1:eth1
09:39:49 INFO Running postdeploy actions for Cisco IOL 'dut' node
09:39:50 INFO Created link: dut:eth4 (Ethernet1/0) ▪┄┄▪ ml-84_4:bni84n1i4
09:39:50 INFO Created link: dut:eth2 (Ethernet0/2) ▪┄┄▪ ml-84_2:bni84n1i2
09:39:50 INFO Created link: v2:eth1 ▪┄┄▪ ml-84_4:bni84n5i1
09:39:50 INFO Created link: h2:eth1 ▪┄┄▪ ml-84_2:bni84n3i1
09:39:50 INFO Created link: h3:eth1 ▪┄┄▪ ml-84_2:bni84n42i1
09:39:50 INFO Created link: v3:eth1 ▪┄┄▪ ml-84_4:bni84n64i1
09:39:50 INFO Adding host entries path=/etc/hosts
09:39:50 INFO Adding SSH config for nodes path=/etc/ssh/ssh_config.d/clab-ml-84.conf
09:39:50 INFO containerlab version
  🎉=
  │ A newer containerlab version (0.74.3) is available!
  │ Release notes: https://containerlab.dev/rn/0.74/#0743
  │ Run 'clab version upgrade' or see https://containerlab.dev/install/ for other installation options.
[1m╭[0m[1m────────────────[0m[1m┬[0m[1m──────────────────────────────[0m[1m┬[0m[1m─────────[0m[1m┬[0m[1m────────────────[0m[1m╮[0m
[1m│[0m[1m      Name      [0m[1m│[0m[1m          Kind/Image          [0m[1m│[0m[1m  State  [0m[1m│[0m[1m IPv4/6 Address [0m[1m│[0m
[1m├[0m[1m────────────────[0m[1m┼[0m[1m──────────────────────────────[0m[1m┼[0m[1m─────────[0m[1m┼[0m[1m────────────────[0m[1m┤[0m
│ clab-ml-84-dut │ cisco_iol                    │ running │ 192.168.84.101 │
│                │ vrnetlab/cisco_iol:17.16.01a │         │ N/A            │
├────────────────┼──────────────────────────────┼─────────┼────────────────┤
│ clab-ml-84-h1  │ linux                        │ running │ 192.168.84.102 │
│                │ python:3.13-alpine           │         │ N/A            │
├────────────────┼──────────────────────────────┼─────────┼────────────────┤
│ clab-ml-84-h2  │ linux                        │ running │ 192.168.84.103 │
│                │ python:3.13-alpine           │         │ N/A            │
├────────────────┼──────────────────────────────┼─────────┼────────────────┤
│ clab-ml-84-h3  │ linux                        │ running │ 192.168.84.142 │
│                │ python:3.13-alpine           │         │ N/A            │
├────────────────┼──────────────────────────────┼─────────┼────────────────┤
│ clab-ml-84-v1  │ linux                        │ running │ 192.168.84.104 │
│                │ python:3.13-alpine           │         │ N/A            │
├────────────────┼──────────────────────────────┼─────────┼────────────────┤
│ clab-ml-84-v2  │ linux                        │ running │ 192.168.84.105 │
│                │ python:3.13-alpine           │         │ N/A            │
├────────────────┼──────────────────────────────┼─────────┼────────────────┤
│ clab-ml-84-v3  │ linux                        │ running │ 192.168.84.164 │
│                │ python:3.13-alpine           │         │ N/A            │
╰────────────────┴──────────────────────────────┴─────────┴────────────────╯

Initial configuration skipped, run 'netlab initial' to configure the devices
