Checking virtualization provider installation
OK: clab installed and working correctly
Stopping clab nodes
11:22:42 INFO Parsing & checking topology file=clab.yml
11:22:42 INFO Parsing & checking topology file=clab.yml
11:22:42 INFO Destroying lab name=ml-17
11:22:43 INFO Removed container name=clab-ml-17-x3
11:22:43 INFO Removed container name=clab-ml-17-vx2
11:22:43 INFO Removed container name=clab-ml-17-x1
11:22:43 INFO Removed container name=clab-ml-17-vx3
11:22:43 INFO Removed container name=clab-ml-17-x2
11:22:43 INFO Removed container name=clab-ml-17-dut
11:22:43 INFO Removed container name=clab-ml-17-vx1
11:22:43 INFO Removing host entries path=/etc/hosts
11:22:43 INFO Removing SSH config path=/etc/ssh/ssh_config.d/clab-ml-17.conf
Cleanup configuration files
... removing clab.yml
... removing ansible.cfg
... removing hosts.yml
... removing directory tree group_vars
... removing directory tree host_vars
... removing directory tree node_files
... removing netlab.snapshot.pickle
