Using transformed lab topology from snapshot file netlab.snapshot.pickle
Checking virtualization provider installation
OK: clab installed and working correctly
Starting clab nodes
provider clab: executing sudo -E containerlab deploy --reconfigure -t clab.yml
11:26:52 INFO Containerlab started version=0.74.2
11:26:53 INFO Parsing & checking topology file=clab.yml
11:26:53 INFO Removing directory path=/work/netlab_cicd/other_c/clab-ml-85
11:26:53 INFO Creating docker network name=nl_mgmt_85 IPv4 subnet=192.168.85.0/24 IPv6 subnet="" MTU=0
11:26:53 INFO Creating lab directory path=/work/netlab_cicd/other_c/clab-ml-85
11:26:53 INFO Creating container name=h2
11:26:53 INFO Creating container name=h1
11:26:53 INFO Creating container name=dut
11:26:53 INFO Creating container name=s2
11:26:53 INFO Creating container name=s1
11:26:54 INFO Created link: dut:et2 ▪┄┄▪ s2:et2
11:26:54 INFO Running postdeploy actions for Arista cEOS 'dut' node
11:26:54 INFO Created link: s2:et3 ▪┄┄▪ h2:eth1
11:26:54 INFO Running postdeploy actions for Arista cEOS 's2' node
11:26:54 INFO Created link: s1:et1 ▪┄┄▪ s2:et1
11:26:54 INFO Created link: dut:et1 ▪┄┄▪ s1:et2
11:26:54 INFO Created link: s1:et3 ▪┄┄▪ h1:eth1
11:26:54 INFO Running postdeploy actions for Arista cEOS 's1' node
11:27:33 INFO Adding host entries path=/etc/hosts
11:27:33 INFO Adding SSH config for nodes path=/etc/ssh/ssh_config.d/clab-ml-85.conf
11:27:33 INFO containerlab version
  🎉=
  │ A newer containerlab version (0.74.3) is available!
  │ Release notes: https://containerlab.dev/rn/0.74/#0743
  │ Run 'clab version upgrade' or see https://containerlab.dev/install/ for other installation options.
[1m╭[0m[1m────────────────[0m[1m┬[0m[1m────────────────────[0m[1m┬[0m[1m─────────[0m[1m┬[0m[1m────────────────[0m[1m╮[0m
[1m│[0m[1m      Name      [0m[1m│[0m[1m     Kind/Image     [0m[1m│[0m[1m  State  [0m[1m│[0m[1m IPv4/6 Address [0m[1m│[0m
[1m├[0m[1m────────────────[0m[1m┼[0m[1m────────────────────[0m[1m┼[0m[1m─────────[0m[1m┼[0m[1m────────────────[0m[1m┤[0m
│ clab-ml-85-dut │ ceos               │ running │ 192.168.85.101 │
│                │ ceos:4.35.2F       │         │ N/A            │
├────────────────┼────────────────────┼─────────┼────────────────┤
│ clab-ml-85-h1  │ linux              │ running │ 192.168.85.104 │
│                │ python:3.13-alpine │         │ N/A            │
├────────────────┼────────────────────┼─────────┼────────────────┤
│ clab-ml-85-h2  │ linux              │ running │ 192.168.85.105 │
│                │ python:3.13-alpine │         │ N/A            │
├────────────────┼────────────────────┼─────────┼────────────────┤
│ clab-ml-85-s1  │ ceos               │ running │ 192.168.85.102 │
│                │ ceos:4.35.2F       │         │ N/A            │
├────────────────┼────────────────────┼─────────┼────────────────┤
│ clab-ml-85-s2  │ ceos               │ running │ 192.168.85.103 │
│                │ ceos:4.35.2F       │         │ N/A            │
╰────────────────┴────────────────────┴─────────┴────────────────╯

Initial configuration skipped, run 'netlab initial' to configure the devices
