Using transformed lab topology from snapshot file netlab.snapshot.pickle
Checking virtualization provider installation
OK: clab installed and working correctly
Starting clab nodes
 [INFO] Setting containerlab runtime to docker
provider clab: executing flock -E 42 /tmp/netlab.lock containerlab deploy --reconfigure -t clab.yml
17:25:31 INFO Containerlab started version=0.79.0
17:25:31 INFO Parsing & checking topology file=clab.yml
17:25:31 INFO Removing directory path=/work/netlab_cicd/clab-ml-17
17:25:31 INFO Creating docker network name=nl_mgmt_17 IPv4 subnet=192.168.17.0/24 IPv6 subnet=fd00:df:1ab:17::/64 MTU=0
17:25:31 INFO Creating lab directory path=/work/netlab_cicd/clab-ml-17
17:25:31 INFO Creating container name=h1
17:25:31 INFO Creating container name=l2
17:25:31 INFO Creating container name=spine
17:25:31 INFO Creating container name=h2
17:25:31 INFO Creating container name=dut
17:25:32 INFO Created link: l2:eth2 ▪┄┄▪ h2:eth1
17:25:32 INFO Created link: spine:eth1 ▪┄┄▪ dut:et1
17:25:32 INFO Created link: dut:et2 ▪┄┄▪ h1:eth1
17:25:32 INFO Running postdeploy actions for Arista cEOS 'dut' node
17:25:32 INFO Created link: spine:eth2 ▪┄┄▪ l2:eth1
17:25:51 INFO Executed command node=l2 command="sleep 1" stdout=""
17:25:51 INFO Executed command node=spine command="sleep 1" stdout=""
17:25:51 INFO Adding host entries path=/etc/hosts
17:25:51 INFO Adding SSH config for nodes path=/etc/ssh/ssh_config.d/clab-ml-17.conf
[1m╭[0m[1m──────────────────[0m[1m┬[0m[1m──────────────────────────────[0m[1m┬[0m[1m─────────[0m[1m┬[0m[1m───────────────────[0m[1m╮[0m
[1m│[0m[1m       Name       [0m[1m│[0m[1m          Kind/Image          [0m[1m│[0m[1m  State  [0m[1m│[0m[1m   IPv4/6 Address  [0m[1m│[0m
[1m├[0m[1m──────────────────[0m[1m┼[0m[1m──────────────────────────────[0m[1m┼[0m[1m─────────[0m[1m┼[0m[1m───────────────────[0m[1m┤[0m
│ clab-ml-17-dut   │ ceos                         │ running │ 192.168.17.102    │
│                  │ ceos:4.35.2F                 │         │ fd00:df:1ab:17::6 │
├──────────────────┼──────────────────────────────┼─────────┼───────────────────┤
│ clab-ml-17-h1    │ linux                        │ running │ 192.168.17.104    │
│                  │ python:3.13-alpine           │         │ fd00:df:1ab:17::2 │
├──────────────────┼──────────────────────────────┼─────────┼───────────────────┤
│ clab-ml-17-h2    │ linux                        │ running │ 192.168.17.105    │
│                  │ python:3.13-alpine           │         │ fd00:df:1ab:17::3 │
├──────────────────┼──────────────────────────────┼─────────┼───────────────────┤
│ clab-ml-17-l2    │ linux                        │ running │ 192.168.17.103    │
│                  │ quay.io/frrouting/frr:10.7.1 │         │ fd00:df:1ab:17::5 │
├──────────────────┼──────────────────────────────┼─────────┼───────────────────┤
│ clab-ml-17-spine │ linux                        │ running │ 192.168.17.101    │
│                  │ quay.io/frrouting/frr:10.7.1 │         │ fd00:df:1ab:17::4 │
╰──────────────────┴──────────────────────────────┴─────────┴───────────────────╯

Initial configuration skipped, run 'netlab initial' to configure the devices
