Using transformed lab topology from snapshot file netlab.snapshot.pickle
Checking virtualization provider installation
OK: clab installed and working correctly
Starting clab nodes
provider clab: executing flock -E 42 /tmp/netlab.lock sudo -E containerlab deploy --reconfigure -t clab.yml
16:59:34 INFO Containerlab started version=0.75.0
16:59:34 INFO Parsing & checking topology file=clab.yml
16:59:34 INFO Removing directory path=/work/netlab_cicd/clab-ml-17
16:59:34 INFO Creating docker network name=nl_mgmt_17 IPv4 subnet=192.168.17.0/24 IPv6 subnet="" MTU=0
16:59:34 INFO Creating lab directory path=/work/netlab_cicd/clab-ml-17
16:59:34 INFO Creating container name=ce3
16:59:34 INFO Creating container name=s2
16:59:34 INFO Creating container name=ce4
16:59:34 INFO Creating container name=ce1
16:59:34 INFO Creating container name=ce2
16:59:34 INFO Creating container name=dut
16:59:35 INFO Created link: ce2:eth1 ▪┄┄▪ s2:eth2
16:59:35 INFO Created link: ce4:eth1 ▪┄┄▪ s2:eth3
16:59:35 INFO Created link: dut:et1 ▪┄┄▪ s2:eth1
16:59:35 INFO Created link: ce1:eth1 ▪┄┄▪ dut:et2
16:59:35 INFO Created link: ce3:eth1 ▪┄┄▪ dut:et3
16:59:35 INFO Running postdeploy actions for Arista cEOS 'dut' node
16:59:50 INFO Executed command node=ce1 command="sleep 1" stdout=""
16:59:50 INFO Executed command node=s2 command="sleep 1" stdout=""
16:59:50 INFO Executed command node=ce4 command="sleep 1" stdout=""
16:59:50 INFO Executed command node=ce3 command="sleep 1" stdout=""
16:59:50 INFO Executed command node=ce2 command="sleep 1" stdout=""
16:59:50 INFO Adding host entries path=/etc/hosts
16:59:50 INFO Adding SSH config for nodes path=/etc/ssh/ssh_config.d/clab-ml-17.conf
16:59:50 INFO containerlab version
  🎉=
  │ A newer containerlab version (0.76.0) is available!
  │ Release notes: https://containerlab.dev/rn/0.76/
  │ Run 'clab version upgrade' or see https://containerlab.dev/install/ for other installation options.
[1m╭[0m[1m────────────────[0m[1m┬[0m[1m──────────────────────────────[0m[1m┬[0m[1m─────────[0m[1m┬[0m[1m────────────────[0m[1m╮[0m
[1m│[0m[1m      Name      [0m[1m│[0m[1m          Kind/Image          [0m[1m│[0m[1m  State  [0m[1m│[0m[1m IPv4/6 Address [0m[1m│[0m
[1m├[0m[1m────────────────[0m[1m┼[0m[1m──────────────────────────────[0m[1m┼[0m[1m─────────[0m[1m┼[0m[1m────────────────[0m[1m┤[0m
│ clab-ml-17-ce1 │ linux                        │ running │ 192.168.17.101 │
│                │ quay.io/frrouting/frr:10.6.1 │         │ N/A            │
├────────────────┼──────────────────────────────┼─────────┼────────────────┤
│ clab-ml-17-ce2 │ linux                        │ running │ 192.168.17.102 │
│                │ quay.io/frrouting/frr:10.6.1 │         │ N/A            │
├────────────────┼──────────────────────────────┼─────────┼────────────────┤
│ clab-ml-17-ce3 │ linux                        │ running │ 192.168.17.103 │
│                │ quay.io/frrouting/frr:10.6.1 │         │ N/A            │
├────────────────┼──────────────────────────────┼─────────┼────────────────┤
│ clab-ml-17-ce4 │ linux                        │ running │ 192.168.17.104 │
│                │ quay.io/frrouting/frr:10.6.1 │         │ N/A            │
├────────────────┼──────────────────────────────┼─────────┼────────────────┤
│ clab-ml-17-dut │ ceos                         │ running │ 192.168.17.105 │
│                │ ceos:4.35.2F                 │         │ N/A            │
├────────────────┼──────────────────────────────┼─────────┼────────────────┤
│ clab-ml-17-s2  │ linux                        │ running │ 192.168.17.106 │
│                │ quay.io/frrouting/frr:10.6.1 │         │ N/A            │
╰────────────────┴──────────────────────────────┴─────────┴────────────────╯

Initial configuration skipped, run 'netlab initial' to configure the devices
