Creating Device configuration snippets
[CREATED] h1: initial,routing
[CREATED] h2: initial,routing
[CREATED] h3: initial,routing
[CREATED] h4: initial,routing
[CREATED] dut_s1: normalize,initial,vlan,ospf,bgp,vxlan,evpn
[CREATED] dut_s2: normalize,initial,vlan,ospf,bgp,vxlan,evpn
[CREATED] probe: normalize,initial,ospf,bgp,evpn
Checking Are lab devices ready to be configured?
 [INFO] Checking SSH server(s) on dut_s1,dut_s2,probe
Config Normalizing device configurations
netmiko:  [INFO] Sent normalize configuration to probe
netmiko:  [INFO] Sent normalize configuration to dut_s2
netmiko:  [INFO] Sent normalize configuration to dut_s1
Config Deploying device configurations
 [INFO] Executing initial configuration for node h1 (namespace clab-
          ml-17-h1)
 [INFO] Executing initial configuration for node h2 (namespace clab-
          ml-17-h2)
 [INFO] Executing initial configuration for node h3 (namespace clab-
          ml-17-h3)
 [INFO] Executing initial configuration for node h4 (namespace clab-
          ml-17-h4)
 [INFO] Executing routing configuration for node h1 (namespace clab-
          ml-17-h1)
 [INFO] Executing routing configuration for node h2 (namespace clab-
          ml-17-h2)
 [INFO] Executing routing configuration for node h3 (namespace clab-
          ml-17-h3)
 [INFO] Executing routing configuration for node h4 (namespace clab-
          ml-17-h4)
netmiko:  [INFO] Sent initial configuration to probe
netmiko:  [INFO] Sent initial configuration to dut_s1
netmiko:  [INFO] Sent initial configuration to dut_s2
netmiko:  [INFO] Sent ospf configuration to probe
netmiko:  [INFO] Sent vlan configuration to dut_s1
netmiko:  [INFO] Sent vlan configuration to dut_s2
netmiko:  [INFO] Sent ospf configuration to dut_s1
netmiko:  [INFO] Sent ospf configuration to dut_s2
netmiko:  [INFO] Sent bgp configuration to probe
netmiko:  [INFO] Sent evpn configuration to probe
netmiko:  [INFO] Sent bgp configuration to dut_s1
netmiko:  [INFO] Sent bgp configuration to dut_s2
netmiko:  [INFO] Sent vxlan configuration to dut_s1
netmiko:  [INFO] Sent vxlan configuration to dut_s2
netmiko:  [INFO] Sent evpn configuration to dut_s1
netmiko:  [INFO] Sent evpn configuration to dut_s2

Results of configuration script deployments
================================================================================
h1               Script:  initial,routing
h2               Script:  initial,routing
h3               Script:  initial,routing
h4               Script:  initial,routing
dut_s1           Script:  normalize,initial,vlan,ospf,bgp,vxlan,evpn
dut_s2           Script:  normalize,initial,vlan,ospf,bgp,vxlan,evpn
probe            Script:  normalize,initial,ospf,bgp,evpn


The device under test is an EVPN PE-device bridging two VLANs over VXLAN running
on IPv6 transport. The other EVPN PE-device is an EOS container.

Both VLANs are using the same IP prefix to identify potential inter-VLAN
leaking.

* h1 and h2 should be able to ping each other
* h3 and h4 should be able to ping each other
* h1 should not be able to reach h3 or h4

Please note it might take a while for the lab to work due to STP learning
phase

