Creating Device configuration snippets
[CREATED] ce1b: initial,bgp
[CREATED] ce2b: initial,bgp
[CREATED] ce1o: initial,ospf
[CREATED] ce2o: initial,ospf
[CREATED] dut: normalize,initial,ospf,bgp,mpls,vrf,evpn
[CREATED] s2: normalize,initial,ospf,bgp,mpls,vrf,evpn
[CREATED] p: initial,ospf,mpls
Checking Are lab devices ready to be configured?
 [INFO] Checking SSH server(s) on dut,s2
Config Deploying device configurations
 [INFO] Executing initial configuration for node ce1b
 [INFO] Executing initial configuration for node ce2b
 [INFO] Executing initial configuration for node ce1o
 [INFO] Executing initial configuration for node ce2o
 [INFO] Executing normalize configuration for node dut
 [INFO] Executing normalize configuration for node s2
 [INFO] Executing initial configuration for node p
 [INFO] Executing ospf configuration for node ce1o
 [INFO] Executing bgp configuration for node ce2b
 [INFO] Executing ospf configuration for node ce2o
 [INFO] Executing bgp configuration for node ce1b
 [INFO] Executing ospf configuration for node p
 [INFO] Executing mpls configuration for node p
 [INFO] Executing initial configuration for node s2
 [INFO] Executing initial configuration for node dut
 [INFO] Executing ospf configuration for node s2
 [INFO] Executing ospf configuration for node dut
 [INFO] Executing bgp configuration for node s2
 [INFO] Executing bgp configuration for node dut
 [INFO] Executing mpls configuration for node s2
 [INFO] Executing vrf configuration for node s2
 [INFO] Executing mpls configuration for node dut
 [INFO] Executing vrf configuration for node dut
 [INFO] Executing evpn configuration for node s2
 [INFO] Executing evpn configuration for node dut

Results of configuration script deployments
================================================================================
ce1b             Script:  initial,bgp
ce2b             Script:  initial,bgp
ce1o             Script:  initial,ospf
ce2o             Script:  initial,ospf
dut              Script:  normalize,initial,ospf,bgp,mpls,vrf,evpn
s2               Script:  normalize,initial,ospf,bgp,mpls,vrf,evpn
p                Script:  initial,ospf,mpls


The devices under test are layer-3 EVPN/VXLAN routers implementing L3VPN with
EVPN control plane and running OSPF and BGP with external devices.

Assuming the 53-evpn-l3only test passed, this test checks the propagation of
VRF BGP routes into EVPN type-5 routes and the propagation of EVPN type-5
routes into VRF BGP table and the redistribution into VRF OSPF instances

External devices should be able to ping each other

