Using transformed lab topology from snapshot file netlab.snapshot.pickle
Checking virtualization provider installation
OK: clab installed and working correctly
Starting clab nodes
Loading Linux kernel modules mpls-router,mpls-iptunnel required by containers using sr module
provider clab: executing sudo -E containerlab deploy --reconfigure -t clab.yml
11:41:30 INFO Containerlab started version=0.74.2
11:41:30 INFO Parsing & checking topology file=clab.yml
11:41:30 INFO Removing directory path=/work/netlab_cicd/other_c/clab-ml-85
11:41:30 INFO Creating docker network name=nl_mgmt_85 IPv4 subnet=192.168.85.0/24 IPv6 subnet="" MTU=0
11:41:30 INFO Creating lab directory path=/work/netlab_cicd/other_c/clab-ml-85
11:41:30 INFO Creating container name=p
11:41:30 INFO Creating container name=h1
11:41:30 INFO Creating container name=h3
11:41:30 INFO Creating container name=h2
11:41:30 INFO Creating container name=h4
11:41:30 INFO Creating container name=s2
11:41:30 INFO Creating container name=dut
11:41:31 INFO Created link: s2:et1 ▪┄┄▪ p:eth2
11:41:31 INFO Created link: h2:eth1 ▪┄┄▪ s2:et2
11:41:31 INFO Created link: h4:eth1 ▪┄┄▪ s2:et3
11:41:31 INFO Running postdeploy actions for Arista cEOS 's2' node
11:41:31 INFO Created link: dut:et1 ▪┄┄▪ p:eth1
11:41:31 INFO Created link: h1:eth1 ▪┄┄▪ dut:et2
11:41:31 INFO Created link: h3:eth1 ▪┄┄▪ dut:et3
11:41:31 INFO Running postdeploy actions for Arista cEOS 'dut' node
11:41:53 INFO Executed command node=p command="sleep 1" stdout=""
11:41:53 INFO Adding host entries path=/etc/hosts
11:41:53 INFO Adding SSH config for nodes path=/etc/ssh/ssh_config.d/clab-ml-85.conf
11:41:54 INFO containerlab version
  🎉=
  │ A newer containerlab version (0.74.3) is available!
  │ Release notes: https://containerlab.dev/rn/0.74/#0743
  │ Run 'clab version upgrade' or see https://containerlab.dev/install/ for other installation options.
[1m╭[0m[1m────────────────[0m[1m┬[0m[1m──────────────────────────────[0m[1m┬[0m[1m─────────[0m[1m┬[0m[1m────────────────[0m[1m╮[0m
[1m│[0m[1m      Name      [0m[1m│[0m[1m          Kind/Image          [0m[1m│[0m[1m  State  [0m[1m│[0m[1m IPv4/6 Address [0m[1m│[0m
[1m├[0m[1m────────────────[0m[1m┼[0m[1m──────────────────────────────[0m[1m┼[0m[1m─────────[0m[1m┼[0m[1m────────────────[0m[1m┤[0m
│ clab-ml-85-dut │ ceos                         │ running │ 192.168.85.105 │
│                │ ceos:4.35.2F                 │         │ N/A            │
├────────────────┼──────────────────────────────┼─────────┼────────────────┤
│ clab-ml-85-h1  │ linux                        │ running │ 192.168.85.101 │
│                │ python:3.13-alpine           │         │ N/A            │
├────────────────┼──────────────────────────────┼─────────┼────────────────┤
│ clab-ml-85-h2  │ linux                        │ running │ 192.168.85.102 │
│                │ python:3.13-alpine           │         │ N/A            │
├────────────────┼──────────────────────────────┼─────────┼────────────────┤
│ clab-ml-85-h3  │ linux                        │ running │ 192.168.85.103 │
│                │ python:3.13-alpine           │         │ N/A            │
├────────────────┼──────────────────────────────┼─────────┼────────────────┤
│ clab-ml-85-h4  │ linux                        │ running │ 192.168.85.104 │
│                │ python:3.13-alpine           │         │ N/A            │
├────────────────┼──────────────────────────────┼─────────┼────────────────┤
│ clab-ml-85-p   │ linux                        │ running │ 192.168.85.107 │
│                │ quay.io/frrouting/frr:10.6.0 │         │ N/A            │
├────────────────┼──────────────────────────────┼─────────┼────────────────┤
│ clab-ml-85-s2  │ ceos                         │ running │ 192.168.85.106 │
│                │ ceos:4.35.2F                 │         │ N/A            │
╰────────────────┴──────────────────────────────┴─────────┴────────────────╯

Initial configuration skipped, run 'netlab initial' to configure the devices
