Using transformed lab topology from snapshot file netlab.snapshot.pickle
Checking virtualization provider installation
OK: clab installed and working correctly
Starting clab nodes
provider clab: executing sudo -E containerlab deploy --reconfigure -t clab.yml
11:30:22 INFO Containerlab started version=0.74.2
11:30:22 INFO Parsing & checking topology file=clab.yml
11:30:22 INFO Removing directory path=/work/netlab_cicd/xr/clab-ml-82
11:30:22 INFO Creating docker network name=nl_mgmt_82 IPv4 subnet=192.168.82.0/24 IPv6 subnet="" MTU=0
11:30:23 INFO Creating lab directory path=/work/netlab_cicd/xr/clab-ml-82
11:30:23 INFO Creating container name=r4
11:30:23 INFO Creating container name=r1
11:30:23 INFO Creating container name=r3
11:30:23 INFO Creating container name=r2
11:30:23 INFO Creating container name=dut
11:30:23 INFO Created link: dut:FH0_0_0_1 ▪┄┄▪ r2:eth1
11:30:24 INFO Created link: dut:FH0_0_0_2 ▪┄┄▪ r3:eth1
11:30:24 INFO Created link: dut:FH0_0_0_0 ▪┄┄▪ r1:eth1
11:30:24 INFO Created link: dut:FH0_0_0_3 ▪┄┄▪ r4:eth1
11:30:25 INFO Executed command node=r3 command="sleep 1" stdout=""
11:30:25 INFO Executed command node=r2 command="sleep 1" stdout=""
11:30:25 INFO Executed command node=r1 command="sleep 1" stdout=""
11:30:25 INFO Executed command node=r4 command="sleep 1" stdout=""
11:30:25 INFO Adding host entries path=/etc/hosts
11:30:25 INFO Adding SSH config for nodes path=/etc/ssh/ssh_config.d/clab-ml-82.conf
11:30:25 INFO containerlab version
  🎉=
  │ A newer containerlab version (0.74.3) is available!
  │ Release notes: https://containerlab.dev/rn/0.74/#0743
  │ Run 'clab version upgrade' or see https://containerlab.dev/install/ for other installation options.
[1m╭[0m[1m────────────────[0m[1m┬[0m[1m──────────────────────────────[0m[1m┬[0m[1m─────────[0m[1m┬[0m[1m────────────────[0m[1m╮[0m
[1m│[0m[1m      Name      [0m[1m│[0m[1m          Kind/Image          [0m[1m│[0m[1m  State  [0m[1m│[0m[1m IPv4/6 Address [0m[1m│[0m
[1m├[0m[1m────────────────[0m[1m┼[0m[1m──────────────────────────────[0m[1m┼[0m[1m─────────[0m[1m┼[0m[1m────────────────[0m[1m┤[0m
│ clab-ml-82-dut │ cisco_c8000                  │ running │ 192.168.82.101 │
│                │ cisco/cisco-8201-32fh:24.4.1 │         │ N/A            │
├────────────────┼──────────────────────────────┼─────────┼────────────────┤
│ clab-ml-82-r1  │ linux                        │ running │ 192.168.82.102 │
│                │ quay.io/frrouting/frr:10.2.2 │         │ N/A            │
├────────────────┼──────────────────────────────┼─────────┼────────────────┤
│ clab-ml-82-r2  │ linux                        │ running │ 192.168.82.103 │
│                │ quay.io/frrouting/frr:10.2.2 │         │ N/A            │
├────────────────┼──────────────────────────────┼─────────┼────────────────┤
│ clab-ml-82-r3  │ linux                        │ running │ 192.168.82.104 │
│                │ quay.io/frrouting/frr:10.2.2 │         │ N/A            │
├────────────────┼──────────────────────────────┼─────────┼────────────────┤
│ clab-ml-82-r4  │ linux                        │ running │ 192.168.82.105 │
│                │ quay.io/frrouting/frr:10.2.2 │         │ N/A            │
╰────────────────┴──────────────────────────────┴─────────┴────────────────╯

Initial configuration skipped, run 'netlab initial' to configure the devices
