Checking virtualization provider installation
OK: clab installed and working correctly
Stopping clab nodes
11:34:51 INFO Parsing & checking topology file=clab.yml
11:34:51 INFO Parsing & checking topology file=clab.yml
11:34:51 INFO Destroying lab name=ml-82
11:34:52 INFO Removed container name=clab-ml-82-r1
11:34:52 INFO Removed container name=clab-ml-82-r2
11:34:52 INFO Removed container name=clab-ml-82-r4
11:34:53 INFO Removed container name=clab-ml-82-r3
11:34:53 INFO Removed container name=clab-ml-82-dut
11:34:53 INFO Removing host entries path=/etc/hosts
11:34:53 INFO Removing SSH config path=/etc/ssh/ssh_config.d/clab-ml-82.conf
Cleanup configuration files
... removing clab.yml
... removing ansible.cfg
... removing hosts.yml
... removing directory tree group_vars
... removing directory tree host_vars
... removing directory tree node_files
... removing netlab.snapshot.pickle
