Using transformed lab topology from snapshot file netlab.snapshot.pickle
Checking virtualization provider installation
OK: clab installed and working correctly
Starting clab nodes
 [INFO] Setting containerlab runtime to docker
provider clab: executing flock -E 42 /tmp/netlab.lock containerlab deploy --reconfigure -t clab.yml
10:21:31 INFO Containerlab started version=0.75.0
10:21:31 INFO Parsing & checking topology file=clab.yml
10:21:31 INFO Removing directory path=/work/netlab_cicd/clab-ml-17
10:21:31 INFO Creating docker network name=nl_mgmt_17 IPv4 subnet=192.168.17.0/24 IPv6 subnet="" MTU=0
10:21:31 INFO Creating lab directory path=/work/netlab_cicd/clab-ml-17
10:21:31 INFO Creating container name=dut
10:21:31 INFO Creating container name=x1
10:21:31 INFO Creating container name=x2
10:21:32 INFO Created link: dut:Ethernet0 ▪┄┄▪ x1:et1
10:21:32 INFO Created link: dut:Ethernet4 ▪┄┄▪ x1:et2
10:21:32 INFO Running postdeploy actions for Arista cEOS 'x1' node
10:21:32 INFO Created link: dut:Ethernet8 ▪┄┄▪ x2:et1
10:21:32 INFO Created link: dut:Ethernet12 ▪┄┄▪ x2:et2
10:21:32 INFO Running postdeploy actions for Arista cEOS 'x2' node
10:21:56 INFO Adding host entries path=/etc/hosts
10:21:56 INFO Adding SSH config for nodes path=/etc/ssh/ssh_config.d/clab-ml-17.conf
10:21:56 INFO containerlab version
  🎉=
  │ A newer containerlab version (0.77.0) is available!
  │ Release notes: https://containerlab.dev/rn/0.77/
  │ Run 'clab version upgrade' or see https://containerlab.dev/install/ for other installation options.
[1m╭[0m[1m────────────────[0m[1m┬[0m[1m────────────────────────[0m[1m┬[0m[1m─────────[0m[1m┬[0m[1m────────────────[0m[1m╮[0m
[1m│[0m[1m      Name      [0m[1m│[0m[1m       Kind/Image       [0m[1m│[0m[1m  State  [0m[1m│[0m[1m IPv4/6 Address [0m[1m│[0m
[1m├[0m[1m────────────────[0m[1m┼[0m[1m────────────────────────[0m[1m┼[0m[1m─────────[0m[1m┼[0m[1m────────────────[0m[1m┤[0m
│ clab-ml-17-dut │ sonic-vs               │ running │ 192.168.17.101 │
│                │ docker-sonic-vs:latest │         │ N/A            │
├────────────────┼────────────────────────┼─────────┼────────────────┤
│ clab-ml-17-x1  │ ceos                   │ running │ 192.168.17.102 │
│                │ ceos:4.35.2F           │         │ N/A            │
├────────────────┼────────────────────────┼─────────┼────────────────┤
│ clab-ml-17-x2  │ ceos                   │ running │ 192.168.17.103 │
│                │ ceos:4.35.2F           │         │ N/A            │
╰────────────────┴────────────────────────┴─────────┴────────────────╯

Initial configuration skipped, run 'netlab initial' to configure the devices
