Using transformed lab topology from snapshot file netlab.snapshot.pickle
Checking virtualization provider installation
OK: clab installed and working correctly
Starting clab nodes
 [INFO] Setting containerlab runtime to docker
provider clab: executing flock -E 42 /tmp/netlab.lock containerlab deploy --reconfigure -t clab.yml
10:24:43 INFO Containerlab started version=0.75.0
10:24:43 INFO Parsing & checking topology file=clab.yml
10:24:43 INFO Removing directory path=/work/netlab_cicd/clab-ml-17
10:24:43 INFO Creating docker network name=nl_mgmt_17 IPv4 subnet=192.168.17.0/24 IPv6 subnet="" MTU=0
10:24:43 INFO Creating lab directory path=/work/netlab_cicd/clab-ml-17
10:24:43 INFO Creating container name=xr
10:24:43 INFO Creating container name=h1
10:24:43 INFO Creating container name=h2
10:24:43 INFO Creating container name=dut
10:24:43 INFO Created link: h2:eth1 ▪┄┄▪ xr:eth3
10:24:43 INFO Created link: dut:Ethernet0 ▪┄┄▪ xr:eth1
10:24:43 INFO Created link: dut:Ethernet4 ▪┄┄▪ xr:eth2
10:24:44 INFO Created link: h1:eth1 ▪┄┄▪ dut:Ethernet8
10:24:44 INFO Executed command node=xr command="sleep 1" stdout=""
10:24:44 INFO Adding host entries path=/etc/hosts
10:24:44 INFO Adding SSH config for nodes path=/etc/ssh/ssh_config.d/clab-ml-17.conf
10:24:44 INFO containerlab version
  🎉=
  │ A newer containerlab version (0.77.0) is available!
  │ Release notes: https://containerlab.dev/rn/0.77/
  │ Run 'clab version upgrade' or see https://containerlab.dev/install/ for other installation options.
[1m╭[0m[1m────────────────[0m[1m┬[0m[1m──────────────────────────────[0m[1m┬[0m[1m─────────[0m[1m┬[0m[1m────────────────[0m[1m╮[0m
[1m│[0m[1m      Name      [0m[1m│[0m[1m          Kind/Image          [0m[1m│[0m[1m  State  [0m[1m│[0m[1m IPv4/6 Address [0m[1m│[0m
[1m├[0m[1m────────────────[0m[1m┼[0m[1m──────────────────────────────[0m[1m┼[0m[1m─────────[0m[1m┼[0m[1m────────────────[0m[1m┤[0m
│ clab-ml-17-dut │ sonic-vs                     │ running │ 192.168.17.103 │
│                │ docker-sonic-vs:latest       │         │ N/A            │
├────────────────┼──────────────────────────────┼─────────┼────────────────┤
│ clab-ml-17-h1  │ linux                        │ running │ 192.168.17.101 │
│                │ python:3.13-alpine           │         │ N/A            │
├────────────────┼──────────────────────────────┼─────────┼────────────────┤
│ clab-ml-17-h2  │ linux                        │ running │ 192.168.17.102 │
│                │ python:3.13-alpine           │         │ N/A            │
├────────────────┼──────────────────────────────┼─────────┼────────────────┤
│ clab-ml-17-xr  │ linux                        │ running │ 192.168.17.104 │
│                │ quay.io/frrouting/frr:10.6.1 │         │ N/A            │
╰────────────────┴──────────────────────────────┴─────────┴────────────────╯

Initial configuration skipped, run 'netlab initial' to configure the devices
