Using transformed lab topology from snapshot file netlab.snapshot.pickle
Checking virtualization provider installation
OK: clab installed and working correctly
Starting clab nodes
provider clab: executing sudo -E containerlab deploy --reconfigure -t clab.yml
10:05:50 INFO Containerlab started version=0.74.2
10:05:50 INFO Parsing & checking topology file=clab.yml
10:05:50 INFO Removing directory path=/work/netlab_cicd/clab-ml-17
10:05:50 INFO Creating docker network name=nl_mgmt_17 IPv4 subnet=192.168.17.0/24 IPv6 subnet="" MTU=0
10:05:50 INFO Creating lab directory path=/work/netlab_cicd/clab-ml-17
10:05:50 INFO Creating container name=v2
10:05:50 INFO Creating container name=probe
10:05:50 INFO Creating container name=x1
10:05:50 INFO Creating container name=v1
10:05:50 INFO Creating container name=vp
10:05:50 INFO Creating container name=x2
10:05:50 WARN node "dut": kind is nokia_srsim but the provided image does not have the correct labels; please use a valid SR-SIM container image or run a more recent version of the SR-SIM container image to suppress this warning
10:05:50 WARN Failed to write chassis_info.json to lab dir node=dut path=/work/netlab_cicd/clab-ml-17/dut error="/opt/nokia/chassis_info.json not found in image graph driver (UpperDir/MergedDir)"
10:05:50 INFO Retrieved SR OS version from image node=dut version=25.7.R1
10:05:50 INFO Creating container name=dut
10:05:51 INFO Created link: dut:e1-1-c2-1 (1/1/c2/1) ▪┄┄▪ x2:eth1
10:05:51 INFO Created link: dut:e1-1-c3-1 (1/1/c3/1) ▪┄┄▪ probe:eth1
10:05:52 INFO Created link: dut:e1-1-c4-1 (1/1/c4/1) ▪┄┄▪ v1:eth1
10:05:52 INFO Created link: dut:e1-1-c5-1 (1/1/c5/1) ▪┄┄▪ v2:eth1
10:05:52 INFO Created link: dut:e1-1-c1-1 (1/1/c1/1) ▪┄┄▪ x1:eth1
10:05:52 INFO Created link: dut:e1-1-c6-1 (1/1/c6/1) ▪┄┄▪ vp:eth1
10:05:52 INFO Running postdeploy actions kind=nokia_srsim node=dut
10:05:58 INFO Saving node "clab-ml-17-dut" config as startup...
10:05:58 INFO Saved running configuration node=dut addr=192.168.17.101 config-mode=model-driven
10:05:58 INFO Executed command node=probe command="sleep 1" stdout=""
10:05:58 INFO Executed command node=x2 command="sleep 1" stdout=""
10:05:58 INFO Executed command node=v2 command="sleep 1" stdout=""
10:05:58 INFO Executed command node=v1 command="sleep 1" stdout=""
10:05:58 INFO Executed command node=vp command="sleep 1" stdout=""
10:05:58 INFO Executed command node=x1 command="sleep 1" stdout=""
10:05:58 INFO Adding host entries path=/etc/hosts
10:05:58 INFO Adding SSH config for nodes path=/etc/ssh/ssh_config.d/clab-ml-17.conf
10:05:58 INFO containerlab version
  🎉=
  │ A newer containerlab version (0.74.3) is available!
  │ Release notes: https://containerlab.dev/rn/0.74/#0743
  │ Run 'clab version upgrade' or see https://containerlab.dev/install/ for other installation options.
[1m╭[0m[1m──────────────────[0m[1m┬[0m[1m──────────────────────────────[0m[1m┬[0m[1m─────────[0m[1m┬[0m[1m────────────────[0m[1m╮[0m
[1m│[0m[1m       Name       [0m[1m│[0m[1m          Kind/Image          [0m[1m│[0m[1m  State  [0m[1m│[0m[1m IPv4/6 Address [0m[1m│[0m
[1m├[0m[1m──────────────────[0m[1m┼[0m[1m──────────────────────────────[0m[1m┼[0m[1m─────────[0m[1m┼[0m[1m────────────────[0m[1m┤[0m
│ clab-ml-17-dut   │ nokia_srsim                  │ running │ 192.168.17.101 │
│                  │ nokia_srsim:25.7.R1          │         │ N/A            │
├──────────────────┼──────────────────────────────┼─────────┼────────────────┤
│ clab-ml-17-probe │ linux                        │ running │ 192.168.17.102 │
│                  │ quay.io/frrouting/frr:10.6.0 │         │ N/A            │
├──────────────────┼──────────────────────────────┼─────────┼────────────────┤
│ clab-ml-17-v1    │ linux                        │ running │ 192.168.17.105 │
│                  │ quay.io/frrouting/frr:10.6.0 │         │ N/A            │
├──────────────────┼──────────────────────────────┼─────────┼────────────────┤
│ clab-ml-17-v2    │ linux                        │ running │ 192.168.17.106 │
│                  │ quay.io/frrouting/frr:10.6.0 │         │ N/A            │
├──────────────────┼──────────────────────────────┼─────────┼────────────────┤
│ clab-ml-17-vp    │ linux                        │ running │ 192.168.17.107 │
│                  │ quay.io/frrouting/frr:10.6.0 │         │ N/A            │
├──────────────────┼──────────────────────────────┼─────────┼────────────────┤
│ clab-ml-17-x1    │ linux                        │ running │ 192.168.17.103 │
│                  │ quay.io/frrouting/frr:10.6.0 │         │ N/A            │
├──────────────────┼──────────────────────────────┼─────────┼────────────────┤
│ clab-ml-17-x2    │ linux                        │ running │ 192.168.17.104 │
│                  │ quay.io/frrouting/frr:10.6.0 │         │ N/A            │
╰──────────────────┴──────────────────────────────┴─────────┴────────────────╯

Initial configuration skipped, run 'netlab initial' to configure the devices
