Checking virtualization provider installation
OK: clab installed and working correctly
Stopping clab nodes
09:31:04 INFO Parsing & checking topology file=clab.yml
09:31:04 INFO Parsing & checking topology file=clab.yml
09:31:04 INFO Destroying lab name=ml-83
09:31:05 INFO Removed container name=clab-ml-83-dut
09:31:05 INFO Removed container name=clab-ml-83-h3
09:31:05 INFO Removed container name=clab-ml-83-v2
09:31:05 INFO Removed container name=clab-ml-83-v1
09:31:05 INFO Removed container name=clab-ml-83-h1
09:31:05 INFO Removed container name=clab-ml-83-v3
09:31:06 INFO Removed container name=clab-ml-83-h2
09:31:06 INFO Removing host entries path=/etc/hosts
09:31:06 INFO Removing SSH config path=/etc/ssh/ssh_config.d/clab-ml-83.conf
Cleanup configuration files
... removing clab.yml
... removing ansible.cfg
... removing hosts.yml
... removing directory tree group_vars
... removing directory tree host_vars
... removing directory tree node_files
... removing netlab.snapshot.pickle
