Creating Device configuration snippets
[CREATED] dut: normalize,initial
[CREATED] rtr: initial
[CREATED] h1: initial
[CREATED] h2: initial
Config Normalizing device configurations
[WARNING]: Found variable using reserved name: hosts

PLAY [Normalize device configurations] *****************************************

TASK [Set variables that cannot be set with VARS] ******************************
ok: [dut]

TASK [Normalize config on bridge-like devices] *********************************
included: /home/pipi/netlab_gh/netsim/ansible/tasks/deploy-module.yml for dut

TASK [Figure out whether to deploy the module normalize on current device] *****
ok: [dut]

TASK [Find configuration template for normalize] *******************************
ok: [dut]

TASK [fail] ********************************************************************
skipping: [dut]

TASK [Find configuration deployment deploy_script for normalize] ***************
ok: [dut]

TASK [Print deployed configuration when running in verbose mode] ***************
ok: [dut] => {
    "msg": "normalize configuration for dut\n=========================================\n!\ninterface Ethernet1\n shutdown\n mac-address caf0.0001.0001\n!\ninterface Ethernet2\n shutdown\n mac-address caf0.0001.0002\n"
}

TASK [Deploy normalize configuration] ******************************************
included: /home/pipi/netlab_gh/netsim/ansible/tasks/deploy-config/eos.yml for dut

TASK [eos_config: deploying normalize from /work/netlab_cicd/node_files/dut/normalize] ***
[WARNING]: To ensure idempotency and correct diff the input configuration lines
should be similar to how they appear if present in the running configuration on
device including the indentation
changed: [dut]

PLAY RECAP *********************************************************************
dut                        : ok=8    changed=1    unreachable=0    failed=0    skipped=1    rescued=0    ignored=0   


Creating Device configuration snippets
[CREATED] h1: initial
[CREATED] h2: initial
[CREATED] rtr: initial
Config Deploying device configurations
 [INFO] Executing initial configuration for node h1 (namespace clab-
          ml-17-h1)
 [INFO] Executing initial configuration for node h2 (namespace clab-
          ml-17-h2)
 [INFO] Executing initial configuration for node rtr

Results of configuration script deployments
================================================================================
rtr              Script:  initial
h1               Script:  initial
h2               Script:  initial


This scenario checks whether the device under test needs normalized
configuration (all interfaces shut down, no bridging across interfaces).

When checking whether a device needs 'normalize' config, run:

* netlab up --no-config
* netlab initial -l h1,h2,rtr
* netlab validate

If the test fails, the device as booted leaks traffic between its
Ethernet ports

When checking the normalized configuration, run:

* netlab up --no-config
* netlab initial --normalize
* netlab initial -l h1,h2,rtr
* netlab validate

