Creating Device configuration snippets
[CREATED] dut: initial,lag
[CREATED] x1: normalize,initial,lag,routing
[CREATED] x2: normalize,initial,lag,routing
Checking Are lab devices ready to be configured?
 [INFO] Checking lab devices with an Ansible playbook
[WARNING]: Could not match supplied host pattern, ignoring: netlab_ready_ssh
[WARNING]: Found variable using reserved name: hosts

PLAY [Wait for SSH servers] ****************************************************
skipping: no hosts matched

PLAY [Wait for device-specific conditions] *************************************

TASK [Set variables that cannot be set with VARS] ******************************
ok: [dut]

TASK [Find device readiness script] ********************************************
ok: [dut]

TASK [Wait for device to become ready] *****************************************
included: /home/pipi/netlab_gh/netsim/ansible/tasks/readiness-check/junos.yml for dut

TASK [set_fact] ****************************************************************
ok: [dut]

TASK [Wait for first interface (et-0/0/0)] *************************************
ok: [dut]

PLAY RECAP *********************************************************************
dut                        : ok=5    changed=0    unreachable=0    failed=0    skipped=0    rescued=0    ignored=0   

Config Normalizing device configurations
[WARNING]: Found variable using reserved name: hosts

PLAY [Normalize device configurations] *****************************************

TASK [Set variables that cannot be set with VARS] ******************************
ok: [x1]
ok: [x2]

TASK [Normalize config on bridge-like devices] *********************************
included: /home/pipi/netlab_gh/netsim/ansible/tasks/deploy-module.yml for x1, x2

TASK [Figure out whether to deploy the module normalize on current device] *****
ok: [x1]
ok: [x2]

TASK [Find configuration template for normalize] *******************************
ok: [x1]
ok: [x2]

TASK [fail] ********************************************************************
skipping: [x1]
skipping: [x2]

TASK [Find configuration deployment deploy_script for normalize] ***************
ok: [x1]
ok: [x2]

TASK [Print deployed configuration when running in verbose mode] ***************
ok: [x1] => {
    "msg": "normalize configuration for x1\n=========================================\n!\ninterface Ethernet1\n shutdown\n mac-address caf0.0002.0001\n!\ninterface Ethernet2\n shutdown\n mac-address caf0.0002.0002\n"
}
ok: [x2] => {
    "msg": "normalize configuration for x2\n=========================================\n!\ninterface Ethernet1\n shutdown\n mac-address caf0.0003.0001\n!\ninterface Ethernet2\n shutdown\n mac-address caf0.0003.0002\n"
}

TASK [Deploy normalize configuration] ******************************************
included: /home/pipi/netlab_gh/netsim/ansible/tasks/deploy-config/eos.yml for x1, x2

TASK [eos_config: deploying normalize from /work/netlab_cicd/junos/node_files/x1/normalize] ***
[WARNING]: To ensure idempotency and correct diff the input configuration lines
should be similar to how they appear if present in the running configuration on
device including the indentation
changed: [x1]
changed: [x2]

PLAY RECAP *********************************************************************
x1                         : ok=8    changed=1    unreachable=0    failed=0    skipped=1    rescued=0    ignored=0   
x2                         : ok=8    changed=1    unreachable=0    failed=0    skipped=1    rescued=0    ignored=0   

Config Deploying device configurations
[WARNING]: Found variable using reserved name: hosts

PLAY [Deploy initial device configuration] *************************************

TASK [Set variables that cannot be set with VARS] ******************************
ok: [dut]
ok: [x2]
ok: [x1]

TASK [Deploy initial configuration] ********************************************
included: /home/pipi/netlab_gh/netsim/ansible/tasks/deploy-module.yml for dut, x1, x2

TASK [Figure out whether to deploy the module initial on current device] *******
ok: [dut]
ok: [x2]
ok: [x1]

TASK [Find configuration template for initial] *********************************
ok: [dut]
ok: [x2]
ok: [x1]

TASK [fail] ********************************************************************
skipping: [dut]
skipping: [x1]
skipping: [x2]

TASK [Find configuration deployment deploy_script for initial] *****************
ok: [dut]
ok: [x1]
ok: [x2]

TASK [Print deployed configuration when running in verbose mode] ***************
ok: [dut] => {
    "msg": "initial configuration for dut\n=========================================\nsystem {\n  host-name dut;\n  static-host-mapping {\n    x1 inet 172.16.0.2;\n    x2 inet 172.16.1.3;\n  }\n}\n\ninterfaces {\n  ae1 {\n    mtu 1514;\n  }\n  ae2 {\n    mtu 1414;\n  }\n  et-0/0/0 {\n    mtu 1514;\n  }\n  et-0/0/1 {\n    mtu 1514;\n  }\n  et-0/0/2 {\n    mtu 1414;\n  }\n  et-0/0/3 {\n    mtu 1414;\n  }\n\n  lo0.0 {\n\n      family inet {\n        address 10.0.0.1/32;\n      }\n  }\n  ae1.0 {\n    description \"dut -> x1 [stub]\";\n\n      family inet {\n        address 172.16.0.1/24;\n      }\n  }\n  ae2.0 {\n    description \"dut -> x2 [stub]\";\n\n      family inet {\n        address 172.16.1.1/24;\n      }\n  }\n  et-0/0/0.0 {\n    description \"dut -> x1 [stub]\";\n\n  }\n  et-0/0/1.0 {\n    description \"dut -> x1 [stub]\";\n\n  }\n  et-0/0/2.0 {\n    description \"dut -> x2 [stub]\";\n\n  }\n  et-0/0/3.0 {\n    description \"dut -> x2 [stub]\";\n\n  }\n}\nprotocols {\n  lldp {\n    interface re0:mgmt-0 {\n      disable;\n    }\n    interface all;\n  }\n}\n"
}
ok: [x1] => {
    "msg": "initial configuration for x1\n=========================================\nhostname x1\n!\nlogging monitor debugging\naaa authorization exec default local\n!\nlldp run\nno ip routing\nno ipv6 unicast-routing\n!\n!\nip host dut 10.0.0.1 172.16.0.1 172.16.1.1\nip host x2 172.16.1.3\n!\ninterface Management1\n no lldp transmit\n no lldp receive\n!\ninterface port-channel1\n no switchport\n mtu 1500\n description x1 -> dut [stub]\n ip address 172.16.0.2/24\n!\ninterface Ethernet1\n no switchport\n mtu 1500\n description x1 -> dut [stub]\n mac-address caf0.0002.0001\n!\n no shutdown\n!\ninterface Ethernet2\n no switchport\n mtu 1500\n description x1 -> dut [stub]\n mac-address caf0.0002.0002\n!\n no shutdown\n!\n"
}
ok: [x2] => {
    "msg": "initial configuration for x2\n=========================================\nhostname x2\n!\nlogging monitor debugging\naaa authorization exec default local\n!\nlldp run\nno ip routing\nno ipv6 unicast-routing\n!\n!\nip host dut 10.0.0.1 172.16.0.1 172.16.1.1\nip host x1 172.16.0.2\n!\ninterface Management1\n no lldp transmit\n no lldp receive\n!\ninterface port-channel1\n no switchport\n mtu 1400\n description x2 -> dut [stub]\n ip address 172.16.1.3/24\n!\ninterface Ethernet1\n no switchport\n mtu 1400\n description x2 -> dut [stub]\n mac-address caf0.0003.0001\n!\n no shutdown\n!\ninterface Ethernet2\n no switchport\n mtu 1400\n description x2 -> dut [stub]\n mac-address caf0.0003.0002\n!\n no shutdown\n!\n"
}

TASK [Deploy initial configuration] ********************************************
included: /home/pipi/netlab_gh/netsim/ansible/tasks/deploy-config/junos.yml for dut
included: /home/pipi/netlab_gh/netsim/ansible/tasks/deploy-config/eos.yml for x1, x2

TASK [junos_config: deploying initial from /work/netlab_cicd/junos/node_files/dut/initial] ***
changed: [dut]

TASK [eos_config: deploying initial from /work/netlab_cicd/junos/node_files/x1/initial] ***
[WARNING]: To ensure idempotency and correct diff the input configuration lines
should be similar to how they appear if present in the running configuration on
device including the indentation
changed: [x2]
changed: [x1]

PLAY [Deploy module-specific configurations] ***********************************

TASK [Set variables that cannot be set with VARS] ******************************
ok: [dut]
ok: [x1]
ok: [x2]

TASK [Deploy individual configuration modules] *********************************
included: /home/pipi/netlab_gh/netsim/ansible/tasks/deploy-module.yml for dut, x1, x2 => (item=lag)
included: /home/pipi/netlab_gh/netsim/ansible/tasks/deploy-module.yml for dut, x1, x2 => (item=routing)

TASK [Figure out whether to deploy the module lag on current device] ***********
ok: [dut]
ok: [x1]
ok: [x2]

TASK [Find configuration template for lag] *************************************
ok: [dut]
ok: [x2]
ok: [x1]

TASK [fail] ********************************************************************
skipping: [dut]
skipping: [x1]
skipping: [x2]

TASK [Find configuration deployment deploy_script for lag] *********************
ok: [dut]
ok: [x1]
ok: [x2]

TASK [Print deployed configuration when running in verbose mode] ***************
ok: [dut] => {
    "msg": "lag configuration for dut\n=========================================\n\nchassis {\n  aggregated-devices {\n    ethernet {\n      device-count 2;\n    }\n  }\n}\n\n\ninterfaces {\n\n  ae1 {\n    description \"dut -> x1 (LAG)\";\n    aggregated-ether-options {\n\n      lacp {\n        active;\n        periodic fast;\n      }\n    }\n  }\n\n  et-0/0/0 {\n    description \"dut -> x1 in LAG 1\";\n    ether-options {\n      802.3ad ae1;\n    }\n    delete: mtu;\n    delete: unit 0;\n  }\n  et-0/0/1 {\n    description \"dut -> x1 in LAG 1\";\n    ether-options {\n      802.3ad ae1;\n    }\n    delete: mtu;\n    delete: unit 0;\n  }\n\n  ae2 {\n    description \"dut -> x2 (LAG)\";\n    aggregated-ether-options {\n\n      lacp {\n        active;\n        periodic fast;\n      }\n    }\n  }\n\n  et-0/0/2 {\n    description \"dut -> x2 in LAG 2\";\n    ether-options {\n      802.3ad ae2;\n    }\n    delete: mtu;\n    delete: unit 0;\n  }\n  et-0/0/3 {\n    description \"dut -> x2 in LAG 2\";\n    ether-options {\n      802.3ad ae2;\n    }\n    delete: mtu;\n    delete: unit 0;\n  }\n\n\n}\n"
}
ok: [x2] => {
    "msg": "lag configuration for x2\n=========================================\n\ninterface port-channel1\n description x2 -> dut\n!\n!\n!\ninterface Ethernet1\n description x2 -> dut in channel-group 1\n channel-group 1 mode active\n lacp timer fast\n!\ninterface Ethernet2\n description x2 -> dut in channel-group 1\n channel-group 1 mode active\n lacp timer fast\n"
}
ok: [x1] => {
    "msg": "lag configuration for x1\n=========================================\n\ninterface port-channel1\n description x1 -> dut\n!\n!\n!\ninterface Ethernet1\n description x1 -> dut in channel-group 1\n channel-group 1 mode active\n lacp timer fast\n!\ninterface Ethernet2\n description x1 -> dut in channel-group 1\n channel-group 1 mode active\n lacp timer fast\n"
}

TASK [Deploy lag configuration] ************************************************
included: /home/pipi/netlab_gh/netsim/ansible/tasks/deploy-config/junos.yml for dut
included: /home/pipi/netlab_gh/netsim/ansible/tasks/deploy-config/eos.yml for x1, x2

TASK [junos_config: deploying lag from /work/netlab_cicd/junos/node_files/dut/lag] ***
changed: [dut]

TASK [eos_config: deploying lag from /work/netlab_cicd/junos/node_files/x1/lag] ***
changed: [x1]
changed: [x2]

TASK [Figure out whether to deploy the module routing on current device] *******
ok: [dut]
ok: [x2]
ok: [x1]

TASK [Find configuration template for routing] *********************************
skipping: [dut]
ok: [x2]
ok: [x1]

TASK [fail] ********************************************************************
skipping: [dut]
skipping: [x1]
skipping: [x2]

TASK [Find configuration deployment deploy_script for routing] *****************
skipping: [dut]
ok: [x2]
ok: [x1]

TASK [Print deployed configuration when running in verbose mode] ***************
skipping: [dut]
ok: [x1] => {
    "msg": "routing configuration for x1\n=========================================\n!\n!\n! Static routes\n!\nip route 0.0.0.0/0 port-channel1 172.16.0.1\n"
}
ok: [x2] => {
    "msg": "routing configuration for x2\n=========================================\n!\n!\n! Static routes\n!\nip route 0.0.0.0/0 port-channel1 172.16.1.1\n"
}

TASK [Deploy routing configuration] ********************************************
skipping: [dut]
included: /home/pipi/netlab_gh/netsim/ansible/tasks/deploy-config/eos.yml for x1, x2

TASK [eos_config: deploying routing from /work/netlab_cicd/junos/node_files/x1/routing] ***
changed: [x2]
changed: [x1]

PLAY [Deploy custom deployment templates] **************************************
skipping: no hosts matched

PLAY RECAP *********************************************************************
dut                        : ok=18   changed=2    unreachable=0    failed=0    skipped=7    rescued=0    ignored=0   
x1                         : ok=23   changed=3    unreachable=0    failed=0    skipped=3    rescued=0    ignored=0   
x2                         : ok=23   changed=3    unreachable=0    failed=0    skipped=3    rescued=0    ignored=0   



The device under is a router with a L3 LAG link connected to a FRR device. The
FRR device should be able to ping the loopback interface of DUT.

