Creating Device configuration snippets
[CREATED] h1: initial,routing
[CREATED] h2: initial,routing
[CREATED] h3: initial,routing
[CREATED] h4: initial,routing
[CREATED] dut: initial,lag,vlan
[CREATED] xs: initial,lag,vlan
Checking Are lab devices ready to be configured?
 [INFO] Checking lab devices with an Ansible playbook
[WARNING]: Could not match supplied host pattern, ignoring: netlab_ready_ssh
[WARNING]: Found variable using reserved name: hosts

PLAY [Wait for SSH servers] ****************************************************
skipping: no hosts matched

PLAY [Wait for device-specific conditions] *************************************

TASK [Set variables that cannot be set with VARS] ******************************
ok: [dut]

TASK [Find device readiness script] ********************************************
ok: [dut]

TASK [Wait for device to become ready] *****************************************
included: /home/pipi/net101/tools/netsim/ansible/tasks/readiness-check/junos.yml for dut

TASK [set_fact] ****************************************************************
ok: [dut]

TASK [Wait for first interface (et-0/0/0)] *************************************
ok: [dut]

PLAY RECAP *********************************************************************
dut                        : ok=5    changed=0    unreachable=0    failed=0    skipped=0    rescued=0    ignored=0   

Config Deploying device configurations
 [INFO] Executing initial configuration for node h1 (namespace clab-
          ml-85-h1)
 [INFO] Executing initial configuration for node h2 (namespace clab-
          ml-85-h2)
 [INFO] Executing initial configuration for node h3 (namespace clab-
          ml-85-h3)
 [INFO] Executing initial configuration for node h4 (namespace clab-
          ml-85-h4)
 [INFO] Executing routing configuration for node h2 (namespace clab-
          ml-85-h2)
 [INFO] Executing routing configuration for node h1 (namespace clab-
          ml-85-h1)
 [INFO] Executing routing configuration for node h3 (namespace clab-
          ml-85-h3)
 [INFO] Executing routing configuration for node h4 (namespace clab-
          ml-85-h4)
 [INFO] Starting Ansible playbook to deploy the rest of the
          configurations
[WARNING]: Found variable using reserved name: hosts

PLAY [Deploy initial device configuration] *************************************

TASK [Set variables that cannot be set with VARS] ******************************
ok: [xs]
ok: [dut]

TASK [Normalize config on bridge-like devices] *********************************
included: /home/pipi/net101/tools/netsim/ansible/tasks/deploy-module.yml for dut, xs

TASK [Figure out whether to deploy the module normalize on current device] *****
ok: [xs]
ok: [dut]

TASK [Find configuration template for normalize] *******************************
ok: [xs]
ok: [dut]

TASK [fail] ********************************************************************
skipping: [dut]
skipping: [xs]

TASK [Find configuration deployment deploy_script for normalize] ***************
ok: [xs]
ok: [dut]

TASK [Print deployed configuration when running in verbose mode] ***************
skipping: [dut]
skipping: [xs]

TASK [Deploy normalize configuration] ******************************************
skipping: [dut]
skipping: [xs]

TASK [Deploy initial configuration] ********************************************
included: /home/pipi/net101/tools/netsim/ansible/tasks/deploy-module.yml for dut, xs

TASK [Figure out whether to deploy the module initial on current device] *******
ok: [xs]
ok: [dut]

TASK [Find configuration template for initial] *********************************
ok: [xs]
ok: [dut]

TASK [fail] ********************************************************************
skipping: [dut]
skipping: [xs]

TASK [Find configuration deployment deploy_script for initial] *****************
ok: [xs]
ok: [dut]

TASK [Print deployed configuration when running in verbose mode] ***************
ok: [xs] => {
    "msg": "initial configuration for xs\n=========================================\n#!/bin/bash\n#\nset -e\nset -x\n#\n# Create bash profile script\n#\ncat <<'SCRIPT' >/root/.bash_profile\n#!/bin/bash\n#\nexport PS1=\"\\h(bash)# \"\necho\necho \"Use vtysh to connect to FRR daemon\"\necho\nSCRIPT\n#\n# This is an artifact of unknown provenance that should be removed in a year or two (= 2026/2027)\n#\n# FRR controls these parameters with 'ip forwarding' and 'ipv6 forwarding' commands\n#\nsysctl -w net.ipv4.ip_forward=1\nsysctl -w net.ipv6.conf.all.forwarding=0\n#\ncat <<SCRIPT >.bash_profile\n#!/bin/bash\n#\nexport PS1=\"\\h(bash)$ \"\nexport PATH=$PATH:/usr/sbin\necho \necho \"Use sudo vtysh to connect to FRR daemon\"\necho\nSCRIPT\n#\n# Build hosts file\n#\n#\ncat <<'SCRIPT' >/tmp/hosts\n#\n# Created by netlab initial\n#\n10.0.0.5 dut\n172.16.0.5 irb.1000.dut\n172.16.1.5 irb.1001.dut\n172.16.0.1 h1 eth1.h1\n172.16.0.2 h2 eth1.h2\n172.16.1.3 h3 eth1.h3\n172.16.1.4 h4 eth1.h4\n10.0.0.6 xs\n172.16.0.6 vlan1000.xs\n172.16.1.6 vlan1001.xs\nSCRIPT\ngrep \"Created by netlab\" /etc/hosts || uniq /tmp/hosts >>/etc/hosts\n#\n# Configure system defaults on Ubuntu\n#\nhostnamectl set-hostname xs\nAPT_INSTALL=\n#\nif which gpg; then\n  echo \"Package gnupg already installed\"\nelse\n  APT_INSTALL=\"$APT_INSTALL gnupg\"\nfi\n#\nif which curl; then\n  echo \"Package curl already installed\"\nelse\n  APT_INSTALL=\"$APT_INSTALL curl\"\nfi\n#\nif which bridge; then\n  echo \"Package iproute2 already installed\"\nelse\n  APT_INSTALL=\"$APT_INSTALL iproute2\"\nfi\n#\n# APT_INSTALL always starts with a blank, so we can't just check if it's empty\n# The following hack turns a string that contains only whitespaces into\n# an empty string and removes leading whitespaces\n#\nAPT_INSTALL=`echo $APT_INSTALL`\nif [ -n \"$APT_INSTALL\" ]; then\n  echo \"Installing packages $APT_INSTALL\"\n  apt-get update -qq && apt-get install -qq $APT_INSTALL\nfi\n#\n# Install FRR on a Ubuntu VM if needed\n#\nif which /usr/lib/frr/frrinit.sh; then\n  echo \"FRR already installed, skipping installation\"\nelse\n  curl -s https://deb.frrouting.org/frr/keys.asc >/etc/apt/trusted.gpg.d/frr.asc\n  FRRVER=\"frr-stable\"\n  echo deb https://deb.frrouting.org/frr $(lsb_release -s -c) $FRRVER > /etc/apt/sources.list.d/frr.list\n  apt-get update -qq && apt-get install -qq frr frr-pythontools bridge-utils ethtool\nfi\n#\n# Enable FRR modules (if not using containerlab bind-mounted /etc/frr/daemons)\n#\n#\n# Enable FRR daemons\n#\n\n/usr/lib/frr/frrinit.sh restart\n\n# Set system defaults\n#\n# Send ARP requests from a sane source IP address\n#\nsysctl -w net.ipv4.conf.all.arp_announce=2\n\n#\n# Create loopbacks, stub and lag/bond devices\n#\nif [ ! -e /sys/class/net/lo ]; then\n  if [ ! -e /sys/devices/virtual/net/lo ]; then\n    ip link add lo type dummy\n    ip link set dev lo up\n  fi\nfi\nif [ ! -e /sys/class/net/bond1 ]; then\n  if [ ! -e /sys/devices/virtual/net/bond1 ]; then\n#\n# Make sure 'bonding' module is loaded\n#\nif [ ! -e /sys/module/bonding ]; then\nmodprobe bonding miimon=100 mode=802.3ad lacp_rate=fast\nfi\nif [ ! -e /sys/class/net/bond1 ]; then\nip link add dev bond1 type bond mode 802.3ad lacp_rate slow\nfi\n\n    ip link set dev bond1 up\n  fi\nfi\n\n# Disable IPv6 (for IPv4-only interfaces) or SLAAC (if the device is a router)\n#\nip link set bond1 down\nsysctl -qw net.ipv6.conf.bond1.disable_ipv6=1\nip link set dev bond1 mtu 1500\nip link set bond1 up\nip link set eth1 down\nsysctl -qw net.ipv6.conf.eth1.disable_ipv6=1\nip link set dev eth1 mtu 1500\nip link set eth1 up\nip link set eth2 down\nsysctl -qw net.ipv6.conf.eth2.disable_ipv6=1\nip link set dev eth2 mtu 1500\nip link set eth2 up\nip link set eth3 down\nsysctl -qw net.ipv6.conf.eth3.disable_ipv6=1\nip link set dev eth3 mtu 1500\nip link set eth3 up\nip link set eth4 down\nsysctl -qw net.ipv6.conf.eth4.disable_ipv6=1\nip link set dev eth4 mtu 1500\nip link set eth4 up\n\n#\n# Add vtysh.conf file\necho \"service integrated-vtysh-config\" >/etc/frr/vtysh.conf\n\n#\n# Rest of initial configuration done through VTYSH\n#\ncat >/tmp/config <<CONFIG\nhostname xs\n!\nlog file /tmp/logging\n\n!\nip forwarding\nfrr defaults datacenter\n!\ninterface lo\n no shutdown\n ip address 10.0.0.6/32\n!\ninterface bond1\n no shutdown\n description xs -> dut\n ! no ip address\n!\ninterface eth1\n no shutdown\n description xs -> dut\n ! no ip address\n!\ninterface eth2\n no shutdown\n description xs -> dut\n ! no ip address\n!\ninterface eth3\n no shutdown\n description [Access VLAN v1] xs -> h2\n ! no ip address\n!\ninterface eth4\n no shutdown\n description [Access VLAN v2] xs -> h4\n ! no ip address\n!\ninterface bond1.1000\n no shutdown\n description [SubIf VLAN v1] xs -> dut\n ! no ip address\n!\ninterface bond1.1001\n no shutdown\n description [SubIf VLAN v2] xs -> dut\n ! no ip address\n!\ninterface vlan1000\n no shutdown\n description VLAN v1 (1000) -> [h1,dut,h2]\n ip address 172.16.0.6/24\n!\ninterface vlan1001\n no shutdown\n description VLAN v2 (1001) -> [h3,dut,h4]\n ip address 172.16.1.6/24\n!\ndo write\nCONFIG\nvtysh -f /tmp/config\n!\nexit 0\n"
}
ok: [dut] => {
    "msg": "initial configuration for dut\n=========================================\nsystem {\n  host-name dut;\n  static-host-mapping {\n    h1 inet 172.16.0.1;\n    h2 inet 172.16.0.2;\n    h3 inet 172.16.1.3;\n    h4 inet 172.16.1.4;\n    xs inet 10.0.0.6;\n  }\n}\n\n\ninterfaces {\n\n\n\n\n\n\n\n\n\n\n\n\n\n\n\n\n\n\n\n\n\n\n\n\n\n\n\n\n\n\n}\ninterfaces {\n\n  lo0.0 {\n    \n      family inet {\n        address 10.0.0.5/32;\n      }\n    \n  }\n  ae1.0 {\n    description \"dut -> xs\";\n    \n    \n  }\n  et-0/0/0.0 {\n    description \"dut -> xs\";\n    \n    \n  }\n  et-0/0/1.0 {\n    description \"dut -> xs\";\n    \n    \n  }\n  et-0/0/2.0 {\n    description \"[Access VLAN v1] dut -> h1\";\n    \n    \n  }\n  et-0/0/3.0 {\n    description \"[Access VLAN v2] dut -> h3\";\n    \n    \n  }\n  irb.1000 {\n    description \"VLAN v1 (1000) -> [h1,h2,xs]\";\n    \n      family inet {\n        address 172.16.0.5/24;\n      }\n    \n  }\n  irb.1001 {\n    description \"VLAN v2 (1001) -> [h3,h4,xs]\";\n    \n      family inet {\n        address 172.16.1.5/24;\n      }\n    \n  }\n}\nprotocols {\n  lldp {\n    interface re0:mgmt-0 {\n      disable;\n    }\n    interface all;\n  }\n}\n"
}

TASK [Deploy initial configuration] ********************************************
included: /home/pipi/net101/tools/netsim/ansible/tasks/deploy-config/junos.yml for dut
included: /home/pipi/net101/tools/netsim/ansible/tasks/deploy-config/frr.yml for xs

TASK [junos_config: deploying initial from /work/netlab_cicd/other_vm/node_files/dut/initial] ***
[WARNING]: mgd: statement has no contents; ignored
changed: [dut]

TASK [template] ****************************************************************
changed: [xs]

TASK [set_fact] ****************************************************************
ok: [xs]

TASK [run /tmp/config.sh to deploy initial config from /work/netlab_cicd/other_vm/node_files/xs/initial] ***
changed: [xs]

TASK [run vtysh to import initial config from /work/netlab_cicd/other_vm/node_files/xs/initial] ***
skipping: [xs]

PLAY [Deploy module-specific configurations] ***********************************

TASK [Set variables that cannot be set with VARS] ******************************
ok: [xs]
ok: [dut]

TASK [Deploy individual configuration modules] *********************************
included: /home/pipi/net101/tools/netsim/ansible/tasks/deploy-module.yml for dut, xs => (item=lag)
included: /home/pipi/net101/tools/netsim/ansible/tasks/deploy-module.yml for dut, xs => (item=vlan)
included: /home/pipi/net101/tools/netsim/ansible/tasks/deploy-module.yml for dut, xs => (item=routing)

TASK [Figure out whether to deploy the module lag on current device] ***********
ok: [xs]
ok: [dut]

TASK [Find configuration template for lag] *************************************
ok: [xs]
ok: [dut]

TASK [fail] ********************************************************************
skipping: [dut]
skipping: [xs]

TASK [Find configuration deployment deploy_script for lag] *********************
ok: [xs]
ok: [dut]

TASK [Print deployed configuration when running in verbose mode] ***************
ok: [xs] => {
    "msg": "lag configuration for xs\n=========================================\n#!/bin/sh\n#\nset -e # Exit immediately when any command fails\n#\n# Bond devices are created by 'initial' module - add members\n#\nethtool -s eth1 autoneg off speed 1000 duplex full\nip link set dev eth1 down\nip link set dev eth1 master bond1\nip link set dev eth1 up\nethtool -s eth2 autoneg off speed 1000 duplex full\nip link set dev eth2 down\nip link set dev eth2 master bond1\nip link set dev eth2 up\nip link set dev bond1 up\n"
}
ok: [dut] => {
    "msg": "lag configuration for dut\n=========================================\n\nchassis {\n  aggregated-devices {\n    ethernet {\n      device-count 1;\n    }\n  }\n}\n\n\ninterfaces {\n\n  ae1 {\n    description \"dut -> xs (LAG)\";\n    aggregated-ether-options {\n\n      lacp {\n        active;\n        periodic slow;\n      }\n    }\n  }\n\n  et-0/0/0 {\n    description \"dut -> xs in LAG 1\";\n    ether-options {\n      802.3ad ae1;\n    }\n    delete: mtu;\n    delete: unit 0;\n  }\n  et-0/0/1 {\n    description \"dut -> xs in LAG 1\";\n    ether-options {\n      802.3ad ae1;\n    }\n    delete: mtu;\n    delete: unit 0;\n  }\n\n\n}\n"
}

TASK [Deploy lag configuration] ************************************************
included: /home/pipi/net101/tools/netsim/ansible/tasks/deploy-config/junos.yml for dut
included: /home/pipi/net101/tools/netsim/ansible/tasks/deploy-config/frr.yml for xs

TASK [junos_config: deploying lag from /work/netlab_cicd/other_vm/node_files/dut/lag] ***
[WARNING]: statement not found: mtu
changed: [dut]

TASK [template] ****************************************************************
changed: [xs]

TASK [set_fact] ****************************************************************
ok: [xs]

TASK [run /tmp/config.sh to deploy lag config from /work/netlab_cicd/other_vm/node_files/xs/lag] ***
changed: [xs]

TASK [run vtysh to import lag config from /work/netlab_cicd/other_vm/node_files/xs/lag] ***
skipping: [xs]

TASK [Figure out whether to deploy the module vlan on current device] **********
ok: [xs]
ok: [dut]

TASK [Find configuration template for vlan] ************************************
ok: [xs]
ok: [dut]

TASK [fail] ********************************************************************
skipping: [dut]
skipping: [xs]

TASK [Find configuration deployment deploy_script for vlan] ********************
ok: [xs]
ok: [dut]

TASK [Print deployed configuration when running in verbose mode] ***************
ok: [xs] => {
    "msg": "vlan configuration for xs\n=========================================\n#!/bin/bash\n#\nset -e # Exit immediately when any command fails\nset -x # Track commands for troubleshooting\n#\nif [ ! -e /sys/devices/virtual/net/bond1.1000 ]; then\n  ip link add link bond1 name bond1.1000 type vlan id 1000\n  ip link set dev bond1.1000 up\nfi\nif [ ! -e /sys/devices/virtual/net/bond1.1001 ]; then\n  ip link add link bond1 name bond1.1001 type vlan id 1001\n  ip link set dev bond1.1001 up\nfi\nif [ ! -e /sys/devices/virtual/net/vlan1000 ]; then\n  ip link add vlan1000 type bridge\n  ip link set dev vlan1000 address ca:f4:00:06:00:00\n\n  ip link set dev vlan1000 mtu 1500\n  ip addr flush dev vlan1000\n  sysctl -w net.ipv6.conf.vlan1000.disable_ipv6=1\nfi\nif [ ! -e /sys/devices/virtual/net/vlan1001 ]; then\n  ip link add vlan1001 type bridge\n  ip link set dev vlan1001 address ca:f4:00:06:00:01\n\n  ip link set dev vlan1001 mtu 1500\n  ip addr flush dev vlan1001\n  sysctl -w net.ipv6.conf.vlan1001.disable_ipv6=1\nfi\n\nip link set dev eth3 master vlan1000\nip link set dev eth4 master vlan1001\nip link set dev bond1.1000 master vlan1000\nip link set dev bond1.1001 master vlan1001\n\nip link set dev vlan1000 up\nip link set dev vlan1001 up\n"
}
ok: [dut] => {
    "msg": "vlan configuration for dut\n=========================================\nvlans {\n  v1 {\n    vlan-id 1000;\n\n    l3-interface irb.1000;\n\n  }\n  v2 {\n    vlan-id 1001;\n\n    l3-interface irb.1001;\n\n  }\n}\n\ninterfaces {\n\n\n  ae1.0 {\n    family ethernet-switching {\n\n      interface-mode trunk;\n      vlan {\n        members [ v1 v2 ];\n      }\n\n    }\n  }\n\n\n\n  et-0/0/2.0 {\n    family ethernet-switching {\n\n      vlan {\n        members v1;\n      }\n\n    }\n  }\n\n\n\n  et-0/0/3.0 {\n    family ethernet-switching {\n\n      vlan {\n        members v2;\n      }\n\n    }\n  }\n\n\n}\n"
}

TASK [Deploy vlan configuration] ***********************************************
included: /home/pipi/net101/tools/netsim/ansible/tasks/deploy-config/junos.yml for dut
included: /home/pipi/net101/tools/netsim/ansible/tasks/deploy-config/frr.yml for xs

TASK [junos_config: deploying vlan from /work/netlab_cicd/other_vm/node_files/dut/vlan] ***
changed: [dut]

TASK [template] ****************************************************************
changed: [xs]

TASK [set_fact] ****************************************************************
ok: [xs]

TASK [run /tmp/config.sh to deploy vlan config from /work/netlab_cicd/other_vm/node_files/xs/vlan] ***
changed: [xs]

TASK [run vtysh to import vlan config from /work/netlab_cicd/other_vm/node_files/xs/vlan] ***
skipping: [xs]

TASK [Figure out whether to deploy the module routing on current device] *******
ok: [xs]
ok: [dut]

TASK [Find configuration template for routing] *********************************
skipping: [dut]
skipping: [xs]

TASK [fail] ********************************************************************
skipping: [dut]
skipping: [xs]

TASK [Find configuration deployment deploy_script for routing] *****************
skipping: [dut]
skipping: [xs]

TASK [Print deployed configuration when running in verbose mode] ***************
skipping: [dut]
skipping: [xs]

TASK [Deploy routing configuration] ********************************************
skipping: [dut]
skipping: [xs]

PLAY [Deploy custom deployment templates] **************************************
skipping: no hosts matched

PLAY RECAP *********************************************************************
dut                        : ok=29   changed=3    unreachable=0    failed=0    skipped=11   rescued=0    ignored=0   
xs                         : ok=35   changed=6    unreachable=0    failed=0    skipped=14   rescued=0    ignored=0   

Results of configuration script deployments
================================================================================
h1               Script:  initial,routing
h2               Script:  initial,routing
h3               Script:  initial,routing
h4               Script:  initial,routing


The device under test is a layer-2 switch connected with a LAG VLAN trunk to
another layer-2 switch. Host in the same VLAN should be able to ping each
other.

