Using transformed lab topology from snapshot file netlab.snapshot.pickle
Checking virtualization provider installation
OK: libvirt installed and working correctly
OK: clab installed and working correctly
Starting libvirt nodes
creating libvirt management network nl_mgmt_31
provider libvirt: executing flock -E 42 /tmp/netlab.lock vagrant up --provider libvirt
Bringing machine 'dut' up with 'libvirt' provider...
Bringing machine 'xs' up with 'libvirt' provider...
==> xs: Checking if box 'netlab/frr' version '10.5.1' is up to date...
[fog][WARNING] Unrecognized arguments: libvirt_ip_command
==> xs: Creating image (snapshot of base box volume).
==> xs: Creating domain with the following settings...
==> dut: Checking if box 'juniper/vptx' version '25.2R1.8' is up to date...
==> xs:  -- Name:              ml-31_xs
==> xs:  -- Description:       Source: /work/netlab_cicd/junos/Vagrantfile
==> xs:  -- Domain type:       kvm
==> xs:  -- Cpus:              1
==> xs:  -- Feature:           acpi
[fog][WARNING] Unrecognized arguments: libvirt_ip_command
==> xs:  -- Feature:           apic
==> dut: Creating image (snapshot of base box volume).
==> xs:  -- Feature:           pae
==> dut: Creating domain with the following settings...
==> xs:  -- Clock offset:      utc
==> dut:  -- Name:              ml-31_dut
==> xs:  -- Memory:            1024M
==> dut:  -- Description:       Source: /work/netlab_cicd/junos/Vagrantfile
==> xs:  -- Management MAC:    ca:fe:00:06:00:00
==> dut:  -- Domain type:       kvm
==> xs:  -- Base box:          netlab/frr
==> dut:  -- Cpus:              4
==> xs:  -- Storage pool:      default
==> dut:  -- Feature:           acpi
==> xs:  -- Image(vda):        /var/lib/libvirt/images/ml-31_xs.img, virtio, 3G
==> dut:  -- Feature:           apic
==> xs:  -- Disk driver opts:  cache='default'
==> dut:  -- Feature:           pae
==> xs:  -- Graphics Type:     vnc
==> dut:  -- Clock offset:      utc
==> xs:  -- Video Type:        cirrus
==> dut:  -- Memory:            8192M
==> xs:  -- Video VRAM:        16384
==> dut:  -- Management MAC:    ca:fe:00:05:00:00
==> xs:  -- Video 3D accel:    false
==> dut:  -- Loader:            /usr/share/OVMF/OVMF_CODE_4M.fd
==> xs:  -- Keymap:            en-us
==> dut:  -- Nvram:             /var/lib/libvirt/qemu/nvram/dut.fd
==> xs:  -- TPM Backend:       passthrough
==> dut:  -- Base box:          juniper/vptx
==> xs:  -- INPUT:             type=mouse, bus=ps2
==> dut:  -- Storage pool:      default
==> dut:  -- Image(vda):        /var/lib/libvirt/images/ml-31_dut.img, virtio, 40G
==> dut:  -- Disk driver opts:  cache='default'
==> dut:  -- Graphics Type:     none
==> dut:  -- Video Type:        none
==> dut:  -- Video VRAM:        16384
==> dut:  -- Video 3D accel:    false
==> dut:  -- Keymap:            en-us
==> dut:  -- TPM Backend:       passthrough
==> dut:  -- Sysinfo:
==> dut:    -- BIOS:
==> dut:     -> vendor: Bochs
==> dut:     -> version: Bochs
==> dut:    -- System:
==> dut:     -> manufacturer: Bochs
==> dut:     -> product: Bochs
==> dut:     -> serial: chassis_no=0:slot=0:type=1:assembly_id=0x0D20:platform=251:master=0:channelized=no
==> dut:    -- Chassis:
==> dut:     -> manufacturer: Bochs
==> dut:  -- INPUT:             type=mouse, bus=ps2
==> xs: Creating shared folders metadata...
==> xs: Starting domain.
==> xs: Domain launching with graphics connection settings...
==> xs:  -- Graphics Port:      5900
==> xs:  -- Graphics IP:        127.0.0.1
==> xs:  -- Graphics Password:  Not defined
==> xs:  -- Graphics Websocket: 5700
==> xs: Waiting for domain to get an IP address...
==> dut: Creating shared folders metadata...
==> dut: Updating domain definition due to configuration change
==> dut: Starting domain.
==> dut: Waiting for domain to get an IP address...
==> xs: Waiting for machine to boot. This may take a few minutes...
    xs: SSH address: 192.168.31.106:22
    xs: SSH username: vagrant
    xs: SSH auth method: private key
    xs: Warning: Connection refused. Retrying...
    xs: 
    xs: Vagrant insecure key detected. Vagrant will automatically replace
    xs: this with a newly generated keypair for better security.
    xs: 
    xs: Inserting generated public key within guest...
    xs: Removing insecure key from the guest if it's present...
    xs: Key inserted! Disconnecting and reconnecting using new SSH key...
==> xs: Machine booted and ready!
==> xs: Running provisioner: shell...
    xs: Running: inline script
    xs: Setting password for user Vagrant
    xs: Enabling SSH password authentication
    xs: /usr/lib/frr/frrinit.sh
    xs: FRR already installed, skipping installation
==> dut: Waiting for machine to boot. This may take a few minutes...
    dut: SSH address: 192.168.31.105:22
    dut: SSH username: vagrant
    dut: SSH auth method: private key
==> dut: Machine booted and ready!
Starting clab nodes
Recreating clab-augment.yml configuration file for clab provider
Created provider configuration file: clab-augment.yml
provider clab: executing flock -E 42 /tmp/netlab.lock sudo -E containerlab deploy --reconfigure -t clab-augment.yml
12:36:14 INFO Containerlab started version=0.75.0
12:36:14 INFO Parsing & checking topology file=clab-augment.yml
12:36:14 INFO Removing directory path=/work/netlab_cicd/junos/clab-ml-31
12:36:14 INFO Creating docker network name=nl_mgmt_31 IPv4 subnet=192.168.31.0/24 IPv6 subnet="" MTU=0
12:36:14 INFO Creating lab directory path=/work/netlab_cicd/junos/clab-ml-31
12:36:15 INFO Creating container name=h1
12:36:15 INFO Creating container name=h3
12:36:15 INFO Creating container name=h4
12:36:15 INFO Creating container name=h2
12:36:15 INFO Created link: h2:eth1 ▪┄┄▪ virbr2:bni31n2i1
12:36:15 INFO Created link: h3:eth1 ▪┄┄▪ virbr5:bni31n3i1
12:36:16 INFO Created link: h1:eth1 ▪┄┄▪ virbr4:bni31n1i1
12:36:16 INFO Created link: h4:eth1 ▪┄┄▪ virbr3:bni31n4i1
12:36:16 INFO Adding host entries path=/etc/hosts
12:36:16 INFO Adding SSH config for nodes path=/etc/ssh/ssh_config.d/clab-ml-31.conf
[1m╭[0m[1m───────────────[0m[1m┬[0m[1m────────────────────[0m[1m┬[0m[1m─────────[0m[1m┬[0m[1m────────────────[0m[1m╮[0m
[1m│[0m[1m      Name     [0m[1m│[0m[1m     Kind/Image     [0m[1m│[0m[1m  State  [0m[1m│[0m[1m IPv4/6 Address [0m[1m│[0m
[1m├[0m[1m───────────────[0m[1m┼[0m[1m────────────────────[0m[1m┼[0m[1m─────────[0m[1m┼[0m[1m────────────────[0m[1m┤[0m
│ clab-ml-31-h1 │ linux              │ running │ 192.168.31.101 │
│               │ python:3.13-alpine │         │ N/A            │
├───────────────┼────────────────────┼─────────┼────────────────┤
│ clab-ml-31-h2 │ linux              │ running │ 192.168.31.102 │
│               │ python:3.13-alpine │         │ N/A            │
├───────────────┼────────────────────┼─────────┼────────────────┤
│ clab-ml-31-h3 │ linux              │ running │ 192.168.31.103 │
│               │ python:3.13-alpine │         │ N/A            │
├───────────────┼────────────────────┼─────────┼────────────────┤
│ clab-ml-31-h4 │ linux              │ running │ 192.168.31.104 │
│               │ python:3.13-alpine │         │ N/A            │
╰───────────────┴────────────────────┴─────────┴────────────────╯

Initial configuration skipped, run 'netlab initial' to configure the devices
