Using transformed lab topology from snapshot file netlab.snapshot.pickle
Checking virtualization provider installation
OK: libvirt installed and working correctly
Starting libvirt nodes
creating libvirt management network nl_mgmt_31
provider libvirt: executing flock -E 42 /tmp/netlab.lock vagrant up --provider libvirt
Bringing machine 'dut' up with 'libvirt' provider...
Bringing machine 'x1' up with 'libvirt' provider...
Bringing machine 'x2' up with 'libvirt' provider...
==> dut: Checking if box 'juniper/vptx' version '25.2R1.8' is up to date...
[fog][WARNING] Unrecognized arguments: libvirt_ip_command
==> dut: Creating image (snapshot of base box volume).
==> dut: Creating domain with the following settings...
==> dut:  -- Name:              ml-31_dut
==> dut:  -- Description:       Source: /work/netlab_cicd/junos/Vagrantfile
==> dut:  -- Domain type:       kvm
==> dut:  -- Cpus:              4
==> dut:  -- Feature:           acpi
==> dut:  -- Feature:           apic
==> dut:  -- Feature:           pae
==> dut:  -- Clock offset:      utc
==> dut:  -- Memory:            8192M
==> dut:  -- Management MAC:    ca:fe:00:01:00:00
==> dut:  -- Loader:            /usr/share/OVMF/OVMF_CODE_4M.fd
==> dut:  -- Nvram:             /var/lib/libvirt/qemu/nvram/dut.fd
==> dut:  -- Base box:          juniper/vptx
==> dut:  -- Storage pool:      default
==> dut:  -- Image(vda):        /var/lib/libvirt/images/ml-31_dut.img, virtio, 40G
==> dut:  -- Disk driver opts:  cache='default'
==> dut:  -- Graphics Type:     none
==> dut:  -- Video Type:        none
==> dut:  -- Video VRAM:        16384
==> dut:  -- Video 3D accel:    false
==> dut:  -- Keymap:            en-us
==> dut:  -- TPM Backend:       passthrough
==> dut:  -- Sysinfo:
==> dut:    -- BIOS:
==> dut:     -> vendor: Bochs
==> dut:     -> version: Bochs
==> dut:    -- System:
==> dut:     -> manufacturer: Bochs
==> dut:     -> product: Bochs
==> dut:     -> serial: chassis_no=0:slot=0:type=1:assembly_id=0x0D20:platform=251:master=0:channelized=no
==> dut:    -- Chassis:
==> dut:     -> manufacturer: Bochs
==> dut:  -- INPUT:             type=mouse, bus=ps2
==> x2: Checking if box 'arista/veos' version '4.34.2F' is up to date...
[fog][WARNING] Unrecognized arguments: libvirt_ip_command
==> x2: Creating image (snapshot of base box volume).
==> x2: Creating domain with the following settings...
==> x2:  -- Name:              ml-31_x2
==> x1: Checking if box 'arista/veos' version '4.34.2F' is up to date...
==> x2:  -- Description:       Source: /work/netlab_cicd/junos/Vagrantfile
==> x2:  -- Domain type:       kvm
==> x2:  -- Cpus:              2
==> x2:  -- Feature:           acpi
[fog][WARNING] Unrecognized arguments: libvirt_ip_command
==> x2:  -- Feature:           apic
==> x1: Creating image (snapshot of base box volume).
==> x2:  -- Feature:           pae
==> x1: Creating domain with the following settings...
==> x2:  -- Clock offset:      utc
==> x1:  -- Name:              ml-31_x1
==> x2:  -- Memory:            2048M
==> x1:  -- Description:       Source: /work/netlab_cicd/junos/Vagrantfile
==> x2:  -- Management MAC:    ca:fe:00:03:00:00
==> x1:  -- Domain type:       kvm
==> x2:  -- Base box:          arista/veos
==> x1:  -- Cpus:              2
==> x2:  -- Storage pool:      default
==> x1:  -- Feature:           acpi
==> x2:  -- Image(vda):        /var/lib/libvirt/images/ml-31_x2.img, ide, 5G
==> x1:  -- Feature:           apic
==> x2:  -- Disk driver opts:  cache='default'
==> x1:  -- Feature:           pae
==> x2:  -- Graphics Type:     vnc
==> x1:  -- Clock offset:      utc
==> x2:  -- Video Type:        cirrus
==> x1:  -- Memory:            2048M
==> x2:  -- Video VRAM:        16384
==> x1:  -- Management MAC:    ca:fe:00:02:00:00
==> x2:  -- Video 3D accel:    false
==> x1:  -- Base box:          arista/veos
==> x2:  -- Keymap:            en-us
==> x1:  -- Storage pool:      default
==> x2:  -- TPM Backend:       passthrough
==> x1:  -- Image(vda):        /var/lib/libvirt/images/ml-31_x1.img, ide, 5G
==> x2:  -- INPUT:             type=mouse, bus=ps2
==> x1:  -- Disk driver opts:  cache='default'
==> x1:  -- Graphics Type:     vnc
==> x1:  -- Video Type:        cirrus
==> x1:  -- Video VRAM:        16384
==> x1:  -- Video 3D accel:    false
==> x1:  -- Keymap:            en-us
==> x1:  -- TPM Backend:       passthrough
==> x1:  -- INPUT:             type=mouse, bus=ps2
==> dut: Creating shared folders metadata...
==> dut: Updating domain definition due to configuration change
==> dut: Starting domain.
==> dut: Waiting for domain to get an IP address...
==> x2: Creating shared folders metadata...
==> x2: Starting domain.
==> x2: Domain launching with graphics connection settings...
==> x2:  -- Graphics Port:      5900
==> x2:  -- Graphics IP:        127.0.0.1
==> x2:  -- Graphics Password:  Not defined
==> x2:  -- Graphics Websocket: 5700
==> x2: Waiting for domain to get an IP address...
==> x1: Creating shared folders metadata...
==> x1: Starting domain.
==> x1: Domain launching with graphics connection settings...
==> x1:  -- Graphics Port:      5901
==> x1:  -- Graphics IP:        127.0.0.1
==> x1:  -- Graphics Password:  Not defined
==> x1:  -- Graphics Websocket: 5701
==> x1: Waiting for domain to get an IP address...
==> x2: Waiting for machine to boot. This may take a few minutes...
    x2: SSH address: 192.168.31.103:22
    x2: SSH username: vagrant
    x2: SSH auth method: private key
    x2: Warning: Connection refused. Retrying...
==> x1: Waiting for machine to boot. This may take a few minutes...
    x1: SSH address: 192.168.31.102:22
    x1: SSH username: vagrant
    x1: SSH auth method: private key
    x1: Warning: Connection refused. Retrying...
==> x2: Machine booted and ready!
==> dut: Waiting for machine to boot. This may take a few minutes...
    dut: SSH address: 192.168.31.101:22
    dut: SSH username: vagrant
    dut: SSH auth method: private key
==> dut: Machine booted and ready!
==> x1: Machine booted and ready!

Initial configuration skipped, run 'netlab initial' to configure the devices
