Using transformed lab topology from snapshot file netlab.snapshot.pickle
Checking virtualization provider installation
OK: libvirt installed and working correctly
OK: clab installed and working correctly
Starting libvirt nodes
creating libvirt management network nl_mgmt_85
provider libvirt: executing vagrant up --provider libvirt
Bringing machine 'dut' up with 'libvirt' provider...
Bringing machine 'xr' up with 'libvirt' provider...
==> dut: Checking if box 'juniper/vptx' version '25.2R1.8' is up to date...
[fog][WARNING] Unrecognized arguments: libvirt_ip_command
==> dut: Creating image (snapshot of base box volume).
==> dut: Creating domain with the following settings...
==> dut:  -- Name:              ml-85_dut
==> dut:  -- Description:       Source: /work/netlab_cicd/other_vm/Vagrantfile
==> dut:  -- Domain type:       kvm
==> dut:  -- Cpus:              4
==> dut:  -- Feature:           acpi
==> dut:  -- Feature:           apic
==> dut:  -- Feature:           pae
==> dut:  -- Clock offset:      utc
==> dut:  -- Memory:            8192M
==> dut:  -- Management MAC:    ca:fe:00:03:00:00
==> dut:  -- Loader:            /usr/share/OVMF/OVMF_CODE_4M.fd
==> dut:  -- Nvram:             /var/lib/libvirt/qemu/nvram/dut.fd
==> dut:  -- Base box:          juniper/vptx
==> dut:  -- Storage pool:      default
==> dut:  -- Image(vda):        /var/lib/libvirt/images/ml-85_dut.img, virtio, 40G
==> dut:  -- Disk driver opts:  cache='default'
==> dut:  -- Graphics Type:     none
==> dut:  -- Video Type:        none
==> dut:  -- Video VRAM:        16384
==> dut:  -- Video 3D accel:    false
==> dut:  -- Keymap:            en-us
==> dut:  -- TPM Backend:       passthrough
==> dut:  -- Sysinfo:
==> dut:    -- BIOS:
==> dut:     -> vendor: Bochs
==> dut:     -> version: Bochs
==> dut:    -- System:
==> dut:     -> manufacturer: Bochs
==> dut:     -> product: Bochs
==> dut:     -> serial: chassis_no=0:slot=0:type=1:assembly_id=0x0D20:platform=251:master=0:channelized=no
==> dut:    -- Chassis:
==> dut:     -> manufacturer: Bochs
==> dut:  -- INPUT:             type=mouse, bus=ps2
==> xr: Checking if box 'netlab/frr' version '10.5.1' is up to date...
[fog][WARNING] Unrecognized arguments: libvirt_ip_command
==> xr: Creating image (snapshot of base box volume).
==> xr: Creating domain with the following settings...
==> xr:  -- Name:              ml-85_xr
==> xr:  -- Description:       Source: /work/netlab_cicd/other_vm/Vagrantfile
==> xr:  -- Domain type:       kvm
==> xr:  -- Cpus:              1
==> xr:  -- Feature:           acpi
==> xr:  -- Feature:           apic
==> xr:  -- Feature:           pae
==> xr:  -- Clock offset:      utc
==> xr:  -- Memory:            1024M
==> xr:  -- Management MAC:    ca:fe:00:04:00:00
==> xr:  -- Base box:          netlab/frr
==> xr:  -- Storage pool:      default
==> xr:  -- Image(vda):        /var/lib/libvirt/images/ml-85_xr.img, virtio, 3G
==> xr:  -- Disk driver opts:  cache='default'
==> xr:  -- Graphics Type:     vnc
==> xr:  -- Video Type:        cirrus
==> xr:  -- Video VRAM:        16384
==> xr:  -- Video 3D accel:    false
==> xr:  -- Keymap:            en-us
==> xr:  -- TPM Backend:       passthrough
==> xr:  -- INPUT:             type=mouse, bus=ps2
==> dut: Creating shared folders metadata...
==> dut: Updating domain definition due to configuration change
==> dut: Starting domain.
==> dut: Waiting for domain to get an IP address...
==> xr: Creating shared folders metadata...
==> xr: Starting domain.
==> xr: Domain launching with graphics connection settings...
==> xr:  -- Graphics Port:      5900
==> xr:  -- Graphics IP:        127.0.0.1
==> xr:  -- Graphics Password:  Not defined
==> xr:  -- Graphics Websocket: 5700
==> xr: Waiting for domain to get an IP address...
==> xr: Waiting for machine to boot. This may take a few minutes...
    xr: SSH address: 192.168.85.104:22
    xr: SSH username: vagrant
    xr: SSH auth method: private key
    xr: 
    xr: Vagrant insecure key detected. Vagrant will automatically replace
    xr: this with a newly generated keypair for better security.
    xr: 
    xr: Inserting generated public key within guest...
    xr: Removing insecure key from the guest if it's present...
    xr: Key inserted! Disconnecting and reconnecting using new SSH key...
==> xr: Machine booted and ready!
==> xr: Running provisioner: shell...
    xr: Running: inline script
    xr: Setting password for user Vagrant
    xr: Enabling SSH password authentication
    xr: /usr/lib/frr/frrinit.sh
    xr: FRR already installed, skipping installation
==> dut: Waiting for machine to boot. This may take a few minutes...
    dut: SSH address: 192.168.85.103:22
    dut: SSH username: vagrant
    dut: SSH auth method: private key
==> dut: Machine booted and ready!
Starting clab nodes
Recreating clab-augment.yml configuration file for clab provider
Created provider configuration file: clab-augment.yml
provider clab: executing sudo -E containerlab deploy --reconfigure -t clab-augment.yml
00:22:57 INFO Containerlab started version=0.74.2
00:22:57 INFO Parsing & checking topology file=clab-augment.yml
00:22:57 INFO Removing directory path=/work/netlab_cicd/other_vm/clab-ml-85
00:22:57 INFO Creating docker network name=nl_mgmt_85 IPv4 subnet=192.168.85.0/24 IPv6 subnet="" MTU=0
00:22:57 INFO Creating lab directory path=/work/netlab_cicd/other_vm/clab-ml-85
00:22:57 INFO Creating container name=h2
00:22:57 INFO Creating container name=h1
00:22:57 INFO Created link: h2:eth1 ▪┄┄▪ virbr3:bni85n2i1
00:22:57 INFO Created link: h1:eth1 ▪┄┄▪ virbr2:bni85n1i1
00:22:57 INFO Adding host entries path=/etc/hosts
00:22:57 INFO Adding SSH config for nodes path=/etc/ssh/ssh_config.d/clab-ml-85.conf
00:22:58 INFO containerlab version
  🎉=
  │ A newer containerlab version (0.74.3) is available!
  │ Release notes: https://containerlab.dev/rn/0.74/#0743
  │ Run 'clab version upgrade' or see https://containerlab.dev/install/ for other installation options.
[1m╭[0m[1m───────────────[0m[1m┬[0m[1m────────────────────[0m[1m┬[0m[1m─────────[0m[1m┬[0m[1m────────────────[0m[1m╮[0m
[1m│[0m[1m      Name     [0m[1m│[0m[1m     Kind/Image     [0m[1m│[0m[1m  State  [0m[1m│[0m[1m IPv4/6 Address [0m[1m│[0m
[1m├[0m[1m───────────────[0m[1m┼[0m[1m────────────────────[0m[1m┼[0m[1m─────────[0m[1m┼[0m[1m────────────────[0m[1m┤[0m
│ clab-ml-85-h1 │ linux              │ running │ 192.168.85.101 │
│               │ python:3.13-alpine │         │ N/A            │
├───────────────┼────────────────────┼─────────┼────────────────┤
│ clab-ml-85-h2 │ linux              │ running │ 192.168.85.102 │
│               │ python:3.13-alpine │         │ N/A            │
╰───────────────┴────────────────────┴─────────┴────────────────╯

Initial configuration skipped, run 'netlab initial' to configure the devices
