Creating Device configuration snippets
[CREATED] dut: initial,routing,ospf,tunnel.gre
[CREATED] r2: initial,routing,ospf,tunnel.gre
[CREATED] r3: initial,routing
[CREATED] core: initial
Config Deploying device configurations
 [INFO] Executing initial configuration for node r2
 [INFO] Executing initial configuration for node r3
 [INFO] Executing initial configuration for node core
 [INFO] Executing routing configuration for node r3
 [INFO] Executing routing configuration for node r2
 [INFO] Executing ospf configuration for node r2
 [INFO] Executing tunnel.gre configuration for node r2
 [INFO] Starting Ansible playbook to deploy the rest of the
          configurations
[WARNING]: Found variable using reserved name: hosts

PLAY [Deploy initial device configuration] *************************************

TASK [Set variables that cannot be set with VARS] ******************************
ok: [dut]

TASK [Deploy initial configuration] ********************************************
included: /home/pipi/netlab_gh/netsim/ansible/tasks/deploy-module.yml for dut

TASK [Figure out whether to deploy the module initial on current device] *******
ok: [dut]

TASK [Find configuration template for initial] *********************************
ok: [dut]

TASK [fail] ********************************************************************
skipping: [dut]

TASK [Find configuration deployment deploy_script for initial] *****************
ok: [dut]

TASK [Print deployed configuration when running in verbose mode] ***************
ok: [dut] => {
    "msg": "initial configuration for dut\n=========================================\n#!/bin/sh\n\nset -e # Exit immediately when any command fails\nset -x # Track commands for troubleshooting\n\nhostname dut\n#\n# Build hosts file\n#\n#\ncat <<'SCRIPT' >/tmp/hosts\n#\n# Created by netlab initial\n#\n10.0.0.4 core\n2001:db8::4 core\n172.22.0.4 eth1.core\n172.22.1.4 eth2.core\n2001:db8:42::4 eth3.core\n2001:db8:42:1::4 eth4.core\n10.0.0.1 dut\n2001:db8::1 dut\n172.22.0.1 vio1.dut\n2001:db8:42::1 vio2.dut\n172.23.0.1 gre0.dut\n2001:db8:1::1 gre0.dut\n10.0.0.2 r2\n2001:db8::2 r2\n172.22.1.2 eth1.r2\n172.23.0.2 tun0.r2\n2001:db8:1::2 tun0.r2\n10.0.0.3 r3\n2001:db8::3 r3\n2001:db8:42:1::3 eth1.r3\nSCRIPT\ngrep \"Created by netlab\" /etc/hosts || uniq /tmp/hosts >>/etc/hosts\n\n#\n# Enable forwarding\n#\nsysctl net.inet.ip.forwarding=1\nsysctl net.inet6.ip6.forwarding=1\necho -n > /etc/rad.conf\n\n#\n# Interface configuration\n#\nifconfig lo0 inet 10.0.0.1/32 alias\necho interface lo0 >> /etc/rad.conf\nifconfig lo0 inet6 2001:db8::1/128\nifconfig lo0 up\n\nifconfig vio1 -inet\nifconfig vio1 -inet6\nifconfig vio1 inet 172.22.0.1/24 \nifconfig vio1 mtu 1500\nifconfig vio1 description \"dut -> core\"\nifconfig vio1 up\n\nifconfig vio2 -inet\nifconfig vio2 -inet6\necho interface vio2 >> /etc/rad.conf\nifconfig vio2 inet6 2001:db8:42::1/64\nifconfig vio2 mtu 1500\nifconfig vio2 description \"dut -> core\"\nifconfig vio2 up\n\nifconfig gre0 -inet\nifconfig gre0 -inet6\nifconfig gre0 inet 172.23.0.1/24 \necho interface gre0 >> /etc/rad.conf\nifconfig gre0 inet6 2001:db8:1::1/64\nifconfig gre0 mtu 1400\nifconfig gre0 description \"dut -> r2 [GRE tunnel]\"\nifconfig gre0 up\n\n\n#\n# (re-)start RA daemon\n#\npkill -q rad || true\nrad\n"
}

TASK [Deploy initial configuration] ********************************************
included: /home/pipi/netlab_gh/netsim/ansible/tasks/deploy-config/openbsd.yml for dut

TASK [template] ****************************************************************
changed: [dut]

TASK [Execute /tmp/config.sh to deploy initial config from /work/netlab_cicd/node_files/dut/initial] ***
changed: [dut]

PLAY [Deploy module-specific configurations] ***********************************

TASK [Set variables that cannot be set with VARS] ******************************
ok: [dut]

TASK [Deploy individual configuration modules] *********************************
included: /home/pipi/netlab_gh/netsim/ansible/tasks/deploy-module.yml for dut => (item=routing)
included: /home/pipi/netlab_gh/netsim/ansible/tasks/deploy-module.yml for dut => (item=ospf)

TASK [Figure out whether to deploy the module routing on current device] *******
ok: [dut]

TASK [Find configuration template for routing] *********************************
ok: [dut]

TASK [fail] ********************************************************************
skipping: [dut]

TASK [Find configuration deployment deploy_script for routing] *****************
ok: [dut]

TASK [Print deployed configuration when running in verbose mode] ***************
ok: [dut] => {
    "msg": "routing configuration for dut\n=========================================\n#!/bin/bash\n#\nset -e\nset -x\n#\necho Flushing routes to vio1\nroute -n flush -iface vio1 -priority static\necho Flushing routes to vio2\nroute -n flush -iface vio2 -priority static\n#\n#\n#\necho Adding direct static routes\nroute add 172.22.0.0/16 172.22.0.4\nroute add 2001:db8:42::/48 2001:db8:42::4\n"
}

TASK [Deploy routing configuration] ********************************************
included: /home/pipi/netlab_gh/netsim/ansible/tasks/deploy-config/openbsd.yml for dut

TASK [template] ****************************************************************
changed: [dut]

TASK [Execute /tmp/config.sh to deploy routing config from /work/netlab_cicd/node_files/dut/routing] ***
changed: [dut]

TASK [Figure out whether to deploy the module ospf on current device] **********
ok: [dut]

TASK [Find configuration template for ospf] ************************************
ok: [dut]

TASK [fail] ********************************************************************
skipping: [dut]

TASK [Find configuration deployment deploy_script for ospf] ********************
ok: [dut]

TASK [Print deployed configuration when running in verbose mode] ***************
ok: [dut] => {
    "msg": "ospf configuration for dut\n=========================================\n#!/bin/sh\ncat <<'OSPFD_CONF' >/etc/ospfd.conf\nrouter-id 10.0.0.1\nspf-delay msec 100\nspf-holdtime msec 200\n\narea 0.0.0.0 {\n    interface lo0:10.0.0.1 {\n    }\n    interface gre0 {\n        type p2p\n        hello-interval 1\n        router-dead-time 3\n    }\n}\n \nOSPFD_CONF\n\nchmod 640 /etc/ospfd.conf\nrcctl enable ospfd\nrcctl restart ospfd\n\ncat <<'OSPFD_CONF' >/etc/ospf6d.conf\nrouter-id 10.0.0.1\nspf-delay 1\nspf-holdtime 1\n\narea 0.0.0.0 {\n    interface lo0 {\n    }\n    interface gre0 {\n        type p2p\n        hello-interval 1\n        router-dead-time 3\n    }\n}\n \nOSPFD_CONF\n\nchmod 640 /etc/ospf6d.conf\nrcctl enable ospf6d\nrcctl restart ospf6d\n\n"
}

TASK [Deploy ospf configuration] ***********************************************
included: /home/pipi/netlab_gh/netsim/ansible/tasks/deploy-config/openbsd.yml for dut

TASK [template] ****************************************************************
changed: [dut]

TASK [Execute /tmp/config.sh to deploy ospf config from /work/netlab_cicd/node_files/dut/ospf] ***
changed: [dut]

PLAY [Deploy custom deployment templates] **************************************

TASK [Run custom configuration deployment scripts] *****************************
included: /home/pipi/netlab_gh/netsim/ansible/tasks/deploy-custom-config.yml for dut => (item=tunnel.gre)

TASK [Find configuration template] *********************************************
ok: [dut]

TASK [fail] ********************************************************************
skipping: [dut]

TASK [Check is the configuration template is a file] ***************************
ok: [dut -> localhost]

TASK [fail] ********************************************************************
skipping: [dut]

TASK [Process template /work/netlab_cicd/node_files/dut/tunnel.gre for dut] ****
skipping: [dut]

TASK [debug] *******************************************************************
skipping: [dut]

TASK [debug] *******************************************************************
skipping: [dut]

TASK [Find custom configuration deployment script] *****************************
ok: [dut]

TASK [Run the configuration deployment script] *********************************
included: /home/pipi/netlab_gh/netsim/ansible/tasks/deploy-config/openbsd.yml for dut

TASK [template] ****************************************************************
changed: [dut]

TASK [Execute /tmp/config.sh to deploy tunnel.gre config from /work/netlab_cicd/node_files/dut/tunnel.gre] ***
changed: [dut]

PLAY RECAP *********************************************************************
dut                        : ok=33   changed=8    unreachable=0    failed=0    skipped=8    rescued=0    ignored=0   

Results of configuration script deployments
================================================================================
r2               Script:  initial,routing,ospf,tunnel.gre
r3               Script:  initial,routing
core             Script:  initial


Test the GRE tunnels. The tested devices has GRE tunnels over IPv4 and IPv6
and runs OSPFv2 and OSPFv3 over them. The probes should receive OSPF routes
advertised from the DUT and be able to ping its loopback.

