Creating Device configuration snippets
[CREATED] dut: normalize,initial,ospf
[CREATED] x1: initial,ospf
[CREATED] x2: initial,ospf
[CREATED] x3: initial,ospf
Checking Are lab devices ready to be configured?
 [INFO] Checking SSH server(s) on dut
[SSH]     SSH server on node dut (device ioll2) is ready after 7.4 seconds
Config Normalizing device configurations
netmiko:  [INFO] Sent normalize configuration to dut
Config Deploying device configurations
 [INFO] Executing initial configuration for node x1
 [INFO] Executing initial configuration for node x2
 [INFO] Executing initial configuration for node x3
 [INFO] Executing ospf configuration for node x2
 [INFO] Executing ospf configuration for node x1
 [INFO] Executing ospf configuration for node x3
netmiko:  [INFO] Sent initial configuration to dut
netmiko:  [INFO] Sent ospf configuration to dut

Results of configuration script deployments
================================================================================
dut              Script:  normalize,initial,ospf
x1               Script:  initial,ospf
x2               Script:  initial,ospf
x3               Script:  initial,ospf


This lab tests the device configuration through netmiko. The topology
tries to configure OSPF on the device and checks OSPF adjacencies.

