Creating Device configuration snippets
[CREATED] r: normalize,initial
Checking Are lab devices ready to be configured?
 [INFO] Checking SSH server(s) on r
[SSH]     SSH server on node r (device ioll2) is ready after 9.3 seconds
Config Deploying device configurations
[WARNING]: Found variable using reserved name: hosts

PLAY [Deploy initial device configuration] *************************************

TASK [Set variables that cannot be set with VARS] ******************************
ok: [r]

TASK [Normalize config on bridge-like devices] *********************************
included: /home/pipi/netlab_gh/netsim/ansible/tasks/deploy-module.yml for r

TASK [Figure out whether to deploy the module normalize on current device] *****
ok: [r]

TASK [Find configuration template for normalize] *******************************
ok: [r]

TASK [fail] ********************************************************************
skipping: [r]

TASK [Find configuration deployment deploy_script for normalize] ***************
ok: [r]

TASK [Print deployed configuration when running in verbose mode] ***************
ok: [r] => {
    "msg": "normalize configuration for r\n=========================================\n!\ninterface Ethernet0/1\n shutdown\n!\ninterface Ethernet0/2\n shutdown\n!\ninterface Ethernet0/3\n shutdown\n!\ninterface Ethernet1/0\n shutdown\n!\ninterface Ethernet1/1\n shutdown\n"
}

TASK [Deploy normalize configuration] ******************************************
included: /home/pipi/netlab_gh/netsim/ansible/tasks/deploy-config/ios.yml for r

TASK [ios_config: deploying normalize from /work/netlab_cicd/cisco_c/node_files/r/normalize] ***
[WARNING]: To ensure idempotency and correct diff the input configuration lines
should be similar to how they appear if present in the running configuration on
device including the indentation
changed: [r]

TASK [Deploy initial configuration] ********************************************
included: /home/pipi/netlab_gh/netsim/ansible/tasks/deploy-module.yml for r

TASK [Figure out whether to deploy the module initial on current device] *******
ok: [r]

TASK [Find configuration template for initial] *********************************
ok: [r]

TASK [fail] ********************************************************************
skipping: [r]

TASK [Find configuration deployment deploy_script for initial] *****************
ok: [r]

TASK [Print deployed configuration when running in verbose mode] ***************
ok: [r] => {
    "msg": "initial configuration for r\n=========================================\nhostname r\n!\nno ip domain lookup\nlogging buffered 256000\n\n!\nlldp run\n!\n!\nip routing\n!\nipv6 unicast-routing\n!\n!\ninterface Loopback0\n ip address 10.0.0.1 255.255.255.255\n ipv6 address 2001:DB8:0:1::1/64\n!\ninterface Ethernet0/0\n no lldp transmit\n no lldp receive\n!\ninterface Ethernet0/1\n no switchport\n description r -> stub [stub]\n ip mtu 1500\n ipv6 mtu 1500\n ip unnumbered Loopback0 poll\n ipv6 nd ra interval 5\n ipv6 enable\n mac-address caf0.0001.0001\n no shutdown\n!\ninterface Ethernet0/2\n no switchport\n description r -> stub [stub]\n ip mtu 1500\n ip unnumbered Loopback0 poll\n mac-address caf0.0001.0002\n no shutdown\n!\ninterface Ethernet0/3\n no switchport\n description r -> stub [stub]\n ipv6 mtu 1500\n ipv6 nd ra interval 5\n ipv6 enable\n mac-address caf0.0001.0003\n no shutdown\n!\ninterface Ethernet1/0\n no switchport\n description r -> stub [stub]\n ip mtu 1500\n ipv6 mtu 1500\n ip unnumbered Loopback0 poll\n ipv6 nd ra interval 5\n ipv6 address 2001:DB8:1:3::1/64\n mac-address caf0.0001.0004\n no shutdown\n!\ninterface Ethernet1/1\n no switchport\n description r -> stub [stub]\n ip mtu 1500\n ipv6 mtu 1500\n ip address 172.16.4.1 255.255.255.0\n ipv6 nd ra interval 5\n ipv6 enable\n mac-address caf0.0001.0005\n no shutdown\n!\n!\nline vty 0 4\n exec-timeout 0 0 \n!\nno banner exec\nno banner login\nno banner incoming\n"
}

TASK [Deploy initial configuration] ********************************************
included: /home/pipi/netlab_gh/netsim/ansible/tasks/deploy-config/ios.yml for r

TASK [ios_config: deploying initial from /work/netlab_cicd/cisco_c/node_files/r/initial] ***
changed: [r]

PLAY [Deploy module-specific configurations] ***********************************
skipping: no hosts matched

PLAY [Deploy custom deployment templates] **************************************
skipping: no hosts matched

PLAY RECAP *********************************************************************
r                          : ok=15   changed=2    unreachable=0    failed=0    skipped=2    rescued=0    ignored=0   



This test checks that the initial configuration doesn't crash when dealing
with the all possible combinations of unnumbered interfaces. Use OSPFv2/OSPFv3
integration tests to validate the unnumbered interface functionality.

