Creating Device configuration snippets
[CREATED] dut: normalize,initial,vlan
[CREATED] h1: initial,routing
[CREATED] h2: initial,routing
[CREATED] h3: initial,routing
[CREATED] h4: initial,routing
[CREATED] h5: initial,routing
Checking Are lab devices ready to be configured?
 [INFO] Checking SSH server(s) on dut
[SSH]     SSH server on node dut (device ioll2) is ready after 10.3 seconds
Config Normalizing device configurations
netmiko:  [INFO] Sent normalize configuration to dut
Config Deploying device configurations
 [INFO] Executing initial configuration for node h1 (namespace clab-
          ml-17-h1)
 [INFO] Executing initial configuration for node h2 (namespace clab-
          ml-17-h2)
 [INFO] Executing initial configuration for node h3 (namespace clab-
          ml-17-h3)
 [INFO] Executing initial configuration for node h4 (namespace clab-
          ml-17-h4)
 [INFO] Executing initial configuration for node h5 (namespace clab-
          ml-17-h5)
 [INFO] Executing routing configuration for node h1 (namespace clab-
          ml-17-h1)
 [INFO] Executing routing configuration for node h2 (namespace clab-
          ml-17-h2)
 [INFO] Executing routing configuration for node h3 (namespace clab-
          ml-17-h3)
 [INFO] Executing routing configuration for node h5 (namespace clab-
          ml-17-h5)
 [INFO] Executing routing configuration for node h4 (namespace clab-
          ml-17-h4)
Errors encountered while processing 06-bridge.yml
UserWarning in netmiko: initial configuration failed on dut
... Invalid input detected at command:  name br_default
... , matched error: %
... Inspect the session log file node_files/dut/netmiko.log for more details
FatalError in initial: Configuration deployment failed

Results of configuration script deployments
================================================================================
dut              Failed:  initial
                 Script:  normalize
h1               Script:  initial,routing
h2               Script:  initial,routing
h3               Script:  initial,routing
h4               Script:  initial,routing
h5               Script:  initial,routing

