Creating Device configuration snippets
[CREATED] dut: normalize,initial
[CREATED] h4: initial,dhcp
[CREATED] dhsrv: initial,dhcp
[CREATED] h0: initial
[CREATED] h1: initial
[CREATED] h2: initial
[CREATED] h3: initial
Checking Are lab devices ready to be configured?
 [INFO] Checking SSH server(s) on dut
[SSH]     SSH server on node dut (device ioll2) is ready after 7.4 seconds
Config Deploying device configurations
 [INFO] Executing initial configuration for node dhsrv (namespace
          clab-ml-84-dhsrv)
 [INFO] Executing initial configuration for node h0
 [INFO] Executing initial configuration for node h1
 [INFO] Executing initial configuration for node h2
 [INFO] Executing initial configuration for node h3
 [INFO] Starting Ansible playbook to deploy the rest of the
          configurations
[WARNING]: Found variable using reserved name: hosts

PLAY [Deploy initial device configuration] *************************************

TASK [Set variables that cannot be set with VARS] ******************************
ok: [h4]
ok: [dut]

TASK [Normalize config on bridge-like devices] *********************************
included: /home/pipi/netlab_gh/netsim/ansible/tasks/deploy-module.yml for h4, dut

TASK [Figure out whether to deploy the module normalize on current device] *****
ok: [h4]
ok: [dut]

TASK [Find configuration template for normalize] *******************************
ok: [h4]
ok: [dut]

TASK [fail] ********************************************************************
skipping: [h4]
skipping: [dut]

TASK [Find configuration deployment deploy_script for normalize] ***************
ok: [h4]
ok: [dut]

TASK [Print deployed configuration when running in verbose mode] ***************
skipping: [h4]
ok: [dut] => {
    "msg": "normalize configuration for dut\n=========================================\n!\ninterface Ethernet0/1\n shutdown\n!\ninterface Ethernet0/2\n shutdown\n!\ninterface Ethernet0/3\n shutdown\n!\ninterface Ethernet1/0\n shutdown\n!\ninterface Ethernet1/1\n shutdown\n"
}

TASK [Deploy normalize configuration] ******************************************
skipping: [h4]
included: /home/pipi/netlab_gh/netsim/ansible/tasks/deploy-config/ios.yml for dut

TASK [ios_config: deploying normalize from /work/netlab_cicd/cisco_c/node_files/dut/normalize] ***
[WARNING]: To ensure idempotency and correct diff the input configuration lines
should be similar to how they appear if present in the running configuration on
device including the indentation
changed: [dut]

TASK [Deploy initial configuration] ********************************************
included: /home/pipi/netlab_gh/netsim/ansible/tasks/deploy-module.yml for h4, dut

TASK [Figure out whether to deploy the module initial on current device] *******
ok: [h4]
ok: [dut]

TASK [Find configuration template for initial] *********************************
ok: [h4]
ok: [dut]

TASK [fail] ********************************************************************
skipping: [h4]
skipping: [dut]

TASK [Find configuration deployment deploy_script for initial] *****************
ok: [h4]
ok: [dut]

TASK [Print deployed configuration when running in verbose mode] ***************
ok: [h4] => {
    "msg": "initial configuration for h4\n=========================================\n#!/bin/bash\n#\nset -e\n#\n# Create bash profile script\n#\ncat <<'SCRIPT' >/root/.bash_profile\n#!/bin/bash\n#\nexport PS1=\"\\h(bash)$ \"\nSCRIPT\nhostname h4\n#\n# Build hosts file\n#\n#\ncat <<'SCRIPT' >/tmp/hosts\n#\n# Created by netlab initial\n#\n2001:db8:1:4::2 dhsrv eth1.dhsrv\n2001:db8:0:84::1 dut\n2001:db8:1::84 Ethernet0-1.dut\n2001:db8:1:1::84 Ethernet0-2.dut\n2001:db8:1:2::84 Ethernet0-3.dut\n2001:db8:1:3::84 Ethernet1-0.dut\n2001:db8:1:4::84 Ethernet1-1.dut\nSCRIPT\ngrep \"Created by netlab\" /etc/hosts || uniq /tmp/hosts >>/etc/hosts\n# It seems on the Vagrant box for ubuntu 20.04, DNS Servers are hardcoded as 4.2.2.1 & Co.\n# This is annoying on a network with filtered DNS.\n# DNSMasq server used for giving out DHCP addresses on the management network is able to act as a DNS Server.\n# Let's use that.\n#\n# (Overwrite netplan config to remove DNS stuff)\necho -n 'Starting initial config ' && date\ncat <<'SCRIPT' >/etc/netplan/01-netcfg.yaml\nnetwork:\n  version: 2\n  renderer: networkd\n  ethernets:\n    eth0:\n      dhcp4: true\n      dhcp6: false\n      optional: true\nSCRIPT\nnetplan apply\n\n# (Overwrite resolved config to remove DNS stuff)\ncat <<'SCRIPT' > /etc/systemd/resolved.conf \n[Resolve]\nDNS=\nFallbackDNS=\nDomains=\nDNSOverTLS=no\nCache=yes\nDNSStubListener=yes\nSCRIPT\n\nsystemctl restart systemd-resolved\n\n# Set persistent hostname\nhostnamectl set-hostname h4\n\nNEED_APT_UPDATE=YES\n\n# Loopback addressing\n\n# Interface addressing and bonds, including any static routes\ncat <<'SCRIPT' > /etc/netplan/03-eth-eth1.yaml\nnetwork:\n  version: 2\n  renderer: networkd\n  ethernets:\n    eth1:\n      dhcp6: true\n      accept-ra: true\nSCRIPT\n\n# Disable auto-negotiation on Ethernet interfaces, needed to make LACP work correctly\ncat <<'SCRIPT' > /etc/systemd/network/98-eth.link\n\n[Match]\nOriginalName=eth*\n\n[Link]\nBitsPerSecond=1G\nAutoNegotiation=no\nDuplex=full\nSCRIPT\n\nchmod 400 /etc/netplan/*\n\necho -n 'Starting netplan generate ' && date\nnetplan generate\necho -n 'Starting netplan apply ' && date\nnetplan apply\n\n#\n# Sysctl settings: IPv4/IPv6 forwarding, IPv6 LLA\n# Do this after 'netplan apply', e.g. bond devices won't exist before that\n#\ncat <<'SCRIPT' > /etc/sysctl.d/10-netsim.conf\nnet.ipv4.conf.all.arp_announce=2\nnet.ipv4.ip_forward=0\nnet.ipv6.conf.all.forwarding=0\n\nnet.ipv6.conf.eth1.disable_ipv6=1\n\nSCRIPT\nsysctl -p /etc/sysctl.d/10-netsim.conf\n"
}
ok: [dut] => {
    "msg": "initial configuration for dut\n=========================================\nhostname dut\n!\nno ip domain lookup\nlogging buffered 256000\n\n!\nlldp run\n!\n!\nip routing\n!\nipv6 unicast-routing\n!\n!\ninterface Loopback0\n ipv6 address 2001:DB8:0:84::1/64\n!\ninterface Ethernet0/0\n no lldp transmit\n no lldp receive\n!\ninterface Ethernet0/1\n no switchport\n description Regular link (default RA behavior) [stub]\n ipv6 mtu 1500\n ipv6 nd ra interval 5\n ipv6 address 2001:DB8:1::84/64\n mac-address caf0.0084.0001\n no shutdown\n!\ninterface Ethernet0/2\n no switchport\n description no RA [stub]\n ipv6 mtu 1500\n ipv6 nd ra suppress all\n ipv6 address 2001:DB8:1:1::84/64\n mac-address caf0.0084.0002\n no shutdown\n!\ninterface Ethernet0/3\n no switchport\n description No SLAAC [stub]\n ipv6 mtu 1500\n ipv6 nd ra interval 5\n ipv6 nd prefix 2001:db8:1:2::/64 30 30 no-autoconfig\n ipv6 address 2001:DB8:1:2::84/64\n mac-address caf0.0084.0003\n no shutdown\n!\ninterface Ethernet1/0\n no switchport\n description No onlink [stub]\n ipv6 mtu 1500\n ipv6 nd ra interval 5\n ipv6 nd prefix 2001:db8:1:3::/64 30 30 no-onlink\n ipv6 address 2001:DB8:1:3::84/64\n mac-address caf0.0084.0004\n no shutdown\n!\ninterface Ethernet1/1\n no switchport\n description DHCPv6 managed config\n ipv6 mtu 1500\n ipv6 nd ra interval 5\n ipv6 nd prefix 2001:db8:1:4::/64 30 30 no-autoconfig\n ipv6 nd managed-config-flag\n ipv6 address 2001:DB8:1:4::84/64\n mac-address caf0.0084.0005\n no shutdown\n!\n!\nline vty 0 4\n exec-timeout 0 0 \n!\nno banner exec\nno banner login\nno banner incoming\n"
}

TASK [Deploy initial configuration] ********************************************
included: /home/pipi/netlab_gh/netsim/ansible/tasks/deploy-config/linux.yml for h4
included: /home/pipi/netlab_gh/netsim/ansible/tasks/deploy-config/ios.yml for dut

TASK [template] ****************************************************************
changed: [h4]

TASK [Execute /tmp/config.sh to deploy initial config from /work/netlab_cicd/cisco_c/node_files/h4/initial] ***
changed: [h4]

TASK [ios_config: deploying initial from /work/netlab_cicd/cisco_c/node_files/dut/initial] ***
changed: [dut]

PLAY [Deploy module-specific configurations] ***********************************

TASK [Set variables that cannot be set with VARS] ******************************
ok: [h4]

TASK [Deploy individual configuration modules] *********************************
included: /home/pipi/netlab_gh/netsim/ansible/tasks/deploy-module.yml for h4 => (item=dhcp)

TASK [Figure out whether to deploy the module dhcp on current device] **********
ok: [h4]

TASK [Find configuration template for dhcp] ************************************
ok: [h4]

TASK [fail] ********************************************************************
skipping: [h4]

TASK [Find configuration deployment deploy_script for dhcp] ********************
ok: [h4]

TASK [Print deployed configuration when running in verbose mode] ***************
ok: [h4] => {
    "msg": "dhcp configuration for h4\n=========================================\n# This is a placeholder file. DHCP is configured during initial configuration\n#\nif [ `grep 'ID=ubuntu' /etc/os-release` ]; then\n  echo \"DHCP is supported, it should work after another plea to netplan\"\n  netplan apply\nelse\n  echo \"netlab supports DHCP only on Ubuntu\" >&2\n  exit 1\nfi\n"
}

TASK [Deploy dhcp configuration] ***********************************************
included: /home/pipi/netlab_gh/netsim/ansible/tasks/linux/dhcp.yml for h4

TASK [Install dnsmasq] *********************************************************
skipping: [h4]

TASK [Install isc-dhcp-relay] **************************************************
skipping: [h4]

TASK [Create DHCP deployment script] *******************************************
changed: [h4]

TASK [Execute /tmp/config.sh to deploy dhcp config from /work/netlab_cicd/cisco_c/node_files/h4/dhcp] ***
changed: [h4]

PLAY [Deploy custom deployment templates] **************************************
skipping: no hosts matched

PLAY RECAP *********************************************************************
dut                        : ok=15   changed=2    unreachable=0    failed=0    skipped=2    rescued=0    ignored=0   
h4                         : ok=22   changed=4    unreachable=0    failed=0    skipped=7    rescued=0    ignored=0   

Results of configuration script deployments
================================================================================
dhsrv            Script:  initial
h0               Script:  initial
h1               Script:  initial
h2               Script:  initial
h3               Script:  initial


This scenario tests IPv6 RA behavior
