Using transformed lab topology from snapshot file netlab.snapshot.pickle
Checking virtualization provider installation
OK: clab installed and working correctly
Starting clab nodes
provider clab: executing flock -E 42 /tmp/netlab.lock sudo -E containerlab deploy --reconfigure -t clab.yml
00:02:33 INFO Containerlab started version=0.75.0
00:02:33 INFO Parsing & checking topology file=clab.yml
00:02:33 INFO Removing directory path=/work/netlab_cicd/junos/clab-ml-31
00:02:33 INFO Creating docker network name=nl_mgmt_31 IPv4 subnet=192.168.31.0/24 IPv6 subnet="" MTU=0
00:02:33 INFO Creating lab directory path=/work/netlab_cicd/junos/clab-ml-31
00:02:34 INFO Creating container name=dut
00:02:34 INFO Creating container name=ce1
00:02:34 INFO Creating container name=s2
00:02:34 INFO Creating container name=ce2
00:02:34 INFO Created link: ce2:eth1 ▪┄┄▪ s2:eth2
00:02:34 INFO Created link: dut:eth1 ▪┄┄▪ s2:eth1
00:02:34 INFO Created link: ce1:eth1 ▪┄┄▪ dut:eth2
00:02:35 INFO Executed command node=s2 command="sleep 1" stdout=""
00:02:35 INFO Executed command node=ce2 command="sleep 1" stdout=""
00:02:35 INFO Executed command node=ce1 command="sleep 1" stdout=""
00:02:35 INFO Adding host entries path=/etc/hosts
00:02:35 INFO Adding SSH config for nodes path=/etc/ssh/ssh_config.d/clab-ml-31.conf
[1m╭[0m[1m────────────────[0m[1m┬[0m[1m────────────────────────────────────────────[0m[1m┬[0m[1m────────────────────[0m[1m┬[0m[1m────────────────[0m[1m╮[0m
[1m│[0m[1m      Name      [0m[1m│[0m[1m                 Kind/Image                 [0m[1m│[0m[1m        State       [0m[1m│[0m[1m IPv4/6 Address [0m[1m│[0m
[1m├[0m[1m────────────────[0m[1m┼[0m[1m────────────────────────────────────────────[0m[1m┼[0m[1m────────────────────[0m[1m┼[0m[1m────────────────[0m[1m┤[0m
│ clab-ml-31-ce1 │ linux                                      │ running            │ 192.168.31.101 │
│                │ quay.io/frrouting/frr:10.6.1               │                    │ N/A            │
├────────────────┼────────────────────────────────────────────┼────────────────────┼────────────────┤
│ clab-ml-31-ce2 │ linux                                      │ running            │ 192.168.31.102 │
│                │ quay.io/frrouting/frr:10.6.1               │                    │ N/A            │
├────────────────┼────────────────────────────────────────────┼────────────────────┼────────────────┤
│ clab-ml-31-dut │ juniper_vjunosrouter                       │ running            │ 192.168.31.103 │
│                │ vrnetlab/juniper_vjunos-router:23.4R2-S2.1 │ (health: starting) │ N/A            │
├────────────────┼────────────────────────────────────────────┼────────────────────┼────────────────┤
│ clab-ml-31-s2  │ linux                                      │ running            │ 192.168.31.104 │
│                │ quay.io/frrouting/frr:10.6.1               │                    │ N/A            │
╰────────────────┴────────────────────────────────────────────┴────────────────────┴────────────────╯

Initial configuration skipped, run 'netlab initial' to configure the devices
