Using transformed lab topology from snapshot file netlab.snapshot.pickle
Checking virtualization provider installation
OK: clab installed and working correctly
Starting clab nodes
provider clab: executing flock -E 42 /tmp/netlab.lock sudo -E containerlab deploy --reconfigure -t clab.yml
01:25:01 INFO Containerlab started version=0.75.0
01:25:01 INFO Parsing & checking topology file=clab.yml
01:25:01 INFO Removing directory path=/work/netlab_cicd/junos/clab-ml-31
01:25:01 INFO Creating docker network name=nl_mgmt_31 IPv4 subnet=192.168.31.0/24 IPv6 subnet="" MTU=0
01:25:01 INFO Creating lab directory path=/work/netlab_cicd/junos/clab-ml-31
01:25:01 INFO Creating container name=probe
01:25:01 INFO Creating container name=vp
01:25:01 INFO Creating container name=v1
01:25:01 INFO Creating container name=v2
01:25:01 INFO Creating container name=x1
01:25:01 INFO Creating container name=x2
01:25:01 INFO Creating container name=dut
01:25:02 INFO Created link: dut:eth3 ▪┄┄▪ probe:eth1
01:25:02 INFO Created link: dut:eth2 ▪┄┄▪ x2:eth1
01:25:03 INFO Created link: dut:eth4 ▪┄┄▪ v1:eth1
01:25:03 INFO Created link: dut:eth1 ▪┄┄▪ x1:eth1
01:25:03 INFO Created link: dut:eth5 ▪┄┄▪ v2:eth1
01:25:03 INFO Created link: dut:eth6 ▪┄┄▪ vp:eth1
01:25:08 INFO Executed command node=vp command="sleep 1" stdout=""
01:25:08 INFO Executed command node=x1 command="sleep 1" stdout=""
01:25:08 INFO Executed command node=probe command="sleep 1" stdout=""
01:25:08 INFO Executed command node=v2 command="sleep 1" stdout=""
01:25:08 INFO Executed command node=x2 command="sleep 1" stdout=""
01:25:08 INFO Executed command node=v1 command="sleep 1" stdout=""
01:25:08 INFO Adding host entries path=/etc/hosts
01:25:08 INFO Adding SSH config for nodes path=/etc/ssh/ssh_config.d/clab-ml-31.conf
[1m╭[0m[1m──────────────────[0m[1m┬[0m[1m──────────────────────────────[0m[1m┬[0m[1m─────────[0m[1m┬[0m[1m────────────────[0m[1m╮[0m
[1m│[0m[1m       Name       [0m[1m│[0m[1m          Kind/Image          [0m[1m│[0m[1m  State  [0m[1m│[0m[1m IPv4/6 Address [0m[1m│[0m
[1m├[0m[1m──────────────────[0m[1m┼[0m[1m──────────────────────────────[0m[1m┼[0m[1m─────────[0m[1m┼[0m[1m────────────────[0m[1m┤[0m
│ clab-ml-31-dut   │ juniper_crpd                 │ running │ 192.168.31.101 │
│                  │ crpd:25.2R1-S1.4             │         │ N/A            │
├──────────────────┼──────────────────────────────┼─────────┼────────────────┤
│ clab-ml-31-probe │ linux                        │ running │ 192.168.31.102 │
│                  │ quay.io/frrouting/frr:10.6.1 │         │ N/A            │
├──────────────────┼──────────────────────────────┼─────────┼────────────────┤
│ clab-ml-31-v1    │ linux                        │ running │ 192.168.31.105 │
│                  │ quay.io/frrouting/frr:10.6.1 │         │ N/A            │
├──────────────────┼──────────────────────────────┼─────────┼────────────────┤
│ clab-ml-31-v2    │ linux                        │ running │ 192.168.31.106 │
│                  │ quay.io/frrouting/frr:10.6.1 │         │ N/A            │
├──────────────────┼──────────────────────────────┼─────────┼────────────────┤
│ clab-ml-31-vp    │ linux                        │ running │ 192.168.31.107 │
│                  │ quay.io/frrouting/frr:10.6.1 │         │ N/A            │
├──────────────────┼──────────────────────────────┼─────────┼────────────────┤
│ clab-ml-31-x1    │ linux                        │ running │ 192.168.31.103 │
│                  │ quay.io/frrouting/frr:10.6.1 │         │ N/A            │
├──────────────────┼──────────────────────────────┼─────────┼────────────────┤
│ clab-ml-31-x2    │ linux                        │ running │ 192.168.31.104 │
│                  │ quay.io/frrouting/frr:10.6.1 │         │ N/A            │
╰──────────────────┴──────────────────────────────┴─────────┴────────────────╯

Initial configuration skipped, run 'netlab initial' to configure the devices
