Creating Device configuration snippets
[CREATED] dut: initial,routing,bgp,vrf,bgp.policy
[CREATED] p_global: initial,bgp
[CREATED] p_vrf: initial,bgp
Checking Are lab devices ready to be configured?
 [INFO] Checking SSH server(s) on dut
Config Deploying device configurations
 [INFO] Executing initial configuration for node p_global
 [INFO] Executing initial configuration for node p_vrf
 [INFO] Executing bgp configuration for node p_global
 [INFO] Executing bgp configuration for node p_vrf
 [INFO] Starting Ansible playbook to deploy the rest of the
          configurations
[WARNING]: Found variable using reserved name: hosts

PLAY [Deploy initial device configuration] *************************************

TASK [Set variables that cannot be set with VARS] ******************************
ok: [dut]

TASK [Normalize config on bridge-like devices] *********************************
included: /home/pipi/net101/tools/netsim/ansible/tasks/deploy-module.yml for dut

TASK [Figure out whether to deploy the module normalize on current device] *****
ok: [dut]

TASK [Find configuration template for normalize] *******************************
ok: [dut]

TASK [fail] ********************************************************************
skipping: [dut]

TASK [Find configuration deployment deploy_script for normalize] ***************
ok: [dut]

TASK [Print deployed configuration when running in verbose mode] ***************
skipping: [dut]

TASK [Deploy normalize configuration] ******************************************
skipping: [dut]

TASK [Deploy initial configuration] ********************************************
included: /home/pipi/net101/tools/netsim/ansible/tasks/deploy-module.yml for dut

TASK [Figure out whether to deploy the module initial on current device] *******
ok: [dut]

TASK [Find configuration template for initial] *********************************
ok: [dut]

TASK [fail] ********************************************************************
skipping: [dut]

TASK [Find configuration deployment deploy_script for initial] *****************
ok: [dut]

TASK [Print deployed configuration when running in verbose mode] ***************
ok: [dut] => {
    "msg": "initial configuration for dut\n=========================================\n\n\n\npolicy-options {\n  community tg_65000_1 members target:65000:1;\n}\n\n\n\npolicy-options {\n  policy-statement vrf-customer-rt-export {\n    term 1 {\n      then {\n        community add tg_65000_1;\n        accept;\n      }\n    }\n  }\n\n\n  policy-statement vrf-customer-rt-import {\n    term 1 {\n      from community [ tg_65000_1 ];\n      then accept;\n    }\n    term default {\n      then reject;\n    }\n  }\n}\n\nrouting-instances {\n\n  customer {\n    instance-type vrf;\n    route-distinguisher 65000:1;\n\n    vrf-import vrf-customer-rt-import;\n    vrf-export vrf-customer-rt-export;\n\n    routing-options {\n      auto-export;\n    }\n\n    interface eth2;\n    interface lo0.1;\n\n  }\n\n}\ninterfaces {\n  lo0.0 {\n    unit 0 {\n      family inet {\n        address 10.0.0.42/32;\n      }\n      family inet6 {\n        address 2001:db8:42:1::1/128;\n      }\n    }\n  }\n  eth1 {\n    mtu 1500;\n    description \"dut -> p_global [external]\";\n    unit 0 {\n      family inet {\n        address 10.1.0.1/30;\n      }\n      family inet6 {\n        address 2001:db8:3::1/64;\n      }\n    }\n  }\n  eth2 {\n    mtu 1500;\n    description \"dut -> p_vrf [external]\";\n    unit 0 {\n      family inet {\n        address 10.1.0.5/30;\n      }\n      family inet6 {\n        address 2001:db8:3:1::1/64;\n      }\n    }\n  }\n  lo0.1 {\n    description \"VRF Loopback customer\";\n    unit 0 {\n      family inet {\n        address 10.2.0.1/32;\n      }\n      family inet6 {\n        address 2001:db8:4::1/64;\n      }\n    }\n  }\n}\nprotocols {\n  lldp {\n    interface eth0 {\n      disable;\n    }\n    interface all;\n  }\n  router-advertisement {\n    interface eth1;\n    interface eth2;\n  }\n}\n"
}

TASK [Deploy initial configuration] ********************************************
included: /home/pipi/net101/tools/netsim/ansible/tasks/deploy-config/junos.yml for dut

TASK [junos_config: deploying initial from /work/netlab_cicd/node_files/dut/initial] ***
changed: [dut]

PLAY [Deploy module-specific configurations] ***********************************

TASK [Set variables that cannot be set with VARS] ******************************
ok: [dut]

TASK [Deploy individual configuration modules] *********************************
included: /home/pipi/net101/tools/netsim/ansible/tasks/deploy-module.yml for dut => (item=routing)
included: /home/pipi/net101/tools/netsim/ansible/tasks/deploy-module.yml for dut => (item=bgp)
included: /home/pipi/net101/tools/netsim/ansible/tasks/deploy-module.yml for dut => (item=vrf)

TASK [Figure out whether to deploy the module routing on current device] *******
ok: [dut]

TASK [Find configuration template for routing] *********************************
ok: [dut]

TASK [fail] ********************************************************************
skipping: [dut]

TASK [Find configuration deployment deploy_script for routing] *****************
ok: [dut]

TASK [Print deployed configuration when running in verbose mode] ***************
ok: [dut] => {
    "msg": "routing configuration for dut\n=========================================\npolicy-options community x-route-permit-mark members large:65535:0:65536;\n\npolicy-options {\n  delete: policy-statement med_42;\n}\n\npolicy-options {\n  policy-statement med_42 {\n    term seq10 {\n      then metric 42;\n\n      then {\n        community add x-route-permit-mark;\n        next policy;\n      }\n    }\n\n\n    term default-reject {\n      then {\n        reject;\n      }\n    }\n\n  }\n}\npolicy-options {\n  delete: policy-statement med_17;\n}\n\npolicy-options {\n  policy-statement med_17 {\n    term seq10 {\n      then metric 17;\n\n      then {\n        community add x-route-permit-mark;\n        next policy;\n      }\n    }\n\n\n    term default-reject {\n      then {\n        reject;\n      }\n    }\n\n  }\n}\n\n"
}

TASK [Deploy routing configuration] ********************************************
included: /home/pipi/net101/tools/netsim/ansible/tasks/deploy-config/junos.yml for dut

TASK [junos_config: deploying routing from /work/netlab_cicd/node_files/dut/routing] ***
[WARNING]:  statement not found
changed: [dut]

TASK [Figure out whether to deploy the module bgp on current device] ***********
ok: [dut]

TASK [Find configuration template for bgp] *************************************
ok: [dut]

TASK [fail] ********************************************************************
skipping: [dut]

TASK [Find configuration deployment deploy_script for bgp] *********************
ok: [dut]

TASK [Print deployed configuration when running in verbose mode] ***************
ok: [dut] => {
    "msg": "bgp configuration for dut\n=========================================\n\nrouting-options {\n  autonomous-system 65000;\n  router-id 10.0.0.42\n}\n\n\npolicy-options community x-route-permit-mark members large:65535:0:65536;\n\npolicy-options {\n  delete: policy-statement bgp-default-advertise;\n  delete: policy-statement bgp-default-redistribute;\n  delete: policy-statement next-hop-ebgp-ipv4;\n  delete: policy-statement next-hop-all-ipv4;\n  delete: policy-statement next-hop-ebgp-ipv6;\n  delete: policy-statement next-hop-all-ipv6;\n  delete: route-filter-list bgp-default-announce;\n}\n\npolicy-options {\n\n  route-filter-list bgp-default-announce-ipv4 {\n    10.0.0.42/32 exact;\n  }\n  route-filter-list bgp-default-announce-ipv6 {\n    2001:db8:42:1::1/128 exact;\n  }\n\n  policy-statement bgp-default-advertise {\n    term advertise-ipv4 {\n      from {\n        route-filter-list bgp-default-announce-ipv4;\n      }\n      then {\n        community add x-route-permit-mark;\n        next policy;\n      }\n    }\n    term advertise-ipv6 {\n      from {\n        route-filter-list bgp-default-announce-ipv6;\n      }\n      then {\n        community add x-route-permit-mark;\n        next policy;\n      }\n    }\n  }\n\n  policy-statement next-hop-ebgp-ipv4 {\n    term next-hop-self-ipv4 {\n      from {\n        family inet;\n        route-type external;\n      }\n      then {\n        next-hop self;\n      }\n    }\n  }\n  policy-statement next-hop-all-ipv4 {\n    term next-hop-self-ipv4 {\n      from {\n        family inet;\n      }\n      then {\n        next-hop self;\n      }\n    }\n  }\n  policy-statement next-hop-ebgp-ipv6 {\n    term next-hop-self-ipv6 {\n      from {\n        family inet6;\n        route-type external;\n      }\n      then {\n        next-hop self;\n      }\n    }\n  }\n  policy-statement next-hop-all-ipv6 {\n    term next-hop-self-ipv6 {\n      from {\n        family inet6;\n      }\n      then {\n        next-hop self;\n      }\n    }\n  }\n  policy-statement bgp-default-redistribute {\n    term redis_bgp {\n      from protocol bgp;\n      then {\n        community add x-route-permit-mark;\n        next policy;\n      }\n    }\n  }\n\n  policy-statement bgp-final {\n    term final-option {\n      from community x-route-permit-mark;\n      then {\n        community delete x-route-permit-mark;\n        accept;\n      }\n    }\n    term default-reject {\n      then reject;\n    }\n  }\n\n  policy-statement bgp-initial {\n    term initial-cleanup {\n      from community x-route-permit-mark;\n      then {\n        community delete x-route-permit-mark;\n        next policy;\n      }\n    }\n  }\n\n}\nprotocols {\n  delete: bgp;\n}\nprotocols {\n  bgp {\n    group ibgp-peers-ipv4 {\n      type internal;\n      export [ \n          next-hop-ebgp-ipv4 next-hop-ebgp-ipv6 bgp-default-advertise bgp-default-redistribute bgp-final\n        ];\n      advertise-inactive;\n    }\n    group ibgp-peers-ipv6 {\n      type internal;\n      export [ \n          next-hop-ebgp-ipv4 next-hop-ebgp-ipv6 bgp-default-advertise bgp-default-redistribute bgp-final\n        ];\n      advertise-inactive;\n    }\n    group ebgp-peers {\n      export [ \n          bgp-default-advertise bgp-default-redistribute bgp-final\n        ];\n      advertise-inactive;\n      neighbor 10.1.0.2 {\n        export [ bgp-default-advertise bgp-default-redistribute med_42 bgp-final ];\n\n        peer-as 65100;\n        description p_global;\n        family inet {\n          unicast;\n        }\n      }\n      neighbor 2001:db8:3::2 {\n        export [ bgp-default-advertise bgp-default-redistribute med_42 bgp-final ];\n\n        peer-as 65100;\n        description p_global;\n        family inet6 {\n          unicast;\n        }\n      }\n    }\n  }\n}\n"
}

TASK [Deploy bgp configuration] ************************************************
included: /home/pipi/net101/tools/netsim/ansible/tasks/deploy-config/junos.yml for dut

TASK [junos_config: deploying bgp from /work/netlab_cicd/node_files/dut/bgp] ***
changed: [dut]

TASK [Figure out whether to deploy the module vrf on current device] ***********
ok: [dut]

TASK [Find configuration template for vrf] *************************************
ok: [dut]

TASK [fail] ********************************************************************
skipping: [dut]

TASK [Find configuration deployment deploy_script for vrf] *********************
ok: [dut]

TASK [Print deployed configuration when running in verbose mode] ***************
ok: [dut] => {
    "msg": "vrf configuration for dut\n=========================================\n\n\npolicy-options {\n  community x-route-permit-mark members large:65535:0:65536;\n\n  policy-statement vrf-customer-bgp-export {\n    term redis_bgp {\n      from {\n        protocol bgp;\n      }\n      then {\n        community add x-route-permit-mark;\n        next policy;\n      }\n    }\n    term redis_direct {\n      from {\n        protocol direct;\n      }\n      then {\n        community add x-route-permit-mark;\n        next policy;\n      }\n    }\n    term redis_ospf {\n      from {\n        protocol ospf;\n      }\n      then {\n        community add x-route-permit-mark;\n        next policy;\n      }\n    }\n    term redis_ospf3 {\n      from {\n        protocol ospf3;\n      }\n      then {\n        community add x-route-permit-mark;\n        next policy;\n      }\n    }\n  }\n\n}\n\n\nrouting-instances {\n\n  customer {\n    routing-options {\n      autonomous-system 65000;\n      router-id 10.0.0.42\n    }\n\n    protocols {\n      bgp {\n        group ibgp-peers-ipv4 {\n          type internal;\n          export [ \n            next-hop-ebgp-ipv4\n            vrf-customer-bgp-export bgp-final\n          ];\n          advertise-inactive;\n          local-address 10.2.0.1;\n        }\n        group ibgp-peers-ipv6 {\n          type internal;\n          export [ \n            next-hop-ebgp-ipv6\n            vrf-customer-bgp-export bgp-final\n          ];\n          advertise-inactive;\n          local-address 2001:db8:4::1;\n        }\n\n        group ebgp-peers {\n          export [ vrf-customer-bgp-export bgp-final ];\n          advertise-inactive;\n          neighbor 10.1.0.6 {\n        export [ vrf-customer-bgp-export med_17 bgp-final ];\n\n            peer-as 65101;\n            description p_vrf;\n          }\n          neighbor 2001:db8:3:1::2 {\n        export [ vrf-customer-bgp-export med_17 bgp-final ];\n\n            peer-as 65101;\n            description p_vrf;\n          }\n        }\n      }\n    }\n  }\n\n}\n"
}

TASK [Deploy vrf configuration] ************************************************
included: /home/pipi/net101/tools/netsim/ansible/tasks/deploy-config/junos.yml for dut

TASK [junos_config: deploying vrf from /work/netlab_cicd/node_files/dut/vrf] ***
changed: [dut]

PLAY [Deploy custom deployment templates] **************************************

TASK [Run custom configuration deployment scripts] *****************************
included: /home/pipi/net101/tools/netsim/ansible/tasks/deploy-custom-config.yml for dut => (item=bgp.policy)

TASK [Find configuration template] *********************************************
ok: [dut]

TASK [fail] ********************************************************************
skipping: [dut]

TASK [Check is the configuration template is a file] ***************************
ok: [dut -> localhost]

TASK [fail] ********************************************************************
skipping: [dut]

TASK [Process template /work/netlab_cicd/node_files/dut/bgp.policy for dut] ****
skipping: [dut]

TASK [debug] *******************************************************************
skipping: [dut]

TASK [debug] *******************************************************************
skipping: [dut]

TASK [Find custom configuration deployment script] *****************************
ok: [dut]

TASK [Run the configuration deployment script] *********************************
included: /home/pipi/net101/tools/netsim/ansible/tasks/deploy-config/junos.yml for dut

TASK [junos_config: deploying bgp.policy from /work/netlab_cicd/node_files/dut/bgp.policy] ***
ok: [dut]

PLAY RECAP *********************************************************************
dut                        : ok=40   changed=4    unreachable=0    failed=0    skipped=12   rescued=0    ignored=0   

Results of configuration script deployments
================================================================================
p_global         Script:  initial,bgp
p_vrf            Script:  initial,bgp


Use this topology to test BGP MED on IPv4 and IPv6 prefixes. DUT
has to set MED on outgoing EBGP updates.

