Using transformed lab topology from snapshot file netlab.snapshot.pickle
Checking virtualization provider installation
OK: clab installed and working correctly
Starting clab nodes
provider clab: executing flock -E 42 /tmp/netlab.lock sudo -E containerlab deploy --reconfigure -t clab.yml
16:30:26 INFO Containerlab started version=0.75.0
16:30:26 INFO Parsing & checking topology file=clab.yml
16:30:26 INFO Removing directory path=/work/netlab_cicd/clab-ml-17
16:30:26 INFO Creating docker network name=nl_mgmt_17 IPv4 subnet=192.168.17.0/24 IPv6 subnet="" MTU=0
16:30:26 WARN Node name will not resolve via DNS name=clab-ml-17-p_global reason="name contains invalid characters such as '.' and/or '_'"
16:30:26 WARN Node name will not resolve via DNS name=clab-ml-17-p_vrf reason="name contains invalid characters such as '.' and/or '_'"
16:30:26 INFO Creating lab directory path=/work/netlab_cicd/clab-ml-17
16:30:26 INFO Creating container name=p_vrf
16:30:26 INFO Creating container name=p_global
16:30:26 INFO Creating container name=dut
16:30:26 INFO Created link: dut:eth1 ▪┄┄▪ p_global:eth1
16:30:26 INFO Created link: dut:eth2 ▪┄┄▪ p_vrf:eth1
16:30:32 INFO Executed command node=p_global command="sleep 1" stdout=""
16:30:32 INFO Executed command node=p_vrf command="sleep 1" stdout=""
16:30:32 INFO Adding host entries path=/etc/hosts
16:30:32 INFO Adding SSH config for nodes path=/etc/ssh/ssh_config.d/clab-ml-17.conf
[1m╭[0m[1m─────────────────────[0m[1m┬[0m[1m──────────────────────────────[0m[1m┬[0m[1m─────────[0m[1m┬[0m[1m────────────────[0m[1m╮[0m
[1m│[0m[1m         Name        [0m[1m│[0m[1m          Kind/Image          [0m[1m│[0m[1m  State  [0m[1m│[0m[1m IPv4/6 Address [0m[1m│[0m
[1m├[0m[1m─────────────────────[0m[1m┼[0m[1m──────────────────────────────[0m[1m┼[0m[1m─────────[0m[1m┼[0m[1m────────────────[0m[1m┤[0m
│ clab-ml-17-dut      │ juniper_crpd                 │ running │ 192.168.17.101 │
│                     │ crpd:24.4R1.9                │         │ N/A            │
├─────────────────────┼──────────────────────────────┼─────────┼────────────────┤
│ clab-ml-17-p_global │ linux                        │ running │ 192.168.17.102 │
│                     │ quay.io/frrouting/frr:10.6.1 │         │ N/A            │
├─────────────────────┼──────────────────────────────┼─────────┼────────────────┤
│ clab-ml-17-p_vrf    │ linux                        │ running │ 192.168.17.103 │
│                     │ quay.io/frrouting/frr:10.6.1 │         │ N/A            │
╰─────────────────────┴──────────────────────────────┴─────────┴────────────────╯

Initial configuration skipped, run 'netlab initial' to configure the devices
