Using transformed lab topology from snapshot file netlab.snapshot.pickle
Checking virtualization provider installation
OK: clab installed and working correctly
Starting clab nodes
provider clab: executing flock -E 42 /tmp/netlab.lock sudo -E containerlab deploy --reconfigure -t clab.yml
12:45:17 INFO Containerlab started version=0.75.0
12:45:17 INFO Parsing & checking topology file=clab.yml
12:45:17 INFO Removing directory path=/work/netlab_cicd/clab-ml-17
12:45:17 INFO Creating docker network name=nl_mgmt_17 IPv4 subnet=192.168.17.0/24 IPv6 subnet="" MTU=0
12:45:17 INFO Creating lab directory path=/work/netlab_cicd/clab-ml-17
12:45:17 INFO Creating container name=p1
12:45:17 INFO Creating container name=x1
12:45:17 INFO Creating container name=p2
12:45:17 INFO Creating container name=dut
12:45:17 INFO Created link: dut:eth1 ▪┄┄▪ x1:eth1
12:45:17 INFO Created link: dut:eth2 ▪┄┄▪ p1:eth1
12:45:17 INFO Created link: dut:eth3 ▪┄┄▪ p2:eth1
12:45:23 INFO Executed command node=x1 command="sleep 1" stdout=""
12:45:23 INFO Executed command node=p1 command="sleep 1" stdout=""
12:45:23 INFO Executed command node=p2 command="sleep 1" stdout=""
12:45:23 INFO Adding host entries path=/etc/hosts
12:45:23 INFO Adding SSH config for nodes path=/etc/ssh/ssh_config.d/clab-ml-17.conf
[1m╭[0m[1m────────────────[0m[1m┬[0m[1m──────────────────────────────[0m[1m┬[0m[1m─────────[0m[1m┬[0m[1m────────────────[0m[1m╮[0m
[1m│[0m[1m      Name      [0m[1m│[0m[1m          Kind/Image          [0m[1m│[0m[1m  State  [0m[1m│[0m[1m IPv4/6 Address [0m[1m│[0m
[1m├[0m[1m────────────────[0m[1m┼[0m[1m──────────────────────────────[0m[1m┼[0m[1m─────────[0m[1m┼[0m[1m────────────────[0m[1m┤[0m
│ clab-ml-17-dut │ juniper_crpd                 │ running │ 192.168.17.101 │
│                │ crpd:25.2R1-S1.4             │         │ N/A            │
├────────────────┼──────────────────────────────┼─────────┼────────────────┤
│ clab-ml-17-p1  │ linux                        │ running │ 192.168.17.102 │
│                │ quay.io/frrouting/frr:10.6.1 │         │ N/A            │
├────────────────┼──────────────────────────────┼─────────┼────────────────┤
│ clab-ml-17-p2  │ linux                        │ running │ 192.168.17.103 │
│                │ quay.io/frrouting/frr:10.6.1 │         │ N/A            │
├────────────────┼──────────────────────────────┼─────────┼────────────────┤
│ clab-ml-17-x1  │ linux                        │ running │ 192.168.17.104 │
│                │ quay.io/frrouting/frr:10.6.1 │         │ N/A            │
╰────────────────┴──────────────────────────────┴─────────┴────────────────╯

Initial configuration skipped, run 'netlab initial' to configure the devices
