Using transformed lab topology from snapshot file netlab.snapshot.pickle
Checking virtualization provider installation
OK: clab installed and working correctly
Starting clab nodes
provider clab: executing sudo -E containerlab deploy --reconfigure -t clab.yml
10:51:59 INFO Containerlab started version=0.74.2
10:51:59 INFO Parsing & checking topology file=clab.yml
10:51:59 INFO Removing directory path=/work/netlab_cicd/xr/clab-ml-82
10:51:59 INFO Creating docker network name=nl_mgmt_82 IPv4 subnet=192.168.82.0/24 IPv6 subnet="" MTU=0
10:51:59 INFO Creating lab directory path=/work/netlab_cicd/xr/clab-ml-82
10:51:59 INFO Creating container name=v2
10:51:59 INFO Creating container name=x1
10:51:59 INFO Creating container name=x2
10:51:59 INFO Creating container name=v1
10:51:59 INFO Creating container name=dut
10:52:00 INFO Created link: dut:FH0_0_0_0 ▪┄┄▪ x1:eth1
10:52:00 INFO Created link: dut:FH0_0_0_1 ▪┄┄▪ x2:eth1
10:52:00 INFO Created link: dut:FH0_0_0_2 ▪┄┄▪ v1:eth1
10:52:01 INFO Created link: dut:FH0_0_0_3 ▪┄┄▪ v2:eth1
10:52:02 INFO Executed command node=v1 command="sleep 1" stdout=""
10:52:02 INFO Executed command node=x1 command="sleep 1" stdout=""
10:52:02 INFO Executed command node=v2 command="sleep 1" stdout=""
10:52:02 INFO Executed command node=x2 command="sleep 1" stdout=""
10:52:02 INFO Adding host entries path=/etc/hosts
10:52:02 INFO Adding SSH config for nodes path=/etc/ssh/ssh_config.d/clab-ml-82.conf
10:52:05 INFO Failed fetching latest version information
[1m╭[0m[1m────────────────[0m[1m┬[0m[1m──────────────────────────────[0m[1m┬[0m[1m─────────[0m[1m┬[0m[1m────────────────[0m[1m╮[0m
[1m│[0m[1m      Name      [0m[1m│[0m[1m          Kind/Image          [0m[1m│[0m[1m  State  [0m[1m│[0m[1m IPv4/6 Address [0m[1m│[0m
[1m├[0m[1m────────────────[0m[1m┼[0m[1m──────────────────────────────[0m[1m┼[0m[1m─────────[0m[1m┼[0m[1m────────────────[0m[1m┤[0m
│ clab-ml-82-dut │ cisco_c8000                  │ running │ 192.168.82.101 │
│                │ cisco/cisco-8201-32fh:24.4.1 │         │ N/A            │
├────────────────┼──────────────────────────────┼─────────┼────────────────┤
│ clab-ml-82-v1  │ linux                        │ running │ 192.168.82.104 │
│                │ quay.io/frrouting/frr:10.6.0 │         │ N/A            │
├────────────────┼──────────────────────────────┼─────────┼────────────────┤
│ clab-ml-82-v2  │ linux                        │ running │ 192.168.82.105 │
│                │ quay.io/frrouting/frr:10.6.0 │         │ N/A            │
├────────────────┼──────────────────────────────┼─────────┼────────────────┤
│ clab-ml-82-x1  │ linux                        │ running │ 192.168.82.102 │
│                │ quay.io/frrouting/frr:10.6.0 │         │ N/A            │
├────────────────┼──────────────────────────────┼─────────┼────────────────┤
│ clab-ml-82-x2  │ linux                        │ running │ 192.168.82.103 │
│                │ quay.io/frrouting/frr:10.6.0 │         │ N/A            │
╰────────────────┴──────────────────────────────┴─────────┴────────────────╯

Initial configuration skipped, run 'netlab initial' to configure the devices
