Checking virtualization provider installation
OK: libvirt installed and working correctly
OK: clab installed and working correctly
Stopping clab nodes
 [INFO] Setting containerlab runtime to docker
provider clab: executing flock -E 42 /tmp/netlab.lock containerlab destroy --cleanup -t clab-augment.yml
14:07:08 INFO Parsing & checking topology file=clab-augment.yml
14:07:08 INFO Parsing & checking topology file=clab-augment.yml
14:07:08 INFO Destroying lab name=ml-17
14:07:08 INFO Removed container name=clab-ml-17-dnssrv
14:07:08 INFO Removed container name=clab-ml-17-t1
14:07:08 INFO Removing host entries path=/etc/hosts
14:07:08 INFO Removing SSH config path=/etc/ssh/ssh_config.d/clab-ml-17.conf

Stopping libvirt nodes
provider libvirt: executing flock -E 42 /tmp/netlab.lock vagrant destroy -f
[fog][WARNING] Unrecognized arguments: libvirt_ip_command
[fog][WARNING] Unrecognized arguments: libvirt_ip_command
==> dut_hosts: Removing domain...
==> dut_hosts: Deleting the machine folder
==> dut_dns: Removing domain...
==> dut_dns: Deleting the machine folder
Cleanup configuration files
... removing Vagrantfile
... removing clab-augment.yml
... removing ansible.cfg
... removing hosts.yml
... removing directory tree group_vars
... removing directory tree host_vars
... removing directory tree node_files
... removing netlab.snapshot.pickle
