Using transformed lab topology from snapshot file netlab.snapshot.pickle
Checking virtualization provider installation
OK: clab installed and working correctly
Starting clab nodes
provider clab: executing flock -E 42 /tmp/netlab.lock sudo -E containerlab deploy --reconfigure -t clab.yml
00:44:48 INFO Containerlab started version=0.75.0
00:44:48 INFO Parsing & checking topology file=clab.yml
00:44:48 INFO Removing directory path=/work/netlab_cicd/junos/clab-ml-31
00:44:48 INFO Creating docker network name=nl_mgmt_31 IPv4 subnet=192.168.31.0/24 IPv6 subnet="" MTU=0
00:44:48 INFO Creating lab directory path=/work/netlab_cicd/junos/clab-ml-31
00:44:48 INFO Creating container name=h1
00:44:48 INFO Creating container name=h2
00:44:48 INFO Creating container name=dut
00:44:48 INFO Creating container name=r2
00:44:48 INFO Created link: dut:eth1 ▪┄┄▪ r2:et1
00:44:48 INFO Created link: dut:eth2 ▪┄┄▪ ml-31_2:bni31n1i1
00:44:49 INFO Created link: r2:et2 ▪┄┄▪ ml-31_2:bni31n2i2
00:44:49 INFO Created link: r2:et3 ▪┄┄▪ h1:eth1
00:44:49 INFO Running postdeploy actions for Arista cEOS 'r2' node
00:44:49 INFO Created link: h2:eth1 ▪┄┄▪ ml-31_2:bni31n4i1
00:45:04 INFO Adding host entries path=/etc/hosts
00:45:04 INFO Adding SSH config for nodes path=/etc/ssh/ssh_config.d/clab-ml-31.conf
[1m╭[0m[1m────────────────[0m[1m┬[0m[1m────────────────────────────────────────────[0m[1m┬[0m[1m────────────────────[0m[1m┬[0m[1m────────────────[0m[1m╮[0m
[1m│[0m[1m      Name      [0m[1m│[0m[1m                 Kind/Image                 [0m[1m│[0m[1m        State       [0m[1m│[0m[1m IPv4/6 Address [0m[1m│[0m
[1m├[0m[1m────────────────[0m[1m┼[0m[1m────────────────────────────────────────────[0m[1m┼[0m[1m────────────────────[0m[1m┼[0m[1m────────────────[0m[1m┤[0m
│ clab-ml-31-dut │ juniper_vjunosrouter                       │ running            │ 192.168.31.101 │
│                │ vrnetlab/juniper_vjunos-router:23.4R2-S2.1 │ (health: starting) │ N/A            │
├────────────────┼────────────────────────────────────────────┼────────────────────┼────────────────┤
│ clab-ml-31-h1  │ linux                                      │ running            │ 192.168.31.103 │
│                │ python:3.13-alpine                         │                    │ N/A            │
├────────────────┼────────────────────────────────────────────┼────────────────────┼────────────────┤
│ clab-ml-31-h2  │ linux                                      │ running            │ 192.168.31.104 │
│                │ python:3.13-alpine                         │                    │ N/A            │
├────────────────┼────────────────────────────────────────────┼────────────────────┼────────────────┤
│ clab-ml-31-r2  │ ceos                                       │ running            │ 192.168.31.102 │
│                │ ceos:4.35.2F                               │                    │ N/A            │
╰────────────────┴────────────────────────────────────────────┴────────────────────┴────────────────╯

Initial configuration skipped, run 'netlab initial' to configure the devices
