Using transformed lab topology from snapshot file netlab.snapshot.pickle
Checking virtualization provider installation
OK: clab installed and working correctly
Starting clab nodes
provider clab: executing sudo -E containerlab deploy --reconfigure -t clab.yml
20:03:06 INFO Containerlab started version=0.74.2
20:03:06 INFO Parsing & checking topology file=clab.yml
20:03:06 INFO Removing directory path=/work/netlab_cicd/junos_c/clab-ml-81
20:03:06 INFO Creating docker network name=nl_mgmt_81 IPv4 subnet=192.168.81.0/24 IPv6 subnet="" MTU=0
20:03:06 INFO Creating lab directory path=/work/netlab_cicd/junos_c/clab-ml-81
20:03:06 INFO Creating container name=dut
20:03:06 INFO Creating container name=x1
20:03:07 INFO Created link: dut:eth1 ▪┄┄▪ x1:et1
20:03:07 INFO Running postdeploy actions for Arista cEOS 'x1' node
20:03:28 INFO Adding host entries path=/etc/hosts
20:03:28 INFO Adding SSH config for nodes path=/etc/ssh/ssh_config.d/clab-ml-81.conf
20:03:31 INFO Failed fetching latest version information
[1m╭[0m[1m────────────────[0m[1m┬[0m[1m───────────────[0m[1m┬[0m[1m─────────[0m[1m┬[0m[1m────────────────[0m[1m╮[0m
[1m│[0m[1m      Name      [0m[1m│[0m[1m   Kind/Image  [0m[1m│[0m[1m  State  [0m[1m│[0m[1m IPv4/6 Address [0m[1m│[0m
[1m├[0m[1m────────────────[0m[1m┼[0m[1m───────────────[0m[1m┼[0m[1m─────────[0m[1m┼[0m[1m────────────────[0m[1m┤[0m
│ clab-ml-81-dut │ juniper_crpd  │ running │ 192.168.81.101 │
│                │ crpd:24.4R1.9 │         │ N/A            │
├────────────────┼───────────────┼─────────┼────────────────┤
│ clab-ml-81-x1  │ ceos          │ running │ 192.168.81.102 │
│                │ ceos:4.35.2F  │         │ N/A            │
╰────────────────┴───────────────┴─────────┴────────────────╯

Initial configuration skipped, run 'netlab initial' to configure the devices
