Creating Device configuration snippets
[CREATED] dut: initial,ospf,bgp
[CREATED] dut2: initial,bgp
[CREATED] x1: initial,bgp
[CREATED] x2: initial,bgp
[CREATED] r1: initial,ospf
Checking Are lab devices ready to be configured?
 [INFO] Checking SSH server(s) on dut,dut2
[SSH]     SSH server on node dut (device cisco8000v) is ready after 167.5 seconds
[SSH]     SSH server on node dut2 (device cisco8000v) is ready after 167.5 seconds
Config Deploying device configurations
 [INFO] Executing initial configuration for node x1
 [INFO] Executing initial configuration for node x2
 [INFO] Executing initial configuration for node r1
 [INFO] Executing bgp configuration for node x1
 [INFO] Executing bgp configuration for node x2
 [INFO] Executing ospf configuration for node r1
 [INFO] Starting Ansible playbook to deploy the rest of the
          configurations
[WARNING]: Found variable using reserved name: hosts

PLAY [Deploy initial device configuration] *************************************

TASK [Set variables that cannot be set with VARS] ******************************
ok: [dut]
ok: [dut2]

TASK [Normalize config on bridge-like devices] *********************************
included: /home/pipi/netlab_gh/netsim/ansible/tasks/deploy-module.yml for dut, dut2

TASK [Figure out whether to deploy the module normalize on current device] *****
ok: [dut]
ok: [dut2]

TASK [Find configuration template for normalize] *******************************
ok: [dut]
ok: [dut2]

TASK [fail] ********************************************************************
skipping: [dut]
skipping: [dut2]

TASK [Find configuration deployment deploy_script for normalize] ***************
ok: [dut]
ok: [dut2]

TASK [Print deployed configuration when running in verbose mode] ***************
skipping: [dut]
skipping: [dut2]

TASK [Deploy normalize configuration] ******************************************
skipping: [dut]
skipping: [dut2]

TASK [Deploy initial configuration] ********************************************
included: /home/pipi/netlab_gh/netsim/ansible/tasks/deploy-module.yml for dut, dut2

TASK [Figure out whether to deploy the module initial on current device] *******
ok: [dut]
ok: [dut2]

TASK [Find configuration template for initial] *********************************
ok: [dut]
ok: [dut2]

TASK [fail] ********************************************************************
skipping: [dut]
skipping: [dut2]

TASK [Find configuration deployment deploy_script for initial] *****************
ok: [dut]
ok: [dut2]

TASK [Print deployed configuration when running in verbose mode] ***************
ok: [dut] => {
    "msg": "initial configuration for dut\n=========================================\nhostname dut\n!\ndomain lookup disable\n!\nlldp\n no management enable\n!\ndomain ipv6 host dut2 2001:db8:1::2\ndomain ipv6 host x1 2001:db8:1::3\ndomain ipv6 host x2 2001:db8:1::4\ndomain ipv6 host r1 2001:db8:1::5\n!\ninterface Loopback0\n no shutdown\n ipv6 address 2001:db8:1::1/128\n!\ninterface FourHundredGigE0/0/0/0\n no shutdown\n description dut -> x1 [external]\n mtu 1514\n ipv6 address 2001:db8:3::1/64\n ipv6 nd ra-interval 5\n!\ninterface FourHundredGigE0/0/0/1\n no shutdown\n description dut -> x2 [external]\n mtu 1514\n ipv6 address 2001:db8:3:1::1/64\n ipv6 nd ra-interval 5\n!\ninterface FourHundredGigE0/0/0/2\n no shutdown\n description dut -> r1\n mtu 1514\n ipv6 address 2001:db8:3:2::1/64\n ipv6 nd ra-interval 5\n!\ninterface FourHundredGigE0/0/0/3\n no shutdown\n description dut -> dut2 [external]\n mtu 1514\n ipv6 address 2001:db8:cafe:e01::1/64\n ipv6 nd ra-interval 5\n!\ninterface FourHundredGigE0/0/0/4\n no shutdown\n description dut -> stub [stub]\n mtu 1514\n ipv6 address 2001:db8:cafe:e42::1/64\n ipv6 nd ra-interval 5\n!\n"
}
ok: [dut2] => {
    "msg": "initial configuration for dut2\n=========================================\nhostname dut2\n!\ndomain lookup disable\n!\nlldp\n no management enable\n!\ndomain ipv6 host dut 2001:db8:1::1\ndomain ipv6 host x1 2001:db8:1::3\ndomain ipv6 host x2 2001:db8:1::4\ndomain ipv6 host r1 2001:db8:1::5\n!\ninterface Loopback0\n no shutdown\n ipv6 address 2001:db8:1::2/128\n!\ninterface FourHundredGigE0/0/0/0\n no shutdown\n description dut2 -> dut [external]\n mtu 1514\n ipv6 address 2001:db8:cafe:e01::2/64\n ipv6 nd ra-interval 5\n!\n"
}

TASK [Deploy initial configuration] ********************************************
included: /home/pipi/netlab_gh/netsim/ansible/tasks/deploy-config/iosxr.yml for dut, dut2

TASK [iosxr_config: deploying initial from /work/netlab_cicd/node_files/dut/initial] ***
[WARNING]: To ensure idempotency and correct diff the input configuration lines
should be similar to how they appear if present in the running configuration on
device including the indentation
changed: [dut2]
changed: [dut]

PLAY [Deploy module-specific configurations] ***********************************

TASK [Set variables that cannot be set with VARS] ******************************
ok: [dut]
ok: [dut2]

TASK [Deploy individual configuration modules] *********************************
included: /home/pipi/netlab_gh/netsim/ansible/tasks/deploy-module.yml for dut, dut2 => (item=ospf)
included: /home/pipi/netlab_gh/netsim/ansible/tasks/deploy-module.yml for dut, dut2 => (item=bgp)

TASK [Figure out whether to deploy the module ospf on current device] **********
ok: [dut]
ok: [dut2]

TASK [Find configuration template for ospf] ************************************
skipping: [dut2]
ok: [dut]

TASK [fail] ********************************************************************
skipping: [dut]
skipping: [dut2]

TASK [Find configuration deployment deploy_script for ospf] ********************
skipping: [dut2]
ok: [dut]

TASK [Print deployed configuration when running in verbose mode] ***************
skipping: [dut2]
ok: [dut] => {
    "msg": "ospf configuration for dut\n=========================================\n!\nrouter ospfv3 1\n!\n! These throttle timers are probably too aggressive for a production network but\n! make labs run better ;)\n!\n timers throttle spf 10 20 100\n timers throttle lsa all 10 20 100\n router-id 10.0.0.1\n\n area 0.0.0.0\n  interface Loopback0\n  interface FourHundredGigE0/0/0/2\n   network point-to-point\n  interface FourHundredGigE0/0/0/4\n   passive\n\n"
}

TASK [Deploy ospf configuration] ***********************************************
skipping: [dut2]
included: /home/pipi/netlab_gh/netsim/ansible/tasks/deploy-config/iosxr.yml for dut

TASK [iosxr_config: deploying ospf from /work/netlab_cicd/node_files/dut/ospf] ***
changed: [dut]

TASK [Figure out whether to deploy the module bgp on current device] ***********
ok: [dut]
ok: [dut2]

TASK [Find configuration template for bgp] *************************************
ok: [dut]
ok: [dut2]

TASK [fail] ********************************************************************
skipping: [dut]
skipping: [dut2]

TASK [Find configuration deployment deploy_script for bgp] *********************
ok: [dut]
ok: [dut2]

TASK [Print deployed configuration when running in verbose mode] ***************
ok: [dut] => {
    "msg": "bgp configuration for dut\n=========================================\n!\n!\nrouter bgp 65000\n bgp unsafe-ebgp-policy\n bgp scan-time 5\n bgp update-delay 5\n bgp router-id 10.0.0.1\n\n!\n address-family ipv6 unicast\n  bgp scan-time 5\n!\n!\n  network 2001:db8:bad:1::/64\n  network 2001:db8:cafe:e42::/64\n!\n neighbor 2001:db8:3::2\n  remote-as 65100\n  description x1\n  address-family ipv6 unicast\n   send-community-ebgp\n\n!\n neighbor 2001:db8:3:1::2\n  remote-as 65101\n  description x2\n  address-family ipv6 unicast\n   send-community-ebgp\n\n!\n neighbor 2001:db8:cafe:e01::2\n  remote-as 65001\n  description dut2\n  address-family ipv6 unicast\n   send-community-ebgp\n\n"
}
ok: [dut2] => {
    "msg": "bgp configuration for dut2\n=========================================\n!\n!\nrouter bgp 65001\n bgp unsafe-ebgp-policy\n bgp scan-time 5\n bgp update-delay 5\n bgp router-id 10.0.0.2\n\n!\n address-family ipv6 unicast\n  bgp scan-time 5\n!\n!\n  network 2001:db8:1::2/128\n!\n neighbor 2001:db8:cafe:e01::1\n  remote-as 65000\n  description dut\n  address-family ipv6 unicast\n   send-community-ebgp\n\n"
}

TASK [Deploy bgp configuration] ************************************************
included: /home/pipi/netlab_gh/netsim/ansible/tasks/deploy-config/iosxr.yml for dut, dut2

TASK [iosxr_config: deploying bgp from /work/netlab_cicd/node_files/dut/bgp] ***
changed: [dut]
changed: [dut2]

PLAY [Deploy custom deployment templates] **************************************
skipping: no hosts matched

PLAY RECAP *********************************************************************
dut                        : ok=27   changed=3    unreachable=0    failed=0    skipped=6    rescued=0    ignored=0   
dut2                       : ok=22   changed=2    unreachable=0    failed=0    skipped=10   rescued=0    ignored=0   

Results of configuration script deployments
================================================================================
x1               Script:  initial,bgp
x2               Script:  initial,bgp
r1               Script:  initial,ospf


Use this topology to test the origination and propagation
of IPv6 prefixes.

