Using transformed lab topology from snapshot file netlab.snapshot.pickle
Checking virtualization provider installation
OK: clab installed and working correctly
Starting clab nodes
provider clab: executing flock -E 42 /tmp/netlab.lock sudo -E containerlab deploy --reconfigure -t clab.yml
18:35:21 INFO Containerlab started version=0.75.0
18:35:21 INFO Parsing & checking topology file=clab.yml
18:35:21 INFO Removing directory path=/work/netlab_cicd/junos/clab-ml-31
18:35:21 INFO Creating docker network name=nl_mgmt_31 IPv4 subnet=192.168.31.0/24 IPv6 subnet="" MTU=0
18:35:21 INFO Creating lab directory path=/work/netlab_cicd/junos/clab-ml-31
18:35:21 INFO Creating container name=dut
18:35:21 INFO Creating container name=x2
18:35:21 INFO Creating container name=x1
18:35:22 INFO Created link: dut:eth3 ▪┄┄▪ x2:et1
18:35:22 INFO Created link: dut:eth1 ▪┄┄▪ x1:et1
18:35:22 INFO Created link: dut:eth4 ▪┄┄▪ x2:et2
18:35:22 INFO Running postdeploy actions for Arista cEOS 'x2' node
18:35:22 INFO Created link: dut:eth2 ▪┄┄▪ x1:et2
18:35:22 INFO Running postdeploy actions for Arista cEOS 'x1' node
18:35:44 INFO Adding host entries path=/etc/hosts
18:35:44 INFO Adding SSH config for nodes path=/etc/ssh/ssh_config.d/clab-ml-31.conf
[1m╭[0m[1m────────────────[0m[1m┬[0m[1m────────────────────────────────────────────[0m[1m┬[0m[1m────────────────────[0m[1m┬[0m[1m────────────────[0m[1m╮[0m
[1m│[0m[1m      Name      [0m[1m│[0m[1m                 Kind/Image                 [0m[1m│[0m[1m        State       [0m[1m│[0m[1m IPv4/6 Address [0m[1m│[0m
[1m├[0m[1m────────────────[0m[1m┼[0m[1m────────────────────────────────────────────[0m[1m┼[0m[1m────────────────────[0m[1m┼[0m[1m────────────────[0m[1m┤[0m
│ clab-ml-31-dut │ juniper_vjunosswitch                       │ running            │ 192.168.31.101 │
│                │ vrnetlab/juniper_vjunos-switch:23.4R2-S2.1 │ (health: starting) │ N/A            │
├────────────────┼────────────────────────────────────────────┼────────────────────┼────────────────┤
│ clab-ml-31-x1  │ ceos                                       │ running            │ 192.168.31.102 │
│                │ ceos:4.35.2F                               │                    │ N/A            │
├────────────────┼────────────────────────────────────────────┼────────────────────┼────────────────┤
│ clab-ml-31-x2  │ ceos                                       │ running            │ 192.168.31.103 │
│                │ ceos:4.35.2F                               │                    │ N/A            │
╰────────────────┴────────────────────────────────────────────┴────────────────────┴────────────────╯

Initial configuration skipped, run 'netlab initial' to configure the devices
