Creating Device configuration snippets
[CREATED] dut: initial,lag
[CREATED] x1: normalize,initial,lag,routing
[CREATED] x2: normalize,initial,lag,routing
Checking Are lab devices ready to be configured?
 [INFO] Checking SSH server(s) on dut,x1,x2
[SSH]     SSH server on node dut (device vjunos-switch) is ready after 77.7 seconds
 [INFO] Checking lab devices with an Ansible playbook
[WARNING]: Found variable using reserved name: hosts

PLAY [Wait for SSH servers] ****************************************************

PLAY [Wait for device-specific conditions] *************************************

TASK [Set variables that cannot be set with VARS] ******************************
ok: [dut]

TASK [Find device readiness script] ********************************************
ok: [dut]

TASK [Wait for device to become ready] *****************************************
included: /home/pipi/netlab_gh/netsim/ansible/tasks/readiness-check/junos.yml for dut

TASK [set_fact] ****************************************************************
ok: [dut]

TASK [Wait for first interface (ge-0/0/0)] *************************************
ok: [dut]

PLAY RECAP *********************************************************************
dut                        : ok=5    changed=0    unreachable=0    failed=0    skipped=0    rescued=0    ignored=0   

Config Deploying device configurations
 [INFO] Executing normalize configuration for node x1
 [INFO] Executing normalize configuration for node x2
 [INFO] Executing initial configuration for node x2
 [INFO] Executing initial configuration for node x1
 [INFO] Executing lag configuration for node x2
 [INFO] Executing lag configuration for node x1
 [INFO] Executing routing configuration for node x2
 [INFO] Executing routing configuration for node x1
 [INFO] Starting Ansible playbook to deploy the rest of the
          configurations
[WARNING]: Found variable using reserved name: hosts

PLAY [Deploy initial device configuration] *************************************

TASK [Set variables that cannot be set with VARS] ******************************
ok: [dut]

TASK [Normalize config on bridge-like devices] *********************************
included: /home/pipi/netlab_gh/netsim/ansible/tasks/deploy-module.yml for dut

TASK [Figure out whether to deploy the module normalize on current device] *****
ok: [dut]

TASK [Find configuration template for normalize] *******************************
ok: [dut]

TASK [fail] ********************************************************************
skipping: [dut]

TASK [Find configuration deployment deploy_script for normalize] ***************
ok: [dut]

TASK [Print deployed configuration when running in verbose mode] ***************
skipping: [dut]

TASK [Deploy normalize configuration] ******************************************
skipping: [dut]

TASK [Deploy initial configuration] ********************************************
included: /home/pipi/netlab_gh/netsim/ansible/tasks/deploy-module.yml for dut

TASK [Figure out whether to deploy the module initial on current device] *******
ok: [dut]

TASK [Find configuration template for initial] *********************************
ok: [dut]

TASK [fail] ********************************************************************
skipping: [dut]

TASK [Find configuration deployment deploy_script for initial] *****************
ok: [dut]

TASK [Print deployed configuration when running in verbose mode] ***************
ok: [dut] => {
    "msg": "initial configuration for dut\n=========================================\nsystem {\n  host-name dut;\n  static-host-mapping {\n    x1 inet 172.16.0.2;\n    x2 inet 172.16.1.3;\n  }\n}\n\n\ninterfaces {\n  ae1 {\n    mtu 1514;\n  }\n  ae2 {\n    mtu 1414;\n  }\n  ge-0/0/0 {\n    mtu 1514;\n  }\n  ge-0/0/1 {\n    mtu 1514;\n  }\n  ge-0/0/2 {\n    mtu 1414;\n  }\n  ge-0/0/3 {\n    mtu 1414;\n  }\n\n  lo0.0 {\n    \n      family inet {\n        address 10.0.0.1/32;\n      }\n    \n  }\n  ae1.0 {\n    description \"dut -> x1 [stub]\";\n    \n      family inet {\n        address 172.16.0.1/24;\n      }\n    \n  }\n  ae2.0 {\n    description \"dut -> x2 [stub]\";\n    \n      family inet {\n        address 172.16.1.1/24;\n      }\n    \n  }\n  ge-0/0/0.0 {\n    description \"dut -> x1 [stub]\";\n    \n    \n  }\n  ge-0/0/1.0 {\n    description \"dut -> x1 [stub]\";\n    \n    \n  }\n  ge-0/0/2.0 {\n    description \"dut -> x2 [stub]\";\n    \n    \n  }\n  ge-0/0/3.0 {\n    description \"dut -> x2 [stub]\";\n    \n    \n  }\n}\nprotocols {\n  lldp {\n    interface fxp0 {\n      disable;\n    }\n    interface all;\n  }\n}\n"
}

TASK [Deploy initial configuration] ********************************************
included: /home/pipi/netlab_gh/netsim/ansible/tasks/deploy-config/junos.yml for dut

TASK [junos_config: deploying initial from /work/netlab_cicd/junos_c/node_files/dut/initial] ***
changed: [dut]

PLAY [Deploy module-specific configurations] ***********************************

TASK [Set variables that cannot be set with VARS] ******************************
ok: [dut]

TASK [Deploy individual configuration modules] *********************************
included: /home/pipi/netlab_gh/netsim/ansible/tasks/deploy-module.yml for dut => (item=lag)
included: /home/pipi/netlab_gh/netsim/ansible/tasks/deploy-module.yml for dut => (item=routing)

TASK [Figure out whether to deploy the module lag on current device] ***********
ok: [dut]

TASK [Find configuration template for lag] *************************************
ok: [dut]

TASK [fail] ********************************************************************
skipping: [dut]

TASK [Find configuration deployment deploy_script for lag] *********************
ok: [dut]

TASK [Print deployed configuration when running in verbose mode] ***************
ok: [dut] => {
    "msg": "lag configuration for dut\n=========================================\n\nchassis {\n  aggregated-devices {\n    ethernet {\n      device-count 2;\n    }\n  }\n}\n\n\ninterfaces {\n\n  ae1 {\n    description \"dut -> x1 (LAG)\";\n    aggregated-ether-options {\n\n      lacp {\n        active;\n        periodic fast;\n      }\n    }\n  }\n\n  ge-0/0/0 {\n    description \"dut -> x1 in LAG 1\";\n    ether-options {\n      802.3ad ae1;\n    }\n    delete: mtu;\n    delete: unit 0;\n  }\n  ge-0/0/1 {\n    description \"dut -> x1 in LAG 1\";\n    ether-options {\n      802.3ad ae1;\n    }\n    delete: mtu;\n    delete: unit 0;\n  }\n\n  ae2 {\n    description \"dut -> x2 (LAG)\";\n    aggregated-ether-options {\n\n      lacp {\n        active;\n        periodic fast;\n      }\n    }\n  }\n\n  ge-0/0/2 {\n    description \"dut -> x2 in LAG 2\";\n    ether-options {\n      802.3ad ae2;\n    }\n    delete: mtu;\n    delete: unit 0;\n  }\n  ge-0/0/3 {\n    description \"dut -> x2 in LAG 2\";\n    ether-options {\n      802.3ad ae2;\n    }\n    delete: mtu;\n    delete: unit 0;\n  }\n\n\n}\n"
}

TASK [Deploy lag configuration] ************************************************
included: /home/pipi/netlab_gh/netsim/ansible/tasks/deploy-config/junos.yml for dut

TASK [junos_config: deploying lag from /work/netlab_cicd/junos_c/node_files/dut/lag] ***
changed: [dut]

TASK [Figure out whether to deploy the module routing on current device] *******
ok: [dut]

TASK [Find configuration template for routing] *********************************
skipping: [dut]

TASK [fail] ********************************************************************
skipping: [dut]

TASK [Find configuration deployment deploy_script for routing] *****************
skipping: [dut]

TASK [Print deployed configuration when running in verbose mode] ***************
skipping: [dut]

TASK [Deploy routing configuration] ********************************************
skipping: [dut]

PLAY [Deploy custom deployment templates] **************************************
skipping: no hosts matched

PLAY RECAP *********************************************************************
dut                        : ok=22   changed=2    unreachable=0    failed=0    skipped=10   rescued=0    ignored=0   

Results of configuration script deployments
================================================================================
x1               Script:  normalize,initial,lag,routing
x2               Script:  normalize,initial,lag,routing


The device under is a router with a L3 LAG link connected to a FRR device. The
FRR device should be able to ping the loopback interface of DUT.

