Using transformed lab topology from snapshot file netlab.snapshot.pickle
Checking virtualization provider installation
OK: clab installed and working correctly
Starting clab nodes
Loading Linux kernel modules bonding required by containers using lag module
provider clab: executing flock -E 42 /tmp/netlab.lock sudo -E containerlab deploy --reconfigure -t clab.yml
18:37:33 INFO Containerlab started version=0.75.0
18:37:33 INFO Parsing & checking topology file=clab.yml
18:37:33 INFO Removing directory path=/work/netlab_cicd/junos/clab-ml-31
18:37:33 INFO Creating docker network name=nl_mgmt_31 IPv4 subnet=192.168.31.0/24 IPv6 subnet="" MTU=0
18:37:33 INFO Creating lab directory path=/work/netlab_cicd/junos/clab-ml-31
18:37:33 INFO Creating container name=h4
18:37:33 INFO Creating container name=h1
18:37:33 INFO Creating container name=xs
18:37:33 INFO Creating container name=h3
18:37:33 INFO Creating container name=h2
18:37:33 INFO Creating container name=dut
18:37:34 INFO Created link: dut:eth1 ▪┄┄▪ xs:eth1
18:37:34 INFO Created link: dut:eth2 ▪┄┄▪ xs:eth2
18:37:34 INFO Created link: h1:eth1 ▪┄┄▪ dut:eth3
18:37:34 INFO Created link: h2:eth1 ▪┄┄▪ xs:eth3
18:37:34 INFO Created link: h3:eth1 ▪┄┄▪ dut:eth4
18:37:34 INFO Created link: h4:eth1 ▪┄┄▪ xs:eth4
18:37:35 INFO Executed command node=xs command="sleep 1" stdout=""
18:37:35 INFO Adding host entries path=/etc/hosts
18:37:35 INFO Adding SSH config for nodes path=/etc/ssh/ssh_config.d/clab-ml-31.conf
[1m╭[0m[1m────────────────[0m[1m┬[0m[1m────────────────────────────────────────────[0m[1m┬[0m[1m────────────────────[0m[1m┬[0m[1m────────────────[0m[1m╮[0m
[1m│[0m[1m      Name      [0m[1m│[0m[1m                 Kind/Image                 [0m[1m│[0m[1m        State       [0m[1m│[0m[1m IPv4/6 Address [0m[1m│[0m
[1m├[0m[1m────────────────[0m[1m┼[0m[1m────────────────────────────────────────────[0m[1m┼[0m[1m────────────────────[0m[1m┼[0m[1m────────────────[0m[1m┤[0m
│ clab-ml-31-dut │ juniper_vjunosswitch                       │ running            │ 192.168.31.105 │
│                │ vrnetlab/juniper_vjunos-switch:23.4R2-S2.1 │ (health: starting) │ N/A            │
├────────────────┼────────────────────────────────────────────┼────────────────────┼────────────────┤
│ clab-ml-31-h1  │ linux                                      │ running            │ 192.168.31.101 │
│                │ python:3.13-alpine                         │                    │ N/A            │
├────────────────┼────────────────────────────────────────────┼────────────────────┼────────────────┤
│ clab-ml-31-h2  │ linux                                      │ running            │ 192.168.31.102 │
│                │ python:3.13-alpine                         │                    │ N/A            │
├────────────────┼────────────────────────────────────────────┼────────────────────┼────────────────┤
│ clab-ml-31-h3  │ linux                                      │ running            │ 192.168.31.103 │
│                │ python:3.13-alpine                         │                    │ N/A            │
├────────────────┼────────────────────────────────────────────┼────────────────────┼────────────────┤
│ clab-ml-31-h4  │ linux                                      │ running            │ 192.168.31.104 │
│                │ python:3.13-alpine                         │                    │ N/A            │
├────────────────┼────────────────────────────────────────────┼────────────────────┼────────────────┤
│ clab-ml-31-xs  │ linux                                      │ running            │ 192.168.31.106 │
│                │ quay.io/frrouting/frr:10.6.1               │                    │ N/A            │
╰────────────────┴────────────────────────────────────────────┴────────────────────┴────────────────╯

Initial configuration skipped, run 'netlab initial' to configure the devices
