Creating Device configuration snippets
[CREATED] dut: initial,lag,vlan,ospf
[CREATED] x1: normalize,initial,lag,vlan,ospf
[CREATED] x2: normalize,initial,lag,vlan,ospf
Checking Are lab devices ready to be configured?
 [INFO] Checking SSH server(s) on dut,x1,x2
[SSH]     SSH server on node x2 (device eos) is ready after 11.3 seconds
[SSH]     SSH server on node x1 (device eos) is ready after 11.3 seconds
[SSH]     SSH server on node dut (device vjunos-switch) is ready after 77.3 seconds
 [INFO] Checking lab devices with an Ansible playbook
[WARNING]: Found variable using reserved name: hosts

PLAY [Wait for SSH servers] ****************************************************

PLAY [Wait for device-specific conditions] *************************************

TASK [Set variables that cannot be set with VARS] ******************************
ok: [dut]

TASK [Find device readiness script] ********************************************
ok: [dut]

TASK [Wait for device to become ready] *****************************************
included: /home/pipi/netlab_gh/netsim/ansible/tasks/readiness-check/junos.yml for dut

TASK [set_fact] ****************************************************************
ok: [dut]

TASK [Wait for first interface (ge-0/0/0)] *************************************
ok: [dut]

PLAY RECAP *********************************************************************
dut                        : ok=5    changed=0    unreachable=0    failed=0    skipped=0    rescued=0    ignored=0   

Config Deploying device configurations
 [INFO] Executing normalize configuration for node x1
 [INFO] Executing normalize configuration for node x2
 [INFO] Executing initial configuration for node x1
 [INFO] Executing initial configuration for node x2
 [INFO] Executing lag configuration for node x1
 [INFO] Executing lag configuration for node x2
 [INFO] Executing vlan configuration for node x1
 [INFO] Executing vlan configuration for node x2
 [INFO] Executing ospf configuration for node x1
 [INFO] Executing ospf configuration for node x2
 [INFO] Starting Ansible playbook to deploy the rest of the
          configurations
[WARNING]: Found variable using reserved name: hosts

PLAY [Deploy initial device configuration] *************************************

TASK [Set variables that cannot be set with VARS] ******************************
ok: [dut]

TASK [Normalize config on bridge-like devices] *********************************
included: /home/pipi/netlab_gh/netsim/ansible/tasks/deploy-module.yml for dut

TASK [Figure out whether to deploy the module normalize on current device] *****
ok: [dut]

TASK [Find configuration template for normalize] *******************************
ok: [dut]

TASK [fail] ********************************************************************
skipping: [dut]

TASK [Find configuration deployment deploy_script for normalize] ***************
ok: [dut]

TASK [Print deployed configuration when running in verbose mode] ***************
skipping: [dut]

TASK [Deploy normalize configuration] ******************************************
skipping: [dut]

TASK [Deploy initial configuration] ********************************************
included: /home/pipi/netlab_gh/netsim/ansible/tasks/deploy-module.yml for dut

TASK [Figure out whether to deploy the module initial on current device] *******
ok: [dut]

TASK [Find configuration template for initial] *********************************
ok: [dut]

TASK [fail] ********************************************************************
skipping: [dut]

TASK [Find configuration deployment deploy_script for initial] *****************
ok: [dut]

TASK [Print deployed configuration when running in verbose mode] ***************
ok: [dut] => {
    "msg": "initial configuration for dut\n=========================================\nsystem {\n  host-name dut;\n  static-host-mapping {\n    x1 inet 10.0.0.2;\n    x2 inet 10.0.0.3;\n  }\n}\n\n\ninterfaces {\n\n\n\n\n\n\n\n\n\n\n\n\n\n\n\n\n\n\n\n\n\n\n\n\n\n\n\n\n\n\n\n\n\n\n}\ninterfaces {\n  ae1 {\n    mtu 1514;\n  }\n  ae2 {\n    mtu 1514;\n  }\n  ge-0/0/0 {\n    mtu 1514;\n  }\n  ge-0/0/1 {\n    mtu 1514;\n  }\n  ge-0/0/2 {\n    mtu 1514;\n  }\n  ge-0/0/3 {\n    mtu 1514;\n  }\n\n  lo0.0 {\n    \n      family inet {\n        address 10.0.0.1/32;\n      }\n    \n  }\n  ae1.0 {\n    description \"[Access VLAN red] dut -> x1\";\n    \n    \n  }\n  ae2.0 {\n    description \"[Access VLAN blue] dut -> x2\";\n    \n    \n  }\n  ge-0/0/0.0 {\n    description \"dut -> x1\";\n    \n    \n  }\n  ge-0/0/1.0 {\n    description \"dut -> x1\";\n    \n    \n  }\n  ge-0/0/2.0 {\n    description \"dut -> x2\";\n    \n    \n  }\n  ge-0/0/3.0 {\n    description \"dut -> x2\";\n    \n    \n  }\n  irb.1000 {\n    description \"VLAN red (1000) -> [x1]\";\n    \n      family inet {\n        address 172.16.0.1/24;\n        mtu 1500;\n      }\n    \n  }\n  irb.1001 {\n    description \"VLAN blue (1001) -> [x2]\";\n    \n      family inet {\n        address 172.16.1.1/24;\n        mtu 1500;\n      }\n    \n  }\n}\nprotocols {\n  lldp {\n    interface fxp0 {\n      disable;\n    }\n    interface all;\n  }\n}\n"
}

TASK [Deploy initial configuration] ********************************************
included: /home/pipi/netlab_gh/netsim/ansible/tasks/deploy-config/junos.yml for dut

TASK [junos_config: deploying initial from /work/netlab_cicd/junos_c/node_files/dut/initial] ***
[WARNING]: mgd: statement has no contents; ignored
changed: [dut]

PLAY [Deploy module-specific configurations] ***********************************

TASK [Set variables that cannot be set with VARS] ******************************
ok: [dut]

TASK [Deploy individual configuration modules] *********************************
included: /home/pipi/netlab_gh/netsim/ansible/tasks/deploy-module.yml for dut => (item=lag)
included: /home/pipi/netlab_gh/netsim/ansible/tasks/deploy-module.yml for dut => (item=vlan)
included: /home/pipi/netlab_gh/netsim/ansible/tasks/deploy-module.yml for dut => (item=ospf)

TASK [Figure out whether to deploy the module lag on current device] ***********
ok: [dut]

TASK [Find configuration template for lag] *************************************
ok: [dut]

TASK [fail] ********************************************************************
skipping: [dut]

TASK [Find configuration deployment deploy_script for lag] *********************
ok: [dut]

TASK [Print deployed configuration when running in verbose mode] ***************
ok: [dut] => {
    "msg": "lag configuration for dut\n=========================================\n\nchassis {\n  aggregated-devices {\n    ethernet {\n      device-count 2;\n    }\n  }\n}\n\n\ninterfaces {\n\n  ae1 {\n    description \"[Access VLAN red] dut -> x1 (LAG)\";\n    aggregated-ether-options {\n\n      lacp {\n        passive;\n        periodic fast;\n      }\n    }\n  }\n\n  ge-0/0/0 {\n    description \"dut -> x1 in LAG 1\";\n    ether-options {\n      802.3ad ae1;\n    }\n    delete: mtu;\n    delete: unit 0;\n  }\n  ge-0/0/1 {\n    description \"dut -> x1 in LAG 1\";\n    ether-options {\n      802.3ad ae1;\n    }\n    delete: mtu;\n    delete: unit 0;\n  }\n\n  ae2 {\n    description \"[Access VLAN blue] dut -> x2 (LAG)\";\n    aggregated-ether-options {\n\n      lacp {\n        passive;\n        periodic fast;\n      }\n    }\n  }\n\n  ge-0/0/2 {\n    description \"dut -> x2 in LAG 2\";\n    ether-options {\n      802.3ad ae2;\n    }\n    delete: mtu;\n    delete: unit 0;\n  }\n  ge-0/0/3 {\n    description \"dut -> x2 in LAG 2\";\n    ether-options {\n      802.3ad ae2;\n    }\n    delete: mtu;\n    delete: unit 0;\n  }\n\n\n}\n"
}

TASK [Deploy lag configuration] ************************************************
included: /home/pipi/netlab_gh/netsim/ansible/tasks/deploy-config/junos.yml for dut

TASK [junos_config: deploying lag from /work/netlab_cicd/junos_c/node_files/dut/lag] ***
changed: [dut]

TASK [Figure out whether to deploy the module vlan on current device] **********
ok: [dut]

TASK [Find configuration template for vlan] ************************************
ok: [dut]

TASK [fail] ********************************************************************
skipping: [dut]

TASK [Find configuration deployment deploy_script for vlan] ********************
ok: [dut]

TASK [Print deployed configuration when running in verbose mode] ***************
ok: [dut] => {
    "msg": "vlan configuration for dut\n=========================================\n\nvlans {\n  red {\n    vlan-id 1000;\n\n    l3-interface irb.1000;\n\n  }\n  blue {\n    vlan-id 1001;\n\n    l3-interface irb.1001;\n\n  }\n}\n\ninterfaces {\n\n\n  ae1.0 {\n    family ethernet-switching {\n\n      vlan {\n        members red;\n      }\n\n    }\n  }\n\n\n\n  ae2.0 {\n    family ethernet-switching {\n\n      vlan {\n        members blue;\n      }\n\n    }\n  }\n\n\n}\n"
}

TASK [Deploy vlan configuration] ***********************************************
included: /home/pipi/netlab_gh/netsim/ansible/tasks/deploy-config/junos.yml for dut

TASK [junos_config: deploying vlan from /work/netlab_cicd/junos_c/node_files/dut/vlan] ***
changed: [dut]

TASK [Figure out whether to deploy the module ospf on current device] **********
ok: [dut]

TASK [Find configuration template for ospf] ************************************
ok: [dut]

TASK [fail] ********************************************************************
skipping: [dut]

TASK [Find configuration deployment deploy_script for ospf] ********************
ok: [dut]

TASK [Print deployed configuration when running in verbose mode] ***************
ok: [dut] => {
    "msg": "ospf configuration for dut\n=========================================\nrouting-options {\n  router-id 10.0.0.1\n}\nprotocols {\n  delete: ospf;\n}\n\nprotocols {\n  ospf {\n    area 0.0.0.0 {\n      interface lo0.0 {\n      }\n    }\n    area 0.0.0.0 {\n      interface irb.1000 {\n        interface-type p2p;\n      }\n    }\n    area 0.0.0.0 {\n      interface irb.1001 {\n        interface-type p2p;\n      }\n    }\n  }\n}\n\n"
}

TASK [Deploy ospf configuration] ***********************************************
included: /home/pipi/netlab_gh/netsim/ansible/tasks/deploy-config/junos.yml for dut

TASK [junos_config: deploying ospf from /work/netlab_cicd/junos_c/node_files/dut/ospf] ***
[WARNING]:  statement not found
changed: [dut]

PLAY [Deploy custom deployment templates] **************************************
skipping: no hosts matched

PLAY RECAP *********************************************************************
dut                        : ok=34   changed=4    unreachable=0    failed=0    skipped=7    rescued=0    ignored=0   

Results of configuration script deployments
================================================================================
x1               Script:  normalize,initial,lag,vlan,ospf
x2               Script:  normalize,initial,lag,vlan,ospf


The device under test is a L3 switch using passive LACP. It should be able to
establish an OSPF-over-VLAN adjacency with an Arista EOS device using active
LACP. but not with another Arista EOS device using passive LACP.

