Creating Device configuration snippets
[CREATED] h1: initial,routing
[CREATED] h2: initial,routing
[CREATED] dut: initial,lag,vlan,ospf
[CREATED] xr: initial,lag,vlan,ospf
Checking Are lab devices ready to be configured?
 [INFO] Checking SSH server(s) on dut
[SSH]     SSH server on node dut (device vjunos-switch) is ready after 101.7 seconds
 [INFO] Checking lab devices with an Ansible playbook
[WARNING]: Found variable using reserved name: hosts

PLAY [Wait for SSH servers] ****************************************************

PLAY [Wait for device-specific conditions] *************************************

TASK [Set variables that cannot be set with VARS] ******************************
ok: [dut]

TASK [Find device readiness script] ********************************************
ok: [dut]

TASK [Wait for device to become ready] *****************************************
included: /home/pipi/netlab_gh/netsim/ansible/tasks/readiness-check/junos.yml for dut

TASK [set_fact] ****************************************************************
ok: [dut]

TASK [Wait for first interface (ge-0/0/0)] *************************************
ok: [dut]

PLAY RECAP *********************************************************************
dut                        : ok=5    changed=0    unreachable=0    failed=0    skipped=0    rescued=0    ignored=0   

Config Deploying device configurations
 [INFO] Executing initial configuration for node h1 (namespace clab-
          ml-81-h1)
 [INFO] Executing initial configuration for node h2 (namespace clab-
          ml-81-h2)
 [INFO] Executing initial configuration for node xr
 [INFO] Executing routing configuration for node h2 (namespace clab-
          ml-81-h2)
 [INFO] Executing routing configuration for node h1 (namespace clab-
          ml-81-h1)
 [INFO] Executing lag configuration for node xr
 [INFO] Executing vlan configuration for node xr
 [INFO] Executing ospf configuration for node xr
 [INFO] Starting Ansible playbook to deploy the rest of the
          configurations
[WARNING]: Found variable using reserved name: hosts

PLAY [Deploy initial device configuration] *************************************

TASK [Set variables that cannot be set with VARS] ******************************
ok: [dut]

TASK [Normalize config on bridge-like devices] *********************************
included: /home/pipi/netlab_gh/netsim/ansible/tasks/deploy-module.yml for dut

TASK [Figure out whether to deploy the module normalize on current device] *****
ok: [dut]

TASK [Find configuration template for normalize] *******************************
ok: [dut]

TASK [fail] ********************************************************************
skipping: [dut]

TASK [Find configuration deployment deploy_script for normalize] ***************
ok: [dut]

TASK [Print deployed configuration when running in verbose mode] ***************
skipping: [dut]

TASK [Deploy normalize configuration] ******************************************
skipping: [dut]

TASK [Deploy initial configuration] ********************************************
included: /home/pipi/netlab_gh/netsim/ansible/tasks/deploy-module.yml for dut

TASK [Figure out whether to deploy the module initial on current device] *******
ok: [dut]

TASK [Find configuration template for initial] *********************************
ok: [dut]

TASK [fail] ********************************************************************
skipping: [dut]

TASK [Find configuration deployment deploy_script for initial] *****************
ok: [dut]

TASK [Print deployed configuration when running in verbose mode] ***************
ok: [dut] => {
    "msg": "initial configuration for dut\n=========================================\nsystem {\n  host-name dut;\n  static-host-mapping {\n    h1 inet 172.16.1.1;\n    h2 inet 172.16.2.2;\n    xr inet 10.0.0.4;\n  }\n}\n\n\ninterfaces {\n\n\n\n\n  ae1.0 {\n    vlan-id 4093;\n  }\n\n\n\n\n\n\n\n\n\n\n\n\n\n\n\n  ge-0/0/2 {\n    flexible-vlan-tagging;\n    native-vlan-id 1;\n  }\n\n  ge-0/0/2.0 {\n    vlan-id 1;\n  }\n\n\n\n\n\n\n  ae1 {\n    flexible-vlan-tagging;\n  }\n\n  ae1.1000 {\n    vlan-id 1000;\n  }\n\n\n\n\n\n}\ninterfaces {\n  ae1 {\n    mtu 1522;\n  }\n  ge-0/0/0 {\n    mtu 1514;\n  }\n  ge-0/0/1 {\n    mtu 1514;\n  }\n  ge-0/0/2 {\n    mtu 1522;\n  }\n\n  lo0.0 {\n    \n      family inet {\n        address 10.0.0.3/32;\n      }\n    \n  }\n  ae1.0 {\n    description \"dut -> xr\";\n    \n    \n  }\n  ge-0/0/0.0 {\n    description \"dut -> xr\";\n    \n    \n  }\n  ge-0/0/1.0 {\n    description \"dut -> xr\";\n    \n    \n  }\n  ge-0/0/2.0 {\n    description \"dut -> h1 [stub]\";\n    \n      family inet {\n        address 172.16.1.3/24;\n      }\n    \n  }\n  ae1.1000 {\n    description \"dut -> xr\";\n    \n      family inet {\n        address 10.1.0.1/30;\n      }\n    \n  }\n}\nprotocols {\n  lldp {\n    interface fxp0 {\n      disable;\n    }\n    interface all;\n  }\n}\n"
}

TASK [Deploy initial configuration] ********************************************
included: /home/pipi/netlab_gh/netsim/ansible/tasks/deploy-config/junos.yml for dut

TASK [junos_config: deploying initial from /work/netlab_cicd/junos_c/node_files/dut/initial] ***
changed: [dut]

PLAY [Deploy module-specific configurations] ***********************************

TASK [Set variables that cannot be set with VARS] ******************************
ok: [dut]

TASK [Deploy individual configuration modules] *********************************
included: /home/pipi/netlab_gh/netsim/ansible/tasks/deploy-module.yml for dut => (item=lag)
included: /home/pipi/netlab_gh/netsim/ansible/tasks/deploy-module.yml for dut => (item=vlan)
included: /home/pipi/netlab_gh/netsim/ansible/tasks/deploy-module.yml for dut => (item=routing)
included: /home/pipi/netlab_gh/netsim/ansible/tasks/deploy-module.yml for dut => (item=ospf)

TASK [Figure out whether to deploy the module lag on current device] ***********
ok: [dut]

TASK [Find configuration template for lag] *************************************
ok: [dut]

TASK [fail] ********************************************************************
skipping: [dut]

TASK [Find configuration deployment deploy_script for lag] *********************
ok: [dut]

TASK [Print deployed configuration when running in verbose mode] ***************
ok: [dut] => {
    "msg": "lag configuration for dut\n=========================================\n\nchassis {\n  aggregated-devices {\n    ethernet {\n      device-count 1;\n    }\n  }\n}\n\n\ninterfaces {\n\n  ae1 {\n    description \"dut -> xr (LAG)\";\n    aggregated-ether-options {\n\n      lacp {\n        active;\n        periodic fast;\n      }\n    }\n  }\n\n  ge-0/0/0 {\n    description \"dut -> xr in LAG 1\";\n    ether-options {\n      802.3ad ae1;\n    }\n    delete: mtu;\n    delete: unit 0;\n  }\n  ge-0/0/1 {\n    description \"dut -> xr in LAG 1\";\n    ether-options {\n      802.3ad ae1;\n    }\n    delete: mtu;\n    delete: unit 0;\n  }\n\n\n}\n"
}

TASK [Deploy lag configuration] ************************************************
included: /home/pipi/netlab_gh/netsim/ansible/tasks/deploy-config/junos.yml for dut

TASK [junos_config: deploying lag from /work/netlab_cicd/junos_c/node_files/dut/lag] ***
changed: [dut]

TASK [Figure out whether to deploy the module vlan on current device] **********
ok: [dut]

TASK [Find configuration template for vlan] ************************************
ok: [dut]

TASK [fail] ********************************************************************
skipping: [dut]

TASK [Find configuration deployment deploy_script for vlan] ********************
ok: [dut]

TASK [Print deployed configuration when running in verbose mode] ***************
ok: [dut] => {
    "msg": "vlan configuration for dut\n=========================================\n\nvlans {\n}\n\ninterfaces {\n\n}\n"
}

TASK [Deploy vlan configuration] ***********************************************
included: /home/pipi/netlab_gh/netsim/ansible/tasks/deploy-config/junos.yml for dut

TASK [junos_config: deploying vlan from /work/netlab_cicd/junos_c/node_files/dut/vlan] ***
[WARNING]: mgd: statement has no contents; ignored
ok: [dut]

TASK [Figure out whether to deploy the module routing on current device] *******
ok: [dut]

TASK [Find configuration template for routing] *********************************
skipping: [dut]

TASK [fail] ********************************************************************
skipping: [dut]

TASK [Find configuration deployment deploy_script for routing] *****************
skipping: [dut]

TASK [Print deployed configuration when running in verbose mode] ***************
skipping: [dut]

TASK [Deploy routing configuration] ********************************************
skipping: [dut]

TASK [Figure out whether to deploy the module ospf on current device] **********
ok: [dut]

TASK [Find configuration template for ospf] ************************************
ok: [dut]

TASK [fail] ********************************************************************
skipping: [dut]

TASK [Find configuration deployment deploy_script for ospf] ********************
ok: [dut]

TASK [Print deployed configuration when running in verbose mode] ***************
ok: [dut] => {
    "msg": "ospf configuration for dut\n=========================================\nrouting-options {\n  router-id 10.0.0.3\n}\nprotocols {\n  delete: ospf;\n}\n\nprotocols {\n  ospf {\n    area 0.0.0.0 {\n      interface lo0.0 {\n      }\n    }\n    area 0.0.0.0 {\n      interface ge-0/0/2.0 {\n        interface-type p2p;\n        passive;\n      }\n    }\n    area 0.0.0.0 {\n      interface ae1.1000 {\n        interface-type p2p;\n      }\n    }\n  }\n}\n\n"
}

TASK [Deploy ospf configuration] ***********************************************
included: /home/pipi/netlab_gh/netsim/ansible/tasks/deploy-config/junos.yml for dut

TASK [junos_config: deploying ospf from /work/netlab_cicd/junos_c/node_files/dut/ospf] ***
[WARNING]:  statement not found
changed: [dut]

PLAY [Deploy custom deployment templates] **************************************
skipping: no hosts matched

PLAY RECAP *********************************************************************
dut                        : ok=36   changed=3    unreachable=0    failed=0    skipped=12   rescued=0    ignored=0   

Results of configuration script deployments
================================================================================
h1               Script:  initial,routing
h2               Script:  initial,routing
xr               Script:  initial,lag,vlan,ospf


The device under test is a router connected with a routed VLAN trunk on a LAG to
another router. Hosts should be able to ping each other.

On routers, this case tests routed subinterfaces on a port-channel interface

