Checking virtualization provider installation
OK: clab installed and working correctly
Stopping clab nodes
15:41:30 INFO Parsing & checking topology file=clab.yml
15:41:30 INFO Parsing & checking topology file=clab.yml
15:41:30 INFO Destroying lab name=ml-17
15:41:32 INFO Removed container name=clab-ml-17-h2
15:41:32 INFO Removed container name=clab-ml-17-h1
15:41:32 INFO Removed container name=clab-ml-17-h4
15:41:33 INFO Removed container name=clab-ml-17-h3
15:41:33 INFO Removed container name=clab-ml-17-xs
15:41:34 INFO Removed container name=clab-ml-17-dut
15:41:34 INFO Removing host entries path=/etc/hosts
15:41:34 INFO Removing SSH config path=/etc/ssh/ssh_config.d/clab-ml-17.conf
Cleanup configuration files
... removing clab.yml
... removing ansible.cfg
... removing hosts.yml
... removing directory tree group_vars
... removing directory tree host_vars
... removing directory tree node_files
... removing netlab.snapshot.pickle
