Using transformed lab topology from snapshot file netlab.snapshot.pickle
Checking virtualization provider installation
OK: clab installed and working correctly
Starting clab nodes
provider clab: executing sudo -E containerlab deploy --reconfigure -t clab.yml
15:41:00 INFO Containerlab started version=0.74.2
15:41:00 INFO Parsing & checking topology file=clab.yml
15:41:00 INFO Removing directory path=/work/netlab_cicd/bgp/clab-ml-32
15:41:00 INFO Creating docker network name=nl_mgmt_32 IPv4 subnet=192.168.32.0/24 IPv6 subnet="" MTU=0
15:41:00 INFO Creating lab directory path=/work/netlab_cicd/bgp/clab-ml-32
15:41:00 INFO Creating container name=x2
15:41:00 INFO Creating container name=r1
15:41:00 INFO Creating container name=dut2
15:41:00 INFO Creating container name=dut
15:41:00 INFO Creating container name=x1
15:41:00 INFO Running postdeploy actions kind=srl node=dut2
15:41:01 INFO Created link: dut:e1-2 ▪┄┄▪ x1:eth1
15:41:01 INFO Created link: dut:e1-3 ▪┄┄▪ x2:eth1
15:41:01 INFO Created link: dut:e1-4 ▪┄┄▪ dut2:e1-1
15:41:01 INFO Created link: dut:e1-1 ▪┄┄▪ r1:eth1
15:41:01 INFO Running postdeploy actions kind=srl node=dut
15:41:13 INFO Executed command node=x1 command="sleep 1" stdout=""
15:41:13 INFO Executed command node=x2 command="sleep 1" stdout=""
15:41:13 INFO Executed command node=r1 command="sleep 1" stdout=""
15:41:13 INFO Adding host entries path=/etc/hosts
15:41:13 INFO Adding SSH config for nodes path=/etc/ssh/ssh_config.d/clab-ml-32.conf
15:41:13 INFO containerlab version
  🎉=
  │ A newer containerlab version (0.74.3) is available!
  │ Release notes: https://containerlab.dev/rn/0.74/#0743
  │ Run 'clab version upgrade' or see https://containerlab.dev/install/ for other installation options.
[1m╭[0m[1m─────────────────[0m[1m┬[0m[1m──────────────────────────────[0m[1m┬[0m[1m─────────[0m[1m┬[0m[1m────────────────[0m[1m╮[0m
[1m│[0m[1m       Name      [0m[1m│[0m[1m          Kind/Image          [0m[1m│[0m[1m  State  [0m[1m│[0m[1m IPv4/6 Address [0m[1m│[0m
[1m├[0m[1m─────────────────[0m[1m┼[0m[1m──────────────────────────────[0m[1m┼[0m[1m─────────[0m[1m┼[0m[1m────────────────[0m[1m┤[0m
│ clab-ml-32-dut  │ srl                          │ running │ 192.168.32.101 │
│                 │ ghcr.io/nokia/srlinux:26.3.1 │         │ N/A            │
├─────────────────┼──────────────────────────────┼─────────┼────────────────┤
│ clab-ml-32-dut2 │ srl                          │ running │ 192.168.32.102 │
│                 │ ghcr.io/nokia/srlinux:26.3.1 │         │ N/A            │
├─────────────────┼──────────────────────────────┼─────────┼────────────────┤
│ clab-ml-32-r1   │ linux                        │ running │ 192.168.32.105 │
│                 │ quay.io/frrouting/frr:10.6.0 │         │ N/A            │
├─────────────────┼──────────────────────────────┼─────────┼────────────────┤
│ clab-ml-32-x1   │ linux                        │ running │ 192.168.32.103 │
│                 │ quay.io/frrouting/frr:10.6.0 │         │ N/A            │
├─────────────────┼──────────────────────────────┼─────────┼────────────────┤
│ clab-ml-32-x2   │ linux                        │ running │ 192.168.32.104 │
│                 │ quay.io/frrouting/frr:10.6.0 │         │ N/A            │
╰─────────────────┴──────────────────────────────┴─────────┴────────────────╯

Initial configuration skipped, run 'netlab initial' to configure the devices
