Checking virtualization provider installation
OK: libvirt installed and working correctly
OK: clab installed and working correctly
Stopping clab nodes
01:03:08 INFO Parsing & checking topology file=clab-augment.yml
01:03:08 INFO Parsing & checking topology file=clab-augment.yml
01:03:08 INFO Destroying lab name=ml-85
01:03:09 INFO Removed container name=clab-ml-85-x1
01:03:09 INFO Removed container name=clab-ml-85-x2
01:03:09 INFO Removed container name=clab-ml-85-r1
01:03:09 INFO Removing host entries path=/etc/hosts
01:03:09 INFO Removing SSH config path=/etc/ssh/ssh_config.d/clab-ml-85.conf

Stopping libvirt nodes
[fog][WARNING] Unrecognized arguments: libvirt_ip_command
[fog][WARNING] Unrecognized arguments: libvirt_ip_command
==> dut2: Removing domain...
==> dut2: Deleting the machine folder
==> dut: Removing domain...
==> dut: Deleting the machine folder
Cleanup configuration files
... removing Vagrantfile
... removing clab-augment.yml
... removing ansible.cfg
... removing hosts.yml
... removing directory tree group_vars
... removing directory tree host_vars
... removing directory tree node_files
... removing netlab.snapshot.pickle
