Using transformed lab topology from snapshot file netlab.snapshot.pickle
Checking virtualization provider installation
OK: libvirt installed and working correctly
OK: clab installed and working correctly
Starting libvirt nodes
creating libvirt management network nl_mgmt_85
provider libvirt: executing vagrant up --provider libvirt
Bringing machine 'dut' up with 'libvirt' provider...
Bringing machine 'dut2' up with 'libvirt' provider...
==> dut2: Checking if box 'aruba/cx' version '10.15' is up to date...
==> dut: Checking if box 'aruba/cx' version '10.15' is up to date...
[fog][WARNING] Unrecognized arguments: libvirt_ip_command
[fog][WARNING] Unrecognized arguments: libvirt_ip_command
==> dut2: Creating image (snapshot of base box volume).
==> dut: Creating image (snapshot of base box volume).
==> dut2: Creating domain with the following settings...
==> dut: Creating domain with the following settings...
==> dut:  -- Name:              ml-85_dut
==> dut2:  -- Name:              ml-85_dut2
==> dut2:  -- Description:       Source: /work/netlab_cicd/other_vm/Vagrantfile
==> dut:  -- Description:       Source: /work/netlab_cicd/other_vm/Vagrantfile
==> dut2:  -- Domain type:       kvm
==> dut:  -- Domain type:       kvm
==> dut2:  -- Cpus:              2
==> dut2:  -- Feature:           acpi
==> dut:  -- Cpus:              2
==> dut2:  -- Feature:           apic
==> dut2:  -- Feature:           pae
==> dut2:  -- Clock offset:      utc
==> dut:  -- Feature:           acpi
==> dut2:  -- Memory:            4096M
==> dut:  -- Feature:           apic
==> dut2:  -- Management MAC:    ca:fe:00:02:00:00
==> dut:  -- Feature:           pae
==> dut2:  -- Base box:          aruba/cx
==> dut:  -- Clock offset:      utc
==> dut2:  -- Storage pool:      default
==> dut:  -- Memory:            4096M
==> dut2:  -- Image(vda):        /var/lib/libvirt/images/ml-85_dut2.img, virtio, 11G
==> dut:  -- Management MAC:    ca:fe:00:01:00:00
==> dut2:  -- Disk driver opts:  cache='default'
==> dut:  -- Base box:          aruba/cx
==> dut2:  -- Graphics Type:     vnc
==> dut:  -- Storage pool:      default
==> dut2:  -- Video Type:        cirrus
==> dut:  -- Image(vda):        /var/lib/libvirt/images/ml-85_dut.img, virtio, 11G
==> dut2:  -- Video VRAM:        16384
==> dut:  -- Disk driver opts:  cache='default'
==> dut2:  -- Video 3D accel:    false
==> dut:  -- Graphics Type:     vnc
==> dut2:  -- Keymap:            en-us
==> dut:  -- Video Type:        cirrus
==> dut2:  -- TPM Backend:       passthrough
==> dut:  -- Video VRAM:        16384
==> dut2:  -- INPUT:             type=mouse, bus=ps2
==> dut:  -- Video 3D accel:    false
==> dut:  -- Keymap:            en-us
==> dut:  -- TPM Backend:       passthrough
==> dut:  -- INPUT:             type=mouse, bus=ps2
==> dut: Creating shared folders metadata...
==> dut2: Creating shared folders metadata...
==> dut: Starting domain.
==> dut: Domain launching with graphics connection settings...
==> dut2: Starting domain.
==> dut:  -- Graphics Port:      5901
==> dut2: Domain launching with graphics connection settings...
==> dut:  -- Graphics IP:        127.0.0.1
==> dut2:  -- Graphics Port:      5903
==> dut2:  -- Graphics IP:        127.0.0.1
==> dut:  -- Graphics Password:  Not defined
==> dut2:  -- Graphics Password:  Not defined
==> dut2:  -- Graphics Websocket: 5703
==> dut:  -- Graphics Websocket: 5701
==> dut2: Waiting for domain to get an IP address...
==> dut: Waiting for domain to get an IP address...
==> dut2: Waiting for machine to boot. This may take a few minutes...
==> dut: Waiting for machine to boot. This may take a few minutes...
    dut2: SSH address: 192.168.85.102:22
    dut: SSH address: 192.168.85.101:22
    dut2: SSH username: netlab
    dut: SSH username: netlab
    dut2: SSH auth method: private key
    dut: SSH auth method: private key
==> dut: Machine booted and ready!
==> dut2: Machine booted and ready!
Starting clab nodes
Recreating clab-augment.yml configuration file for clab provider
Created provider configuration file: clab-augment.yml
provider clab: executing sudo -E containerlab deploy --reconfigure -t clab-augment.yml
17:15:38 INFO Containerlab started version=0.74.2
17:15:38 INFO Parsing & checking topology file=clab-augment.yml
17:15:38 INFO Removing directory path=/work/netlab_cicd/other_vm/clab-ml-85
17:15:38 INFO Creating docker network name=nl_mgmt_85 IPv4 subnet=192.168.85.0/24 IPv6 subnet="" MTU=0
17:15:39 INFO Creating lab directory path=/work/netlab_cicd/other_vm/clab-ml-85
17:15:39 INFO Creating container name=r1
17:15:39 INFO Creating container name=x2
17:15:39 INFO Creating container name=x1
17:15:39 INFO Created link: x1:eth1 ▪┄┄▪ virbr4:bni85n3i1
17:15:39 INFO Created link: x2:eth1 ▪┄┄▪ virbr5:bni85n4i1
17:15:40 INFO Created link: r1:eth1 ▪┄┄▪ virbr6:bni85n5i1
17:15:41 INFO Executed command node=x1 command="sleep 1" stdout=""
17:15:41 INFO Executed command node=x2 command="sleep 1" stdout=""
17:15:41 INFO Executed command node=r1 command="sleep 1" stdout=""
17:15:41 INFO Adding host entries path=/etc/hosts
17:15:41 INFO Adding SSH config for nodes path=/etc/ssh/ssh_config.d/clab-ml-85.conf
17:15:41 INFO containerlab version
  🎉=
  │ A newer containerlab version (0.74.3) is available!
  │ Release notes: https://containerlab.dev/rn/0.74/#0743
  │ Run 'clab version upgrade' or see https://containerlab.dev/install/ for other installation options.
[1m╭[0m[1m───────────────[0m[1m┬[0m[1m──────────────────────────────[0m[1m┬[0m[1m─────────[0m[1m┬[0m[1m────────────────[0m[1m╮[0m
[1m│[0m[1m      Name     [0m[1m│[0m[1m          Kind/Image          [0m[1m│[0m[1m  State  [0m[1m│[0m[1m IPv4/6 Address [0m[1m│[0m
[1m├[0m[1m───────────────[0m[1m┼[0m[1m──────────────────────────────[0m[1m┼[0m[1m─────────[0m[1m┼[0m[1m────────────────[0m[1m┤[0m
│ clab-ml-85-r1 │ linux                        │ running │ 192.168.85.105 │
│               │ quay.io/frrouting/frr:10.6.0 │         │ N/A            │
├───────────────┼──────────────────────────────┼─────────┼────────────────┤
│ clab-ml-85-x1 │ linux                        │ running │ 192.168.85.103 │
│               │ quay.io/frrouting/frr:10.6.0 │         │ N/A            │
├───────────────┼──────────────────────────────┼─────────┼────────────────┤
│ clab-ml-85-x2 │ linux                        │ running │ 192.168.85.104 │
│               │ quay.io/frrouting/frr:10.6.0 │         │ N/A            │
╰───────────────┴──────────────────────────────┴─────────┴────────────────╯

Initial configuration skipped, run 'netlab initial' to configure the devices
