Creating Device configuration snippets
[CREATED] dut: initial,routing,ospf,bgp
[CREATED] dut2: initial,bgp
[CREATED] x1: initial,bgp
[CREATED] x2: initial,bgp
[CREATED] r1: initial,ospf
Config Deploying device configurations
 [INFO] Executing initial configuration for node x1
 [INFO] Executing initial configuration for node x2
 [INFO] Executing initial configuration for node r1
 [INFO] Executing bgp configuration for node x1
 [INFO] Executing bgp configuration for node x2
 [INFO] Executing ospf configuration for node r1
 [INFO] Starting Ansible playbook to deploy the rest of the
          configurations
[WARNING]: Found variable using reserved name: hosts

PLAY [Deploy initial device configuration] *************************************

TASK [Set variables that cannot be set with VARS] ******************************
ok: [dut]
ok: [dut2]

TASK [Normalize config on bridge-like devices] *********************************
included: /home/pipi/netlab_gh/netsim/ansible/tasks/deploy-module.yml for dut, dut2

TASK [Figure out whether to deploy the module normalize on current device] *****
ok: [dut]
ok: [dut2]

TASK [Find configuration template for normalize] *******************************
ok: [dut]
ok: [dut2]

TASK [fail] ********************************************************************
skipping: [dut]
skipping: [dut2]

TASK [Find configuration deployment deploy_script for normalize] ***************
ok: [dut]
ok: [dut2]

TASK [Print deployed configuration when running in verbose mode] ***************
skipping: [dut]
skipping: [dut2]

TASK [Deploy normalize configuration] ******************************************
skipping: [dut]
skipping: [dut2]

TASK [Deploy initial configuration] ********************************************
included: /home/pipi/netlab_gh/netsim/ansible/tasks/deploy-module.yml for dut, dut2

TASK [Figure out whether to deploy the module initial on current device] *******
ok: [dut]
ok: [dut2]

TASK [Find configuration template for initial] *********************************
ok: [dut]
ok: [dut2]

TASK [fail] ********************************************************************
skipping: [dut]
skipping: [dut2]

TASK [Find configuration deployment deploy_script for initial] *****************
ok: [dut]
ok: [dut2]

TASK [Print deployed configuration when running in verbose mode] ***************
ok: [dut] => {
    "msg": "initial configuration for dut\n=========================================\nhostname dut\n!\nlldp\n!\n\n\n\ninterface mgmt\n    no lldp transmit\n    no lldp receive\n!\n\n\ninterface loopback 0\n    ipv6 address 2001:db8:1::1/128\n    no ipv6 nd suppress-ra\n    ipv6 nd ra min-interval 3\n    ipv6 nd ra max-interval 4\n    no shutdown\n!\n\ninterface 1/1/1\n    shutdown\n    mtu 9198\n    ip mtu 1500\n    description dut -> x1 [external]\n    ipv6 address 2001:db8:3::1/64\n    no ipv6 nd suppress-ra\n    ipv6 nd ra min-interval 3\n    ipv6 nd ra max-interval 4\n    no shutdown\n!\n\ninterface 1/1/2\n    shutdown\n    mtu 9198\n    ip mtu 1500\n    description dut -> x2 [external]\n    ipv6 address 2001:db8:3:1::1/64\n    no ipv6 nd suppress-ra\n    ipv6 nd ra min-interval 3\n    ipv6 nd ra max-interval 4\n    no shutdown\n!\n\ninterface 1/1/3\n    shutdown\n    mtu 9198\n    ip mtu 1500\n    description dut -> r1\n    ipv6 address 2001:db8:3:2::1/64\n    no ipv6 nd suppress-ra\n    ipv6 nd ra min-interval 3\n    ipv6 nd ra max-interval 4\n    no shutdown\n!\n\ninterface 1/1/4\n    shutdown\n    mtu 9198\n    ip mtu 1500\n    description dut -> dut2 [external]\n    ipv6 address 2001:db8:cafe:e01::1/64\n    no ipv6 nd suppress-ra\n    ipv6 nd ra min-interval 3\n    ipv6 nd ra max-interval 4\n    no shutdown\n!\n\ninterface 1/1/5\n    shutdown\n    mtu 9198\n    ip mtu 1500\n    description dut -> stub [stub]\n    ipv6 address 2001:db8:cafe:e42::1/64\n    no ipv6 nd suppress-ra\n    ipv6 nd ra min-interval 3\n    ipv6 nd ra max-interval 4\n    no shutdown\n!\n!\n"
}
ok: [dut2] => {
    "msg": "initial configuration for dut2\n=========================================\nhostname dut2\n!\nlldp\n!\n\n\n\ninterface mgmt\n    no lldp transmit\n    no lldp receive\n!\n\n\ninterface loopback 0\n    ipv6 address 2001:db8:1::2/128\n    no ipv6 nd suppress-ra\n    ipv6 nd ra min-interval 3\n    ipv6 nd ra max-interval 4\n    no shutdown\n!\n\ninterface 1/1/1\n    shutdown\n    mtu 9198\n    ip mtu 1500\n    description dut2 -> dut [external]\n    ipv6 address 2001:db8:cafe:e01::2/64\n    no ipv6 nd suppress-ra\n    ipv6 nd ra min-interval 3\n    ipv6 nd ra max-interval 4\n    no shutdown\n!\n!\n"
}

TASK [Deploy initial configuration] ********************************************
included: /home/pipi/netlab_gh/netsim/ansible/tasks/deploy-config/arubacx.yml for dut, dut2

TASK [tempfile] ****************************************************************
changed: [dut -> localhost]
changed: [dut2 -> localhost]

TASK [template] ****************************************************************
changed: [dut -> localhost]
changed: [dut2 -> localhost]

TASK [aoscx_config: deploying initial from /work/netlab_cicd/bgp/node_files/dut/initial] ***
changed: [dut2]
changed: [dut]

TASK [file] ********************************************************************
changed: [dut -> localhost]
changed: [dut2 -> localhost]

PLAY [Deploy module-specific configurations] ***********************************

TASK [Set variables that cannot be set with VARS] ******************************
ok: [dut]
ok: [dut2]

TASK [Deploy individual configuration modules] *********************************
included: /home/pipi/netlab_gh/netsim/ansible/tasks/deploy-module.yml for dut, dut2 => (item=routing)
included: /home/pipi/netlab_gh/netsim/ansible/tasks/deploy-module.yml for dut, dut2 => (item=ospf)
included: /home/pipi/netlab_gh/netsim/ansible/tasks/deploy-module.yml for dut, dut2 => (item=bgp)

TASK [Figure out whether to deploy the module routing on current device] *******
ok: [dut]
ok: [dut2]

TASK [Find configuration template for routing] *********************************
skipping: [dut2]
ok: [dut]

TASK [fail] ********************************************************************
skipping: [dut]
skipping: [dut2]

TASK [Find configuration deployment deploy_script for routing] *****************
skipping: [dut2]
ok: [dut]

TASK [Print deployed configuration when running in verbose mode] ***************
skipping: [dut2]
ok: [dut] => {
    "msg": "routing configuration for dut\n=========================================\n!\n!\n!\n!\n!\n! Static routes\n!\nipv6 route 2001:db8:bad:2::/64 nullroute \n"
}

TASK [Deploy routing configuration] ********************************************
skipping: [dut2]
included: /home/pipi/netlab_gh/netsim/ansible/tasks/deploy-config/arubacx.yml for dut

TASK [tempfile] ****************************************************************
changed: [dut -> localhost]

TASK [template] ****************************************************************
changed: [dut -> localhost]

TASK [aoscx_config: deploying routing from /work/netlab_cicd/bgp/node_files/dut/routing] ***
changed: [dut]

TASK [file] ********************************************************************
changed: [dut -> localhost]

TASK [Figure out whether to deploy the module ospf on current device] **********
ok: [dut]
ok: [dut2]

TASK [Find configuration template for ospf] ************************************
skipping: [dut2]
ok: [dut]

TASK [fail] ********************************************************************
skipping: [dut]
skipping: [dut2]

TASK [Find configuration deployment deploy_script for ospf] ********************
skipping: [dut2]
ok: [dut]

TASK [Print deployed configuration when running in verbose mode] ***************
skipping: [dut2]
ok: [dut] => {
    "msg": "ospf configuration for dut\n=========================================\n!\nrouter ospfv3 1\n    router-id 10.0.0.1\n\n\n\n\n    area 0.0.0.0\n    area 0.0.0.0\n    area 0.0.0.0\n\n!\ninterface loopback 0\n ipv6 ospfv3 1 area 0.0.0.0\n!\ninterface 1/1/3\n! dut -> r1\n    ipv6 ospfv3 1 area 0.0.0.0\n    ipv6 ospfv3 network point-to-point\n!\ninterface 1/1/5\n! dut -> stub\n    ipv6 ospfv3 1 area 0.0.0.0\n    ipv6 ospfv3 passive\n!\n"
}

TASK [Deploy ospf configuration] ***********************************************
skipping: [dut2]
included: /home/pipi/netlab_gh/netsim/ansible/tasks/deploy-config/arubacx.yml for dut

TASK [tempfile] ****************************************************************
changed: [dut -> localhost]

TASK [template] ****************************************************************
changed: [dut -> localhost]

TASK [aoscx_config: deploying ospf from /work/netlab_cicd/bgp/node_files/dut/ospf] ***
changed: [dut]

TASK [file] ********************************************************************
changed: [dut -> localhost]

TASK [Figure out whether to deploy the module bgp on current device] ***********
ok: [dut]
ok: [dut2]

TASK [Find configuration template for bgp] *************************************
ok: [dut]
ok: [dut2]

TASK [fail] ********************************************************************
skipping: [dut]
skipping: [dut2]

TASK [Find configuration deployment deploy_script for bgp] *********************
ok: [dut]
ok: [dut2]

TASK [Print deployed configuration when running in verbose mode] ***************
ok: [dut] => {
    "msg": "bgp configuration for dut\n=========================================\n!\n!\nrouter bgp 65000\n  bgp log-neighbor-changes\n  timers bgp connect-retry 10\n  bgp router-id 10.0.0.1\n  neighbor 2001:db8:3::3 remote-as 65100\n  neighbor 2001:db8:3::3 description x1\n\n  neighbor 2001:db8:3:1::4 remote-as 65101\n  neighbor 2001:db8:3:1::4 description x2\n\n  neighbor 2001:db8:cafe:e01::2 remote-as 65001\n  neighbor 2001:db8:cafe:e01::2 description dut2\n\n!\n  address-family ipv6 unicast\n!\n  network 2001:db8:bad:1::/64\n  network 2001:db8:bad:2::/64\n  network 2001:db8:cafe:e42::/64\n!\n    neighbor 2001:db8:3::3 activate\n    neighbor 2001:db8:3::3 advertisement-interval 1\n    neighbor 2001:db8:3::3 send-community standard\n\n    neighbor 2001:db8:3:1::4 activate\n    neighbor 2001:db8:3:1::4 advertisement-interval 1\n    neighbor 2001:db8:3:1::4 send-community standard\n\n    neighbor 2001:db8:cafe:e01::2 activate\n    neighbor 2001:db8:cafe:e01::2 advertisement-interval 1\n    neighbor 2001:db8:cafe:e01::2 send-community standard\n\n!\n"
}
ok: [dut2] => {
    "msg": "bgp configuration for dut2\n=========================================\n!\n!\nrouter bgp 65001\n  bgp log-neighbor-changes\n  timers bgp connect-retry 10\n  bgp router-id 10.0.0.2\n  neighbor 2001:db8:cafe:e01::1 remote-as 65000\n  neighbor 2001:db8:cafe:e01::1 description dut\n\n!\n  address-family ipv6 unicast\n!\n  network 2001:db8:1::2/128\n!\n    neighbor 2001:db8:cafe:e01::1 activate\n    neighbor 2001:db8:cafe:e01::1 advertisement-interval 1\n    neighbor 2001:db8:cafe:e01::1 send-community standard\n\n!\n"
}

TASK [Deploy bgp configuration] ************************************************
included: /home/pipi/netlab_gh/netsim/ansible/tasks/deploy-config/arubacx.yml for dut, dut2

TASK [tempfile] ****************************************************************
changed: [dut -> localhost]
changed: [dut2 -> localhost]

TASK [template] ****************************************************************
changed: [dut2 -> localhost]
changed: [dut -> localhost]

TASK [aoscx_config: deploying bgp from /work/netlab_cicd/bgp/node_files/dut/bgp] ***
changed: [dut]
changed: [dut2]

TASK [file] ********************************************************************
changed: [dut2 -> localhost]
changed: [dut -> localhost]

PLAY [Deploy custom deployment templates] **************************************
skipping: no hosts matched

PLAY RECAP *********************************************************************
dut                        : ok=46   changed=16   unreachable=0    failed=0    skipped=7    rescued=0    ignored=0   
dut2                       : ok=30   changed=8    unreachable=0    failed=0    skipped=15   rescued=0    ignored=0   

Results of configuration script deployments
================================================================================
x1               Script:  initial,bgp
x2               Script:  initial,bgp
r1               Script:  initial,ospf


Use this topology to test the origination and propagation
of IPv6 prefixes.

