Creating Device configuration snippets
[CREATED] dut: initial,routing,ospf,bgp
[CREATED] r2: initial,ospf
[CREATED] x1: initial,bgp
Checking Are lab devices ready to be configured?
 [INFO] Checking SSH server(s) on dut
[SSH]     SSH server on node dut (device iosxr) is ready after 29.1 seconds
Config Deploying device configurations
 [INFO] Executing initial configuration for node r2
 [INFO] Executing initial configuration for node x1
 [INFO] Executing ospf configuration for node r2
 [INFO] Executing bgp configuration for node x1
netmiko:  [INFO] Sent initial configuration to dut
netmiko:  [INFO] Sent routing configuration to dut
netmiko:  [INFO] Sent ospf configuration to dut
netmiko:  [INFO] Sent bgp configuration to dut

Results of non-Ansible configuration deployments
================================================================================
dut              Netmiko:  initial,routing,ospf,bgp
r2               Script:   initial,ospf
x1               Script:   initial,bgp


This lab tests the simple import of BGP and (optionally) static routes into
OSPF.

