Using transformed lab topology from snapshot file netlab.snapshot.pickle
Checking virtualization provider installation
OK: clab installed and working correctly
Starting clab nodes
provider clab: executing sudo -E containerlab deploy --reconfigure -t clab.yml
16:44:40 INFO Containerlab started version=0.74.2
16:44:40 INFO Parsing & checking topology file=clab.yml
16:44:40 INFO Removing directory path=/work/netlab_cicd/xr/clab-ml-82
16:44:40 WARN Node name will not resolve via DNS name=clab-ml-82-dut_a reason="name contains invalid characters such as '.' and/or '_'"
16:44:40 WARN Node name will not resolve via DNS name=clab-ml-82-dut_c reason="name contains invalid characters such as '.' and/or '_'"
16:44:40 INFO Creating lab directory path=/work/netlab_cicd/xr/clab-ml-82
16:44:40 INFO Creating container name=xf
16:44:40 INFO Creating container name=dut_c
16:44:40 INFO Creating container name=probe
16:44:40 INFO Creating container name=dut_a
16:44:40 INFO Created link: dut_a:Gi0-0-0-0 ▪┄┄▪ probe:eth1
16:44:40 INFO Running postdeploy actions for Cisco XRd 'dut_a' node
16:44:41 INFO Created link: dut_c:Gi0-0-0-0 ▪┄┄▪ probe:eth2
16:44:41 INFO Created link: dut_c:Gi0-0-0-1 ▪┄┄▪ xf:eth1
16:44:41 INFO Running postdeploy actions for Cisco XRd 'dut_c' node
16:44:41 INFO Executed command node=xf command="sleep 1" stdout=""
16:44:41 INFO Executed command node=probe command="sleep 1" stdout=""
16:44:41 INFO Adding host entries path=/etc/hosts
16:44:42 INFO Adding SSH config for nodes path=/etc/ssh/ssh_config.d/clab-ml-82.conf
16:44:42 INFO containerlab version
  🎉=
  │ A newer containerlab version (0.74.3) is available!
  │ Release notes: https://containerlab.dev/rn/0.74/#0743
  │ Run 'clab version upgrade' or see https://containerlab.dev/install/ for other installation options.
[1m╭[0m[1m──────────────────[0m[1m┬[0m[1m─────────────────────────────────[0m[1m┬[0m[1m─────────[0m[1m┬[0m[1m────────────────[0m[1m╮[0m
[1m│[0m[1m       Name       [0m[1m│[0m[1m            Kind/Image           [0m[1m│[0m[1m  State  [0m[1m│[0m[1m IPv4/6 Address [0m[1m│[0m
[1m├[0m[1m──────────────────[0m[1m┼[0m[1m─────────────────────────────────[0m[1m┼[0m[1m─────────[0m[1m┼[0m[1m────────────────[0m[1m┤[0m
│ clab-ml-82-dut_a │ cisco_xrd                       │ running │ 192.168.82.101 │
│                  │ ios-xr/xrd-control-plane:25.2.1 │         │ N/A            │
├──────────────────┼─────────────────────────────────┼─────────┼────────────────┤
│ clab-ml-82-dut_c │ cisco_xrd                       │ running │ 192.168.82.102 │
│                  │ ios-xr/xrd-control-plane:25.2.1 │         │ N/A            │
├──────────────────┼─────────────────────────────────┼─────────┼────────────────┤
│ clab-ml-82-probe │ linux                           │ running │ 192.168.82.103 │
│                  │ quay.io/frrouting/frr:10.6.0    │         │ N/A            │
├──────────────────┼─────────────────────────────────┼─────────┼────────────────┤
│ clab-ml-82-xf    │ linux                           │ running │ 192.168.82.104 │
│                  │ quay.io/frrouting/frr:10.6.0    │         │ N/A            │
╰──────────────────┴─────────────────────────────────┴─────────┴────────────────╯

Initial configuration skipped, run 'netlab initial' to configure the devices
