Creating Device configuration snippets
[CREATED] dut: initial,ospf,vrf
[CREATED] x1: initial,ospf
[CREATED] x2: initial,ospf
Checking Are lab devices ready to be configured?
 [INFO] Checking SSH server(s) on dut
[SSH]     SSH server on node dut (device iosxr) is ready after 32.0 seconds
Config Deploying device configurations
 [INFO] Executing initial configuration for node x1
 [INFO] Executing initial configuration for node x2
 [INFO] Executing ospf configuration for node x1
 [INFO] Executing ospf configuration for node x2
netmiko:  [INFO] Sent initial configuration to dut
netmiko:  [INFO] Sent ospf configuration to dut
netmiko:  [INFO] Sent vrf configuration to dut

Results of non-Ansible configuration deployments
================================================================================
dut              Netmiko:  initial,ospf,vrf
x1               Script:   initial,ospf
x2               Script:   initial,ospf


This lab tests the OSPF interface timers. The device under test must establish
an OSPF adjacency with the probe having custom OSPF hello/dead timers.

The test assumes the device under test supports OSPFv2 in VRFs.

