Checking virtualization provider installation
OK: clab installed and working correctly
Stopping clab nodes
 [INFO] Setting containerlab runtime to docker
provider clab: executing flock -E 42 /tmp/netlab.lock containerlab destroy --cleanup -t clab.yml
05:53:30 INFO Parsing & checking topology file=clab.yml
05:53:30 INFO Parsing & checking topology file=clab.yml
05:53:30 INFO Destroying lab name=ml-17
05:53:31 INFO Removed container name=clab-ml-17-h3
05:53:31 INFO Removed container name=clab-ml-17-h1
05:53:31 INFO Removed container name=clab-ml-17-h2
05:53:32 INFO Removed container name=clab-ml-17-dut_s1
05:53:32 INFO Removed container name=clab-ml-17-dut_s2
05:53:32 INFO Removed container name=clab-ml-17-x1
05:53:32 INFO Removing host entries path=/etc/hosts
05:53:32 INFO Removing SSH config path=/etc/ssh/ssh_config.d/clab-ml-17.conf
Cleanup configuration files
... removing clab.yml
... removing ansible.cfg
... removing hosts.yml
... removing directory tree group_vars
... removing directory tree host_vars
... removing directory tree node_files
... removing netlab.snapshot.pickle
