Creating Device configuration snippets
[CREATED] h1: initial,routing
[CREATED] h2: initial,routing
[CREATED] h3: initial,routing
[CREATED] h4: initial,routing
[CREATED] h5: initial,routing
[CREATED] h6: initial,routing
[CREATED] dut_s1: initial,vlan
[CREATED] s2: normalize,initial,vlan
Checking Are lab devices ready to be configured?
 [INFO] Checking SSH server(s) on s2
Config Normalizing device configurations
netmiko:  [INFO] Sent normalize configuration to s2
Config Deploying device configurations
 [INFO] Executing initial configuration for node h1 (namespace clab-
          ml-17-h1)
 [INFO] Executing initial configuration for node h2 (namespace clab-
          ml-17-h2)
 [INFO] Executing initial configuration for node h3 (namespace clab-
          ml-17-h3)
 [INFO] Executing initial configuration for node h4 (namespace clab-
          ml-17-h4)
 [INFO] Executing initial configuration for node h5 (namespace clab-
          ml-17-h5)
 [INFO] Executing initial configuration for node h6 (namespace clab-
          ml-17-h6)
 [INFO] Executing routing configuration for node h4 (namespace clab-
          ml-17-h4)
 [INFO] Executing routing configuration for node h2 (namespace clab-
          ml-17-h2)
 [INFO] Executing routing configuration for node h1 (namespace clab-
          ml-17-h1)
 [INFO] Executing routing configuration for node h5 (namespace clab-
          ml-17-h5)
 [INFO] Executing routing configuration for node h3 (namespace clab-
          ml-17-h3)
 [INFO] Executing routing configuration for node h6 (namespace clab-
          ml-17-h6)
netmiko:  [INFO] Sent initial configuration to s2
netmiko:  [INFO] Sent vlan configuration to s2
 [INFO] Starting Ansible playbook to deploy the rest of the
          configurations
[WARNING]: Found variable using reserved name: hosts

PLAY [Deploy initial device configuration] *************************************

TASK [Set variables that cannot be set with VARS] ******************************
ok: [dut_s1]

TASK [Deploy initial configuration] ********************************************
included: /home/pipi/net101/tools/netsim/ansible/tasks/deploy-module.yml for dut_s1

TASK [Figure out whether to deploy the module initial on current device] *******
ok: [dut_s1]

TASK [Find configuration template for initial] *********************************
ok: [dut_s1]

TASK [fail] ********************************************************************
skipping: [dut_s1]

TASK [Find configuration deployment deploy_script for initial] *****************
ok: [dut_s1]

TASK [Print deployed configuration when running in verbose mode] ***************
ok: [dut_s1] => {
    "msg": "initial configuration for dut_s1\n=========================================\n\nupdates:\n\n- path: /interface[name=system0]/subinterface[index=0]\n  value:\n   description: \"No description\"\n   admin-state: enable\n   ipv4:\n    admin-state: enable\n    address:\n    - ip-prefix: \"10.0.0.7/32\"\n\n\n\n- path: /network-instance[name=default]\n  value:\n    type: default\n    interface:\n    - name: system0.0\n\n\n\n\n- path: /system/dns-instance[name=default]\n  value:\n    network-instance: default\n    host-entry:\n    - name: \"h1\"\n      ipv4-address: ['172.31.1.1']\n    - name: \"h2\"\n      ipv4-address: ['172.31.1.2']\n    - name: \"h3\"\n      ipv4-address: ['172.31.1.3']\n    - name: \"h4\"\n      ipv4-address: ['172.31.1.4']\n    - name: \"h5\"\n      ipv4-address: ['172.31.1.5']\n    - name: \"h6\"\n      ipv4-address: ['172.31.1.6']\n    - name: \"s2\"\n      ipv4-address: ['10.0.0.8']\n"
}

TASK [Deploy initial configuration] ********************************************
included: /home/pipi/net101/tools/netsim/ansible/tasks/deploy-config/srlinux.yml for dut_s1

TASK [Generate JSON-RPC YAML configuration] ************************************
ok: [dut_s1]

TASK [Update SRL initial node configuration (template=/work/netlab_cicd/node_files/dut_s1/initial)] ***
changed: [dut_s1]

TASK [debug] *******************************************************************
skipping: [dut_s1]

PLAY [Deploy module-specific configurations] ***********************************

TASK [Set variables that cannot be set with VARS] ******************************
ok: [dut_s1]

TASK [Deploy individual configuration modules] *********************************
included: /home/pipi/net101/tools/netsim/ansible/tasks/deploy-module.yml for dut_s1 => (item=vlan)
included: /home/pipi/net101/tools/netsim/ansible/tasks/deploy-module.yml for dut_s1 => (item=routing)

TASK [Figure out whether to deploy the module vlan on current device] **********
ok: [dut_s1]

TASK [Find configuration template for vlan] ************************************
ok: [dut_s1]

TASK [fail] ********************************************************************
skipping: [dut_s1]

TASK [Find configuration deployment deploy_script for vlan] ********************
ok: [dut_s1]

TASK [Print deployed configuration when running in verbose mode] ***************
ok: [dut_s1] => {
    "msg": "vlan configuration for dut_s1\n=========================================\n\nupdates:\n- path: /interface[name=ethernet-1/2]\n  value:\n   subinterface:\n   - index: 700\n     type: bridged\n     description: \"[Access VLAN red] dut_s1 -> h1\"\n\n \n- path: /network-instance[name=vlan700]\n  value:\n   type: mac-vrf\n   description: \"[Access VLAN red] dut_s1 -> h1\"\n   interface:\n   - name: ethernet-1/2.700\n\n\n- path: /interface[name=ethernet-1/3]\n  value:\n   subinterface:\n   - index: 701\n     type: bridged\n     description: \"[Access VLAN blue] dut_s1 -> h3\"\n\n \n- path: /network-instance[name=vlan701]\n  value:\n   type: mac-vrf\n   description: \"[Access VLAN blue] dut_s1 -> h3\"\n   interface:\n   - name: ethernet-1/3.701\n\n\n- path: /interface[name=ethernet-1/4]\n  value:\n   subinterface:\n   - index: 1\n     type: bridged\n     description: \"[Access VLAN untagged] dut_s1 -> h5\"\n\n \n- path: /network-instance[name=vlan1]\n  value:\n   type: mac-vrf\n   description: \"[Access VLAN untagged] dut_s1 -> h5\"\n   interface:\n   - name: ethernet-1/4.1\n\n\n- path: /interface[name=ethernet-1/1]\n  value:\n   vlan-tagging: True\n   subinterface:\n   - index: 701\n     type: bridged\n     description: \"[SubIf VLAN blue] dut_s1 -> s2\"\n     vlan:\n      encap:\n       single-tagged:\n        vlan-id: \"701\"\n\n \n- path: /network-instance[name=vlan701]\n  value:\n   type: mac-vrf\n   description: \"[SubIf VLAN blue] dut_s1 -> s2\"\n   interface:\n   - name: ethernet-1/1.701\n\n\n- path: /interface[name=ethernet-1/1]\n  value:\n   vlan-tagging: True\n   subinterface:\n   - index: 700\n     type: bridged\n     description: \"[SubIf VLAN red] dut_s1 -> s2\"\n     vlan:\n      encap:\n       single-tagged:\n        vlan-id: \"700\"\n\n \n- path: /network-instance[name=vlan700]\n  value:\n   type: mac-vrf\n   description: \"[SubIf VLAN red] dut_s1 -> s2\"\n   interface:\n   - name: ethernet-1/1.700\n\n\n- path: /interface[name=irb0]\n  value:\n   subinterface:\n   - index: 700\n\n \n\n\n- path: /interface[name=irb0]\n  value:\n   subinterface:\n   - index: 701\n\n \n\n\n- path: /interface[name=irb0]\n  value:\n   subinterface:\n   - index: 1\n\n \n\n\n \n"
}

TASK [Deploy vlan configuration] ***********************************************
included: /home/pipi/net101/tools/netsim/ansible/tasks/deploy-config/srlinux.yml for dut_s1

TASK [Generate JSON-RPC YAML configuration] ************************************
ok: [dut_s1]

TASK [Update SRL vlan node configuration (template=/work/netlab_cicd/node_files/dut_s1/vlan)] ***
changed: [dut_s1]

TASK [debug] *******************************************************************
skipping: [dut_s1]

TASK [Figure out whether to deploy the module routing on current device] *******
ok: [dut_s1]

TASK [Find configuration template for routing] *********************************
skipping: [dut_s1]

TASK [fail] ********************************************************************
skipping: [dut_s1]

TASK [Find configuration deployment deploy_script for routing] *****************
skipping: [dut_s1]

TASK [Print deployed configuration when running in verbose mode] ***************
skipping: [dut_s1]

TASK [Deploy routing configuration] ********************************************
skipping: [dut_s1]

PLAY [Deploy custom deployment templates] **************************************
skipping: no hosts matched

PLAY RECAP *********************************************************************
dut_s1                     : ok=20   changed=2    unreachable=0    failed=0    skipped=9    rescued=0    ignored=0   

Results of configuration script deployments
================================================================================
h1               Script:  initial,routing
h2               Script:  initial,routing
h3               Script:  initial,routing
h4               Script:  initial,routing
h5               Script:  initial,routing
h6               Script:  initial,routing
s2               Script:  normalize,initial,vlan


The devices under test are simple bridges with a VLAN trunk between
them. Both VLANs are using the same IP prefix to identify potential
inter-VLAN leaking.

* h1 and h2 should be able to ping each other
* h3 and h4 should be able to ping each other
* h1 should not be able to reach h3
* h5 should not be able to reach h6 over its untagged native vlan

Please note it might take a while for the lab to work due to
STP learning phase

