Creating Device configuration snippets
[CREATED] dut_a: initial,vlan,ospf,vrf
[CREATED] r2: initial,vlan,ospf,vrf
[CREATED] dut_b: initial,vlan,ospf,vrf
[CREATED] h1: initial,routing
[CREATED] h2: initial,routing
[CREATED] h3: initial,routing
[CREATED] h4: initial,routing
[CREATED] h5: initial,routing
Config Deploying device configurations
 [INFO] Executing initial configuration for node r2
 [INFO] Executing initial configuration for node h1 (namespace clab-
          ml-17-h1)
 [INFO] Executing initial configuration for node h2 (namespace clab-
          ml-17-h2)
 [INFO] Executing initial configuration for node h3 (namespace clab-
          ml-17-h3)
 [INFO] Executing initial configuration for node h4 (namespace clab-
          ml-17-h4)
 [INFO] Executing initial configuration for node h5 (namespace clab-
          ml-17-h5)
 [INFO] Executing routing configuration for node h3 (namespace clab-
          ml-17-h3)
 [INFO] Executing routing configuration for node h2 (namespace clab-
          ml-17-h2)
 [INFO] Executing routing configuration for node h1 (namespace clab-
          ml-17-h1)
 [INFO] Executing routing configuration for node h5 (namespace clab-
          ml-17-h5)
 [INFO] Executing routing configuration for node h4 (namespace clab-
          ml-17-h4)
 [INFO] Executing vlan configuration for node r2
 [INFO] Executing ospf configuration for node r2
 [INFO] Executing vrf configuration for node r2
 [INFO] Starting Ansible playbook to deploy the rest of the
          configurations
[WARNING]: Found variable using reserved name: hosts

PLAY [Deploy initial device configuration] *************************************

TASK [Set variables that cannot be set with VARS] ******************************
ok: [dut_a]
ok: [dut_b]

TASK [Deploy initial configuration] ********************************************
included: /home/pipi/net101/tools/netsim/ansible/tasks/deploy-module.yml for dut_a, dut_b

TASK [Figure out whether to deploy the module initial on current device] *******
ok: [dut_a]
ok: [dut_b]

TASK [Find configuration template for initial] *********************************
ok: [dut_a]
ok: [dut_b]

TASK [fail] ********************************************************************
skipping: [dut_a]
skipping: [dut_b]

TASK [Find configuration deployment deploy_script for initial] *****************
ok: [dut_a]
ok: [dut_b]

TASK [Print deployed configuration when running in verbose mode] ***************
ok: [dut_a] => {
    "msg": "initial configuration for dut_a\n=========================================\n\nupdates:\n\n- path: /interface[name=system0]/subinterface[index=0]\n  value:\n   description: \"No description\"\n   admin-state: enable\n   ipv4:\n    admin-state: enable\n    address:\n    - ip-prefix: \"10.0.0.1/32\"\n   ipv6:\n    admin-state: enable\n    address:\n    - ip-prefix: \"2001:db8:1:1::1/64\"\n      type: \"global-unicast\"\n\n\n\n- path: /network-instance[name=default]\n  value:\n   type: default\n   interface:\n   - name: system0.0\n\n\n\n\n# TODO: vdata.rd, vdata.import/export, vdata.af\n\n\n\n# TODO: vdata.rd, vdata.import/export, vdata.af\n\n\n"
}
ok: [dut_b] => {
    "msg": "initial configuration for dut_b\n=========================================\n\nupdates:\n\n- path: /interface[name=system0]/subinterface[index=0]\n  value:\n   description: \"No description\"\n   admin-state: enable\n   ipv4:\n    admin-state: enable\n    address:\n    - ip-prefix: \"10.0.0.3/32\"\n   ipv6:\n    admin-state: enable\n    address:\n    - ip-prefix: \"2001:db8:1:3::1/64\"\n      type: \"global-unicast\"\n\n\n\n- path: /network-instance[name=default]\n  value:\n   type: default\n   interface:\n   - name: system0.0\n\n\n\n\n# TODO: vdata.rd, vdata.import/export, vdata.af\n\n\n\n# TODO: vdata.rd, vdata.import/export, vdata.af\n\n\n"
}

TASK [Deploy initial configuration] ********************************************
included: /home/pipi/net101/tools/netsim/ansible/tasks/deploy-config/srlinux.yml for dut_a, dut_b

TASK [Generate JSON-RPC YAML configuration] ************************************
ok: [dut_a]
ok: [dut_b]

TASK [Update SRL initial node configuration (template=/work/netlab_cicd/node_files/dut_a/initial)] ***
changed: [dut_a]
changed: [dut_b]

TASK [debug] *******************************************************************
skipping: [dut_a]
skipping: [dut_b]

PLAY [Deploy module-specific configurations] ***********************************

TASK [Set variables that cannot be set with VARS] ******************************
ok: [dut_a]
ok: [dut_b]

TASK [Deploy individual configuration modules] *********************************
included: /home/pipi/net101/tools/netsim/ansible/tasks/deploy-module.yml for dut_a, dut_b => (item=vlan)
included: /home/pipi/net101/tools/netsim/ansible/tasks/deploy-module.yml for dut_a, dut_b => (item=routing)
included: /home/pipi/net101/tools/netsim/ansible/tasks/deploy-module.yml for dut_a, dut_b => (item=ospf)
included: /home/pipi/net101/tools/netsim/ansible/tasks/deploy-module.yml for dut_a, dut_b => (item=vrf)

TASK [Figure out whether to deploy the module vlan on current device] **********
ok: [dut_a]
ok: [dut_b]

TASK [Find configuration template for vlan] ************************************
ok: [dut_a]
ok: [dut_b]

TASK [fail] ********************************************************************
skipping: [dut_a]
skipping: [dut_b]

TASK [Find configuration deployment deploy_script for vlan] ********************
ok: [dut_a]
ok: [dut_b]

TASK [Print deployed configuration when running in verbose mode] ***************
ok: [dut_a] => {
    "msg": "vlan configuration for dut_a\n=========================================\n\nupdates:\n- path: /interface[name=ethernet-1/2]\n  value:\n   subinterface:\n   - index: 0\n     type: routed\n     description: \"dut_a ~ h1\"\n\n- path: /interface[name=ethernet-1/2]/subinterface[index=0]\n  value:\n   description: \"dut_a ~ h1\"\n   admin-state: enable\n   ipv4:\n    admin-state: enable\n    address:\n    - ip-prefix: \"172.16.0.1/24\"\n      primary: [null]\n   ipv6:\n    admin-state: enable\n    address:\n    - ip-prefix: \"2001:db8:2::1/64\"\n      type: \"global-unicast\"\n    neighbor-discovery:\n     learn-unsolicited: link-local\n    router-advertisement:\n     router-role:\n      admin-state: enable             # no ipv6 nd suppress-ra\n      min-advertisement-interval: 4   # Leaving this at platform default 200..600 takes too long at startup\n      _annotate_min-advertisement-interval: \"Reduced from platform default 200s\"\n      max-advertisement-interval: 5\n\n \n\n- path: /network-instance[name=red]\n  value:\n   type: ip-vrf\n   interface:\n   - name: ethernet-1/2.0\n\n- path: /interface[name=ethernet-1/3]\n  value:\n   subinterface:\n   - index: 0\n     type: routed\n     description: \"dut_a ~ h5\"\n\n- path: /interface[name=ethernet-1/3]/subinterface[index=0]\n  value:\n   description: \"dut_a ~ h5\"\n   admin-state: enable\n   ipv4:\n    admin-state: enable\n    address:\n    - ip-prefix: \"172.16.2.1/24\"\n      primary: [null]\n   ipv6:\n    admin-state: enable\n    address:\n    - ip-prefix: \"2001:db8:2:2::1/64\"\n      type: \"global-unicast\"\n    neighbor-discovery:\n     learn-unsolicited: link-local\n    router-advertisement:\n     router-role:\n      admin-state: enable             # no ipv6 nd suppress-ra\n      min-advertisement-interval: 4   # Leaving this at platform default 200..600 takes too long at startup\n      _annotate_min-advertisement-interval: \"Reduced from platform default 200s\"\n      max-advertisement-interval: 5\n\n \n\n- path: /network-instance[name=red]\n  value:\n   type: ip-vrf\n   interface:\n   - name: ethernet-1/3.0\n\n- path: /interface[name=ethernet-1/4]\n  value:\n   subinterface:\n   - index: 0\n     type: routed\n     description: \"dut_a ~ h3\"\n\n- path: /interface[name=ethernet-1/4]/subinterface[index=0]\n  value:\n   description: \"dut_a ~ h3\"\n   admin-state: enable\n   ipv4:\n    admin-state: enable\n    address:\n    - ip-prefix: \"172.16.3.1/24\"\n      primary: [null]\n   ipv6:\n    admin-state: enable\n    address:\n    - ip-prefix: \"2001:db8:2:3::1/64\"\n      type: \"global-unicast\"\n    neighbor-discovery:\n     learn-unsolicited: link-local\n    router-advertisement:\n     router-role:\n      admin-state: enable             # no ipv6 nd suppress-ra\n      min-advertisement-interval: 4   # Leaving this at platform default 200..600 takes too long at startup\n      _annotate_min-advertisement-interval: \"Reduced from platform default 200s\"\n      max-advertisement-interval: 5\n\n \n\n- path: /network-instance[name=blue]\n  value:\n   type: ip-vrf\n   interface:\n   - name: ethernet-1/4.0\n\n- path: /interface[name=ethernet-1/1]\n  value:\n   vlan-tagging: True\n   subinterface:\n   - index: 701\n     type: routed\n     description: \"dut_a ~ r2\"\n     vlan:\n      encap:\n       single-tagged:\n        vlan-id: \"701\"\n\n- path: /interface[name=ethernet-1/1]/subinterface[index=701]\n  value:\n   description: \"dut_a ~ r2\"\n   admin-state: enable\n   ipv4:\n    admin-state: enable\n    address:\n    - ip-prefix: \"10.1.0.1/30\"\n      primary: [null]\n   ipv6:\n    admin-state: enable\n    address:\n    - ip-prefix: \"2001:db8:3::1/64\"\n      type: \"global-unicast\"\n    neighbor-discovery:\n     learn-unsolicited: link-local\n    router-advertisement:\n     router-role:\n      admin-state: enable             # no ipv6 nd suppress-ra\n      min-advertisement-interval: 4   # Leaving this at platform default 200..600 takes too long at startup\n      _annotate_min-advertisement-interval: \"Reduced from platform default 200s\"\n      max-advertisement-interval: 5\n\n \n\n- path: /network-instance[name=blue]\n  value:\n   type: ip-vrf\n   interface:\n   - name: ethernet-1/1.701\n\n- path: /interface[name=ethernet-1/1]\n  value:\n   vlan-tagging: True\n   subinterface:\n   - index: 700\n     type: routed\n     description: \"dut_a ~ r2\"\n     vlan:\n      encap:\n       single-tagged:\n        vlan-id: \"700\"\n\n- path: /interface[name=ethernet-1/1]/subinterface[index=700]\n  value:\n   description: \"dut_a ~ r2\"\n   admin-state: enable\n   ipv4:\n    admin-state: enable\n    address:\n    - ip-prefix: \"10.1.0.5/30\"\n      primary: [null]\n   ipv6:\n    admin-state: enable\n    address:\n    - ip-prefix: \"2001:db8:3:1::1/64\"\n      type: \"global-unicast\"\n    neighbor-discovery:\n     learn-unsolicited: link-local\n    router-advertisement:\n     router-role:\n      admin-state: enable             # no ipv6 nd suppress-ra\n      min-advertisement-interval: 4   # Leaving this at platform default 200..600 takes too long at startup\n      _annotate_min-advertisement-interval: \"Reduced from platform default 200s\"\n      max-advertisement-interval: 5\n\n \n\n- path: /network-instance[name=red]\n  value:\n   type: ip-vrf\n   interface:\n   - name: ethernet-1/1.700\n\n \n"
}
ok: [dut_b] => {
    "msg": "vlan configuration for dut_b\n=========================================\n\nupdates:\n- path: /interface[name=ethernet-1/2]\n  value:\n   subinterface:\n   - index: 0\n     type: routed\n     description: \"dut_b ~ h2\"\n\n- path: /interface[name=ethernet-1/2]/subinterface[index=0]\n  value:\n   description: \"dut_b ~ h2\"\n   admin-state: enable\n   ipv4:\n    admin-state: enable\n    address:\n    - ip-prefix: \"172.16.1.3/24\"\n      primary: [null]\n   ipv6:\n    admin-state: enable\n    address:\n    - ip-prefix: \"2001:db8:2:1::3/64\"\n      type: \"global-unicast\"\n    neighbor-discovery:\n     learn-unsolicited: link-local\n    router-advertisement:\n     router-role:\n      admin-state: enable             # no ipv6 nd suppress-ra\n      min-advertisement-interval: 4   # Leaving this at platform default 200..600 takes too long at startup\n      _annotate_min-advertisement-interval: \"Reduced from platform default 200s\"\n      max-advertisement-interval: 5\n\n \n\n- path: /network-instance[name=red]\n  value:\n   type: ip-vrf\n   interface:\n   - name: ethernet-1/2.0\n\n- path: /interface[name=ethernet-1/3]\n  value:\n   subinterface:\n   - index: 0\n     type: routed\n     description: \"dut_b ~ h4\"\n\n- path: /interface[name=ethernet-1/3]/subinterface[index=0]\n  value:\n   description: \"dut_b ~ h4\"\n   admin-state: enable\n   ipv4:\n    admin-state: enable\n    address:\n    - ip-prefix: \"172.16.4.3/24\"\n      primary: [null]\n   ipv6:\n    admin-state: enable\n    address:\n    - ip-prefix: \"2001:db8:2:4::3/64\"\n      type: \"global-unicast\"\n    neighbor-discovery:\n     learn-unsolicited: link-local\n    router-advertisement:\n     router-role:\n      admin-state: enable             # no ipv6 nd suppress-ra\n      min-advertisement-interval: 4   # Leaving this at platform default 200..600 takes too long at startup\n      _annotate_min-advertisement-interval: \"Reduced from platform default 200s\"\n      max-advertisement-interval: 5\n\n \n\n- path: /network-instance[name=blue]\n  value:\n   type: ip-vrf\n   interface:\n   - name: ethernet-1/3.0\n\n- path: /interface[name=ethernet-1/1]\n  value:\n   vlan-tagging: True\n   subinterface:\n   - index: 701\n     type: routed\n     description: \"dut_b ~ r2\"\n     vlan:\n      encap:\n       single-tagged:\n        vlan-id: \"701\"\n\n- path: /interface[name=ethernet-1/1]/subinterface[index=701]\n  value:\n   description: \"dut_b ~ r2\"\n   admin-state: enable\n   ipv4:\n    admin-state: enable\n    address:\n    - ip-prefix: \"10.1.0.10/30\"\n      primary: [null]\n   ipv6:\n    admin-state: enable\n    address:\n    - ip-prefix: \"2001:db8:3:2::3/64\"\n      type: \"global-unicast\"\n    neighbor-discovery:\n     learn-unsolicited: link-local\n    router-advertisement:\n     router-role:\n      admin-state: enable             # no ipv6 nd suppress-ra\n      min-advertisement-interval: 4   # Leaving this at platform default 200..600 takes too long at startup\n      _annotate_min-advertisement-interval: \"Reduced from platform default 200s\"\n      max-advertisement-interval: 5\n\n \n\n- path: /network-instance[name=blue]\n  value:\n   type: ip-vrf\n   interface:\n   - name: ethernet-1/1.701\n\n- path: /interface[name=ethernet-1/1]\n  value:\n   vlan-tagging: True\n   subinterface:\n   - index: 700\n     type: routed\n     description: \"dut_b ~ r2\"\n     vlan:\n      encap:\n       single-tagged:\n        vlan-id: \"700\"\n\n- path: /interface[name=ethernet-1/1]/subinterface[index=700]\n  value:\n   description: \"dut_b ~ r2\"\n   admin-state: enable\n   ipv4:\n    admin-state: enable\n    address:\n    - ip-prefix: \"10.1.0.14/30\"\n      primary: [null]\n   ipv6:\n    admin-state: enable\n    address:\n    - ip-prefix: \"2001:db8:3:3::3/64\"\n      type: \"global-unicast\"\n    neighbor-discovery:\n     learn-unsolicited: link-local\n    router-advertisement:\n     router-role:\n      admin-state: enable             # no ipv6 nd suppress-ra\n      min-advertisement-interval: 4   # Leaving this at platform default 200..600 takes too long at startup\n      _annotate_min-advertisement-interval: \"Reduced from platform default 200s\"\n      max-advertisement-interval: 5\n\n \n\n- path: /network-instance[name=red]\n  value:\n   type: ip-vrf\n   interface:\n   - name: ethernet-1/1.700\n\n \n"
}

TASK [Deploy vlan configuration] ***********************************************
included: /home/pipi/net101/tools/netsim/ansible/tasks/deploy-config/srlinux.yml for dut_a, dut_b

TASK [Generate JSON-RPC YAML configuration] ************************************
ok: [dut_a]
ok: [dut_b]

TASK [Update SRL vlan node configuration (template=/work/netlab_cicd/node_files/dut_a/vlan)] ***
changed: [dut_b]
changed: [dut_a]

TASK [debug] *******************************************************************
skipping: [dut_a]
skipping: [dut_b]

TASK [Figure out whether to deploy the module routing on current device] *******
ok: [dut_a]
ok: [dut_b]

TASK [Find configuration template for routing] *********************************
skipping: [dut_a]
skipping: [dut_b]

TASK [fail] ********************************************************************
skipping: [dut_a]
skipping: [dut_b]

TASK [Find configuration deployment deploy_script for routing] *****************
skipping: [dut_a]
skipping: [dut_b]

TASK [Print deployed configuration when running in verbose mode] ***************
skipping: [dut_a]
skipping: [dut_b]

TASK [Deploy routing configuration] ********************************************
skipping: [dut_a]
skipping: [dut_b]

TASK [Figure out whether to deploy the module ospf on current device] **********
ok: [dut_a]
ok: [dut_b]

TASK [Find configuration template for ospf] ************************************
ok: [dut_a]
ok: [dut_b]

TASK [fail] ********************************************************************
skipping: [dut_a]
skipping: [dut_b]

TASK [Find configuration deployment deploy_script for ospf] ********************
ok: [dut_a]
ok: [dut_b]

TASK [Print deployed configuration when running in verbose mode] ***************
ok: [dut_a] => {
    "msg": "ospf configuration for dut_a\n=========================================\nupdates:\n"
}
ok: [dut_b] => {
    "msg": "ospf configuration for dut_b\n=========================================\nupdates:\n"
}

TASK [Deploy ospf configuration] ***********************************************
included: /home/pipi/net101/tools/netsim/ansible/tasks/deploy-config/srlinux.yml for dut_a, dut_b

TASK [Generate JSON-RPC YAML configuration] ************************************
ok: [dut_a]
ok: [dut_b]

TASK [Update SRL ospf node configuration (template=/work/netlab_cicd/node_files/dut_a/ospf)] ***
skipping: [dut_a]
skipping: [dut_b]

TASK [debug] *******************************************************************
skipping: [dut_a]
skipping: [dut_b]

TASK [Figure out whether to deploy the module vrf on current device] ***********
ok: [dut_a]
ok: [dut_b]

TASK [Find configuration template for vrf] *************************************
ok: [dut_a]
ok: [dut_b]

TASK [fail] ********************************************************************
skipping: [dut_a]
skipping: [dut_b]

TASK [Find configuration deployment deploy_script for vrf] *********************
ok: [dut_a]
ok: [dut_b]

TASK [Print deployed configuration when running in verbose mode] ***************
ok: [dut_a] => {
    "msg": "vrf configuration for dut_a\n=========================================\n\nupdates:\n\n- path: /network-instance[name=red]\n  value:\n   type: ip-vrf\n\n- path: /routing-policy/policy[name=red_export_ospf]\n  value:\n    default-action:\n      policy-result: reject\n    statement:\n    - name: export_local\n      match:\n        protocol: local\n      action:\n        policy-result: accept\n\n\n- path: /network-instance[name=red]\n  value:\n    router-id: 10.0.0.1\n    protocols:\n      ospf:\n        instance:\n        - name: \"0\"\n          version: ospf-v2\n          admin-state: enable\n          max-ecmp-paths: 64\n          asbr: {}\n          export-policy: \"red_export_ospf\"\n          area:\n          - area-id: 0.0.0.0\n            interface:\n            - interface-name: ethernet-1/2.0\n              passive: True\n              interface-type: \"point-to-point\"\n              failure-detection:\n                enable-bfd: False\n          - area-id: 0.0.0.0\n            interface:\n            - interface-name: ethernet-1/3.0\n              passive: True\n              interface-type: \"point-to-point\"\n              failure-detection:\n                enable-bfd: False\n          - area-id: 0.0.0.0\n            interface:\n            - interface-name: ethernet-1/1.700\n              interface-type: \"point-to-point\"\n              failure-detection:\n                enable-bfd: False\n\n- path: /routing-policy/policy[name=red_export_ospf]\n  value:\n    default-action:\n      policy-result: reject\n    statement:\n    - name: export_local\n      match:\n        protocol: local\n      action:\n        policy-result: accept\n\n\n- path: /network-instance[name=red]\n  value:\n    router-id: 10.0.0.1\n    protocols:\n      ospf:\n        instance:\n        - name: \"1\"\n          version: ospf-v3\n          address-family: ipv6-unicast\n          admin-state: enable\n          max-ecmp-paths: 64\n          asbr: {}\n          export-policy: \"red_export_ospf\"\n          area:\n          - area-id: 0.0.0.0\n            interface:\n            - interface-name: ethernet-1/2.0\n              passive: True\n              interface-type: \"point-to-point\"\n              failure-detection:\n                enable-bfd: False\n          - area-id: 0.0.0.0\n            interface:\n            - interface-name: ethernet-1/3.0\n              passive: True\n              interface-type: \"point-to-point\"\n              failure-detection:\n                enable-bfd: False\n          - area-id: 0.0.0.0\n            interface:\n            - interface-name: ethernet-1/1.700\n              interface-type: \"point-to-point\"\n              failure-detection:\n                enable-bfd: False\n\n\n\n\n- path: /network-instance[name=red]/protocols/bgp-vpn\n  value:\n    bgp-instance:\n    - id: 1\n      route-distinguisher:\n        rd: \"65000:1\"\n      route-target:\n        import-rt: \"target:65000:1\"\n        export-rt: \"target:65000:1\"\n\n- path: /network-instance[name=red]/inter-instance-policies\n  value:\n   apply-policy:\n    export-policy:\n      - \"red_vpn_export\"\n    import-policy:\n      - \"red_vpn_import\"\n\n- path: /routing-policy/policy[name=red_vpn_export]\n  value:\n   default-action:\n    policy-result: \"accept\"\n\n- path: /routing-policy/policy[name=red_vpn_import]\n  value:\n   default-action:\n    policy-result: \"reject\"\n   statement:\n   - name: 110\n     match:\n      origin-network-instance: \"red\"\n     action:\n      policy-result: \"accept\"\n\n\n- path: /network-instance[name=blue]\n  value:\n   type: ip-vrf\n\n- path: /routing-policy/policy[name=blue_export_ospf]\n  value:\n    default-action:\n      policy-result: reject\n    statement:\n    - name: export_local\n      match:\n        protocol: local\n      action:\n        policy-result: accept\n\n\n- path: /network-instance[name=blue]\n  value:\n    router-id: 10.0.0.1\n    protocols:\n      ospf:\n        instance:\n        - name: \"0\"\n          version: ospf-v2\n          admin-state: enable\n          max-ecmp-paths: 64\n          asbr: {}\n          export-policy: \"blue_export_ospf\"\n          area:\n          - area-id: 0.0.0.0\n            interface:\n            - interface-name: ethernet-1/4.0\n              passive: True\n              interface-type: \"point-to-point\"\n              failure-detection:\n                enable-bfd: False\n          - area-id: 0.0.0.0\n            interface:\n            - interface-name: ethernet-1/1.701\n              interface-type: \"point-to-point\"\n              failure-detection:\n                enable-bfd: False\n\n- path: /routing-policy/policy[name=blue_export_ospf]\n  value:\n    default-action:\n      policy-result: reject\n    statement:\n    - name: export_local\n      match:\n        protocol: local\n      action:\n        policy-result: accept\n\n\n- path: /network-instance[name=blue]\n  value:\n    router-id: 10.0.0.1\n    protocols:\n      ospf:\n        instance:\n        - name: \"1\"\n          version: ospf-v3\n          address-family: ipv6-unicast\n          admin-state: enable\n          max-ecmp-paths: 64\n          asbr: {}\n          export-policy: \"blue_export_ospf\"\n          area:\n          - area-id: 0.0.0.0\n            interface:\n            - interface-name: ethernet-1/4.0\n              passive: True\n              interface-type: \"point-to-point\"\n              failure-detection:\n                enable-bfd: False\n          - area-id: 0.0.0.0\n            interface:\n            - interface-name: ethernet-1/1.701\n              interface-type: \"point-to-point\"\n              failure-detection:\n                enable-bfd: False\n\n\n\n\n- path: /network-instance[name=blue]/protocols/bgp-vpn\n  value:\n    bgp-instance:\n    - id: 1\n      route-distinguisher:\n        rd: \"65000:2\"\n      route-target:\n        import-rt: \"target:65000:2\"\n        export-rt: \"target:65000:2\"\n\n- path: /network-instance[name=blue]/inter-instance-policies\n  value:\n   apply-policy:\n    export-policy:\n      - \"blue_vpn_export\"\n    import-policy:\n      - \"blue_vpn_import\"\n\n- path: /routing-policy/policy[name=blue_vpn_export]\n  value:\n   default-action:\n    policy-result: \"accept\"\n\n- path: /routing-policy/policy[name=blue_vpn_import]\n  value:\n   default-action:\n    policy-result: \"reject\"\n   statement:\n   - name: 111\n     match:\n      origin-network-instance: \"blue\"\n     action:\n      policy-result: \"accept\"\n\n"
}
ok: [dut_b] => {
    "msg": "vrf configuration for dut_b\n=========================================\n\nupdates:\n\n- path: /network-instance[name=red]\n  value:\n   type: ip-vrf\n\n- path: /routing-policy/policy[name=red_export_ospf]\n  value:\n    default-action:\n      policy-result: reject\n    statement:\n    - name: export_local\n      match:\n        protocol: local\n      action:\n        policy-result: accept\n\n\n- path: /network-instance[name=red]\n  value:\n    router-id: 10.0.0.3\n    protocols:\n      ospf:\n        instance:\n        - name: \"0\"\n          version: ospf-v2\n          admin-state: enable\n          max-ecmp-paths: 64\n          asbr: {}\n          export-policy: \"red_export_ospf\"\n          area:\n          - area-id: 0.0.0.0\n            interface:\n            - interface-name: ethernet-1/2.0\n              passive: True\n              interface-type: \"point-to-point\"\n              failure-detection:\n                enable-bfd: False\n          - area-id: 0.0.0.0\n            interface:\n            - interface-name: ethernet-1/1.700\n              interface-type: \"point-to-point\"\n              failure-detection:\n                enable-bfd: False\n\n- path: /routing-policy/policy[name=red_export_ospf]\n  value:\n    default-action:\n      policy-result: reject\n    statement:\n    - name: export_local\n      match:\n        protocol: local\n      action:\n        policy-result: accept\n\n\n- path: /network-instance[name=red]\n  value:\n    router-id: 10.0.0.3\n    protocols:\n      ospf:\n        instance:\n        - name: \"1\"\n          version: ospf-v3\n          address-family: ipv6-unicast\n          admin-state: enable\n          max-ecmp-paths: 64\n          asbr: {}\n          export-policy: \"red_export_ospf\"\n          area:\n          - area-id: 0.0.0.0\n            interface:\n            - interface-name: ethernet-1/2.0\n              passive: True\n              interface-type: \"point-to-point\"\n              failure-detection:\n                enable-bfd: False\n          - area-id: 0.0.0.0\n            interface:\n            - interface-name: ethernet-1/1.700\n              interface-type: \"point-to-point\"\n              failure-detection:\n                enable-bfd: False\n\n\n\n\n- path: /network-instance[name=red]/protocols/bgp-vpn\n  value:\n    bgp-instance:\n    - id: 1\n      route-distinguisher:\n        rd: \"65000:1\"\n      route-target:\n        import-rt: \"target:65000:1\"\n        export-rt: \"target:65000:1\"\n\n- path: /network-instance[name=red]/inter-instance-policies\n  value:\n   apply-policy:\n    export-policy:\n      - \"red_vpn_export\"\n    import-policy:\n      - \"red_vpn_import\"\n\n- path: /routing-policy/policy[name=red_vpn_export]\n  value:\n   default-action:\n    policy-result: \"accept\"\n\n- path: /routing-policy/policy[name=red_vpn_import]\n  value:\n   default-action:\n    policy-result: \"reject\"\n   statement:\n   - name: 110\n     match:\n      origin-network-instance: \"red\"\n     action:\n      policy-result: \"accept\"\n\n\n- path: /network-instance[name=blue]\n  value:\n   type: ip-vrf\n\n- path: /routing-policy/policy[name=blue_export_ospf]\n  value:\n    default-action:\n      policy-result: reject\n    statement:\n    - name: export_local\n      match:\n        protocol: local\n      action:\n        policy-result: accept\n\n\n- path: /network-instance[name=blue]\n  value:\n    router-id: 10.0.0.3\n    protocols:\n      ospf:\n        instance:\n        - name: \"0\"\n          version: ospf-v2\n          admin-state: enable\n          max-ecmp-paths: 64\n          asbr: {}\n          export-policy: \"blue_export_ospf\"\n          area:\n          - area-id: 0.0.0.0\n            interface:\n            - interface-name: ethernet-1/3.0\n              passive: True\n              interface-type: \"point-to-point\"\n              failure-detection:\n                enable-bfd: False\n          - area-id: 0.0.0.0\n            interface:\n            - interface-name: ethernet-1/1.701\n              interface-type: \"point-to-point\"\n              failure-detection:\n                enable-bfd: False\n\n- path: /routing-policy/policy[name=blue_export_ospf]\n  value:\n    default-action:\n      policy-result: reject\n    statement:\n    - name: export_local\n      match:\n        protocol: local\n      action:\n        policy-result: accept\n\n\n- path: /network-instance[name=blue]\n  value:\n    router-id: 10.0.0.3\n    protocols:\n      ospf:\n        instance:\n        - name: \"1\"\n          version: ospf-v3\n          address-family: ipv6-unicast\n          admin-state: enable\n          max-ecmp-paths: 64\n          asbr: {}\n          export-policy: \"blue_export_ospf\"\n          area:\n          - area-id: 0.0.0.0\n            interface:\n            - interface-name: ethernet-1/3.0\n              passive: True\n              interface-type: \"point-to-point\"\n              failure-detection:\n                enable-bfd: False\n          - area-id: 0.0.0.0\n            interface:\n            - interface-name: ethernet-1/1.701\n              interface-type: \"point-to-point\"\n              failure-detection:\n                enable-bfd: False\n\n\n\n\n- path: /network-instance[name=blue]/protocols/bgp-vpn\n  value:\n    bgp-instance:\n    - id: 1\n      route-distinguisher:\n        rd: \"65000:2\"\n      route-target:\n        import-rt: \"target:65000:2\"\n        export-rt: \"target:65000:2\"\n\n- path: /network-instance[name=blue]/inter-instance-policies\n  value:\n   apply-policy:\n    export-policy:\n      - \"blue_vpn_export\"\n    import-policy:\n      - \"blue_vpn_import\"\n\n- path: /routing-policy/policy[name=blue_vpn_export]\n  value:\n   default-action:\n    policy-result: \"accept\"\n\n- path: /routing-policy/policy[name=blue_vpn_import]\n  value:\n   default-action:\n    policy-result: \"reject\"\n   statement:\n   - name: 111\n     match:\n      origin-network-instance: \"blue\"\n     action:\n      policy-result: \"accept\"\n\n"
}

TASK [Deploy vrf configuration] ************************************************
included: /home/pipi/net101/tools/netsim/ansible/tasks/deploy-config/srlinux.yml for dut_a, dut_b

TASK [Generate JSON-RPC YAML configuration] ************************************
ok: [dut_a]
ok: [dut_b]

TASK [Update SRL vrf node configuration (template=/work/netlab_cicd/node_files/dut_a/vrf)] ***
changed: [dut_a]
changed: [dut_b]

TASK [debug] *******************************************************************
skipping: [dut_a]
skipping: [dut_b]

PLAY [Deploy custom deployment templates] **************************************
skipping: no hosts matched

PLAY RECAP *********************************************************************
dut_a                      : ok=35   changed=3    unreachable=0    failed=0    skipped=14   rescued=0    ignored=0   
dut_b                      : ok=35   changed=3    unreachable=0    failed=0    skipped=14   rescued=0    ignored=0   

Results of configuration script deployments
================================================================================
r2               Script:  initial,vlan,ospf,vrf
h1               Script:  initial,routing
h2               Script:  initial,routing
h3               Script:  initial,routing
h4               Script:  initial,routing
h5               Script:  initial,routing


VRF lite implementation with dual-stack VLAN trunks

* h1, h2, and h5 should be able to ping each other using IPv4 and IPv6
* h3 and h4 should be able to ping each other using IPv4 and IPv6

Please note it might take a while for the lab to work due to
STP, OSPF, and OSPFv3 setup phase

