Creating Device configuration snippets
[CREATED] dut: initial,vlan
[CREATED] s2: initial,vlan
[CREATED] s3: initial,vlan
[CREATED] s4: initial,vlan
[CREATED] r1: initial,routing
[CREATED] r2: initial,routing
[CREATED] r3: initial,routing
[CREATED] r4: initial,routing
[CREATED] d1: initial,routing
[CREATED] d2: initial,routing
[CREATED] d3: initial,routing
[CREATED] d4: initial,routing
Config Deploying device configurations
 [INFO] Executing initial configuration for node s2
 [INFO] Executing initial configuration for node s3
 [INFO] Executing initial configuration for node s4
 [INFO] Executing initial configuration for node r1 (namespace clab-
          ml-17-r1)
 [INFO] Executing initial configuration for node r2 (namespace clab-
          ml-17-r2)
 [INFO] Executing initial configuration for node r3 (namespace clab-
          ml-17-r3)
 [INFO] Executing initial configuration for node r4 (namespace clab-
          ml-17-r4)
 [INFO] Executing initial configuration for node d1 (namespace clab-
          ml-17-d1)
 [INFO] Executing initial configuration for node d2 (namespace clab-
          ml-17-d2)
 [INFO] Executing initial configuration for node d3 (namespace clab-
          ml-17-d3)
 [INFO] Executing initial configuration for node d4 (namespace clab-
          ml-17-d4)
 [INFO] Executing routing configuration for node r1 (namespace clab-
          ml-17-r1)
 [INFO] Executing routing configuration for node r2 (namespace clab-
          ml-17-r2)
 [INFO] Executing routing configuration for node r3 (namespace clab-
          ml-17-r3)
 [INFO] Executing routing configuration for node r4 (namespace clab-
          ml-17-r4)
 [INFO] Executing routing configuration for node d1 (namespace clab-
          ml-17-d1)
 [INFO] Executing routing configuration for node d3 (namespace clab-
          ml-17-d3)
 [INFO] Executing routing configuration for node d2 (namespace clab-
          ml-17-d2)
 [INFO] Executing routing configuration for node d4 (namespace clab-
          ml-17-d4)
 [INFO] Executing vlan configuration for node s3
 [INFO] Executing vlan configuration for node s2
 [INFO] Executing vlan configuration for node s4
 [INFO] Starting Ansible playbook to deploy the rest of the
          configurations
[WARNING]: Found variable using reserved name: hosts

PLAY [Deploy initial device configuration] *************************************

TASK [Set variables that cannot be set with VARS] ******************************
ok: [dut]

TASK [Deploy initial configuration] ********************************************
included: /home/pipi/net101/tools/netsim/ansible/tasks/deploy-module.yml for dut

TASK [Figure out whether to deploy the module initial on current device] *******
ok: [dut]

TASK [Find configuration template for initial] *********************************
ok: [dut]

TASK [fail] ********************************************************************
skipping: [dut]

TASK [Find configuration deployment deploy_script for initial] *****************
ok: [dut]

TASK [Print deployed configuration when running in verbose mode] ***************
ok: [dut] => {
    "msg": "initial configuration for dut\n=========================================\n\nupdates:\n\n- path: /interface[name=system0]/subinterface[index=0]\n  value:\n   description: \"No description\"\n   admin-state: enable\n   ipv4:\n    admin-state: enable\n    address:\n    - ip-prefix: \"10.0.0.1/32\"\n\n\n\n- path: /network-instance[name=default]\n  value:\n   type: default\n   interface:\n   - name: system0.0\n\n\n\n"
}

TASK [Deploy initial configuration] ********************************************
included: /home/pipi/net101/tools/netsim/ansible/tasks/deploy-config/srlinux.yml for dut

TASK [Generate JSON-RPC YAML configuration] ************************************
ok: [dut]

TASK [Update SRL initial node configuration (template=/work/netlab_cicd/node_files/dut/initial)] ***
changed: [dut]

TASK [debug] *******************************************************************
skipping: [dut]

PLAY [Deploy module-specific configurations] ***********************************

TASK [Set variables that cannot be set with VARS] ******************************
ok: [dut]

TASK [Deploy individual configuration modules] *********************************
included: /home/pipi/net101/tools/netsim/ansible/tasks/deploy-module.yml for dut => (item=vlan)
included: /home/pipi/net101/tools/netsim/ansible/tasks/deploy-module.yml for dut => (item=routing)

TASK [Figure out whether to deploy the module vlan on current device] **********
ok: [dut]

TASK [Find configuration template for vlan] ************************************
ok: [dut]

TASK [fail] ********************************************************************
skipping: [dut]

TASK [Find configuration deployment deploy_script for vlan] ********************
ok: [dut]

TASK [Print deployed configuration when running in verbose mode] ***************
ok: [dut] => {
    "msg": "vlan configuration for dut\n=========================================\n\nupdates:\n- path: /interface[name=ethernet-1/2]\n  value:\n   description: \"Trunk port dut -> s3 native=vlan_1\"\n   vlan-tagging: True\n   subinterface:\n   - index: 1\n     type: bridged\n     description: \"dut -> s3\"\n     vlan:\n      encap:\n       untagged:\n        _annotate: \"Native VLAN 1\"\n\n \n- path: /network-instance[name=vlan1]\n  value:\n   type: mac-vrf\n   description: \"dut -> s3\"\n   interface:\n   - name: ethernet-1/2.1\n\n\n- path: /interface[name=ethernet-1/3]\n  value:\n   description: \"Trunk port dut -> s4 native=red\"\n   vlan-tagging: True\n   subinterface:\n   - index: 700\n     type: bridged\n     description: \"dut -> s4\"\n     vlan:\n      encap:\n       untagged:\n        _annotate: \"Native VLAN 700\"\n\n \n- path: /network-instance[name=vlan700]\n  value:\n   type: mac-vrf\n   description: \"dut -> s4\"\n   interface:\n   - name: ethernet-1/3.700\n\n\n- path: /interface[name=ethernet-1/4]\n  value:\n   subinterface:\n   - index: 700\n     type: bridged\n     description: \"[Access VLAN red] dut -> r1\"\n\n \n- path: /network-instance[name=vlan700]\n  value:\n   type: mac-vrf\n   description: \"[Access VLAN red] dut -> r1\"\n   interface:\n   - name: ethernet-1/4.700\n\n\n- path: /interface[name=ethernet-1/5]\n  value:\n   subinterface:\n   - index: 1\n     type: bridged\n     description: \"[Access VLAN vlan_1] dut -> d1\"\n\n \n- path: /network-instance[name=vlan1]\n  value:\n   type: mac-vrf\n   description: \"[Access VLAN vlan_1] dut -> d1\"\n   interface:\n   - name: ethernet-1/5.1\n\n\n- path: /interface[name=ethernet-1/1]\n  value:\n   vlan-tagging: True\n   subinterface:\n   - index: 700\n     type: bridged\n     description: \"[SubIf VLAN red] dut -> s2\"\n     vlan:\n      encap:\n       single-tagged:\n        vlan-id: \"700\"\n\n \n- path: /network-instance[name=vlan700]\n  value:\n   type: mac-vrf\n   description: \"[SubIf VLAN red] dut -> s2\"\n   interface:\n   - name: ethernet-1/1.700\n\n\n- path: /interface[name=ethernet-1/1]\n  value:\n   vlan-tagging: True\n   subinterface:\n   - index: 1\n     type: bridged\n     description: \"[SubIf VLAN vlan_1] dut -> s2\"\n     vlan:\n      encap:\n       single-tagged:\n        vlan-id: \"1\"\n\n \n- path: /network-instance[name=vlan1]\n  value:\n   type: mac-vrf\n   description: \"[SubIf VLAN vlan_1] dut -> s2\"\n   interface:\n   - name: ethernet-1/1.1\n\n\n- path: /interface[name=ethernet-1/2]\n  value:\n   vlan-tagging: True\n   subinterface:\n   - index: 700\n     type: bridged\n     description: \"[SubIf VLAN red] dut -> s3\"\n     vlan:\n      encap:\n       single-tagged:\n        vlan-id: \"700\"\n\n \n- path: /network-instance[name=vlan700]\n  value:\n   type: mac-vrf\n   description: \"[SubIf VLAN red] dut -> s3\"\n   interface:\n   - name: ethernet-1/2.700\n\n\n- path: /interface[name=ethernet-1/3]\n  value:\n   vlan-tagging: True\n   subinterface:\n   - index: 1\n     type: bridged\n     description: \"[SubIf VLAN vlan_1] dut -> s4\"\n     vlan:\n      encap:\n       single-tagged:\n        vlan-id: \"1\"\n\n \n- path: /network-instance[name=vlan1]\n  value:\n   type: mac-vrf\n   description: \"[SubIf VLAN vlan_1] dut -> s4\"\n   interface:\n   - name: ethernet-1/3.1\n\n\n- path: /interface[name=irb0]\n  value:\n   subinterface:\n   - index: 1\n\n- path: /interface[name=irb0]/subinterface[index=1]\n  value:\n   description: \"VLAN vlan_1 (1) ~ d1,d2,s2,d3,s3...\"\n   admin-state: enable\n   ipv4:\n    admin-state: enable\n    address:\n    - ip-prefix: \"172.31.1.1/24\"\n      primary: [null]\n\n \n- path: /network-instance[name=vlan1]\n  value:\n   type: mac-vrf\n   description: \"VLAN vlan_1 (1) ~ d1,d2,s2,d3,s3...\"\n   interface:\n   - name: irb0.1\n\n- path: /network-instance[name=default]\n  value:\n   type: default\n   interface:\n   - name: irb0.1\n\n- path: /interface[name=irb0]\n  value:\n   subinterface:\n   - index: 700\n\n \n\n\n \n"
}

TASK [Deploy vlan configuration] ***********************************************
included: /home/pipi/net101/tools/netsim/ansible/tasks/deploy-config/srlinux.yml for dut

TASK [Generate JSON-RPC YAML configuration] ************************************
ok: [dut]

TASK [Update SRL vlan node configuration (template=/work/netlab_cicd/node_files/dut/vlan)] ***
changed: [dut]

TASK [debug] *******************************************************************
skipping: [dut]

TASK [Figure out whether to deploy the module routing on current device] *******
ok: [dut]

TASK [Find configuration template for routing] *********************************
skipping: [dut]

TASK [fail] ********************************************************************
skipping: [dut]

TASK [Find configuration deployment deploy_script for routing] *****************
skipping: [dut]

TASK [Print deployed configuration when running in verbose mode] ***************
skipping: [dut]

TASK [Deploy routing configuration] ********************************************
skipping: [dut]

PLAY [Deploy custom deployment templates] **************************************
skipping: no hosts matched

PLAY RECAP *********************************************************************
dut                        : ok=20   changed=2    unreachable=0    failed=0    skipped=9    rescued=0    ignored=0   

Results of configuration script deployments
================================================================================
s2               Script:  initial,vlan
s3               Script:  initial,vlan
s4               Script:  initial,vlan
r1               Script:  initial,routing
r2               Script:  initial,routing
r3               Script:  initial,routing
r4               Script:  initial,routing
d1               Script:  initial,routing
d2               Script:  initial,routing
d3               Script:  initial,routing
d4               Script:  initial,routing


The topology tests whether the device deals correctly with VLAN 1
in a vlan.trunk:

* As a native VLAN
* As a regular (tagged) VLAN
* In a trunk where another VLAN is a native VLAN

All r* hosts should be able to ping each other and all d* hosts should
be able to ping each other.

Please note it might take a while for the lab to work due to
STP learning phase

