Using transformed lab topology from snapshot file netlab.snapshot.pickle
Checking virtualization provider installation
OK: clab installed and working correctly
Starting clab nodes
 [INFO] Setting containerlab runtime to docker
provider clab: executing flock -E 42 /tmp/netlab.lock containerlab deploy --reconfigure -t clab.yml
07:46:44 INFO Containerlab started version=0.79.0
07:46:44 INFO Parsing & checking topology file=clab.yml
07:46:44 INFO Removing directory path=/work/netlab_cicd/clab-ml-17
07:46:44 INFO Creating docker network name=nl_mgmt_17 IPv4 subnet=192.168.17.0/24 IPv6 subnet=fd00:df:1ab:17::/64 MTU=0
07:46:44 INFO Creating lab directory path=/work/netlab_cicd/clab-ml-17
07:46:44 INFO Creating container name=r2
07:46:44 INFO Creating container name=s3
07:46:44 INFO Creating container name=d1
07:46:44 INFO Creating container name=s2
07:46:44 INFO Creating container name=r3
07:46:44 INFO Creating container name=r1
07:46:44 INFO Creating container name=d4
07:46:44 INFO Creating container name=d2
07:46:44 INFO Creating container name=d3
07:46:44 INFO Creating container name=r4
07:46:44 INFO Creating container name=s4
07:46:44 INFO Creating container name=dut
07:46:46 INFO Created link: s4:eth2 ▪┄┄▪ r4:eth1
07:46:46 INFO Created link: s4:eth3 ▪┄┄▪ d4:eth1
07:46:46 INFO Created link: dut:e1-3 ▪┄┄▪ s4:eth1
07:46:46 INFO Created link: dut:e1-2 ▪┄┄▪ s3:eth1
07:46:47 INFO Created link: dut:e1-5 ▪┄┄▪ d1:eth1
07:46:47 INFO Running postdeploy actions kind=srl node=dut
07:46:47 INFO Created link: s3:eth2 ▪┄┄▪ r3:eth1
07:46:47 INFO Created link: s3:eth3 ▪┄┄▪ d3:eth1
07:46:47 INFO Created link: dut:e1-1 ▪┄┄▪ s2:eth1
07:46:47 INFO Created link: dut:e1-4 ▪┄┄▪ r1:eth1
07:46:47 INFO Created link: s2:eth2 ▪┄┄▪ r2:eth1
07:46:47 INFO Created link: s2:eth3 ▪┄┄▪ d2:eth1
07:46:58 INFO Executed command node=s4 command="sleep 1" stdout=""
07:46:58 INFO Executed command node=s3 command="sleep 1" stdout=""
07:46:58 INFO Executed command node=s2 command="sleep 1" stdout=""
07:46:58 INFO Adding host entries path=/etc/hosts
07:46:58 INFO Adding SSH config for nodes path=/etc/ssh/ssh_config.d/clab-ml-17.conf
[1m╭[0m[1m────────────────[0m[1m┬[0m[1m──────────────────────────────[0m[1m┬[0m[1m─────────[0m[1m┬[0m[1m───────────────────[0m[1m╮[0m
[1m│[0m[1m      Name      [0m[1m│[0m[1m          Kind/Image          [0m[1m│[0m[1m  State  [0m[1m│[0m[1m   IPv4/6 Address  [0m[1m│[0m
[1m├[0m[1m────────────────[0m[1m┼[0m[1m──────────────────────────────[0m[1m┼[0m[1m─────────[0m[1m┼[0m[1m───────────────────[0m[1m┤[0m
│ clab-ml-17-d1  │ linux                        │ running │ 192.168.17.109    │
│                │ python:3.13-alpine           │         │ fd00:df:1ab:17::6 │
├────────────────┼──────────────────────────────┼─────────┼───────────────────┤
│ clab-ml-17-d2  │ linux                        │ running │ 192.168.17.110    │
│                │ python:3.13-alpine           │         │ fd00:df:1ab:17::5 │
├────────────────┼──────────────────────────────┼─────────┼───────────────────┤
│ clab-ml-17-d3  │ linux                        │ running │ 192.168.17.111    │
│                │ python:3.13-alpine           │         │ fd00:df:1ab:17::9 │
├────────────────┼──────────────────────────────┼─────────┼───────────────────┤
│ clab-ml-17-d4  │ linux                        │ running │ 192.168.17.112    │
│                │ python:3.13-alpine           │         │ fd00:df:1ab:17::2 │
├────────────────┼──────────────────────────────┼─────────┼───────────────────┤
│ clab-ml-17-dut │ srl                          │ running │ 192.168.17.101    │
│                │ ghcr.io/nokia/srlinux:26.7.2 │         │ fd00:df:1ab:17::8 │
├────────────────┼──────────────────────────────┼─────────┼───────────────────┤
│ clab-ml-17-r1  │ linux                        │ running │ 192.168.17.105    │
│                │ python:3.13-alpine           │         │ fd00:df:1ab:17::d │
├────────────────┼──────────────────────────────┼─────────┼───────────────────┤
│ clab-ml-17-r2  │ linux                        │ running │ 192.168.17.106    │
│                │ python:3.13-alpine           │         │ fd00:df:1ab:17::3 │
├────────────────┼──────────────────────────────┼─────────┼───────────────────┤
│ clab-ml-17-r3  │ linux                        │ running │ 192.168.17.107    │
│                │ python:3.13-alpine           │         │ fd00:df:1ab:17::c │
├────────────────┼──────────────────────────────┼─────────┼───────────────────┤
│ clab-ml-17-r4  │ linux                        │ running │ 192.168.17.108    │
│                │ python:3.13-alpine           │         │ fd00:df:1ab:17::4 │
├────────────────┼──────────────────────────────┼─────────┼───────────────────┤
│ clab-ml-17-s2  │ linux                        │ running │ 192.168.17.102    │
│                │ quay.io/frrouting/frr:10.6.1 │         │ fd00:df:1ab:17::b │
├────────────────┼──────────────────────────────┼─────────┼───────────────────┤
│ clab-ml-17-s3  │ linux                        │ running │ 192.168.17.103    │
│                │ quay.io/frrouting/frr:10.6.1 │         │ fd00:df:1ab:17::a │
├────────────────┼──────────────────────────────┼─────────┼───────────────────┤
│ clab-ml-17-s4  │ linux                        │ running │ 192.168.17.104    │
│                │ quay.io/frrouting/frr:10.6.1 │         │ fd00:df:1ab:17::7 │
╰────────────────┴──────────────────────────────┴─────────┴───────────────────╯

Initial configuration skipped, run 'netlab initial' to configure the devices
