Creating Device configuration snippets
[CREATED] dut: initial,ospf,bfd
[CREATED] bb: initial,ospf,bfd
[CREATED] r1: initial,ospf,bfd
Checking Are lab devices ready to be configured?
 [INFO] Checking SSH server(s) on dut
[SSH]     SSH server on node dut (device nxos) is ready after 194.0 seconds
 [INFO] Checking lab devices with an Ansible playbook
[WARNING]: Found variable using reserved name: hosts

PLAY [Wait for SSH servers] ****************************************************

PLAY [Wait for device-specific conditions] *************************************

TASK [Set variables that cannot be set with VARS] ******************************
ok: [dut]

TASK [Find device readiness script] ********************************************
ok: [dut]

TASK [Wait for device to become ready] *****************************************
included: /home/pipi/net101/tools/netsim/ansible/tasks/readiness-check/nxos.yml for dut

TASK [Wait for Eth1/1 to appear] ***********************************************
ok: [dut]

PLAY RECAP *********************************************************************
dut                        : ok=4    changed=0    unreachable=0    failed=0    skipped=0    rescued=0    ignored=0   

Config Deploying device configurations
 [INFO] Executing initial configuration for node bb
 [INFO] Executing initial configuration for node r1
 [INFO] Executing ospf configuration for node bb
 [INFO] Executing ospf configuration for node r1
 [INFO] Executing bfd configuration for node bb
 [INFO] Executing bfd configuration for node r1
 [INFO] Starting Ansible playbook to deploy the rest of the
          configurations
[WARNING]: Found variable using reserved name: hosts

PLAY [Deploy initial device configuration] *************************************

TASK [Set variables that cannot be set with VARS] ******************************
ok: [dut]

TASK [Deploy initial configuration] ********************************************
included: /home/pipi/net101/tools/netsim/ansible/tasks/deploy-module.yml for dut

TASK [Figure out whether to deploy the module initial on current device] *******
ok: [dut]

TASK [Find configuration template for initial] *********************************
ok: [dut]

TASK [fail] ********************************************************************
skipping: [dut]

TASK [Find configuration deployment deploy_script for initial] *****************
ok: [dut]

TASK [Print deployed configuration when running in verbose mode] ***************
ok: [dut] => {
    "msg": "initial configuration for dut\n=========================================\nhostname dut\n!\nno ip domain-lookup\n!\nfeature lldp\n!\nusername vagrant password vagrant\n!\nip host bb 10.0.0.2\nip host r1 10.0.0.3\n!\n!\ninterface mgmt0\n no lldp transmit\n no lldp receive\n!\ninterface loopback0\n no shutdown\n ip address 10.0.0.1/32\n!\ninterface Ethernet1/1\n no shutdown\n no switchport\n mac-address caf0.0001.0001\n description dut -> bb\n ip address 10.1.0.2/30\n!\ninterface Ethernet1/2\n no shutdown\n no switchport\n mac-address caf0.0001.0002\n description dut -> r1\n ip address 10.1.0.5/30\n!\ninterface Ethernet1/3\n no shutdown\n no switchport\n mac-address caf0.0001.0003\n description dut -> stub [stub]\n ip address 172.16.0.1/24\n!\n"
}

TASK [Deploy initial configuration] ********************************************
included: /home/pipi/net101/tools/netsim/ansible/tasks/deploy-config/nxos.yml for dut

TASK [nxos_config: deploying initial from /work/netlab_cicd/node_files/dut/initial] ***
[WARNING]: To ensure idempotency and correct diff the input configuration lines
should be similar to how they appear if present in the running configuration on
device including the indentation
changed: [dut]

PLAY [Deploy module-specific configurations] ***********************************

TASK [Set variables that cannot be set with VARS] ******************************
ok: [dut]

TASK [Deploy individual configuration modules] *********************************
included: /home/pipi/net101/tools/netsim/ansible/tasks/deploy-module.yml for dut => (item=bfd)
included: /home/pipi/net101/tools/netsim/ansible/tasks/deploy-module.yml for dut => (item=ospf)

TASK [Figure out whether to deploy the module bfd on current device] ***********
ok: [dut]

TASK [Find configuration template for bfd] *************************************
ok: [dut]

TASK [fail] ********************************************************************
skipping: [dut]

TASK [Find configuration deployment deploy_script for bfd] *********************
ok: [dut]

TASK [Print deployed configuration when running in verbose mode] ***************
ok: [dut] => {
    "msg": "bfd configuration for dut\n=========================================\nfeature bfd\n!\nbfd interval 500 min_rx 500 multiplier 3\n!\n!\ninterface Ethernet1/1\n no ip redirects\n no ipv6 redirects\n!\ninterface Ethernet1/2\n no ip redirects\n no ipv6 redirects\n!\ninterface Ethernet1/3\n no ip redirects\n no ipv6 redirects\n!\n"
}

TASK [Deploy bfd configuration] ************************************************
included: /home/pipi/net101/tools/netsim/ansible/tasks/deploy-config/nxos.yml for dut

TASK [nxos_config: deploying bfd from /work/netlab_cicd/node_files/dut/bfd] ****
changed: [dut]

TASK [Figure out whether to deploy the module ospf on current device] **********
ok: [dut]

TASK [Find configuration template for ospf] ************************************
ok: [dut]

TASK [fail] ********************************************************************
skipping: [dut]

TASK [Find configuration deployment deploy_script for ospf] ********************
ok: [dut]

TASK [Print deployed configuration when running in verbose mode] ***************
ok: [dut] => {
    "msg": "ospf configuration for dut\n=========================================\nfeature ospf\nfeature bfd\n!\nrouter ospf 1\n router-id 10.0.0.1\n timers throttle spf 100 200 500\n timers throttle lsa 0 100 500\n!\ninterface loopback0\n ip router ospf 1 area 0.0.0.0\n!\ninterface Ethernet1/1\n! dut -> bb\n ip router ospf 1 area 0.0.0.0\n ip ospf network point-to-point\n ip ospf bfd\n!\ninterface Ethernet1/2\n! dut -> r1\n ip router ospf 1 area 0.0.0.1\n ip ospf network broadcast\n ip ospf cost 42\n ip ospf bfd\n!\ninterface Ethernet1/3\n! dut -> stub\n ip router ospf 1 area 0.0.0.0\n ip ospf passive-interface\n ip ospf bfd\n!\n"
}

TASK [Deploy ospf configuration] ***********************************************
included: /home/pipi/net101/tools/netsim/ansible/tasks/deploy-config/nxos.yml for dut

TASK [nxos_config: deploying ospf from /work/netlab_cicd/node_files/dut/ospf] ***
changed: [dut]

PLAY [Deploy custom deployment templates] **************************************
skipping: no hosts matched

PLAY RECAP *********************************************************************
dut                        : ok=23   changed=3    unreachable=0    failed=0    skipped=3    rescued=0    ignored=0   

Results of configuration script deployments
================================================================================
bb               Script:  initial,ospf,bfd
r1               Script:  initial,ospf,bfd


This topology tests the OSPFv2 with BFD

* Multiple OSPF areas on ABR
* BFD enabled on all interfaces

