Creating Device configuration snippets
[CREATED] dut: initial
Config Deploying device configurations
[WARNING]: Found variable using reserved name: hosts

PLAY [Deploy initial device configuration] *************************************

TASK [Set variables that cannot be set with VARS] ******************************
ok: [dut]

TASK [Deploy initial configuration] ********************************************
included: /home/pipi/netlab_gh/netsim/ansible/tasks/deploy-module.yml for dut

TASK [Figure out whether to deploy the module initial on current device] *******
ok: [dut]

TASK [Find configuration template for initial] *********************************
ok: [dut]

TASK [fail] ********************************************************************
skipping: [dut]

TASK [Find configuration deployment deploy_script for initial] *****************
ok: [dut]

TASK [Print deployed configuration when running in verbose mode] ***************
ok: [dut] => {
    "msg": "initial configuration for dut\n=========================================\nhostname dut\n!\nlldp\n!\n\n\n\ninterface mgmt\n    no lldp transmit\n    no lldp receive\n!\n\n\ninterface loopback 0\n    ip address 10.0.0.1/32\n    ipv6 address 2001:db8:0:1::1/64\n    no ipv6 nd suppress-ra\n    ipv6 nd ra min-interval 3\n    ipv6 nd ra max-interval 4\n    no shutdown\n!\n\ninterface 1/1/1\n    shutdown\n    mtu 9198\n    description dut -> stub [stub]\n    ip unnumbered interface loopback 0\n    ipv6 address link-local\n    no ipv6 nd suppress-ra\n    ipv6 nd ra min-interval 3\n    ipv6 nd ra max-interval 4\n    no shutdown\n!\n\ninterface 1/1/2\n    shutdown\n    mtu 9198\n    description dut -> stub [stub]\n    ip unnumbered interface loopback 0\n    no shutdown\n!\n\ninterface 1/1/3\n    shutdown\n    mtu 9198\n    description dut -> stub [stub]\n    ipv6 address link-local\n    no ipv6 nd suppress-ra\n    ipv6 nd ra min-interval 3\n    ipv6 nd ra max-interval 4\n    no shutdown\n!\n\ninterface 1/1/4\n    shutdown\n    mtu 9198\n    description dut -> stub [stub]\n    ip unnumbered interface loopback 0\n    ipv6 address 2001:db8:1:3::1/64\n    no ipv6 nd suppress-ra\n    ipv6 nd ra min-interval 3\n    ipv6 nd ra max-interval 4\n    no shutdown\n!\n\ninterface 1/1/5\n    shutdown\n    mtu 9198\n    description dut -> stub [stub]\n    ip address 172.16.4.1/24\n    ipv6 address link-local\n    no ipv6 nd suppress-ra\n    ipv6 nd ra min-interval 3\n    ipv6 nd ra max-interval 4\n    no shutdown\n!\n!\n"
}

TASK [Deploy initial configuration] ********************************************
included: /home/pipi/netlab_gh/netsim/ansible/tasks/deploy-config/arubacx.yml for dut

TASK [tempfile] ****************************************************************
changed: [dut -> localhost]

TASK [template] ****************************************************************
changed: [dut -> localhost]

TASK [aoscx_config: deploying initial from /work/netlab_cicd/node_files/dut/initial] ***
changed: [dut]

TASK [file] ********************************************************************
changed: [dut -> localhost]

PLAY [Deploy module-specific configurations] ***********************************
skipping: no hosts matched

PLAY [Deploy custom deployment templates] **************************************
skipping: no hosts matched

PLAY RECAP *********************************************************************
dut                        : ok=11   changed=4    unreachable=0    failed=0    skipped=1    rescued=0    ignored=0   



This test checks that the initial configuration doesn't crash when dealing
with the all possible combinations of unnumbered interfaces. Use OSPFv2/OSPFv3
integration tests to validate the unnumbered interface functionality.

