Checking virtualization provider installation
OK: clab installed and working correctly
Stopping clab nodes
08:49:08 INFO Parsing & checking topology file=clab.yml
08:49:08 INFO Parsing & checking topology file=clab.yml
08:49:08 INFO Destroying lab name=ml-83
08:49:09 INFO Removed container name=clab-ml-83-ce1
08:49:09 INFO Removed container name=clab-ml-83-pe2
08:49:09 INFO Removed container name=clab-ml-83-dut
08:49:09 INFO Removed container name=clab-ml-83-c1
08:49:09 INFO Removing host entries path=/etc/hosts
08:49:09 INFO Removing SSH config path=/etc/ssh/ssh_config.d/clab-ml-83.conf
Cleanup configuration files
... removing clab.yml
... removing ansible.cfg
... removing hosts.yml
... removing directory tree group_vars
... removing directory tree host_vars
... removing directory tree node_files
... removing netlab.snapshot.pickle
