Creating Device configuration snippets
[CREATED] dut: initial
Checking Are lab devices ready to be configured?
 [INFO] Checking SSH server(s) on dut
[SSH]     SSH server on node dut (device vjunos-switch) is ready after 135.4 seconds
 [INFO] Checking lab devices with an Ansible playbook
[WARNING]: Found variable using reserved name: hosts

PLAY [Wait for SSH servers] ****************************************************

PLAY [Wait for device-specific conditions] *************************************

TASK [Set variables that cannot be set with VARS] ******************************
ok: [dut]

TASK [Find device readiness script] ********************************************
ok: [dut]

TASK [Wait for device to become ready] *****************************************
included: /home/pipi/netlab_gh/netsim/ansible/tasks/readiness-check/junos.yml for dut

TASK [set_fact] ****************************************************************
ok: [dut]

TASK [Wait for first interface (ge-0/0/0)] *************************************
ok: [dut]

PLAY RECAP *********************************************************************
dut                        : ok=5    changed=0    unreachable=0    failed=0    skipped=0    rescued=0    ignored=0   

Config Deploying device configurations
[WARNING]: Found variable using reserved name: hosts

PLAY [Deploy initial device configuration] *************************************

TASK [Set variables that cannot be set with VARS] ******************************
ok: [dut]

TASK [Deploy initial configuration] ********************************************
included: /home/pipi/netlab_gh/netsim/ansible/tasks/deploy-module.yml for dut

TASK [Figure out whether to deploy the module initial on current device] *******
ok: [dut]

TASK [Find configuration template for initial] *********************************
ok: [dut]

TASK [fail] ********************************************************************
skipping: [dut]

TASK [Find configuration deployment deploy_script for initial] *****************
ok: [dut]

TASK [Print deployed configuration when running in verbose mode] ***************
ok: [dut] => {
    "msg": "initial configuration for dut\n=========================================\nsystem {\n  host-name dut;\n  static-host-mapping {\n  }\n}\n\ninterfaces {\n  ge-0/0/0 {\n    mtu 1514;\n  }\n  ge-0/0/1 {\n    mtu 1514;\n  }\n  ge-0/0/2 {\n    mtu 1514;\n  }\n  ge-0/0/3 {\n    mtu 1514;\n  }\n  ge-0/0/4 {\n    mtu 1514;\n  }\n\n  lo0.0 {\n\n      family inet {\n        address 10.0.0.1/32;\n      }\n      family inet6 {\n        address 2001:db8:0:1::1/64;\n      }\n  }\n  ge-0/0/0.0 {\n    description \"dut -> stub [stub]\";\n\n      family inet {\n        unnumbered-address lo0.0;\n      }\n      family inet6 {\n      }\n  }\n  ge-0/0/1.0 {\n    description \"dut -> stub [stub]\";\n\n      family inet {\n        unnumbered-address lo0.0;\n      }\n  }\n  ge-0/0/2.0 {\n    description \"dut -> stub [stub]\";\n\n      family inet6 {\n      }\n  }\n  ge-0/0/3.0 {\n    description \"dut -> stub [stub]\";\n\n      family inet {\n        unnumbered-address lo0.0;\n      }\n      family inet6 {\n        address 2001:db8:1:3::1/64;\n      }\n  }\n  ge-0/0/4.0 {\n    description \"dut -> stub [stub]\";\n\n      family inet {\n        address 172.16.4.1/24;\n      }\n      family inet6 {\n      }\n  }\n}\nprotocols {\n  lldp {\n    interface fxp0 {\n      disable;\n    }\n    interface all;\n  }\n  router-advertisement {\n    interface ge-0/0/0.0;\n    interface ge-0/0/2.0;\n    interface ge-0/0/3.0;\n    interface ge-0/0/4.0;\n  }\n}\n"
}

TASK [Deploy initial configuration] ********************************************
included: /home/pipi/netlab_gh/netsim/ansible/tasks/deploy-config/junos.yml for dut

TASK [junos_config: deploying initial from /work/netlab_cicd/node_files/dut/initial] ***
[WARNING]: mgd: statement must contain additional statements
changed: [dut]

PLAY [Deploy module-specific configurations] ***********************************
skipping: no hosts matched

PLAY [Deploy custom deployment templates] **************************************
skipping: no hosts matched

PLAY RECAP *********************************************************************
dut                        : ok=8    changed=1    unreachable=0    failed=0    skipped=1    rescued=0    ignored=0   



This test checks that the initial configuration doesn't crash when dealing
with the all possible combinations of unnumbered interfaces. Use OSPFv2/OSPFv3
integration tests to validate the unnumbered interface functionality.

