Using transformed lab topology from snapshot file netlab.snapshot.pickle
Checking virtualization provider installation
OK: clab installed and working correctly
Starting clab nodes
 [INFO] Setting containerlab runtime to docker
provider clab: executing flock -E 42 /tmp/netlab.lock containerlab deploy --reconfigure -t clab.yml
18:13:49 INFO Containerlab started version=0.75.0
18:13:49 INFO Parsing & checking topology file=clab.yml
18:13:49 INFO Removing directory path=/work/netlab_cicd/clab-ml-17
18:13:49 INFO Creating docker network name=nl_mgmt_17 IPv4 subnet=192.168.17.0/24 IPv6 subnet=fd00:df:1ab:17::/64 MTU=0
18:13:49 INFO Creating lab directory path=/work/netlab_cicd/clab-ml-17
18:13:49 INFO Creating container name=x1
18:13:49 INFO Creating container name=dut
18:13:49 INFO Created link: dut:eth1 ▪┄┄▪ x1:eth1
18:13:50 INFO Executed command node=x1 command="sleep 1" stdout=""
18:13:50 INFO Adding host entries path=/etc/hosts
18:13:50 INFO Adding SSH config for nodes path=/etc/ssh/ssh_config.d/clab-ml-17.conf
18:13:50 INFO containerlab version
  🎉=
  │ A newer containerlab version (0.78.0) is available!
  │ Release notes: https://containerlab.dev/rn/0.78/
  │ Run 'clab version upgrade' or see https://containerlab.dev/install/ for other installation options.
[1m╭[0m[1m────────────────[0m[1m┬[0m[1m──────────────────────────────────────────[0m[1m┬[0m[1m────────────────────[0m[1m┬[0m[1m───────────────────[0m[1m╮[0m
[1m│[0m[1m      Name      [0m[1m│[0m[1m                Kind/Image                [0m[1m│[0m[1m        State       [0m[1m│[0m[1m   IPv4/6 Address  [0m[1m│[0m
[1m├[0m[1m────────────────[0m[1m┼[0m[1m──────────────────────────────────────────[0m[1m┼[0m[1m────────────────────[0m[1m┼[0m[1m───────────────────[0m[1m┤[0m
│ clab-ml-17-dut │ juniper_vjunosswitch                     │ running            │ 192.168.17.101    │
│                │ vrnetlab/juniper_vjunos-switch:25.4R1.12 │ (health: starting) │ fd00:df:1ab:17::3 │
├────────────────┼──────────────────────────────────────────┼────────────────────┼───────────────────┤
│ clab-ml-17-x1  │ linux                                    │ running            │ 192.168.17.102    │
│                │ quay.io/frrouting/frr:10.6.1             │                    │ fd00:df:1ab:17::2 │
╰────────────────┴──────────────────────────────────────────┴────────────────────┴───────────────────╯

Initial configuration skipped, run 'netlab initial' to configure the devices
Checking Are lab devices ready to be configured?
 [INFO] Checking SSH server(s) on dut
[SSH]     SSH server on node dut (device vjunos-switch) is ready after 133.3 seconds
 [INFO] Checking lab devices with an Ansible playbook
[WARNING]: Found variable using reserved name: hosts

PLAY [Wait for SSH servers] ****************************************************

PLAY [Wait for device-specific conditions] *************************************

TASK [Set variables that cannot be set with VARS] ******************************
ok: [dut]

TASK [Find device readiness script] ********************************************
ok: [dut]

TASK [Wait for device to become ready] *****************************************
included: /home/pipi/netlab_gh/netsim/ansible/tasks/readiness-check/junos.yml for dut

TASK [set_fact] ****************************************************************
ok: [dut]

TASK [Wait for first interface (ge-0/0/0)] *************************************
ok: [dut]

PLAY RECAP *********************************************************************
dut                        : ok=5    changed=0    unreachable=0    failed=0    skipped=0    rescued=0    ignored=0   

 [INFO] Lab devices are ready to be configured
initial:  [INFO] Lab devices do not need the configuration
          normalization step
[WARNING]: Found variable using reserved name: hosts

PLAY [Reload saved device configurations] **************************************

TASK [Did we get the configuration directory name?] ****************************
skipping: [dut]

TASK [Set variables that cannot be set with VARS] ******************************
ok: [dut]

TASK [Remember the original deployment path(s)] ********************************
ok: [dut]

TASK [Do initial device configuration if needed] *******************************
skipping: [dut]

TASK [Deploy saved configuration files] ****************************************
included: /home/pipi/netlab_gh/netsim/ansible/tasks/deploy-custom-config.yml for dut

TASK [Find configuration template] *********************************************
ok: [dut]

TASK [fail] ********************************************************************
skipping: [dut]

TASK [Check is the configuration template is a file] ***************************
ok: [dut -> localhost]

TASK [fail] ********************************************************************
skipping: [dut]

TASK [Process template /work/netlab_cicd/node_files/dut/saved.cfg for dut] *****
skipping: [dut]

TASK [debug] *******************************************************************
skipping: [dut]

TASK [debug] *******************************************************************
skipping: [dut]

TASK [Find custom configuration deployment script] *****************************
ok: [dut]

TASK [Run the configuration deployment script] *********************************
included: /home/pipi/netlab_gh/netsim/ansible/tasks/deploy-config/junos.yml for dut

TASK [junos_config: deploying saved from /work/netlab_cicd/node_files/dut/saved.cfg] ***
changed: [dut]

PLAY RECAP *********************************************************************
dut                        : ok=8    changed=1    unreachable=0    failed=0    skipped=7    rescued=0    ignored=0   

[CREATED] dut: initial,saved
Creating Device configuration snippets
[CREATED] x1: initial,ospf
Config Deploying device configurations
 [INFO] Executing initial configuration for node x1
 [INFO] Executing ospf configuration for node x1

Results of configuration script deployments
================================================================================
x1               Script:  initial,ospf


