Creating Device configuration snippets
[CREATED] h1: initial,routing
[CREATED] h2: initial,routing
[CREATED] dut: normalize,initial,lag,vlan,ospf
[CREATED] xr: initial,lag,vlan,ospf
Checking Are lab devices ready to be configured?
 [INFO] Checking SSH server(s) on dut
[SSH]     SSH server on node dut (device ioll2) is ready after 7.4 seconds
Config Normalizing device configurations
netmiko:  [INFO] Sent normalize configuration to dut
Config Deploying device configurations
 [INFO] Executing initial configuration for node h1 (namespace clab-
          ml-17-h1)
 [INFO] Executing initial configuration for node h2 (namespace clab-
          ml-17-h2)
 [INFO] Executing initial configuration for node xr
 [INFO] Executing routing configuration for node h1 (namespace clab-
          ml-17-h1)
 [INFO] Executing routing configuration for node h2 (namespace clab-
          ml-17-h2)
 [INFO] Executing lag configuration for node xr
 [INFO] Executing vlan configuration for node xr
 [INFO] Executing ospf configuration for node xr
netmiko:  [INFO] Sent initial configuration to dut
netmiko:  [INFO] Sent lag configuration to dut
netmiko:  [INFO] Sent vlan configuration to dut
netmiko:  [INFO] Sent ospf configuration to dut

Results of configuration script deployments
================================================================================
h1               Script:  initial,routing
h2               Script:  initial,routing
dut              Script:  normalize,initial,lag,vlan,ospf
xr               Script:  initial,lag,vlan,ospf


The device under test is a router connected with a routed VLAN trunk on a LAG to
another router. Hosts should be able to ping each other.

On routers, this case tests routed subinterfaces on a port-channel interface

