Checking virtualization provider installation
OK: clab installed and working correctly
Stopping clab nodes
 [INFO] Setting containerlab runtime to docker
provider clab: executing flock -E 42 /tmp/netlab.lock containerlab destroy --cleanup -t clab.yml
21:03:52 INFO Parsing & checking topology file=clab.yml
21:03:52 INFO Parsing & checking topology file=clab.yml
21:03:52 INFO Destroying lab name=ml-17
21:03:52 ERRO container "clab-ml-17-dut" exited; container output:
*Aug 21 21:02:22.689: %LINK-5-CHANGED: Interface Ethernet0/3, changed state to administratively down
*Aug 21 21:02:23.522: %LINEPROTO-5-UPDOWN: Line protocol on Interface Ethernet0/2, changed state to down
*Aug 21 21:02:23.689: %LINEPROTO-5-UPDOWN: Line protocol on Interface Ethernet0/3, changed state to down
*Aug 21 21:02:24.339: %PNP-6-PNP_SAVING_TECH_SUMMARY: Saving PnP tech summary (/pnp-tech/pnp-tech-discovery-summary)... Please wait. Do not interrupt.
*Aug 21 21:02:24.440: %SYS-5-CONFIG_P: Configured programmatically by process PnP Agent Discovery from console as vty2
*Aug 21 21:02:24.441: %SYS-5-CONFIG_P: Configured programmatically by process PnP Agent Discovery from console as vty2
*Aug 21 21:02:25.293: %LINEPROTO-5-UPDOWN: Line protocol on Interface Ethernet0/3, changed state to up
*Aug 21 21:02:25.469: %LINK-3-UPDOWN: Interface Ethernet0/1, changed state to up
*Aug 21 21:02:25.494: %SYS-5-CONFIG_I: Configured from console by admin on vty1 (192.168.17.1)
*Aug 21 21:02:25.823: %LINK-3-UPDOWN: Interface Ethernet0/2, changed state to up
*Aug 21 21:02:26.398: %LINK-3-UPDOWN: Interface Ethernet0/3, changed state to up
*Aug 21 21:02:26.418: %SYS-5-CONFIG_I: Configured from console by admin on vty1 (192.168.17.1)
*Aug 21 21:02:26.469: %LINEPROTO-5-UPDOWN: Line protocol on Interface Ethernet0/1, changed state to up
*Aug 21 21:02:26.719: %SYS-5-CONFIG_I: Configured from console by admin on vty1 (192.168.17.1)
*Aug 21 21:02:26.823: %LINEPROTO-5-UPDOWN: Line protocol on Interface Ethernet0/2, changed state to up
*Aug 21 21:02:26.886: %OSPF-6-DFT_OPT: Protocol timers for fast convergence are Enabled.
*Aug 21 21:02:27.912: %SYS-5-CONFIG_I: Configured from console by admin on vty1 (192.168.17.1)
*Aug 21 21:02:27.984: %SSH-5-SSH2_CLOSE: SSH2 Session from 192.168.17.1 (tty = 0) for user '' using crypto cipher 'aes128-ctr', hmac 'hmac-sha2-256' closed
*Aug 21 21:02:27.984: %SSH-5-SSH2_CLOSE: SSH2 Session from 192.168.17.1 (tty = 1) for user '' using crypto cipher 'aes128-ctr', hmac 'hmac-sha2-256' closed

Exception to Fastpath Thread:
Frame pointer 0x7F2600BBD010, PC = 0x55A9865E651F

-Traceback= 7F262118D050 79E651Fz 79E44FAz 79E6659z 7733911z 78F5ECEz 78FDC55z 7F26211DA1F5 7F262125A8EC

IOS Thread backtrace: 
UNIX-EXT-SIGNAL: User defined signal 2(12), Process = Sched
-Traceback= 388E89Cz 78D8A8Az 78F99C3z 7F262118D050 7F2621220545 7F2621224E53 7F2621250295 78FCDE0z 78D4A7Cz 7EAD98Bz 7EAFCF5z 7EAB5C2z 2ADF528z 7F262117824A 7F2621178305 2ADF42Ez

RAX = 0000000000000000  RBX = 00007F2601A18320
RCX = 0000000000000000  RDX = 7FFFFFFFFFFFFFFF
RSP = 00007F2600BBD010  RBP = 00007F2600BBD050
RSI = 80007F2600DDAC78  RDI = 000000000000003E
R8  = 0000000000000000  R9  = FFFFFFFFFFFFFF7F
R10 = 00007F2601A082C0  R11 = 0000000000000000
R12 = 00007F2600DDAC78  R13 = 7FFFFFFFFFFFFFFF
R14 = 80007F2601A18320  R15 = 80007F2600DDAC78
RFL = 0000000000010246  RIP = 000055A9865E651F
CS = 0033  FS = 0000  GS = 0000
ST0 = 0000 0000000000000000  ST1 = 0000 0000000000000000
ST2 = 0000 0000000000000000  ST3 = 0000 0000000000000000
ST4 = 0000 0000000000000000  ST5 = 0000 0000000000000000
ST6 = 0000 0000000000000000  ST7 = 0000 0000000000000000
X87CW = 037F  X87SW = 0000  X87TG = 0000  X87OP = 0000
X87IP = 0000000000000000  X87DP = 0000000000000000
XMM0  = 00007F2600BBCF500000003000000008
XMM1  = 00007F262125A8EC00007F2600BBD3C0
XMM2  = 00000000000000000000000000000000
XMM3  = 00007F262125A8E10000000000000000
XMM4  = 00000000000000004000000000000000
XMM5  = 00000000000000000000000000000000
XMM6  = 00000000000000000000000000000000
XMM7  = 00007F2600BBD30800007F2600BBD300
XMM8  = 00000000000000000000000000000000
XMM9  = 00000000000000000000000000000000
XMM10 = 3F3F3F3F3F3F3F3F3F3F3F3F3F3F3F3F
XMM11 = 99999999999999999999999999999999
XMM12 = 20202020202020202020202020202020
XMM13 = 00000000000000000000000000000000
XMM14 = 00000000000000000000000000000000
XMM15 = 00000000000000000000000000000000
MXCSR = 00001F80

Skip writing crashinfo.

Buffered messages:

*Aug 21 21:02:21.823: %SYS-4-LOG_CONFIG_CHANGE: Buffer logging: level debugging, xml disabled, filtering disabled, size (256000)
*Aug 21 21:02:22.267: %LINK-5-CHANGED: Interface Port-channel1, changed state to administratively down
*Aug 21 21:02:22.420: %LINK-5-CHANGED: Interface Ethernet0/1, changed state to administratively down
*Aug 21 21:02:22.520: %LINEPROTO-5-UPDOWN: Line protocol on Interface Loopback0, changed state to up
*Aug 21 21:02:22.521: %LINK-5-CHANGED: Interface Ethernet0/2, changed state to administratively down
*Aug 21 21:02:22.689: %LINK-5-CHANGED: Interface Ethernet0/3, changed state to administratively down
*Aug 21 21:02:23.522: %LINEPROTO-5-UPDOWN: Line protocol on Interface Ethernet0/2, changed state to down
*Aug 21 21:02:23.689: %LINEPROTO-5-UPDOWN: Line protocol on Interface Ethernet0/3, changed state to down
*Aug 21 21:02:24.339: %PNP-6-PNP_SAVING_TECH_SUMMARY: Saving PnP tech summary (/pnp-tech/pnp-tech-discovery-summary)... Please wait. Do not interrupt.
*Aug 21 21:02:24.440: %SYS-5-CONFIG_P: Configured programmatically by process PnP Agent Discovery from console as vty2
*Aug 21 21:02:24.441: %SYS-5-CONFIG_P: Configured programmatically by process PnP Agent Discovery from console as vty2
*Aug 21 21:02:25.293: %LINEPROTO-5-UPDOWN: Line protocol on Interface Ethernet0/3, changed state to up
*Aug 21 21:02:25.469: %LINK-3-UPDOWN: Interface Ethernet0/1, changed state to up
*Aug 21 21:02:25.494: %SYS-5-CONFIG_I: Configured from console by admin on vty1 (192.168.17.1)
*Aug 21 21:02:25.823: %LINK-3-UPDOWN: Interface Ethernet0/2, changed state to up
*Aug 21 21:02:26.398: %LINK-3-UPDOWN: Interface Ethernet0/3, changed state to up
*Aug 21 21:02:26.418: %SYS-5-CONFIG_I: Configured from console by admin on vty1 (192.168.17.1)
*Aug 21 21:02:26.469: %LINEPROTO-5-UPDOWN: Line protocol on Interface Ethernet0/1, changed state to up
*Aug 21 21:02:26.719: %SYS-5-CONFIG_I: Configured from console by admin on vty1 (192.168.17.1)
*Aug 21 21:02:26.823: %LINEPROTO-5-UPDOWN: Line protocol on Interface Ethernet0/2, changed state to up
*Aug 21 21:02:26.886: %OSPF-6-DFT_OPT: Protocol timers for fast convergence are Enabled.
*Aug 21 21:02:27.912: %SYS-5-CONFIG_I: Configured from console by admin on vty1 (192.168.17.1)
*Aug 21 21:02:27.984: %SSH-5-SSH2_CLOSE: SSH2 Session from 192.168.17.1 (tty = 0) for user '' using crypto cipher 'aes128-ctr', hmac 'hmac-sha2-256' closed
*Aug 21 21:02:27.984: %SSH-5-SSH2_CLOSE: SSH2 Session from 192.168.17.1 (tty = 1) for user '' using crypto cipher 'aes128-ctr', hmac 'hmac-sha2-256' closed
Queued messages:
*Aug 21 21:02:30.115: %LINK-3-UPDOWN: Interface Port-channel1, changed state to up
*Aug 21 21:02:30.948: %SYS-2-BADBUFFER: Attempt to use scattered buffer as contiguous src, ptr= 80007F2601A18320, pool= 80007F260163C908 -Process= "<interrupt level>", ipl= 2
-Traceback= 386AF19z 7C40ADCz 7C422D5z 79E64FCz 79E44FAz 79E6659z 7733911z 78F5ECEz 78FDC55z 7F26211DA1F5 7F262125A8EC/usr/bin/iouyap: Received signal 1
/usr/bin/iouyap: Stopping listeners and cleaning up
/usr/bin/iouyap: Reloading configuration because of SIGHUP
/usr/bin/iouyap: Parsing NETMAP...
/usr/bin/iouyap: --------------
/usr/bin/iouyap: Configuring 513:0/0...
21:03:52 ERRO container "clab-ml-17-dut" exited; container output:
*Aug 21 21:02:22.689: %LINK-5-CHANGED: Interface Ethernet0/3, changed state to administratively down
*Aug 21 21:02:23.522: %LINEPROTO-5-UPDOWN: Line protocol on Interface Ethernet0/2, changed state to down
*Aug 21 21:02:23.689: %LINEPROTO-5-UPDOWN: Line protocol on Interface Ethernet0/3, changed state to down
*Aug 21 21:02:24.339: %PNP-6-PNP_SAVING_TECH_SUMMARY: Saving PnP tech summary (/pnp-tech/pnp-tech-discovery-summary)... Please wait. Do not interrupt.
*Aug 21 21:02:24.440: %SYS-5-CONFIG_P: Configured programmatically by process PnP Agent Discovery from console as vty2
*Aug 21 21:02:24.441: %SYS-5-CONFIG_P: Configured programmatically by process PnP Agent Discovery from console as vty2
*Aug 21 21:02:25.293: %LINEPROTO-5-UPDOWN: Line protocol on Interface Ethernet0/3, changed state to up
*Aug 21 21:02:25.469: %LINK-3-UPDOWN: Interface Ethernet0/1, changed state to up
*Aug 21 21:02:25.494: %SYS-5-CONFIG_I: Configured from console by admin on vty1 (192.168.17.1)
*Aug 21 21:02:25.823: %LINK-3-UPDOWN: Interface Ethernet0/2, changed state to up
*Aug 21 21:02:26.398: %LINK-3-UPDOWN: Interface Ethernet0/3, changed state to up
*Aug 21 21:02:26.418: %SYS-5-CONFIG_I: Configured from console by admin on vty1 (192.168.17.1)
*Aug 21 21:02:26.469: %LINEPROTO-5-UPDOWN: Line protocol on Interface Ethernet0/1, changed state to up
*Aug 21 21:02:26.719: %SYS-5-CONFIG_I: Configured from console by admin on vty1 (192.168.17.1)
*Aug 21 21:02:26.823: %LINEPROTO-5-UPDOWN: Line protocol on Interface Ethernet0/2, changed state to up
*Aug 21 21:02:26.886: %OSPF-6-DFT_OPT: Protocol timers for fast convergence are Enabled.
*Aug 21 21:02:27.912: %SYS-5-CONFIG_I: Configured from console by admin on vty1 (192.168.17.1)
*Aug 21 21:02:27.984: %SSH-5-SSH2_CLOSE: SSH2 Session from 192.168.17.1 (tty = 0) for user '' using crypto cipher 'aes128-ctr', hmac 'hmac-sha2-256' closed
*Aug 21 21:02:27.984: %SSH-5-SSH2_CLOSE: SSH2 Session from 192.168.17.1 (tty = 1) for user '' using crypto cipher 'aes128-ctr', hmac 'hmac-sha2-256' closed

Exception to Fastpath Thread:
Frame pointer 0x7F2600BBD010, PC = 0x55A9865E651F

-Traceback= 7F262118D050 79E651Fz 79E44FAz 79E6659z 7733911z 78F5ECEz 78FDC55z 7F26211DA1F5 7F262125A8EC

IOS Thread backtrace: 
UNIX-EXT-SIGNAL: User defined signal 2(12), Process = Sched
-Traceback= 388E89Cz 78D8A8Az 78F99C3z 7F262118D050 7F2621220545 7F2621224E53 7F2621250295 78FCDE0z 78D4A7Cz 7EAD98Bz 7EAFCF5z 7EAB5C2z 2ADF528z 7F262117824A 7F2621178305 2ADF42Ez

RAX = 0000000000000000  RBX = 00007F2601A18320
RCX = 0000000000000000  RDX = 7FFFFFFFFFFFFFFF
RSP = 00007F2600BBD010  RBP = 00007F2600BBD050
RSI = 80007F2600DDAC78  RDI = 000000000000003E
R8  = 0000000000000000  R9  = FFFFFFFFFFFFFF7F
R10 = 00007F2601A082C0  R11 = 0000000000000000
R12 = 00007F2600DDAC78  R13 = 7FFFFFFFFFFFFFFF
R14 = 80007F2601A18320  R15 = 80007F2600DDAC78
RFL = 0000000000010246  RIP = 000055A9865E651F
CS = 0033  FS = 0000  GS = 0000
ST0 = 0000 0000000000000000  ST1 = 0000 0000000000000000
ST2 = 0000 0000000000000000  ST3 = 0000 0000000000000000
ST4 = 0000 0000000000000000  ST5 = 0000 0000000000000000
ST6 = 0000 0000000000000000  ST7 = 0000 0000000000000000
X87CW = 037F  X87SW = 0000  X87TG = 0000  X87OP = 0000
X87IP = 0000000000000000  X87DP = 0000000000000000
XMM0  = 00007F2600BBCF500000003000000008
XMM1  = 00007F262125A8EC00007F2600BBD3C0
XMM2  = 00000000000000000000000000000000
XMM3  = 00007F262125A8E10000000000000000
XMM4  = 00000000000000004000000000000000
XMM5  = 00000000000000000000000000000000
XMM6  = 00000000000000000000000000000000
XMM7  = 00007F2600BBD30800007F2600BBD300
XMM8  = 00000000000000000000000000000000
XMM9  = 00000000000000000000000000000000
XMM10 = 3F3F3F3F3F3F3F3F3F3F3F3F3F3F3F3F
XMM11 = 99999999999999999999999999999999
XMM12 = 20202020202020202020202020202020
XMM13 = 00000000000000000000000000000000
XMM14 = 00000000000000000000000000000000
XMM15 = 00000000000000000000000000000000
MXCSR = 00001F80

Skip writing crashinfo.

Buffered messages:

*Aug 21 21:02:21.823: %SYS-4-LOG_CONFIG_CHANGE: Buffer logging: level debugging, xml disabled, filtering disabled, size (256000)
*Aug 21 21:02:22.267: %LINK-5-CHANGED: Interface Port-channel1, changed state to administratively down
*Aug 21 21:02:22.420: %LINK-5-CHANGED: Interface Ethernet0/1, changed state to administratively down
*Aug 21 21:02:22.520: %LINEPROTO-5-UPDOWN: Line protocol on Interface Loopback0, changed state to up
*Aug 21 21:02:22.521: %LINK-5-CHANGED: Interface Ethernet0/2, changed state to administratively down
*Aug 21 21:02:22.689: %LINK-5-CHANGED: Interface Ethernet0/3, changed state to administratively down
*Aug 21 21:02:23.522: %LINEPROTO-5-UPDOWN: Line protocol on Interface Ethernet0/2, changed state to down
*Aug 21 21:02:23.689: %LINEPROTO-5-UPDOWN: Line protocol on Interface Ethernet0/3, changed state to down
*Aug 21 21:02:24.339: %PNP-6-PNP_SAVING_TECH_SUMMARY: Saving PnP tech summary (/pnp-tech/pnp-tech-discovery-summary)... Please wait. Do not interrupt.
*Aug 21 21:02:24.440: %SYS-5-CONFIG_P: Configured programmatically by process PnP Agent Discovery from console as vty2
*Aug 21 21:02:24.441: %SYS-5-CONFIG_P: Configured programmatically by process PnP Agent Discovery from console as vty2
*Aug 21 21:02:25.293: %LINEPROTO-5-UPDOWN: Line protocol on Interface Ethernet0/3, changed state to up
*Aug 21 21:02:25.469: %LINK-3-UPDOWN: Interface Ethernet0/1, changed state to up
*Aug 21 21:02:25.494: %SYS-5-CONFIG_I: Configured from console by admin on vty1 (192.168.17.1)
*Aug 21 21:02:25.823: %LINK-3-UPDOWN: Interface Ethernet0/2, changed state to up
*Aug 21 21:02:26.398: %LINK-3-UPDOWN: Interface Ethernet0/3, changed state to up
*Aug 21 21:02:26.418: %SYS-5-CONFIG_I: Configured from console by admin on vty1 (192.168.17.1)
*Aug 21 21:02:26.469: %LINEPROTO-5-UPDOWN: Line protocol on Interface Ethernet0/1, changed state to up
*Aug 21 21:02:26.719: %SYS-5-CONFIG_I: Configured from console by admin on vty1 (192.168.17.1)
*Aug 21 21:02:26.823: %LINEPROTO-5-UPDOWN: Line protocol on Interface Ethernet0/2, changed state to up
*Aug 21 21:02:26.886: %OSPF-6-DFT_OPT: Protocol timers for fast convergence are Enabled.
*Aug 21 21:02:27.912: %SYS-5-CONFIG_I: Configured from console by admin on vty1 (192.168.17.1)
*Aug 21 21:02:27.984: %SSH-5-SSH2_CLOSE: SSH2 Session from 192.168.17.1 (tty = 0) for user '' using crypto cipher 'aes128-ctr', hmac 'hmac-sha2-256' closed
*Aug 21 21:02:27.984: %SSH-5-SSH2_CLOSE: SSH2 Session from 192.168.17.1 (tty = 1) for user '' using crypto cipher 'aes128-ctr', hmac 'hmac-sha2-256' closed
Queued messages:
*Aug 21 21:02:30.115: %LINK-3-UPDOWN: Interface Port-channel1, changed state to up
*Aug 21 21:02:30.948: %SYS-2-BADBUFFER: Attempt to use scattered buffer as contiguous src, ptr= 80007F2601A18320, pool= 80007F260163C908 -Process= "<interrupt level>", ipl= 2
-Traceback= 386AF19z 7C40ADCz 7C422D5z 79E64FCz 79E44FAz 79E6659z 7733911z 78F5ECEz 78FDC55z 7F26211DA1F5 7F262125A8EC/usr/bin/iouyap: Received signal 1
/usr/bin/iouyap: Stopping listeners and cleaning up
/usr/bin/iouyap: Reloading configuration because of SIGHUP
/usr/bin/iouyap: Parsing NETMAP...
/usr/bin/iouyap: --------------
/usr/bin/iouyap: Configuring 513:0/0...
21:03:52 ERRO container "clab-ml-17-dut" exited; container output:
*Aug 21 21:02:22.689: %LINK-5-CHANGED: Interface Ethernet0/3, changed state to administratively down
*Aug 21 21:02:23.522: %LINEPROTO-5-UPDOWN: Line protocol on Interface Ethernet0/2, changed state to down
*Aug 21 21:02:23.689: %LINEPROTO-5-UPDOWN: Line protocol on Interface Ethernet0/3, changed state to down
*Aug 21 21:02:24.339: %PNP-6-PNP_SAVING_TECH_SUMMARY: Saving PnP tech summary (/pnp-tech/pnp-tech-discovery-summary)... Please wait. Do not interrupt.
*Aug 21 21:02:24.440: %SYS-5-CONFIG_P: Configured programmatically by process PnP Agent Discovery from console as vty2
*Aug 21 21:02:24.441: %SYS-5-CONFIG_P: Configured programmatically by process PnP Agent Discovery from console as vty2
*Aug 21 21:02:25.293: %LINEPROTO-5-UPDOWN: Line protocol on Interface Ethernet0/3, changed state to up
*Aug 21 21:02:25.469: %LINK-3-UPDOWN: Interface Ethernet0/1, changed state to up
*Aug 21 21:02:25.494: %SYS-5-CONFIG_I: Configured from console by admin on vty1 (192.168.17.1)
*Aug 21 21:02:25.823: %LINK-3-UPDOWN: Interface Ethernet0/2, changed state to up
*Aug 21 21:02:26.398: %LINK-3-UPDOWN: Interface Ethernet0/3, changed state to up
*Aug 21 21:02:26.418: %SYS-5-CONFIG_I: Configured from console by admin on vty1 (192.168.17.1)
*Aug 21 21:02:26.469: %LINEPROTO-5-UPDOWN: Line protocol on Interface Ethernet0/1, changed state to up
*Aug 21 21:02:26.719: %SYS-5-CONFIG_I: Configured from console by admin on vty1 (192.168.17.1)
*Aug 21 21:02:26.823: %LINEPROTO-5-UPDOWN: Line protocol on Interface Ethernet0/2, changed state to up
*Aug 21 21:02:26.886: %OSPF-6-DFT_OPT: Protocol timers for fast convergence are Enabled.
*Aug 21 21:02:27.912: %SYS-5-CONFIG_I: Configured from console by admin on vty1 (192.168.17.1)
*Aug 21 21:02:27.984: %SSH-5-SSH2_CLOSE: SSH2 Session from 192.168.17.1 (tty = 0) for user '' using crypto cipher 'aes128-ctr', hmac 'hmac-sha2-256' closed
*Aug 21 21:02:27.984: %SSH-5-SSH2_CLOSE: SSH2 Session from 192.168.17.1 (tty = 1) for user '' using crypto cipher 'aes128-ctr', hmac 'hmac-sha2-256' closed

Exception to Fastpath Thread:
Frame pointer 0x7F2600BBD010, PC = 0x55A9865E651F

-Traceback= 7F262118D050 79E651Fz 79E44FAz 79E6659z 7733911z 78F5ECEz 78FDC55z 7F26211DA1F5 7F262125A8EC

IOS Thread backtrace: 
UNIX-EXT-SIGNAL: User defined signal 2(12), Process = Sched
-Traceback= 388E89Cz 78D8A8Az 78F99C3z 7F262118D050 7F2621220545 7F2621224E53 7F2621250295 78FCDE0z 78D4A7Cz 7EAD98Bz 7EAFCF5z 7EAB5C2z 2ADF528z 7F262117824A 7F2621178305 2ADF42Ez

RAX = 0000000000000000  RBX = 00007F2601A18320
RCX = 0000000000000000  RDX = 7FFFFFFFFFFFFFFF
RSP = 00007F2600BBD010  RBP = 00007F2600BBD050
RSI = 80007F2600DDAC78  RDI = 000000000000003E
R8  = 0000000000000000  R9  = FFFFFFFFFFFFFF7F
R10 = 00007F2601A082C0  R11 = 0000000000000000
R12 = 00007F2600DDAC78  R13 = 7FFFFFFFFFFFFFFF
R14 = 80007F2601A18320  R15 = 80007F2600DDAC78
RFL = 0000000000010246  RIP = 000055A9865E651F
CS = 0033  FS = 0000  GS = 0000
ST0 = 0000 0000000000000000  ST1 = 0000 0000000000000000
ST2 = 0000 0000000000000000  ST3 = 0000 0000000000000000
ST4 = 0000 0000000000000000  ST5 = 0000 0000000000000000
ST6 = 0000 0000000000000000  ST7 = 0000 0000000000000000
X87CW = 037F  X87SW = 0000  X87TG = 0000  X87OP = 0000
X87IP = 0000000000000000  X87DP = 0000000000000000
XMM0  = 00007F2600BBCF500000003000000008
XMM1  = 00007F262125A8EC00007F2600BBD3C0
XMM2  = 00000000000000000000000000000000
XMM3  = 00007F262125A8E10000000000000000
XMM4  = 00000000000000004000000000000000
XMM5  = 00000000000000000000000000000000
XMM6  = 00000000000000000000000000000000
XMM7  = 00007F2600BBD30800007F2600BBD300
XMM8  = 00000000000000000000000000000000
XMM9  = 00000000000000000000000000000000
XMM10 = 3F3F3F3F3F3F3F3F3F3F3F3F3F3F3F3F
XMM11 = 99999999999999999999999999999999
XMM12 = 20202020202020202020202020202020
XMM13 = 00000000000000000000000000000000
XMM14 = 00000000000000000000000000000000
XMM15 = 00000000000000000000000000000000
MXCSR = 00001F80

Skip writing crashinfo.

Buffered messages:

*Aug 21 21:02:21.823: %SYS-4-LOG_CONFIG_CHANGE: Buffer logging: level debugging, xml disabled, filtering disabled, size (256000)
*Aug 21 21:02:22.267: %LINK-5-CHANGED: Interface Port-channel1, changed state to administratively down
*Aug 21 21:02:22.420: %LINK-5-CHANGED: Interface Ethernet0/1, changed state to administratively down
*Aug 21 21:02:22.520: %LINEPROTO-5-UPDOWN: Line protocol on Interface Loopback0, changed state to up
*Aug 21 21:02:22.521: %LINK-5-CHANGED: Interface Ethernet0/2, changed state to administratively down
*Aug 21 21:02:22.689: %LINK-5-CHANGED: Interface Ethernet0/3, changed state to administratively down
*Aug 21 21:02:23.522: %LINEPROTO-5-UPDOWN: Line protocol on Interface Ethernet0/2, changed state to down
*Aug 21 21:02:23.689: %LINEPROTO-5-UPDOWN: Line protocol on Interface Ethernet0/3, changed state to down
*Aug 21 21:02:24.339: %PNP-6-PNP_SAVING_TECH_SUMMARY: Saving PnP tech summary (/pnp-tech/pnp-tech-discovery-summary)... Please wait. Do not interrupt.
*Aug 21 21:02:24.440: %SYS-5-CONFIG_P: Configured programmatically by process PnP Agent Discovery from console as vty2
*Aug 21 21:02:24.441: %SYS-5-CONFIG_P: Configured programmatically by process PnP Agent Discovery from console as vty2
*Aug 21 21:02:25.293: %LINEPROTO-5-UPDOWN: Line protocol on Interface Ethernet0/3, changed state to up
*Aug 21 21:02:25.469: %LINK-3-UPDOWN: Interface Ethernet0/1, changed state to up
*Aug 21 21:02:25.494: %SYS-5-CONFIG_I: Configured from console by admin on vty1 (192.168.17.1)
*Aug 21 21:02:25.823: %LINK-3-UPDOWN: Interface Ethernet0/2, changed state to up
*Aug 21 21:02:26.398: %LINK-3-UPDOWN: Interface Ethernet0/3, changed state to up
*Aug 21 21:02:26.418: %SYS-5-CONFIG_I: Configured from console by admin on vty1 (192.168.17.1)
*Aug 21 21:02:26.469: %LINEPROTO-5-UPDOWN: Line protocol on Interface Ethernet0/1, changed state to up
*Aug 21 21:02:26.719: %SYS-5-CONFIG_I: Configured from console by admin on vty1 (192.168.17.1)
*Aug 21 21:02:26.823: %LINEPROTO-5-UPDOWN: Line protocol on Interface Ethernet0/2, changed state to up
*Aug 21 21:02:26.886: %OSPF-6-DFT_OPT: Protocol timers for fast convergence are Enabled.
*Aug 21 21:02:27.912: %SYS-5-CONFIG_I: Configured from console by admin on vty1 (192.168.17.1)
*Aug 21 21:02:27.984: %SSH-5-SSH2_CLOSE: SSH2 Session from 192.168.17.1 (tty = 0) for user '' using crypto cipher 'aes128-ctr', hmac 'hmac-sha2-256' closed
*Aug 21 21:02:27.984: %SSH-5-SSH2_CLOSE: SSH2 Session from 192.168.17.1 (tty = 1) for user '' using crypto cipher 'aes128-ctr', hmac 'hmac-sha2-256' closed
Queued messages:
*Aug 21 21:02:30.115: %LINK-3-UPDOWN: Interface Port-channel1, changed state to up
*Aug 21 21:02:30.948: %SYS-2-BADBUFFER: Attempt to use scattered buffer as contiguous src, ptr= 80007F2601A18320, pool= 80007F260163C908 -Process= "<interrupt level>", ipl= 2
-Traceback= 386AF19z 7C40ADCz 7C422D5z 79E64FCz 79E44FAz 79E6659z 7733911z 78F5ECEz 78FDC55z 7F26211DA1F5 7F262125A8EC/usr/bin/iouyap: Received signal 1
/usr/bin/iouyap: Stopping listeners and cleaning up
/usr/bin/iouyap: Reloading configuration because of SIGHUP
/usr/bin/iouyap: Parsing NETMAP...
/usr/bin/iouyap: --------------
/usr/bin/iouyap: Configuring 513:0/0...
21:03:52 INFO Removed container name=clab-ml-17-dut
21:03:53 INFO Removed container name=clab-ml-17-h1
21:03:53 INFO Removed container name=clab-ml-17-h2
21:03:53 INFO Removed container name=clab-ml-17-xr
21:03:53 INFO Removing host entries path=/etc/hosts
21:03:53 INFO Removing SSH config path=/etc/ssh/ssh_config.d/clab-ml-17.conf
Cleanup configuration files
... removing clab.yml
... removing ansible.cfg
... removing hosts.yml
... removing directory tree group_vars
... removing directory tree host_vars
... removing directory tree node_files
... removing netlab.snapshot.pickle
