Using transformed lab topology from snapshot file netlab.snapshot.pickle
Checking virtualization provider installation
OK: clab installed and working correctly
Starting clab nodes
provider clab: executing flock -E 42 /tmp/netlab.lock sudo -E containerlab deploy --reconfigure -t clab.yml
21:45:31 INFO Containerlab started version=0.75.0
21:45:31 INFO Parsing & checking topology file=clab.yml
21:45:31 INFO Removing directory path=/work/netlab_cicd/junos/clab-ml-31
21:45:31 INFO Creating docker network name=nl_mgmt_31 IPv4 subnet=192.168.31.0/24 IPv6 subnet="" MTU=0
21:45:31 INFO Creating lab directory path=/work/netlab_cicd/junos/clab-ml-31
21:45:31 INFO Creating container name=h2
21:45:31 INFO Creating container name=s1
21:45:31 INFO Creating container name=h3
21:45:31 INFO Creating container name=h4
21:45:31 INFO Creating container name=h1
21:45:32 INFO Creating container name=s2
21:45:32 INFO Created link: h1:eth1 ▪┄┄▪ s1:eth2
21:45:32 INFO Created link: h3:eth1 ▪┄┄▪ s1:eth3
21:45:32 INFO Created link: s1:eth1 ▪┄┄▪ s2:et1
21:45:32 INFO Created link: h2:eth1 ▪┄┄▪ s2:et2
21:45:33 INFO Created link: h4:eth1 ▪┄┄▪ s2:et3
21:45:33 INFO Running postdeploy actions for Arista cEOS 's2' node
21:45:48 INFO Adding host entries path=/etc/hosts
21:45:48 INFO Adding SSH config for nodes path=/etc/ssh/ssh_config.d/clab-ml-31.conf
[1m╭[0m[1m───────────────[0m[1m┬[0m[1m────────────────────────────────────────────[0m[1m┬[0m[1m────────────────────[0m[1m┬[0m[1m────────────────[0m[1m╮[0m
[1m│[0m[1m      Name     [0m[1m│[0m[1m                 Kind/Image                 [0m[1m│[0m[1m        State       [0m[1m│[0m[1m IPv4/6 Address [0m[1m│[0m
[1m├[0m[1m───────────────[0m[1m┼[0m[1m────────────────────────────────────────────[0m[1m┼[0m[1m────────────────────[0m[1m┼[0m[1m────────────────[0m[1m┤[0m
│ clab-ml-31-h1 │ linux                                      │ running            │ 192.168.31.101 │
│               │ python:3.13-alpine                         │                    │ N/A            │
├───────────────┼────────────────────────────────────────────┼────────────────────┼────────────────┤
│ clab-ml-31-h2 │ linux                                      │ running            │ 192.168.31.102 │
│               │ python:3.13-alpine                         │                    │ N/A            │
├───────────────┼────────────────────────────────────────────┼────────────────────┼────────────────┤
│ clab-ml-31-h3 │ linux                                      │ running            │ 192.168.31.103 │
│               │ python:3.13-alpine                         │                    │ N/A            │
├───────────────┼────────────────────────────────────────────┼────────────────────┼────────────────┤
│ clab-ml-31-h4 │ linux                                      │ running            │ 192.168.31.104 │
│               │ python:3.13-alpine                         │                    │ N/A            │
├───────────────┼────────────────────────────────────────────┼────────────────────┼────────────────┤
│ clab-ml-31-s1 │ juniper_vjunosrouter                       │ running            │ 192.168.31.105 │
│               │ vrnetlab/juniper_vjunos-router:23.4R2-S2.1 │ (health: starting) │ N/A            │
├───────────────┼────────────────────────────────────────────┼────────────────────┼────────────────┤
│ clab-ml-31-s2 │ ceos                                       │ running            │ 192.168.31.106 │
│               │ ceos:4.35.2F                               │                    │ N/A            │
╰───────────────┴────────────────────────────────────────────┴────────────────────┴────────────────╯

Initial configuration skipped, run 'netlab initial' to configure the devices
