[CONFIG]  h1: initial,hosts,resolv
[CONFIG]  h2: initial,hosts (shared),resolv
[CONFIG]  dut: initial,isis,bgp,sr
[CONFIG]  pe2: initial,isis,bgp,sr,daemons,hosts (shared),resolv
[CONFIG]  p1: initial,isis,sr,daemons,hosts (shared),resolv
[CONFIG]  p2: initial,isis,sr,daemons,hosts (shared),resolv
Created provider configuration file: Vagrantfile
Creating configuration file for secondary provider clab
Created provider configuration file: clab-augment.yml
Created pickled transformed topology data into netlab.snapshot.pickle
Created group_vars for all
Created group_vars for modules
Created group_vars for linux
Created host_vars for h1, h2
Created group_vars for vptx
Created host_vars for dut
Created group_vars for frr
Created host_vars for pe2, p1, p2
Created minimized Ansible inventory hosts.yml
Created Ansible configuration file: ansible.cfg
