Checking virtualization provider installation
OK: clab installed and working correctly
Stopping clab nodes
 [INFO] Setting containerlab runtime to docker
provider clab: executing flock -E 42 /tmp/netlab.lock containerlab destroy --cleanup -t clab.yml
06:16:58 INFO Parsing & checking topology file=clab.yml
06:16:58 INFO Parsing & checking topology file=clab.yml
06:16:58 INFO Destroying lab name=ml-17
06:16:58 INFO Removed container name=clab-ml-17-t1
06:16:58 INFO Removed container name=clab-ml-17-dnssrv
06:16:58 INFO Removed container name=clab-ml-17-dut_hosts
06:16:59 INFO Removed container name=clab-ml-17-dut_dns
06:16:59 INFO Removing host entries path=/etc/hosts
06:16:59 INFO Removing SSH config path=/etc/ssh/ssh_config.d/clab-ml-17.conf
Cleanup configuration files
... removing clab.yml
... removing ansible.cfg
... removing hosts.yml
... removing directory tree group_vars
... removing directory tree host_vars
... removing directory tree node_files
... removing netlab.snapshot.pickle
