Using transformed lab topology from snapshot file netlab.snapshot.pickle
Checking virtualization provider installation
OK: clab installed and working correctly
Starting clab nodes
provider clab: executing flock -E 42 /tmp/netlab.lock sudo -E containerlab deploy --reconfigure -t clab.yml
18:28:21 INFO Containerlab started version=0.75.0
18:28:21 INFO Parsing & checking topology file=clab.yml
18:28:21 INFO Removing directory path=/work/netlab_cicd/junos/clab-ml-31
18:28:21 INFO Creating docker network name=nl_mgmt_31 IPv4 subnet=192.168.31.0/24 IPv6 subnet="" MTU=0
18:28:21 INFO Creating lab directory path=/work/netlab_cicd/junos/clab-ml-31
18:28:21 INFO Creating container name=h3
18:28:21 INFO Creating container name=x1
18:28:21 INFO Creating container name=h1
18:28:21 INFO Creating container name=th
18:28:21 INFO Creating container name=dut
18:28:21 INFO Creating container name=h2
18:28:22 INFO Created link: x1:eth3 ▪┄┄▪ h2:eth1
18:28:22 INFO Created link: dut:eth1 ▪┄┄▪ ml-31_1:bni31n1i0
18:28:22 INFO Created link: x1:eth1 ▪┄┄▪ ml-31_1:bni31n2i1
18:28:22 INFO Created link: dut:eth2 ▪┄┄▪ h1:eth1
18:28:22 INFO Created link: th:eth1 ▪┄┄▪ ml-31_1:bni31n6i1
18:28:22 INFO Created link: dut:eth3 ▪┄┄▪ h3:eth1
18:28:23 INFO Created link: dut:eth4 ▪┄┄▪ x1:eth2
18:28:23 INFO Executed command node=h1 command="sleep 1" stdout=""
18:28:23 INFO Executed command node=x1 command="sleep 1" stdout=""
18:28:23 INFO Executed command node=h2 command="sleep 1" stdout=""
18:28:23 INFO Executed command node=h3 command="sleep 1" stdout=""
18:28:23 INFO Adding host entries path=/etc/hosts
18:28:23 INFO Adding SSH config for nodes path=/etc/ssh/ssh_config.d/clab-ml-31.conf
[1m╭[0m[1m────────────────[0m[1m┬[0m[1m────────────────────────────────────────────[0m[1m┬[0m[1m────────────────────[0m[1m┬[0m[1m────────────────[0m[1m╮[0m
[1m│[0m[1m      Name      [0m[1m│[0m[1m                 Kind/Image                 [0m[1m│[0m[1m        State       [0m[1m│[0m[1m IPv4/6 Address [0m[1m│[0m
[1m├[0m[1m────────────────[0m[1m┼[0m[1m────────────────────────────────────────────[0m[1m┼[0m[1m────────────────────[0m[1m┼[0m[1m────────────────[0m[1m┤[0m
│ clab-ml-31-dut │ juniper_vjunosswitch                       │ running            │ 192.168.31.101 │
│                │ vrnetlab/juniper_vjunos-switch:23.4R2-S2.1 │ (health: starting) │ N/A            │
├────────────────┼────────────────────────────────────────────┼────────────────────┼────────────────┤
│ clab-ml-31-h1  │ linux                                      │ running            │ 192.168.31.103 │
│                │ quay.io/frrouting/frr:10.6.1               │                    │ N/A            │
├────────────────┼────────────────────────────────────────────┼────────────────────┼────────────────┤
│ clab-ml-31-h2  │ linux                                      │ running            │ 192.168.31.104 │
│                │ quay.io/frrouting/frr:10.6.1               │                    │ N/A            │
├────────────────┼────────────────────────────────────────────┼────────────────────┼────────────────┤
│ clab-ml-31-h3  │ linux                                      │ running            │ 192.168.31.105 │
│                │ quay.io/frrouting/frr:10.6.1               │                    │ N/A            │
├────────────────┼────────────────────────────────────────────┼────────────────────┼────────────────┤
│ clab-ml-31-th  │ linux                                      │ running            │ 192.168.31.106 │
│                │ python:3.13-alpine                         │                    │ N/A            │
├────────────────┼────────────────────────────────────────────┼────────────────────┼────────────────┤
│ clab-ml-31-x1  │ linux                                      │ running            │ 192.168.31.102 │
│                │ quay.io/frrouting/frr:10.6.1               │                    │ N/A            │
╰────────────────┴────────────────────────────────────────────┴────────────────────┴────────────────╯

Initial configuration skipped, run 'netlab initial' to configure the devices
