Using transformed lab topology from snapshot file netlab.snapshot.pickle
Checking virtualization provider installation
OK: clab installed and working correctly
Starting clab nodes
provider clab: executing flock -E 42 /tmp/netlab.lock sudo -E containerlab deploy --reconfigure -t clab.yml
18:30:30 INFO Containerlab started version=0.75.0
18:30:30 INFO Parsing & checking topology file=clab.yml
18:30:30 INFO Removing directory path=/work/netlab_cicd/junos/clab-ml-31
18:30:30 INFO Creating docker network name=nl_mgmt_31 IPv4 subnet=192.168.31.0/24 IPv6 subnet="" MTU=0
18:30:30 WARN Node name will not resolve via DNS name=clab-ml-31-br_a reason="name contains invalid characters such as '.' and/or '_'"
18:30:30 INFO Creating lab directory path=/work/netlab_cicd/junos/clab-ml-31
18:30:30 INFO Creating container name=h2
18:30:30 INFO Creating container name=r2
18:30:30 INFO Creating container name=dut
18:30:30 INFO Creating container name=br_a
18:30:30 INFO Creating container name=h1
18:30:31 INFO Created link: h1:eth1 ▪┄┄▪ br_a:eth1
18:30:31 INFO Created link: r2:eth2 ▪┄┄▪ br_a:eth3
18:30:31 INFO Created link: dut:eth1 ▪┄┄▪ ml-31_2:bni31n1i0
18:30:31 INFO Created link: dut:eth2 ▪┄┄▪ br_a:eth2
18:30:31 INFO Created link: r2:eth1 ▪┄┄▪ ml-31_2:bni31n2i1
18:30:31 INFO Created link: h2:eth1 ▪┄┄▪ ml-31_2:bni31n4i1
18:30:32 INFO Executed command node=r2 command="sleep 1" stdout=""
18:30:32 INFO Adding host entries path=/etc/hosts
18:30:32 INFO Adding SSH config for nodes path=/etc/ssh/ssh_config.d/clab-ml-31.conf
[1m╭[0m[1m─────────────────[0m[1m┬[0m[1m────────────────────────────────────────────[0m[1m┬[0m[1m────────────────────[0m[1m┬[0m[1m────────────────[0m[1m╮[0m
[1m│[0m[1m       Name      [0m[1m│[0m[1m                 Kind/Image                 [0m[1m│[0m[1m        State       [0m[1m│[0m[1m IPv4/6 Address [0m[1m│[0m
[1m├[0m[1m─────────────────[0m[1m┼[0m[1m────────────────────────────────────────────[0m[1m┼[0m[1m────────────────────[0m[1m┼[0m[1m────────────────[0m[1m┤[0m
│ clab-ml-31-br_a │ linux                                      │ running            │ 192.168.31.105 │
│                 │ python:3.13-alpine                         │                    │ N/A            │
├─────────────────┼────────────────────────────────────────────┼────────────────────┼────────────────┤
│ clab-ml-31-dut  │ juniper_vjunosswitch                       │ running            │ 192.168.31.101 │
│                 │ vrnetlab/juniper_vjunos-switch:23.4R2-S2.1 │ (health: starting) │ N/A            │
├─────────────────┼────────────────────────────────────────────┼────────────────────┼────────────────┤
│ clab-ml-31-h1   │ linux                                      │ running            │ 192.168.31.103 │
│                 │ python:3.13-alpine                         │                    │ N/A            │
├─────────────────┼────────────────────────────────────────────┼────────────────────┼────────────────┤
│ clab-ml-31-h2   │ linux                                      │ running            │ 192.168.31.104 │
│                 │ python:3.13-alpine                         │                    │ N/A            │
├─────────────────┼────────────────────────────────────────────┼────────────────────┼────────────────┤
│ clab-ml-31-r2   │ linux                                      │ running            │ 192.168.31.102 │
│                 │ quay.io/frrouting/frr:10.6.1               │                    │ N/A            │
╰─────────────────┴────────────────────────────────────────────┴────────────────────┴────────────────╯

Initial configuration skipped, run 'netlab initial' to configure the devices
