Using transformed lab topology from snapshot file netlab.snapshot.pickle
Checking virtualization provider installation
OK: clab installed and working correctly
Starting clab nodes
provider clab: executing flock -E 42 /tmp/netlab.lock sudo -E containerlab deploy --reconfigure -t clab.yml
19:31:12 INFO Containerlab started version=0.75.0
19:31:12 INFO Parsing & checking topology file=clab.yml
19:31:12 INFO Removing directory path=/work/netlab_cicd/clab-ml-17
19:31:12 INFO Creating docker network name=nl_mgmt_17 IPv4 subnet=192.168.17.0/24 IPv6 subnet="" MTU=0
19:31:12 INFO Creating lab directory path=/work/netlab_cicd/clab-ml-17
19:31:12 INFO Creating container name=dut
19:31:12 INFO Creating container name=x1
19:31:12 INFO Creating container name=x2
19:31:13 INFO Created link: x1:eth2 ▪┄┄▪ x2:eth2
19:31:13 INFO Created link: dut:eth1 ▪┄┄▪ x1:eth1
19:31:13 INFO Created link: dut:eth2 ▪┄┄▪ x2:eth1
19:31:14 INFO Executed command node=x2 command="sleep 1" stdout=""
19:31:14 INFO Executed command node=x1 command="sleep 1" stdout=""
19:31:14 INFO Adding host entries path=/etc/hosts
19:31:14 INFO Adding SSH config for nodes path=/etc/ssh/ssh_config.d/clab-ml-17.conf
19:31:17 INFO Failed fetching latest version information
[1m╭[0m[1m────────────────[0m[1m┬[0m[1m────────────────────────────────────────────[0m[1m┬[0m[1m────────────────────[0m[1m┬[0m[1m────────────────[0m[1m╮[0m
[1m│[0m[1m      Name      [0m[1m│[0m[1m                 Kind/Image                 [0m[1m│[0m[1m        State       [0m[1m│[0m[1m IPv4/6 Address [0m[1m│[0m
[1m├[0m[1m────────────────[0m[1m┼[0m[1m────────────────────────────────────────────[0m[1m┼[0m[1m────────────────────[0m[1m┼[0m[1m────────────────[0m[1m┤[0m
│ clab-ml-17-dut │ juniper_vjunosswitch                       │ running            │ 192.168.17.101 │
│                │ vrnetlab/juniper_vjunos-switch:23.4R2-S2.1 │ (health: starting) │ N/A            │
├────────────────┼────────────────────────────────────────────┼────────────────────┼────────────────┤
│ clab-ml-17-x1  │ linux                                      │ running            │ 192.168.17.102 │
│                │ quay.io/frrouting/frr:10.2.2               │                    │ N/A            │
├────────────────┼────────────────────────────────────────────┼────────────────────┼────────────────┤
│ clab-ml-17-x2  │ linux                                      │ running            │ 192.168.17.103 │
│                │ quay.io/frrouting/frr:10.2.2               │                    │ N/A            │
╰────────────────┴────────────────────────────────────────────┴────────────────────┴────────────────╯

Initial configuration skipped, run 'netlab initial' to configure the devices
