Creating Device configuration snippets
[CREATED] h1: initial,routing
[CREATED] h2: initial,routing
[CREATED] pe1: initial,ospf,bgp,mpls
[CREATED] pe2: initial,ospf,bgp,mpls
[CREATED] dut: initial,ospf,mpls
[CREATED] p2: initial,ospf,mpls
Checking Are lab devices ready to be configured?
 [INFO] Checking SSH server(s) on dut
[SSH]     SSH server on node dut (device vjunos-switch) is ready after 95.1 seconds
 [INFO] Checking lab devices with an Ansible playbook
[WARNING]: Found variable using reserved name: hosts

PLAY [Wait for SSH servers] ****************************************************

PLAY [Wait for device-specific conditions] *************************************

TASK [Set variables that cannot be set with VARS] ******************************
ok: [dut]

TASK [Find device readiness script] ********************************************
ok: [dut]

TASK [Wait for device to become ready] *****************************************
included: /home/pipi/netlab_gh/netsim/ansible/tasks/readiness-check/junos.yml for dut

TASK [set_fact] ****************************************************************
ok: [dut]

TASK [Wait for first interface (ge-0/0/0)] *************************************
ok: [dut]

PLAY RECAP *********************************************************************
dut                        : ok=5    changed=0    unreachable=0    failed=0    skipped=0    rescued=0    ignored=0   

Config Deploying device configurations
 [INFO] Executing initial configuration for node h1 (namespace clab-
          ml-81-h1)
 [INFO] Executing initial configuration for node h2 (namespace clab-
          ml-81-h2)
 [INFO] Executing initial configuration for node pe1
 [INFO] Executing initial configuration for node pe2
 [INFO] Executing initial configuration for node p2
 [INFO] Executing routing configuration for node h1 (namespace clab-
          ml-81-h1)
 [INFO] Executing routing configuration for node h2 (namespace clab-
          ml-81-h2)
 [INFO] Executing ospf configuration for node pe2
 [INFO] Executing ospf configuration for node p2
 [INFO] Executing ospf configuration for node pe1
 [INFO] Executing mpls configuration for node p2
 [INFO] Executing bgp configuration for node pe2
 [INFO] Executing bgp configuration for node pe1
 [INFO] Executing mpls configuration for node pe1
 [INFO] Executing mpls configuration for node pe2
 [INFO] Starting Ansible playbook to deploy the rest of the
          configurations
[WARNING]: Found variable using reserved name: hosts

PLAY [Deploy initial device configuration] *************************************

TASK [Set variables that cannot be set with VARS] ******************************
ok: [dut]

TASK [Normalize config on bridge-like devices] *********************************
included: /home/pipi/netlab_gh/netsim/ansible/tasks/deploy-module.yml for dut

TASK [Figure out whether to deploy the module normalize on current device] *****
ok: [dut]

TASK [Find configuration template for normalize] *******************************
ok: [dut]

TASK [fail] ********************************************************************
skipping: [dut]

TASK [Find configuration deployment deploy_script for normalize] ***************
ok: [dut]

TASK [Print deployed configuration when running in verbose mode] ***************
skipping: [dut]

TASK [Deploy normalize configuration] ******************************************
skipping: [dut]

TASK [Deploy initial configuration] ********************************************
included: /home/pipi/netlab_gh/netsim/ansible/tasks/deploy-module.yml for dut

TASK [Figure out whether to deploy the module initial on current device] *******
ok: [dut]

TASK [Find configuration template for initial] *********************************
ok: [dut]

TASK [fail] ********************************************************************
skipping: [dut]

TASK [Find configuration deployment deploy_script for initial] *****************
ok: [dut]

TASK [Print deployed configuration when running in verbose mode] ***************
ok: [dut] => {
    "msg": "initial configuration for dut\n=========================================\nsystem {\n  host-name dut;\n  static-host-mapping {\n    h1 inet 172.16.0.1;\n    h2 inet 172.16.1.2;\n    pe1 inet 10.0.0.3;\n    pe2 inet 10.0.0.4;\n    p2 inet 10.0.0.6;\n  }\n}\n\n\ninterfaces {\n  ge-0/0/0 {\n    mtu 1514;\n  }\n  ge-0/0/1 {\n    mtu 1514;\n  }\n\n  lo0.0 {\n    \n      family inet {\n        address 10.0.0.5/32;\n      }\n    \n  }\n  ge-0/0/0.0 {\n    description \"dut -> pe1\";\n    \n      family inet {\n        address 10.1.0.1/30;\n      }\n    \n  }\n  ge-0/0/1.0 {\n    description \"dut -> p2\";\n    \n      family inet {\n        address 10.1.0.5/30;\n      }\n    \n  }\n}\nprotocols {\n  lldp {\n    interface fxp0 {\n      disable;\n    }\n    interface all;\n  }\n}\n"
}

TASK [Deploy initial configuration] ********************************************
included: /home/pipi/netlab_gh/netsim/ansible/tasks/deploy-config/junos.yml for dut

TASK [junos_config: deploying initial from /work/netlab_cicd/junos_c/node_files/dut/initial] ***
changed: [dut]

PLAY [Deploy module-specific configurations] ***********************************

TASK [Set variables that cannot be set with VARS] ******************************
ok: [dut]

TASK [Deploy individual configuration modules] *********************************
included: /home/pipi/netlab_gh/netsim/ansible/tasks/deploy-module.yml for dut => (item=routing)
included: /home/pipi/netlab_gh/netsim/ansible/tasks/deploy-module.yml for dut => (item=ospf)
included: /home/pipi/netlab_gh/netsim/ansible/tasks/deploy-module.yml for dut => (item=bgp)
included: /home/pipi/netlab_gh/netsim/ansible/tasks/deploy-module.yml for dut => (item=mpls)

TASK [Figure out whether to deploy the module routing on current device] *******
ok: [dut]

TASK [Find configuration template for routing] *********************************
skipping: [dut]

TASK [fail] ********************************************************************
skipping: [dut]

TASK [Find configuration deployment deploy_script for routing] *****************
skipping: [dut]

TASK [Print deployed configuration when running in verbose mode] ***************
skipping: [dut]

TASK [Deploy routing configuration] ********************************************
skipping: [dut]

TASK [Figure out whether to deploy the module ospf on current device] **********
ok: [dut]

TASK [Find configuration template for ospf] ************************************
ok: [dut]

TASK [fail] ********************************************************************
skipping: [dut]

TASK [Find configuration deployment deploy_script for ospf] ********************
ok: [dut]

TASK [Print deployed configuration when running in verbose mode] ***************
ok: [dut] => {
    "msg": "ospf configuration for dut\n=========================================\nrouting-options {\n  router-id 10.0.0.5\n}\nprotocols {\n  delete: ospf;\n}\n\nprotocols {\n  ospf {\n    area 0.0.0.0 {\n      interface lo0.0 {\n      }\n    }\n    area 0.0.0.0 {\n      interface ge-0/0/0.0 {\n        interface-type p2p;\n      }\n    }\n    area 0.0.0.0 {\n      interface ge-0/0/1.0 {\n        interface-type p2p;\n      }\n    }\n  }\n}\n\n"
}

TASK [Deploy ospf configuration] ***********************************************
included: /home/pipi/netlab_gh/netsim/ansible/tasks/deploy-config/junos.yml for dut

TASK [junos_config: deploying ospf from /work/netlab_cicd/junos_c/node_files/dut/ospf] ***
[WARNING]:  statement not found
changed: [dut]

TASK [Figure out whether to deploy the module bgp on current device] ***********
ok: [dut]

TASK [Find configuration template for bgp] *************************************
skipping: [dut]

TASK [fail] ********************************************************************
skipping: [dut]

TASK [Find configuration deployment deploy_script for bgp] *********************
skipping: [dut]

TASK [Print deployed configuration when running in verbose mode] ***************
skipping: [dut]

TASK [Deploy bgp configuration] ************************************************
skipping: [dut]

TASK [Figure out whether to deploy the module mpls on current device] **********
ok: [dut]

TASK [Find configuration template for mpls] ************************************
ok: [dut]

TASK [fail] ********************************************************************
skipping: [dut]

TASK [Find configuration deployment deploy_script for mpls] ********************
ok: [dut]

TASK [Print deployed configuration when running in verbose mode] ***************
ok: [dut] => {
    "msg": "mpls configuration for dut\n=========================================\n\n\n\ninterfaces {\n  ge-0/0/0.0 {\n    family mpls;\n  }\n  ge-0/0/1.0 {\n    family mpls;\n  }\n}\n\nprotocols {\n  mpls {\n    interface ge-0/0/0.0;\n    interface ge-0/0/1.0;\n  }\n  ldp {\n    interface ge-0/0/0.0;\n    interface ge-0/0/1.0;\n  }\n}\n\n"
}

TASK [Deploy mpls configuration] ***********************************************
included: /home/pipi/netlab_gh/netsim/ansible/tasks/deploy-config/junos.yml for dut

TASK [junos_config: deploying mpls from /work/netlab_cicd/junos_c/node_files/dut/mpls] ***
changed: [dut]

PLAY [Deploy custom deployment templates] **************************************
skipping: no hosts matched

PLAY RECAP *********************************************************************
dut                        : ok=31   changed=3    unreachable=0    failed=0    skipped=16   rescued=0    ignored=0   

Results of configuration script deployments
================================================================================
h1               Script:  initial,routing
h2               Script:  initial,routing
pe1              Script:  initial,ospf,bgp,mpls
pe2              Script:  initial,ospf,bgp,mpls
p2               Script:  initial,ospf,mpls


The tested device (DUT) is a P-router. It runs OSPF and LDP with another
P-router and a PE-router, and performs label switching. The validation test
checks end-to-end connectivity across a BGP-free MPLS core.

