Using transformed lab topology from snapshot file netlab.snapshot.pickle
Checking virtualization provider installation
OK: clab installed and working correctly
Starting clab nodes
Loading Linux kernel modules mpls-router,mpls-iptunnel required by containers using mpls module
provider clab: executing sudo -E containerlab deploy --reconfigure -t clab.yml
12:43:30 INFO Containerlab started version=0.74.2
12:43:30 INFO Parsing & checking topology file=clab.yml
12:43:30 INFO Removing directory path=/work/netlab_cicd/junos_c/clab-ml-81
12:43:30 INFO Creating docker network name=nl_mgmt_81 IPv4 subnet=192.168.81.0/24 IPv6 subnet="" MTU=0
12:43:30 INFO Creating lab directory path=/work/netlab_cicd/junos_c/clab-ml-81
12:43:31 INFO Creating container name=pe2
12:43:31 INFO Creating container name=p2
12:43:31 INFO Creating container name=h1
12:43:31 INFO Creating container name=h2
12:43:31 INFO Creating container name=dut
12:43:31 INFO Creating container name=pe1
12:43:31 INFO Created link: h2:eth1 ▪┄┄▪ pe2:eth2
12:43:32 INFO Created link: h1:eth1 ▪┄┄▪ pe1:eth1
12:43:32 INFO Created link: pe1:eth2 ▪┄┄▪ dut:eth1
12:43:32 INFO Created link: pe2:eth1 ▪┄┄▪ p2:eth2
12:43:32 INFO Created link: dut:eth2 ▪┄┄▪ p2:eth1
12:43:33 INFO Executed command node=pe2 command="sleep 1" stdout=""
12:43:33 INFO Executed command node=pe1 command="sleep 1" stdout=""
12:43:33 INFO Executed command node=p2 command="sleep 1" stdout=""
12:43:33 INFO Adding host entries path=/etc/hosts
12:43:33 INFO Adding SSH config for nodes path=/etc/ssh/ssh_config.d/clab-ml-81.conf
12:43:33 INFO containerlab version
  🎉=
  │ A newer containerlab version (0.74.3) is available!
  │ Release notes: https://containerlab.dev/rn/0.74/#0743
  │ Run 'clab version upgrade' or see https://containerlab.dev/install/ for other installation options.
[1m╭[0m[1m────────────────[0m[1m┬[0m[1m────────────────────────────────────────────[0m[1m┬[0m[1m────────────────────[0m[1m┬[0m[1m────────────────[0m[1m╮[0m
[1m│[0m[1m      Name      [0m[1m│[0m[1m                 Kind/Image                 [0m[1m│[0m[1m        State       [0m[1m│[0m[1m IPv4/6 Address [0m[1m│[0m
[1m├[0m[1m────────────────[0m[1m┼[0m[1m────────────────────────────────────────────[0m[1m┼[0m[1m────────────────────[0m[1m┼[0m[1m────────────────[0m[1m┤[0m
│ clab-ml-81-dut │ juniper_vjunosswitch                       │ running            │ 192.168.81.105 │
│                │ vrnetlab/juniper_vjunos-switch:23.4R2-S2.1 │ (health: starting) │ N/A            │
├────────────────┼────────────────────────────────────────────┼────────────────────┼────────────────┤
│ clab-ml-81-h1  │ linux                                      │ running            │ 192.168.81.101 │
│                │ python:3.13-alpine                         │                    │ N/A            │
├────────────────┼────────────────────────────────────────────┼────────────────────┼────────────────┤
│ clab-ml-81-h2  │ linux                                      │ running            │ 192.168.81.102 │
│                │ python:3.13-alpine                         │                    │ N/A            │
├────────────────┼────────────────────────────────────────────┼────────────────────┼────────────────┤
│ clab-ml-81-p2  │ linux                                      │ running            │ 192.168.81.106 │
│                │ quay.io/frrouting/frr:10.6.0               │                    │ N/A            │
├────────────────┼────────────────────────────────────────────┼────────────────────┼────────────────┤
│ clab-ml-81-pe1 │ linux                                      │ running            │ 192.168.81.103 │
│                │ quay.io/frrouting/frr:10.6.0               │                    │ N/A            │
├────────────────┼────────────────────────────────────────────┼────────────────────┼────────────────┤
│ clab-ml-81-pe2 │ linux                                      │ running            │ 192.168.81.104 │
│                │ quay.io/frrouting/frr:10.6.0               │                    │ N/A            │
╰────────────────┴────────────────────────────────────────────┴────────────────────┴────────────────╯

Initial configuration skipped, run 'netlab initial' to configure the devices
