Using transformed lab topology from snapshot file netlab.snapshot.pickle
Checking virtualization provider installation
OK: clab installed and working correctly
Starting clab nodes
Loading Linux kernel modules mpls-router,mpls-iptunnel required by containers using mpls module
provider clab: executing sudo -E containerlab deploy --reconfigure -t clab.yml
12:53:45 INFO Containerlab started version=0.74.2
12:53:45 INFO Parsing & checking topology file=clab.yml
12:53:45 INFO Removing directory path=/work/netlab_cicd/junos_c/clab-ml-81
12:53:45 INFO Creating docker network name=nl_mgmt_81 IPv4 subnet=192.168.81.0/24 IPv6 subnet="" MTU=0
12:53:45 INFO Creating lab directory path=/work/netlab_cicd/junos_c/clab-ml-81
12:53:45 INFO Creating container name=ce2
12:53:45 INFO Creating container name=ce1
12:53:45 INFO Creating container name=p2
12:53:45 INFO Creating container name=dut
12:53:45 INFO Creating container name=p1
12:53:45 INFO Creating container name=pe2
12:53:46 INFO Created link: dut:eth1 ▪┄┄▪ p1:eth1
12:53:46 INFO Created link: ce1:eth1 ▪┄┄▪ dut:eth2
12:53:46 INFO Created link: pe2:et1 ▪┄┄▪ p2:eth2
12:53:46 INFO Created link: ce2:eth1 ▪┄┄▪ pe2:et2
12:53:46 INFO Running postdeploy actions for Arista cEOS 'pe2' node
12:53:46 INFO Created link: p1:eth2 ▪┄┄▪ p2:eth1
12:54:06 INFO Executed command node=ce1 command="sleep 1" stdout=""
12:54:06 INFO Executed command node=p2 command="sleep 1" stdout=""
12:54:06 INFO Executed command node=ce2 command="sleep 1" stdout=""
12:54:06 INFO Executed command node=p1 command="sleep 1" stdout=""
12:54:06 INFO Adding host entries path=/etc/hosts
12:54:06 INFO Adding SSH config for nodes path=/etc/ssh/ssh_config.d/clab-ml-81.conf
12:54:06 INFO containerlab version
  🎉=
  │ A newer containerlab version (0.74.3) is available!
  │ Release notes: https://containerlab.dev/rn/0.74/#0743
  │ Run 'clab version upgrade' or see https://containerlab.dev/install/ for other installation options.
[1m╭[0m[1m────────────────[0m[1m┬[0m[1m────────────────────────────────────────────[0m[1m┬[0m[1m────────────────────[0m[1m┬[0m[1m────────────────[0m[1m╮[0m
[1m│[0m[1m      Name      [0m[1m│[0m[1m                 Kind/Image                 [0m[1m│[0m[1m        State       [0m[1m│[0m[1m IPv4/6 Address [0m[1m│[0m
[1m├[0m[1m────────────────[0m[1m┼[0m[1m────────────────────────────────────────────[0m[1m┼[0m[1m────────────────────[0m[1m┼[0m[1m────────────────[0m[1m┤[0m
│ clab-ml-81-ce1 │ linux                                      │ running            │ 192.168.81.101 │
│                │ quay.io/frrouting/frr:10.6.0               │                    │ N/A            │
├────────────────┼────────────────────────────────────────────┼────────────────────┼────────────────┤
│ clab-ml-81-ce2 │ linux                                      │ running            │ 192.168.81.102 │
│                │ quay.io/frrouting/frr:10.6.0               │                    │ N/A            │
├────────────────┼────────────────────────────────────────────┼────────────────────┼────────────────┤
│ clab-ml-81-dut │ juniper_vjunosswitch                       │ running            │ 192.168.81.103 │
│                │ vrnetlab/juniper_vjunos-switch:23.4R2-S2.1 │ (health: starting) │ N/A            │
├────────────────┼────────────────────────────────────────────┼────────────────────┼────────────────┤
│ clab-ml-81-p1  │ linux                                      │ running            │ 192.168.81.105 │
│                │ quay.io/frrouting/frr:10.6.0               │                    │ N/A            │
├────────────────┼────────────────────────────────────────────┼────────────────────┼────────────────┤
│ clab-ml-81-p2  │ linux                                      │ running            │ 192.168.81.106 │
│                │ quay.io/frrouting/frr:10.6.0               │                    │ N/A            │
├────────────────┼────────────────────────────────────────────┼────────────────────┼────────────────┤
│ clab-ml-81-pe2 │ ceos                                       │ running            │ 192.168.81.104 │
│                │ ceos:4.35.2F                               │                    │ N/A            │
╰────────────────┴────────────────────────────────────────────┴────────────────────┴────────────────╯

Initial configuration skipped, run 'netlab initial' to configure the devices
