Checking virtualization provider installation
OK: clab installed and working correctly
Stopping clab nodes
13:07:25 INFO Parsing & checking topology file=clab.yml
13:07:25 INFO Parsing & checking topology file=clab.yml
13:07:25 INFO Destroying lab name=ml-81
13:07:26 INFO Removed container name=clab-ml-81-h1
13:07:26 INFO Removed container name=clab-ml-81-h2
13:07:26 INFO Removed container name=clab-ml-81-core
13:07:26 INFO Removed container name=clab-ml-81-dut
13:07:27 INFO Removed container name=clab-ml-81-pe2
13:07:27 INFO Removed container name=clab-ml-81-pe1
13:07:27 INFO Removing host entries path=/etc/hosts
13:07:27 INFO Removing SSH config path=/etc/ssh/ssh_config.d/clab-ml-81.conf
Cleanup configuration files
... removing clab.yml
... removing ansible.cfg
... removing hosts.yml
... removing directory tree group_vars
... removing directory tree host_vars
... removing directory tree node_files
... removing netlab.snapshot.pickle
