Creating Device configuration snippets
[CREATED] dut: initial
Checking Are lab devices ready to be configured?
 [INFO] Checking SSH server(s) on dut
[SSH]     SSH server on node dut (device cisco8000v) is ready after 168.2 seconds
Config Deploying device configurations
[WARNING]: Found variable using reserved name: hosts

PLAY [Deploy initial device configuration] *************************************

TASK [Set variables that cannot be set with VARS] ******************************
ok: [dut]

TASK [Deploy initial configuration] ********************************************
included: /home/pipi/netlab_gh/netsim/ansible/tasks/deploy-module.yml for dut

TASK [Figure out whether to deploy the module initial on current device] *******
ok: [dut]

TASK [Find configuration template for initial] *********************************
ok: [dut]

TASK [fail] ********************************************************************
skipping: [dut]

TASK [Find configuration deployment deploy_script for initial] *****************
ok: [dut]

TASK [Print deployed configuration when running in verbose mode] ***************
ok: [dut] => {
    "msg": "initial configuration for dut\n=========================================\nhostname dut\n!\ndomain lookup disable\n!\nlldp\n no management enable\n!\n!\ninterface Loopback0\n no shutdown\n ipv4 address 10.0.0.1 255.255.255.255\n ipv6 address 2001:db8:0:1::1/64\n!\ninterface FourHundredGigE0/0/0/0\n no shutdown\n description dut -> stub [stub]\n ipv4 point-to-point\n ipv4 unnumbered Loopback0\n ipv6 enable\n ipv6 nd ra-interval 5\n!\ninterface FourHundredGigE0/0/0/1\n no shutdown\n description dut -> stub [stub]\n ipv4 point-to-point\n ipv4 unnumbered Loopback0\n!\ninterface FourHundredGigE0/0/0/2\n no shutdown\n description dut -> stub [stub]\n ipv6 enable\n ipv6 nd ra-interval 5\n!\ninterface FourHundredGigE0/0/0/3\n no shutdown\n description dut -> stub [stub]\n ipv4 point-to-point\n ipv4 unnumbered Loopback0\n ipv6 address 2001:db8:1:3::1/64\n ipv6 nd ra-interval 5\n!\ninterface FourHundredGigE0/0/0/4\n no shutdown\n description dut -> stub [stub]\n ipv4 address 172.16.4.1 255.255.255.0\n ipv6 enable\n ipv6 nd ra-interval 5\n!\n"
}

TASK [Deploy initial configuration] ********************************************
included: /home/pipi/netlab_gh/netsim/ansible/tasks/deploy-config/iosxr.yml for dut

TASK [iosxr_config: deploying initial from /work/netlab_cicd/node_files/dut/initial] ***
[WARNING]: To ensure idempotency and correct diff the input configuration lines
should be similar to how they appear if present in the running configuration on
device including the indentation
changed: [dut]

PLAY [Deploy module-specific configurations] ***********************************
skipping: no hosts matched

PLAY [Deploy custom deployment templates] **************************************
skipping: no hosts matched

PLAY RECAP *********************************************************************
dut                        : ok=8    changed=1    unreachable=0    failed=0    skipped=1    rescued=0    ignored=0   



This test checks that the initial configuration doesn't crash when dealing
with the all possible combinations of unnumbered interfaces. Use OSPFv2/OSPFv3
integration tests to validate the unnumbered interface functionality.

