Using transformed lab topology from snapshot file netlab.snapshot.pickle
Checking virtualization provider installation
OK: clab installed and working correctly
Starting clab nodes
provider clab: executing sudo -E containerlab deploy --reconfigure -t clab.yml
07:09:31 INFO Containerlab started version=0.74.2
07:09:31 INFO Parsing & checking topology file=clab.yml
07:09:31 INFO Removing directory path=/work/netlab_cicd/xr/clab-ml-82
07:09:31 INFO Creating docker network name=nl_mgmt_82 IPv4 subnet=192.168.82.0/24 IPv6 subnet="" MTU=0
07:09:31 WARN Node name will not resolve via DNS name=clab-ml-82-t_1300 reason="name contains invalid characters such as '.' and/or '_'"
07:09:31 WARN Node name will not resolve via DNS name=clab-ml-82-t_1400 reason="name contains invalid characters such as '.' and/or '_'"
07:09:31 INFO Creating lab directory path=/work/netlab_cicd/xr/clab-ml-82
07:09:31 INFO Creating container name=t_1400
07:09:31 INFO Creating container name=t_1300
07:09:31 INFO Creating container name=dut
07:09:31 INFO Creating container name=p1
07:09:31 INFO Created link: dut:FH0_0_0_1 ▪┄┄▪ t_1400:eth1
07:09:31 INFO Created link: dut:FH0_0_0_2 ▪┄┄▪ t_1300:eth1
07:09:32 INFO Created link: dut:FH0_0_0_0 ▪┄┄▪ p1:et1
07:09:32 INFO Running postdeploy actions for Arista cEOS 'p1' node
07:09:57 INFO Adding host entries path=/etc/hosts
07:09:57 INFO Adding SSH config for nodes path=/etc/ssh/ssh_config.d/clab-ml-82.conf
07:09:57 INFO containerlab version
  🎉=
  │ A newer containerlab version (0.74.3) is available!
  │ Release notes: https://containerlab.dev/rn/0.74/#0743
  │ Run 'clab version upgrade' or see https://containerlab.dev/install/ for other installation options.
[1m╭[0m[1m───────────────────[0m[1m┬[0m[1m──────────────────────────────[0m[1m┬[0m[1m─────────[0m[1m┬[0m[1m────────────────[0m[1m╮[0m
[1m│[0m[1m        Name       [0m[1m│[0m[1m          Kind/Image          [0m[1m│[0m[1m  State  [0m[1m│[0m[1m IPv4/6 Address [0m[1m│[0m
[1m├[0m[1m───────────────────[0m[1m┼[0m[1m──────────────────────────────[0m[1m┼[0m[1m─────────[0m[1m┼[0m[1m────────────────[0m[1m┤[0m
│ clab-ml-82-dut    │ cisco_c8000                  │ running │ 192.168.82.101 │
│                   │ cisco/cisco-8201-32fh:24.4.1 │         │ N/A            │
├───────────────────┼──────────────────────────────┼─────────┼────────────────┤
│ clab-ml-82-p1     │ ceos                         │ running │ 192.168.82.102 │
│                   │ ceos:4.35.2F                 │         │ N/A            │
├───────────────────┼──────────────────────────────┼─────────┼────────────────┤
│ clab-ml-82-t_1300 │ linux                        │ running │ 192.168.82.103 │
│                   │ python:3.13-alpine           │         │ N/A            │
├───────────────────┼──────────────────────────────┼─────────┼────────────────┤
│ clab-ml-82-t_1400 │ linux                        │ running │ 192.168.82.104 │
│                   │ python:3.13-alpine           │         │ N/A            │
╰───────────────────┴──────────────────────────────┴─────────┴────────────────╯

Initial configuration skipped, run 'netlab initial' to configure the devices
