[CONFIG]  L1: initial,vlan,ospf,daemons,hosts,resolv
[CONFIG]  L2: initial,vlan,ospf,daemons,hosts (shared),resolv
[CONFIG]  L3: initial,vlan,ospf,daemons,hosts (shared),resolv
[CONFIG]  L4: initial,vlan,ospf,daemons,hosts (shared),resolv
[CONFIG]  L5: initial,vlan,ospf,daemons,hosts (shared),resolv
[CONFIG]  L6: initial,vlan,ospf,daemons,hosts (shared),resolv
[CONFIG]  S1: initial,vlan,ospf,daemons,hosts (shared),resolv
[CONFIG]  S2: initial,vlan,ospf,daemons,hosts (shared),resolv
[CONFIG]  H1-01: initial,routing,hosts (shared),resolv
[CONFIG]  H1-02: initial,routing,hosts (shared),resolv
[CONFIG]  H1-03: initial,routing,hosts (shared),resolv
[CONFIG]  H1-04: initial,routing,hosts (shared),resolv
[CONFIG]  H1-05: initial,routing,hosts (shared),resolv
[CONFIG]  H1-06: initial,routing,hosts (shared),resolv
[CONFIG]  H1-07: initial,routing,hosts (shared),resolv
[CONFIG]  H1-08: initial,routing,hosts (shared),resolv
[CONFIG]  H1-09: initial,routing,hosts (shared),resolv
[CONFIG]  H1-10: initial,routing,hosts (shared),resolv
[CONFIG]  H1-11: initial,routing,hosts (shared),resolv
[CONFIG]  H1-12: initial,routing,hosts (shared),resolv
[CONFIG]  H1-13: initial,routing,hosts (shared),resolv
[CONFIG]  H1-14: initial,routing,hosts (shared),resolv
[CONFIG]  H1-15: initial,routing,hosts (shared),resolv
[CONFIG]  H1-16: initial,routing,hosts (shared),resolv
[CONFIG]  H1-17: initial,routing,hosts (shared),resolv
[CONFIG]  H1-18: initial,routing,hosts (shared),resolv
[CONFIG]  H1-19: initial,routing,hosts (shared),resolv
[CONFIG]  H1-20: initial,routing,hosts (shared),resolv
[CONFIG]  H1-21: initial,routing,hosts (shared),resolv
[CONFIG]  H1-22: initial,routing,hosts (shared),resolv
[CONFIG]  H1-23: initial,routing,hosts (shared),resolv
[CONFIG]  H1-24: initial,routing,hosts (shared),resolv
[CONFIG]  H1-25: initial,routing,hosts (shared),resolv
[CONFIG]  H1-26: initial,routing,hosts (shared),resolv
[CONFIG]  H1-27: initial,routing,hosts (shared),resolv
[CONFIG]  H1-28: initial,routing,hosts (shared),resolv
[CONFIG]  H1-29: initial,routing,hosts (shared),resolv
[CONFIG]  H1-30: initial,routing,hosts (shared),resolv
[CONFIG]  H1-31: initial,routing,hosts (shared),resolv
[CONFIG]  H1-32: initial,routing,hosts (shared),resolv
[CONFIG]  H1-33: initial,routing,hosts (shared),resolv
[CONFIG]  H1-34: initial,routing,hosts (shared),resolv
[CONFIG]  H1-35: initial,routing,hosts (shared),resolv
[CONFIG]  H1-36: initial,routing,hosts (shared),resolv
[CONFIG]  H1-37: initial,routing,hosts (shared),resolv
[CONFIG]  H1-38: initial,routing,hosts (shared),resolv
[CONFIG]  H1-39: initial,routing,hosts (shared),resolv
[CONFIG]  H1-40: initial,routing,hosts (shared),resolv
[CONFIG]  H1-41: initial,routing,hosts (shared),resolv
[CONFIG]  H1-42: initial,routing,hosts (shared),resolv
[CONFIG]  H1-43: initial,routing,hosts (shared),resolv
[CONFIG]  H1-44: initial,routing,hosts (shared),resolv
[CONFIG]  H1-45: initial,routing,hosts (shared),resolv
[CONFIG]  H1-46: initial,routing,hosts (shared),resolv
[CONFIG]  H1-47: initial,routing,hosts (shared),resolv
[CONFIG]  H1-48: initial,routing,hosts (shared),resolv
[CONFIG]  H1-49: initial,routing,hosts (shared),resolv
[CONFIG]  H1-50: initial,routing,hosts (shared),resolv
[CONFIG]  H2-01: initial,routing,hosts (shared),resolv
[CONFIG]  H2-02: initial,routing,hosts (shared),resolv
[CONFIG]  H2-03: initial,routing,hosts (shared),resolv
[CONFIG]  H2-04: initial,routing,hosts (shared),resolv
[CONFIG]  H2-05: initial,routing,hosts (shared),resolv
[CONFIG]  H2-06: initial,routing,hosts (shared),resolv
[CONFIG]  H2-07: initial,routing,hosts (shared),resolv
[CONFIG]  H2-08: initial,routing,hosts (shared),resolv
[CONFIG]  H2-09: initial,routing,hosts (shared),resolv
[CONFIG]  H2-10: initial,routing,hosts (shared),resolv
[CONFIG]  H2-11: initial,routing,hosts (shared),resolv
[CONFIG]  H2-12: initial,routing,hosts (shared),resolv
[CONFIG]  H2-13: initial,routing,hosts (shared),resolv
[CONFIG]  H2-14: initial,routing,hosts (shared),resolv
[CONFIG]  H2-15: initial,routing,hosts (shared),resolv
[CONFIG]  H2-16: initial,routing,hosts (shared),resolv
[CONFIG]  H2-17: initial,routing,hosts (shared),resolv
[CONFIG]  H2-18: initial,routing,hosts (shared),resolv
[CONFIG]  H2-19: initial,routing,hosts (shared),resolv
[CONFIG]  H2-20: initial,routing,hosts (shared),resolv
[CONFIG]  H2-21: initial,routing,hosts (shared),resolv
[CONFIG]  H2-22: initial,routing,hosts (shared),resolv
[CONFIG]  H2-23: initial,routing,hosts (shared),resolv
[CONFIG]  H2-24: initial,routing,hosts (shared),resolv
[CONFIG]  H2-25: initial,routing,hosts (shared),resolv
[CONFIG]  H2-26: initial,routing,hosts (shared),resolv
[CONFIG]  H2-27: initial,routing,hosts (shared),resolv
[CONFIG]  H2-28: initial,routing,hosts (shared),resolv
[CONFIG]  H2-29: initial,routing,hosts (shared),resolv
[CONFIG]  H2-30: initial,routing,hosts (shared),resolv
[CONFIG]  H2-31: initial,routing,hosts (shared),resolv
[CONFIG]  H2-32: initial,routing,hosts (shared),resolv
[CONFIG]  H2-33: initial,routing,hosts (shared),resolv
[CONFIG]  H2-34: initial,routing,hosts (shared),resolv
[CONFIG]  H2-35: initial,routing,hosts (shared),resolv
[CONFIG]  H2-36: initial,routing,hosts (shared),resolv
[CONFIG]  H2-37: initial,routing,hosts (shared),resolv
[CONFIG]  H2-38: initial,routing,hosts (shared),resolv
[CONFIG]  H2-39: initial,routing,hosts (shared),resolv
[CONFIG]  H2-40: initial,routing,hosts (shared),resolv
[CONFIG]  H2-41: initial,routing,hosts (shared),resolv
[CONFIG]  H2-42: initial,routing,hosts (shared),resolv
[CONFIG]  H2-43: initial,routing,hosts (shared),resolv
[CONFIG]  H2-44: initial,routing,hosts (shared),resolv
[CONFIG]  H2-45: initial,routing,hosts (shared),resolv
[CONFIG]  H2-46: initial,routing,hosts (shared),resolv
[CONFIG]  H2-47: initial,routing,hosts (shared),resolv
[CONFIG]  H2-48: initial,routing,hosts (shared),resolv
[CONFIG]  H2-49: initial,routing,hosts (shared),resolv
[CONFIG]  H2-50: initial,routing,hosts (shared),resolv
[CONFIG]  H3-01: initial,routing,hosts (shared),resolv
[CONFIG]  H3-02: initial,routing,hosts (shared),resolv
[CONFIG]  H3-03: initial,routing,hosts (shared),resolv
[CONFIG]  H3-04: initial,routing,hosts (shared),resolv
[CONFIG]  H3-05: initial,routing,hosts (shared),resolv
[CONFIG]  H3-06: initial,routing,hosts (shared),resolv
[CONFIG]  H3-07: initial,routing,hosts (shared),resolv
[CONFIG]  H3-08: initial,routing,hosts (shared),resolv
[CONFIG]  H3-09: initial,routing,hosts (shared),resolv
[CONFIG]  H3-10: initial,routing,hosts (shared),resolv
[CONFIG]  H3-11: initial,routing,hosts (shared),resolv
[CONFIG]  H3-12: initial,routing,hosts (shared),resolv
[CONFIG]  H3-13: initial,routing,hosts (shared),resolv
[CONFIG]  H3-14: initial,routing,hosts (shared),resolv
[CONFIG]  H3-15: initial,routing,hosts (shared),resolv
[CONFIG]  H3-16: initial,routing,hosts (shared),resolv
[CONFIG]  H3-17: initial,routing,hosts (shared),resolv
[CONFIG]  H3-18: initial,routing,hosts (shared),resolv
[CONFIG]  H3-19: initial,routing,hosts (shared),resolv
[CONFIG]  H3-20: initial,routing,hosts (shared),resolv
[CONFIG]  H3-21: initial,routing,hosts (shared),resolv
[CONFIG]  H3-22: initial,routing,hosts (shared),resolv
[CONFIG]  H3-23: initial,routing,hosts (shared),resolv
[CONFIG]  H3-24: initial,routing,hosts (shared),resolv
[CONFIG]  H3-25: initial,routing,hosts (shared),resolv
[CONFIG]  H3-26: initial,routing,hosts (shared),resolv
[CONFIG]  H3-27: initial,routing,hosts (shared),resolv
[CONFIG]  H3-28: initial,routing,hosts (shared),resolv
[CONFIG]  H3-29: initial,routing,hosts (shared),resolv
[CONFIG]  H3-30: initial,routing,hosts (shared),resolv
[CONFIG]  H3-31: initial,routing,hosts (shared),resolv
[CONFIG]  H3-32: initial,routing,hosts (shared),resolv
[CONFIG]  H3-33: initial,routing,hosts (shared),resolv
[CONFIG]  H3-34: initial,routing,hosts (shared),resolv
[CONFIG]  H3-35: initial,routing,hosts (shared),resolv
[CONFIG]  H3-36: initial,routing,hosts (shared),resolv
[CONFIG]  H3-37: initial,routing,hosts (shared),resolv
[CONFIG]  H3-38: initial,routing,hosts (shared),resolv
[CONFIG]  H3-39: initial,routing,hosts (shared),resolv
[CONFIG]  H3-40: initial,routing,hosts (shared),resolv
[CONFIG]  H3-41: initial,routing,hosts (shared),resolv
[CONFIG]  H3-42: initial,routing,hosts (shared),resolv
[CONFIG]  H3-43: initial,routing,hosts (shared),resolv
[CONFIG]  H3-44: initial,routing,hosts (shared),resolv
[CONFIG]  H3-45: initial,routing,hosts (shared),resolv
[CONFIG]  H3-46: initial,routing,hosts (shared),resolv
[CONFIG]  H3-47: initial,routing,hosts (shared),resolv
[CONFIG]  H3-48: initial,routing,hosts (shared),resolv
[CONFIG]  H3-49: initial,routing,hosts (shared),resolv
[CONFIG]  H3-50: initial,routing,hosts (shared),resolv
[CONFIG]  H4-01: initial,routing,hosts (shared),resolv
[CONFIG]  H4-02: initial,routing,hosts (shared),resolv
[CONFIG]  H4-03: initial,routing,hosts (shared),resolv
[CONFIG]  H4-04: initial,routing,hosts (shared),resolv
[CONFIG]  H4-05: initial,routing,hosts (shared),resolv
[CONFIG]  H4-06: initial,routing,hosts (shared),resolv
[CONFIG]  H4-07: initial,routing,hosts (shared),resolv
[CONFIG]  H4-08: initial,routing,hosts (shared),resolv
[CONFIG]  H4-09: initial,routing,hosts (shared),resolv
[CONFIG]  H4-10: initial,routing,hosts (shared),resolv
[CONFIG]  H4-11: initial,routing,hosts (shared),resolv
[CONFIG]  H4-12: initial,routing,hosts (shared),resolv
[CONFIG]  H4-13: initial,routing,hosts (shared),resolv
[CONFIG]  H4-14: initial,routing,hosts (shared),resolv
[CONFIG]  H4-15: initial,routing,hosts (shared),resolv
[CONFIG]  H4-16: initial,routing,hosts (shared),resolv
[CONFIG]  H4-17: initial,routing,hosts (shared),resolv
[CONFIG]  H4-18: initial,routing,hosts (shared),resolv
[CONFIG]  H4-19: initial,routing,hosts (shared),resolv
[CONFIG]  H4-20: initial,routing,hosts (shared),resolv
[CONFIG]  H4-21: initial,routing,hosts (shared),resolv
[CONFIG]  H4-22: initial,routing,hosts (shared),resolv
[CONFIG]  H4-23: initial,routing,hosts (shared),resolv
[CONFIG]  H4-24: initial,routing,hosts (shared),resolv
[CONFIG]  H4-25: initial,routing,hosts (shared),resolv
[CONFIG]  H4-26: initial,routing,hosts (shared),resolv
[CONFIG]  H4-27: initial,routing,hosts (shared),resolv
[CONFIG]  H4-28: initial,routing,hosts (shared),resolv
[CONFIG]  H4-29: initial,routing,hosts (shared),resolv
[CONFIG]  H4-30: initial,routing,hosts (shared),resolv
[CONFIG]  H4-31: initial,routing,hosts (shared),resolv
[CONFIG]  H4-32: initial,routing,hosts (shared),resolv
[CONFIG]  H4-33: initial,routing,hosts (shared),resolv
[CONFIG]  H4-34: initial,routing,hosts (shared),resolv
[CONFIG]  H4-35: initial,routing,hosts (shared),resolv
[CONFIG]  H4-36: initial,routing,hosts (shared),resolv
[CONFIG]  H4-37: initial,routing,hosts (shared),resolv
[CONFIG]  H4-38: initial,routing,hosts (shared),resolv
[CONFIG]  H4-39: initial,routing,hosts (shared),resolv
[CONFIG]  H4-40: initial,routing,hosts (shared),resolv
[CONFIG]  H4-41: initial,routing,hosts (shared),resolv
[CONFIG]  H4-42: initial,routing,hosts (shared),resolv
[CONFIG]  H4-43: initial,routing,hosts (shared),resolv
[CONFIG]  H4-44: initial,routing,hosts (shared),resolv
[CONFIG]  H4-45: initial,routing,hosts (shared),resolv
[CONFIG]  H4-46: initial,routing,hosts (shared),resolv
[CONFIG]  H4-47: initial,routing,hosts (shared),resolv
[CONFIG]  H4-48: initial,routing,hosts (shared),resolv
[CONFIG]  H4-49: initial,routing,hosts (shared),resolv
[CONFIG]  H4-50: initial,routing,hosts (shared),resolv
[CONFIG]  H5-01: initial,routing,hosts (shared),resolv
[CONFIG]  H5-02: initial,routing,hosts (shared),resolv
[CONFIG]  H5-03: initial,routing,hosts (shared),resolv
[CONFIG]  H5-04: initial,routing,hosts (shared),resolv
[CONFIG]  H5-05: initial,routing,hosts (shared),resolv
[CONFIG]  H5-06: initial,routing,hosts (shared),resolv
[CONFIG]  H5-07: initial,routing,hosts (shared),resolv
[CONFIG]  H5-08: initial,routing,hosts (shared),resolv
[CONFIG]  H5-09: initial,routing,hosts (shared),resolv
[CONFIG]  H5-10: initial,routing,hosts (shared),resolv
[CONFIG]  H5-11: initial,routing,hosts (shared),resolv
[CONFIG]  H5-12: initial,routing,hosts (shared),resolv
[CONFIG]  H5-13: initial,routing,hosts (shared),resolv
[CONFIG]  H5-14: initial,routing,hosts (shared),resolv
[CONFIG]  H5-15: initial,routing,hosts (shared),resolv
[CONFIG]  H5-16: initial,routing,hosts (shared),resolv
[CONFIG]  H5-17: initial,routing,hosts (shared),resolv
[CONFIG]  H5-18: initial,routing,hosts (shared),resolv
[CONFIG]  H5-19: initial,routing,hosts (shared),resolv
[CONFIG]  H5-20: initial,routing,hosts (shared),resolv
[CONFIG]  H5-21: initial,routing,hosts (shared),resolv
[CONFIG]  H5-22: initial,routing,hosts (shared),resolv
[CONFIG]  H5-23: initial,routing,hosts (shared),resolv
[CONFIG]  H5-24: initial,routing,hosts (shared),resolv
[CONFIG]  H5-25: initial,routing,hosts (shared),resolv
[CONFIG]  H5-26: initial,routing,hosts (shared),resolv
[CONFIG]  H5-27: initial,routing,hosts (shared),resolv
[CONFIG]  H5-28: initial,routing,hosts (shared),resolv
[CONFIG]  H5-29: initial,routing,hosts (shared),resolv
[CONFIG]  H5-30: initial,routing,hosts (shared),resolv
[CONFIG]  H5-31: initial,routing,hosts (shared),resolv
[CONFIG]  H5-32: initial,routing,hosts (shared),resolv
[CONFIG]  H5-33: initial,routing,hosts (shared),resolv
[CONFIG]  H5-34: initial,routing,hosts (shared),resolv
[CONFIG]  H5-35: initial,routing,hosts (shared),resolv
[CONFIG]  H5-36: initial,routing,hosts (shared),resolv
[CONFIG]  H5-37: initial,routing,hosts (shared),resolv
[CONFIG]  H5-38: initial,routing,hosts (shared),resolv
[CONFIG]  H5-39: initial,routing,hosts (shared),resolv
[CONFIG]  H5-40: initial,routing,hosts (shared),resolv
[CONFIG]  H5-41: initial,routing,hosts (shared),resolv
[CONFIG]  H5-42: initial,routing,hosts (shared),resolv
[CONFIG]  H5-43: initial,routing,hosts (shared),resolv
[CONFIG]  H5-44: initial,routing,hosts (shared),resolv
[CONFIG]  H5-45: initial,routing,hosts (shared),resolv
[CONFIG]  H5-46: initial,routing,hosts (shared),resolv
[CONFIG]  H5-47: initial,routing,hosts (shared),resolv
[CONFIG]  H5-48: initial,routing,hosts (shared),resolv
[CONFIG]  H5-49: initial,routing,hosts (shared),resolv
[CONFIG]  H5-50: initial,routing,hosts (shared),resolv
[CONFIG]  H6-01: initial,routing,hosts (shared),resolv
[CONFIG]  H6-02: initial,routing,hosts (shared),resolv
[CONFIG]  H6-03: initial,routing,hosts (shared),resolv
[CONFIG]  H6-04: initial,routing,hosts (shared),resolv
[CONFIG]  H6-05: initial,routing,hosts (shared),resolv
[CONFIG]  H6-06: initial,routing,hosts (shared),resolv
[CONFIG]  H6-07: initial,routing,hosts (shared),resolv
[CONFIG]  H6-08: initial,routing,hosts (shared),resolv
[CONFIG]  H6-09: initial,routing,hosts (shared),resolv
[CONFIG]  H6-10: initial,routing,hosts (shared),resolv
[CONFIG]  H6-11: initial,routing,hosts (shared),resolv
[CONFIG]  H6-12: initial,routing,hosts (shared),resolv
[CONFIG]  H6-13: initial,routing,hosts (shared),resolv
[CONFIG]  H6-14: initial,routing,hosts (shared),resolv
[CONFIG]  H6-15: initial,routing,hosts (shared),resolv
[CONFIG]  H6-16: initial,routing,hosts (shared),resolv
[CONFIG]  H6-17: initial,routing,hosts (shared),resolv
[CONFIG]  H6-18: initial,routing,hosts (shared),resolv
[CONFIG]  H6-19: initial,routing,hosts (shared),resolv
[CONFIG]  H6-20: initial,routing,hosts (shared),resolv
[CONFIG]  H6-21: initial,routing,hosts (shared),resolv
[CONFIG]  H6-22: initial,routing,hosts (shared),resolv
[CONFIG]  H6-23: initial,routing,hosts (shared),resolv
[CONFIG]  H6-24: initial,routing,hosts (shared),resolv
[CONFIG]  H6-25: initial,routing,hosts (shared),resolv
[CONFIG]  H6-26: initial,routing,hosts (shared),resolv
[CONFIG]  H6-27: initial,routing,hosts (shared),resolv
[CONFIG]  H6-28: initial,routing,hosts (shared),resolv
[CONFIG]  H6-29: initial,routing,hosts (shared),resolv
[CONFIG]  H6-30: initial,routing,hosts (shared),resolv
[CONFIG]  H6-31: initial,routing,hosts (shared),resolv
[CONFIG]  H6-32: initial,routing,hosts (shared),resolv
[CONFIG]  H6-33: initial,routing,hosts (shared),resolv
[CONFIG]  H6-34: initial,routing,hosts (shared),resolv
[CONFIG]  H6-35: initial,routing,hosts (shared),resolv
[CONFIG]  H6-36: initial,routing,hosts (shared),resolv
[CONFIG]  H6-37: initial,routing,hosts (shared),resolv
[CONFIG]  H6-38: initial,routing,hosts (shared),resolv
[CONFIG]  H6-39: initial,routing,hosts (shared),resolv
[CONFIG]  H6-40: initial,routing,hosts (shared),resolv
[CONFIG]  H6-41: initial,routing,hosts (shared),resolv
[CONFIG]  H6-42: initial,routing,hosts (shared),resolv
[CONFIG]  H6-43: initial,routing,hosts (shared),resolv
[CONFIG]  H6-44: initial,routing,hosts (shared),resolv
[CONFIG]  H6-45: initial,routing,hosts (shared),resolv
[CONFIG]  H6-46: initial,routing,hosts (shared),resolv
[CONFIG]  H6-47: initial,routing,hosts (shared),resolv
[CONFIG]  H6-48: initial,routing,hosts (shared),resolv
[CONFIG]  H6-49: initial,routing,hosts (shared),resolv
[CONFIG]  H6-50: initial,routing,hosts (shared),resolv
Created provider configuration file: clab.yml
Created pickled transformed topology data into netlab.snapshot.pickle
Created group_vars for all
Created group_vars for modules
Created group_vars for frr
Created host_vars for L1, L2, L3, L4, L5, L6, S1, S2
Created group_vars for linux
Created host_vars for H1-01, H1-02, H1-03, H1-04, H1-05, H1-06,
          H1-07, H1-08, H1-09, H1-10, H1-11, H1-12, H1-13, H1-14,
          H1-15, H1-16, H1-17, H1-18, H1-19, H1-20, H1-21, H1-22,
          H1-23, H1-24, H1-25, H1-26, H1-27, H1-28, H1-29, H1-30,
          H1-31, H1-32, H1-33, H1-34, H1-35, H1-36, H1-37, H1-38,
          H1-39, H1-40, H1-41, H1-42, H1-43, H1-44, H1-45, H1-46,
          H1-47, H1-48, H1-49, H1-50, H2-01, H2-02, H2-03, H2-04,
          H2-05, H2-06, H2-07, H2-08, H2-09, H2-10, H2-11, H2-12,
          H2-13, H2-14, H2-15, H2-16, H2-17, H2-18, H2-19, H2-20,
          H2-21, H2-22, H2-23, H2-24, H2-25, H2-26, H2-27, H2-28,
          H2-29, H2-30, H2-31, H2-32, H2-33, H2-34, H2-35, H2-36,
          H2-37, H2-38, H2-39, H2-40, H2-41, H2-42, H2-43, H2-44,
          H2-45, H2-46, H2-47, H2-48, H2-49, H2-50, H3-01, H3-02,
          H3-03, H3-04, H3-05, H3-06, H3-07, H3-08, H3-09, H3-10,
          H3-11, H3-12, H3-13, H3-14, H3-15, H3-16, H3-17, H3-18,
          H3-19, H3-20, H3-21, H3-22, H3-23, H3-24, H3-25, H3-26,
          H3-27, H3-28, H3-29, H3-30, H3-31, H3-32, H3-33, H3-34,
          H3-35, H3-36, H3-37, H3-38, H3-39, H3-40, H3-41, H3-42,
          H3-43, H3-44, H3-45, H3-46, H3-47, H3-48, H3-49, H3-50,
          H4-01, H4-02, H4-03, H4-04, H4-05, H4-06, H4-07, H4-08,
          H4-09, H4-10, H4-11, H4-12, H4-13, H4-14, H4-15, H4-16,
          H4-17, H4-18, H4-19, H4-20, H4-21, H4-22, H4-23, H4-24,
          H4-25, H4-26, H4-27, H4-28, H4-29, H4-30, H4-31, H4-32,
          H4-33, H4-34, H4-35, H4-36, H4-37, H4-38, H4-39, H4-40,
          H4-41, H4-42, H4-43, H4-44, H4-45, H4-46, H4-47, H4-48,
          H4-49, H4-50, H5-01, H5-02, H5-03, H5-04, H5-05, H5-06,
          H5-07, H5-08, H5-09, H5-10, H5-11, H5-12, H5-13, H5-14,
          H5-15, H5-16, H5-17, H5-18, H5-19, H5-20, H5-21, H5-22,
          H5-23, H5-24, H5-25, H5-26, H5-27, H5-28, H5-29, H5-30,
          H5-31, H5-32, H5-33, H5-34, H5-35, H5-36, H5-37, H5-38,
          H5-39, H5-40, H5-41, H5-42, H5-43, H5-44, H5-45, H5-46,
          H5-47, H5-48, H5-49, H5-50, H6-01, H6-02, H6-03, H6-04,
          H6-05, H6-06, H6-07, H6-08, H6-09, H6-10, H6-11, H6-12,
          H6-13, H6-14, H6-15, H6-16, H6-17, H6-18, H6-19, H6-20,
          H6-21, H6-22, H6-23, H6-24, H6-25, H6-26, H6-27, H6-28,
          H6-29, H6-30, H6-31, H6-32, H6-33, H6-34, H6-35, H6-36,
          H6-37, H6-38, H6-39, H6-40, H6-41, H6-42, H6-43, H6-44,
          H6-45, H6-46, H6-47, H6-48, H6-49, H6-50
Created minimized Ansible inventory hosts.yml
Created Ansible configuration file: ansible.cfg
