Creating Device configuration snippets
[CREATED] L1: initial,vlan,ospf
[CREATED] L2: initial,vlan,ospf
[CREATED] L3: initial,vlan,ospf
[CREATED] L4: initial,vlan,ospf
[CREATED] L5: initial,vlan,ospf
[CREATED] L6: initial,vlan,ospf
[CREATED] S1: initial,vlan,ospf
[CREATED] S2: initial,vlan,ospf
[CREATED] H1-01: initial,routing
[CREATED] H1-02: initial,routing
[CREATED] H1-03: initial,routing
[CREATED] H1-04: initial,routing
[CREATED] H1-05: initial,routing
[CREATED] H1-06: initial,routing
[CREATED] H1-07: initial,routing
[CREATED] H1-08: initial,routing
[CREATED] H1-09: initial,routing
[CREATED] H1-10: initial,routing
[CREATED] H1-11: initial,routing
[CREATED] H1-12: initial,routing
[CREATED] H1-13: initial,routing
[CREATED] H1-14: initial,routing
[CREATED] H1-15: initial,routing
[CREATED] H1-16: initial,routing
[CREATED] H1-17: initial,routing
[CREATED] H1-18: initial,routing
[CREATED] H1-19: initial,routing
[CREATED] H1-20: initial,routing
[CREATED] H1-21: initial,routing
[CREATED] H1-22: initial,routing
[CREATED] H1-23: initial,routing
[CREATED] H1-24: initial,routing
[CREATED] H1-25: initial,routing
[CREATED] H1-26: initial,routing
[CREATED] H1-27: initial,routing
[CREATED] H1-28: initial,routing
[CREATED] H1-29: initial,routing
[CREATED] H1-30: initial,routing
[CREATED] H1-31: initial,routing
[CREATED] H1-32: initial,routing
[CREATED] H1-33: initial,routing
[CREATED] H1-34: initial,routing
[CREATED] H1-35: initial,routing
[CREATED] H1-36: initial,routing
[CREATED] H1-37: initial,routing
[CREATED] H1-38: initial,routing
[CREATED] H1-39: initial,routing
[CREATED] H1-40: initial,routing
[CREATED] H1-41: initial,routing
[CREATED] H1-42: initial,routing
[CREATED] H1-43: initial,routing
[CREATED] H1-44: initial,routing
[CREATED] H1-45: initial,routing
[CREATED] H1-46: initial,routing
[CREATED] H1-47: initial,routing
[CREATED] H1-48: initial,routing
[CREATED] H1-49: initial,routing
[CREATED] H1-50: initial,routing
[CREATED] H2-01: initial,routing
[CREATED] H2-02: initial,routing
[CREATED] H2-03: initial,routing
[CREATED] H2-04: initial,routing
[CREATED] H2-05: initial,routing
[CREATED] H2-06: initial,routing
[CREATED] H2-07: initial,routing
[CREATED] H2-08: initial,routing
[CREATED] H2-09: initial,routing
[CREATED] H2-10: initial,routing
[CREATED] H2-11: initial,routing
[CREATED] H2-12: initial,routing
[CREATED] H2-13: initial,routing
[CREATED] H2-14: initial,routing
[CREATED] H2-15: initial,routing
[CREATED] H2-16: initial,routing
[CREATED] H2-17: initial,routing
[CREATED] H2-18: initial,routing
[CREATED] H2-19: initial,routing
[CREATED] H2-20: initial,routing
[CREATED] H2-21: initial,routing
[CREATED] H2-22: initial,routing
[CREATED] H2-23: initial,routing
[CREATED] H2-24: initial,routing
[CREATED] H2-25: initial,routing
[CREATED] H2-26: initial,routing
[CREATED] H2-27: initial,routing
[CREATED] H2-28: initial,routing
[CREATED] H2-29: initial,routing
[CREATED] H2-30: initial,routing
[CREATED] H2-31: initial,routing
[CREATED] H2-32: initial,routing
[CREATED] H2-33: initial,routing
[CREATED] H2-34: initial,routing
[CREATED] H2-35: initial,routing
[CREATED] H2-36: initial,routing
[CREATED] H2-37: initial,routing
[CREATED] H2-38: initial,routing
[CREATED] H2-39: initial,routing
[CREATED] H2-40: initial,routing
[CREATED] H2-41: initial,routing
[CREATED] H2-42: initial,routing
[CREATED] H2-43: initial,routing
[CREATED] H2-44: initial,routing
[CREATED] H2-45: initial,routing
[CREATED] H2-46: initial,routing
[CREATED] H2-47: initial,routing
[CREATED] H2-48: initial,routing
[CREATED] H2-49: initial,routing
[CREATED] H2-50: initial,routing
[CREATED] H3-01: initial,routing
[CREATED] H3-02: initial,routing
[CREATED] H3-03: initial,routing
[CREATED] H3-04: initial,routing
[CREATED] H3-05: initial,routing
[CREATED] H3-06: initial,routing
[CREATED] H3-07: initial,routing
[CREATED] H3-08: initial,routing
[CREATED] H3-09: initial,routing
[CREATED] H3-10: initial,routing
[CREATED] H3-11: initial,routing
[CREATED] H3-12: initial,routing
[CREATED] H3-13: initial,routing
[CREATED] H3-14: initial,routing
[CREATED] H3-15: initial,routing
[CREATED] H3-16: initial,routing
[CREATED] H3-17: initial,routing
[CREATED] H3-18: initial,routing
[CREATED] H3-19: initial,routing
[CREATED] H3-20: initial,routing
[CREATED] H3-21: initial,routing
[CREATED] H3-22: initial,routing
[CREATED] H3-23: initial,routing
[CREATED] H3-24: initial,routing
[CREATED] H3-25: initial,routing
[CREATED] H3-26: initial,routing
[CREATED] H3-27: initial,routing
[CREATED] H3-28: initial,routing
[CREATED] H3-29: initial,routing
[CREATED] H3-30: initial,routing
[CREATED] H3-31: initial,routing
[CREATED] H3-32: initial,routing
[CREATED] H3-33: initial,routing
[CREATED] H3-34: initial,routing
[CREATED] H3-35: initial,routing
[CREATED] H3-36: initial,routing
[CREATED] H3-37: initial,routing
[CREATED] H3-38: initial,routing
[CREATED] H3-39: initial,routing
[CREATED] H3-40: initial,routing
[CREATED] H3-41: initial,routing
[CREATED] H3-42: initial,routing
[CREATED] H3-43: initial,routing
[CREATED] H3-44: initial,routing
[CREATED] H3-45: initial,routing
[CREATED] H3-46: initial,routing
[CREATED] H3-47: initial,routing
[CREATED] H3-48: initial,routing
[CREATED] H3-49: initial,routing
[CREATED] H3-50: initial,routing
[CREATED] H4-01: initial,routing
[CREATED] H4-02: initial,routing
[CREATED] H4-03: initial,routing
[CREATED] H4-04: initial,routing
[CREATED] H4-05: initial,routing
[CREATED] H4-06: initial,routing
[CREATED] H4-07: initial,routing
[CREATED] H4-08: initial,routing
[CREATED] H4-09: initial,routing
[CREATED] H4-10: initial,routing
[CREATED] H4-11: initial,routing
[CREATED] H4-12: initial,routing
[CREATED] H4-13: initial,routing
[CREATED] H4-14: initial,routing
[CREATED] H4-15: initial,routing
[CREATED] H4-16: initial,routing
[CREATED] H4-17: initial,routing
[CREATED] H4-18: initial,routing
[CREATED] H4-19: initial,routing
[CREATED] H4-20: initial,routing
[CREATED] H4-21: initial,routing
[CREATED] H4-22: initial,routing
[CREATED] H4-23: initial,routing
[CREATED] H4-24: initial,routing
[CREATED] H4-25: initial,routing
[CREATED] H4-26: initial,routing
[CREATED] H4-27: initial,routing
[CREATED] H4-28: initial,routing
[CREATED] H4-29: initial,routing
[CREATED] H4-30: initial,routing
[CREATED] H4-31: initial,routing
[CREATED] H4-32: initial,routing
[CREATED] H4-33: initial,routing
[CREATED] H4-34: initial,routing
[CREATED] H4-35: initial,routing
[CREATED] H4-36: initial,routing
[CREATED] H4-37: initial,routing
[CREATED] H4-38: initial,routing
[CREATED] H4-39: initial,routing
[CREATED] H4-40: initial,routing
[CREATED] H4-41: initial,routing
[CREATED] H4-42: initial,routing
[CREATED] H4-43: initial,routing
[CREATED] H4-44: initial,routing
[CREATED] H4-45: initial,routing
[CREATED] H4-46: initial,routing
[CREATED] H4-47: initial,routing
[CREATED] H4-48: initial,routing
[CREATED] H4-49: initial,routing
[CREATED] H4-50: initial,routing
[CREATED] H5-01: initial,routing
[CREATED] H5-02: initial,routing
[CREATED] H5-03: initial,routing
[CREATED] H5-04: initial,routing
[CREATED] H5-05: initial,routing
[CREATED] H5-06: initial,routing
[CREATED] H5-07: initial,routing
[CREATED] H5-08: initial,routing
[CREATED] H5-09: initial,routing
[CREATED] H5-10: initial,routing
[CREATED] H5-11: initial,routing
[CREATED] H5-12: initial,routing
[CREATED] H5-13: initial,routing
[CREATED] H5-14: initial,routing
[CREATED] H5-15: initial,routing
[CREATED] H5-16: initial,routing
[CREATED] H5-17: initial,routing
[CREATED] H5-18: initial,routing
[CREATED] H5-19: initial,routing
[CREATED] H5-20: initial,routing
[CREATED] H5-21: initial,routing
[CREATED] H5-22: initial,routing
[CREATED] H5-23: initial,routing
[CREATED] H5-24: initial,routing
[CREATED] H5-25: initial,routing
[CREATED] H5-26: initial,routing
[CREATED] H5-27: initial,routing
[CREATED] H5-28: initial,routing
[CREATED] H5-29: initial,routing
[CREATED] H5-30: initial,routing
[CREATED] H5-31: initial,routing
[CREATED] H5-32: initial,routing
[CREATED] H5-33: initial,routing
[CREATED] H5-34: initial,routing
[CREATED] H5-35: initial,routing
[CREATED] H5-36: initial,routing
[CREATED] H5-37: initial,routing
[CREATED] H5-38: initial,routing
[CREATED] H5-39: initial,routing
[CREATED] H5-40: initial,routing
[CREATED] H5-41: initial,routing
[CREATED] H5-42: initial,routing
[CREATED] H5-43: initial,routing
[CREATED] H5-44: initial,routing
[CREATED] H5-45: initial,routing
[CREATED] H5-46: initial,routing
[CREATED] H5-47: initial,routing
[CREATED] H5-48: initial,routing
[CREATED] H5-49: initial,routing
[CREATED] H5-50: initial,routing
[CREATED] H6-01: initial,routing
[CREATED] H6-02: initial,routing
[CREATED] H6-03: initial,routing
[CREATED] H6-04: initial,routing
[CREATED] H6-05: initial,routing
[CREATED] H6-06: initial,routing
[CREATED] H6-07: initial,routing
[CREATED] H6-08: initial,routing
[CREATED] H6-09: initial,routing
[CREATED] H6-10: initial,routing
[CREATED] H6-11: initial,routing
[CREATED] H6-12: initial,routing
[CREATED] H6-13: initial,routing
[CREATED] H6-14: initial,routing
[CREATED] H6-15: initial,routing
[CREATED] H6-16: initial,routing
[CREATED] H6-17: initial,routing
[CREATED] H6-18: initial,routing
[CREATED] H6-19: initial,routing
[CREATED] H6-20: initial,routing
[CREATED] H6-21: initial,routing
[CREATED] H6-22: initial,routing
[CREATED] H6-23: initial,routing
[CREATED] H6-24: initial,routing
[CREATED] H6-25: initial,routing
[CREATED] H6-26: initial,routing
[CREATED] H6-27: initial,routing
[CREATED] H6-28: initial,routing
[CREATED] H6-29: initial,routing
[CREATED] H6-30: initial,routing
[CREATED] H6-31: initial,routing
[CREATED] H6-32: initial,routing
[CREATED] H6-33: initial,routing
[CREATED] H6-34: initial,routing
[CREATED] H6-35: initial,routing
[CREATED] H6-36: initial,routing
[CREATED] H6-37: initial,routing
[CREATED] H6-38: initial,routing
[CREATED] H6-39: initial,routing
[CREATED] H6-40: initial,routing
[CREATED] H6-41: initial,routing
[CREATED] H6-42: initial,routing
[CREATED] H6-43: initial,routing
[CREATED] H6-44: initial,routing
[CREATED] H6-45: initial,routing
[CREATED] H6-46: initial,routing
[CREATED] H6-47: initial,routing
[CREATED] H6-48: initial,routing
[CREATED] H6-49: initial,routing
[CREATED] H6-50: initial,routing
Config Deploying device configurations
 [INFO] Executing initial configuration for node L1
 [INFO] Executing initial configuration for node L2
 [INFO] Executing initial configuration for node L3
 [INFO] Executing initial configuration for node L4
 [INFO] Executing initial configuration for node L5
 [INFO] Executing initial configuration for node L6
 [INFO] Executing initial configuration for node S1
 [INFO] Executing initial configuration for node S2
 [INFO] Executing initial configuration for node H1-01 (namespace
          clab-ml-17-H1-01)
 [INFO] Executing initial configuration for node H1-02 (namespace
          clab-ml-17-H1-02)
 [INFO] Executing initial configuration for node H1-03 (namespace
          clab-ml-17-H1-03)
 [INFO] Executing initial configuration for node H1-04 (namespace
          clab-ml-17-H1-04)
 [INFO] Executing initial configuration for node H1-05 (namespace
          clab-ml-17-H1-05)
 [INFO] Executing initial configuration for node H1-06 (namespace
          clab-ml-17-H1-06)
 [INFO] Executing initial configuration for node H1-07 (namespace
          clab-ml-17-H1-07)
 [INFO] Executing initial configuration for node H1-08 (namespace
          clab-ml-17-H1-08)
 [INFO] Executing initial configuration for node H1-09 (namespace
          clab-ml-17-H1-09)
 [INFO] Executing initial configuration for node H1-10 (namespace
          clab-ml-17-H1-10)
 [INFO] Executing initial configuration for node H1-11 (namespace
          clab-ml-17-H1-11)
 [INFO] Executing initial configuration for node H1-12 (namespace
          clab-ml-17-H1-12)
 [INFO] Executing routing configuration for node H1-01 (namespace
          clab-ml-17-H1-01)
 [INFO] Executing routing configuration for node H1-04 (namespace
          clab-ml-17-H1-04)
 [INFO] Executing routing configuration for node H1-03 (namespace
          clab-ml-17-H1-03)
 [INFO] Executing routing configuration for node H1-06 (namespace
          clab-ml-17-H1-06)
 [INFO] Executing routing configuration for node H1-11 (namespace
          clab-ml-17-H1-11)
 [INFO] Executing routing configuration for node H1-05 (namespace
          clab-ml-17-H1-05)
 [INFO] Executing routing configuration for node H1-07 (namespace
          clab-ml-17-H1-07)
 [INFO] Executing routing configuration for node H1-09 (namespace
          clab-ml-17-H1-09)
 [INFO] Executing routing configuration for node H1-02 (namespace
          clab-ml-17-H1-02)
 [INFO] Executing routing configuration for node H1-08 (namespace
          clab-ml-17-H1-08)
 [INFO] Executing vlan configuration for node S1
 [INFO] Executing vlan configuration for node S2
 [INFO] Executing ospf configuration for node S1
 [INFO] Executing routing configuration for node H1-10 (namespace
          clab-ml-17-H1-10)
 [INFO] Executing ospf configuration for node S2
 [INFO] Executing initial configuration for node H1-13 (namespace
          clab-ml-17-H1-13)
 [INFO] Executing initial configuration for node H1-14 (namespace
          clab-ml-17-H1-14)
 [INFO] Executing initial configuration for node H1-15 (namespace
          clab-ml-17-H1-15)
 [INFO] Executing routing configuration for node H1-12 (namespace
          clab-ml-17-H1-12)
 [INFO] Executing initial configuration for node H1-16 (namespace
          clab-ml-17-H1-16)
 [INFO] Executing initial configuration for node H1-17 (namespace
          clab-ml-17-H1-17)
 [INFO] Executing initial configuration for node H1-18 (namespace
          clab-ml-17-H1-18)
 [INFO] Executing initial configuration for node H1-19 (namespace
          clab-ml-17-H1-19)
 [INFO] Executing initial configuration for node H1-20 (namespace
          clab-ml-17-H1-20)
 [INFO] Executing initial configuration for node H1-21 (namespace
          clab-ml-17-H1-21)
 [INFO] Executing initial configuration for node H1-22 (namespace
          clab-ml-17-H1-22)
 [INFO] Executing initial configuration for node H1-23 (namespace
          clab-ml-17-H1-23)
 [INFO] Executing initial configuration for node H1-24 (namespace
          clab-ml-17-H1-24)
 [INFO] Executing routing configuration for node H1-13 (namespace
          clab-ml-17-H1-13)
 [INFO] Executing initial configuration for node H1-25 (namespace
          clab-ml-17-H1-25)
 [INFO] Executing routing configuration for node H1-14 (namespace
          clab-ml-17-H1-14)
 [INFO] Executing routing configuration for node H1-16 (namespace
          clab-ml-17-H1-16)
 [INFO] Executing routing configuration for node H1-17 (namespace
          clab-ml-17-H1-17)
 [INFO] Executing initial configuration for node H1-26 (namespace
          clab-ml-17-H1-26)
 [INFO] Executing routing configuration for node H1-18 (namespace
          clab-ml-17-H1-18)
 [INFO] Executing routing configuration for node H1-15 (namespace
          clab-ml-17-H1-15)
 [INFO] Executing routing configuration for node H1-19 (namespace
          clab-ml-17-H1-19)
 [INFO] Executing routing configuration for node H1-20 (namespace
          clab-ml-17-H1-20)
 [INFO] Executing initial configuration for node H1-27 (namespace
          clab-ml-17-H1-27)
 [INFO] Executing initial configuration for node H1-28 (namespace
          clab-ml-17-H1-28)
 [INFO] Executing routing configuration for node H1-22 (namespace
          clab-ml-17-H1-22)
 [INFO] Executing initial configuration for node H1-29 (namespace
          clab-ml-17-H1-29)
 [INFO] Executing routing configuration for node H1-23 (namespace
          clab-ml-17-H1-23)
 [INFO] Executing routing configuration for node H1-24 (namespace
          clab-ml-17-H1-24)
 [INFO] Executing initial configuration for node H1-30 (namespace
          clab-ml-17-H1-30)
 [INFO] Executing routing configuration for node H1-21 (namespace
          clab-ml-17-H1-21)
 [INFO] Executing routing configuration for node H1-25 (namespace
          clab-ml-17-H1-25)
 [INFO] Executing initial configuration for node H1-31 (namespace
          clab-ml-17-H1-31)
 [INFO] Executing routing configuration for node H1-26 (namespace
          clab-ml-17-H1-26)
 [INFO] Executing initial configuration for node H1-32 (namespace
          clab-ml-17-H1-32)
 [INFO] Executing routing configuration for node H1-27 (namespace
          clab-ml-17-H1-27)
 [INFO] Executing initial configuration for node H1-33 (namespace
          clab-ml-17-H1-33)
 [INFO] Executing initial configuration for node H1-34 (namespace
          clab-ml-17-H1-34)
 [INFO] Executing initial configuration for node H1-35 (namespace
          clab-ml-17-H1-35)
 [INFO] Executing initial configuration for node H1-36 (namespace
          clab-ml-17-H1-36)
 [INFO] Executing routing configuration for node H1-28 (namespace
          clab-ml-17-H1-28)
 [INFO] Executing initial configuration for node H1-37 (namespace
          clab-ml-17-H1-37)
 [INFO] Executing vlan configuration for node L2
 [INFO] Executing initial configuration for node H1-38 (namespace
          clab-ml-17-H1-38)
 [INFO] Executing vlan configuration for node L3
 [INFO] Executing routing configuration for node H1-30 (namespace
          clab-ml-17-H1-30)
 [INFO] Executing vlan configuration for node L5
 [INFO] Executing vlan configuration for node L6
 [INFO] Executing routing configuration for node H1-33 (namespace
          clab-ml-17-H1-33)
 [INFO] Executing routing configuration for node H1-29 (namespace
          clab-ml-17-H1-29)
 [INFO] Executing vlan configuration for node L4
 [INFO] Executing routing configuration for node H1-34 (namespace
          clab-ml-17-H1-34)
 [INFO] Executing routing configuration for node H1-37 (namespace
          clab-ml-17-H1-37)
 [INFO] Executing initial configuration for node H1-39 (namespace
          clab-ml-17-H1-39)
 [INFO] Executing routing configuration for node H1-31 (namespace
          clab-ml-17-H1-31)
 [INFO] Executing routing configuration for node H1-35 (namespace
          clab-ml-17-H1-35)
 [INFO] Executing routing configuration for node H1-32 (namespace
          clab-ml-17-H1-32)
 [INFO] Executing initial configuration for node H1-40 (namespace
          clab-ml-17-H1-40)
 [INFO] Executing initial configuration for node H1-41 (namespace
          clab-ml-17-H1-41)
 [INFO] Executing routing configuration for node H1-36 (namespace
          clab-ml-17-H1-36)
 [INFO] Executing initial configuration for node H1-42 (namespace
          clab-ml-17-H1-42)
 [INFO] Executing initial configuration for node H1-43 (namespace
          clab-ml-17-H1-43)
 [INFO] Executing initial configuration for node H1-44 (namespace
          clab-ml-17-H1-44)
 [INFO] Executing routing configuration for node H1-38 (namespace
          clab-ml-17-H1-38)
 [INFO] Executing vlan configuration for node L1
 [INFO] Executing initial configuration for node H1-45 (namespace
          clab-ml-17-H1-45)
 [INFO] Executing initial configuration for node H1-46 (namespace
          clab-ml-17-H1-46)
 [INFO] Executing initial configuration for node H1-47 (namespace
          clab-ml-17-H1-47)
 [INFO] Executing routing configuration for node H1-40 (namespace
          clab-ml-17-H1-40)
 [INFO] Executing initial configuration for node H1-48 (namespace
          clab-ml-17-H1-48)
 [INFO] Executing initial configuration for node H1-49 (namespace
          clab-ml-17-H1-49)
 [INFO] Executing routing configuration for node H1-39 (namespace
          clab-ml-17-H1-39)
 [INFO] Executing routing configuration for node H1-41 (namespace
          clab-ml-17-H1-41)
 [INFO] Executing ospf configuration for node L2
 [INFO] Executing initial configuration for node H1-50 (namespace
          clab-ml-17-H1-50)
 [INFO] Executing initial configuration for node H2-01 (namespace
          clab-ml-17-H2-01)
 [INFO] Executing routing configuration for node H1-42 (namespace
          clab-ml-17-H1-42)
 [INFO] Executing routing configuration for node H1-43 (namespace
          clab-ml-17-H1-43)
 [INFO] Executing initial configuration for node H2-02 (namespace
          clab-ml-17-H2-02)
 [INFO] Executing ospf configuration for node L6
 [INFO] Executing ospf configuration for node L4
 [INFO] Executing initial configuration for node H2-03 (namespace
          clab-ml-17-H2-03)
 [INFO] Executing ospf configuration for node L3
 [INFO] Executing routing configuration for node H1-48 (namespace
          clab-ml-17-H1-48)
 [INFO] Executing routing configuration for node H1-45 (namespace
          clab-ml-17-H1-45)
 [INFO] Executing routing configuration for node H1-46 (namespace
          clab-ml-17-H1-46)
 [INFO] Executing routing configuration for node H1-44 (namespace
          clab-ml-17-H1-44)
 [INFO] Executing ospf configuration for node L5
 [INFO] Executing routing configuration for node H1-47 (namespace
          clab-ml-17-H1-47)
 [INFO] Executing initial configuration for node H2-04 (namespace
          clab-ml-17-H2-04)
 [INFO] Executing initial configuration for node H2-05 (namespace
          clab-ml-17-H2-05)
 [INFO] Executing initial configuration for node H2-06 (namespace
          clab-ml-17-H2-06)
 [INFO] Executing routing configuration for node H1-50 (namespace
          clab-ml-17-H1-50)
 [INFO] Executing initial configuration for node H2-07 (namespace
          clab-ml-17-H2-07)
 [INFO] Executing routing configuration for node H2-01 (namespace
          clab-ml-17-H2-01)
 [INFO] Executing routing configuration for node H1-49 (namespace
          clab-ml-17-H1-49)
 [INFO] Executing initial configuration for node H2-08 (namespace
          clab-ml-17-H2-08)
 [INFO] Executing initial configuration for node H2-09 (namespace
          clab-ml-17-H2-09)
 [INFO] Executing routing configuration for node H2-02 (namespace
          clab-ml-17-H2-02)
 [INFO] Executing initial configuration for node H2-10 (namespace
          clab-ml-17-H2-10)
 [INFO] Executing routing configuration for node H2-03 (namespace
          clab-ml-17-H2-03)
 [INFO] Executing initial configuration for node H2-11 (namespace
          clab-ml-17-H2-11)
 [INFO] Executing initial configuration for node H2-12 (namespace
          clab-ml-17-H2-12)
 [INFO] Executing initial configuration for node H2-13 (namespace
          clab-ml-17-H2-13)
 [INFO] Executing initial configuration for node H2-14 (namespace
          clab-ml-17-H2-14)
 [INFO] Executing routing configuration for node H2-05 (namespace
          clab-ml-17-H2-05)
 [INFO] Executing initial configuration for node H2-15 (namespace
          clab-ml-17-H2-15)
 [INFO] Executing initial configuration for node H2-16 (namespace
          clab-ml-17-H2-16)
 [INFO] Executing ospf configuration for node L1
 [INFO] Executing initial configuration for node H2-17 (namespace
          clab-ml-17-H2-17)
 [INFO] Executing routing configuration for node H2-09 (namespace
          clab-ml-17-H2-09)
 [INFO] Executing routing configuration for node H2-04 (namespace
          clab-ml-17-H2-04)
 [INFO] Executing initial configuration for node H2-18 (namespace
          clab-ml-17-H2-18)
 [INFO] Executing initial configuration for node H2-19 (namespace
          clab-ml-17-H2-19)
 [INFO] Executing routing configuration for node H2-14 (namespace
          clab-ml-17-H2-14)
 [INFO] Executing initial configuration for node H2-20 (namespace
          clab-ml-17-H2-20)
 [INFO] Executing initial configuration for node H2-21 (namespace
          clab-ml-17-H2-21)
 [INFO] Executing initial configuration for node H2-22 (namespace
          clab-ml-17-H2-22)
 [INFO] Executing routing configuration for node H2-12 (namespace
          clab-ml-17-H2-12)
 [INFO] Executing routing configuration for node H2-07 (namespace
          clab-ml-17-H2-07)
 [INFO] Executing routing configuration for node H2-06 (namespace
          clab-ml-17-H2-06)
 [INFO] Executing routing configuration for node H2-17 (namespace
          clab-ml-17-H2-17)
 [INFO] Executing routing configuration for node H2-10 (namespace
          clab-ml-17-H2-10)
 [INFO] Executing routing configuration for node H2-11 (namespace
          clab-ml-17-H2-11)
 [INFO] Executing routing configuration for node H2-16 (namespace
          clab-ml-17-H2-16)
 [INFO] Executing routing configuration for node H2-20 (namespace
          clab-ml-17-H2-20)
 [INFO] Executing initial configuration for node H2-23 (namespace
          clab-ml-17-H2-23)
 [INFO] Executing routing configuration for node H2-21 (namespace
          clab-ml-17-H2-21)
 [INFO] Executing initial configuration for node H2-24 (namespace
          clab-ml-17-H2-24)
 [INFO] Executing routing configuration for node H2-08 (namespace
          clab-ml-17-H2-08)
 [INFO] Executing routing configuration for node H2-15 (namespace
          clab-ml-17-H2-15)
 [INFO] Executing routing configuration for node H2-18 (namespace
          clab-ml-17-H2-18)
 [INFO] Executing initial configuration for node H2-25 (namespace
          clab-ml-17-H2-25)
 [INFO] Executing initial configuration for node H2-26 (namespace
          clab-ml-17-H2-26)
 [INFO] Executing routing configuration for node H2-13 (namespace
          clab-ml-17-H2-13)
 [INFO] Executing routing configuration for node H2-22 (namespace
          clab-ml-17-H2-22)
 [INFO] Executing initial configuration for node H2-27 (namespace
          clab-ml-17-H2-27)
 [INFO] Executing initial configuration for node H2-28 (namespace
          clab-ml-17-H2-28)
 [INFO] Executing routing configuration for node H2-19 (namespace
          clab-ml-17-H2-19)
 [INFO] Executing routing configuration for node H2-24 (namespace
          clab-ml-17-H2-24)
 [INFO] Executing initial configuration for node H2-29 (namespace
          clab-ml-17-H2-29)
 [INFO] Executing initial configuration for node H2-30 (namespace
          clab-ml-17-H2-30)
 [INFO] Executing initial configuration for node H2-31 (namespace
          clab-ml-17-H2-31)
 [INFO] Executing initial configuration for node H2-32 (namespace
          clab-ml-17-H2-32)
 [INFO] Executing initial configuration for node H2-33 (namespace
          clab-ml-17-H2-33)
 [INFO] Executing routing configuration for node H2-23 (namespace
          clab-ml-17-H2-23)
 [INFO] Executing initial configuration for node H2-34 (namespace
          clab-ml-17-H2-34)
 [INFO] Executing initial configuration for node H2-35 (namespace
          clab-ml-17-H2-35)
 [INFO] Executing initial configuration for node H2-36 (namespace
          clab-ml-17-H2-36)
 [INFO] Executing initial configuration for node H2-37 (namespace
          clab-ml-17-H2-37)
 [INFO] Executing initial configuration for node H2-38 (namespace
          clab-ml-17-H2-38)
 [INFO] Executing routing configuration for node H2-27 (namespace
          clab-ml-17-H2-27)
 [INFO] Executing routing configuration for node H2-25 (namespace
          clab-ml-17-H2-25)
 [INFO] Executing initial configuration for node H2-39 (namespace
          clab-ml-17-H2-39)
 [INFO] Executing initial configuration for node H2-40 (namespace
          clab-ml-17-H2-40)
 [INFO] Executing routing configuration for node H2-26 (namespace
          clab-ml-17-H2-26)
 [INFO] Executing initial configuration for node H2-41 (namespace
          clab-ml-17-H2-41)
 [INFO] Executing routing configuration for node H2-30 (namespace
          clab-ml-17-H2-30)
 [INFO] Executing initial configuration for node H2-42 (namespace
          clab-ml-17-H2-42)
 [INFO] Executing routing configuration for node H2-31 (namespace
          clab-ml-17-H2-31)
 [INFO] Executing routing configuration for node H2-35 (namespace
          clab-ml-17-H2-35)
 [INFO] Executing routing configuration for node H2-36 (namespace
          clab-ml-17-H2-36)
 [INFO] Executing routing configuration for node H2-32 (namespace
          clab-ml-17-H2-32)
 [INFO] Executing routing configuration for node H2-29 (namespace
          clab-ml-17-H2-29)
 [INFO] Executing initial configuration for node H2-43 (namespace
          clab-ml-17-H2-43)
 [INFO] Executing routing configuration for node H2-39 (namespace
          clab-ml-17-H2-39)
 [INFO] Executing routing configuration for node H2-28 (namespace
          clab-ml-17-H2-28)
 [INFO] Executing initial configuration for node H2-44 (namespace
          clab-ml-17-H2-44)
 [INFO] Executing routing configuration for node H2-38 (namespace
          clab-ml-17-H2-38)
 [INFO] Executing routing configuration for node H2-33 (namespace
          clab-ml-17-H2-33)
 [INFO] Executing routing configuration for node H2-34 (namespace
          clab-ml-17-H2-34)
 [INFO] Executing routing configuration for node H2-37 (namespace
          clab-ml-17-H2-37)
 [INFO] Executing initial configuration for node H2-45 (namespace
          clab-ml-17-H2-45)
 [INFO] Executing routing configuration for node H2-40 (namespace
          clab-ml-17-H2-40)
 [INFO] Executing routing configuration for node H2-41 (namespace
          clab-ml-17-H2-41)
 [INFO] Executing routing configuration for node H2-42 (namespace
          clab-ml-17-H2-42)
 [INFO] Executing initial configuration for node H2-46 (namespace
          clab-ml-17-H2-46)
 [INFO] Executing initial configuration for node H2-47 (namespace
          clab-ml-17-H2-47)
 [INFO] Executing initial configuration for node H2-48 (namespace
          clab-ml-17-H2-48)
 [INFO] Executing routing configuration for node H2-44 (namespace
          clab-ml-17-H2-44)
 [INFO] Executing initial configuration for node H2-49 (namespace
          clab-ml-17-H2-49)
 [INFO] Executing initial configuration for node H2-50 (namespace
          clab-ml-17-H2-50)
 [INFO] Executing initial configuration for node H3-01 (namespace
          clab-ml-17-H3-01)
 [INFO] Executing initial configuration for node H3-02 (namespace
          clab-ml-17-H3-02)
 [INFO] Executing initial configuration for node H3-03 (namespace
          clab-ml-17-H3-03)
 [INFO] Executing routing configuration for node H2-45 (namespace
          clab-ml-17-H2-45)
 [INFO] Executing initial configuration for node H3-04 (namespace
          clab-ml-17-H3-04)
 [INFO] Executing initial configuration for node H3-05 (namespace
          clab-ml-17-H3-05)
 [INFO] Executing initial configuration for node H3-06 (namespace
          clab-ml-17-H3-06)
 [INFO] Executing initial configuration for node H3-07 (namespace
          clab-ml-17-H3-07)
 [INFO] Executing routing configuration for node H2-43 (namespace
          clab-ml-17-H2-43)
 [INFO] Executing initial configuration for node H3-08 (namespace
          clab-ml-17-H3-08)
 [INFO] Executing routing configuration for node H2-46 (namespace
          clab-ml-17-H2-46)
 [INFO] Executing initial configuration for node H3-09 (namespace
          clab-ml-17-H3-09)
 [INFO] Executing initial configuration for node H3-10 (namespace
          clab-ml-17-H3-10)
 [INFO] Executing initial configuration for node H3-11 (namespace
          clab-ml-17-H3-11)
 [INFO] Executing initial configuration for node H3-12 (namespace
          clab-ml-17-H3-12)
 [INFO] Executing routing configuration for node H2-47 (namespace
          clab-ml-17-H2-47)
 [INFO] Executing routing configuration for node H2-50 (namespace
          clab-ml-17-H2-50)
 [INFO] Executing initial configuration for node H3-13 (namespace
          clab-ml-17-H3-13)
 [INFO] Executing routing configuration for node H2-49 (namespace
          clab-ml-17-H2-49)
 [INFO] Executing routing configuration for node H3-05 (namespace
          clab-ml-17-H3-05)
 [INFO] Executing routing configuration for node H3-01 (namespace
          clab-ml-17-H3-01)
 [INFO] Executing routing configuration for node H2-48 (namespace
          clab-ml-17-H2-48)
 [INFO] Executing initial configuration for node H3-14 (namespace
          clab-ml-17-H3-14)
 [INFO] Executing routing configuration for node H3-03 (namespace
          clab-ml-17-H3-03)
 [INFO] Executing routing configuration for node H3-07 (namespace
          clab-ml-17-H3-07)
 [INFO] Executing routing configuration for node H3-02 (namespace
          clab-ml-17-H3-02)
 [INFO] Executing routing configuration for node H3-08 (namespace
          clab-ml-17-H3-08)
 [INFO] Executing initial configuration for node H3-15 (namespace
          clab-ml-17-H3-15)
 [INFO] Executing routing configuration for node H3-04 (namespace
          clab-ml-17-H3-04)
 [INFO] Executing routing configuration for node H3-06 (namespace
          clab-ml-17-H3-06)
 [INFO] Executing routing configuration for node H3-09 (namespace
          clab-ml-17-H3-09)
 [INFO] Executing routing configuration for node H3-11 (namespace
          clab-ml-17-H3-11)
 [INFO] Executing initial configuration for node H3-16 (namespace
          clab-ml-17-H3-16)
 [INFO] Executing routing configuration for node H3-10 (namespace
          clab-ml-17-H3-10)
 [INFO] Executing routing configuration for node H3-12 (namespace
          clab-ml-17-H3-12)
 [INFO] Executing initial configuration for node H3-17 (namespace
          clab-ml-17-H3-17)
 [INFO] Executing initial configuration for node H3-18 (namespace
          clab-ml-17-H3-18)
 [INFO] Executing initial configuration for node H3-19 (namespace
          clab-ml-17-H3-19)
 [INFO] Executing initial configuration for node H3-20 (namespace
          clab-ml-17-H3-20)
 [INFO] Executing initial configuration for node H3-21 (namespace
          clab-ml-17-H3-21)
 [INFO] Executing initial configuration for node H3-22 (namespace
          clab-ml-17-H3-22)
 [INFO] Executing initial configuration for node H3-23 (namespace
          clab-ml-17-H3-23)
 [INFO] Executing initial configuration for node H3-24 (namespace
          clab-ml-17-H3-24)
 [INFO] Executing routing configuration for node H3-13 (namespace
          clab-ml-17-H3-13)
 [INFO] Executing initial configuration for node H3-25 (namespace
          clab-ml-17-H3-25)
 [INFO] Executing routing configuration for node H3-15 (namespace
          clab-ml-17-H3-15)
 [INFO] Executing initial configuration for node H3-26 (namespace
          clab-ml-17-H3-26)
 [INFO] Executing routing configuration for node H3-14 (namespace
          clab-ml-17-H3-14)
 [INFO] Executing routing configuration for node H3-22 (namespace
          clab-ml-17-H3-22)
 [INFO] Executing routing configuration for node H3-18 (namespace
          clab-ml-17-H3-18)
 [INFO] Executing routing configuration for node H3-19 (namespace
          clab-ml-17-H3-19)
 [INFO] Executing initial configuration for node H3-27 (namespace
          clab-ml-17-H3-27)
 [INFO] Executing initial configuration for node H3-28 (namespace
          clab-ml-17-H3-28)
 [INFO] Executing initial configuration for node H3-29 (namespace
          clab-ml-17-H3-29)
 [INFO] Executing routing configuration for node H3-20 (namespace
          clab-ml-17-H3-20)
 [INFO] Executing initial configuration for node H3-30 (namespace
          clab-ml-17-H3-30)
 [INFO] Executing initial configuration for node H3-31 (namespace
          clab-ml-17-H3-31)
 [INFO] Executing routing configuration for node H3-21 (namespace
          clab-ml-17-H3-21)
 [INFO] Executing initial configuration for node H3-32 (namespace
          clab-ml-17-H3-32)
 [INFO] Executing routing configuration for node H3-23 (namespace
          clab-ml-17-H3-23)
 [INFO] Executing routing configuration for node H3-16 (namespace
          clab-ml-17-H3-16)
 [INFO] Executing initial configuration for node H3-33 (namespace
          clab-ml-17-H3-33)
 [INFO] Executing routing configuration for node H3-24 (namespace
          clab-ml-17-H3-24)
 [INFO] Executing routing configuration for node H3-25 (namespace
          clab-ml-17-H3-25)
 [INFO] Executing routing configuration for node H3-17 (namespace
          clab-ml-17-H3-17)
 [INFO] Executing routing configuration for node H3-32 (namespace
          clab-ml-17-H3-32)
 [INFO] Executing initial configuration for node H3-34 (namespace
          clab-ml-17-H3-34)
 [INFO] Executing initial configuration for node H3-35 (namespace
          clab-ml-17-H3-35)
 [INFO] Executing routing configuration for node H3-27 (namespace
          clab-ml-17-H3-27)
 [INFO] Executing initial configuration for node H3-36 (namespace
          clab-ml-17-H3-36)
 [INFO] Executing initial configuration for node H3-37 (namespace
          clab-ml-17-H3-37)
 [INFO] Executing routing configuration for node H3-30 (namespace
          clab-ml-17-H3-30)
 [INFO] Executing initial configuration for node H3-38 (namespace
          clab-ml-17-H3-38)
 [INFO] Executing routing configuration for node H3-26 (namespace
          clab-ml-17-H3-26)
 [INFO] Executing routing configuration for node H3-29 (namespace
          clab-ml-17-H3-29)
 [INFO] Executing initial configuration for node H3-39 (namespace
          clab-ml-17-H3-39)
 [INFO] Executing initial configuration for node H3-40 (namespace
          clab-ml-17-H3-40)
 [INFO] Executing initial configuration for node H3-41 (namespace
          clab-ml-17-H3-41)
 [INFO] Executing routing configuration for node H3-28 (namespace
          clab-ml-17-H3-28)
 [INFO] Executing initial configuration for node H3-42 (namespace
          clab-ml-17-H3-42)
 [INFO] Executing routing configuration for node H3-33 (namespace
          clab-ml-17-H3-33)
 [INFO] Executing routing configuration for node H3-31 (namespace
          clab-ml-17-H3-31)
 [INFO] Executing initial configuration for node H3-43 (namespace
          clab-ml-17-H3-43)
 [INFO] Executing routing configuration for node H3-35 (namespace
          clab-ml-17-H3-35)
 [INFO] Executing initial configuration for node H3-44 (namespace
          clab-ml-17-H3-44)
 [INFO] Executing initial configuration for node H3-45 (namespace
          clab-ml-17-H3-45)
 [INFO] Executing initial configuration for node H3-46 (namespace
          clab-ml-17-H3-46)
 [INFO] Executing initial configuration for node H3-47 (namespace
          clab-ml-17-H3-47)
 [INFO] Executing initial configuration for node H3-48 (namespace
          clab-ml-17-H3-48)
 [INFO] Executing routing configuration for node H3-37 (namespace
          clab-ml-17-H3-37)
 [INFO] Executing initial configuration for node H3-49 (namespace
          clab-ml-17-H3-49)
 [INFO] Executing routing configuration for node H3-34 (namespace
          clab-ml-17-H3-34)
 [INFO] Executing routing configuration for node H3-36 (namespace
          clab-ml-17-H3-36)
 [INFO] Executing routing configuration for node H3-38 (namespace
          clab-ml-17-H3-38)
 [INFO] Executing initial configuration for node H3-50 (namespace
          clab-ml-17-H3-50)
 [INFO] Executing routing configuration for node H3-46 (namespace
          clab-ml-17-H3-46)
 [INFO] Executing initial configuration for node H4-01 (namespace
          clab-ml-17-H4-01)
 [INFO] Executing routing configuration for node H3-41 (namespace
          clab-ml-17-H3-41)
 [INFO] Executing routing configuration for node H3-43 (namespace
          clab-ml-17-H3-43)
 [INFO] Executing routing configuration for node H3-40 (namespace
          clab-ml-17-H3-40)
 [INFO] Executing initial configuration for node H4-02 (namespace
          clab-ml-17-H4-02)
 [INFO] Executing routing configuration for node H3-42 (namespace
          clab-ml-17-H3-42)
 [INFO] Executing initial configuration for node H4-03 (namespace
          clab-ml-17-H4-03)
 [INFO] Executing initial configuration for node H4-04 (namespace
          clab-ml-17-H4-04)
 [INFO] Executing routing configuration for node H3-45 (namespace
          clab-ml-17-H3-45)
 [INFO] Executing initial configuration for node H4-05 (namespace
          clab-ml-17-H4-05)
 [INFO] Executing routing configuration for node H3-47 (namespace
          clab-ml-17-H3-47)
 [INFO] Executing routing configuration for node H3-44 (namespace
          clab-ml-17-H3-44)
 [INFO] Executing routing configuration for node H3-48 (namespace
          clab-ml-17-H3-48)
 [INFO] Executing initial configuration for node H4-06 (namespace
          clab-ml-17-H4-06)
 [INFO] Executing routing configuration for node H3-49 (namespace
          clab-ml-17-H3-49)
 [INFO] Executing initial configuration for node H4-07 (namespace
          clab-ml-17-H4-07)
 [INFO] Executing initial configuration for node H4-08 (namespace
          clab-ml-17-H4-08)
 [INFO] Executing routing configuration for node H3-39 (namespace
          clab-ml-17-H3-39)
 [INFO] Executing initial configuration for node H4-09 (namespace
          clab-ml-17-H4-09)
 [INFO] Executing routing configuration for node H3-50 (namespace
          clab-ml-17-H3-50)
 [INFO] Executing routing configuration for node H4-03 (namespace
          clab-ml-17-H4-03)
 [INFO] Executing initial configuration for node H4-10 (namespace
          clab-ml-17-H4-10)
 [INFO] Executing initial configuration for node H4-11 (namespace
          clab-ml-17-H4-11)
 [INFO] Executing initial configuration for node H4-12 (namespace
          clab-ml-17-H4-12)
 [INFO] Executing routing configuration for node H4-02 (namespace
          clab-ml-17-H4-02)
 [INFO] Executing initial configuration for node H4-13 (namespace
          clab-ml-17-H4-13)
 [INFO] Executing initial configuration for node H4-14 (namespace
          clab-ml-17-H4-14)
 [INFO] Executing initial configuration for node H4-15 (namespace
          clab-ml-17-H4-15)
 [INFO] Executing routing configuration for node H4-01 (namespace
          clab-ml-17-H4-01)
 [INFO] Executing routing configuration for node H4-08 (namespace
          clab-ml-17-H4-08)
 [INFO] Executing initial configuration for node H4-16 (namespace
          clab-ml-17-H4-16)
 [INFO] Executing routing configuration for node H4-09 (namespace
          clab-ml-17-H4-09)
 [INFO] Executing routing configuration for node H4-05 (namespace
          clab-ml-17-H4-05)
 [INFO] Executing initial configuration for node H4-17 (namespace
          clab-ml-17-H4-17)
 [INFO] Executing initial configuration for node H4-18 (namespace
          clab-ml-17-H4-18)
 [INFO] Executing initial configuration for node H4-19 (namespace
          clab-ml-17-H4-19)
 [INFO] Executing routing configuration for node H4-07 (namespace
          clab-ml-17-H4-07)
 [INFO] Executing initial configuration for node H4-20 (namespace
          clab-ml-17-H4-20)
 [INFO] Executing routing configuration for node H4-04 (namespace
          clab-ml-17-H4-04)
 [INFO] Executing initial configuration for node H4-21 (namespace
          clab-ml-17-H4-21)
 [INFO] Executing routing configuration for node H4-10 (namespace
          clab-ml-17-H4-10)
 [INFO] Executing routing configuration for node H4-06 (namespace
          clab-ml-17-H4-06)
 [INFO] Executing routing configuration for node H4-12 (namespace
          clab-ml-17-H4-12)
 [INFO] Executing initial configuration for node H4-22 (namespace
          clab-ml-17-H4-22)
 [INFO] Executing routing configuration for node H4-18 (namespace
          clab-ml-17-H4-18)
 [INFO] Executing initial configuration for node H4-23 (namespace
          clab-ml-17-H4-23)
 [INFO] Executing initial configuration for node H4-24 (namespace
          clab-ml-17-H4-24)
 [INFO] Executing routing configuration for node H4-20 (namespace
          clab-ml-17-H4-20)
 [INFO] Executing routing configuration for node H4-19 (namespace
          clab-ml-17-H4-19)
 [INFO] Executing routing configuration for node H4-11 (namespace
          clab-ml-17-H4-11)
 [INFO] Executing routing configuration for node H4-17 (namespace
          clab-ml-17-H4-17)
 [INFO] Executing routing configuration for node H4-16 (namespace
          clab-ml-17-H4-16)
 [INFO] Executing routing configuration for node H4-14 (namespace
          clab-ml-17-H4-14)
 [INFO] Executing initial configuration for node H4-25 (namespace
          clab-ml-17-H4-25)
 [INFO] Executing routing configuration for node H4-15 (namespace
          clab-ml-17-H4-15)
 [INFO] Executing initial configuration for node H4-26 (namespace
          clab-ml-17-H4-26)
 [INFO] Executing initial configuration for node H4-27 (namespace
          clab-ml-17-H4-27)
 [INFO] Executing initial configuration for node H4-28 (namespace
          clab-ml-17-H4-28)
 [INFO] Executing initial configuration for node H4-29 (namespace
          clab-ml-17-H4-29)
 [INFO] Executing routing configuration for node H4-21 (namespace
          clab-ml-17-H4-21)
 [INFO] Executing initial configuration for node H4-30 (namespace
          clab-ml-17-H4-30)
 [INFO] Executing initial configuration for node H4-31 (namespace
          clab-ml-17-H4-31)
 [INFO] Executing routing configuration for node H4-13 (namespace
          clab-ml-17-H4-13)
 [INFO] Executing initial configuration for node H4-32 (namespace
          clab-ml-17-H4-32)
 [INFO] Executing routing configuration for node H4-22 (namespace
          clab-ml-17-H4-22)
 [INFO] Executing initial configuration for node H4-33 (namespace
          clab-ml-17-H4-33)
 [INFO] Executing initial configuration for node H4-34 (namespace
          clab-ml-17-H4-34)
 [INFO] Executing initial configuration for node H4-35 (namespace
          clab-ml-17-H4-35)
 [INFO] Executing routing configuration for node H4-24 (namespace
          clab-ml-17-H4-24)
 [INFO] Executing routing configuration for node H4-23 (namespace
          clab-ml-17-H4-23)
 [INFO] Executing routing configuration for node H4-26 (namespace
          clab-ml-17-H4-26)
 [INFO] Executing routing configuration for node H4-28 (namespace
          clab-ml-17-H4-28)
 [INFO] Executing routing configuration for node H4-27 (namespace
          clab-ml-17-H4-27)
 [INFO] Executing routing configuration for node H4-29 (namespace
          clab-ml-17-H4-29)
 [INFO] Executing routing configuration for node H4-30 (namespace
          clab-ml-17-H4-30)
 [INFO] Executing initial configuration for node H4-36 (namespace
          clab-ml-17-H4-36)
 [INFO] Executing initial configuration for node H4-37 (namespace
          clab-ml-17-H4-37)
 [INFO] Executing initial configuration for node H4-38 (namespace
          clab-ml-17-H4-38)
 [INFO] Executing initial configuration for node H4-39 (namespace
          clab-ml-17-H4-39)
 [INFO] Executing initial configuration for node H4-40 (namespace
          clab-ml-17-H4-40)
 [INFO] Executing initial configuration for node H4-41 (namespace
          clab-ml-17-H4-41)
 [INFO] Executing routing configuration for node H4-25 (namespace
          clab-ml-17-H4-25)
 [INFO] Executing routing configuration for node H4-34 (namespace
          clab-ml-17-H4-34)
 [INFO] Executing initial configuration for node H4-42 (namespace
          clab-ml-17-H4-42)
 [INFO] Executing routing configuration for node H4-33 (namespace
          clab-ml-17-H4-33)
 [INFO] Executing routing configuration for node H4-31 (namespace
          clab-ml-17-H4-31)
 [INFO] Executing initial configuration for node H4-43 (namespace
          clab-ml-17-H4-43)
 [INFO] Executing routing configuration for node H4-35 (namespace
          clab-ml-17-H4-35)
 [INFO] Executing initial configuration for node H4-44 (namespace
          clab-ml-17-H4-44)
 [INFO] Executing initial configuration for node H4-45 (namespace
          clab-ml-17-H4-45)
 [INFO] Executing initial configuration for node H4-46 (namespace
          clab-ml-17-H4-46)
 [INFO] Executing routing configuration for node H4-32 (namespace
          clab-ml-17-H4-32)
 [INFO] Executing initial configuration for node H4-47 (namespace
          clab-ml-17-H4-47)
 [INFO] Executing initial configuration for node H4-48 (namespace
          clab-ml-17-H4-48)
 [INFO] Executing routing configuration for node H4-38 (namespace
          clab-ml-17-H4-38)
 [INFO] Executing routing configuration for node H4-37 (namespace
          clab-ml-17-H4-37)
 [INFO] Executing initial configuration for node H4-49 (namespace
          clab-ml-17-H4-49)
 [INFO] Executing routing configuration for node H4-39 (namespace
          clab-ml-17-H4-39)
 [INFO] Executing routing configuration for node H4-36 (namespace
          clab-ml-17-H4-36)
 [INFO] Executing initial configuration for node H4-50 (namespace
          clab-ml-17-H4-50)
 [INFO] Executing initial configuration for node H5-01 (namespace
          clab-ml-17-H5-01)
 [INFO] Executing routing configuration for node H4-42 (namespace
          clab-ml-17-H4-42)
 [INFO] Executing initial configuration for node H5-02 (namespace
          clab-ml-17-H5-02)
 [INFO] Executing routing configuration for node H4-41 (namespace
          clab-ml-17-H4-41)
 [INFO] Executing initial configuration for node H5-03 (namespace
          clab-ml-17-H5-03)
 [INFO] Executing routing configuration for node H4-40 (namespace
          clab-ml-17-H4-40)
 [INFO] Executing initial configuration for node H5-04 (namespace
          clab-ml-17-H5-04)
 [INFO] Executing routing configuration for node H4-47 (namespace
          clab-ml-17-H4-47)
 [INFO] Executing initial configuration for node H5-05 (namespace
          clab-ml-17-H5-05)
 [INFO] Executing routing configuration for node H4-44 (namespace
          clab-ml-17-H4-44)
 [INFO] Executing initial configuration for node H5-06 (namespace
          clab-ml-17-H5-06)
 [INFO] Executing routing configuration for node H4-48 (namespace
          clab-ml-17-H4-48)
 [INFO] Executing initial configuration for node H5-07 (namespace
          clab-ml-17-H5-07)
 [INFO] Executing routing configuration for node H4-45 (namespace
          clab-ml-17-H4-45)
 [INFO] Executing routing configuration for node H4-46 (namespace
          clab-ml-17-H4-46)
 [INFO] Executing routing configuration for node H4-43 (namespace
          clab-ml-17-H4-43)
 [INFO] Executing routing configuration for node H5-01 (namespace
          clab-ml-17-H5-01)
 [INFO] Executing initial configuration for node H5-08 (namespace
          clab-ml-17-H5-08)
 [INFO] Executing routing configuration for node H4-49 (namespace
          clab-ml-17-H4-49)
 [INFO] Executing routing configuration for node H4-50 (namespace
          clab-ml-17-H4-50)
 [INFO] Executing initial configuration for node H5-09 (namespace
          clab-ml-17-H5-09)
 [INFO] Executing routing configuration for node H5-02 (namespace
          clab-ml-17-H5-02)
 [INFO] Executing initial configuration for node H5-10 (namespace
          clab-ml-17-H5-10)
 [INFO] Executing initial configuration for node H5-11 (namespace
          clab-ml-17-H5-11)
 [INFO] Executing routing configuration for node H5-03 (namespace
          clab-ml-17-H5-03)
 [INFO] Executing routing configuration for node H5-05 (namespace
          clab-ml-17-H5-05)
 [INFO] Executing initial configuration for node H5-12 (namespace
          clab-ml-17-H5-12)
 [INFO] Executing initial configuration for node H5-13 (namespace
          clab-ml-17-H5-13)
 [INFO] Executing routing configuration for node H5-08 (namespace
          clab-ml-17-H5-08)
 [INFO] Executing initial configuration for node H5-14 (namespace
          clab-ml-17-H5-14)
 [INFO] Executing initial configuration for node H5-15 (namespace
          clab-ml-17-H5-15)
 [INFO] Executing routing configuration for node H5-06 (namespace
          clab-ml-17-H5-06)
 [INFO] Executing initial configuration for node H5-16 (namespace
          clab-ml-17-H5-16)
 [INFO] Executing initial configuration for node H5-17 (namespace
          clab-ml-17-H5-17)
 [INFO] Executing initial configuration for node H5-18 (namespace
          clab-ml-17-H5-18)
 [INFO] Executing routing configuration for node H5-07 (namespace
          clab-ml-17-H5-07)
 [INFO] Executing routing configuration for node H5-10 (namespace
          clab-ml-17-H5-10)
 [INFO] Executing routing configuration for node H5-04 (namespace
          clab-ml-17-H5-04)
 [INFO] Executing initial configuration for node H5-19 (namespace
          clab-ml-17-H5-19)
 [INFO] Executing initial configuration for node H5-20 (namespace
          clab-ml-17-H5-20)
 [INFO] Executing routing configuration for node H5-12 (namespace
          clab-ml-17-H5-12)
 [INFO] Executing routing configuration for node H5-09 (namespace
          clab-ml-17-H5-09)
 [INFO] Executing initial configuration for node H5-21 (namespace
          clab-ml-17-H5-21)
 [INFO] Executing initial configuration for node H5-22 (namespace
          clab-ml-17-H5-22)
 [INFO] Executing routing configuration for node H5-15 (namespace
          clab-ml-17-H5-15)
 [INFO] Executing initial configuration for node H5-23 (namespace
          clab-ml-17-H5-23)
 [INFO] Executing initial configuration for node H5-24 (namespace
          clab-ml-17-H5-24)
 [INFO] Executing routing configuration for node H5-11 (namespace
          clab-ml-17-H5-11)
 [INFO] Executing routing configuration for node H5-18 (namespace
          clab-ml-17-H5-18)
 [INFO] Executing routing configuration for node H5-17 (namespace
          clab-ml-17-H5-17)
 [INFO] Executing routing configuration for node H5-16 (namespace
          clab-ml-17-H5-16)
 [INFO] Executing initial configuration for node H5-25 (namespace
          clab-ml-17-H5-25)
 [INFO] Executing routing configuration for node H5-14 (namespace
          clab-ml-17-H5-14)
 [INFO] Executing initial configuration for node H5-26 (namespace
          clab-ml-17-H5-26)
 [INFO] Executing routing configuration for node H5-19 (namespace
          clab-ml-17-H5-19)
 [INFO] Executing routing configuration for node H5-13 (namespace
          clab-ml-17-H5-13)
 [INFO] Executing initial configuration for node H5-27 (namespace
          clab-ml-17-H5-27)
 [INFO] Executing routing configuration for node H5-23 (namespace
          clab-ml-17-H5-23)
 [INFO] Executing initial configuration for node H5-28 (namespace
          clab-ml-17-H5-28)
 [INFO] Executing initial configuration for node H5-29 (namespace
          clab-ml-17-H5-29)
 [INFO] Executing routing configuration for node H5-22 (namespace
          clab-ml-17-H5-22)
 [INFO] Executing initial configuration for node H5-30 (namespace
          clab-ml-17-H5-30)
 [INFO] Executing routing configuration for node H5-20 (namespace
          clab-ml-17-H5-20)
 [INFO] Executing routing configuration for node H5-21 (namespace
          clab-ml-17-H5-21)
 [INFO] Executing routing configuration for node H5-24 (namespace
          clab-ml-17-H5-24)
 [INFO] Executing initial configuration for node H5-31 (namespace
          clab-ml-17-H5-31)
 [INFO] Executing routing configuration for node H5-25 (namespace
          clab-ml-17-H5-25)
 [INFO] Executing routing configuration for node H5-28 (namespace
          clab-ml-17-H5-28)
 [INFO] Executing initial configuration for node H5-32 (namespace
          clab-ml-17-H5-32)
 [INFO] Executing routing configuration for node H5-27 (namespace
          clab-ml-17-H5-27)
 [INFO] Executing initial configuration for node H5-33 (namespace
          clab-ml-17-H5-33)
 [INFO] Executing routing configuration for node H5-26 (namespace
          clab-ml-17-H5-26)
 [INFO] Executing initial configuration for node H5-34 (namespace
          clab-ml-17-H5-34)
 [INFO] Executing initial configuration for node H5-35 (namespace
          clab-ml-17-H5-35)
 [INFO] Executing initial configuration for node H5-36 (namespace
          clab-ml-17-H5-36)
 [INFO] Executing initial configuration for node H5-37 (namespace
          clab-ml-17-H5-37)
 [INFO] Executing initial configuration for node H5-38 (namespace
          clab-ml-17-H5-38)
 [INFO] Executing routing configuration for node H5-30 (namespace
          clab-ml-17-H5-30)
 [INFO] Executing initial configuration for node H5-39 (namespace
          clab-ml-17-H5-39)
 [INFO] Executing initial configuration for node H5-40 (namespace
          clab-ml-17-H5-40)
 [INFO] Executing initial configuration for node H5-41 (namespace
          clab-ml-17-H5-41)
 [INFO] Executing initial configuration for node H5-42 (namespace
          clab-ml-17-H5-42)
 [INFO] Executing initial configuration for node H5-43 (namespace
          clab-ml-17-H5-43)
 [INFO] Executing routing configuration for node H5-34 (namespace
          clab-ml-17-H5-34)
 [INFO] Executing routing configuration for node H5-31 (namespace
          clab-ml-17-H5-31)
 [INFO] Executing initial configuration for node H5-44 (namespace
          clab-ml-17-H5-44)
 [INFO] Executing routing configuration for node H5-33 (namespace
          clab-ml-17-H5-33)
 [INFO] Executing initial configuration for node H5-45 (namespace
          clab-ml-17-H5-45)
 [INFO] Executing initial configuration for node H5-46 (namespace
          clab-ml-17-H5-46)
 [INFO] Executing routing configuration for node H5-29 (namespace
          clab-ml-17-H5-29)
 [INFO] Executing routing configuration for node H5-32 (namespace
          clab-ml-17-H5-32)
 [INFO] Executing initial configuration for node H5-47 (namespace
          clab-ml-17-H5-47)
 [INFO] Executing initial configuration for node H5-48 (namespace
          clab-ml-17-H5-48)
 [INFO] Executing initial configuration for node H5-49 (namespace
          clab-ml-17-H5-49)
 [INFO] Executing routing configuration for node H5-37 (namespace
          clab-ml-17-H5-37)
 [INFO] Executing routing configuration for node H5-35 (namespace
          clab-ml-17-H5-35)
 [INFO] Executing routing configuration for node H5-36 (namespace
          clab-ml-17-H5-36)
 [INFO] Executing routing configuration for node H5-38 (namespace
          clab-ml-17-H5-38)
 [INFO] Executing routing configuration for node H5-39 (namespace
          clab-ml-17-H5-39)
 [INFO] Executing routing configuration for node H5-42 (namespace
          clab-ml-17-H5-42)
 [INFO] Executing initial configuration for node H5-50 (namespace
          clab-ml-17-H5-50)
 [INFO] Executing initial configuration for node H6-01 (namespace
          clab-ml-17-H6-01)
 [INFO] Executing routing configuration for node H5-40 (namespace
          clab-ml-17-H5-40)
 [INFO] Executing routing configuration for node H5-45 (namespace
          clab-ml-17-H5-45)
 [INFO] Executing routing configuration for node H5-44 (namespace
          clab-ml-17-H5-44)
 [INFO] Executing routing configuration for node H5-43 (namespace
          clab-ml-17-H5-43)
 [INFO] Executing routing configuration for node H5-47 (namespace
          clab-ml-17-H5-47)
 [INFO] Executing routing configuration for node H5-46 (namespace
          clab-ml-17-H5-46)
 [INFO] Executing initial configuration for node H6-02 (namespace
          clab-ml-17-H6-02)
 [INFO] Executing routing configuration for node H5-48 (namespace
          clab-ml-17-H5-48)
 [INFO] Executing initial configuration for node H6-03 (namespace
          clab-ml-17-H6-03)
 [INFO] Executing routing configuration for node H5-41 (namespace
          clab-ml-17-H5-41)
 [INFO] Executing initial configuration for node H6-04 (namespace
          clab-ml-17-H6-04)
 [INFO] Executing initial configuration for node H6-05 (namespace
          clab-ml-17-H6-05)
 [INFO] Executing routing configuration for node H5-49 (namespace
          clab-ml-17-H5-49)
 [INFO] Executing initial configuration for node H6-06 (namespace
          clab-ml-17-H6-06)
 [INFO] Executing initial configuration for node H6-07 (namespace
          clab-ml-17-H6-07)
 [INFO] Executing initial configuration for node H6-08 (namespace
          clab-ml-17-H6-08)
 [INFO] Executing initial configuration for node H6-09 (namespace
          clab-ml-17-H6-09)
 [INFO] Executing initial configuration for node H6-10 (namespace
          clab-ml-17-H6-10)
 [INFO] Executing routing configuration for node H5-50 (namespace
          clab-ml-17-H5-50)
 [INFO] Executing initial configuration for node H6-11 (namespace
          clab-ml-17-H6-11)
 [INFO] Executing routing configuration for node H6-04 (namespace
          clab-ml-17-H6-04)
 [INFO] Executing initial configuration for node H6-12 (namespace
          clab-ml-17-H6-12)
 [INFO] Executing routing configuration for node H6-03 (namespace
          clab-ml-17-H6-03)
 [INFO] Executing initial configuration for node H6-13 (namespace
          clab-ml-17-H6-13)
 [INFO] Executing routing configuration for node H6-01 (namespace
          clab-ml-17-H6-01)
 [INFO] Executing routing configuration for node H6-02 (namespace
          clab-ml-17-H6-02)
 [INFO] Executing initial configuration for node H6-14 (namespace
          clab-ml-17-H6-14)
 [INFO] Executing initial configuration for node H6-15 (namespace
          clab-ml-17-H6-15)
 [INFO] Executing routing configuration for node H6-06 (namespace
          clab-ml-17-H6-06)
 [INFO] Executing initial configuration for node H6-16 (namespace
          clab-ml-17-H6-16)
 [INFO] Executing initial configuration for node H6-17 (namespace
          clab-ml-17-H6-17)
 [INFO] Executing initial configuration for node H6-18 (namespace
          clab-ml-17-H6-18)
 [INFO] Executing initial configuration for node H6-19 (namespace
          clab-ml-17-H6-19)
 [INFO] Executing routing configuration for node H6-05 (namespace
          clab-ml-17-H6-05)
 [INFO] Executing initial configuration for node H6-20 (namespace
          clab-ml-17-H6-20)
 [INFO] Executing routing configuration for node H6-09 (namespace
          clab-ml-17-H6-09)
 [INFO] Executing initial configuration for node H6-21 (namespace
          clab-ml-17-H6-21)
 [INFO] Executing routing configuration for node H6-07 (namespace
          clab-ml-17-H6-07)
 [INFO] Executing routing configuration for node H6-12 (namespace
          clab-ml-17-H6-12)
 [INFO] Executing initial configuration for node H6-22 (namespace
          clab-ml-17-H6-22)
 [INFO] Executing routing configuration for node H6-08 (namespace
          clab-ml-17-H6-08)
 [INFO] Executing routing configuration for node H6-11 (namespace
          clab-ml-17-H6-11)
 [INFO] Executing routing configuration for node H6-14 (namespace
          clab-ml-17-H6-14)
 [INFO] Executing routing configuration for node H6-10 (namespace
          clab-ml-17-H6-10)
 [INFO] Executing initial configuration for node H6-23 (namespace
          clab-ml-17-H6-23)
 [INFO] Executing routing configuration for node H6-15 (namespace
          clab-ml-17-H6-15)
 [INFO] Executing initial configuration for node H6-24 (namespace
          clab-ml-17-H6-24)
 [INFO] Executing routing configuration for node H6-13 (namespace
          clab-ml-17-H6-13)
 [INFO] Executing routing configuration for node H6-19 (namespace
          clab-ml-17-H6-19)
 [INFO] Executing initial configuration for node H6-25 (namespace
          clab-ml-17-H6-25)
 [INFO] Executing initial configuration for node H6-26 (namespace
          clab-ml-17-H6-26)
 [INFO] Executing routing configuration for node H6-16 (namespace
          clab-ml-17-H6-16)
 [INFO] Executing initial configuration for node H6-27 (namespace
          clab-ml-17-H6-27)
 [INFO] Executing routing configuration for node H6-18 (namespace
          clab-ml-17-H6-18)
 [INFO] Executing initial configuration for node H6-28 (namespace
          clab-ml-17-H6-28)
 [INFO] Executing routing configuration for node H6-17 (namespace
          clab-ml-17-H6-17)
 [INFO] Executing initial configuration for node H6-29 (namespace
          clab-ml-17-H6-29)
 [INFO] Executing initial configuration for node H6-30 (namespace
          clab-ml-17-H6-30)
 [INFO] Executing initial configuration for node H6-31 (namespace
          clab-ml-17-H6-31)
 [INFO] Executing routing configuration for node H6-20 (namespace
          clab-ml-17-H6-20)
 [INFO] Executing routing configuration for node H6-25 (namespace
          clab-ml-17-H6-25)
 [INFO] Executing routing configuration for node H6-22 (namespace
          clab-ml-17-H6-22)
 [INFO] Executing initial configuration for node H6-32 (namespace
          clab-ml-17-H6-32)
 [INFO] Executing routing configuration for node H6-26 (namespace
          clab-ml-17-H6-26)
 [INFO] Executing initial configuration for node H6-33 (namespace
          clab-ml-17-H6-33)
 [INFO] Executing initial configuration for node H6-34 (namespace
          clab-ml-17-H6-34)
 [INFO] Executing routing configuration for node H6-24 (namespace
          clab-ml-17-H6-24)
 [INFO] Executing initial configuration for node H6-35 (namespace
          clab-ml-17-H6-35)
 [INFO] Executing routing configuration for node H6-21 (namespace
          clab-ml-17-H6-21)
 [INFO] Executing routing configuration for node H6-23 (namespace
          clab-ml-17-H6-23)
 [INFO] Executing routing configuration for node H6-30 (namespace
          clab-ml-17-H6-30)
 [INFO] Executing initial configuration for node H6-36 (namespace
          clab-ml-17-H6-36)
 [INFO] Executing routing configuration for node H6-28 (namespace
          clab-ml-17-H6-28)
 [INFO] Executing initial configuration for node H6-37 (namespace
          clab-ml-17-H6-37)
 [INFO] Executing routing configuration for node H6-27 (namespace
          clab-ml-17-H6-27)
 [INFO] Executing routing configuration for node H6-34 (namespace
          clab-ml-17-H6-34)
 [INFO] Executing initial configuration for node H6-38 (namespace
          clab-ml-17-H6-38)
 [INFO] Executing initial configuration for node H6-39 (namespace
          clab-ml-17-H6-39)
 [INFO] Executing routing configuration for node H6-32 (namespace
          clab-ml-17-H6-32)
 [INFO] Executing initial configuration for node H6-40 (namespace
          clab-ml-17-H6-40)
 [INFO] Executing initial configuration for node H6-41 (namespace
          clab-ml-17-H6-41)
 [INFO] Executing routing configuration for node H6-31 (namespace
          clab-ml-17-H6-31)
 [INFO] Executing routing configuration for node H6-29 (namespace
          clab-ml-17-H6-29)
 [INFO] Executing initial configuration for node H6-42 (namespace
          clab-ml-17-H6-42)
 [INFO] Executing initial configuration for node H6-43 (namespace
          clab-ml-17-H6-43)
 [INFO] Executing routing configuration for node H6-33 (namespace
          clab-ml-17-H6-33)
 [INFO] Executing initial configuration for node H6-44 (namespace
          clab-ml-17-H6-44)
 [INFO] Executing initial configuration for node H6-45 (namespace
          clab-ml-17-H6-45)
 [INFO] Executing initial configuration for node H6-46 (namespace
          clab-ml-17-H6-46)
 [INFO] Executing routing configuration for node H6-38 (namespace
          clab-ml-17-H6-38)
 [INFO] Executing routing configuration for node H6-36 (namespace
          clab-ml-17-H6-36)
 [INFO] Executing initial configuration for node H6-47 (namespace
          clab-ml-17-H6-47)
 [INFO] Executing routing configuration for node H6-41 (namespace
          clab-ml-17-H6-41)
 [INFO] Executing routing configuration for node H6-35 (namespace
          clab-ml-17-H6-35)
 [INFO] Executing initial configuration for node H6-48 (namespace
          clab-ml-17-H6-48)
 [INFO] Executing routing configuration for node H6-37 (namespace
          clab-ml-17-H6-37)
 [INFO] Executing initial configuration for node H6-49 (namespace
          clab-ml-17-H6-49)
 [INFO] Executing initial configuration for node H6-50 (namespace
          clab-ml-17-H6-50)
 [INFO] Executing routing configuration for node H6-39 (namespace
          clab-ml-17-H6-39)
 [INFO] Executing routing configuration for node H6-43 (namespace
          clab-ml-17-H6-43)
 [INFO] Executing routing configuration for node H6-45 (namespace
          clab-ml-17-H6-45)
 [INFO] Executing routing configuration for node H6-46 (namespace
          clab-ml-17-H6-46)
 [INFO] Executing routing configuration for node H6-47 (namespace
          clab-ml-17-H6-47)
 [INFO] Executing routing configuration for node H6-42 (namespace
          clab-ml-17-H6-42)
 [INFO] Executing routing configuration for node H6-40 (namespace
          clab-ml-17-H6-40)
 [INFO] Executing routing configuration for node H6-48 (namespace
          clab-ml-17-H6-48)
 [INFO] Executing routing configuration for node H6-44 (namespace
          clab-ml-17-H6-44)
 [INFO] Executing routing configuration for node H6-49 (namespace
          clab-ml-17-H6-49)
 [INFO] Executing routing configuration for node H6-50 (namespace
          clab-ml-17-H6-50)

Results of configuration script deployments
================================================================================
L1               Script:  initial,vlan,ospf
L2               Script:  initial,vlan,ospf
L3               Script:  initial,vlan,ospf
L4               Script:  initial,vlan,ospf
L5               Script:  initial,vlan,ospf
L6               Script:  initial,vlan,ospf
S1               Script:  initial,vlan,ospf
S2               Script:  initial,vlan,ospf
H1-01            Script:  initial,routing
H1-02            Script:  initial,routing
H1-03            Script:  initial,routing
H1-04            Script:  initial,routing
H1-05            Script:  initial,routing
H1-06            Script:  initial,routing
H1-07            Script:  initial,routing
H1-08            Script:  initial,routing
H1-09            Script:  initial,routing
H1-10            Script:  initial,routing
H1-11            Script:  initial,routing
H1-12            Script:  initial,routing
H1-13            Script:  initial,routing
H1-14            Script:  initial,routing
H1-15            Script:  initial,routing
H1-16            Script:  initial,routing
H1-17            Script:  initial,routing
H1-18            Script:  initial,routing
H1-19            Script:  initial,routing
H1-20            Script:  initial,routing
H1-21            Script:  initial,routing
H1-22            Script:  initial,routing
H1-23            Script:  initial,routing
H1-24            Script:  initial,routing
H1-25            Script:  initial,routing
H1-26            Script:  initial,routing
H1-27            Script:  initial,routing
H1-28            Script:  initial,routing
H1-29            Script:  initial,routing
H1-30            Script:  initial,routing
H1-31            Script:  initial,routing
H1-32            Script:  initial,routing
H1-33            Script:  initial,routing
H1-34            Script:  initial,routing
H1-35            Script:  initial,routing
H1-36            Script:  initial,routing
H1-37            Script:  initial,routing
H1-38            Script:  initial,routing
H1-39            Script:  initial,routing
H1-40            Script:  initial,routing
H1-41            Script:  initial,routing
H1-42            Script:  initial,routing
H1-43            Script:  initial,routing
H1-44            Script:  initial,routing
H1-45            Script:  initial,routing
H1-46            Script:  initial,routing
H1-47            Script:  initial,routing
H1-48            Script:  initial,routing
H1-49            Script:  initial,routing
H1-50            Script:  initial,routing
H2-01            Script:  initial,routing
H2-02            Script:  initial,routing
H2-03            Script:  initial,routing
H2-04            Script:  initial,routing
H2-05            Script:  initial,routing
H2-06            Script:  initial,routing
H2-07            Script:  initial,routing
H2-08            Script:  initial,routing
H2-09            Script:  initial,routing
H2-10            Script:  initial,routing
H2-11            Script:  initial,routing
H2-12            Script:  initial,routing
H2-13            Script:  initial,routing
H2-14            Script:  initial,routing
H2-15            Script:  initial,routing
H2-16            Script:  initial,routing
H2-17            Script:  initial,routing
H2-18            Script:  initial,routing
H2-19            Script:  initial,routing
H2-20            Script:  initial,routing
H2-21            Script:  initial,routing
H2-22            Script:  initial,routing
H2-23            Script:  initial,routing
H2-24            Script:  initial,routing
H2-25            Script:  initial,routing
H2-26            Script:  initial,routing
H2-27            Script:  initial,routing
H2-28            Script:  initial,routing
H2-29            Script:  initial,routing
H2-30            Script:  initial,routing
H2-31            Script:  initial,routing
H2-32            Script:  initial,routing
H2-33            Script:  initial,routing
H2-34            Script:  initial,routing
H2-35            Script:  initial,routing
H2-36            Script:  initial,routing
H2-37            Script:  initial,routing
H2-38            Script:  initial,routing
H2-39            Script:  initial,routing
H2-40            Script:  initial,routing
H2-41            Script:  initial,routing
H2-42            Script:  initial,routing
H2-43            Script:  initial,routing
H2-44            Script:  initial,routing
H2-45            Script:  initial,routing
H2-46            Script:  initial,routing
H2-47            Script:  initial,routing
H2-48            Script:  initial,routing
H2-49            Script:  initial,routing
H2-50            Script:  initial,routing
H3-01            Script:  initial,routing
H3-02            Script:  initial,routing
H3-03            Script:  initial,routing
H3-04            Script:  initial,routing
H3-05            Script:  initial,routing
H3-06            Script:  initial,routing
H3-07            Script:  initial,routing
H3-08            Script:  initial,routing
H3-09            Script:  initial,routing
H3-10            Script:  initial,routing
H3-11            Script:  initial,routing
H3-12            Script:  initial,routing
H3-13            Script:  initial,routing
H3-14            Script:  initial,routing
H3-15            Script:  initial,routing
H3-16            Script:  initial,routing
H3-17            Script:  initial,routing
H3-18            Script:  initial,routing
H3-19            Script:  initial,routing
H3-20            Script:  initial,routing
H3-21            Script:  initial,routing
H3-22            Script:  initial,routing
H3-23            Script:  initial,routing
H3-24            Script:  initial,routing
H3-25            Script:  initial,routing
H3-26            Script:  initial,routing
H3-27            Script:  initial,routing
H3-28            Script:  initial,routing
H3-29            Script:  initial,routing
H3-30            Script:  initial,routing
H3-31            Script:  initial,routing
H3-32            Script:  initial,routing
H3-33            Script:  initial,routing
H3-34            Script:  initial,routing
H3-35            Script:  initial,routing
H3-36            Script:  initial,routing
H3-37            Script:  initial,routing
H3-38            Script:  initial,routing
H3-39            Script:  initial,routing
H3-40            Script:  initial,routing
H3-41            Script:  initial,routing
H3-42            Script:  initial,routing
H3-43            Script:  initial,routing
H3-44            Script:  initial,routing
H3-45            Script:  initial,routing
H3-46            Script:  initial,routing
H3-47            Script:  initial,routing
H3-48            Script:  initial,routing
H3-49            Script:  initial,routing
H3-50            Script:  initial,routing
H4-01            Script:  initial,routing
H4-02            Script:  initial,routing
H4-03            Script:  initial,routing
H4-04            Script:  initial,routing
H4-05            Script:  initial,routing
H4-06            Script:  initial,routing
H4-07            Script:  initial,routing
H4-08            Script:  initial,routing
H4-09            Script:  initial,routing
H4-10            Script:  initial,routing
H4-11            Script:  initial,routing
H4-12            Script:  initial,routing
H4-13            Script:  initial,routing
H4-14            Script:  initial,routing
H4-15            Script:  initial,routing
H4-16            Script:  initial,routing
H4-17            Script:  initial,routing
H4-18            Script:  initial,routing
H4-19            Script:  initial,routing
H4-20            Script:  initial,routing
H4-21            Script:  initial,routing
H4-22            Script:  initial,routing
H4-23            Script:  initial,routing
H4-24            Script:  initial,routing
H4-25            Script:  initial,routing
H4-26            Script:  initial,routing
H4-27            Script:  initial,routing
H4-28            Script:  initial,routing
H4-29            Script:  initial,routing
H4-30            Script:  initial,routing
H4-31            Script:  initial,routing
H4-32            Script:  initial,routing
H4-33            Script:  initial,routing
H4-34            Script:  initial,routing
H4-35            Script:  initial,routing
H4-36            Script:  initial,routing
H4-37            Script:  initial,routing
H4-38            Script:  initial,routing
H4-39            Script:  initial,routing
H4-40            Script:  initial,routing
H4-41            Script:  initial,routing
H4-42            Script:  initial,routing
H4-43            Script:  initial,routing
H4-44            Script:  initial,routing
H4-45            Script:  initial,routing
H4-46            Script:  initial,routing
H4-47            Script:  initial,routing
H4-48            Script:  initial,routing
H4-49            Script:  initial,routing
H4-50            Script:  initial,routing
H5-01            Script:  initial,routing
H5-02            Script:  initial,routing
H5-03            Script:  initial,routing
H5-04            Script:  initial,routing
H5-05            Script:  initial,routing
H5-06            Script:  initial,routing
H5-07            Script:  initial,routing
H5-08            Script:  initial,routing
H5-09            Script:  initial,routing
H5-10            Script:  initial,routing
H5-11            Script:  initial,routing
H5-12            Script:  initial,routing
H5-13            Script:  initial,routing
H5-14            Script:  initial,routing
H5-15            Script:  initial,routing
H5-16            Script:  initial,routing
H5-17            Script:  initial,routing
H5-18            Script:  initial,routing
H5-19            Script:  initial,routing
H5-20            Script:  initial,routing
H5-21            Script:  initial,routing
H5-22            Script:  initial,routing
H5-23            Script:  initial,routing
H5-24            Script:  initial,routing
H5-25            Script:  initial,routing
H5-26            Script:  initial,routing
H5-27            Script:  initial,routing
H5-28            Script:  initial,routing
H5-29            Script:  initial,routing
H5-30            Script:  initial,routing
H5-31            Script:  initial,routing
H5-32            Script:  initial,routing
H5-33            Script:  initial,routing
H5-34            Script:  initial,routing
H5-35            Script:  initial,routing
H5-36            Script:  initial,routing
H5-37            Script:  initial,routing
H5-38            Script:  initial,routing
H5-39            Script:  initial,routing
H5-40            Script:  initial,routing
H5-41            Script:  initial,routing
H5-42            Script:  initial,routing
H5-43            Script:  initial,routing
H5-44            Script:  initial,routing
H5-45            Script:  initial,routing
H5-46            Script:  initial,routing
H5-47            Script:  initial,routing
H5-48            Script:  initial,routing
H5-49            Script:  initial,routing
H5-50            Script:  initial,routing
H6-01            Script:  initial,routing
H6-02            Script:  initial,routing
H6-03            Script:  initial,routing
H6-04            Script:  initial,routing
H6-05            Script:  initial,routing
H6-06            Script:  initial,routing
H6-07            Script:  initial,routing
H6-08            Script:  initial,routing
H6-09            Script:  initial,routing
H6-10            Script:  initial,routing
H6-11            Script:  initial,routing
H6-12            Script:  initial,routing
H6-13            Script:  initial,routing
H6-14            Script:  initial,routing
H6-15            Script:  initial,routing
H6-16            Script:  initial,routing
H6-17            Script:  initial,routing
H6-18            Script:  initial,routing
H6-19            Script:  initial,routing
H6-20            Script:  initial,routing
H6-21            Script:  initial,routing
H6-22            Script:  initial,routing
H6-23            Script:  initial,routing
H6-24            Script:  initial,routing
H6-25            Script:  initial,routing
H6-26            Script:  initial,routing
H6-27            Script:  initial,routing
H6-28            Script:  initial,routing
H6-29            Script:  initial,routing
H6-30            Script:  initial,routing
H6-31            Script:  initial,routing
H6-32            Script:  initial,routing
H6-33            Script:  initial,routing
H6-34            Script:  initial,routing
H6-35            Script:  initial,routing
H6-36            Script:  initial,routing
H6-37            Script:  initial,routing
H6-38            Script:  initial,routing
H6-39            Script:  initial,routing
H6-40            Script:  initial,routing
H6-41            Script:  initial,routing
H6-42            Script:  initial,routing
H6-43            Script:  initial,routing
H6-44            Script:  initial,routing
H6-45            Script:  initial,routing
H6-46            Script:  initial,routing
H6-47            Script:  initial,routing
H6-48            Script:  initial,routing
H6-49            Script:  initial,routing
H6-50            Script:  initial,routing


This lab topology creates a lab with more than 300 devices, stressing
the netlab capabilities.

