Creating Device configuration snippets
[CREATED] L1: initial,bgp
[CREATED] L2: initial,bgp
[CREATED] L3: initial,bgp
[CREATED] L4: initial,bgp
[CREATED] S1: initial,bgp
[CREATED] S2: initial,bgp
Config Deploying device configurations
 [INFO] Executing initial configuration for node L1
 [INFO] Executing initial configuration for node L2
 [INFO] Executing initial configuration for node L3
 [INFO] Executing initial configuration for node L4
 [INFO] Executing initial configuration for node S1
 [INFO] Executing initial configuration for node S2
 [INFO] Executing bgp configuration for node L3
 [INFO] Executing bgp configuration for node L2
 [INFO] Executing bgp configuration for node L1
 [INFO] Executing bgp configuration for node L4
 [INFO] Executing bgp configuration for node S2
 [INFO] Executing bgp configuration for node S1

Results of configuration script deployments
================================================================================
L1               Script:  initial,bgp
L2               Script:  initial,bgp
L3               Script:  initial,bgp
L4               Script:  initial,bgp
S1               Script:  initial,bgp
S2               Script:  initial,bgp


The lab tests the creation of an EBGP leaf-spine fabric
with the 'fabric' plugin

