files:  [INFO] Created make_dot.sh
files:  [INFO] Created make_d2.sh
[CONFIG]  r1: initial,vlan,ospf,bgp,vrf,vxlan,evpn,daemons,hosts,resolv
[CONFIG]  r2: normalize,initial,vlan,ospf,bgp,evpn
[CONFIG]  r3: initial,vlan,ospf,bgp,vrf,vxlan,evpn,daemons,hosts (shared),resolv
[CONFIG]  r4: initial,vlan,ospf,bgp,vrf,vxlan,evpn,daemons,hosts (shared),resolv
[CONFIG]  r5: initial,vlan,ospf,bgp,vrf,evpn,daemons,hosts (shared),resolv
[CONFIG]  r6: initial,vlan,ospf,bgp,vrf,vxlan,evpn,daemons,hosts (shared),resolv
[CONFIG]  h1: initial,routing,hosts (shared),resolv
[CONFIG]  h2: initial,routing,hosts (shared),resolv
Created provider configuration file: clab.yml
Created pickled transformed topology data into netlab.snapshot.pickle
Created group_vars for all
Created group_vars for modules
Created group_vars for frr
Created host_vars for r1, r3, r4, r5, r6
Created group_vars for eos
Created host_vars for r2
Created group_vars for linux
Created host_vars for h1, h2
Created minimized Ansible inventory hosts.yml
Created Ansible configuration file: ansible.cfg
