Using transformed lab topology from snapshot file netlab.snapshot.pickle
Checking virtualization provider installation
OK: libvirt installed and working correctly
OK: clab installed and working correctly
Starting libvirt nodes
creating libvirt management network nl_mgmt_17
provider libvirt: executing vagrant up --provider libvirt
Bringing machine 'dut' up with 'libvirt' provider...
Bringing machine 'dut2' up with 'libvirt' provider...
==> dut: Checking if box 'juniper/vptx' version '25.2R1.8' is up to date...
==> dut2: Checking if box 'juniper/vptx' version '25.2R1.8' is up to date...
[fog][WARNING] Unrecognized arguments: libvirt_ip_command
[fog][WARNING] Unrecognized arguments: libvirt_ip_command
==> dut: Creating image (snapshot of base box volume).
==> dut2: Creating image (snapshot of base box volume).
==> dut: Creating domain with the following settings...
==> dut2: Creating domain with the following settings...
==> dut:  -- Name:              ml-17_dut
==> dut2:  -- Name:              ml-17_dut2
==> dut:  -- Description:       Source: /work/netlab_cicd/Vagrantfile
==> dut2:  -- Description:       Source: /work/netlab_cicd/Vagrantfile
==> dut:  -- Domain type:       kvm
==> dut2:  -- Domain type:       kvm
==> dut:  -- Cpus:              4
==> dut2:  -- Cpus:              4
==> dut:  -- Feature:           acpi
==> dut2:  -- Feature:           acpi
==> dut:  -- Feature:           apic
==> dut2:  -- Feature:           apic
==> dut:  -- Feature:           pae
==> dut2:  -- Feature:           pae
==> dut:  -- Clock offset:      utc
==> dut2:  -- Clock offset:      utc
==> dut:  -- Memory:            8192M
==> dut2:  -- Memory:            8192M
==> dut:  -- Management MAC:    ca:fe:00:01:00:00
==> dut2:  -- Management MAC:    ca:fe:00:02:00:00
==> dut:  -- Loader:            /usr/share/OVMF/OVMF_CODE_4M.fd
==> dut2:  -- Loader:            /usr/share/OVMF/OVMF_CODE_4M.fd
==> dut:  -- Nvram:             /var/lib/libvirt/qemu/nvram/dut.fd
==> dut2:  -- Nvram:             /var/lib/libvirt/qemu/nvram/dut2.fd
==> dut:  -- Base box:          juniper/vptx
==> dut2:  -- Base box:          juniper/vptx
==> dut:  -- Storage pool:      default
==> dut2:  -- Storage pool:      default
==> dut:  -- Image(vda):        /var/lib/libvirt/images/ml-17_dut.img, virtio, 40G
==> dut2:  -- Image(vda):        /var/lib/libvirt/images/ml-17_dut2.img, virtio, 40G
==> dut:  -- Disk driver opts:  cache='default'
==> dut2:  -- Disk driver opts:  cache='default'
==> dut:  -- Graphics Type:     none
==> dut2:  -- Graphics Type:     none
==> dut:  -- Video Type:        none
==> dut2:  -- Video Type:        none
==> dut:  -- Video VRAM:        16384
==> dut2:  -- Video VRAM:        16384
==> dut:  -- Video 3D accel:    false
==> dut2:  -- Video 3D accel:    false
==> dut:  -- Keymap:            en-us
==> dut2:  -- Keymap:            en-us
==> dut:  -- TPM Backend:       passthrough
==> dut2:  -- TPM Backend:       passthrough
==> dut:  -- Sysinfo:
==> dut2:  -- Sysinfo:
==> dut:    -- BIOS:
==> dut2:    -- BIOS:
==> dut:     -> vendor: Bochs
==> dut2:     -> vendor: Bochs
==> dut:     -> version: Bochs
==> dut2:     -> version: Bochs
==> dut:    -- System:
==> dut2:    -- System:
==> dut:     -> manufacturer: Bochs
==> dut2:     -> manufacturer: Bochs
==> dut:     -> product: Bochs
==> dut2:     -> product: Bochs
==> dut:     -> serial: chassis_no=0:slot=0:type=1:assembly_id=0x0D20:platform=251:master=0:channelized=no
==> dut2:     -> serial: chassis_no=0:slot=0:type=1:assembly_id=0x0D20:platform=251:master=0:channelized=no
==> dut:    -- Chassis:
==> dut2:    -- Chassis:
==> dut:     -> manufacturer: Bochs
==> dut2:     -> manufacturer: Bochs
==> dut:  -- INPUT:             type=mouse, bus=ps2
==> dut2:  -- INPUT:             type=mouse, bus=ps2
==> dut2: Creating shared folders metadata...
==> dut: Creating shared folders metadata...
==> dut2: Updating domain definition due to configuration change
==> dut: Updating domain definition due to configuration change
==> dut: Starting domain.
==> dut2: Starting domain.
==> dut2: Waiting for domain to get an IP address...
==> dut: Waiting for domain to get an IP address...
==> dut2: Waiting for machine to boot. This may take a few minutes...
    dut2: SSH address: 192.168.17.102:22
    dut2: SSH username: vagrant
    dut2: SSH auth method: private key
==> dut2: Machine booted and ready!
==> dut: Waiting for machine to boot. This may take a few minutes...
    dut: SSH address: 192.168.17.101:22
    dut: SSH username: vagrant
    dut: SSH auth method: private key
==> dut: Machine booted and ready!
Starting clab nodes
Recreating clab-augment.yml configuration file for clab provider
Created provider configuration file: clab-augment.yml
provider clab: executing sudo -E containerlab deploy --reconfigure -t clab-augment.yml
09:10:50 INFO Containerlab started version=0.74.2
09:10:50 INFO Parsing & checking topology file=clab-augment.yml
09:10:50 INFO Removing directory path=/work/netlab_cicd/clab-ml-17
09:10:50 INFO Creating docker network name=nl_mgmt_17 IPv4 subnet=192.168.17.0/24 IPv6 subnet="" MTU=0
09:10:50 INFO Creating lab directory path=/work/netlab_cicd/clab-ml-17
09:10:50 INFO Creating container name=r1
09:10:50 INFO Creating container name=x2
09:10:50 INFO Creating container name=x1
09:10:50 INFO Created link: x2:eth1 ▪┄┄▪ virbr3:bni17n4i1
09:10:50 INFO Created link: x1:eth1 ▪┄┄▪ virbr2:bni17n3i1
09:10:51 INFO Created link: r1:eth1 ▪┄┄▪ virbr4:bni17n5i1
09:10:52 INFO Executed command node=x1 command="sleep 1" stdout=""
09:10:52 INFO Executed command node=x2 command="sleep 1" stdout=""
09:10:52 INFO Executed command node=r1 command="sleep 1" stdout=""
09:10:52 INFO Adding host entries path=/etc/hosts
09:10:52 INFO Adding SSH config for nodes path=/etc/ssh/ssh_config.d/clab-ml-17.conf
09:10:52 INFO containerlab version
  🎉=
  │ A newer containerlab version (0.74.3) is available!
  │ Release notes: https://containerlab.dev/rn/0.74/#0743
  │ Run 'clab version upgrade' or see https://containerlab.dev/install/ for other installation options.
[1m╭[0m[1m───────────────[0m[1m┬[0m[1m──────────────────────────────[0m[1m┬[0m[1m─────────[0m[1m┬[0m[1m────────────────[0m[1m╮[0m
[1m│[0m[1m      Name     [0m[1m│[0m[1m          Kind/Image          [0m[1m│[0m[1m  State  [0m[1m│[0m[1m IPv4/6 Address [0m[1m│[0m
[1m├[0m[1m───────────────[0m[1m┼[0m[1m──────────────────────────────[0m[1m┼[0m[1m─────────[0m[1m┼[0m[1m────────────────[0m[1m┤[0m
│ clab-ml-17-r1 │ linux                        │ running │ 192.168.17.105 │
│               │ quay.io/frrouting/frr:10.5.3 │         │ N/A            │
├───────────────┼──────────────────────────────┼─────────┼────────────────┤
│ clab-ml-17-x1 │ linux                        │ running │ 192.168.17.103 │
│               │ quay.io/frrouting/frr:10.5.3 │         │ N/A            │
├───────────────┼──────────────────────────────┼─────────┼────────────────┤
│ clab-ml-17-x2 │ linux                        │ running │ 192.168.17.104 │
│               │ quay.io/frrouting/frr:10.5.3 │         │ N/A            │
╰───────────────┴──────────────────────────────┴─────────┴────────────────╯

Initial configuration skipped, run 'netlab initial' to configure the devices
