Checking virtualization provider installation
OK: clab installed and working correctly
Stopping clab nodes
04:22:44 INFO Parsing & checking topology file=clab.yml
04:22:44 INFO Parsing & checking topology file=clab.yml
04:22:44 INFO Destroying lab name=ml-85
04:22:45 INFO Removed container name=clab-ml-85-x1
04:22:45 INFO Removed container name=clab-ml-85-x2
04:22:45 INFO Removed container name=clab-ml-85-x3
04:22:46 INFO Removed container name=clab-ml-85-dut
04:22:46 INFO Removing host entries path=/etc/hosts
04:22:46 INFO Removing SSH config path=/etc/ssh/ssh_config.d/clab-ml-85.conf
Cleanup configuration files
... removing clab.yml
... removing ansible.cfg
... removing hosts.yml
... removing directory tree group_vars
... removing directory tree host_vars
... removing directory tree node_files
... removing netlab.snapshot.pickle
