Using transformed lab topology from snapshot file netlab.snapshot.pickle
Checking virtualization provider installation
OK: libvirt installed and working correctly
OK: clab installed and working correctly
Starting libvirt nodes
creating libvirt management network nl_mgmt_17
provider libvirt: executing flock -E 42 /tmp/netlab.lock vagrant up --provider libvirt
Bringing machine 'dut' up with 'libvirt' provider...
==> dut: Checking if box 'cisco/iosv' version '15.9.3' is up to date...
[fog][WARNING] Unrecognized arguments: libvirt_ip_command
==> dut: Creating image (snapshot of base box volume).
==> dut: Creating domain with the following settings...
==> dut:  -- Name:              ml-17_dut
==> dut:  -- Description:       Source: /work/netlab_cicd/Vagrantfile
==> dut:  -- Domain type:       kvm
==> dut:  -- Cpus:              1
==> dut:  -- Feature:           acpi
==> dut:  -- Feature:           apic
==> dut:  -- Feature:           pae
==> dut:  -- Clock offset:      utc
==> dut:  -- Memory:            512M
==> dut:  -- Management MAC:    ca:fe:00:01:00:00
==> dut:  -- Base box:          cisco/iosv
==> dut:  -- Storage pool:      default
==> dut:  -- Image(vda):        /var/lib/libvirt/images/ml-17_dut.img, virtio, 2G
==> dut:  -- Disk driver opts:  cache='default'
==> dut:  -- Graphics Type:     vnc
==> dut:  -- Video Type:        cirrus
==> dut:  -- Video VRAM:        16384
==> dut:  -- Video 3D accel:    false
==> dut:  -- Keymap:            en-us
==> dut:  -- TPM Backend:       passthrough
==> dut:  -- INPUT:             type=mouse, bus=ps2
==> dut: Creating shared folders metadata...
==> dut: Starting domain.
==> dut: Domain launching with graphics connection settings...
==> dut:  -- Graphics Port:      5900
==> dut:  -- Graphics IP:        127.0.0.1
==> dut:  -- Graphics Password:  Not defined
==> dut:  -- Graphics Websocket: 5700
==> dut: Waiting for domain to get an IP address...
==> dut: Waiting for machine to boot. This may take a few minutes...
    dut: SSH address: 192.168.17.101:22
    dut: SSH username: vagrant
    dut: SSH auth method: private key
==> dut: Machine booted and ready!
Starting clab nodes
Recreating clab-augment.yml configuration file for clab provider
Created provider configuration file: clab-augment.yml
provider clab: executing flock -E 42 /tmp/netlab.lock sudo -E containerlab deploy --reconfigure -t clab-augment.yml
09:00:10 INFO Containerlab started version=0.75.0
09:00:10 INFO Parsing & checking topology file=clab-augment.yml
09:00:10 INFO Removing directory path=/work/netlab_cicd/clab-ml-17
09:00:10 INFO Creating docker network name=nl_mgmt_17 IPv4 subnet=192.168.17.0/24 IPv6 subnet="" MTU=0
09:00:10 INFO Creating lab directory path=/work/netlab_cicd/clab-ml-17
09:00:10 INFO Creating container name=s1
09:00:10 INFO Creating container name=c1
09:00:10 INFO Creating container name=c3
09:00:10 INFO Creating container name=c4
09:00:10 INFO Creating container name=c2
09:00:10 INFO Creating container name=s2
09:00:11 INFO Running postdeploy actions for Cisco IOL 'c3' node
09:00:11 INFO Running postdeploy actions for Cisco IOL 'c1' node
09:00:11 INFO Running postdeploy actions for Cisco IOL 'c4' node
09:00:11 INFO Created link: c3:eth1 (Ethernet0/1) ▪┄┄▪ virbr2:bni17n4i1
09:00:11 INFO Created link: c1:eth1 (Ethernet0/1) ▪┄┄▪ virbr1:bni17n2i1
09:00:11 INFO Created link: s2:eth1 ▪┄┄▪ virbr4:bni17n7i1
09:00:11 INFO Running postdeploy actions for Cisco IOL 'c2' node
09:00:11 INFO Created link: s1:eth1 ▪┄┄▪ virbr3:bni17n6i1
09:00:11 INFO Created link: c4:eth1 (Ethernet0/1) ▪┄┄▪ virbr2:bni17n5i1
09:00:11 INFO Created link: c2:eth1 (Ethernet0/1) ▪┄┄▪ virbr1:bni17n3i1
09:00:11 INFO Adding host entries path=/etc/hosts
09:00:11 INFO Adding SSH config for nodes path=/etc/ssh/ssh_config.d/clab-ml-17.conf
09:00:11 INFO containerlab version
  🎉=
  │ A newer containerlab version (0.77.0) is available!
  │ Release notes: https://containerlab.dev/rn/0.77/
  │ Run 'clab version upgrade' or see https://containerlab.dev/install/ for other installation options.
[1m╭[0m[1m───────────────[0m[1m┬[0m[1m─────────────────────────────[0m[1m┬[0m[1m─────────[0m[1m┬[0m[1m────────────────[0m[1m╮[0m
[1m│[0m[1m      Name     [0m[1m│[0m[1m          Kind/Image         [0m[1m│[0m[1m  State  [0m[1m│[0m[1m IPv4/6 Address [0m[1m│[0m
[1m├[0m[1m───────────────[0m[1m┼[0m[1m─────────────────────────────[0m[1m┼[0m[1m─────────[0m[1m┼[0m[1m────────────────[0m[1m┤[0m
│ clab-ml-17-c1 │ cisco_iol                   │ running │ 192.168.17.102 │
│               │ vrnetlab/cisco_iol:17.18.02 │         │ N/A            │
├───────────────┼─────────────────────────────┼─────────┼────────────────┤
│ clab-ml-17-c2 │ cisco_iol                   │ running │ 192.168.17.103 │
│               │ vrnetlab/cisco_iol:17.18.02 │         │ N/A            │
├───────────────┼─────────────────────────────┼─────────┼────────────────┤
│ clab-ml-17-c3 │ cisco_iol                   │ running │ 192.168.17.104 │
│               │ vrnetlab/cisco_iol:17.18.02 │         │ N/A            │
├───────────────┼─────────────────────────────┼─────────┼────────────────┤
│ clab-ml-17-c4 │ cisco_iol                   │ running │ 192.168.17.105 │
│               │ vrnetlab/cisco_iol:17.18.02 │         │ N/A            │
├───────────────┼─────────────────────────────┼─────────┼────────────────┤
│ clab-ml-17-s1 │ linux                       │ running │ 192.168.17.106 │
│               │ netlab/dnsmasq:latest       │         │ N/A            │
├───────────────┼─────────────────────────────┼─────────┼────────────────┤
│ clab-ml-17-s2 │ linux                       │ running │ 192.168.17.107 │
│               │ netlab/dnsmasq:latest       │         │ N/A            │
╰───────────────┴─────────────────────────────┴─────────┴────────────────╯

Initial configuration skipped, run 'netlab initial' to configure the devices
