Creating Device configuration snippets
[CREATED] dut: normalize,initial,vlan
[CREATED] h1: initial,routing
[CREATED] h2: initial,routing
[CREATED] h3: initial,routing
Checking Are lab devices ready to be configured?
 [INFO] Checking SSH server(s) on dut
[SSH]     SSH server on node dut (device ioll2) is ready after 10.3 seconds
Config Normalizing device configurations
netmiko:  [INFO] Sent normalize configuration to dut
Config Deploying device configurations
 [INFO] Executing initial configuration for node h1 (namespace clab-
          ml-17-h1)
 [INFO] Executing initial configuration for node h2 (namespace clab-
          ml-17-h2)
 [INFO] Executing initial configuration for node h3 (namespace clab-
          ml-17-h3)
 [INFO] Executing routing configuration for node h2 (namespace clab-
          ml-17-h2)
 [INFO] Executing routing configuration for node h1 (namespace clab-
          ml-17-h1)
 [INFO] Executing routing configuration for node h3 (namespace clab-
          ml-17-h3)
netmiko:  [INFO] Sent initial configuration to dut
netmiko:  [INFO] Sent vlan configuration to dut

Results of configuration script deployments
================================================================================
dut              Script:  normalize,initial,vlan
h1               Script:  initial,routing
h2               Script:  initial,routing
h3               Script:  initial,routing


The device under test is a layer-3 switch bridging VLAN
between ports and having an IP address in the red VLAN

h1 and h2 should be able to ping dut and each other

