Creating Device configuration snippets
[CREATED] h1: initial,routing
[CREATED] h2: initial,routing
[CREATED] h3: initial,routing
[CREATED] h4: initial,routing
[CREATED] h5: initial,routing
[CREATED] h6: initial,routing
[CREATED] dut_s1: normalize,initial,vlan
[CREATED] s2: normalize,initial,vlan
Checking Are lab devices ready to be configured?
 [INFO] Checking SSH server(s) on dut_s1,s2
Config Normalizing device configurations
 [INFO] Executing normalize configuration for node s2
netmiko:  [INFO] Sent normalize configuration to dut_s1
Config Deploying device configurations
 [INFO] Executing initial configuration for node h1 (namespace clab-
          ml-17-h1)
 [INFO] Executing initial configuration for node h2 (namespace clab-
          ml-17-h2)
 [INFO] Executing initial configuration for node h3 (namespace clab-
          ml-17-h3)
 [INFO] Executing initial configuration for node h4 (namespace clab-
          ml-17-h4)
 [INFO] Executing initial configuration for node h5 (namespace clab-
          ml-17-h5)
 [INFO] Executing initial configuration for node h6 (namespace clab-
          ml-17-h6)
 [INFO] Executing initial configuration for node s2
 [INFO] Executing routing configuration for node h1 (namespace clab-
          ml-17-h1)
 [INFO] Executing routing configuration for node h2 (namespace clab-
          ml-17-h2)
 [INFO] Executing routing configuration for node h4 (namespace clab-
          ml-17-h4)
 [INFO] Executing routing configuration for node h3 (namespace clab-
          ml-17-h3)
 [INFO] Executing routing configuration for node h5 (namespace clab-
          ml-17-h5)
 [INFO] Executing routing configuration for node h6 (namespace clab-
          ml-17-h6)
 [INFO] Executing vlan configuration for node s2
Errors encountered while processing 31-vlan-bridge-trunk.yml
UserWarning in netmiko: initial configuration failed on dut_s1
... Invalid input detected at command:  name untagged
... , matched error: %
... Inspect the session log file node_files/dut_s1/netmiko.log for more details
FatalError in initial: Configuration deployment failed

Results of configuration script deployments
================================================================================
h1               Script:  initial,routing
h2               Script:  initial,routing
h3               Script:  initial,routing
h4               Script:  initial,routing
h5               Script:  initial,routing
h6               Script:  initial,routing
dut_s1           Failed:  initial
                 Script:  normalize
s2               Script:  normalize,initial,vlan

