Creating Device configuration snippets
[CREATED] h1: initial,routing
[CREATED] h2: initial,routing
[CREATED] dut_s1: normalize,initial,vlan
[CREATED] dut_s2: normalize,initial,vlan
[CREATED] r1: initial
Checking Are lab devices ready to be configured?
 [INFO] Checking SSH server(s) on dut_s1,dut_s2
[SSH]     SSH server on node dut_s2 (device ioll2) is ready after 9.3 seconds
[SSH]     SSH server on node dut_s1 (device ioll2) is ready after 9.3 seconds
Config Normalizing device configurations
netmiko:  [INFO] Sent normalize configuration to dut_s1
netmiko:  [INFO] Sent normalize configuration to dut_s2
Config Deploying device configurations
 [INFO] Executing initial configuration for node h1 (namespace clab-
          ml-17-h1)
 [INFO] Executing initial configuration for node h2 (namespace clab-
          ml-17-h2)
 [INFO] Executing initial configuration for node r1
 [INFO] Executing routing configuration for node h1 (namespace clab-
          ml-17-h1)
 [INFO] Executing routing configuration for node h2 (namespace clab-
          ml-17-h2)
netmiko:  [INFO] Sent initial configuration to dut_s2
netmiko:  [INFO] Sent initial configuration to dut_s1
netmiko:  [INFO] Sent vlan configuration to dut_s2
netmiko:  [INFO] Sent vlan configuration to dut_s1

Results of configuration script deployments
================================================================================
h1               Script:  initial,routing
h2               Script:  initial,routing
dut_s1           Script:  normalize,initial,vlan
dut_s2           Script:  normalize,initial,vlan
r1               Script:  initial


The devices under test are simple bridges with a VLAN trunk between them.
An external router with two interfaces (one per VLAN) is attached to one of them.

* h1 and h2 should be able to ping each other

Please note it might take a while for the lab to work due to
STP learning phase

