Creating Device configuration snippets
[CREATED] dut: normalize,initial,vlan,ospf
[CREATED] s1: initial,vlan
[CREATED] s2: initial,vlan
[CREATED] r1: initial,ospf
[CREATED] r2: initial,ospf
Checking Are lab devices ready to be configured?
 [INFO] Checking SSH server(s) on dut
[SSH]     SSH server on node dut (device ioll2) is ready after 7.4 seconds
Config Normalizing device configurations
netmiko:  [INFO] Sent normalize configuration to dut
Config Deploying device configurations
 [INFO] Executing initial configuration for node s1
 [INFO] Executing initial configuration for node s2
 [INFO] Executing initial configuration for node r1
 [INFO] Executing initial configuration for node r2
 [INFO] Executing ospf configuration for node r1
 [INFO] Executing vlan configuration for node s1
 [INFO] Executing vlan configuration for node s2
 [INFO] Executing ospf configuration for node r2
netmiko:  [INFO] Sent initial configuration to dut
netmiko:  [INFO] Sent vlan configuration to dut
netmiko:  [INFO] Sent ospf configuration to dut

Results of configuration script deployments
================================================================================
dut              Script:  normalize,initial,vlan,ospf
s1               Script:  initial,vlan
s2               Script:  initial,vlan
r1               Script:  initial,ospf
r2               Script:  initial,ospf


A router-on-a-stick is attached to a VLAN trunk and runs OSPF
on all attached VLANs

* r1, r2, and dut should be able to ping each other

Please note it might take a while for the lab to work due to
STP and OSPF setup phase

