Using transformed lab topology from snapshot file netlab.snapshot.pickle
Checking virtualization provider installation
OK: clab installed and working correctly
Starting clab nodes
provider clab: executing sudo -E containerlab deploy --reconfigure -t clab.yml
12:00:03 INFO Containerlab started version=0.74.2
12:00:03 INFO Parsing & checking topology file=clab.yml
12:00:03 INFO Removing directory path=/work/netlab_cicd/cisco_c/clab-ml-84
12:00:03 INFO Creating docker network name=nl_mgmt_84 IPv4 subnet=192.168.84.0/24 IPv6 subnet="" MTU=0
12:00:03 INFO Creating lab directory path=/work/netlab_cicd/cisco_c/clab-ml-84
12:00:04 INFO Creating container name=s2
12:00:04 INFO Creating container name=r1
12:00:04 INFO Creating container name=r2
12:00:04 INFO Creating container name=ros
12:00:04 INFO Creating container name=s1
12:00:05 INFO Running postdeploy actions for Cisco IOL 'ros' node
12:00:05 INFO Created link: ros:eth1 (Ethernet0/1) ▪┄┄▪ s2:eth2
12:00:05 INFO Created link: s1:eth1 ▪┄┄▪ s2:eth1
12:00:05 INFO Created link: s1:eth3 ▪┄┄▪ r2:eth1
12:00:05 INFO Created link: s1:eth2 ▪┄┄▪ r1:eth1
12:00:06 INFO Executed command node=r2 command="sleep 1" stdout=""
12:00:06 INFO Executed command node=s2 command="sleep 1" stdout=""
12:00:06 INFO Executed command node=s1 command="sleep 1" stdout=""
12:00:06 INFO Executed command node=r1 command="sleep 1" stdout=""
12:00:06 INFO Adding host entries path=/etc/hosts
12:00:06 INFO Adding SSH config for nodes path=/etc/ssh/ssh_config.d/clab-ml-84.conf
12:00:06 INFO containerlab version
  🎉=
  │ A newer containerlab version (0.74.3) is available!
  │ Release notes: https://containerlab.dev/rn/0.74/#0743
  │ Run 'clab version upgrade' or see https://containerlab.dev/install/ for other installation options.
[1m╭[0m[1m────────────────[0m[1m┬[0m[1m─────────────────────────────────[0m[1m┬[0m[1m─────────[0m[1m┬[0m[1m────────────────[0m[1m╮[0m
[1m│[0m[1m      Name      [0m[1m│[0m[1m            Kind/Image           [0m[1m│[0m[1m  State  [0m[1m│[0m[1m IPv4/6 Address [0m[1m│[0m
[1m├[0m[1m────────────────[0m[1m┼[0m[1m─────────────────────────────────[0m[1m┼[0m[1m─────────[0m[1m┼[0m[1m────────────────[0m[1m┤[0m
│ clab-ml-84-r1  │ linux                           │ running │ 192.168.84.104 │
│                │ quay.io/frrouting/frr:10.6.0    │         │ N/A            │
├────────────────┼─────────────────────────────────┼─────────┼────────────────┤
│ clab-ml-84-r2  │ linux                           │ running │ 192.168.84.105 │
│                │ quay.io/frrouting/frr:10.6.0    │         │ N/A            │
├────────────────┼─────────────────────────────────┼─────────┼────────────────┤
│ clab-ml-84-ros │ cisco_iol                       │ running │ 192.168.84.101 │
│                │ vrnetlab/cisco_iol:L2-17.16.01a │         │ N/A            │
├────────────────┼─────────────────────────────────┼─────────┼────────────────┤
│ clab-ml-84-s1  │ linux                           │ running │ 192.168.84.102 │
│                │ quay.io/frrouting/frr:10.6.0    │         │ N/A            │
├────────────────┼─────────────────────────────────┼─────────┼────────────────┤
│ clab-ml-84-s2  │ linux                           │ running │ 192.168.84.103 │
│                │ quay.io/frrouting/frr:10.6.0    │         │ N/A            │
╰────────────────┴─────────────────────────────────┴─────────┴────────────────╯

Initial configuration skipped, run 'netlab initial' to configure the devices
