Creating Device configuration snippets
[CREATED] dut: normalize,initial,vlan
[CREATED] s2: initial,vlan
[CREATED] s3: initial,vlan
[CREATED] s4: initial,vlan
[CREATED] r1: initial,routing
[CREATED] r2: initial,routing
[CREATED] r3: initial,routing
[CREATED] r4: initial,routing
[CREATED] d1: initial,routing
[CREATED] d2: initial,routing
[CREATED] d3: initial,routing
[CREATED] d4: initial,routing
Checking Are lab devices ready to be configured?
 [INFO] Checking SSH server(s) on dut
[SSH]     SSH server on node dut (device ioll2) is ready after 6.3 seconds
Config Normalizing device configurations
netmiko:  [INFO] Sent normalize configuration to dut
Config Deploying device configurations
 [INFO] Executing initial configuration for node s2
 [INFO] Executing initial configuration for node s3
 [INFO] Executing initial configuration for node s4
 [INFO] Executing initial configuration for node r1 (namespace clab-
          ml-17-r1)
 [INFO] Executing initial configuration for node r2 (namespace clab-
          ml-17-r2)
 [INFO] Executing initial configuration for node r4 (namespace clab-
          ml-17-r4)
 [INFO] Executing initial configuration for node d1 (namespace clab-
          ml-17-d1)
 [INFO] Executing initial configuration for node d2 (namespace clab-
          ml-17-d2)
 [INFO] Executing initial configuration for node r3 (namespace clab-
          ml-17-r3)
 [INFO] Executing initial configuration for node d3 (namespace clab-
          ml-17-d3)
 [INFO] Executing initial configuration for node d4 (namespace clab-
          ml-17-d4)
 [INFO] Executing routing configuration for node r1 (namespace clab-
          ml-17-r1)
 [INFO] Executing routing configuration for node r2 (namespace clab-
          ml-17-r2)
 [INFO] Executing routing configuration for node r4 (namespace clab-
          ml-17-r4)
 [INFO] Executing routing configuration for node d1 (namespace clab-
          ml-17-d1)
 [INFO] Executing routing configuration for node r3 (namespace clab-
          ml-17-r3)
 [INFO] Executing routing configuration for node d2 (namespace clab-
          ml-17-d2)
 [INFO] Executing routing configuration for node d3 (namespace clab-
          ml-17-d3)
 [INFO] Executing routing configuration for node d4 (namespace clab-
          ml-17-d4)
 [INFO] Executing vlan configuration for node s3
 [INFO] Executing vlan configuration for node s2
 [INFO] Executing vlan configuration for node s4
Errors encountered while processing 70-vlan-1-trunk.yml
UserWarning in netmiko: initial configuration failed on dut
... Invalid input detected at command:  name vlan_1
... , matched error: %
... Inspect the session log file node_files/dut/netmiko.log for more details
FatalError in initial: Configuration deployment failed

Results of configuration script deployments
================================================================================
dut              Failed:  initial
                 Script:  normalize
s2               Script:  initial,vlan
s3               Script:  initial,vlan
s4               Script:  initial,vlan
r1               Script:  initial,routing
r2               Script:  initial,routing
r3               Script:  initial,routing
r4               Script:  initial,routing
d1               Script:  initial,routing
d2               Script:  initial,routing
d3               Script:  initial,routing
d4               Script:  initial,routing

