Warning in ioll2: Cisco IOS layer-2 image cannot configure tagged VLAN 1 in a trunk.
... Changing native VLAN to 1002 (node s1 Ethernet0/1)
... Set defaults.devices.ioll2.warnings.vlan.tagged_1 to False to hide this warning
[CONFIG]  s1: ifstate,normalize,initial,vlan
[CONFIG]  s2: initial,vlan,daemons,hosts
[CONFIG]  s3: initial,vlan,daemons,hosts (shared)
[CONFIG]  s4: initial,vlan,daemons,hosts (shared)
[CONFIG]  r1: initial,routing,hosts (shared)
[CONFIG]  r2: initial,routing,hosts (shared)
[CONFIG]  r3: initial,routing,hosts (shared)
[CONFIG]  r4: initial,routing,hosts (shared)
[CONFIG]  d1: initial,routing,hosts (shared)
[CONFIG]  d2: initial,routing,hosts (shared)
[CONFIG]  d3: initial,routing,hosts (shared)
[CONFIG]  d4: initial,routing,hosts (shared)
Created provider configuration file: clab.yml
Created pickled transformed topology data into netlab.snapshot.pickle
Created group_vars for all
Created group_vars for modules
Created group_vars for ioll2
Created host_vars for s1
Created group_vars for frr
Created host_vars for s2, s3, s4
Created group_vars for linux
Created host_vars for r1, r2, r3, r4, d1, d2, d3, d4
Created minimized Ansible inventory hosts.yml
Created Ansible configuration file: ansible.cfg
