Using transformed lab topology from snapshot file netlab.snapshot.pickle
Checking virtualization provider installation
OK: clab installed and working correctly
Starting clab nodes
provider clab: executing flock -E 42 /tmp/netlab.lock sudo -E containerlab deploy --reconfigure -t clab.yml
06:28:17 INFO Containerlab started version=0.74.2
06:28:17 INFO Parsing & checking topology file=clab.yml
06:28:17 INFO Removing directory path=/work/netlab_cicd/clab-ml-17
06:28:17 INFO Creating docker network name=nl_mgmt_17 IPv4 subnet=192.168.17.0/24 IPv6 subnet="" MTU=0
06:28:17 INFO Pulling image image=quay.io/frrouting/frr:10.6.1
10.6.1: Pulling from frrouting/frr
84f5eff04246: Pulling fs layer
1f5894ca0c2a: Pulling fs layer
287ec59695d7: Pulling fs layer
5bcd62e26f32: Pulling fs layer
4f4fb700ef54: Pulling fs layer
e0322ae31101: Pulling fs layer
fef97692f811: Pulling fs layer
5bcd62e26f32: Waiting
4f4fb700ef54: Waiting
e0322ae31101: Waiting
fef97692f811: Waiting
1f5894ca0c2a: Verifying Checksum
1f5894ca0c2a: Download complete
84f5eff04246: Verifying Checksum
84f5eff04246: Download complete
84f5eff04246: Pull complete
1f5894ca0c2a: Pull complete
4f4fb700ef54: Verifying Checksum
4f4fb700ef54: Download complete
e0322ae31101: Verifying Checksum
e0322ae31101: Download complete
fef97692f811: Verifying Checksum
fef97692f811: Download complete
287ec59695d7: Verifying Checksum
287ec59695d7: Download complete
287ec59695d7: Pull complete
5bcd62e26f32: Verifying Checksum
5bcd62e26f32: Download complete
5bcd62e26f32: Pull complete
4f4fb700ef54: Pull complete
e0322ae31101: Pull complete
fef97692f811: Pull complete
Digest: sha256:813497af103e972600f6161012b3bf2a2a1c5ea10d09cd1eacd74f1dc510a57b
Status: Downloaded newer image for quay.io/frrouting/frr:10.6.1
06:28:35 INFO Done pulling image image=quay.io/frrouting/frr:10.6.1
06:28:35 INFO Creating lab directory path=/work/netlab_cicd/clab-ml-17
06:28:35 INFO Creating container name=r
06:28:35 INFO Creating container name=h2
06:28:35 INFO Creating container name=h1
06:28:35 INFO Creating container name=h3
06:28:35 INFO Created link: r:eth1 ▪┄┄▪ h1:eth1
06:28:36 INFO Created link: r:eth2 ▪┄┄▪ h2:eth1
06:28:36 INFO Created link: r:eth3 ▪┄┄▪ h3:eth1
06:28:37 INFO Executed command node=r command="sleep 1" stdout=""
06:28:37 INFO Adding host entries path=/etc/hosts
06:28:37 INFO Adding SSH config for nodes path=/etc/ssh/ssh_config.d/clab-ml-17.conf
06:28:37 INFO containerlab version
  🎉=
  │ A newer containerlab version (0.75.0) is available!
  │ Release notes: https://containerlab.dev/rn/0.75/
  │ Run 'clab version upgrade' or see https://containerlab.dev/install/ for other installation options.
[1m╭[0m[1m───────────────[0m[1m┬[0m[1m──────────────────────────────[0m[1m┬[0m[1m─────────[0m[1m┬[0m[1m────────────────[0m[1m╮[0m
[1m│[0m[1m      Name     [0m[1m│[0m[1m          Kind/Image          [0m[1m│[0m[1m  State  [0m[1m│[0m[1m IPv4/6 Address [0m[1m│[0m
[1m├[0m[1m───────────────[0m[1m┼[0m[1m──────────────────────────────[0m[1m┼[0m[1m─────────[0m[1m┼[0m[1m────────────────[0m[1m┤[0m
│ clab-ml-17-h1 │ linux                        │ running │ 192.168.17.101 │
│               │ python:3.13-alpine           │         │ N/A            │
├───────────────┼──────────────────────────────┼─────────┼────────────────┤
│ clab-ml-17-h2 │ linux                        │ running │ 192.168.17.102 │
│               │ python:3.13-alpine           │         │ N/A            │
├───────────────┼──────────────────────────────┼─────────┼────────────────┤
│ clab-ml-17-h3 │ linux                        │ running │ 192.168.17.103 │
│               │ python:3.13-alpine           │         │ N/A            │
├───────────────┼──────────────────────────────┼─────────┼────────────────┤
│ clab-ml-17-r  │ linux                        │ running │ 192.168.17.232 │
│               │ quay.io/frrouting/frr:10.6.1 │         │ N/A            │
╰───────────────┴──────────────────────────────┴─────────┴────────────────╯

Initial configuration skipped, run 'netlab initial' to configure the devices
