Creating Device configuration snippets
[CREATED] dut: initial
[CREATED] h4: initial,dhcp
[CREATED] dhsrv: initial,dhcp
[CREATED] h0: initial
[CREATED] h1: initial
[CREATED] h2: initial
[CREATED] h3: initial
Config Deploying device configurations
 [INFO] Executing initial configuration for node dut
 [INFO] Executing initial configuration for node dhsrv (namespace
          clab-ml-17-dhsrv)
 [INFO] Executing initial configuration for node h0
 [INFO] Executing initial configuration for node h1
 [INFO] Executing initial configuration for node h2
 [INFO] Executing initial configuration for node h3
 [INFO] Executing initial configuration for node h4 (netmiko/script)
 [INFO] Executing dhcp configuration for node h4 (netmiko/script)

Results of configuration script deployments
================================================================================
dut              Script:  initial
h4               Script:  initial,dhcp
dhsrv            Script:  initial
h0               Script:  initial
h1               Script:  initial
h2               Script:  initial
h3               Script:  initial


This scenario tests IPv6 RA behavior
