Using transformed lab topology from snapshot file netlab.snapshot.pickle
Checking virtualization provider installation
OK: libvirt installed and working correctly
OK: clab installed and working correctly
Starting libvirt nodes
creating libvirt management network nl_mgmt_30
provider libvirt: executing flock -E 42 /tmp/netlab.lock vagrant up --provider libvirt
Bringing machine 'dut' up with 'libvirt' provider...
==> dut: Checking if box 'cisco/iosvl2' version '2024' is up to date...
[fog][WARNING] Unrecognized arguments: libvirt_ip_command
==> dut: Creating image (snapshot of base box volume).
==> dut: Creating domain with the following settings...
==> dut:  -- Name:              ml-30_dut
==> dut:  -- Description:       Source: /work/netlab_cicd/cisco/Vagrantfile
==> dut:  -- Domain type:       kvm
==> dut:  -- Cpus:              1
==> dut:  -- Feature:           acpi
==> dut:  -- Feature:           apic
==> dut:  -- Feature:           pae
==> dut:  -- Clock offset:      utc
==> dut:  -- Memory:            1024M
==> dut:  -- Management MAC:    ca:fe:00:01:00:00
==> dut:  -- Base box:          cisco/iosvl2
==> dut:  -- Storage pool:      default
==> dut:  -- Image(vda):        /var/lib/libvirt/images/ml-30_dut.img, virtio, 4G
==> dut:  -- Disk driver opts:  cache='default'
==> dut:  -- Graphics Type:     vnc
==> dut:  -- Video Type:        cirrus
==> dut:  -- Video VRAM:        16384
==> dut:  -- Video 3D accel:    false
==> dut:  -- Keymap:            en-us
==> dut:  -- TPM Backend:       passthrough
==> dut:  -- INPUT:             type=mouse, bus=ps2
==> dut: Creating shared folders metadata...
==> dut: Starting domain.
==> dut: Domain launching with graphics connection settings...
==> dut:  -- Graphics Port:      5901
==> dut:  -- Graphics IP:        127.0.0.1
==> dut:  -- Graphics Password:  Not defined
==> dut:  -- Graphics Websocket: 5701
==> dut: Waiting for domain to get an IP address...
==> dut: Waiting for machine to boot. This may take a few minutes...
    dut: SSH address: 192.168.30.101:22
    dut: SSH username: vagrant
    dut: SSH auth method: private key
==> dut: Machine booted and ready!
Starting clab nodes
Recreating clab-augment.yml configuration file for clab provider
Created provider configuration file: clab-augment.yml
 [INFO] Setting containerlab runtime to docker
provider clab: executing flock -E 42 /tmp/netlab.lock containerlab deploy --reconfigure -t clab-augment.yml
17:21:40 INFO Containerlab started version=0.75.0
17:21:40 INFO Parsing & checking topology file=clab-augment.yml
17:21:40 INFO Removing directory path=/work/netlab_cicd/cisco/clab-ml-30
17:21:40 INFO Creating docker network name=nl_mgmt_30 IPv4 subnet=192.168.30.0/24 IPv6 subnet=fd00:df:1ab:30::/64 MTU=0
17:21:40 INFO Creating lab directory path=/work/netlab_cicd/cisco/clab-ml-30
17:21:40 INFO Creating container name=t1
17:21:40 INFO Creating container name=dnssrv
17:21:41 INFO Created link: t1:eth1 ▪┄┄▪ virbr4:bni30n3i1
17:21:41 INFO Created link: dnssrv:eth1 ▪┄┄▪ virbr2:bni30n2i1
17:21:41 INFO Adding host entries path=/etc/hosts
17:21:41 INFO Adding SSH config for nodes path=/etc/ssh/ssh_config.d/clab-ml-30.conf
17:21:41 INFO containerlab version
  🎉=
  │ A newer containerlab version (0.78.2) is available!
  │ Release notes: https://containerlab.dev/rn/0.78/#0782
  │ Run 'clab version upgrade' or see https://containerlab.dev/install/ for other installation options.
[1m╭[0m[1m───────────────────[0m[1m┬[0m[1m───────────────────────[0m[1m┬[0m[1m─────────[0m[1m┬[0m[1m───────────────────[0m[1m╮[0m
[1m│[0m[1m        Name       [0m[1m│[0m[1m       Kind/Image      [0m[1m│[0m[1m  State  [0m[1m│[0m[1m   IPv4/6 Address  [0m[1m│[0m
[1m├[0m[1m───────────────────[0m[1m┼[0m[1m───────────────────────[0m[1m┼[0m[1m─────────[0m[1m┼[0m[1m───────────────────[0m[1m┤[0m
│ clab-ml-30-dnssrv │ linux                 │ running │ 192.168.30.102    │
│                   │ netlab/dnsmasq:latest │         │ fd00:df:1ab:30::3 │
├───────────────────┼───────────────────────┼─────────┼───────────────────┤
│ clab-ml-30-t1     │ linux                 │ running │ 192.168.30.103    │
│                   │ python:3.13-alpine    │         │ fd00:df:1ab:30::2 │
╰───────────────────┴───────────────────────┴─────────┴───────────────────╯

Initial configuration skipped, run 'netlab initial' to configure the devices
