Using transformed lab topology from snapshot file netlab.snapshot.pickle
Checking virtualization provider installation
OK: clab installed and working correctly
Starting clab nodes
 [INFO] Setting containerlab runtime to docker
provider clab: executing flock -E 42 /tmp/netlab.lock containerlab deploy --reconfigure -t clab.yml
20:06:02 INFO Containerlab started version=0.75.0
20:06:02 INFO Parsing & checking topology file=clab.yml
20:06:02 INFO Removing directory path=/work/netlab_cicd/clab-ml-17
20:06:02 INFO Creating docker network name=nl_mgmt_17 IPv4 subnet=192.168.17.0/24 IPv6 subnet=fd00:df:1ab:17::/64 MTU=0
20:06:02 INFO Creating lab directory path=/work/netlab_cicd/clab-ml-17
20:06:02 INFO Creating container name=dut
20:06:02 INFO Creating container name=r3
20:06:02 INFO Creating container name=r4
20:06:02 INFO Creating container name=r1
20:06:02 INFO Creating container name=r2
20:06:03 INFO Running postdeploy actions for Cisco IOL 'dut' node
20:06:03 INFO Created link: dut:eth4 (Ethernet1/0) ▪┄┄▪ r4:et1
20:06:03 INFO Running postdeploy actions for Arista cEOS 'r4' node
20:06:03 INFO Created link: dut:eth3 (Ethernet0/3) ▪┄┄▪ r3:et1
20:06:03 INFO Running postdeploy actions for Arista cEOS 'r3' node
20:06:03 INFO Created link: dut:eth2 (Ethernet0/2) ▪┄┄▪ r2:et1
20:06:03 INFO Running postdeploy actions for Arista cEOS 'r2' node
20:06:03 INFO Created link: dut:eth1 (Ethernet0/1) ▪┄┄▪ r1:et1
20:06:03 INFO Running postdeploy actions for Arista cEOS 'r1' node
20:06:31 INFO Adding host entries path=/etc/hosts
20:06:31 INFO Adding SSH config for nodes path=/etc/ssh/ssh_config.d/clab-ml-17.conf
20:06:31 INFO containerlab version
  🎉=
  │ A newer containerlab version (0.79.0) is available!
  │ Release notes: https://containerlab.dev/rn/0.79/
  │ Run 'clab version upgrade' or see https://containerlab.dev/install/ for other installation options.
[1m╭[0m[1m────────────────[0m[1m┬[0m[1m────────────────────────────────[0m[1m┬[0m[1m─────────[0m[1m┬[0m[1m───────────────────[0m[1m╮[0m
[1m│[0m[1m      Name      [0m[1m│[0m[1m           Kind/Image           [0m[1m│[0m[1m  State  [0m[1m│[0m[1m   IPv4/6 Address  [0m[1m│[0m
[1m├[0m[1m────────────────[0m[1m┼[0m[1m────────────────────────────────[0m[1m┼[0m[1m─────────[0m[1m┼[0m[1m───────────────────[0m[1m┤[0m
│ clab-ml-17-dut │ cisco_iol                      │ running │ 192.168.17.101    │
│                │ vrnetlab/cisco_iol:L2-17.18.02 │         │ fd00:df:1ab:17::2 │
├────────────────┼────────────────────────────────┼─────────┼───────────────────┤
│ clab-ml-17-r1  │ ceos                           │ running │ 192.168.17.111    │
│                │ ceos:4.35.2F                   │         │ fd00:df:1ab:17::6 │
├────────────────┼────────────────────────────────┼─────────┼───────────────────┤
│ clab-ml-17-r2  │ ceos                           │ running │ 192.168.17.112    │
│                │ ceos:4.35.2F                   │         │ fd00:df:1ab:17::5 │
├────────────────┼────────────────────────────────┼─────────┼───────────────────┤
│ clab-ml-17-r3  │ ceos                           │ running │ 192.168.17.123    │
│                │ ceos:4.35.2F                   │         │ fd00:df:1ab:17::4 │
├────────────────┼────────────────────────────────┼─────────┼───────────────────┤
│ clab-ml-17-r4  │ ceos                           │ running │ 192.168.17.124    │
│                │ ceos:4.35.2F                   │         │ fd00:df:1ab:17::3 │
╰────────────────┴────────────────────────────────┴─────────┴───────────────────╯

Initial configuration skipped, run 'netlab initial' to configure the devices
