Using transformed lab topology from snapshot file netlab.snapshot.pickle
Checking virtualization provider installation
OK: clab installed and working correctly
Starting clab nodes
provider clab: executing sudo -E containerlab deploy --reconfigure -t clab.yml
12:10:52 INFO Containerlab started version=0.74.2
12:10:52 INFO Parsing & checking topology file=clab.yml
12:10:53 INFO Removing directory path=/work/netlab_cicd/cisco_c/clab-ml-84
12:10:53 INFO Creating docker network name=nl_mgmt_84 IPv4 subnet=192.168.84.0/24 IPv6 subnet="" MTU=0
12:10:53 INFO Creating lab directory path=/work/netlab_cicd/cisco_c/clab-ml-84
12:10:53 INFO Creating container name=x1
12:10:53 INFO Creating container name=x2
12:10:53 INFO Creating container name=dut
12:10:54 INFO Created link: dut:eth1 (Ethernet0/1) ▪┄┄▪ x1:eth1
12:10:54 INFO Created link: dut:eth2 (Ethernet0/2) ▪┄┄▪ x2:eth1
12:10:54 INFO Running postdeploy actions for Cisco IOL 'dut' node
12:10:55 INFO Executed command node=x1 command="sleep 1" stdout=""
12:10:55 INFO Executed command node=x2 command="sleep 1" stdout=""
12:10:55 INFO Adding host entries path=/etc/hosts
12:10:55 INFO Adding SSH config for nodes path=/etc/ssh/ssh_config.d/clab-ml-84.conf
12:10:55 INFO containerlab version
  🎉=
  │ A newer containerlab version (0.74.3) is available!
  │ Release notes: https://containerlab.dev/rn/0.74/#0743
  │ Run 'clab version upgrade' or see https://containerlab.dev/install/ for other installation options.
[1m╭[0m[1m────────────────[0m[1m┬[0m[1m─────────────────────────────────[0m[1m┬[0m[1m─────────[0m[1m┬[0m[1m────────────────[0m[1m╮[0m
[1m│[0m[1m      Name      [0m[1m│[0m[1m            Kind/Image           [0m[1m│[0m[1m  State  [0m[1m│[0m[1m IPv4/6 Address [0m[1m│[0m
[1m├[0m[1m────────────────[0m[1m┼[0m[1m─────────────────────────────────[0m[1m┼[0m[1m─────────[0m[1m┼[0m[1m────────────────[0m[1m┤[0m
│ clab-ml-84-dut │ cisco_iol                       │ running │ 192.168.84.101 │
│                │ vrnetlab/cisco_iol:L2-17.16.01a │         │ N/A            │
├────────────────┼─────────────────────────────────┼─────────┼────────────────┤
│ clab-ml-84-x1  │ linux                           │ running │ 192.168.84.110 │
│                │ quay.io/frrouting/frr:10.6.0    │         │ N/A            │
├────────────────┼─────────────────────────────────┼─────────┼────────────────┤
│ clab-ml-84-x2  │ linux                           │ running │ 192.168.84.111 │
│                │ quay.io/frrouting/frr:10.6.0    │         │ N/A            │
╰────────────────┴─────────────────────────────────┴─────────┴────────────────╯

Initial configuration skipped, run 'netlab initial' to configure the devices
