Using transformed lab topology from snapshot file netlab.snapshot.pickle
Checking virtualization provider installation
OK: clab installed and working correctly
Starting clab nodes
provider clab: executing sudo -E containerlab deploy --reconfigure -t clab.yml
12:14:39 INFO Containerlab started version=0.74.2
12:14:39 INFO Parsing & checking topology file=clab.yml
12:14:39 INFO Removing directory path=/work/netlab_cicd/cisco_c/clab-ml-84
12:14:39 INFO Creating docker network name=nl_mgmt_84 IPv4 subnet=192.168.84.0/24 IPv6 subnet="" MTU=0
12:14:40 INFO Creating lab directory path=/work/netlab_cicd/cisco_c/clab-ml-84
12:14:40 INFO Creating container name=srv
12:14:40 INFO Creating container name=h1
12:14:40 INFO Creating container name=h2
12:14:40 INFO Creating container name=dut
12:14:41 INFO Created link: h1:eth1 ▪┄┄▪ dut:eth1 (Ethernet0/1)
12:14:41 INFO Created link: h2:eth1 ▪┄┄▪ dut:eth2 (Ethernet0/2)
12:14:41 INFO Running postdeploy actions for Cisco IOL 'dut' node
12:14:41 INFO Created link: srv:eth1 ▪┄┄▪ dut:eth3 (Ethernet0/3)
12:14:41 INFO Adding host entries path=/etc/hosts
12:14:41 INFO Adding SSH config for nodes path=/etc/ssh/ssh_config.d/clab-ml-84.conf
12:14:41 INFO containerlab version
  🎉=
  │ A newer containerlab version (0.74.3) is available!
  │ Release notes: https://containerlab.dev/rn/0.74/#0743
  │ Run 'clab version upgrade' or see https://containerlab.dev/install/ for other installation options.
[1m╭[0m[1m────────────────[0m[1m┬[0m[1m─────────────────────────────────[0m[1m┬[0m[1m─────────[0m[1m┬[0m[1m────────────────[0m[1m╮[0m
[1m│[0m[1m      Name      [0m[1m│[0m[1m            Kind/Image           [0m[1m│[0m[1m  State  [0m[1m│[0m[1m IPv4/6 Address [0m[1m│[0m
[1m├[0m[1m────────────────[0m[1m┼[0m[1m─────────────────────────────────[0m[1m┼[0m[1m─────────[0m[1m┼[0m[1m────────────────[0m[1m┤[0m
│ clab-ml-84-dut │ cisco_iol                       │ running │ 192.168.84.104 │
│                │ vrnetlab/cisco_iol:L2-17.16.01a │         │ N/A            │
├────────────────┼─────────────────────────────────┼─────────┼────────────────┤
│ clab-ml-84-h1  │ linux                           │ running │ 192.168.84.101 │
│                │ python:3.13-alpine              │         │ N/A            │
├────────────────┼─────────────────────────────────┼─────────┼────────────────┤
│ clab-ml-84-h2  │ linux                           │ running │ 192.168.84.102 │
│                │ python:3.13-alpine              │         │ N/A            │
├────────────────┼─────────────────────────────────┼─────────┼────────────────┤
│ clab-ml-84-srv │ linux                           │ running │ 192.168.84.103 │
│                │ python:3.13-alpine              │         │ N/A            │
╰────────────────┴─────────────────────────────────┴─────────┴────────────────╯

Initial configuration skipped, run 'netlab initial' to configure the devices
