Using transformed lab topology from snapshot file netlab.snapshot.pickle
Checking virtualization provider installation
OK: libvirt installed and working correctly
OK: clab installed and working correctly
Starting libvirt nodes
creating libvirt management network nl_mgmt_17
provider libvirt: executing flock -E 42 /tmp/netlab.lock vagrant up --provider libvirt
Bringing machine 'dut_s1' up with 'libvirt' provider...
==> dut_s1: Checking if box 'mikrotik/chr7' version '7.21.4' is up to date...
[fog][WARNING] Unrecognized arguments: libvirt_ip_command
==> dut_s1: Creating image (snapshot of base box volume).
==> dut_s1: Creating domain with the following settings...
==> dut_s1:  -- Name:              ml-17_dut_s1
==> dut_s1:  -- Description:       Source: /work/netlab_cicd/Vagrantfile
==> dut_s1:  -- Domain type:       kvm
==> dut_s1:  -- Cpus:              2
==> dut_s1:  -- Feature:           acpi
==> dut_s1:  -- Feature:           apic
==> dut_s1:  -- Feature:           pae
==> dut_s1:  -- Clock offset:      utc
==> dut_s1:  -- Memory:            256M
==> dut_s1:  -- Management MAC:    ca:fe:00:07:00:00
==> dut_s1:  -- Base box:          mikrotik/chr7
==> dut_s1:  -- Storage pool:      default
==> dut_s1:  -- Image(vda):        /var/lib/libvirt/images/ml-17_dut_s1.img, virtio, 1G
==> dut_s1:  -- Disk driver opts:  cache='default'
==> dut_s1:  -- Graphics Type:     vnc
==> dut_s1:  -- Video Type:        cirrus
==> dut_s1:  -- Video VRAM:        16384
==> dut_s1:  -- Video 3D accel:    false
==> dut_s1:  -- Keymap:            en-us
==> dut_s1:  -- TPM Backend:       passthrough
==> dut_s1:  -- INPUT:             type=mouse, bus=ps2
==> dut_s1: Creating shared folders metadata...
==> dut_s1: Starting domain.
==> dut_s1: Domain launching with graphics connection settings...
==> dut_s1:  -- Graphics Port:      5900
==> dut_s1:  -- Graphics IP:        127.0.0.1
==> dut_s1:  -- Graphics Password:  Not defined
==> dut_s1:  -- Graphics Websocket: 5700
==> dut_s1: Waiting for domain to get an IP address...
==> dut_s1: Waiting for machine to boot. This may take a few minutes...
    dut_s1: SSH address: 192.168.17.107:22
    dut_s1: SSH username: admin
    dut_s1: SSH auth method: password
==> dut_s1: Machine booted and ready!
Starting clab nodes
Recreating clab-augment.yml configuration file for clab provider
Created provider configuration file: clab-augment.yml
provider clab: executing flock -E 42 /tmp/netlab.lock sudo -E containerlab deploy --reconfigure -t clab-augment.yml
14:34:19 INFO Containerlab started version=0.75.0
14:34:19 INFO Parsing & checking topology file=clab-augment.yml
14:34:19 INFO Removing directory path=/work/netlab_cicd/clab-ml-17
14:34:19 INFO Creating docker network name=nl_mgmt_17 IPv4 subnet=192.168.17.0/24 IPv6 subnet="" MTU=0
14:34:19 INFO Creating lab directory path=/work/netlab_cicd/clab-ml-17
14:34:19 INFO Creating container name=h1
14:34:19 INFO Creating container name=h3
14:34:19 INFO Creating container name=h2
14:34:19 INFO Creating container name=h4
14:34:19 INFO Creating container name=h5
14:34:19 INFO Creating container name=h6
14:34:19 INFO Creating container name=s2
14:34:20 INFO Created link: h1:eth1 ▪┄┄▪ virbr2:bni17n1i1
14:34:20 INFO Created link: h5:eth1 ▪┄┄▪ virbr4:bni17n5i1
14:34:20 INFO Created link: s2:et1 ▪┄┄▪ virbr1:bni17n8i1
14:34:20 INFO Created link: h2:eth1 ▪┄┄▪ s2:et2
14:34:20 INFO Created link: h3:eth1 ▪┄┄▪ virbr3:bni17n3i1
14:34:20 INFO Created link: h4:eth1 ▪┄┄▪ s2:et3
14:34:20 INFO Created link: h6:eth1 ▪┄┄▪ s2:et4
14:34:20 INFO Running postdeploy actions for Arista cEOS 's2' node
14:34:35 INFO Adding host entries path=/etc/hosts
14:34:35 INFO Adding SSH config for nodes path=/etc/ssh/ssh_config.d/clab-ml-17.conf
14:34:35 INFO containerlab version
  🎉=
  │ A newer containerlab version (0.77.0) is available!
  │ Release notes: https://containerlab.dev/rn/0.77/
  │ Run 'clab version upgrade' or see https://containerlab.dev/install/ for other installation options.
[1m╭[0m[1m───────────────[0m[1m┬[0m[1m────────────────────[0m[1m┬[0m[1m─────────[0m[1m┬[0m[1m────────────────[0m[1m╮[0m
[1m│[0m[1m      Name     [0m[1m│[0m[1m     Kind/Image     [0m[1m│[0m[1m  State  [0m[1m│[0m[1m IPv4/6 Address [0m[1m│[0m
[1m├[0m[1m───────────────[0m[1m┼[0m[1m────────────────────[0m[1m┼[0m[1m─────────[0m[1m┼[0m[1m────────────────[0m[1m┤[0m
│ clab-ml-17-h1 │ linux              │ running │ 192.168.17.101 │
│               │ python:3.13-alpine │         │ N/A            │
├───────────────┼────────────────────┼─────────┼────────────────┤
│ clab-ml-17-h2 │ linux              │ running │ 192.168.17.102 │
│               │ python:3.13-alpine │         │ N/A            │
├───────────────┼────────────────────┼─────────┼────────────────┤
│ clab-ml-17-h3 │ linux              │ running │ 192.168.17.103 │
│               │ python:3.13-alpine │         │ N/A            │
├───────────────┼────────────────────┼─────────┼────────────────┤
│ clab-ml-17-h4 │ linux              │ running │ 192.168.17.104 │
│               │ python:3.13-alpine │         │ N/A            │
├───────────────┼────────────────────┼─────────┼────────────────┤
│ clab-ml-17-h5 │ linux              │ running │ 192.168.17.105 │
│               │ python:3.13-alpine │         │ N/A            │
├───────────────┼────────────────────┼─────────┼────────────────┤
│ clab-ml-17-h6 │ linux              │ running │ 192.168.17.106 │
│               │ python:3.13-alpine │         │ N/A            │
├───────────────┼────────────────────┼─────────┼────────────────┤
│ clab-ml-17-s2 │ ceos               │ running │ 192.168.17.108 │
│               │ ceos:4.35.2F       │         │ N/A            │
╰───────────────┴────────────────────┴─────────┴────────────────╯

Initial configuration skipped, run 'netlab initial' to configure the devices
