Creating Device configuration snippets
[CREATED] h1: initial,routing
[CREATED] h2: initial,routing
[CREATED] s1: initial,vlan
[CREATED] s2: initial,vlan
[CREATED] r1: initial
Config Deploying device configurations
 [INFO] Executing initial configuration for node h1 (namespace clab-
          ml-17-h1)
 [INFO] Executing initial configuration for node h2 (namespace clab-
          ml-17-h2)
 [INFO] Executing initial configuration for node r1
 [INFO] Executing routing configuration for node h1 (namespace clab-
          ml-17-h1)
 [INFO] Executing routing configuration for node h2 (namespace clab-
          ml-17-h2)
 [INFO] Starting Ansible playbook to deploy the rest of the
          configurations
[WARNING]: Found variable using reserved name: hosts

PLAY [Deploy initial device configuration] *************************************

TASK [Set variables that cannot be set with VARS] ******************************
ok: [s1]
ok: [s2]

TASK [Deploy initial configuration] ********************************************
included: /home/pipi/netlab_gh/netsim/ansible/tasks/deploy-module.yml for s1, s2

TASK [Figure out whether to deploy the module initial on current device] *******
ok: [s1]
ok: [s2]

TASK [Find configuration template for initial] *********************************
ok: [s1]
ok: [s2]

TASK [fail] ********************************************************************
skipping: [s1]
skipping: [s2]

TASK [Find configuration deployment deploy_script for initial] *****************
ok: [s1]
ok: [s2]

TASK [Print deployed configuration when running in verbose mode] ***************
ok: [s1] => {
    "msg": "initial configuration for s1\n=========================================\n\n/system/identity set name=\"s1\"\n\n/interface/bridge add name=loopback protocol-mode=none\n\n\n/ip/address add interface=loopback address=10.0.0.3/32\n\n\n/interface/bridge add name=switch vlan-filtering=yes comment=\"Global Switch Bridge\"\n\n/interface/vlan add name=vlan700 vlan-id=700 interface=switch\n/interface/vlan add name=vlan701 vlan-id=701 interface=switch\n\n\n\n\n\n/interface/ethernet set comment=\"s1 -> s2\" ether2\n\n\n\n/interface/ethernet set comment=\"[Access VLAN red] s1 -> h1\" ether3\n\n\n\n/interface/ethernet set comment=\"[Access VLAN blue] s1 -> h2\" ether4\n\n\n\n/interface/vlan set comment=\"VLAN red (700) -> [h1,r1,s2]\" vlan700\n\n\n\n/interface/vlan set comment=\"VLAN blue (701) -> [h2,r1,s2]\" vlan701\n\n\n\n/ip/neighbor/discovery-settings set discover-interface-list=all\n"
}
ok: [s2] => {
    "msg": "initial configuration for s2\n=========================================\n\n/system/identity set name=\"s2\"\n\n/interface/bridge add name=loopback protocol-mode=none\n\n\n/ip/address add interface=loopback address=10.0.0.4/32\n\n\n/interface/bridge add name=switch vlan-filtering=yes comment=\"Global Switch Bridge\"\n\n/interface/vlan add name=vlan700 vlan-id=700 interface=switch\n/interface/vlan add name=vlan701 vlan-id=701 interface=switch\n\n\n\n\n\n/interface/ethernet set comment=\"s2 -> s1\" ether2\n\n\n\n/interface/ethernet set comment=\"[Access VLAN red] s2 -> r1\" ether3\n\n\n\n/interface/ethernet set comment=\"[Access VLAN blue] s2 -> r1\" ether4\n\n\n\n/interface/vlan set comment=\"VLAN red (700) -> [h1,s1,r1]\" vlan700\n\n\n\n/interface/vlan set comment=\"VLAN blue (701) -> [h2,s1,r1]\" vlan701\n\n\n\n/ip/neighbor/discovery-settings set discover-interface-list=all\n"
}

TASK [Deploy initial configuration] ********************************************
included: /home/pipi/netlab_gh/netsim/ansible/tasks/deploy-config/routeros7.yml for s1, s2

TASK [load initial from /work/netlab_cicd/node_files/s1/initial] ***************
ok: [s1]
ok: [s2]

TASK [Run commands on CHR] *****************************************************
changed: [s1]
changed: [s2]

PLAY [Deploy module-specific configurations] ***********************************

TASK [Set variables that cannot be set with VARS] ******************************
ok: [s1]
ok: [s2]

TASK [Deploy individual configuration modules] *********************************
included: /home/pipi/netlab_gh/netsim/ansible/tasks/deploy-module.yml for s1, s2 => (item=vlan)
included: /home/pipi/netlab_gh/netsim/ansible/tasks/deploy-module.yml for s1, s2 => (item=routing)

TASK [Figure out whether to deploy the module vlan on current device] **********
ok: [s1]
ok: [s2]

TASK [Find configuration template for vlan] ************************************
ok: [s1]
ok: [s2]

TASK [fail] ********************************************************************
skipping: [s1]
skipping: [s2]

TASK [Find configuration deployment deploy_script for vlan] ********************
ok: [s1]
ok: [s2]

TASK [Print deployed configuration when running in verbose mode] ***************
ok: [s1] => {
    "msg": "vlan configuration for s1\n=========================================\n\n\n/interface/bridge/vlan add bridge=switch vlan-ids=700 tagged=switch\n/interface/bridge/vlan add bridge=switch vlan-ids=701 tagged=switch\n\n\n/interface/bridge/port add bridge=switch interface=ether2\n\n/interface/bridge/vlan set tagged=([get value-name=tagged [find vlan-ids=700]],\"ether2\") [find vlan-ids=700]\n/interface/bridge/vlan set tagged=([get value-name=tagged [find vlan-ids=701]],\"ether2\") [find vlan-ids=701]\n\n\n/interface/bridge/port add bridge=switch interface=ether3 pvid=700\n\n/interface/bridge/vlan set untagged=([get value-name=untagged [find vlan-ids=700]],\"ether3\") [find vlan-ids=700]\n\n\n\n\n/interface/bridge/port add bridge=switch interface=ether4 pvid=701\n\n/interface/bridge/vlan set untagged=([get value-name=untagged [find vlan-ids=701]],\"ether4\") [find vlan-ids=701]\n\n\n\n"
}
ok: [s2] => {
    "msg": "vlan configuration for s2\n=========================================\n\n\n/interface/bridge/vlan add bridge=switch vlan-ids=700 tagged=switch\n/interface/bridge/vlan add bridge=switch vlan-ids=701 tagged=switch\n\n\n/interface/bridge/port add bridge=switch interface=ether2\n\n/interface/bridge/vlan set tagged=([get value-name=tagged [find vlan-ids=700]],\"ether2\") [find vlan-ids=700]\n/interface/bridge/vlan set tagged=([get value-name=tagged [find vlan-ids=701]],\"ether2\") [find vlan-ids=701]\n\n\n/interface/bridge/port add bridge=switch interface=ether3 pvid=700\n\n/interface/bridge/vlan set untagged=([get value-name=untagged [find vlan-ids=700]],\"ether3\") [find vlan-ids=700]\n\n\n\n\n/interface/bridge/port add bridge=switch interface=ether4 pvid=701\n\n/interface/bridge/vlan set untagged=([get value-name=untagged [find vlan-ids=701]],\"ether4\") [find vlan-ids=701]\n\n\n\n"
}

TASK [Deploy vlan configuration] ***********************************************
included: /home/pipi/netlab_gh/netsim/ansible/tasks/deploy-config/routeros7.yml for s1, s2

TASK [load vlan from /work/netlab_cicd/node_files/s1/vlan] *********************
ok: [s1]
ok: [s2]

TASK [Run commands on CHR] *****************************************************
changed: [s1]
changed: [s2]

TASK [Figure out whether to deploy the module routing on current device] *******
ok: [s1]
ok: [s2]

TASK [Find configuration template for routing] *********************************
skipping: [s1]
skipping: [s2]

TASK [fail] ********************************************************************
skipping: [s1]
skipping: [s2]

TASK [Find configuration deployment deploy_script for routing] *****************
skipping: [s1]
skipping: [s2]

TASK [Print deployed configuration when running in verbose mode] ***************
skipping: [s1]
skipping: [s2]

TASK [Deploy routing configuration] ********************************************
skipping: [s1]
skipping: [s2]

PLAY [Deploy custom deployment templates] **************************************
skipping: no hosts matched

PLAY RECAP *********************************************************************
s1                         : ok=20   changed=2    unreachable=0    failed=0    skipped=7    rescued=0    ignored=0   
s2                         : ok=20   changed=2    unreachable=0    failed=0    skipped=7    rescued=0    ignored=0   

Results of configuration script deployments
================================================================================
h1               Script:  initial,routing
h2               Script:  initial,routing
r1               Script:  initial


The devices under test are simple bridges with a VLAN trunk between them.
An external router with two interfaces (one per VLAN) is attached to one of them.

* h1 and h2 should be able to ping each other

Please note it might take a while for the lab to work due to
STP learning phase

