Creating Device configuration snippets
[CREATED] h1: initial,routing
[CREATED] h2: initial,routing
[CREATED] h3: initial,routing
[CREATED] h4: initial,routing
[CREATED] dut: initial,vlan
[CREATED] s2: normalize,initial,vlan
Checking Are lab devices ready to be configured?
 [INFO] Checking SSH server(s) on s2
Config Normalizing device configurations
 [INFO] Executing normalize configuration for node s2
Config Deploying device configurations
 [INFO] Executing initial configuration for node h1 (namespace clab-
          ml-17-h1)
 [INFO] Executing initial configuration for node h2 (namespace clab-
          ml-17-h2)
 [INFO] Executing initial configuration for node h3 (namespace clab-
          ml-17-h3)
 [INFO] Executing initial configuration for node h4 (namespace clab-
          ml-17-h4)
 [INFO] Executing initial configuration for node s2
 [INFO] Executing routing configuration for node h1 (namespace clab-
          ml-17-h1)
 [INFO] Executing routing configuration for node h3 (namespace clab-
          ml-17-h3)
 [INFO] Executing routing configuration for node h2 (namespace clab-
          ml-17-h2)
 [INFO] Executing routing configuration for node h4 (namespace clab-
          ml-17-h4)
 [INFO] Executing vlan configuration for node s2
 [INFO] Starting Ansible playbook to deploy the rest of the
          configurations
[WARNING]: Found variable using reserved name: hosts

PLAY [Deploy initial device configuration] *************************************

TASK [Set variables that cannot be set with VARS] ******************************
ok: [dut]

TASK [Deploy initial configuration] ********************************************
included: /home/pipi/net101/tools/netsim/ansible/tasks/deploy-module.yml for dut

TASK [Figure out whether to deploy the module initial on current device] *******
ok: [dut]

TASK [Find configuration template for initial] *********************************
ok: [dut]

TASK [fail] ********************************************************************
skipping: [dut]

TASK [Find configuration deployment deploy_script for initial] *****************
ok: [dut]

TASK [Print deployed configuration when running in verbose mode] ***************
ok: [dut] => {
    "msg": "initial configuration for dut\n=========================================\n\n/system identity set name=\"dut\"\n\n/interface bridge add name=loopback protocol-mode=none\n\n\n/ip address add interface=loopback address=10.0.0.5/32\n\n\n/interface/bridge/add name=switch vlan-filtering=yes comment=\"Global Switch Bridge\"\n\n/interface/vlan/add name=vlan700 vlan-id=700 interface=switch\n/interface/vlan/add name=vlan701 vlan-id=701 interface=switch\n\n\n\n\n\n/interface ethernet set comment=\"dut -> s2\" ether2\n\n\n\n/interface ethernet set comment=\"[Access VLAN red] dut -> h1\" ether3\n\n\n\n/interface ethernet set comment=\"[Access VLAN blue] dut -> h3\" ether4\n\n\n\n/interface vlan set comment=\"VLAN red (700) -> [h1,h2,s2]\" vlan700\n\n/ip address add interface=vlan700 address=172.16.0.5/24\n/ip address set [find where interface=vlan700] comment=\"VLAN red (700) -> [h1,h2,s2]\"\n\n\n/interface vlan set comment=\"VLAN blue (701) -> [h3,h4,s2]\" vlan701\n\n/ip address add interface=vlan701 address=172.16.1.5/24\n/ip address set [find where interface=vlan701] comment=\"VLAN blue (701) -> [h3,h4,s2]\"\n\n\n/ip neighbor discovery-settings set discover-interface-list=all\n"
}

TASK [Deploy initial configuration] ********************************************
included: /home/pipi/net101/tools/netsim/ansible/tasks/deploy-config/routeros7.yml for dut

TASK [load initial from /work/netlab_cicd/node_files/dut/initial] **************
ok: [dut]

TASK [Run commands on CHR] *****************************************************
changed: [dut]

PLAY [Deploy module-specific configurations] ***********************************

TASK [Set variables that cannot be set with VARS] ******************************
ok: [dut]

TASK [Deploy individual configuration modules] *********************************
included: /home/pipi/net101/tools/netsim/ansible/tasks/deploy-module.yml for dut => (item=vlan)
included: /home/pipi/net101/tools/netsim/ansible/tasks/deploy-module.yml for dut => (item=routing)

TASK [Figure out whether to deploy the module vlan on current device] **********
ok: [dut]

TASK [Find configuration template for vlan] ************************************
ok: [dut]

TASK [fail] ********************************************************************
skipping: [dut]

TASK [Find configuration deployment deploy_script for vlan] ********************
ok: [dut]

TASK [Print deployed configuration when running in verbose mode] ***************
ok: [dut] => {
    "msg": "vlan configuration for dut\n=========================================\n\n\n/interface/bridge/vlan add bridge=switch vlan-ids=700 tagged=switch\n/interface/bridge/vlan add bridge=switch vlan-ids=701 tagged=switch\n\n/interface/bridge/port add bridge=switch interface=ether2 pvid=700\n/interface/bridge/vlan set untagged=([get value-name=untagged [find vlan-ids=700]],\"ether2\") [find vlan-ids=700]\n/interface/bridge/vlan set tagged=([get value-name=tagged [find vlan-ids=700]],\"ether2\") [find vlan-ids=700]\n/interface/bridge/vlan set tagged=([get value-name=tagged [find vlan-ids=701]],\"ether2\") [find vlan-ids=701]\n/interface/bridge/port add bridge=switch interface=ether3 pvid=700\n/interface/bridge/vlan set untagged=([get value-name=untagged [find vlan-ids=700]],\"ether3\") [find vlan-ids=700]\n/interface/bridge/port add bridge=switch interface=ether4 pvid=701\n/interface/bridge/vlan set untagged=([get value-name=untagged [find vlan-ids=701]],\"ether4\") [find vlan-ids=701]\n"
}

TASK [Deploy vlan configuration] ***********************************************
included: /home/pipi/net101/tools/netsim/ansible/tasks/deploy-config/routeros7.yml for dut

TASK [load vlan from /work/netlab_cicd/node_files/dut/vlan] ********************
ok: [dut]

TASK [Run commands on CHR] *****************************************************
changed: [dut]

TASK [Figure out whether to deploy the module routing on current device] *******
ok: [dut]

TASK [Find configuration template for routing] *********************************
skipping: [dut]

TASK [fail] ********************************************************************
skipping: [dut]

TASK [Find configuration deployment deploy_script for routing] *****************
skipping: [dut]

TASK [Print deployed configuration when running in verbose mode] ***************
skipping: [dut]

TASK [Deploy routing configuration] ********************************************
skipping: [dut]

PLAY [Deploy custom deployment templates] **************************************
skipping: no hosts matched

PLAY RECAP *********************************************************************
dut                        : ok=20   changed=2    unreachable=0    failed=0    skipped=7    rescued=0    ignored=0   

Results of configuration script deployments
================================================================================
h1               Script:  initial,routing
h2               Script:  initial,routing
h3               Script:  initial,routing
h4               Script:  initial,routing
s2               Script:  normalize,initial,vlan


The devices under test are layer-3 switches bridging
between ports in the same VLAN and routing across VLANs.
One of the VLANs is a native VLAN on the trunk link.

* All hosts should be able to ping each other and
  switch interfaces in the same VLAN
* Hosts should be able to ping loopback address of the
  adjacent switch (static routes point to nearest router)

Please note it might take a while for the lab to work due to
STP learning phase

