[CONFIG]  h1: initial,routing,hosts,resolv
[CONFIG]  h2: initial,routing,hosts (shared),resolv
[CONFIG]  h3: initial,routing,hosts (shared),resolv
[CONFIG]  h4: initial,routing,hosts (shared),resolv
[CONFIG]  dut: initial,vlan
[CONFIG]  s2: normalize,initial,vlan
Created provider configuration file: Vagrantfile
Creating configuration file for secondary provider clab
Created provider configuration file: clab-augment.yml
Created pickled transformed topology data into netlab.snapshot.pickle
Created group_vars for all
Created group_vars for modules
Created group_vars for linux
Created host_vars for h1, h2, h3, h4
Created group_vars for routeros7
Created host_vars for dut
Created group_vars for eos
Created host_vars for s2
Created minimized Ansible inventory hosts.yml
Created Ansible configuration file: ansible.cfg
