Creating Device configuration snippets
[CREATED] dut: initial,vlan,ospf
[CREATED] s1: initial,vlan
[CREATED] s2: initial,vlan
[CREATED] r1: initial,ospf
[CREATED] r2: initial,ospf
Config Deploying device configurations
 [INFO] Executing initial configuration for node s1
 [INFO] Executing initial configuration for node s2
 [INFO] Executing initial configuration for node r1
 [INFO] Executing initial configuration for node r2
 [INFO] Executing ospf configuration for node r1
 [INFO] Executing ospf configuration for node r2
 [INFO] Executing vlan configuration for node s2
 [INFO] Executing vlan configuration for node s1
 [INFO] Starting Ansible playbook to deploy the rest of the
          configurations
[WARNING]: Found variable using reserved name: hosts

PLAY [Deploy initial device configuration] *************************************

TASK [Set variables that cannot be set with VARS] ******************************
ok: [dut]

TASK [Deploy initial configuration] ********************************************
included: /home/pipi/net101/tools/netsim/ansible/tasks/deploy-module.yml for dut

TASK [Figure out whether to deploy the module initial on current device] *******
ok: [dut]

TASK [Find configuration template for initial] *********************************
ok: [dut]

TASK [fail] ********************************************************************
skipping: [dut]

TASK [Find configuration deployment deploy_script for initial] *****************
ok: [dut]

TASK [Print deployed configuration when running in verbose mode] ***************
ok: [dut] => {
    "msg": "initial configuration for dut\n=========================================\n\n/system identity set name=\"dut\"\n\n/interface bridge add name=loopback protocol-mode=none\n\n\n/ip address add interface=loopback address=10.0.0.1/32\n\n\n/interface/bridge/add name=switch vlan-filtering=yes comment=\"Global Switch Bridge\"\n\n\n\n/interface/vlan/add name=ether2-701 vlan-id=701 interface=ether2\n/interface/vlan/add name=ether2-700 vlan-id=700 interface=ether2\n\n\n\n/interface ethernet set comment=\"dut -> s2\" ether2\n\n\n\n/interface ethernet set comment=\"dut -> [r2,s1,s2]\" ether2-701\n\n/ip address add interface=ether2-701 address=172.16.1.1/24\n/ip address set [find where interface=ether2-701] comment=\"dut -> [r2,s1,s2]\"\n\n\n/interface ethernet set comment=\"dut -> [r1,s1,s2]\" ether2-700\n\n/ip address add interface=ether2-700 address=172.16.0.1/24\n/ip address set [find where interface=ether2-700] comment=\"dut -> [r1,s1,s2]\"\n\n\n/ip neighbor discovery-settings set discover-interface-list=all\n"
}

TASK [Deploy initial configuration] ********************************************
included: /home/pipi/net101/tools/netsim/ansible/tasks/deploy-config/routeros7.yml for dut

TASK [load initial from /work/netlab_cicd/node_files/dut/initial] **************
ok: [dut]

TASK [Run commands on CHR] *****************************************************
changed: [dut]

PLAY [Deploy module-specific configurations] ***********************************

TASK [Set variables that cannot be set with VARS] ******************************
ok: [dut]

TASK [Deploy individual configuration modules] *********************************
included: /home/pipi/net101/tools/netsim/ansible/tasks/deploy-module.yml for dut => (item=vlan)
included: /home/pipi/net101/tools/netsim/ansible/tasks/deploy-module.yml for dut => (item=ospf)

TASK [Figure out whether to deploy the module vlan on current device] **********
ok: [dut]

TASK [Find configuration template for vlan] ************************************
ok: [dut]

TASK [fail] ********************************************************************
skipping: [dut]

TASK [Find configuration deployment deploy_script for vlan] ********************
ok: [dut]

TASK [Print deployed configuration when running in verbose mode] ***************
ok: [dut] => {
    "msg": "vlan configuration for dut\n=========================================\n\n\n\n"
}

TASK [Deploy vlan configuration] ***********************************************
included: /home/pipi/net101/tools/netsim/ansible/tasks/deploy-config/routeros7.yml for dut

TASK [load vlan from /work/netlab_cicd/node_files/dut/vlan] ********************
ok: [dut]

TASK [Run commands on CHR] *****************************************************
changed: [dut]

TASK [Figure out whether to deploy the module ospf on current device] **********
ok: [dut]

TASK [Find configuration template for ospf] ************************************
ok: [dut]

TASK [fail] ********************************************************************
skipping: [dut]

TASK [Find configuration deployment deploy_script for ospf] ********************
ok: [dut]

TASK [Print deployed configuration when running in verbose mode] ***************
ok: [dut] => {
    "msg": "ospf configuration for dut\n=========================================\n\n\n\n/routing/ospf/instance add name=default4 version=2 router-id=10.0.0.1 vrf=main\n\n/routing/ospf/area add instance=default4 name=\"main_2_0.0.0.0\" area-id=0.0.0.0\n\n\n\n\n\n\n\n\n/routing/ospf/interface-template add area=[/routing ospf area find area-id=0.0.0.0 and instance=default4] interface=loopback \n\n\n\n\n\n\n\n\n\n/routing/ospf/interface-template add area=[/routing ospf area find area-id=0.0.0.0 and instance=default4] interface=ether2-701 \n\n\n\n\n\n\n\n\n\n/routing/ospf/interface-template add area=[/routing ospf area find area-id=0.0.0.0 and instance=default4] interface=ether2-700 \n\n\n\n"
}

TASK [Deploy ospf configuration] ***********************************************
included: /home/pipi/net101/tools/netsim/ansible/tasks/deploy-config/routeros7.yml for dut

TASK [load ospf from /work/netlab_cicd/node_files/dut/ospf] ********************
ok: [dut]

TASK [Run commands on CHR] *****************************************************
changed: [dut]

PLAY [Deploy custom deployment templates] **************************************
skipping: no hosts matched

PLAY RECAP *********************************************************************
dut                        : ok=26   changed=3    unreachable=0    failed=0    skipped=3    rescued=0    ignored=0   

Results of configuration script deployments
================================================================================
s1               Script:  initial,vlan
s2               Script:  initial,vlan
r1               Script:  initial,ospf
r2               Script:  initial,ospf


A router-on-a-stick is attached to a VLAN trunk and runs OSPF
on all attached VLANs

* r1, r2, and dut should be able to ping each other

Please note it might take a while for the lab to work due to
STP and OSPF setup phase

