Creating Device configuration snippets
[CREATED] r1: initial,vlan,ospf,vrf
[CREATED] r2: initial,vlan,ospf,vrf
[CREATED] r3: initial,vlan,ospf,vrf
[CREATED] h1: initial,routing
[CREATED] h2: initial,routing
[CREATED] h3: initial,routing
[CREATED] h4: initial,routing
[CREATED] h5: initial,routing
Config Deploying device configurations
 [INFO] Executing initial configuration for node r2
 [INFO] Executing initial configuration for node h1 (namespace clab-
          ml-85-h1)
 [INFO] Executing initial configuration for node h2 (namespace clab-
          ml-85-h2)
 [INFO] Executing initial configuration for node h3 (namespace clab-
          ml-85-h3)
 [INFO] Executing initial configuration for node h4 (namespace clab-
          ml-85-h4)
 [INFO] Executing initial configuration for node h5 (namespace clab-
          ml-85-h5)
 [INFO] Executing routing configuration for node h2 (namespace clab-
          ml-85-h2)
 [INFO] Executing routing configuration for node h3 (namespace clab-
          ml-85-h3)
 [INFO] Executing routing configuration for node h1 (namespace clab-
          ml-85-h1)
 [INFO] Executing routing configuration for node h4 (namespace clab-
          ml-85-h4)
 [INFO] Executing routing configuration for node h5 (namespace clab-
          ml-85-h5)
 [INFO] Executing vlan configuration for node r2
 [INFO] Executing ospf configuration for node r2
 [INFO] Executing vrf configuration for node r2
 [INFO] Starting Ansible playbook to deploy the rest of the
          configurations
[WARNING]: Found variable using reserved name: hosts

PLAY [Deploy initial device configuration] *************************************

TASK [Set variables that cannot be set with VARS] ******************************
ok: [r1]
ok: [r3]

TASK [Normalize config on bridge-like devices] *********************************
included: /home/pipi/net101/tools/netsim/ansible/tasks/deploy-module.yml for r1, r3

TASK [Figure out whether to deploy the module normalize on current device] *****
ok: [r1]
ok: [r3]

TASK [Find configuration template for normalize] *******************************
ok: [r1]
ok: [r3]

TASK [fail] ********************************************************************
skipping: [r1]
skipping: [r3]

TASK [Find configuration deployment deploy_script for normalize] ***************
ok: [r1]
ok: [r3]

TASK [Print deployed configuration when running in verbose mode] ***************
skipping: [r1]
skipping: [r3]

TASK [Deploy normalize configuration] ******************************************
skipping: [r1]
skipping: [r3]

TASK [Deploy initial configuration] ********************************************
included: /home/pipi/net101/tools/netsim/ansible/tasks/deploy-module.yml for r1, r3

TASK [Figure out whether to deploy the module initial on current device] *******
ok: [r1]
ok: [r3]

TASK [Find configuration template for initial] *********************************
ok: [r1]
ok: [r3]

TASK [fail] ********************************************************************
skipping: [r1]
skipping: [r3]

TASK [Find configuration deployment deploy_script for initial] *****************
ok: [r1]
ok: [r3]

TASK [Print deployed configuration when running in verbose mode] ***************
ok: [r1] => {
    "msg": "initial configuration for r1\n=========================================\n\n/system identity set name=\"r1\"\n\n/interface bridge add name=loopback protocol-mode=none\n\n\n/ip address add interface=loopback address=10.0.0.1/32\n\n\n/interface/bridge/add name=switch vlan-filtering=yes comment=\"Global Switch Bridge\"\n\n\n\n/interface/vlan/add name=ether2-701 vlan-id=701 interface=ether2\n/interface/vlan/add name=ether2-700 vlan-id=700 interface=ether2\n\n\n\n/ip/vrf/add place-before=0 name=red interfaces=ether3,ether4,ether2-700\n\n\n\n/ip/vrf/add place-before=0 name=blue interfaces=ether5,ether2-701\n\n\n\n/interface ethernet set comment=\"r1 -> r2\" ether2\n\n\n\n/interface ethernet set comment=\"r1 -> h1 [stub]\" ether3\n\n/ip address add interface=ether3 address=172.16.0.1/24\n/ip address set [find where interface=ether3] comment=\"r1 -> h1 [stub]\"\n\n\n/interface ethernet set comment=\"r1 -> h5 [stub]\" ether4\n\n/ip address add interface=ether4 address=172.16.2.1/24\n/ip address set [find where interface=ether4] comment=\"r1 -> h5 [stub]\"\n\n\n/interface ethernet set comment=\"r1 -> h3 [stub]\" ether5\n\n/ip address add interface=ether5 address=172.16.3.1/24\n/ip address set [find where interface=ether5] comment=\"r1 -> h3 [stub]\"\n\n\n/interface ethernet set comment=\"r1 -> r2\" ether2-701\n\n/ip address add interface=ether2-701 address=10.1.0.1/30\n/ip address set [find where interface=ether2-701] comment=\"r1 -> r2\"\n\n\n/interface ethernet set comment=\"r1 -> r2\" ether2-700\n\n/ip address add interface=ether2-700 address=10.1.0.5/30\n/ip address set [find where interface=ether2-700] comment=\"r1 -> r2\"\n\n\n/ip neighbor discovery-settings set discover-interface-list=all\n"
}
ok: [r3] => {
    "msg": "initial configuration for r3\n=========================================\n\n/system identity set name=\"r3\"\n\n/interface bridge add name=loopback protocol-mode=none\n\n\n/ip address add interface=loopback address=10.0.0.3/32\n\n\n/interface/bridge/add name=switch vlan-filtering=yes comment=\"Global Switch Bridge\"\n\n\n\n/interface/vlan/add name=ether2-701 vlan-id=701 interface=ether2\n/interface/vlan/add name=ether2-700 vlan-id=700 interface=ether2\n\n\n\n/ip/vrf/add place-before=0 name=red interfaces=ether3,ether2-700\n\n\n\n/ip/vrf/add place-before=0 name=blue interfaces=ether4,ether2-701\n\n\n\n/interface ethernet set comment=\"r3 -> r2\" ether2\n\n\n\n/interface ethernet set comment=\"r3 -> h2 [stub]\" ether3\n\n/ip address add interface=ether3 address=172.16.1.3/24\n/ip address set [find where interface=ether3] comment=\"r3 -> h2 [stub]\"\n\n\n/interface ethernet set comment=\"r3 -> h4 [stub]\" ether4\n\n/ip address add interface=ether4 address=172.16.4.3/24\n/ip address set [find where interface=ether4] comment=\"r3 -> h4 [stub]\"\n\n\n/interface ethernet set comment=\"r3 -> r2\" ether2-701\n\n/ip address add interface=ether2-701 address=10.1.0.10/30\n/ip address set [find where interface=ether2-701] comment=\"r3 -> r2\"\n\n\n/interface ethernet set comment=\"r3 -> r2\" ether2-700\n\n/ip address add interface=ether2-700 address=10.1.0.14/30\n/ip address set [find where interface=ether2-700] comment=\"r3 -> r2\"\n\n\n/ip neighbor discovery-settings set discover-interface-list=all\n"
}

TASK [Deploy initial configuration] ********************************************
included: /home/pipi/net101/tools/netsim/ansible/tasks/deploy-config/routeros7.yml for r1, r3

TASK [load initial from /work/netlab_cicd/other_vm/node_files/r1/initial] ******
ok: [r1]
ok: [r3]

TASK [Run commands on CHR] *****************************************************
changed: [r3]
changed: [r1]

PLAY [Deploy module-specific configurations] ***********************************

TASK [Set variables that cannot be set with VARS] ******************************
ok: [r1]
ok: [r3]

TASK [Deploy individual configuration modules] *********************************
included: /home/pipi/net101/tools/netsim/ansible/tasks/deploy-module.yml for r1, r3 => (item=vlan)
included: /home/pipi/net101/tools/netsim/ansible/tasks/deploy-module.yml for r1, r3 => (item=routing)
included: /home/pipi/net101/tools/netsim/ansible/tasks/deploy-module.yml for r1, r3 => (item=ospf)
included: /home/pipi/net101/tools/netsim/ansible/tasks/deploy-module.yml for r1, r3 => (item=vrf)

TASK [Figure out whether to deploy the module vlan on current device] **********
ok: [r1]
ok: [r3]

TASK [Find configuration template for vlan] ************************************
ok: [r3]
ok: [r1]

TASK [fail] ********************************************************************
skipping: [r1]
skipping: [r3]

TASK [Find configuration deployment deploy_script for vlan] ********************
ok: [r1]
ok: [r3]

TASK [Print deployed configuration when running in verbose mode] ***************
ok: [r1] => {
    "msg": "vlan configuration for r1\n=========================================\n\n\n\n\n/interface/bridge/port add bridge=switch interface=ether3\n\n\n\n/interface/bridge/port add bridge=switch interface=ether4\n\n\n\n/interface/bridge/port add bridge=switch interface=ether5\n\n\n"
}
ok: [r3] => {
    "msg": "vlan configuration for r3\n=========================================\n\n\n\n\n/interface/bridge/port add bridge=switch interface=ether3\n\n\n\n/interface/bridge/port add bridge=switch interface=ether4\n\n\n"
}

TASK [Deploy vlan configuration] ***********************************************
included: /home/pipi/net101/tools/netsim/ansible/tasks/deploy-config/routeros7.yml for r1, r3

TASK [load vlan from /work/netlab_cicd/other_vm/node_files/r1/vlan] ************
ok: [r1]
ok: [r3]

TASK [Run commands on CHR] *****************************************************
changed: [r3]
changed: [r1]

TASK [Figure out whether to deploy the module routing on current device] *******
ok: [r1]
ok: [r3]

TASK [Find configuration template for routing] *********************************
skipping: [r1]
skipping: [r3]

TASK [fail] ********************************************************************
skipping: [r1]
skipping: [r3]

TASK [Find configuration deployment deploy_script for routing] *****************
skipping: [r1]
skipping: [r3]

TASK [Print deployed configuration when running in verbose mode] ***************
skipping: [r1]
skipping: [r3]

TASK [Deploy routing configuration] ********************************************
skipping: [r1]
skipping: [r3]

TASK [Figure out whether to deploy the module ospf on current device] **********
ok: [r1]
ok: [r3]

TASK [Find configuration template for ospf] ************************************
ok: [r1]
ok: [r3]

TASK [fail] ********************************************************************
skipping: [r1]
skipping: [r3]

TASK [Find configuration deployment deploy_script for ospf] ********************
ok: [r1]
ok: [r3]

TASK [Print deployed configuration when running in verbose mode] ***************
ok: [r1] => {
    "msg": "ospf configuration for r1\n=========================================\n\n\n"
}
ok: [r3] => {
    "msg": "ospf configuration for r3\n=========================================\n\n\n"
}

TASK [Deploy ospf configuration] ***********************************************
included: /home/pipi/net101/tools/netsim/ansible/tasks/deploy-config/routeros7.yml for r1, r3

TASK [load ospf from /work/netlab_cicd/other_vm/node_files/r1/ospf] ************
ok: [r1]
ok: [r3]

TASK [Run commands on CHR] *****************************************************
changed: [r1]
changed: [r3]

TASK [Figure out whether to deploy the module vrf on current device] ***********
ok: [r1]
ok: [r3]

TASK [Find configuration template for vrf] *************************************
ok: [r1]
ok: [r3]

TASK [fail] ********************************************************************
skipping: [r1]
skipping: [r3]

TASK [Find configuration deployment deploy_script for vrf] *********************
ok: [r1]
ok: [r3]

TASK [Print deployed configuration when running in verbose mode] ***************
ok: [r1] => {
    "msg": "vrf configuration for r1\n=========================================\n\n\n\n\n\n/routing/ospf/instance add name=default4_red version=2 router-id=10.0.0.1 vrf=red\n\n/routing/ospf/area add instance=default4_red name=\"red_2_0.0.0.0\" area-id=0.0.0.0\n\n\n\n\n\n\n\n\n/routing/ospf/interface-template add area=[/routing ospf area find area-id=0.0.0.0 and instance=default4_red] interface=ether3 passive type=ptp\n\n\n\n\n\n\n\n\n\n/routing/ospf/interface-template add area=[/routing ospf area find area-id=0.0.0.0 and instance=default4_red] interface=ether4 passive type=ptp\n\n\n\n\n\n\n\n\n\n/routing/ospf/interface-template add area=[/routing ospf area find area-id=0.0.0.0 and instance=default4_red] interface=ether2-700 type=ptp\n\n\n\n/routing/ospf/instance set [/routing/ospf/instance find name=default4_red] redistribute=bgp,bgp-mpls-vpn,vpn,connected,static routing-table=red\n\n\n\n/routing/ospf/instance add name=default4_blue version=2 router-id=10.0.0.1 vrf=blue\n\n/routing/ospf/area add instance=default4_blue name=\"blue_2_0.0.0.0\" area-id=0.0.0.0\n\n\n\n\n\n\n\n\n/routing/ospf/interface-template add area=[/routing ospf area find area-id=0.0.0.0 and instance=default4_blue] interface=ether5 passive type=ptp\n\n\n\n\n\n\n\n\n\n/routing/ospf/interface-template add area=[/routing ospf area find area-id=0.0.0.0 and instance=default4_blue] interface=ether2-701 type=ptp\n\n\n\n/routing/ospf/instance set [/routing/ospf/instance find name=default4_blue] redistribute=bgp,bgp-mpls-vpn,vpn,connected,static routing-table=blue\n"
}
ok: [r3] => {
    "msg": "vrf configuration for r3\n=========================================\n\n\n\n\n\n/routing/ospf/instance add name=default4_red version=2 router-id=10.0.0.3 vrf=red\n\n/routing/ospf/area add instance=default4_red name=\"red_2_0.0.0.0\" area-id=0.0.0.0\n\n\n\n\n\n\n\n\n/routing/ospf/interface-template add area=[/routing ospf area find area-id=0.0.0.0 and instance=default4_red] interface=ether3 passive type=ptp\n\n\n\n\n\n\n\n\n\n/routing/ospf/interface-template add area=[/routing ospf area find area-id=0.0.0.0 and instance=default4_red] interface=ether2-700 type=ptp\n\n\n\n/routing/ospf/instance set [/routing/ospf/instance find name=default4_red] redistribute=bgp,bgp-mpls-vpn,vpn,connected,static routing-table=red\n\n\n\n/routing/ospf/instance add name=default4_blue version=2 router-id=10.0.0.3 vrf=blue\n\n/routing/ospf/area add instance=default4_blue name=\"blue_2_0.0.0.0\" area-id=0.0.0.0\n\n\n\n\n\n\n\n\n/routing/ospf/interface-template add area=[/routing ospf area find area-id=0.0.0.0 and instance=default4_blue] interface=ether4 passive type=ptp\n\n\n\n\n\n\n\n\n\n/routing/ospf/interface-template add area=[/routing ospf area find area-id=0.0.0.0 and instance=default4_blue] interface=ether2-701 type=ptp\n\n\n\n/routing/ospf/instance set [/routing/ospf/instance find name=default4_blue] redistribute=bgp,bgp-mpls-vpn,vpn,connected,static routing-table=blue\n"
}

TASK [Deploy vrf configuration] ************************************************
included: /home/pipi/net101/tools/netsim/ansible/tasks/deploy-config/routeros7.yml for r1, r3

TASK [load vrf from /work/netlab_cicd/other_vm/node_files/r1/vrf] **************
ok: [r1]
ok: [r3]

TASK [Run commands on CHR] *****************************************************
changed: [r3]
changed: [r1]

PLAY [Deploy custom deployment templates] **************************************
skipping: no hosts matched

PLAY RECAP *********************************************************************
r1                         : ok=40   changed=4    unreachable=0    failed=0    skipped=12   rescued=0    ignored=0   
r3                         : ok=40   changed=4    unreachable=0    failed=0    skipped=12   rescued=0    ignored=0   

Results of configuration script deployments
================================================================================
r2               Script:  initial,vlan,ospf,vrf
h1               Script:  initial,routing
h2               Script:  initial,routing
h3               Script:  initial,routing
h4               Script:  initial,routing
h5               Script:  initial,routing


VRF lite implementation with VLAN trunks

* h1, h2, and h5 should be able to ping each other
* h3 and h4 should be able to ping each other

Please note it might take a while for the lab to work due to
STP and OSPF setup phase

