Using transformed lab topology from snapshot file netlab.snapshot.pickle
Checking virtualization provider installation
OK: libvirt installed and working correctly
OK: clab installed and working correctly
Starting libvirt nodes
creating libvirt management network nl_mgmt_17
provider libvirt: executing flock -E 42 /tmp/netlab.lock vagrant up --provider libvirt
Bringing machine 'dut_a' up with 'libvirt' provider...
Bringing machine 'dut_b' up with 'libvirt' provider...
==> dut_a: Checking if box 'mikrotik/chr7' version '7.21.4' is up to date...
[fog][WARNING] Unrecognized arguments: libvirt_ip_command
==> dut_a: Creating image (snapshot of base box volume).
==> dut_a: Creating domain with the following settings...
==> dut_a:  -- Name:              ml-17_dut_a
==> dut_b: Checking if box 'mikrotik/chr7' version '7.21.4' is up to date...
==> dut_a:  -- Description:       Source: /work/netlab_cicd/Vagrantfile
==> dut_a:  -- Domain type:       kvm
==> dut_a:  -- Cpus:              2
==> dut_a:  -- Feature:           acpi
==> dut_a:  -- Feature:           apic
[fog][WARNING] Unrecognized arguments: libvirt_ip_command
==> dut_a:  -- Feature:           pae
==> dut_b: Creating image (snapshot of base box volume).
==> dut_a:  -- Clock offset:      utc
==> dut_b: Creating domain with the following settings...
==> dut_a:  -- Memory:            256M
==> dut_b:  -- Name:              ml-17_dut_b
==> dut_a:  -- Management MAC:    ca:fe:00:01:00:00
==> dut_b:  -- Description:       Source: /work/netlab_cicd/Vagrantfile
==> dut_a:  -- Base box:          mikrotik/chr7
==> dut_b:  -- Domain type:       kvm
==> dut_a:  -- Storage pool:      default
==> dut_b:  -- Cpus:              2
==> dut_a:  -- Image(vda):        /var/lib/libvirt/images/ml-17_dut_a.img, virtio, 1G
==> dut_b:  -- Feature:           acpi
==> dut_a:  -- Disk driver opts:  cache='default'
==> dut_b:  -- Feature:           apic
==> dut_a:  -- Graphics Type:     vnc
==> dut_b:  -- Feature:           pae
==> dut_a:  -- Video Type:        cirrus
==> dut_b:  -- Clock offset:      utc
==> dut_a:  -- Video VRAM:        16384
==> dut_b:  -- Memory:            256M
==> dut_a:  -- Video 3D accel:    false
==> dut_b:  -- Management MAC:    ca:fe:00:03:00:00
==> dut_a:  -- Keymap:            en-us
==> dut_b:  -- Base box:          mikrotik/chr7
==> dut_a:  -- TPM Backend:       passthrough
==> dut_b:  -- Storage pool:      default
==> dut_a:  -- INPUT:             type=mouse, bus=ps2
==> dut_b:  -- Image(vda):        /var/lib/libvirt/images/ml-17_dut_b.img, virtio, 1G
==> dut_b:  -- Disk driver opts:  cache='default'
==> dut_b:  -- Graphics Type:     vnc
==> dut_b:  -- Video Type:        cirrus
==> dut_b:  -- Video VRAM:        16384
==> dut_b:  -- Video 3D accel:    false
==> dut_b:  -- Keymap:            en-us
==> dut_b:  -- TPM Backend:       passthrough
==> dut_b:  -- INPUT:             type=mouse, bus=ps2
==> dut_a: Creating shared folders metadata...
==> dut_b: Creating shared folders metadata...
==> dut_a: Starting domain.
==> dut_a: Domain launching with graphics connection settings...
==> dut_b: Starting domain.
==> dut_a:  -- Graphics Port:      5900
==> dut_b: Domain launching with graphics connection settings...
==> dut_a:  -- Graphics IP:        127.0.0.1
==> dut_b:  -- Graphics Port:      5901
==> dut_a:  -- Graphics Password:  Not defined
==> dut_b:  -- Graphics IP:        127.0.0.1
==> dut_a:  -- Graphics Websocket: 5700
==> dut_b:  -- Graphics Password:  Not defined
==> dut_a: Waiting for domain to get an IP address...
==> dut_b:  -- Graphics Websocket: 5701
==> dut_b: Waiting for domain to get an IP address...
==> dut_a: Waiting for machine to boot. This may take a few minutes...
==> dut_b: Waiting for machine to boot. This may take a few minutes...
    dut_a: SSH address: 192.168.17.101:22
    dut_b: SSH address: 192.168.17.103:22
    dut_a: SSH username: admin
    dut_b: SSH username: admin
    dut_a: SSH auth method: password
    dut_b: SSH auth method: password
==> dut_a: Machine booted and ready!
==> dut_b: Machine booted and ready!
Starting clab nodes
Recreating clab-augment.yml configuration file for clab provider
Created provider configuration file: clab-augment.yml
 [INFO] Setting containerlab runtime to docker
provider clab: executing flock -E 42 /tmp/netlab.lock containerlab deploy --reconfigure -t clab-augment.yml
07:23:06 INFO Containerlab started version=0.75.0
07:23:06 INFO Parsing & checking topology file=clab-augment.yml
07:23:06 INFO Removing directory path=/work/netlab_cicd/clab-ml-17
07:23:06 INFO Creating docker network name=nl_mgmt_17 IPv4 subnet=192.168.17.0/24 IPv6 subnet=fd00:df:1ab:17::/64 MTU=0
07:23:06 INFO Creating lab directory path=/work/netlab_cicd/clab-ml-17
07:23:06 INFO Creating container name=r2
07:23:06 INFO Creating container name=h2
07:23:06 INFO Creating container name=h5
07:23:06 INFO Creating container name=h4
07:23:06 INFO Creating container name=h3
07:23:06 INFO Creating container name=h1
07:23:07 INFO Created link: h3:eth1 ▪┄┄▪ virbr5:bni17n6i1
07:23:07 INFO Created link: r2:eth1 ▪┄┄▪ virbr1:bni17n2i1
07:23:07 INFO Created link: r2:eth2 ▪┄┄▪ virbr6:bni17n2i2
07:23:07 INFO Created link: h1:eth1 ▪┄┄▪ virbr2:bni17n4i1
07:23:07 INFO Created link: h2:eth1 ▪┄┄▪ virbr3:bni17n5i1
07:23:07 INFO Created link: h5:eth1 ▪┄┄▪ virbr4:bni17n8i1
07:23:07 INFO Created link: h4:eth1 ▪┄┄▪ virbr7:bni17n7i1
07:23:08 INFO Executed command node=r2 command="sleep 1" stdout=""
07:23:08 INFO Adding host entries path=/etc/hosts
07:23:08 INFO Adding SSH config for nodes path=/etc/ssh/ssh_config.d/clab-ml-17.conf
07:23:08 INFO containerlab version
  🎉=
  │ A newer containerlab version (0.78.0) is available!
  │ Release notes: https://containerlab.dev/rn/0.78/
  │ Run 'clab version upgrade' or see https://containerlab.dev/install/ for other installation options.
[1m╭[0m[1m───────────────[0m[1m┬[0m[1m──────────────────────────────[0m[1m┬[0m[1m─────────[0m[1m┬[0m[1m───────────────────[0m[1m╮[0m
[1m│[0m[1m      Name     [0m[1m│[0m[1m          Kind/Image          [0m[1m│[0m[1m  State  [0m[1m│[0m[1m   IPv4/6 Address  [0m[1m│[0m
[1m├[0m[1m───────────────[0m[1m┼[0m[1m──────────────────────────────[0m[1m┼[0m[1m─────────[0m[1m┼[0m[1m───────────────────[0m[1m┤[0m
│ clab-ml-17-h1 │ linux                        │ running │ 192.168.17.104    │
│               │ python:3.13-alpine           │         │ fd00:df:1ab:17::2 │
├───────────────┼──────────────────────────────┼─────────┼───────────────────┤
│ clab-ml-17-h2 │ linux                        │ running │ 192.168.17.105    │
│               │ python:3.13-alpine           │         │ fd00:df:1ab:17::3 │
├───────────────┼──────────────────────────────┼─────────┼───────────────────┤
│ clab-ml-17-h3 │ linux                        │ running │ 192.168.17.106    │
│               │ python:3.13-alpine           │         │ fd00:df:1ab:17::5 │
├───────────────┼──────────────────────────────┼─────────┼───────────────────┤
│ clab-ml-17-h4 │ linux                        │ running │ 192.168.17.107    │
│               │ python:3.13-alpine           │         │ fd00:df:1ab:17::6 │
├───────────────┼──────────────────────────────┼─────────┼───────────────────┤
│ clab-ml-17-h5 │ linux                        │ running │ 192.168.17.108    │
│               │ python:3.13-alpine           │         │ fd00:df:1ab:17::7 │
├───────────────┼──────────────────────────────┼─────────┼───────────────────┤
│ clab-ml-17-r2 │ linux                        │ running │ 192.168.17.102    │
│               │ quay.io/frrouting/frr:10.6.1 │         │ fd00:df:1ab:17::4 │
╰───────────────┴──────────────────────────────┴─────────┴───────────────────╯

Initial configuration skipped, run 'netlab initial' to configure the devices
