Creating Device configuration snippets
[CREATED] dut: initial,bgp,vrf
[CREATED] r1: initial,bgp
[CREATED] r2: initial,bgp
[CREATED] r3: initial,bgp
[CREATED] r4: initial,bgp
Config Deploying device configurations
 [INFO] Executing initial configuration for node r1
 [INFO] Executing initial configuration for node r2
 [INFO] Executing initial configuration for node r3
 [INFO] Executing initial configuration for node r4
 [INFO] Executing bgp configuration for node r1
 [INFO] Executing bgp configuration for node r2
 [INFO] Executing bgp configuration for node r4
 [INFO] Executing bgp configuration for node r3
 [INFO] Starting Ansible playbook to deploy the rest of the
          configurations
[WARNING]: Found variable using reserved name: hosts

PLAY [Deploy initial device configuration] *************************************

TASK [Set variables that cannot be set with VARS] ******************************
ok: [dut]

TASK [Normalize config on bridge-like devices] *********************************
included: /home/pipi/net101/tools/netsim/ansible/tasks/deploy-module.yml for dut

TASK [Figure out whether to deploy the module normalize on current device] *****
ok: [dut]

TASK [Find configuration template for normalize] *******************************
ok: [dut]

TASK [fail] ********************************************************************
skipping: [dut]

TASK [Find configuration deployment deploy_script for normalize] ***************
ok: [dut]

TASK [Print deployed configuration when running in verbose mode] ***************
skipping: [dut]

TASK [Deploy normalize configuration] ******************************************
skipping: [dut]

TASK [Deploy initial configuration] ********************************************
included: /home/pipi/net101/tools/netsim/ansible/tasks/deploy-module.yml for dut

TASK [Figure out whether to deploy the module initial on current device] *******
ok: [dut]

TASK [Find configuration template for initial] *********************************
ok: [dut]

TASK [fail] ********************************************************************
skipping: [dut]

TASK [Find configuration deployment deploy_script for initial] *****************
ok: [dut]

TASK [Print deployed configuration when running in verbose mode] ***************
ok: [dut] => {
    "msg": "initial configuration for dut\n=========================================\nhostname dut\n!\nlldp\n!\n\nvrf red\n    rd 65000:1\n!\n\n    address-family ipv4 unicast\n        route-target import 65000:1\n        route-target export 65000:1\n    exit-address-family\n\nvrf blue\n    rd 65000:2\n!\n\n    address-family ipv4 unicast\n        route-target import 65000:2\n        route-target export 65000:2\n    exit-address-family\n\n\n\ninterface mgmt\n    no lldp transmit\n    no lldp receive\n!\n\n\ninterface loopback 0\n    ip address 10.0.0.1/32\n    no shutdown\n!\n\ninterface 1/1/1\n    shutdown\n    mtu 9198\n    vrf attach red\n    description dut -> r1 [external]\n    ip address 10.1.0.1/30\n    no shutdown\n!\n\ninterface 1/1/2\n    shutdown\n    mtu 9198\n    vrf attach red\n    description dut -> r2 [external]\n    ip address 10.1.0.5/30\n    no shutdown\n!\n\ninterface 1/1/3\n    shutdown\n    mtu 9198\n    vrf attach blue\n    description dut -> r3 [external]\n    ip address 10.1.0.9/30\n    no shutdown\n!\n\ninterface 1/1/4\n    shutdown\n    mtu 9198\n    vrf attach blue\n    description dut -> r4 [external]\n    ip address 10.1.0.13/30\n    no shutdown\n!\n\ninterface loopback 1\n    vrf attach red\n    description VRF Loopback red\n    ip address 10.0.0.42/32\n    no shutdown\n!\n\ninterface loopback 2\n    vrf attach blue\n    description VRF Loopback blue\n    ip address 10.0.0.43/32\n    no shutdown\n!\n!\n"
}

TASK [Deploy initial configuration] ********************************************
included: /home/pipi/net101/tools/netsim/ansible/tasks/deploy-config/arubacx.yml for dut

TASK [tempfile] ****************************************************************
changed: [dut -> localhost]

TASK [template] ****************************************************************
changed: [dut -> localhost]

TASK [aoscx_config: deploying initial from /work/netlab_cicd/other_vm/node_files/dut/initial] ***
changed: [dut]

TASK [file] ********************************************************************
changed: [dut -> localhost]

PLAY [Deploy module-specific configurations] ***********************************

TASK [Set variables that cannot be set with VARS] ******************************
ok: [dut]

TASK [Deploy individual configuration modules] *********************************
included: /home/pipi/net101/tools/netsim/ansible/tasks/deploy-module.yml for dut => (item=bgp)
included: /home/pipi/net101/tools/netsim/ansible/tasks/deploy-module.yml for dut => (item=vrf)

TASK [Figure out whether to deploy the module bgp on current device] ***********
ok: [dut]

TASK [Find configuration template for bgp] *************************************
ok: [dut]

TASK [fail] ********************************************************************
skipping: [dut]

TASK [Find configuration deployment deploy_script for bgp] *********************
ok: [dut]

TASK [Print deployed configuration when running in verbose mode] ***************
ok: [dut] => {
    "msg": "bgp configuration for dut\n=========================================\n!\n!\nrouter bgp 65000\n  bgp log-neighbor-changes\n  timers bgp connect-retry 10\n  bgp router-id 10.0.0.1\n!\n  address-family ipv4 unicast\n!\n  network 10.0.0.1/32\n!\n"
}

TASK [Deploy bgp configuration] ************************************************
included: /home/pipi/net101/tools/netsim/ansible/tasks/deploy-config/arubacx.yml for dut

TASK [tempfile] ****************************************************************
changed: [dut -> localhost]

TASK [template] ****************************************************************
changed: [dut -> localhost]

TASK [aoscx_config: deploying bgp from /work/netlab_cicd/other_vm/node_files/dut/bgp] ***
changed: [dut]

TASK [file] ********************************************************************
changed: [dut -> localhost]

TASK [Figure out whether to deploy the module vrf on current device] ***********
ok: [dut]

TASK [Find configuration template for vrf] *************************************
ok: [dut]

TASK [fail] ********************************************************************
skipping: [dut]

TASK [Find configuration deployment deploy_script for vrf] *********************
ok: [dut]

TASK [Print deployed configuration when running in verbose mode] ***************
ok: [dut] => {
    "msg": "vrf configuration for dut\n=========================================\n\n!\nrouter bgp 65000\n vrf red\n  bgp router-id 10.42.0.1\n\n  neighbor 10.1.0.2 remote-as 65101\n  neighbor 10.1.0.2 description r1\n\n  neighbor 10.1.0.6 remote-as 65102\n  neighbor 10.1.0.6 description r2\n\n\n  address-family ipv4 unicast\n   redistribute local loopback\n   redistribute connected\n!\n   network 10.0.0.42/32\n!\n    neighbor 10.1.0.2 activate\n    neighbor 10.1.0.2 advertisement-interval 1\n    neighbor 10.1.0.2 send-community standard\n\n    neighbor 10.1.0.6 activate\n    neighbor 10.1.0.6 advertisement-interval 1\n    neighbor 10.1.0.6 send-community standard\n\n vrf blue\n  bgp router-id 10.0.0.1\n\n  neighbor 10.1.0.10 remote-as 65103\n  neighbor 10.1.0.10 description r3\n\n  neighbor 10.1.0.14 remote-as 65104\n  neighbor 10.1.0.14 description r4\n\n\n  address-family ipv4 unicast\n   redistribute local loopback\n   redistribute connected\n!\n   network 10.0.0.43/32\n!\n    neighbor 10.1.0.10 activate\n    neighbor 10.1.0.10 advertisement-interval 1\n    neighbor 10.1.0.10 send-community standard\n\n    neighbor 10.1.0.14 activate\n    neighbor 10.1.0.14 advertisement-interval 1\n    neighbor 10.1.0.14 send-community standard\n\n"
}

TASK [Deploy vrf configuration] ************************************************
included: /home/pipi/net101/tools/netsim/ansible/tasks/deploy-config/arubacx.yml for dut

TASK [tempfile] ****************************************************************
changed: [dut -> localhost]

TASK [template] ****************************************************************
changed: [dut -> localhost]

TASK [aoscx_config: deploying vrf from /work/netlab_cicd/other_vm/node_files/dut/vrf] ***
changed: [dut]

TASK [file] ********************************************************************
changed: [dut -> localhost]

PLAY [Deploy custom deployment templates] **************************************
skipping: no hosts matched

PLAY RECAP *********************************************************************
dut                        : ok=36   changed=12   unreachable=0    failed=0    skipped=6    rescued=0    ignored=0   

Results of configuration script deployments
================================================================================
r1               Script:  initial,bgp
r2               Script:  initial,bgp
r3               Script:  initial,bgp
r4               Script:  initial,bgp


The device under test has two VRFs with two interfaces in each VRF.
Routers are attached to those interfaces and run BGP with device under test.
Assuming the multi-vrf BGP test case succeeded, this one adds VRF loopback
interfaces advertised into BGP with network statements.

* r1 and r2 should be able to ping each other and rtr VRF loopback
* r3 and r4 should be able to ping each other and rtr VRF loopback
* r1 should not be able to reach r3

