Creating Device configuration snippets
[CREATED] dut: initial,ospf,vrf
[CREATED] r1: initial,ospf
[CREATED] r2: initial,ospf
[CREATED] srv: initial,ospf
Config Deploying device configurations
 [INFO] Executing initial configuration for node r1
 [INFO] Executing initial configuration for node r2
 [INFO] Executing initial configuration for node srv
 [INFO] Executing ospf configuration for node r2
 [INFO] Executing ospf configuration for node r1
 [INFO] Executing ospf configuration for node srv
 [INFO] Starting Ansible playbook to deploy the rest of the
          configurations
[WARNING]: Found variable using reserved name: hosts

PLAY [Deploy initial device configuration] *************************************

TASK [Set variables that cannot be set with VARS] ******************************
ok: [dut]

TASK [Normalize config on bridge-like devices] *********************************
included: /home/pipi/net101/tools/netsim/ansible/tasks/deploy-module.yml for dut

TASK [Figure out whether to deploy the module normalize on current device] *****
ok: [dut]

TASK [Find configuration template for normalize] *******************************
ok: [dut]

TASK [fail] ********************************************************************
skipping: [dut]

TASK [Find configuration deployment deploy_script for normalize] ***************
ok: [dut]

TASK [Print deployed configuration when running in verbose mode] ***************
skipping: [dut]

TASK [Deploy normalize configuration] ******************************************
skipping: [dut]

TASK [Deploy initial configuration] ********************************************
included: /home/pipi/net101/tools/netsim/ansible/tasks/deploy-module.yml for dut

TASK [Figure out whether to deploy the module initial on current device] *******
ok: [dut]

TASK [Find configuration template for initial] *********************************
ok: [dut]

TASK [fail] ********************************************************************
skipping: [dut]

TASK [Find configuration deployment deploy_script for initial] *****************
ok: [dut]

TASK [Print deployed configuration when running in verbose mode] ***************
ok: [dut] => {
    "msg": "initial configuration for dut\n=========================================\nhostname dut\n!\nlldp\n!\n\nvrf red\n    rd 65000:1\n!\n\n    address-family ipv4 unicast\n        route-target import 65000:1\n        route-target import 65000:3\n        route-target export 65000:1\n    exit-address-family\n\nvrf blue\n    rd 65000:2\n!\n\n    address-family ipv4 unicast\n        route-target import 65000:2\n        route-target import 65000:3\n        route-target export 65000:2\n    exit-address-family\n\nvrf common\n    rd 65000:3\n!\n\n    address-family ipv4 unicast\n        route-target import 65000:1\n        route-target import 65000:2\n        route-target import 65000:3\n        route-target export 65000:3\n    exit-address-family\n\n\n\ninterface mgmt\n    no lldp transmit\n    no lldp receive\n!\n\n\ninterface loopback 0\n    ip address 10.0.0.1/32\n    no shutdown\n!\n\ninterface 1/1/1\n    shutdown\n    mtu 9198\n    vrf attach red\n    ip mtu 1500\n    description dut -> r1\n    ip address 10.1.0.1/30\n    no shutdown\n!\n\ninterface 1/1/2\n    shutdown\n    mtu 9198\n    vrf attach blue\n    ip mtu 1500\n    description dut -> r2\n    ip address 10.1.0.5/30\n    no shutdown\n!\n\ninterface 1/1/3\n    shutdown\n    mtu 9198\n    vrf attach common\n    ip mtu 1500\n    description dut -> srv\n    ip address 10.1.0.9/30\n    no shutdown\n!\n!\n"
}

TASK [Deploy initial configuration] ********************************************
included: /home/pipi/net101/tools/netsim/ansible/tasks/deploy-config/arubacx.yml for dut

TASK [tempfile] ****************************************************************
changed: [dut -> localhost]

TASK [template] ****************************************************************
changed: [dut -> localhost]

TASK [aoscx_config: deploying initial from /work/netlab_cicd/other_vm/node_files/dut/initial] ***
changed: [dut]

TASK [file] ********************************************************************
changed: [dut -> localhost]

PLAY [Deploy module-specific configurations] ***********************************

TASK [Set variables that cannot be set with VARS] ******************************
ok: [dut]

TASK [Deploy individual configuration modules] *********************************
included: /home/pipi/net101/tools/netsim/ansible/tasks/deploy-module.yml for dut => (item=ospf)
included: /home/pipi/net101/tools/netsim/ansible/tasks/deploy-module.yml for dut => (item=vrf)

TASK [Figure out whether to deploy the module ospf on current device] **********
ok: [dut]

TASK [Find configuration template for ospf] ************************************
ok: [dut]

TASK [fail] ********************************************************************
skipping: [dut]

TASK [Find configuration deployment deploy_script for ospf] ********************
ok: [dut]

TASK [Print deployed configuration when running in verbose mode] ***************
ok: [dut] => {
    "msg": "ospf configuration for dut\n=========================================\n"
}

TASK [Deploy ospf configuration] ***********************************************
included: /home/pipi/net101/tools/netsim/ansible/tasks/deploy-config/arubacx.yml for dut

TASK [tempfile] ****************************************************************
changed: [dut -> localhost]

TASK [template] ****************************************************************
ok: [dut -> localhost]

TASK [aoscx_config: deploying ospf from /work/netlab_cicd/other_vm/node_files/dut/ospf] ***
ok: [dut]

TASK [file] ********************************************************************
changed: [dut -> localhost]

TASK [Figure out whether to deploy the module vrf on current device] ***********
ok: [dut]

TASK [Find configuration template for vrf] *************************************
ok: [dut]

TASK [fail] ********************************************************************
skipping: [dut]

TASK [Find configuration deployment deploy_script for vrf] *********************
ok: [dut]

TASK [Print deployed configuration when running in verbose mode] ***************
ok: [dut] => {
    "msg": "vrf configuration for dut\n=========================================\n\n!\nrouter ospf 2 vrf red\n    router-id 10.100.0.100\n\n\n\n redistribute bgp\n redistribute connected\n\n\n    area 0.0.0.0\n\n!\ninterface 1/1/1\n! dut -> r1\n    ip ospf 2 area 0.0.0.0\n    ip ospf network point-to-point\n!\n\n\n\n!\nrouter ospf 3 vrf blue\n    router-id 10.100.0.101\n\n\n\n redistribute bgp\n redistribute connected\n\n\n    area 0.0.0.0\n\n!\ninterface 1/1/2\n! dut -> r2\n    ip ospf 3 area 0.0.0.0\n    ip ospf network point-to-point\n!\n\n\n\n!\nrouter ospf 4 vrf common\n    router-id 10.100.0.102\n\n\n\n redistribute bgp\n redistribute connected\n\n\n    area 0.0.0.0\n\n!\ninterface 1/1/3\n! dut -> srv\n    ip ospf 4 area 0.0.0.0\n    ip ospf network point-to-point\n!\n\n\n\n!\nrouter bgp 65000\n vrf red\n  bgp router-id 10.0.0.1\n\n\n  address-family ipv4 unicast\n   redistribute local loopback\n   redistribute connected\n   redistribute ospf\n!\n!\n vrf blue\n  bgp router-id 10.0.0.1\n\n\n  address-family ipv4 unicast\n   redistribute local loopback\n   redistribute connected\n   redistribute ospf\n!\n!\n vrf common\n  bgp router-id 10.0.0.1\n\n\n  address-family ipv4 unicast\n   redistribute local loopback\n   redistribute connected\n   redistribute ospf\n!\n!\n"
}

TASK [Deploy vrf configuration] ************************************************
included: /home/pipi/net101/tools/netsim/ansible/tasks/deploy-config/arubacx.yml for dut

TASK [tempfile] ****************************************************************
changed: [dut -> localhost]

TASK [template] ****************************************************************
changed: [dut -> localhost]

TASK [aoscx_config: deploying vrf from /work/netlab_cicd/other_vm/node_files/dut/vrf] ***
changed: [dut]

TASK [file] ********************************************************************
changed: [dut -> localhost]

PLAY [Deploy custom deployment templates] **************************************
skipping: no hosts matched

PLAY RECAP *********************************************************************
dut                        : ok=36   changed=10   unreachable=0    failed=0    skipped=6    rescued=0    ignored=0   

Results of configuration script deployments
================================================================================
r1               Script:  initial,ospf
r2               Script:  initial,ospf
srv              Script:  initial,ospf


The device under test has two user VRFs and a common services VRF.
Routers are attached to those interfaces and run OSPF with device under test.

* r1 and r2 should be able to ping srv but not each other

