Using transformed lab topology from snapshot file netlab.snapshot.pickle
Checking virtualization provider installation
OK: libvirt installed and working correctly
OK: clab installed and working correctly
Starting libvirt nodes
creating libvirt management network nl_mgmt_32
provider libvirt: executing flock -E 42 /tmp/netlab.lock vagrant up --provider libvirt
Bringing machine 'dut' up with 'libvirt' provider...
==> dut: Checking if box 'vyos/current' version '20240817.00.20' is up to date...
[fog][WARNING] Unrecognized arguments: libvirt_ip_command
==> dut: Creating image (snapshot of base box volume).
==> dut: Creating domain with the following settings...
==> dut:  -- Name:              ml-32_dut
==> dut:  -- Description:       Source: /work/netlab_cicd/sample/Vagrantfile
==> dut:  -- Domain type:       kvm
==> dut:  -- Cpus:              2
==> dut:  -- Feature:           acpi
==> dut:  -- Feature:           apic
==> dut:  -- Feature:           pae
==> dut:  -- Clock offset:      utc
==> dut:  -- Memory:            1024M
==> dut:  -- Management MAC:    ca:fe:00:01:00:00
==> dut:  -- Base box:          vyos/current
==> dut:  -- Storage pool:      default
==> dut:  -- Image(vda):        /var/lib/libvirt/images/ml-32_dut.img, virtio, 10G
==> dut:  -- Disk driver opts:  cache='default'
==> dut:  -- Graphics Type:     vnc
==> dut:  -- Video Type:        cirrus
==> dut:  -- Video VRAM:        16384
==> dut:  -- Video 3D accel:    false
==> dut:  -- Keymap:            en-us
==> dut:  -- TPM Backend:       passthrough
==> dut:  -- INPUT:             type=mouse, bus=ps2
==> dut: Creating shared folders metadata...
==> dut: Starting domain.
==> dut: Domain launching with graphics connection settings...
==> dut:  -- Graphics Port:      5900
==> dut:  -- Graphics IP:        127.0.0.1
==> dut:  -- Graphics Password:  Not defined
==> dut:  -- Graphics Websocket: 5700
==> dut: Waiting for domain to get an IP address...
==> dut: Waiting for machine to boot. This may take a few minutes...
    dut: SSH address: 192.168.32.101:22
    dut: SSH username: vyos
    dut: SSH auth method: private key
    dut: Warning: Connection refused. Retrying...
    dut: 
    dut: Vagrant insecure key detected. Vagrant will automatically replace
    dut: this with a newly generated keypair for better security.
    dut: 
    dut: Inserting generated public key within guest...
    dut: Removing insecure key from the guest if it's present...
    dut: Key inserted! Disconnecting and reconnecting using new SSH key...
==> dut: Machine booted and ready!

==> dut: Machine 'dut' has a post `vagrant up` message. This is a message
==> dut: from the creator of the Vagrantfile, and not from Vagrant itself:
==> dut: 
==> dut: VyOS box. See https://app.vagrantup.com/vyos for help and bug reports
Starting clab nodes
Recreating clab-augment.yml configuration file for clab provider
Created provider configuration file: clab-augment.yml
provider clab: executing flock -E 42 /tmp/netlab.lock sudo -E containerlab deploy --reconfigure -t clab-augment.yml
14:48:32 INFO Containerlab started version=0.75.0
14:48:32 INFO Parsing & checking topology file=clab-augment.yml
14:48:32 INFO Removing directory path=/work/netlab_cicd/sample/clab-ml-32
14:48:32 INFO Creating docker network name=nl_mgmt_32 IPv4 subnet=192.168.32.0/24 IPv6 subnet="" MTU=0
14:48:32 INFO Creating lab directory path=/work/netlab_cicd/sample/clab-ml-32
14:48:32 INFO Creating container name=x1
14:48:32 INFO Created link: x1:eth1 ▪┄┄▪ virbr2:bni32n2i1
14:48:33 INFO Executed command node=x1 command="sleep 1" stdout=""
14:48:33 INFO Adding host entries path=/etc/hosts
14:48:33 INFO Adding SSH config for nodes path=/etc/ssh/ssh_config.d/clab-ml-32.conf
[1m╭[0m[1m───────────────[0m[1m┬[0m[1m──────────────────────────────[0m[1m┬[0m[1m─────────[0m[1m┬[0m[1m────────────────[0m[1m╮[0m
[1m│[0m[1m      Name     [0m[1m│[0m[1m          Kind/Image          [0m[1m│[0m[1m  State  [0m[1m│[0m[1m IPv4/6 Address [0m[1m│[0m
[1m├[0m[1m───────────────[0m[1m┼[0m[1m──────────────────────────────[0m[1m┼[0m[1m─────────[0m[1m┼[0m[1m────────────────[0m[1m┤[0m
│ clab-ml-32-x1 │ linux                        │ running │ 192.168.32.102 │
│               │ quay.io/frrouting/frr:10.6.1 │         │ N/A            │
╰───────────────┴──────────────────────────────┴─────────┴────────────────╯
Deploying initial device configurations
Creating Device configuration snippets
[CREATED] dut: initial,ospf
[CREATED] x1: initial,ospf
Config Deploying device configurations
 [INFO] Executing initial configuration for node x1
 [INFO] Executing ospf configuration for node x1
 [INFO] Starting Ansible playbook to deploy the rest of the
          configurations
[WARNING]: Found variable using reserved name: hosts

PLAY [Deploy initial device configuration] *************************************

TASK [Set variables that cannot be set with VARS] ******************************
ok: [dut]

TASK [Deploy initial configuration] ********************************************
included: /home/pipi/net101/tools/netsim/ansible/tasks/deploy-module.yml for dut

TASK [Figure out whether to deploy the module initial on current device] *******
ok: [dut]

TASK [Find configuration template for initial] *********************************
ok: [dut]

TASK [fail] ********************************************************************
skipping: [dut]

TASK [Find configuration deployment deploy_script for initial] *****************
ok: [dut]

TASK [Print deployed configuration when running in verbose mode] ***************
ok: [dut] => {
    "msg": "initial configuration for dut\n=========================================\nset system host-name 'dut'\n\n\nset interfaces dummy dum0 address 10.0.0.1/32\n\n\n\nset interfaces ethernet eth1 description 'dut -> x1'\n\nset interfaces ethernet eth1 mtu 1500\n\nset interfaces ethernet eth1 address 10.1.0.1/30\n\n\n\n\nset service lldp interface all\n>/dev/null 2>/dev/null set service lldp interface eth0 disable\n>/dev/null 2>/dev/null set service lldp interface eth0 mode disable\n\n\n\ncommit\n\n# Restart FRR to pick up the new hostname\nsudo service frr restart\n"
}

TASK [Deploy initial configuration] ********************************************
included: /home/pipi/net101/tools/netsim/ansible/tasks/deploy-config/vyos.yml for dut

TASK [set_fact] ****************************************************************
ok: [dut]

TASK [template] ****************************************************************
changed: [dut]

TASK [execute config-initial.sh to deploy initial config from /work/netlab_cicd/sample/node_files/dut/initial] ***
changed: [dut]

PLAY [Deploy module-specific configurations] ***********************************

TASK [Set variables that cannot be set with VARS] ******************************
ok: [dut]

TASK [Deploy individual configuration modules] *********************************
included: /home/pipi/net101/tools/netsim/ansible/tasks/deploy-module.yml for dut => (item=ospf)

TASK [Figure out whether to deploy the module ospf on current device] **********
ok: [dut]

TASK [Find configuration template for ospf] ************************************
ok: [dut]

TASK [fail] ********************************************************************
skipping: [dut]

TASK [Find configuration deployment deploy_script for ospf] ********************
ok: [dut]

TASK [Print deployed configuration when running in verbose mode] ***************
ok: [dut] => {
    "msg": "ospf configuration for dut\n=========================================\n\nset protocols ospf parameters router-id 10.0.0.1\n\n\n\n\nset protocols ospf interface dum0 passive\nset protocols ospf interface dum0 area 0.0.0.0\n\n\nset protocols ospf interface eth1 area 0.0.0.0\n\nset protocols ospf interface eth1 network point-to-point\n\n\n"
}

TASK [Deploy ospf configuration] ***********************************************
included: /home/pipi/net101/tools/netsim/ansible/tasks/deploy-config/vyos.yml for dut

TASK [set_fact] ****************************************************************
ok: [dut]

TASK [template] ****************************************************************
changed: [dut]

TASK [execute config-ospf.sh to deploy ospf config from /work/netlab_cicd/sample/node_files/dut/ospf] ***
changed: [dut]

PLAY [Deploy custom deployment templates] **************************************
skipping: no hosts matched

PLAY RECAP *********************************************************************
dut                        : ok=20   changed=4    unreachable=0    failed=0    skipped=2    rescued=0    ignored=0   

Results of configuration script deployments
================================================================================
x1               Script:  initial,ospf


OK: Lab devices configured


This topology tests the "start with with configuration reload" functionality.
You should:

* Start the lab with "netlab up"
* Save the configuration with "netlab collect -o saved"
* Stop the lab with "netlab down"
* Restart the lab with "netlab up --snapshot --reload saved"
* Validate the results with "netlab validate"

[WARNING]: Found variable using reserved name: hosts

PLAY [Collect device configurations] *******************************************

TASK [Set variables that cannot be set with VARS] ******************************
ok: [dut]
ok: [x1]

TASK [Create '/work/netlab_cicd/sample/saved' directory] ***********************
ok: [dut -> localhost]

TASK [Find configuration collection script] ************************************
ok: [dut]
ok: [x1]

TASK [Collect device configurations] *******************************************
included: /home/pipi/net101/tools/netsim/ansible/tasks/fetch-config/vyos.yml for dut
included: /home/pipi/net101/tools/netsim/ansible/tasks/fetch-config/frr.yml for x1

TASK [Collect VyOS configuration] **********************************************
changed: [dut]

TASK [set_fact] ****************************************************************
ok: [dut]

TASK [Save FRR running configuration to frr.conf] ******************************
changed: [x1]

TASK [Collect FRR configuration] ***********************************************
changed: [x1]

TASK [set_fact] ****************************************************************
ok: [x1]

TASK [Collect FRR daemons configuration] ***************************************
changed: [x1]

TASK [Save FRR daemons to /work/netlab_cicd/sample/saved/x1-daemons] ***********
changed: [x1 -> localhost]

TASK [Copy collected configuration to '/work/netlab_cicd/sample/saved' directory] ***
changed: [dut -> localhost]
changed: [x1 -> localhost]

PLAY RECAP *********************************************************************
dut                        : ok=7    changed=2    unreachable=0    failed=0    skipped=0    rescued=0    ignored=0   
x1                         : ok=9    changed=5    unreachable=0    failed=0    skipped=0    rescued=0    ignored=0   

cwd: /work/netlab_cicd/sample output: saved
Checking virtualization provider installation
OK: libvirt installed and working correctly
OK: clab installed and working correctly
Stopping clab nodes
provider clab: executing flock -E 42 /tmp/netlab.lock sudo -E containerlab destroy --cleanup -t clab-augment.yml
14:48:44 INFO Parsing & checking topology file=clab-augment.yml
14:48:44 INFO Parsing & checking topology file=clab-augment.yml
14:48:44 INFO Destroying lab name=ml-32
14:48:44 INFO Removed container name=clab-ml-32-x1
14:48:44 INFO Removing host entries path=/etc/hosts
14:48:44 INFO Removing SSH config path=/etc/ssh/ssh_config.d/clab-ml-32.conf

Stopping libvirt nodes
provider libvirt: executing flock -E 42 /tmp/netlab.lock vagrant destroy -f
[fog][WARNING] Unrecognized arguments: libvirt_ip_command
==> dut: Removing domain...
==> dut: Deleting the machine folder
