Creating Device configuration snippets
[CREATED] h1: initial
[CREATED] h2: initial
[CREATED] pe1: initial,isis,bgp,sr
[CREATED] pe2: initial,isis,bgp,sr
[CREATED] dut: normalize,initial,isis,sr
[CREATED] p2: initial,isis,sr
Checking Are lab devices ready to be configured?
 [INFO] Checking SSH server(s) on dut
Config Normalizing device configurations
netmiko:  [INFO] Sent normalize configuration to dut
Config Deploying device configurations
 [INFO] Executing initial configuration for node h1 (namespace clab-
          ml-17-h1)
 [INFO] Executing initial configuration for node h2 (namespace clab-
          ml-17-h2)
 [INFO] Executing initial configuration for node pe1
 [INFO] Executing initial configuration for node pe2
 [INFO] Executing initial configuration for node p2
 [INFO] Executing isis configuration for node pe1
 [INFO] Executing isis configuration for node pe2
 [INFO] Executing isis configuration for node p2
 [INFO] Executing bgp configuration for node pe2
 [INFO] Executing bgp configuration for node pe1
 [INFO] Executing sr configuration for node pe2
 [INFO] Executing sr configuration for node pe1
 [INFO] Executing sr configuration for node p2
netmiko:  [INFO] Sent initial configuration to dut
netmiko:  [INFO] Sent isis configuration to dut
netmiko:  [INFO] Sent sr configuration to dut

Results of configuration script deployments
================================================================================
h1               Script:  initial
h2               Script:  initial
pe1              Script:  initial,isis,bgp,sr
pe2              Script:  initial,isis,bgp,sr
dut              Script:  normalize,initial,isis,sr
p2               Script:  initial,isis,sr


The tested device (DUT) is a P-router running IS-IS and SR-MPLS in an
IPv6-only network. The validation test checks end-to-end connectivity across a
BGP-free MPLS core.

