Using transformed lab topology from snapshot file netlab.snapshot.pickle
Checking virtualization provider installation
OK: clab installed and working correctly
Starting clab nodes
provider clab: executing flock -E 42 /tmp/netlab.lock sudo -E containerlab deploy --reconfigure -t clab.yml
00:53:57 INFO Containerlab started version=0.75.0
00:53:57 INFO Parsing & checking topology file=clab.yml
00:53:57 INFO Removing directory path=/work/netlab_cicd/junos/clab-ml-31
00:53:57 INFO Creating docker network name=nl_mgmt_31 IPv4 subnet=192.168.31.0/24 IPv6 subnet="" MTU=0
00:53:57 INFO Creating lab directory path=/work/netlab_cicd/junos/clab-ml-31
00:53:57 INFO Creating container name=x2
00:53:57 INFO Creating container name=x1
00:53:57 INFO Creating container name=dut
00:53:58 INFO Created link: dut:eth2 ▪┄┄▪ ml-31_2:bni31n1i1
00:53:58 INFO Created link: dut:eth1 ▪┄┄▪ ml-31_1:bni31n1i0
00:53:58 INFO Created link: x1:eth2 ▪┄┄▪ ml-31_2:bni31n2i2
00:53:58 INFO Created link: x1:eth1 ▪┄┄▪ ml-31_1:bni31n2i1
00:53:58 INFO Created link: x2:eth1 ▪┄┄▪ ml-31_1:bni31n3i1
00:53:58 INFO Created link: x2:eth2 ▪┄┄▪ ml-31_2:bni31n3i2
00:54:03 INFO Executed command node=x1 command="sleep 1" stdout=""
00:54:03 INFO Executed command node=x2 command="sleep 1" stdout=""
00:54:03 INFO Adding host entries path=/etc/hosts
00:54:03 INFO Adding SSH config for nodes path=/etc/ssh/ssh_config.d/clab-ml-31.conf
[1m╭[0m[1m────────────────[0m[1m┬[0m[1m──────────────────────────────[0m[1m┬[0m[1m─────────[0m[1m┬[0m[1m────────────────[0m[1m╮[0m
[1m│[0m[1m      Name      [0m[1m│[0m[1m          Kind/Image          [0m[1m│[0m[1m  State  [0m[1m│[0m[1m IPv4/6 Address [0m[1m│[0m
[1m├[0m[1m────────────────[0m[1m┼[0m[1m──────────────────────────────[0m[1m┼[0m[1m─────────[0m[1m┼[0m[1m────────────────[0m[1m┤[0m
│ clab-ml-31-dut │ juniper_crpd                 │ running │ 192.168.31.101 │
│                │ crpd:25.2R1-S1.4             │         │ N/A            │
├────────────────┼──────────────────────────────┼─────────┼────────────────┤
│ clab-ml-31-x1  │ linux                        │ running │ 192.168.31.102 │
│                │ quay.io/frrouting/frr:10.6.1 │         │ N/A            │
├────────────────┼──────────────────────────────┼─────────┼────────────────┤
│ clab-ml-31-x2  │ linux                        │ running │ 192.168.31.103 │
│                │ quay.io/frrouting/frr:10.6.1 │         │ N/A            │
╰────────────────┴──────────────────────────────┴─────────┴────────────────╯

Initial configuration skipped, run 'netlab initial' to configure the devices
