Checking virtualization provider installation
OK: clab installed and working correctly
Stopping clab nodes
provider clab: executing flock -E 42 /tmp/netlab.lock sudo -E containerlab destroy --cleanup -t clab.yml
20:15:44 INFO Parsing & checking topology file=clab.yml
20:15:44 INFO Parsing & checking topology file=clab.yml
20:15:44 INFO Destroying lab name=ml-17
20:15:44 INFO Removed container name=clab-ml-17-r12
20:15:44 INFO Removed container name=clab-ml-17-r21
20:15:45 INFO Removed container name=clab-ml-17-v2
20:15:45 INFO Removed container name=clab-ml-17-r22
20:15:45 INFO Removed container name=clab-ml-17-rb
20:15:45 INFO Removed container name=clab-ml-17-v1
20:15:45 INFO Removed container name=clab-ml-17-dut
20:15:45 INFO Removed container name=clab-ml-17-r11
20:15:45 INFO Removing host entries path=/etc/hosts
20:15:45 INFO Removing SSH config path=/etc/ssh/ssh_config.d/clab-ml-17.conf
Cleanup configuration files
... removing clab.yml
... removing ansible.cfg
... removing hosts.yml
... removing directory tree group_vars
... removing directory tree host_vars
... removing directory tree node_files
... removing netlab.snapshot.pickle
