Creating Device configuration snippets
[CREATED] s1: normalize,initial,vlan
[CREATED] h1: initial,routing
[CREATED] h2: initial,routing
[CREATED] h3: initial,routing
Checking Are lab devices ready to be configured?
 [INFO] Checking SSH server(s) on s1
Config Deploying device configurations
 [INFO] Executing normalize configuration for node s1
 [INFO] Executing initial configuration for node h1 (namespace clab-
          ml-85-h1)
 [INFO] Executing initial configuration for node h2 (namespace clab-
          ml-85-h2)
 [INFO] Executing initial configuration for node h3 (namespace clab-
          ml-85-h3)
 [INFO] Executing routing configuration for node h1 (namespace clab-
          ml-85-h1)
 [INFO] Executing routing configuration for node h3 (namespace clab-
          ml-85-h3)
 [INFO] Executing routing configuration for node h2 (namespace clab-
          ml-85-h2)
 [INFO] Executing initial configuration for node s1
 [INFO] Executing vlan configuration for node s1

Results of configuration script deployments
================================================================================
s1               Script:  normalize,initial,vlan
h1               Script:  initial,routing
h2               Script:  initial,routing
h3               Script:  initial,routing


The device under test is a layer-3 switch bridging VLAN
between ports and having an IP address in the red VLAN

h1 and h2 should be able to ping s1 and each other

