Using transformed lab topology from snapshot file netlab.snapshot.pickle
Checking virtualization provider installation
OK: clab installed and working correctly
Starting clab nodes
provider clab: executing flock -E 42 /tmp/netlab.lock sudo -E containerlab deploy --reconfigure -t clab.yml
16:18:30 INFO Containerlab started version=0.75.0
16:18:30 INFO Parsing & checking topology file=clab.yml
16:18:30 INFO Removing directory path=/work/netlab_cicd/clab-ml-17
16:18:30 INFO Creating docker network name=nl_mgmt_17 IPv4 subnet=192.168.17.0/24 IPv6 subnet="" MTU=0
16:18:30 INFO Creating lab directory path=/work/netlab_cicd/clab-ml-17
16:18:30 INFO Creating container name=h3
16:18:30 INFO Creating container name=r2
16:18:30 INFO Creating container name=h4
16:18:30 INFO Creating container name=h2
16:18:30 INFO Creating container name=h1
16:18:30 INFO Creating container name=h5
16:18:30 INFO Creating container name=r3
16:18:31 INFO Creating container name=r1
16:18:32 INFO Created link: r2:eth2 ▪┄┄▪ r3:et1
16:18:32 INFO Created link: r1:et1 ▪┄┄▪ r2:eth1
16:18:32 INFO Created link: r3:et2 ▪┄┄▪ h2:eth1
16:18:32 INFO Created link: r1:et2 ▪┄┄▪ h1:eth1
16:18:32 INFO Created link: r3:et3 ▪┄┄▪ h4:eth1
16:18:32 INFO Running postdeploy actions for Arista cEOS 'r3' node
16:18:32 INFO Created link: r1:et3 ▪┄┄▪ h5:eth1
16:18:32 INFO Created link: r1:et4 ▪┄┄▪ h3:eth1
16:18:32 INFO Running postdeploy actions for Arista cEOS 'r1' node
16:18:49 INFO Executed command node=r2 command="sleep 1" stdout=""
16:18:49 INFO Adding host entries path=/etc/hosts
16:18:49 INFO Adding SSH config for nodes path=/etc/ssh/ssh_config.d/clab-ml-17.conf
16:18:49 INFO containerlab version
  🎉=
  │ A newer containerlab version (0.76.0) is available!
  │ Release notes: https://containerlab.dev/rn/0.76/
  │ Run 'clab version upgrade' or see https://containerlab.dev/install/ for other installation options.
[1m╭[0m[1m───────────────[0m[1m┬[0m[1m──────────────────────────────[0m[1m┬[0m[1m─────────[0m[1m┬[0m[1m────────────────[0m[1m╮[0m
[1m│[0m[1m      Name     [0m[1m│[0m[1m          Kind/Image          [0m[1m│[0m[1m  State  [0m[1m│[0m[1m IPv4/6 Address [0m[1m│[0m
[1m├[0m[1m───────────────[0m[1m┼[0m[1m──────────────────────────────[0m[1m┼[0m[1m─────────[0m[1m┼[0m[1m────────────────[0m[1m┤[0m
│ clab-ml-17-h1 │ linux                        │ running │ 192.168.17.104 │
│               │ python:3.13-alpine           │         │ N/A            │
├───────────────┼──────────────────────────────┼─────────┼────────────────┤
│ clab-ml-17-h2 │ linux                        │ running │ 192.168.17.105 │
│               │ python:3.13-alpine           │         │ N/A            │
├───────────────┼──────────────────────────────┼─────────┼────────────────┤
│ clab-ml-17-h3 │ linux                        │ running │ 192.168.17.106 │
│               │ python:3.13-alpine           │         │ N/A            │
├───────────────┼──────────────────────────────┼─────────┼────────────────┤
│ clab-ml-17-h4 │ linux                        │ running │ 192.168.17.107 │
│               │ python:3.13-alpine           │         │ N/A            │
├───────────────┼──────────────────────────────┼─────────┼────────────────┤
│ clab-ml-17-h5 │ linux                        │ running │ 192.168.17.108 │
│               │ python:3.13-alpine           │         │ N/A            │
├───────────────┼──────────────────────────────┼─────────┼────────────────┤
│ clab-ml-17-r1 │ ceos                         │ running │ 192.168.17.101 │
│               │ ceos:4.35.2F                 │         │ N/A            │
├───────────────┼──────────────────────────────┼─────────┼────────────────┤
│ clab-ml-17-r2 │ linux                        │ running │ 192.168.17.102 │
│               │ quay.io/frrouting/frr:10.6.1 │         │ N/A            │
├───────────────┼──────────────────────────────┼─────────┼────────────────┤
│ clab-ml-17-r3 │ ceos                         │ running │ 192.168.17.103 │
│               │ ceos:4.35.2F                 │         │ N/A            │
╰───────────────┴──────────────────────────────┴─────────┴────────────────╯

Initial configuration skipped, run 'netlab initial' to configure the devices
