Creating Device configuration snippets
[CREATED] r1: normalize,initial,vlan,ospf,vrf
[CREATED] r2: initial,vlan,ospf,vrf
[CREATED] r3: normalize,initial,vlan,ospf,vrf
[CREATED] h1: initial,routing
[CREATED] h2: initial,routing
[CREATED] h3: initial,routing
[CREATED] h4: initial,routing
[CREATED] h5: initial,routing
Checking Are lab devices ready to be configured?
 [INFO] Checking SSH server(s) on r1,r3
Config Deploying device configurations
 [INFO] Executing normalize configuration for node r1
 [INFO] Executing initial configuration for node r2
 [INFO] Executing normalize configuration for node r3
 [INFO] Executing initial configuration for node h1 (namespace clab-
          ml-85-h1)
 [INFO] Executing initial configuration for node h2 (namespace clab-
          ml-85-h2)
 [INFO] Executing initial configuration for node h3 (namespace clab-
          ml-85-h3)
 [INFO] Executing initial configuration for node h4 (namespace clab-
          ml-85-h4)
 [INFO] Executing initial configuration for node h5 (namespace clab-
          ml-85-h5)
 [INFO] Executing routing configuration for node h2 (namespace clab-
          ml-85-h2)
 [INFO] Executing routing configuration for node h3 (namespace clab-
          ml-85-h3)
 [INFO] Executing routing configuration for node h5 (namespace clab-
          ml-85-h5)
 [INFO] Executing routing configuration for node h4 (namespace clab-
          ml-85-h4)
 [INFO] Executing routing configuration for node h1 (namespace clab-
          ml-85-h1)
 [INFO] Executing vlan configuration for node r2
 [INFO] Executing ospf configuration for node r2
 [INFO] Executing vrf configuration for node r2
 [INFO] Executing initial configuration for node r3
 [INFO] Executing initial configuration for node r1
 [INFO] Executing vlan configuration for node r3
 [INFO] Executing ospf configuration for node r3
 [INFO] Executing vlan configuration for node r1
 [INFO] Executing vrf configuration for node r3
 [INFO] Executing ospf configuration for node r1
 [INFO] Executing vrf configuration for node r1

Results of configuration script deployments
================================================================================
r1               Script:  normalize,initial,vlan,ospf,vrf
r2               Script:  initial,vlan,ospf,vrf
r3               Script:  normalize,initial,vlan,ospf,vrf
h1               Script:  initial,routing
h2               Script:  initial,routing
h3               Script:  initial,routing
h4               Script:  initial,routing
h5               Script:  initial,routing


VRF lite implementation with VLAN trunks

* h1, h2, and h5 should be able to ping each other
* h3 and h4 should be able to ping each other

Please note it might take a while for the lab to work due to
STP and OSPF setup phase

