Using transformed lab topology from snapshot file netlab.snapshot.pickle
Checking virtualization provider installation
OK: clab installed and working correctly
Starting clab nodes
provider clab: executing sudo -E containerlab deploy --reconfigure -t clab.yml
10:45:00 INFO Containerlab started version=0.74.2
10:45:00 INFO Parsing & checking topology file=clab.yml
10:45:00 INFO Removing directory path=/work/netlab_cicd/other_c/clab-ml-85
10:45:00 INFO Creating docker network name=nl_mgmt_85 IPv4 subnet=192.168.85.0/24 IPv6 subnet="" MTU=0
10:45:00 INFO Creating lab directory path=/work/netlab_cicd/other_c/clab-ml-85
10:45:00 INFO Creating container name=r3
10:45:00 INFO Creating container name=s2
10:45:00 INFO Creating container name=d3
10:45:00 INFO Creating container name=s3
10:45:00 INFO Creating container name=d4
10:45:00 INFO Creating container name=r4
10:45:00 INFO Creating container name=r2
10:45:00 INFO Creating container name=s4
10:45:00 INFO Creating container name=d2
10:45:00 INFO Creating container name=r1
10:45:00 INFO Creating container name=d1
10:45:01 INFO Creating container name=s1
10:45:01 INFO Created link: s3:eth2 ▪┄┄▪ r3:eth1
10:45:02 INFO Created link: s3:eth3 ▪┄┄▪ d3:eth1
10:45:02 INFO Created link: s4:eth3 ▪┄┄▪ d4:eth1
10:45:02 INFO Created link: s2:eth3 ▪┄┄▪ d2:eth1
10:45:03 INFO Created link: s2:eth2 ▪┄┄▪ r2:eth1
10:45:03 INFO Created link: s4:eth2 ▪┄┄▪ r4:eth1
10:45:03 INFO Created link: s1:et1 ▪┄┄▪ s2:eth1
10:45:03 INFO Created link: s1:et2 ▪┄┄▪ s3:eth1
10:45:03 INFO Created link: s1:et3 ▪┄┄▪ s4:eth1
10:45:03 INFO Created link: s1:et4 ▪┄┄▪ r1:eth1
10:45:03 INFO Created link: s1:et5 ▪┄┄▪ d1:eth1
10:45:03 INFO Running postdeploy actions for Arista cEOS 's1' node
10:45:23 INFO Executed command node=s3 command="sleep 1" stdout=""
10:45:23 INFO Executed command node=s4 command="sleep 1" stdout=""
10:45:23 INFO Executed command node=s2 command="sleep 1" stdout=""
10:45:23 INFO Adding host entries path=/etc/hosts
10:45:23 INFO Adding SSH config for nodes path=/etc/ssh/ssh_config.d/clab-ml-85.conf
10:45:23 INFO containerlab version
  🎉=
  │ A newer containerlab version (0.74.3) is available!
  │ Release notes: https://containerlab.dev/rn/0.74/#0743
  │ Run 'clab version upgrade' or see https://containerlab.dev/install/ for other installation options.
[1m╭[0m[1m───────────────[0m[1m┬[0m[1m──────────────────────────────[0m[1m┬[0m[1m─────────[0m[1m┬[0m[1m────────────────[0m[1m╮[0m
[1m│[0m[1m      Name     [0m[1m│[0m[1m          Kind/Image          [0m[1m│[0m[1m  State  [0m[1m│[0m[1m IPv4/6 Address [0m[1m│[0m
[1m├[0m[1m───────────────[0m[1m┼[0m[1m──────────────────────────────[0m[1m┼[0m[1m─────────[0m[1m┼[0m[1m────────────────[0m[1m┤[0m
│ clab-ml-85-d1 │ linux                        │ running │ 192.168.85.109 │
│               │ python:3.13-alpine           │         │ N/A            │
├───────────────┼──────────────────────────────┼─────────┼────────────────┤
│ clab-ml-85-d2 │ linux                        │ running │ 192.168.85.110 │
│               │ python:3.13-alpine           │         │ N/A            │
├───────────────┼──────────────────────────────┼─────────┼────────────────┤
│ clab-ml-85-d3 │ linux                        │ running │ 192.168.85.111 │
│               │ python:3.13-alpine           │         │ N/A            │
├───────────────┼──────────────────────────────┼─────────┼────────────────┤
│ clab-ml-85-d4 │ linux                        │ running │ 192.168.85.112 │
│               │ python:3.13-alpine           │         │ N/A            │
├───────────────┼──────────────────────────────┼─────────┼────────────────┤
│ clab-ml-85-r1 │ linux                        │ running │ 192.168.85.105 │
│               │ python:3.13-alpine           │         │ N/A            │
├───────────────┼──────────────────────────────┼─────────┼────────────────┤
│ clab-ml-85-r2 │ linux                        │ running │ 192.168.85.106 │
│               │ python:3.13-alpine           │         │ N/A            │
├───────────────┼──────────────────────────────┼─────────┼────────────────┤
│ clab-ml-85-r3 │ linux                        │ running │ 192.168.85.107 │
│               │ python:3.13-alpine           │         │ N/A            │
├───────────────┼──────────────────────────────┼─────────┼────────────────┤
│ clab-ml-85-r4 │ linux                        │ running │ 192.168.85.108 │
│               │ python:3.13-alpine           │         │ N/A            │
├───────────────┼──────────────────────────────┼─────────┼────────────────┤
│ clab-ml-85-s1 │ ceos                         │ running │ 192.168.85.101 │
│               │ ceos:4.35.2F                 │         │ N/A            │
├───────────────┼──────────────────────────────┼─────────┼────────────────┤
│ clab-ml-85-s2 │ linux                        │ running │ 192.168.85.102 │
│               │ quay.io/frrouting/frr:10.6.0 │         │ N/A            │
├───────────────┼──────────────────────────────┼─────────┼────────────────┤
│ clab-ml-85-s3 │ linux                        │ running │ 192.168.85.103 │
│               │ quay.io/frrouting/frr:10.6.0 │         │ N/A            │
├───────────────┼──────────────────────────────┼─────────┼────────────────┤
│ clab-ml-85-s4 │ linux                        │ running │ 192.168.85.104 │
│               │ quay.io/frrouting/frr:10.6.0 │         │ N/A            │
╰───────────────┴──────────────────────────────┴─────────┴────────────────╯

Initial configuration skipped, run 'netlab initial' to configure the devices
