Checking virtualization provider installation
OK: clab installed and working correctly
Stopping clab nodes
provider clab: executing flock -E 42 /tmp/netlab.lock sudo -E containerlab destroy --cleanup -t clab.yml
16:21:31 INFO Parsing & checking topology file=clab.yml
16:21:31 INFO Parsing & checking topology file=clab.yml
16:21:31 INFO Destroying lab name=ml-17
16:21:32 INFO Removed container name=clab-ml-17-s3
16:21:32 INFO Removed container name=clab-ml-17-d3
16:21:32 INFO Removed container name=clab-ml-17-s4
16:21:33 INFO Removed container name=clab-ml-17-d1
16:21:33 INFO Removed container name=clab-ml-17-d4
16:21:33 INFO Removed container name=clab-ml-17-r2
16:21:33 INFO Removed container name=clab-ml-17-r4
16:21:33 INFO Removed container name=clab-ml-17-d2
16:21:33 INFO Removed container name=clab-ml-17-r3
16:21:33 INFO Removed container name=clab-ml-17-r1
16:21:33 INFO Removed container name=clab-ml-17-s2
16:21:33 INFO Removed container name=clab-ml-17-s1
16:21:33 INFO Removing host entries path=/etc/hosts
16:21:33 INFO Removing SSH config path=/etc/ssh/ssh_config.d/clab-ml-17.conf
Cleanup configuration files
... removing clab.yml
... removing ansible.cfg
... removing hosts.yml
... removing directory tree group_vars
... removing directory tree host_vars
... removing directory tree node_files
... removing netlab.snapshot.pickle
