Creating Device configuration snippets
[CREATED] dut: initial,bgp,vrf
[CREATED] r1: normalize,initial,bgp,bgp-xact
[CREATED] r2: normalize,initial,bgp,bgp-xact
[CREATED] r3: normalize,initial,bgp,bgp-xact
[CREATED] r4: normalize,initial,bgp,bgp-xact
Checking Are lab devices ready to be configured?
 [INFO] Checking SSH server(s) on r1,r2,r3,r4
[SSH]     SSH server on node r4 (device eos) is ready after 6.4 seconds
Config Normalizing device configurations
 [INFO] Executing normalize configuration for node r1
 [INFO] Executing normalize configuration for node r2
 [INFO] Executing normalize configuration for node r3
 [INFO] Executing normalize configuration for node r4
Config Deploying device configurations
 [INFO] Executing initial configuration for node r1
 [INFO] Executing initial configuration for node r2
 [INFO] Executing initial configuration for node r3
 [INFO] Executing initial configuration for node r4
 [INFO] Executing bgp configuration for node r3
 [INFO] Executing bgp configuration for node r1
 [INFO] Executing bgp configuration for node r2
 [INFO] Executing bgp configuration for node r4
 [INFO] Executing bgp-xact configuration for node r2
 [INFO] Executing bgp-xact configuration for node r4
 [INFO] Executing bgp-xact configuration for node r1
 [INFO] Executing bgp-xact configuration for node r3
 [INFO] Starting Ansible playbook to deploy the rest of the
          configurations
[WARNING]: Found variable using reserved name: hosts

PLAY [Deploy initial device configuration] *************************************

TASK [Set variables that cannot be set with VARS] ******************************
ok: [dut]

TASK [Deploy initial configuration] ********************************************
included: /home/pipi/netlab_gh/netsim/ansible/tasks/deploy-module.yml for dut

TASK [Figure out whether to deploy the module initial on current device] *******
ok: [dut]

TASK [Find configuration template for initial] *********************************
ok: [dut]

TASK [fail] ********************************************************************
skipping: [dut]

TASK [Find configuration deployment deploy_script for initial] *****************
ok: [dut]

TASK [Print deployed configuration when running in verbose mode] ***************
ok: [dut] => {
    "msg": "initial configuration for dut\n=========================================\n\n/system/identity set name=\"dut\"\n\n/interface/bridge add name=loopback protocol-mode=none\n\n# Host entries\n/ip/dns/static add name=dut-red address=10.1.0.1\n/ip/dns/static add name=dut-blue address=10.1.0.9\n/ip/dns/static add name=r1 address=10.0.0.11\n/ip/dns/static add name=r2 address=10.0.0.12\n/ip/dns/static add name=r3 address=10.0.0.23\n/ip/dns/static add name=r4 address=10.0.0.24\n/ip/dns/static add name=r1 address=2001:db8:1:b::1\n/ip/dns/static add name=r2 address=2001:db8:1:c::1\n/ip/dns/static add name=r3 address=2001:db8:1:17::1\n/ip/dns/static add name=r4 address=2001:db8:1:18::1\n\n/ip/address add interface=loopback address=10.0.0.1/32\n/ipv6/address add interface=loopback address=2001:db8:1:1::1/64\n\n/ip/vrf add place-before=0 name=red interfaces=ether2,ether3\n/ip/vrf add place-before=0 name=blue interfaces=ether4,ether5\n\n\n\n/interface/ethernet set comment=\"dut -> r1 [external]\" ether2\n/ip/address add interface=ether2 address=10.1.0.1/30\n/ip/address set [find where interface=ether2] comment=\"dut -> r1 [external]\"\n\n/interface/ethernet set comment=\"dut -> r2 [external]\" ether3\n/ip/address add interface=ether3 address=10.1.0.5/30\n/ip/address set [find where interface=ether3] comment=\"dut -> r2 [external]\"\n\n/interface/ethernet set comment=\"dut -> r3 [external]\" ether4\n/ip/address add interface=ether4 address=10.1.0.9/30\n/ip/address set [find where interface=ether4] comment=\"dut -> r3 [external]\"\n\n/interface/ethernet set comment=\"dut -> r4 [external]\" ether5\n/ip/address add interface=ether5 address=10.1.0.13/30\n/ip/address set [find where interface=ether5] comment=\"dut -> r4 [external]\"\n\n/ip/neighbor/discovery-settings set discover-interface-list=all\n"
}

TASK [Deploy initial configuration] ********************************************
included: /home/pipi/netlab_gh/netsim/ansible/tasks/deploy-config/routeros7.yml for dut

TASK [load initial from /work/netlab_cicd/node_files/dut/initial] **************
ok: [dut]

TASK [Run commands on CHR] *****************************************************
changed: [dut]

PLAY [Deploy module-specific configurations] ***********************************

TASK [Set variables that cannot be set with VARS] ******************************
ok: [dut]

TASK [Deploy individual configuration modules] *********************************
included: /home/pipi/netlab_gh/netsim/ansible/tasks/deploy-module.yml for dut => (item=bgp)
included: /home/pipi/netlab_gh/netsim/ansible/tasks/deploy-module.yml for dut => (item=vrf)

TASK [Figure out whether to deploy the module bgp on current device] ***********
ok: [dut]

TASK [Find configuration template for bgp] *************************************
ok: [dut]

TASK [fail] ********************************************************************
skipping: [dut]

TASK [Find configuration deployment deploy_script for bgp] *********************
ok: [dut]

TASK [Print deployed configuration when running in verbose mode] ***************
ok: [dut] => {
    "msg": "bgp configuration for dut\n=========================================\n\n/routing/bgp/template add name=main as=65000 output.network=bgp-networks\n/routing/bgp/instance add name=main as=65000\n\n/routing/bgp/instance set [/routing/bgp/instance find name=main] router-id=10.0.0.1\n\n\n/routing/filter/rule add chain=filter_rr_self_ebgp rule=\"return;\"\n\n/routing/filter/rule/add chain=rm_extended_communities rule=\"delete bgp-ext-communities rt; delete bgp-ext-communities soo; delete bgp-ext-communities other;\"\n/routing/filter/rule/add chain=rm_extended_communities rule=\"return;\"\n/routing/filter/rule/add chain=rm_large_communities rule=\"delete bgp-lrg-communities all;\"\n/routing/filter/rule/add chain=rm_large_communities rule=\"return;\"\n/routing/filter/rule/add chain=rm_standard_communities rule=\"delete bgp-std-communities other; delete bgp-ext-communities wk;\"\n/routing/filter/rule/add chain=rm_standard_communities rule=\"jump rm_large_communities;\"\n/routing/filter/rule/add chain=rm_standard_communities rule=\"return;\"\n\n\n\n\n# BGP Network now is controlled by simple ACL\n/ip/firewall/address-list add list=bgp-networks address=10.0.0.1/32\n\n\n# BGP Network now is controlled by simple ACL\n/ipv6/firewall/address-list add list=bgp-networks address=2001:db8:1:1::/64\n\n\n\n"
}

TASK [Deploy bgp configuration] ************************************************
included: /home/pipi/netlab_gh/netsim/ansible/tasks/deploy-config/routeros7.yml for dut

TASK [load bgp from /work/netlab_cicd/node_files/dut/bgp] **********************
ok: [dut]

TASK [Run commands on CHR] *****************************************************
changed: [dut]

TASK [Figure out whether to deploy the module vrf on current device] ***********
ok: [dut]

TASK [Find configuration template for vrf] *************************************
ok: [dut]

TASK [fail] ********************************************************************
skipping: [dut]

TASK [Find configuration deployment deploy_script for vrf] *********************
ok: [dut]

TASK [Print deployed configuration when running in verbose mode] ***************
ok: [dut] => {
    "msg": "vrf configuration for dut\n=========================================\n/routing/bgp/vpn add label-allocation-policy=per-vrf vrf=blue route-distinguisher=65000:2 import.route-targets=65000:2 export.route-targets=65000:2 instance=main export.redistribute=bgp,connected,ospf,static,vpn\n/routing/bgp/template add name=vrf_blue as=65000 output.network=bgp-networks-blue vrf=blue routing-table=blue output.redistribute=bgp,bgp-mpls-vpn,connected,ospf,static,vpn\n\n\n/routing/bgp/connection add template=vrf_blue instance=main name=10_1_0_10 remote.address=10.1.0.10 remote.as=65103 comment=\"r3\" local.role=ebgp\n/routing/filter/rule add chain=filter_10_1_0_10 rule=\"accept;\"\n/routing/bgp/connection set [/routing/bgp/connection find name=10_1_0_10] output.filter-chain=filter_10_1_0_10\n\n/routing/bgp/connection add template=vrf_blue instance=main name=10_1_0_14 remote.address=10.1.0.14 remote.as=65104 comment=\"r4\" local.role=ebgp\n/routing/filter/rule add chain=filter_10_1_0_14 rule=\"accept;\"\n/routing/bgp/connection set [/routing/bgp/connection find name=10_1_0_14] output.filter-chain=filter_10_1_0_14\n\n\n/routing/bgp/vpn add label-allocation-policy=per-vrf vrf=red route-distinguisher=65000:1 import.route-targets=65000:1 export.route-targets=65000:1 instance=main export.redistribute=bgp,connected,ospf,static,vpn\n/routing/bgp/template add name=vrf_red as=65000 output.network=bgp-networks-red vrf=red routing-table=red output.redistribute=bgp,bgp-mpls-vpn,connected,ospf,static,vpn\n\n\n/routing/bgp/connection add template=vrf_red instance=main name=10_1_0_2 remote.address=10.1.0.2 remote.as=65101 comment=\"r1\" local.role=ebgp\n/routing/filter/rule add chain=filter_10_1_0_2 rule=\"accept;\"\n/routing/bgp/connection set [/routing/bgp/connection find name=10_1_0_2] output.filter-chain=filter_10_1_0_2\n\n/routing/bgp/connection add template=vrf_red instance=main name=10_1_0_6 remote.address=10.1.0.6 remote.as=65102 comment=\"r2\" local.role=ebgp\n/routing/filter/rule add chain=filter_10_1_0_6 rule=\"accept;\"\n/routing/bgp/connection set [/routing/bgp/connection find name=10_1_0_6] output.filter-chain=filter_10_1_0_6\n\n\n\n"
}

TASK [Deploy vrf configuration] ************************************************
included: /home/pipi/netlab_gh/netsim/ansible/tasks/deploy-config/routeros7.yml for dut

TASK [load vrf from /work/netlab_cicd/node_files/dut/vrf] **********************
ok: [dut]

TASK [Run commands on CHR] *****************************************************
changed: [dut]

PLAY [Deploy custom deployment templates] **************************************
skipping: no hosts matched

PLAY RECAP *********************************************************************
dut                        : ok=26   changed=3    unreachable=0    failed=0    skipped=3    rescued=0    ignored=0   

Results of configuration script deployments
================================================================================
r1               Script:  normalize,initial,bgp,bgp-xact
r2               Script:  normalize,initial,bgp,bgp-xact
r3               Script:  normalize,initial,bgp,bgp-xact
r4               Script:  normalize,initial,bgp,bgp-xact


The device under test has two VRFs with two interfaces in each VRF.
Routers are attached to those interfaces and run BGP with device under test.
Assuming the multi-vrf test case succeeded, this one adds BGP routing with
CE routers.

* r1 and r2 should be able to ping each other
* r3 and r4 should be able to ping each other
* r1 should not be able to reach r3

The test also checks whether DUT unnecessarily enables IPv6 AF over IPv4
EBGP sessions

