Warning in adjust_test: routeros7 does not support configurable redistribution into VRF BGP instances
Warning in adjust_test: The BGP configuration template for routeros7 does not support VRF bgp.originate attribute
[CONFIG]  dut: initial,bgp,vrf
[CONFIG]  r1: initial,bgp,bgp-xact,daemons,hosts,resolv
[CONFIG]  r2: initial,bgp,bgp-xact,daemons,hosts (shared),resolv
[CONFIG]  r3: initial,bgp,bgp-xact,daemons,hosts (shared),resolv
[CONFIG]  r4: initial,bgp,bgp-xact,daemons,hosts (shared),resolv
Created provider configuration file: Vagrantfile
Creating configuration file for secondary provider clab
Created provider configuration file: clab-augment.yml
Created pickled transformed topology data into netlab.snapshot.pickle
Created group_vars for all
Created group_vars for modules
Created group_vars for custom_configs
Created group_vars for routeros7
Created host_vars for dut
Created group_vars for frr
Created host_vars for r1, r2, r3, r4
Created minimized Ansible inventory hosts.yml
Created Ansible configuration file: ansible.cfg
