Checking virtualization provider installation
OK: clab installed and working correctly
Stopping clab nodes
08:22:48 INFO Parsing & checking topology file=clab.yml
08:22:48 INFO Parsing & checking topology file=clab.yml
08:22:48 INFO Destroying lab name=ml-84
08:22:49 INFO Removed container name=clab-ml-84-ce1
08:22:49 INFO Removed container name=clab-ml-84-c1
08:22:49 INFO Removed container name=clab-ml-84-pe2
08:22:49 INFO Removed container name=clab-ml-84-dut
08:22:49 INFO Removing host entries path=/etc/hosts
08:22:49 INFO Removing SSH config path=/etc/ssh/ssh_config.d/clab-ml-84.conf
Cleanup configuration files
... removing clab.yml
... removing ansible.cfg
... removing hosts.yml
... removing directory tree group_vars
... removing directory tree host_vars
... removing directory tree node_files
... removing netlab.snapshot.pickle
