Using transformed lab topology from snapshot file netlab.snapshot.pickle
Checking virtualization provider installation
OK: clab installed and working correctly
Starting clab nodes
provider clab: executing sudo -E containerlab deploy --reconfigure -t clab.yml
04:42:45 INFO Containerlab started version=0.74.2
04:42:45 INFO Parsing & checking topology file=clab.yml
04:42:45 INFO Removing directory path=/work/netlab_cicd/clab-ml-17
04:42:45 INFO Creating docker network name=nl_mgmt_17 IPv4 subnet=192.168.17.0/24 IPv6 subnet="" MTU=0
04:42:45 INFO Creating lab directory path=/work/netlab_cicd/clab-ml-17
04:42:45 INFO Creating container name=rs
04:42:45 INFO Creating container name=r2
04:42:45 INFO Creating container name=r3
04:42:45 INFO Creating container name=dut
04:42:45 INFO Created link: dut:FH0_0_0_0 ▪┄┄▪ ml-17_1:bni17n1i0
04:42:46 INFO Created link: r2:eth1 ▪┄┄▪ ml-17_1:bni17n10i1
04:42:46 INFO Created link: dut:FH0_0_0_1 ▪┄┄▪ r3:eth1
04:42:46 INFO Created link: rs:eth1 ▪┄┄▪ ml-17_1:bni17n3i1
04:42:47 INFO Executed command node=rs command="sleep 1" stdout=""
04:42:47 INFO Executed command node=r2 command="sleep 1" stdout=""
04:42:47 INFO Executed command node=r3 command="sleep 1" stdout=""
04:42:47 INFO Adding host entries path=/etc/hosts
04:42:47 INFO Adding SSH config for nodes path=/etc/ssh/ssh_config.d/clab-ml-17.conf
04:42:47 INFO containerlab version
  🎉=
  │ A newer containerlab version (0.74.3) is available!
  │ Release notes: https://containerlab.dev/rn/0.74/#0743
  │ Run 'clab version upgrade' or see https://containerlab.dev/install/ for other installation options.
[1m╭[0m[1m────────────────[0m[1m┬[0m[1m──────────────────────────────[0m[1m┬[0m[1m─────────[0m[1m┬[0m[1m────────────────[0m[1m╮[0m
[1m│[0m[1m      Name      [0m[1m│[0m[1m          Kind/Image          [0m[1m│[0m[1m  State  [0m[1m│[0m[1m IPv4/6 Address [0m[1m│[0m
[1m├[0m[1m────────────────[0m[1m┼[0m[1m──────────────────────────────[0m[1m┼[0m[1m─────────[0m[1m┼[0m[1m────────────────[0m[1m┤[0m
│ clab-ml-17-dut │ cisco_c8000                  │ running │ 192.168.17.101 │
│                │ cisco/cisco-8201-32fh:24.4.1 │         │ N/A            │
├────────────────┼──────────────────────────────┼─────────┼────────────────┤
│ clab-ml-17-r2  │ linux                        │ running │ 192.168.17.110 │
│                │ quay.io/frrouting/frr:10.6.0 │         │ N/A            │
├────────────────┼──────────────────────────────┼─────────┼────────────────┤
│ clab-ml-17-r3  │ linux                        │ running │ 192.168.17.102 │
│                │ quay.io/frrouting/frr:10.6.0 │         │ N/A            │
├────────────────┼──────────────────────────────┼─────────┼────────────────┤
│ clab-ml-17-rs  │ linux                        │ running │ 192.168.17.103 │
│                │ quay.io/frrouting/frr:10.6.0 │         │ N/A            │
╰────────────────┴──────────────────────────────┴─────────┴────────────────╯

Initial configuration skipped, run 'netlab initial' to configure the devices
