Checking virtualization provider installation
OK: clab installed and working correctly
Stopping clab nodes
18:56:47 INFO Parsing & checking topology file=clab.yml
18:56:47 INFO Parsing & checking topology file=clab.yml
18:56:47 INFO Destroying lab name=ml-82
18:56:48 INFO Removed container name=clab-ml-82-h1
18:56:48 INFO Removed container name=clab-ml-82-h2
18:56:48 INFO Removed container name=clab-ml-82-br_a
18:56:48 INFO Removed container name=clab-ml-82-r2
18:56:50 INFO Removed container name=clab-ml-82-dut
18:56:50 INFO Removing host entries path=/etc/hosts
18:56:50 INFO Removing SSH config path=/etc/ssh/ssh_config.d/clab-ml-82.conf
Cleanup configuration files
... removing clab.yml
... removing ansible.cfg
... removing hosts.yml
... removing directory tree group_vars
... removing directory tree host_vars
... removing directory tree node_files
... removing netlab.snapshot.pickle
