Checking virtualization provider installation
OK: clab installed and working correctly
Stopping clab nodes
10:24:34 INFO Parsing & checking topology file=clab.yml
10:24:34 INFO Parsing & checking topology file=clab.yml
10:24:34 INFO Destroying lab name=ml-85
10:24:35 INFO Removed container name=clab-ml-85-c1
10:24:35 INFO Removed container name=clab-ml-85-pe2
10:24:35 INFO Removed container name=clab-ml-85-ce1
10:24:36 INFO Removed container name=clab-ml-85-dut
10:24:36 INFO Removing host entries path=/etc/hosts
10:24:36 INFO Removing SSH config path=/etc/ssh/ssh_config.d/clab-ml-85.conf
Cleanup configuration files
... removing clab.yml
... removing ansible.cfg
... removing hosts.yml
... removing directory tree group_vars
... removing directory tree host_vars
... removing directory tree node_files
... removing netlab.snapshot.pickle
