Creating Device configuration snippets
[CREATED] dut: normalize,initial,ospf,bfd
[CREATED] bb: initial,ospf,bfd
[CREATED] r1: initial,ospf,bfd
Config Normalizing device configurations
[WARNING]: Found variable using reserved name: hosts

PLAY [Normalize device configurations] *****************************************

TASK [Set variables that cannot be set with VARS] ******************************
ok: [dut]

TASK [Normalize config on bridge-like devices] *********************************
included: /home/pipi/net101/tools/netsim/ansible/tasks/deploy-module.yml for dut

TASK [Figure out whether to deploy the module normalize on current device] *****
ok: [dut]

TASK [Find configuration template for normalize] *******************************
ok: [dut]

TASK [fail] ********************************************************************
skipping: [dut]

TASK [Find configuration deployment deploy_script for normalize] ***************
ok: [dut]

TASK [Print deployed configuration when running in verbose mode] ***************
ok: [dut] => {
    "msg": "normalize configuration for dut\n=========================================\n!\ninterface ethernet1/1/1\n shutdown\n!\ninterface ethernet1/1/2\n shutdown\n!\ninterface ethernet1/1/3\n shutdown\n"
}

TASK [Deploy normalize configuration] ******************************************
included: /home/pipi/net101/tools/netsim/ansible/tasks/deploy-config/dellos10.yml for dut

TASK [wait_for_connection] *****************************************************
skipping: [dut]

TASK [dellos10_config: deploying normalize from /work/netlab_cicd/node_files/dut/normalize, save to startup=yes] ***
changed: [dut]

PLAY RECAP *********************************************************************
dut                        : ok=8    changed=1    unreachable=0    failed=0    skipped=2    rescued=0    ignored=0   

Config Deploying device configurations
 [INFO] Executing initial configuration for node bb
 [INFO] Executing initial configuration for node r1
 [INFO] Executing ospf configuration for node r1
 [INFO] Executing bfd configuration for node r1
 [INFO] Executing ospf configuration for node bb
 [INFO] Executing bfd configuration for node bb
 [INFO] Starting Ansible playbook to deploy the rest of the
          configurations
[WARNING]: Found variable using reserved name: hosts

PLAY [Deploy initial device configuration] *************************************

TASK [Set variables that cannot be set with VARS] ******************************
ok: [dut]

TASK [Deploy initial configuration] ********************************************
included: /home/pipi/net101/tools/netsim/ansible/tasks/deploy-module.yml for dut

TASK [Figure out whether to deploy the module initial on current device] *******
ok: [dut]

TASK [Find configuration template for initial] *********************************
ok: [dut]

TASK [fail] ********************************************************************
skipping: [dut]

TASK [Find configuration deployment deploy_script for initial] *****************
ok: [dut]

TASK [Print deployed configuration when running in verbose mode] ***************
ok: [dut] => {
    "msg": "initial configuration for dut\n=========================================\nhostname dut\n!\nlldp enable\n!\n!\n!\n!\ndefault mtu 1532\n!\ninterface mgmt1/1/1\n no lldp transmit\n no lldp receive\n!\ninterface loopback0\n no shutdown\n ipv6 address 2001:db8:1:1::1/64\n!\ninterface ethernet1/1/1\n no shutdown\n no switchport\n description \"dut -> bb\"\n ipv6 nd max-ra-interval 4\n ipv6 nd min-ra-interval 3\n ipv6 nd send-ra\n ipv6 address 2001:db8:3::1/64\n ipv6 unreachables\n!\ninterface ethernet1/1/2\n no shutdown\n no switchport\n description \"dut -> r1\"\n ipv6 nd max-ra-interval 4\n ipv6 nd min-ra-interval 3\n ipv6 nd send-ra\n ipv6 address 2001:db8:3:1::1/64\n ipv6 unreachables\n!\ninterface ethernet1/1/3\n no shutdown\n no switchport\n description \"dut -> stub [stub]\"\n ipv6 nd max-ra-interval 4\n ipv6 nd min-ra-interval 3\n ipv6 nd send-ra\n ipv6 address 2001:db8:2::1/64\n ipv6 unreachables\n!\n"
}

TASK [Deploy initial configuration] ********************************************
included: /home/pipi/net101/tools/netsim/ansible/tasks/deploy-config/dellos10.yml for dut

TASK [wait_for_connection] *****************************************************
skipping: [dut]

TASK [dellos10_config: deploying initial from /work/netlab_cicd/node_files/dut/initial, save to startup=yes] ***
changed: [dut]

PLAY [Deploy module-specific configurations] ***********************************

TASK [Set variables that cannot be set with VARS] ******************************
ok: [dut]

TASK [Deploy individual configuration modules] *********************************
included: /home/pipi/net101/tools/netsim/ansible/tasks/deploy-module.yml for dut => (item=bfd)
included: /home/pipi/net101/tools/netsim/ansible/tasks/deploy-module.yml for dut => (item=ospf)

TASK [Figure out whether to deploy the module bfd on current device] ***********
ok: [dut]

TASK [Find configuration template for bfd] *************************************
ok: [dut]

TASK [fail] ********************************************************************
skipping: [dut]

TASK [Find configuration deployment deploy_script for bfd] *********************
ok: [dut]

TASK [Print deployed configuration when running in verbose mode] ***************
ok: [dut] => {
    "msg": "bfd configuration for dut\n=========================================\n!\n! Dell OS10 only supports a single global configuration, not different timer intervals per interface\n!\nbfd interval 500 min_rx 500 multiplier 3 role active\nbfd enable\n"
}

TASK [Deploy bfd configuration] ************************************************
included: /home/pipi/net101/tools/netsim/ansible/tasks/deploy-config/dellos10.yml for dut

TASK [wait_for_connection] *****************************************************
skipping: [dut]

TASK [dellos10_config: deploying bfd from /work/netlab_cicd/node_files/dut/bfd, save to startup=yes] ***
changed: [dut]

TASK [Figure out whether to deploy the module ospf on current device] **********
ok: [dut]

TASK [Find configuration template for ospf] ************************************
ok: [dut]

TASK [fail] ********************************************************************
skipping: [dut]

TASK [Find configuration deployment deploy_script for ospf] ********************
ok: [dut]

TASK [Print deployed configuration when running in verbose mode] ***************
ok: [dut] => {
    "msg": "ospf configuration for dut\n=========================================\n\nrouter ospfv3 1\n router-id 10.0.0.1\n\n\n\ntimers spf 10 50 500\n!\ninterface loopback0\n ipv6 ospf 1 area 0.0.0.0\n ipv6 ospf passive\n!\ninterface ethernet1/1/1\n! dut -> bb\n ipv6 ospf 1 area 0.0.0.0\n ipv6 ospf network point-to-point\n ipv6 ospf bfd all-neighbors\n!\n\ninterface ethernet1/1/2\n! dut -> r1\n ipv6 ospf 1 area 0.0.0.1\n ipv6 ospf network broadcast\n ipv6 ospf cost 42\n ipv6 ospf bfd all-neighbors\n!\n\ninterface ethernet1/1/3\n! dut -> stub\n ipv6 ospf 1 area 0.0.0.0\n ipv6 ospf bfd all-neighbors\n ipv6 ospf passive\n!\n\n"
}

TASK [Deploy ospf configuration] ***********************************************
included: /home/pipi/net101/tools/netsim/ansible/tasks/deploy-config/dellos10.yml for dut

TASK [wait_for_connection] *****************************************************
skipping: [dut]

TASK [dellos10_config: deploying ospf from /work/netlab_cicd/node_files/dut/ospf, save to startup=yes] ***
changed: [dut]

PLAY [Deploy custom deployment templates] **************************************
skipping: no hosts matched

PLAY RECAP *********************************************************************
dut                        : ok=23   changed=3    unreachable=0    failed=0    skipped=6    rescued=0    ignored=0   

Results of configuration script deployments
================================================================================
bb               Script:  initial,ospf,bfd
r1               Script:  initial,ospf,bfd


This topology tests the OSPFv3 with BFD

* Multiple OSPF areas on ABR
* BFD enabled on all interfaces

