Creating Device configuration snippets
[CREATED] h1: initial,routing
[CREATED] h2: initial,routing
[CREATED] h3: initial,routing
[CREATED] s1: initial,vlan
Checking Are lab devices ready to be configured?
 [INFO] Checking SSH server(s) on s1
[SSH]     SSH server on node s1 (device nxos) is ready after 227.9 seconds
 [INFO] Checking lab devices with an Ansible playbook
[WARNING]: Found variable using reserved name: hosts

PLAY [Wait for SSH servers] ****************************************************

PLAY [Wait for device-specific conditions] *************************************

TASK [Set variables that cannot be set with VARS] ******************************
ok: [s1]

TASK [Find device readiness script] ********************************************
ok: [s1]

TASK [Wait for device to become ready] *****************************************
included: /home/pipi/netlab_gh/netsim/ansible/tasks/readiness-check/nxos.yml for s1

TASK [Wait for Eth1/1 to appear] ***********************************************
ok: [s1]

PLAY RECAP *********************************************************************
s1                         : ok=4    changed=0    unreachable=0    failed=0    skipped=0    rescued=0    ignored=0   

Config Deploying device configurations
 [INFO] Executing initial configuration for node h1 (namespace clab-
          ml-84-h1)
 [INFO] Executing initial configuration for node h2 (namespace clab-
          ml-84-h2)
 [INFO] Executing initial configuration for node h3 (namespace clab-
          ml-84-h3)
 [INFO] Executing routing configuration for node h1 (namespace clab-
          ml-84-h1)
 [INFO] Executing routing configuration for node h2 (namespace clab-
          ml-84-h2)
 [INFO] Executing routing configuration for node h3 (namespace clab-
          ml-84-h3)
 [INFO] Starting Ansible playbook to deploy the rest of the
          configurations
[WARNING]: Found variable using reserved name: hosts

PLAY [Deploy initial device configuration] *************************************

TASK [Set variables that cannot be set with VARS] ******************************
ok: [s1]

TASK [Normalize config on bridge-like devices] *********************************
included: /home/pipi/netlab_gh/netsim/ansible/tasks/deploy-module.yml for s1

TASK [Figure out whether to deploy the module normalize on current device] *****
ok: [s1]

TASK [Find configuration template for normalize] *******************************
ok: [s1]

TASK [fail] ********************************************************************
skipping: [s1]

TASK [Find configuration deployment deploy_script for normalize] ***************
ok: [s1]

TASK [Print deployed configuration when running in verbose mode] ***************
skipping: [s1]

TASK [Deploy normalize configuration] ******************************************
skipping: [s1]

TASK [Deploy initial configuration] ********************************************
included: /home/pipi/netlab_gh/netsim/ansible/tasks/deploy-module.yml for s1

TASK [Figure out whether to deploy the module initial on current device] *******
ok: [s1]

TASK [Find configuration template for initial] *********************************
ok: [s1]

TASK [fail] ********************************************************************
skipping: [s1]

TASK [Find configuration deployment deploy_script for initial] *****************
ok: [s1]

TASK [Print deployed configuration when running in verbose mode] ***************
ok: [s1] => {
    "msg": "initial configuration for s1\n=========================================\nhostname s1\n!\nno ip domain-lookup\n!\nfeature lldp\n!\nusername vagrant password vagrant\n!\nip host h1 172.16.0.1\nip host h2 172.16.0.2\nip host h3 172.16.1.3\n!\nfeature interface-vlan\n!\ninterface mgmt0\n no lldp transmit\n no lldp receive\n!\ninterface loopback0\n no shutdown\n ip address 10.0.0.4/32\n!\ninterface Ethernet1/1\n no shutdown\n no switchport\n mac-address caf0.0004.0001\n description s1 -> h3 [stub]\n ip address 172.16.1.4/24\n!\ninterface Ethernet1/2\n no shutdown\n no switchport\n description [Access VLAN red] s1 -> h1\n!\ninterface Ethernet1/3\n no shutdown\n no switchport\n description [Access VLAN red] s1 -> h2\n!\ninterface vlan700\n no shutdown\n description VLAN red (700) -> [h1,h2] [stub]\n!\n"
}

TASK [Deploy initial configuration] ********************************************
included: /home/pipi/netlab_gh/netsim/ansible/tasks/deploy-config/nxos.yml for s1

TASK [nxos_config: deploying initial from /work/netlab_cicd/cisco_c/node_files/s1/initial] ***
[WARNING]: To ensure idempotency and correct diff the input configuration lines
should be similar to how they appear if present in the running configuration on
device including the indentation
changed: [s1]

PLAY [Deploy module-specific configurations] ***********************************

TASK [Set variables that cannot be set with VARS] ******************************
ok: [s1]

TASK [Deploy individual configuration modules] *********************************
included: /home/pipi/netlab_gh/netsim/ansible/tasks/deploy-module.yml for s1 => (item=vlan)
included: /home/pipi/netlab_gh/netsim/ansible/tasks/deploy-module.yml for s1 => (item=routing)

TASK [Figure out whether to deploy the module vlan on current device] **********
ok: [s1]

TASK [Find configuration template for vlan] ************************************
ok: [s1]

TASK [fail] ********************************************************************
skipping: [s1]

TASK [Find configuration deployment deploy_script for vlan] ********************
ok: [s1]

TASK [Print deployed configuration when running in verbose mode] ***************
ok: [s1] => {
    "msg": "vlan configuration for s1\n=========================================\nvlan 700\n name red\n!\n\n!\ninterface Ethernet1/2\n switchport\n switchport mode access\n switchport access vlan 700\n!\ninterface Ethernet1/3\n switchport\n switchport mode access\n switchport access vlan 700\n!\ninterface vlan700\n"
}

TASK [Deploy vlan configuration] ***********************************************
included: /home/pipi/netlab_gh/netsim/ansible/tasks/deploy-config/nxos.yml for s1

TASK [nxos_config: deploying vlan from /work/netlab_cicd/cisco_c/node_files/s1/vlan] ***
changed: [s1]

TASK [Figure out whether to deploy the module routing on current device] *******
ok: [s1]

TASK [Find configuration template for routing] *********************************
skipping: [s1]

TASK [fail] ********************************************************************
skipping: [s1]

TASK [Find configuration deployment deploy_script for routing] *****************
skipping: [s1]

TASK [Print deployed configuration when running in verbose mode] ***************
skipping: [s1]

TASK [Deploy routing configuration] ********************************************
skipping: [s1]

PLAY [Deploy custom deployment templates] **************************************
skipping: no hosts matched

PLAY RECAP *********************************************************************
s1                         : ok=22   changed=2    unreachable=0    failed=0    skipped=10   rescued=0    ignored=0   

Results of configuration script deployments
================================================================================
h1               Script:  initial,routing
h2               Script:  initial,routing
h3               Script:  initial,routing


The device under test is a simple bridge without an IP address
in the red VLAN

h1 and h2 should be able to ping each other

