Creating Device configuration snippets
[CREATED] r1: initial,vlan,ospf,vrf
[CREATED] r2: initial,vlan,ospf,vrf
[CREATED] r3: initial,vlan,ospf,vrf
[CREATED] h1: initial,routing
[CREATED] h2: initial,routing
[CREATED] h3: initial,routing
[CREATED] h4: initial,routing
[CREATED] h5: initial,routing
Checking Are lab devices ready to be configured?
 [INFO] Checking SSH server(s) on r1,r3
[SSH]     SSH server on node r3 (device nxos) is ready after 231.6 seconds
[SSH]     SSH server on node r1 (device nxos) is ready after 236.3 seconds
 [INFO] Checking lab devices with an Ansible playbook
[WARNING]: Found variable using reserved name: hosts

PLAY [Wait for SSH servers] ****************************************************

PLAY [Wait for device-specific conditions] *************************************

TASK [Set variables that cannot be set with VARS] ******************************
ok: [r1]
ok: [r3]

TASK [Find device readiness script] ********************************************
ok: [r1]
ok: [r3]

TASK [Wait for device to become ready] *****************************************
included: /home/pipi/netlab_gh/netsim/ansible/tasks/readiness-check/nxos.yml for r1, r3

TASK [Wait for Eth1/1 to appear] ***********************************************
ok: [r1]
ok: [r3]

PLAY RECAP *********************************************************************
r1                         : ok=4    changed=0    unreachable=0    failed=0    skipped=0    rescued=0    ignored=0   
r3                         : ok=4    changed=0    unreachable=0    failed=0    skipped=0    rescued=0    ignored=0   

Config Deploying device configurations
 [INFO] Executing initial configuration for node r2
 [INFO] Executing initial configuration for node h1 (namespace clab-
          ml-84-h1)
 [INFO] Executing initial configuration for node h2 (namespace clab-
          ml-84-h2)
 [INFO] Executing initial configuration for node h3 (namespace clab-
          ml-84-h3)
 [INFO] Executing initial configuration for node h4 (namespace clab-
          ml-84-h4)
 [INFO] Executing initial configuration for node h5 (namespace clab-
          ml-84-h5)
 [INFO] Executing routing configuration for node h1 (namespace clab-
          ml-84-h1)
 [INFO] Executing routing configuration for node h2 (namespace clab-
          ml-84-h2)
 [INFO] Executing routing configuration for node h3 (namespace clab-
          ml-84-h3)
 [INFO] Executing routing configuration for node h5 (namespace clab-
          ml-84-h5)
 [INFO] Executing routing configuration for node h4 (namespace clab-
          ml-84-h4)
 [INFO] Executing vlan configuration for node r2
 [INFO] Executing ospf configuration for node r2
 [INFO] Executing vrf configuration for node r2
 [INFO] Starting Ansible playbook to deploy the rest of the
          configurations
[WARNING]: Found variable using reserved name: hosts

PLAY [Deploy initial device configuration] *************************************

TASK [Set variables that cannot be set with VARS] ******************************
ok: [r3]
ok: [r1]

TASK [Normalize config on bridge-like devices] *********************************
included: /home/pipi/netlab_gh/netsim/ansible/tasks/deploy-module.yml for r1, r3

TASK [Figure out whether to deploy the module normalize on current device] *****
ok: [r3]
ok: [r1]

TASK [Find configuration template for normalize] *******************************
ok: [r3]
ok: [r1]

TASK [fail] ********************************************************************
skipping: [r1]
skipping: [r3]

TASK [Find configuration deployment deploy_script for normalize] ***************
ok: [r3]
ok: [r1]

TASK [Print deployed configuration when running in verbose mode] ***************
skipping: [r1]
skipping: [r3]

TASK [Deploy normalize configuration] ******************************************
skipping: [r1]
skipping: [r3]

TASK [Deploy initial configuration] ********************************************
included: /home/pipi/netlab_gh/netsim/ansible/tasks/deploy-module.yml for r1, r3

TASK [Figure out whether to deploy the module initial on current device] *******
ok: [r1]
ok: [r3]

TASK [Find configuration template for initial] *********************************
ok: [r1]
ok: [r3]

TASK [fail] ********************************************************************
skipping: [r1]
skipping: [r3]

TASK [Find configuration deployment deploy_script for initial] *****************
ok: [r1]
ok: [r3]

TASK [Print deployed configuration when running in verbose mode] ***************
ok: [r1] => {
    "msg": "initial configuration for r1\n=========================================\nhostname r1\n!\nno ip domain-lookup\n!\nfeature lldp\n!\nusername vagrant password vagrant\n!\nip host h1 172.16.0.4\nip host h2 172.16.1.5\nip host h3 172.16.3.6\nip host h4 172.16.4.7\nip host h5 172.16.2.8\nip host r1-red 172.16.0.1\nip host r1-blue 172.16.3.1\nip host r2 10.0.0.2\nip host r2-blue 10.1.0.2\nip host r2-red 10.1.0.6\nip host r3 10.0.0.3\nip host r3-red 172.16.1.3\nip host r3-blue 172.16.4.3\n!\nfeature interface-vlan\n!\nfeature bgp\n!\nvrf context red\n  rd 65000:1\n  address-family ipv4 unicast\n    route-target import 65000:1\n    route-target export 65000:1\n  exit\nvrf context blue\n  rd 65000:2\n  address-family ipv4 unicast\n    route-target import 65000:2\n    route-target export 65000:2\n  exit\n!\n!\ninterface mgmt0\n no lldp transmit\n no lldp receive\n!\ninterface loopback0\n no shutdown\n ip address 10.0.0.1/32\n!\ninterface Ethernet1/1\n no shutdown\n no switchport\n mac-address caf0.0001.0001\n description r1 -> r2\n!\ninterface Ethernet1/2\n no shutdown\n no switchport\n mac-address caf0.0001.0002\n  vrf member red\n description r1 -> h1 [stub]\n ip address 172.16.0.1/24\n!\ninterface Ethernet1/3\n no shutdown\n no switchport\n mac-address caf0.0001.0003\n  vrf member red\n description r1 -> h5 [stub]\n ip address 172.16.2.1/24\n!\ninterface Ethernet1/4\n no shutdown\n no switchport\n mac-address caf0.0001.0004\n  vrf member blue\n description r1 -> h3 [stub]\n ip address 172.16.3.1/24\n!\ninterface Ethernet1/1.1\n no shutdown\n  vrf member blue\n description r1 -> r2\n ip address 10.1.0.1/30\n!\ninterface Ethernet1/1.2\n no shutdown\n  vrf member red\n description r1 -> r2\n ip address 10.1.0.5/30\n!\n"
}
ok: [r3] => {
    "msg": "initial configuration for r3\n=========================================\nhostname r3\n!\nno ip domain-lookup\n!\nfeature lldp\n!\nusername vagrant password vagrant\n!\nip host h1 172.16.0.4\nip host h2 172.16.1.5\nip host h3 172.16.3.6\nip host h4 172.16.4.7\nip host h5 172.16.2.8\nip host r1 10.0.0.1\nip host r1-red 172.16.0.1\nip host r1-blue 172.16.3.1\nip host r2 10.0.0.2\nip host r2-blue 10.1.0.2\nip host r2-red 10.1.0.6\nip host r3-red 172.16.1.3\nip host r3-blue 172.16.4.3\n!\nfeature interface-vlan\n!\nfeature bgp\n!\nvrf context red\n  rd 65000:1\n  address-family ipv4 unicast\n    route-target import 65000:1\n    route-target export 65000:1\n  exit\nvrf context blue\n  rd 65000:2\n  address-family ipv4 unicast\n    route-target import 65000:2\n    route-target export 65000:2\n  exit\n!\n!\ninterface mgmt0\n no lldp transmit\n no lldp receive\n!\ninterface loopback0\n no shutdown\n ip address 10.0.0.3/32\n!\ninterface Ethernet1/1\n no shutdown\n no switchport\n mac-address caf0.0003.0001\n description r3 -> r2\n!\ninterface Ethernet1/2\n no shutdown\n no switchport\n mac-address caf0.0003.0002\n  vrf member red\n description r3 -> h2 [stub]\n ip address 172.16.1.3/24\n!\ninterface Ethernet1/3\n no shutdown\n no switchport\n mac-address caf0.0003.0003\n  vrf member blue\n description r3 -> h4 [stub]\n ip address 172.16.4.3/24\n!\ninterface Ethernet1/1.1\n no shutdown\n  vrf member blue\n description r3 -> r2\n ip address 10.1.0.10/30\n!\ninterface Ethernet1/1.2\n no shutdown\n  vrf member red\n description r3 -> r2\n ip address 10.1.0.14/30\n!\n"
}

TASK [Deploy initial configuration] ********************************************
included: /home/pipi/netlab_gh/netsim/ansible/tasks/deploy-config/nxos.yml for r1, r3

TASK [nxos_config: deploying initial from /work/netlab_cicd/cisco_c/node_files/r1/initial] ***
[WARNING]: To ensure idempotency and correct diff the input configuration lines
should be similar to how they appear if present in the running configuration on
device including the indentation
changed: [r3]
changed: [r1]

PLAY [Deploy module-specific configurations] ***********************************

TASK [Set variables that cannot be set with VARS] ******************************
ok: [r1]
ok: [r3]

TASK [Deploy individual configuration modules] *********************************
included: /home/pipi/netlab_gh/netsim/ansible/tasks/deploy-module.yml for r1, r3 => (item=vlan)
included: /home/pipi/netlab_gh/netsim/ansible/tasks/deploy-module.yml for r1, r3 => (item=routing)
included: /home/pipi/netlab_gh/netsim/ansible/tasks/deploy-module.yml for r1, r3 => (item=ospf)
included: /home/pipi/netlab_gh/netsim/ansible/tasks/deploy-module.yml for r1, r3 => (item=vrf)

TASK [Figure out whether to deploy the module vlan on current device] **********
ok: [r1]
ok: [r3]

TASK [Find configuration template for vlan] ************************************
ok: [r1]
ok: [r3]

TASK [fail] ********************************************************************
skipping: [r1]
skipping: [r3]

TASK [Find configuration deployment deploy_script for vlan] ********************
ok: [r1]
ok: [r3]

TASK [Print deployed configuration when running in verbose mode] ***************
ok: [r1] => {
    "msg": "vlan configuration for r1\n=========================================\nvlan 700\n name red\n!\nvlan 701\n name blue\n!\n\n!\ninterface Ethernet1/2\n!\ninterface Ethernet1/3\n!\ninterface Ethernet1/4\n!\ninterface Ethernet1/1.1\n encapsulation dot1q 701\n!\ninterface Ethernet1/1.2\n encapsulation dot1q 700\n"
}
ok: [r3] => {
    "msg": "vlan configuration for r3\n=========================================\nvlan 700\n name red\n!\nvlan 701\n name blue\n!\n\n!\ninterface Ethernet1/2\n!\ninterface Ethernet1/3\n!\ninterface Ethernet1/1.1\n encapsulation dot1q 701\n!\ninterface Ethernet1/1.2\n encapsulation dot1q 700\n"
}

TASK [Deploy vlan configuration] ***********************************************
included: /home/pipi/netlab_gh/netsim/ansible/tasks/deploy-config/nxos.yml for r1, r3

TASK [nxos_config: deploying vlan from /work/netlab_cicd/cisco_c/node_files/r1/vlan] ***
changed: [r1]
changed: [r3]

TASK [Figure out whether to deploy the module routing on current device] *******
ok: [r1]
ok: [r3]

TASK [Find configuration template for routing] *********************************
skipping: [r1]
skipping: [r3]

TASK [fail] ********************************************************************
skipping: [r1]
skipping: [r3]

TASK [Find configuration deployment deploy_script for routing] *****************
skipping: [r1]
skipping: [r3]

TASK [Print deployed configuration when running in verbose mode] ***************
skipping: [r1]
skipping: [r3]

TASK [Deploy routing configuration] ********************************************
skipping: [r1]
skipping: [r3]

TASK [Figure out whether to deploy the module ospf on current device] **********
ok: [r1]
ok: [r3]

TASK [Find configuration template for ospf] ************************************
ok: [r1]
ok: [r3]

TASK [fail] ********************************************************************
skipping: [r1]
skipping: [r3]

TASK [Find configuration deployment deploy_script for ospf] ********************
ok: [r1]
ok: [r3]

TASK [Print deployed configuration when running in verbose mode] ***************
ok: [r1] => {
    "msg": "ospf configuration for r1\n=========================================\n"
}
ok: [r3] => {
    "msg": "ospf configuration for r3\n=========================================\n"
}

TASK [Deploy ospf configuration] ***********************************************
included: /home/pipi/netlab_gh/netsim/ansible/tasks/deploy-config/nxos.yml for r1, r3

TASK [nxos_config: deploying ospf from /work/netlab_cicd/cisco_c/node_files/r1/ospf] ***
ok: [r3]
ok: [r1]

TASK [Figure out whether to deploy the module vrf on current device] ***********
ok: [r1]
ok: [r3]

TASK [Find configuration template for vrf] *************************************
ok: [r1]
ok: [r3]

TASK [fail] ********************************************************************
skipping: [r1]
skipping: [r3]

TASK [Find configuration deployment deploy_script for vrf] *********************
ok: [r1]
ok: [r3]

TASK [Print deployed configuration when running in verbose mode] ***************
ok: [r1] => {
    "msg": "vrf configuration for r1\n=========================================\n!\nroute-map all\n!\nroute-map all-int permit 10\n  match route-type internal\n!  \nroute-map all-int permit 20\n  match route-type external\n!\nfeature ospf\n!\nrouter ospf 100\n vrf red\n  timers throttle spf 100 200 500\n  timers throttle lsa 0 100 500\n  router-id 10.0.0.1\n!\n  redistribute direct route-map all\n!\ninterface Ethernet1/2\n! r1 -> h1\n ip router ospf 100 area 0.0.0.0\n ip ospf network point-to-point\n ip ospf passive-interface\n!\ninterface Ethernet1/3\n! r1 -> h5\n ip router ospf 100 area 0.0.0.0\n ip ospf network point-to-point\n ip ospf passive-interface\n!\ninterface Ethernet1/1.2\n! r1 -> r2\n ip router ospf 100 area 0.0.0.0\n ip ospf network point-to-point\n!\n!\nroute-map all\n!\nroute-map all-int permit 10\n  match route-type internal\n!  \nroute-map all-int permit 20\n  match route-type external\n!\nfeature ospf\n!\nrouter ospf 101\n vrf blue\n  timers throttle spf 100 200 500\n  timers throttle lsa 0 100 500\n  router-id 10.0.0.1\n!\n  redistribute direct route-map all\n!\ninterface Ethernet1/4\n! r1 -> h3\n ip router ospf 101 area 0.0.0.0\n ip ospf network point-to-point\n ip ospf passive-interface\n!\ninterface Ethernet1/1.1\n! r1 -> r2\n ip router ospf 101 area 0.0.0.0\n ip ospf network point-to-point\n!\n"
}
ok: [r3] => {
    "msg": "vrf configuration for r3\n=========================================\n!\nroute-map all\n!\nroute-map all-int permit 10\n  match route-type internal\n!  \nroute-map all-int permit 20\n  match route-type external\n!\nfeature ospf\n!\nrouter ospf 100\n vrf red\n  timers throttle spf 100 200 500\n  timers throttle lsa 0 100 500\n  router-id 10.0.0.3\n!\n  redistribute direct route-map all\n!\ninterface Ethernet1/2\n! r3 -> h2\n ip router ospf 100 area 0.0.0.0\n ip ospf network point-to-point\n ip ospf passive-interface\n!\ninterface Ethernet1/1.2\n! r3 -> r2\n ip router ospf 100 area 0.0.0.0\n ip ospf network point-to-point\n!\n!\nroute-map all\n!\nroute-map all-int permit 10\n  match route-type internal\n!  \nroute-map all-int permit 20\n  match route-type external\n!\nfeature ospf\n!\nrouter ospf 101\n vrf blue\n  timers throttle spf 100 200 500\n  timers throttle lsa 0 100 500\n  router-id 10.0.0.3\n!\n  redistribute direct route-map all\n!\ninterface Ethernet1/3\n! r3 -> h4\n ip router ospf 101 area 0.0.0.0\n ip ospf network point-to-point\n ip ospf passive-interface\n!\ninterface Ethernet1/1.1\n! r3 -> r2\n ip router ospf 101 area 0.0.0.0\n ip ospf network point-to-point\n!\n"
}

TASK [Deploy vrf configuration] ************************************************
included: /home/pipi/netlab_gh/netsim/ansible/tasks/deploy-config/nxos.yml for r1, r3

TASK [nxos_config: deploying vrf from /work/netlab_cicd/cisco_c/node_files/r1/vrf] ***
changed: [r3]
changed: [r1]

PLAY [Deploy custom deployment templates] **************************************
skipping: no hosts matched

PLAY RECAP *********************************************************************
r1                         : ok=36   changed=3    unreachable=0    failed=0    skipped=12   rescued=0    ignored=0   
r3                         : ok=36   changed=3    unreachable=0    failed=0    skipped=12   rescued=0    ignored=0   

Results of configuration script deployments
================================================================================
r2               Script:  initial,vlan,ospf,vrf
h1               Script:  initial,routing
h2               Script:  initial,routing
h3               Script:  initial,routing
h4               Script:  initial,routing
h5               Script:  initial,routing


VRF lite implementation with VLAN trunks

* h1, h2, and h5 should be able to ping each other
* h3 and h4 should be able to ping each other

Please note it might take a while for the lab to work due to
STP and OSPF setup phase

