Using transformed lab topology from snapshot file netlab.snapshot.pickle
Checking virtualization provider installation
OK: clab installed and working correctly
Starting clab nodes
 [INFO] Setting containerlab runtime to docker
provider clab: executing flock -E 42 /tmp/netlab.lock containerlab deploy --reconfigure -t clab.yml
07:00:45 INFO Containerlab started version=0.75.0
07:00:45 INFO Parsing & checking topology file=clab.yml
07:00:45 INFO Removing directory path=/work/netlab_cicd/clab-ml-17
07:00:45 INFO Creating docker network name=nl_mgmt_17 IPv4 subnet=192.168.17.0/24 IPv6 subnet=fd00:df:1ab:17::/64 MTU=0
07:00:45 INFO Creating lab directory path=/work/netlab_cicd/clab-ml-17
07:00:45 INFO Creating container name=x1
07:00:45 INFO Creating container name=probe
07:00:45 INFO Creating container name=vp
07:00:45 INFO Creating container name=x2
07:00:45 INFO Creating container name=v1
07:00:45 INFO Creating container name=v2
07:00:45 INFO Creating container name=dut
07:00:46 INFO Created link: dut:et1 ▪┄┄▪ x1:eth1
07:00:46 INFO Created link: dut:et2 ▪┄┄▪ x2:eth1
07:00:46 INFO Created link: dut:et3 ▪┄┄▪ probe:eth1
07:00:46 INFO Created link: dut:et4 ▪┄┄▪ v1:eth1
07:00:47 INFO Created link: dut:et5 ▪┄┄▪ v2:eth1
07:00:47 INFO Created link: dut:et6 ▪┄┄▪ vp:eth1
07:00:47 INFO Running postdeploy actions for Arista cEOS 'dut' node
07:01:01 INFO Executed command node=v2 command="sleep 1" stdout=""
07:01:01 INFO Executed command node=v1 command="sleep 1" stdout=""
07:01:01 INFO Executed command node=x1 command="sleep 1" stdout=""
07:01:01 INFO Executed command node=x2 command="sleep 1" stdout=""
07:01:01 INFO Executed command node=probe command="sleep 1" stdout=""
07:01:01 INFO Executed command node=vp command="sleep 1" stdout=""
07:01:01 INFO Adding host entries path=/etc/hosts
07:01:01 INFO Adding SSH config for nodes path=/etc/ssh/ssh_config.d/clab-ml-17.conf
07:01:04 INFO Failed fetching latest version information
[1m╭[0m[1m──────────────────[0m[1m┬[0m[1m──────────────────────────────[0m[1m┬[0m[1m─────────[0m[1m┬[0m[1m───────────────────[0m[1m╮[0m
[1m│[0m[1m       Name       [0m[1m│[0m[1m          Kind/Image          [0m[1m│[0m[1m  State  [0m[1m│[0m[1m   IPv4/6 Address  [0m[1m│[0m
[1m├[0m[1m──────────────────[0m[1m┼[0m[1m──────────────────────────────[0m[1m┼[0m[1m─────────[0m[1m┼[0m[1m───────────────────[0m[1m┤[0m
│ clab-ml-17-dut   │ ceos                         │ running │ 192.168.17.101    │
│                  │ ceos:4.35.2F                 │         │ fd00:df:1ab:17::7 │
├──────────────────┼──────────────────────────────┼─────────┼───────────────────┤
│ clab-ml-17-probe │ linux                        │ running │ 192.168.17.102    │
│                  │ quay.io/frrouting/frr:10.6.1 │         │ fd00:df:1ab:17::8 │
├──────────────────┼──────────────────────────────┼─────────┼───────────────────┤
│ clab-ml-17-v1    │ linux                        │ running │ 192.168.17.105    │
│                  │ quay.io/frrouting/frr:10.6.1 │         │ fd00:df:1ab:17::4 │
├──────────────────┼──────────────────────────────┼─────────┼───────────────────┤
│ clab-ml-17-v2    │ linux                        │ running │ 192.168.17.106    │
│                  │ quay.io/frrouting/frr:10.6.1 │         │ fd00:df:1ab:17::3 │
├──────────────────┼──────────────────────────────┼─────────┼───────────────────┤
│ clab-ml-17-vp    │ linux                        │ running │ 192.168.17.107    │
│                  │ quay.io/frrouting/frr:10.6.1 │         │ fd00:df:1ab:17::2 │
├──────────────────┼──────────────────────────────┼─────────┼───────────────────┤
│ clab-ml-17-x1    │ linux                        │ running │ 192.168.17.103    │
│                  │ quay.io/frrouting/frr:10.6.1 │         │ fd00:df:1ab:17::5 │
├──────────────────┼──────────────────────────────┼─────────┼───────────────────┤
│ clab-ml-17-x2    │ linux                        │ running │ 192.168.17.104    │
│                  │ quay.io/frrouting/frr:10.6.1 │         │ fd00:df:1ab:17::6 │
╰──────────────────┴──────────────────────────────┴─────────┴───────────────────╯

Initial configuration skipped, run 'netlab initial' to configure the devices
