Creating Device configuration snippets
[CREATED] dut: normalize,initial,routing,bgp,bgp.policy
[CREATED] p1: initial,routing,bgp
[CREATED] p2: initial,routing,bgp
[CREATED] x1: initial,routing,bgp,bgp.policy
Checking Are lab devices ready to be configured?
 [INFO] Checking SSH server(s) on dut
Config Normalizing device configurations
netmiko:  [INFO] Sent normalize configuration to dut
Config Deploying device configurations
 [INFO] Executing initial configuration for node p1
 [INFO] Executing initial configuration for node p2
 [INFO] Executing initial configuration for node x1
 [INFO] Executing routing configuration for node x1
 [INFO] Executing routing configuration for node p1
 [INFO] Executing routing configuration for node p2
 [INFO] Executing bgp configuration for node p2
 [INFO] Executing bgp configuration for node p1
 [INFO] Executing bgp configuration for node x1
 [INFO] Executing bgp.policy configuration for node x1
netmiko:  [INFO] Sent initial configuration to dut
netmiko:  [INFO] Sent routing configuration to dut
netmiko:  [INFO] Sent bgp configuration to dut
netmiko:  [INFO] Sent bgp.policy configuration to dut

Results of configuration script deployments
================================================================================
dut              Script:  normalize,initial,routing,bgp,bgp.policy
p1               Script:  initial,routing,bgp
p2               Script:  initial,routing,bgp
x1               Script:  initial,routing,bgp,bgp.policy


Use this topology to test 'set.community.large' and 'delete.community.large' route-map option.

