Creating Device configuration snippets
[CREATED] dut: normalize,initial,routing,bgp,bgp.policy
[CREATED] x1: initial,routing,bgp,bgp.policy
[CREATED] p1: initial,routing,bgp
[CREATED] p2: initial,routing,bgp
Checking Are lab devices ready to be configured?
 [INFO] Checking SSH server(s) on dut
Config Deploying device configurations
 [INFO] Executing normalize configuration for node dut
 [INFO] Executing initial configuration for node x1
 [INFO] Executing initial configuration for node p1
 [INFO] Executing initial configuration for node p2
 [INFO] Executing routing configuration for node x1
 [INFO] Executing routing configuration for node p1
 [INFO] Executing routing configuration for node p2
 [INFO] Executing bgp configuration for node p1
 [INFO] Executing bgp configuration for node x1
 [INFO] Executing bgp configuration for node p2
 [INFO] Executing bgp.policy configuration for node x1
 [INFO] Executing initial configuration for node dut
 [INFO] Executing routing configuration for node dut
 [INFO] Executing bgp configuration for node dut
 [INFO] Executing bgp.policy configuration for node dut

Results of configuration script deployments
================================================================================
dut              Script:  normalize,initial,routing,bgp,bgp.policy
x1               Script:  initial,routing,bgp,bgp.policy
p1               Script:  initial,routing,bgp
p2               Script:  initial,routing,bgp


Use this topology to test 'match.community' route-map option.

