Creating Device configuration snippets
[CREATED] dut: normalize,initial,routing,vrf
[CREATED] x1: initial,routing
[CREATED] x2: initial,routing
[CREATED] x3: initial,routing
Checking Are lab devices ready to be configured?
 [INFO] Checking SSH server(s) on dut
Config Deploying device configurations
 [INFO] Executing normalize configuration for node dut
 [INFO] Executing initial configuration for node x1 (namespace clab-
          ml-85-x1)
 [INFO] Executing initial configuration for node x2 (namespace clab-
          ml-85-x2)
 [INFO] Executing initial configuration for node x3 (namespace clab-
          ml-85-x3)
 [INFO] Executing routing configuration for node x1 (namespace clab-
          ml-85-x1)
 [INFO] Executing routing configuration for node x3 (namespace clab-
          ml-85-x3)
 [INFO] Executing routing configuration for node x2 (namespace clab-
          ml-85-x2)
 [INFO] Executing initial configuration for node dut
 [INFO] Executing routing configuration for node dut
 [INFO] Executing vrf configuration for node dut

Results of configuration script deployments
================================================================================
dut              Script:  normalize,initial,routing,vrf
x1               Script:  initial,routing
x2               Script:  initial,routing
x3               Script:  initial,routing


Use this topology to test inter- VRF IPv4 and IPv6 static routes. DUT has
to have static routes for loopback addresses of X1 and X2.

