Creating Device configuration snippets
[CREATED] dut: initial
[CREATED] h1: initial,routing
[CREATED] h2: initial,routing
[CREATED] h3: initial,routing
Checking Are lab devices ready to be configured?
 [INFO] Checking SSH server(s) on dut
[SSH]     SSH server on node dut (device iosxr) is ready after 33.0 seconds
Config Deploying device configurations
 [INFO] Executing initial configuration for node h1 (namespace clab-
          ml-17-h1)
 [INFO] Executing initial configuration for node h2 (namespace clab-
          ml-17-h2)
 [INFO] Executing initial configuration for node h3 (namespace clab-
          ml-17-h3)
 [INFO] Executing routing configuration for node h1 (namespace clab-
          ml-17-h1)
 [INFO] Executing routing configuration for node h2 (namespace clab-
          ml-17-h2)
 [INFO] Executing routing configuration for node h3 (namespace clab-
          ml-17-h3)
netmiko:  [INFO] Sent initial configuration to dut

Results of non-Ansible configuration deployments
================================================================================
dut              Netmiko:  initial
h1               Script:   initial,routing
h2               Script:   initial,routing
h3               Script:   initial,routing


This scenario tests basic interface, IPv4, and IPv6 configuration, including generation of IPv6 Router Advertisements
