Using transformed lab topology from snapshot file netlab.snapshot.pickle
Checking virtualization provider installation
OK: clab installed and working correctly
Starting clab nodes
provider clab: executing sudo -E containerlab deploy --reconfigure -t clab.yml
16:35:17 INFO Containerlab started version=0.74.2
16:35:17 INFO Parsing & checking topology file=clab.yml
16:35:17 INFO Removing directory path=/work/netlab_cicd/xr/clab-ml-82
16:35:17 INFO Creating docker network name=nl_mgmt_82 IPv4 subnet=192.168.82.0/24 IPv6 subnet="" MTU=0
16:35:17 INFO Creating lab directory path=/work/netlab_cicd/xr/clab-ml-82
16:35:17 INFO Creating container name=r
16:35:18 INFO Running postdeploy actions for Cisco XRd 'r' node
16:35:18 INFO Adding host entries path=/etc/hosts
16:35:18 INFO Adding SSH config for nodes path=/etc/ssh/ssh_config.d/clab-ml-82.conf
16:35:18 INFO containerlab version
  🎉=
  │ A newer containerlab version (0.74.3) is available!
  │ Release notes: https://containerlab.dev/rn/0.74/#0743
  │ Run 'clab version upgrade' or see https://containerlab.dev/install/ for other installation options.
[1m╭[0m[1m──────────────[0m[1m┬[0m[1m─────────────────────────────────[0m[1m┬[0m[1m─────────[0m[1m┬[0m[1m────────────────[0m[1m╮[0m
[1m│[0m[1m     Name     [0m[1m│[0m[1m            Kind/Image           [0m[1m│[0m[1m  State  [0m[1m│[0m[1m IPv4/6 Address [0m[1m│[0m
[1m├[0m[1m──────────────[0m[1m┼[0m[1m─────────────────────────────────[0m[1m┼[0m[1m─────────[0m[1m┼[0m[1m────────────────[0m[1m┤[0m
│ clab-ml-82-r │ cisco_xrd                       │ running │ 192.168.82.101 │
│              │ ios-xr/xrd-control-plane:25.2.1 │         │ N/A            │
╰──────────────┴─────────────────────────────────┴─────────┴────────────────╯

Initial configuration skipped, run 'netlab initial' to configure the devices
