Creating Device configuration snippets
[CREATED] dut: initial
[CREATED] h1: initial,routing
[CREATED] h2: initial,routing
Checking Are lab devices ready to be configured?
 [INFO] Checking SSH server(s) on dut
[SSH]     SSH server on node dut (device iosxr) is ready after 32.6 seconds
Config Deploying device configurations
 [INFO] Executing initial configuration for node dut
 [INFO] Executing initial configuration for node h1 (namespace clab-
          ml-17-h1)
 [INFO] Executing initial configuration for node h2 (namespace clab-
          ml-17-h2)
 [INFO] Executing routing configuration for node h1 (namespace clab-
          ml-17-h1)
 [INFO] Executing routing configuration for node h2 (namespace clab-
          ml-17-h2)

Results of configuration script deployments
================================================================================
dut              Script:  initial
h1               Script:  initial,routing
h2               Script:  initial,routing


This scenario tests basic interface, IPv4, and IPv6 configuration, including generation of IPv6 Router Advertisements
