Using transformed lab topology from snapshot file netlab.snapshot.pickle
Checking virtualization provider installation
OK: clab installed and working correctly
Starting clab nodes
 [INFO] Setting containerlab runtime to docker
provider clab: executing flock -E 42 /tmp/netlab.lock containerlab deploy --reconfigure -t clab.yml
17:02:26 INFO Containerlab started version=0.75.0
17:02:26 INFO Parsing & checking topology file=clab.yml
17:02:26 INFO Removing directory path=/work/netlab_cicd/clab-ml-17
17:02:26 INFO Creating docker network name=nl_mgmt_17 IPv4 subnet=192.168.17.0/24 IPv6 subnet=fd00:df:1ab:17::/64 MTU=0
17:02:26 INFO Creating lab directory path=/work/netlab_cicd/clab-ml-17
17:02:26 INFO Creating container name=x1
17:02:26 INFO Creating container name=dut
17:02:27 INFO Created link: dut:Gi0-0-0-0 ▪┄┄▪ x1:eth1
17:02:27 INFO Running postdeploy actions for Cisco XRd 'dut' node
17:02:28 INFO Executed command node=x1 command="sleep 1" stdout=""
17:02:28 INFO Adding host entries path=/etc/hosts
17:02:28 INFO Adding SSH config for nodes path=/etc/ssh/ssh_config.d/clab-ml-17.conf
17:02:28 INFO containerlab version
  🎉=
  │ A newer containerlab version (0.78.0) is available!
  │ Release notes: https://containerlab.dev/rn/0.78/
  │ Run 'clab version upgrade' or see https://containerlab.dev/install/ for other installation options.
[1m╭[0m[1m────────────────[0m[1m┬[0m[1m─────────────────────────────────[0m[1m┬[0m[1m─────────[0m[1m┬[0m[1m───────────────────[0m[1m╮[0m
[1m│[0m[1m      Name      [0m[1m│[0m[1m            Kind/Image           [0m[1m│[0m[1m  State  [0m[1m│[0m[1m   IPv4/6 Address  [0m[1m│[0m
[1m├[0m[1m────────────────[0m[1m┼[0m[1m─────────────────────────────────[0m[1m┼[0m[1m─────────[0m[1m┼[0m[1m───────────────────[0m[1m┤[0m
│ clab-ml-17-dut │ cisco_xrd                       │ running │ 192.168.17.101    │
│                │ ios-xr/xrd-control-plane:26.1.1 │         │ fd00:df:1ab:17::3 │
├────────────────┼─────────────────────────────────┼─────────┼───────────────────┤
│ clab-ml-17-x1  │ linux                           │ running │ 192.168.17.102    │
│                │ quay.io/frrouting/frr:10.6.1    │         │ fd00:df:1ab:17::2 │
╰────────────────┴─────────────────────────────────┴─────────┴───────────────────╯
Deploying initial device configurations
Creating Device configuration snippets
[CREATED] dut: initial,ospf
[CREATED] x1: initial,ospf
Checking Are lab devices ready to be configured?
 [INFO] Checking SSH server(s) on dut
[SSH]     SSH server on node dut (device iosxr) is ready after 32.8 seconds
Config Deploying device configurations
 [INFO] Executing initial configuration for node dut
 [INFO] Executing initial configuration for node x1
 [INFO] Executing ospf configuration for node x1
 [INFO] Executing ospf configuration for node dut

Results of configuration script deployments
================================================================================
dut              Script:  initial,ospf
x1               Script:  initial,ospf


OK: Lab devices configured


This topology tests the "start lab with configuration reload" functionality.
You should:

* Start the lab with "netlab up"
* Save the configuration with "netlab collect -o saved"
* Stop the lab with "netlab down"
* Restart the lab with "netlab up --snapshot --reload-config saved"
* Validate the results with "netlab validate"

[WARNING]: Found variable using reserved name: hosts

PLAY [Collect device configurations] *******************************************

TASK [Set variables that cannot be set with VARS] ******************************
ok: [dut]

TASK [Create '/work/netlab_cicd/saved' directory] ******************************
ok: [dut -> localhost]

TASK [Find configuration collection script] ************************************
ok: [dut]

TASK [Collect device configurations] *******************************************
included: /home/pipi/netlab_gh/netsim/ansible/tasks/fetch-config/iosxr.yml for dut

TASK [iosxr_facts] *************************************************************
ok: [dut]

TASK [Copy collected configuration to '/work/netlab_cicd/saved' directory] *****
changed: [dut -> localhost]

PLAY RECAP *********************************************************************
dut                        : ok=6    changed=1    unreachable=0    failed=0    skipped=0    rescued=0    ignored=0   

cwd: /work/netlab_cicd output: saved
Checking virtualization provider installation
OK: clab installed and working correctly
Stopping clab nodes
 [INFO] Setting containerlab runtime to docker
provider clab: executing flock -E 42 /tmp/netlab.lock containerlab destroy --cleanup -t clab.yml
17:03:15 INFO Parsing & checking topology file=clab.yml
17:03:15 INFO Parsing & checking topology file=clab.yml
17:03:15 INFO Destroying lab name=ml-17
17:03:15 INFO Removed container name=clab-ml-17-x1
17:03:17 INFO Removed container name=clab-ml-17-dut
17:03:17 INFO Removing host entries path=/etc/hosts
17:03:17 INFO Removing SSH config path=/etc/ssh/ssh_config.d/clab-ml-17.conf
