Using transformed lab topology from snapshot file netlab.snapshot.pickle
Checking virtualization provider installation
OK: clab installed and working correctly
Starting clab nodes
 [INFO] Setting containerlab runtime to docker
provider clab: executing flock -E 42 /tmp/netlab.lock containerlab deploy --reconfigure -t clab.yml
17:28:12 INFO Containerlab started version=0.75.0
17:28:12 INFO Parsing & checking topology file=clab.yml
17:28:12 INFO Removing directory path=/work/netlab_cicd/clab-ml-17
17:28:12 INFO Creating docker network name=nl_mgmt_17 IPv4 subnet=192.168.17.0/24 IPv6 subnet=fd00:df:1ab:17::/64 MTU=0
17:28:12 WARN Node name will not resolve via DNS name=clab-ml-17-dut_a reason="name contains invalid characters such as '.' and/or '_'"
17:28:12 WARN Node name will not resolve via DNS name=clab-ml-17-dut_b reason="name contains invalid characters such as '.' and/or '_'"
17:28:12 INFO Creating lab directory path=/work/netlab_cicd/clab-ml-17
17:28:12 INFO Creating container name=h5
17:28:12 INFO Creating container name=h1
17:28:12 INFO Creating container name=r2
17:28:12 INFO Creating container name=dut_b
17:28:12 INFO Creating container name=h2
17:28:12 INFO Creating container name=h3
17:28:12 INFO Creating container name=h4
17:28:12 INFO Creating container name=dut_a
17:28:13 INFO Created link: dut_a:eth2 (Ethernet0/2) ▪┄┄▪ h1:eth1
17:28:13 INFO Created link: dut_a:eth1 (Ethernet0/1) ▪┄┄▪ r2:eth1
17:28:13 INFO Created link: dut_a:eth3 (Ethernet0/3) ▪┄┄▪ h5:eth1
17:28:13 INFO Running postdeploy actions for Cisco IOL 'dut_a' node
17:28:13 INFO Created link: r2:eth2 ▪┄┄▪ dut_b:eth1 (Ethernet0/1)
17:28:13 INFO Created link: dut_b:eth2 (Ethernet0/2) ▪┄┄▪ h2:eth1
17:28:13 INFO Created link: dut_b:eth3 (Ethernet0/3) ▪┄┄▪ h4:eth1
17:28:13 INFO Running postdeploy actions for Cisco IOL 'dut_b' node
17:28:13 INFO Created link: dut_a:eth4 (Ethernet1/0) ▪┄┄▪ h3:eth1
17:28:14 INFO Executed command node=r2 command="sleep 1" stdout=""
17:28:14 INFO Adding host entries path=/etc/hosts
17:28:14 INFO Adding SSH config for nodes path=/etc/ssh/ssh_config.d/clab-ml-17.conf
17:28:14 INFO containerlab version
  🎉=
  │ A newer containerlab version (0.79.0) is available!
  │ Release notes: https://containerlab.dev/rn/0.79/
  │ Run 'clab version upgrade' or see https://containerlab.dev/install/ for other installation options.
[1m╭[0m[1m──────────────────[0m[1m┬[0m[1m──────────────────────────────[0m[1m┬[0m[1m─────────[0m[1m┬[0m[1m───────────────────[0m[1m╮[0m
[1m│[0m[1m       Name       [0m[1m│[0m[1m          Kind/Image          [0m[1m│[0m[1m  State  [0m[1m│[0m[1m   IPv4/6 Address  [0m[1m│[0m
[1m├[0m[1m──────────────────[0m[1m┼[0m[1m──────────────────────────────[0m[1m┼[0m[1m─────────[0m[1m┼[0m[1m───────────────────[0m[1m┤[0m
│ clab-ml-17-dut_a │ cisco_iol                    │ running │ 192.168.17.101    │
│                  │ vrnetlab/cisco_iol:17.18.02  │         │ fd00:df:1ab:17::4 │
├──────────────────┼──────────────────────────────┼─────────┼───────────────────┤
│ clab-ml-17-dut_b │ cisco_iol                    │ running │ 192.168.17.103    │
│                  │ vrnetlab/cisco_iol:17.18.02  │         │ fd00:df:1ab:17::7 │
├──────────────────┼──────────────────────────────┼─────────┼───────────────────┤
│ clab-ml-17-h1    │ linux                        │ running │ 192.168.17.104    │
│                  │ python:3.13-alpine           │         │ fd00:df:1ab:17::3 │
├──────────────────┼──────────────────────────────┼─────────┼───────────────────┤
│ clab-ml-17-h2    │ linux                        │ running │ 192.168.17.105    │
│                  │ python:3.13-alpine           │         │ fd00:df:1ab:17::2 │
├──────────────────┼──────────────────────────────┼─────────┼───────────────────┤
│ clab-ml-17-h3    │ linux                        │ running │ 192.168.17.106    │
│                  │ python:3.13-alpine           │         │ fd00:df:1ab:17::9 │
├──────────────────┼──────────────────────────────┼─────────┼───────────────────┤
│ clab-ml-17-h4    │ linux                        │ running │ 192.168.17.107    │
│                  │ python:3.13-alpine           │         │ fd00:df:1ab:17::8 │
├──────────────────┼──────────────────────────────┼─────────┼───────────────────┤
│ clab-ml-17-h5    │ linux                        │ running │ 192.168.17.108    │
│                  │ python:3.13-alpine           │         │ fd00:df:1ab:17::5 │
├──────────────────┼──────────────────────────────┼─────────┼───────────────────┤
│ clab-ml-17-r2    │ linux                        │ running │ 192.168.17.102    │
│                  │ quay.io/frrouting/frr:10.6.1 │         │ fd00:df:1ab:17::6 │
╰──────────────────┴──────────────────────────────┴─────────┴───────────────────╯

Initial configuration skipped, run 'netlab initial' to configure the devices
