Using transformed lab topology from snapshot file netlab.snapshot.pickle
Checking virtualization provider installation
OK: clab installed and working correctly
Starting clab nodes
provider clab: executing sudo -E containerlab deploy --reconfigure -t clab.yml
08:44:39 INFO Containerlab started version=0.74.2
08:44:39 INFO Parsing & checking topology file=clab.yml
08:44:39 INFO Removing directory path=/work/netlab_cicd/cisco_c/clab-ml-84
08:44:39 INFO Creating docker network name=nl_mgmt_84 IPv4 subnet=192.168.84.0/24 IPv6 subnet="" MTU=0
08:44:39 INFO Creating lab directory path=/work/netlab_cicd/cisco_c/clab-ml-84
08:44:40 INFO Creating container name=r4
08:44:40 INFO Creating container name=r2
08:44:40 INFO Creating container name=s3
08:44:40 INFO Creating container name=d4
08:44:40 INFO Creating container name=d3
08:44:40 INFO Creating container name=r1
08:44:40 INFO Creating container name=s1
08:44:40 INFO Creating container name=s2
08:44:40 INFO Creating container name=s4
08:44:40 INFO Creating container name=d2
08:44:40 INFO Creating container name=d1
08:44:40 INFO Creating container name=r3
08:44:41 INFO Created link: s3:eth3 ▪┄┄▪ d3:eth1
08:44:42 INFO Created link: s1:eth1 (Ethernet0/1) ▪┄┄▪ s2:eth1
08:44:42 INFO Created link: s1:eth2 (Ethernet0/2) ▪┄┄▪ s3:eth1
08:44:42 INFO Created link: s2:eth2 ▪┄┄▪ r2:eth1
08:44:42 INFO Created link: s2:eth3 ▪┄┄▪ d2:eth1
08:44:42 INFO Created link: s1:eth3 (Ethernet0/3) ▪┄┄▪ s4:eth1
08:44:42 INFO Created link: s1:eth4 (Ethernet1/0) ▪┄┄▪ r1:eth1
08:44:43 INFO Created link: s4:eth3 ▪┄┄▪ d4:eth1
08:44:43 INFO Created link: s1:eth5 (Ethernet1/1) ▪┄┄▪ d1:eth1
08:44:43 INFO Running postdeploy actions for Cisco IOL 's1' node
08:44:43 INFO Created link: s3:eth2 ▪┄┄▪ r3:eth1
08:44:43 INFO Created link: s4:eth2 ▪┄┄▪ r4:eth1
08:44:44 INFO Executed command node=s3 command="sleep 1" stdout=""
08:44:44 INFO Executed command node=s2 command="sleep 1" stdout=""
08:44:44 INFO Executed command node=s4 command="sleep 1" stdout=""
08:44:44 INFO Adding host entries path=/etc/hosts
08:44:44 INFO Adding SSH config for nodes path=/etc/ssh/ssh_config.d/clab-ml-84.conf
08:44:44 INFO containerlab version
  🎉=
  │ A newer containerlab version (0.74.3) is available!
  │ Release notes: https://containerlab.dev/rn/0.74/#0743
  │ Run 'clab version upgrade' or see https://containerlab.dev/install/ for other installation options.
[1m╭[0m[1m───────────────[0m[1m┬[0m[1m──────────────────────────────[0m[1m┬[0m[1m─────────[0m[1m┬[0m[1m────────────────[0m[1m╮[0m
[1m│[0m[1m      Name     [0m[1m│[0m[1m          Kind/Image          [0m[1m│[0m[1m  State  [0m[1m│[0m[1m IPv4/6 Address [0m[1m│[0m
[1m├[0m[1m───────────────[0m[1m┼[0m[1m──────────────────────────────[0m[1m┼[0m[1m─────────[0m[1m┼[0m[1m────────────────[0m[1m┤[0m
│ clab-ml-84-d1 │ linux                        │ running │ 192.168.84.109 │
│               │ python:3.13-alpine           │         │ N/A            │
├───────────────┼──────────────────────────────┼─────────┼────────────────┤
│ clab-ml-84-d2 │ linux                        │ running │ 192.168.84.110 │
│               │ python:3.13-alpine           │         │ N/A            │
├───────────────┼──────────────────────────────┼─────────┼────────────────┤
│ clab-ml-84-d3 │ linux                        │ running │ 192.168.84.111 │
│               │ python:3.13-alpine           │         │ N/A            │
├───────────────┼──────────────────────────────┼─────────┼────────────────┤
│ clab-ml-84-d4 │ linux                        │ running │ 192.168.84.112 │
│               │ python:3.13-alpine           │         │ N/A            │
├───────────────┼──────────────────────────────┼─────────┼────────────────┤
│ clab-ml-84-r1 │ linux                        │ running │ 192.168.84.105 │
│               │ python:3.13-alpine           │         │ N/A            │
├───────────────┼──────────────────────────────┼─────────┼────────────────┤
│ clab-ml-84-r2 │ linux                        │ running │ 192.168.84.106 │
│               │ python:3.13-alpine           │         │ N/A            │
├───────────────┼──────────────────────────────┼─────────┼────────────────┤
│ clab-ml-84-r3 │ linux                        │ running │ 192.168.84.107 │
│               │ python:3.13-alpine           │         │ N/A            │
├───────────────┼──────────────────────────────┼─────────┼────────────────┤
│ clab-ml-84-r4 │ linux                        │ running │ 192.168.84.108 │
│               │ python:3.13-alpine           │         │ N/A            │
├───────────────┼──────────────────────────────┼─────────┼────────────────┤
│ clab-ml-84-s1 │ cisco_iol                    │ running │ 192.168.84.101 │
│               │ vrnetlab/cisco_iol:17.16.01a │         │ N/A            │
├───────────────┼──────────────────────────────┼─────────┼────────────────┤
│ clab-ml-84-s2 │ linux                        │ running │ 192.168.84.102 │
│               │ quay.io/frrouting/frr:10.6.0 │         │ N/A            │
├───────────────┼──────────────────────────────┼─────────┼────────────────┤
│ clab-ml-84-s3 │ linux                        │ running │ 192.168.84.103 │
│               │ quay.io/frrouting/frr:10.6.0 │         │ N/A            │
├───────────────┼──────────────────────────────┼─────────┼────────────────┤
│ clab-ml-84-s4 │ linux                        │ running │ 192.168.84.104 │
│               │ quay.io/frrouting/frr:10.6.0 │         │ N/A            │
╰───────────────┴──────────────────────────────┴─────────┴────────────────╯

Initial configuration skipped, run 'netlab initial' to configure the devices
