Checking virtualization provider installation
OK: clab installed and working correctly
Stopping clab nodes
 [INFO] Setting containerlab runtime to docker
provider clab: executing flock -E 42 /tmp/netlab.lock containerlab destroy --cleanup -t clab.yml
17:32:41 INFO Parsing & checking topology file=clab.yml
17:32:41 INFO Parsing & checking topology file=clab.yml
17:32:41 INFO Destroying lab name=ml-17
17:32:42 INFO Removed container name=clab-ml-17-r4
17:32:42 INFO Removed container name=clab-ml-17-d4
17:32:42 INFO Removed container name=clab-ml-17-r3
17:32:42 INFO Removed container name=clab-ml-17-d3
17:32:43 INFO Removed container name=clab-ml-17-s4
17:32:43 INFO Removed container name=clab-ml-17-s2
17:32:43 INFO Removed container name=clab-ml-17-s3
17:32:43 INFO Removed container name=clab-ml-17-r2
17:32:43 INFO Removed container name=clab-ml-17-d1
17:32:43 INFO Removed container name=clab-ml-17-d2
17:32:43 INFO Removed container name=clab-ml-17-r1
17:32:43 INFO Removed container name=clab-ml-17-dut
17:32:43 INFO Removing host entries path=/etc/hosts
17:32:43 INFO Removing SSH config path=/etc/ssh/ssh_config.d/clab-ml-17.conf
Cleanup configuration files
... removing clab.yml
... removing ansible.cfg
... removing hosts.yml
... removing directory tree group_vars
... removing directory tree host_vars
... removing directory tree node_files
... removing netlab.snapshot.pickle
