Using transformed lab topology from snapshot file netlab.snapshot.pickle
Checking virtualization provider installation
OK: clab installed and working correctly
Starting clab nodes
provider clab: executing sudo -E containerlab deploy --reconfigure -t clab.yml
16:51:05 INFO Containerlab started version=0.74.2
16:51:05 INFO Parsing & checking topology file=clab.yml
16:51:05 INFO Removing directory path=/work/netlab_cicd/xr/clab-ml-82
16:51:05 INFO Creating docker network name=nl_mgmt_82 IPv4 subnet=192.168.82.0/24 IPv6 subnet="" MTU=0
16:51:05 INFO Creating lab directory path=/work/netlab_cicd/xr/clab-ml-82
16:51:05 INFO Creating container name=x2
16:51:05 INFO Creating container name=x1
16:51:05 INFO Creating container name=dut
16:51:06 INFO Created link: dut:Gi0-0-0-0 ▪┄┄▪ x1:eth1
16:51:06 INFO Created link: dut:Gi0-0-0-1 ▪┄┄▪ x2:eth1
16:51:06 INFO Running postdeploy actions for Cisco XRd 'dut' node
16:51:07 INFO Executed command node=x2 command="sleep 1" stdout=""
16:51:07 INFO Executed command node=x1 command="sleep 1" stdout=""
16:51:07 INFO Adding host entries path=/etc/hosts
16:51:07 INFO Adding SSH config for nodes path=/etc/ssh/ssh_config.d/clab-ml-82.conf
16:51:07 INFO containerlab version
  🎉=
  │ A newer containerlab version (0.74.3) is available!
  │ Release notes: https://containerlab.dev/rn/0.74/#0743
  │ Run 'clab version upgrade' or see https://containerlab.dev/install/ for other installation options.
[1m╭[0m[1m────────────────[0m[1m┬[0m[1m─────────────────────────────────[0m[1m┬[0m[1m─────────[0m[1m┬[0m[1m────────────────[0m[1m╮[0m
[1m│[0m[1m      Name      [0m[1m│[0m[1m            Kind/Image           [0m[1m│[0m[1m  State  [0m[1m│[0m[1m IPv4/6 Address [0m[1m│[0m
[1m├[0m[1m────────────────[0m[1m┼[0m[1m─────────────────────────────────[0m[1m┼[0m[1m─────────[0m[1m┼[0m[1m────────────────[0m[1m┤[0m
│ clab-ml-82-dut │ cisco_xrd                       │ running │ 192.168.82.101 │
│                │ ios-xr/xrd-control-plane:25.2.1 │         │ N/A            │
├────────────────┼─────────────────────────────────┼─────────┼────────────────┤
│ clab-ml-82-x1  │ linux                           │ running │ 192.168.82.102 │
│                │ quay.io/frrouting/frr:10.6.0    │         │ N/A            │
├────────────────┼─────────────────────────────────┼─────────┼────────────────┤
│ clab-ml-82-x2  │ linux                           │ running │ 192.168.82.103 │
│                │ quay.io/frrouting/frr:10.6.0    │         │ N/A            │
╰────────────────┴─────────────────────────────────┴─────────┴────────────────╯

Initial configuration skipped, run 'netlab initial' to configure the devices
