Creating Device configuration snippets
[CREATED] dut: initial,ospf
[CREATED] x1: initial,ospf
[CREATED] x2: initial,ospf
Checking Are lab devices ready to be configured?
 [INFO] Checking SSH server(s) on dut
[SSH]     SSH server on node dut (device iosxr) is ready after 25.6 seconds
Config Deploying device configurations
 [INFO] Executing initial configuration for node dut
 [INFO] Executing initial configuration for node x1
 [INFO] Executing initial configuration for node x2
 [INFO] Executing ospf configuration for node x1
 [INFO] Executing ospf configuration for node x2
 [INFO] Executing ospf configuration for node dut

Results of configuration script deployments
================================================================================
dut              Script:  initial,ospf
x1               Script:  initial,ospf
x2               Script:  initial,ospf


This lab tests the dual-stack multi-area OSPFv2/OSPFv3 deployments. The device under test has
an IPv4 stub interface, an IPv6 stub interface, a dual-stack stub interface, an IPv4-only link,
and a dual-stack link.

