Using transformed lab topology from snapshot file netlab.snapshot.pickle
Checking virtualization provider installation
OK: clab installed and working correctly
Starting clab nodes
 [INFO] Setting containerlab runtime to docker
provider clab: executing flock -E 42 /tmp/netlab.lock containerlab deploy --reconfigure -t clab.yml
12:37:17 INFO Containerlab started version=0.79.0
12:37:17 INFO Parsing & checking topology file=clab.yml
12:37:17 INFO Removing directory path=/work/netlab_cicd/clab-ml-17
12:37:17 INFO Creating docker network name=nl_mgmt_17 IPv4 subnet=192.168.17.0/24 IPv6 subnet=fd00:df:1ab:17::/64 MTU=0
12:37:17 WARN Node name will not resolve via DNS name=clab-ml-17-dut_a reason="name contains invalid characters such as '.' and/or '_'"
12:37:17 WARN Node name will not resolve via DNS name=clab-ml-17-dut_c reason="name contains invalid characters such as '.' and/or '_'"
12:37:17 INFO Creating lab directory path=/work/netlab_cicd/clab-ml-17
12:37:17 INFO Creating container name=probe
12:37:17 INFO Creating container name=xf
12:37:17 INFO Creating container name=dut_a
12:37:17 INFO Creating container name=dut_c
12:37:18 INFO Created link: dut_c:Gi0-0-0-0 ▪┄┄▪ probe:eth2
12:37:18 INFO Running postdeploy actions for Cisco XRd 'dut_c' node
12:37:18 INFO Created link: dut_a:Gi0-0-0-0 ▪┄┄▪ probe:eth1
12:37:18 INFO Running postdeploy actions for Cisco XRd 'dut_a' node
12:37:18 INFO Created link: dut_c:Gi0-0-0-1 ▪┄┄▪ xf:eth1
12:37:19 INFO Executed command node=probe command="sleep 1" stdout=""
12:37:19 INFO Executed command node=xf command="sleep 1" stdout=""
12:37:19 INFO Adding host entries path=/etc/hosts
12:37:19 INFO Adding SSH config for nodes path=/etc/ssh/ssh_config.d/clab-ml-17.conf
[1m╭[0m[1m──────────────────[0m[1m┬[0m[1m─────────────────────────────────[0m[1m┬[0m[1m─────────[0m[1m┬[0m[1m───────────────────[0m[1m╮[0m
[1m│[0m[1m       Name       [0m[1m│[0m[1m            Kind/Image           [0m[1m│[0m[1m  State  [0m[1m│[0m[1m   IPv4/6 Address  [0m[1m│[0m
[1m├[0m[1m──────────────────[0m[1m┼[0m[1m─────────────────────────────────[0m[1m┼[0m[1m─────────[0m[1m┼[0m[1m───────────────────[0m[1m┤[0m
│ clab-ml-17-dut_a │ cisco_xrd                       │ running │ 192.168.17.101    │
│                  │ ios-xr/xrd-control-plane:26.1.1 │         │ fd00:df:1ab:17::4 │
├──────────────────┼─────────────────────────────────┼─────────┼───────────────────┤
│ clab-ml-17-dut_c │ cisco_xrd                       │ running │ 192.168.17.102    │
│                  │ ios-xr/xrd-control-plane:26.1.1 │         │ fd00:df:1ab:17::2 │
├──────────────────┼─────────────────────────────────┼─────────┼───────────────────┤
│ clab-ml-17-probe │ linux                           │ running │ 192.168.17.103    │
│                  │ quay.io/frrouting/frr:10.7.1    │         │ fd00:df:1ab:17::3 │
├──────────────────┼─────────────────────────────────┼─────────┼───────────────────┤
│ clab-ml-17-xf    │ linux                           │ running │ 192.168.17.104    │
│                  │ quay.io/frrouting/frr:10.7.1    │         │ fd00:df:1ab:17::5 │
╰──────────────────┴─────────────────────────────────┴─────────┴───────────────────╯

Initial configuration skipped, run 'netlab initial' to configure the devices
