Creating Device configuration snippets
[CREATED] dut: initial,bgp,vrf
[CREATED] r1: initial,bgp,bgp-xact
[CREATED] r2: initial,bgp,bgp-xact
[CREATED] r3: initial,bgp,bgp-xact
[CREATED] r4: initial,bgp,bgp-xact
Config Deploying device configurations
 [INFO] Executing initial configuration for node r1
 [INFO] Executing initial configuration for node r2
 [INFO] Executing initial configuration for node r3
 [INFO] Executing initial configuration for node r4
 [INFO] Executing bgp configuration for node r1
 [INFO] Executing bgp configuration for node r2
 [INFO] Executing bgp configuration for node r3
 [INFO] Executing bgp configuration for node r4
 [INFO] Executing bgp-xact configuration for node r4
 [INFO] Executing bgp-xact configuration for node r3
 [INFO] Executing bgp-xact configuration for node r2
 [INFO] Executing bgp-xact configuration for node r1
 [INFO] Starting Ansible playbook to deploy the rest of the
          configurations
[WARNING]: Found variable using reserved name: hosts

PLAY [Deploy initial device configuration] *************************************

TASK [Set variables that cannot be set with VARS] ******************************
ok: [dut]

TASK [Normalize config on bridge-like devices] *********************************
included: /home/pipi/netlab_gh/netsim/ansible/tasks/deploy-module.yml for dut

TASK [Figure out whether to deploy the module normalize on current device] *****
ok: [dut]

TASK [Find configuration template for normalize] *******************************
ok: [dut]

TASK [fail] ********************************************************************
skipping: [dut]

TASK [Find configuration deployment deploy_script for normalize] ***************
ok: [dut]

TASK [Print deployed configuration when running in verbose mode] ***************
skipping: [dut]

TASK [Deploy normalize configuration] ******************************************
skipping: [dut]

TASK [Deploy initial configuration] ********************************************
included: /home/pipi/netlab_gh/netsim/ansible/tasks/deploy-module.yml for dut

TASK [Figure out whether to deploy the module initial on current device] *******
ok: [dut]

TASK [Find configuration template for initial] *********************************
ok: [dut]

TASK [fail] ********************************************************************
skipping: [dut]

TASK [Find configuration deployment deploy_script for initial] *****************
ok: [dut]

TASK [Print deployed configuration when running in verbose mode] ***************
ok: [dut] => {
    "msg": "initial configuration for dut\n=========================================\n#!/bin/bash\n#\nset -e\n#\n# Create bash profile script\n#\ncat <<'SCRIPT' >/root/.bash_profile\n#!/bin/bash\n#\nexport PS1=\"\\h(bash)#\"\necho \"Use vtysh to connect to FRR daemon\"\necho\nSCRIPT\n#\n# Build hosts file\n#\necho \"INIT: setting hostname\"\nhostname dut\n#\n#\n# Build hosts file\n#\n#\ncat <<'SCRIPT' >/tmp/hosts\n#\n# Created by netlab initial\n#\n10.0.0.1 dut\n2001:db8:1:1::1 dut\n10.1.0.1 swp1.red.dut\n2001:db8:3::1 swp1.red.dut\n10.1.0.5 swp2.red.dut\n2001:db8:3:1::1 swp2.red.dut\n2001:db8:13::1 swp3.blue.dut\n2001:db8:13:1::1 swp4.blue.dut\n2001:db8:c001:cafe::1 red.dut\n2001:db8:c001:cafe::1 blue.dut\n10.0.0.2 r1\n2001:db8:1:2::1 r1\n10.1.0.2 eth1.r1\n2001:db8:3::2 eth1.r1\n10.0.0.3 r2\n2001:db8:1:3::1 r2\n10.1.0.6 eth1.r2\n2001:db8:3:1::3 eth1.r2\n2001:db8:cafe:2000::4 r3\n2001:db8:13::4 eth1.r3\n2001:db8:cafe:2000::5 r4\n2001:db8:13:1::5 eth1.r4\nSCRIPT\ngrep \"Created by netlab\" /etc/hosts || uniq /tmp/hosts >>/etc/hosts\n#\n# Disable ZTP\n#\nztp --disable\n#\n#\n\necho \"INIT: Configuring system wide default MTU policy\"\ncat > /etc/network/ifupdown2/policy.d/mtu.json <<CONFIG\n{ \"address\": { \"defaults\": { \"mtu\": \"1500\" } } }\nCONFIG\n#\necho \"INIT: creating loopback interface\"\n#\n# Create loopback interface entry\n#\ncat >/etc/network/interfaces.d/10-loopback.intf <<CONFIG\nauto lo\niface lo inet loopback\n  address 10.0.0.1/32\niface lo inet6 loopback\n  address 2001:db8:1:1::1/64\n\nauto lo1\niface lo1\n  pre-up ip link add lo1 type dummy\niface lo1 inet6 loopback\n  address 2001:db8:c001:cafe::1/64\n\nauto lo2\niface lo2\n  pre-up ip link add lo2 type dummy\niface lo2 inet6 loopback\n  address 2001:db8:c001:cafe::1/64\n\nCONFIG\n#\nuntil ifreload -a; do\n  sleep 1\ndone\n#\necho \"INIT: creating other interface\"\ncat >/etc/network/interfaces.d/11-physical.intf <<CONFIG\nauto swp1\n\niface swp1 inet static\n  address 10.1.0.1/30\n\niface swp1 inet6 static\n  address 2001:db8:3::1/64\nauto swp2\n\niface swp2 inet static\n  address 10.1.0.5/30\n\niface swp2 inet6 static\n  address 2001:db8:3:1::1/64\nauto swp3\n\niface swp3 inet6 static\n  address 2001:db8:13::1/64\nauto swp4\n\niface swp4 inet6 static\n  address 2001:db8:13:1::1/64\nCONFIG\n#\necho \"INIT: executing ifreload\"\nuntil ifreload -a; do\n  sleep 1\ndone\n#\n# For whatever crazy reason, I had to enable IPv6 in containers\n#\nsysctl -qw net.ipv6.conf.swp1.disable_ipv6=0\nsysctl -qw net.ipv6.conf.swp2.disable_ipv6=0\nsysctl -qw net.ipv6.conf.swp3.disable_ipv6=0\nsysctl -qw net.ipv6.conf.swp4.disable_ipv6=0\nsysctl -qw net.ipv6.conf.lo1.disable_ipv6=0\nsysctl -qw net.ipv6.conf.lo2.disable_ipv6=0\n#\n# Enable FRR modules for ['bgp', 'vrf']\n#\n#\n# Enable FRR daemons\n#\necho \"bgpd=yes\" >>/etc/frr/daemons\necho \"bgpd=yes\" >>/etc/frr/daemons\n\nsystemctl enable frr.service\nsystemctl start frr.service\nsystemctl reload frr.service\n#\n# Rest of initial configuration done through VTYSH\n#\ncat >/tmp/config <<CONFIG\nipv6 forwarding\n!\ninterface swp1\n! no shutdown\n description dut -> r1 [external]\n ipv6 nd ra-interval 5\n no ipv6 nd suppress-ra\n!\ninterface swp2\n! no shutdown\n description dut -> r2 [external]\n ipv6 nd ra-interval 5\n no ipv6 nd suppress-ra\n!\ninterface swp3\n! no shutdown\n description dut -> r3 [external]\n ipv6 nd ra-interval 5\n no ipv6 nd suppress-ra\n!\ninterface swp4\n! no shutdown\n description dut -> r4 [external]\n ipv6 nd ra-interval 5\n no ipv6 nd suppress-ra\n!\ninterface lo1\n! no shutdown\n description VRF Loopback red\n!\ninterface lo2\n! no shutdown\n description VRF Loopback blue\n!\ndo write\nCONFIG\nvtysh -f /tmp/config\n#\n# Enable LLDP\n#\necho \"INIT: enabling LLDP\"\ncat <<'CONFIG' >/etc/lldpd.d/system.conf\nconfigure lldp tx-interval 30\nconfigure lldp tx-hold 3\nconfigure system interface pattern *,!eth0,swp*\nCONFIG\nservice lldpd restart\n"
}

TASK [Deploy initial configuration] ********************************************
included: /home/pipi/netlab_gh/netsim/ansible/tasks/deploy-config/cumulus.yml for dut

TASK [Render device configuration from /work/netlab_cicd/node_files/dut/initial] ***
ok: [dut]

TASK [Create local temporary file] *********************************************
changed: [dut -> localhost]

TASK [Create initial config script in local temporary file] ********************
changed: [dut -> localhost]

TASK [Execute local config script on Cumulus node] *****************************
changed: [dut]

TASK [Remove temporary file /tmp/ansible.dut.zsvya5v9temp] *********************
changed: [dut -> localhost]

PLAY [Deploy module-specific configurations] ***********************************

TASK [Set variables that cannot be set with VARS] ******************************
ok: [dut]

TASK [Deploy individual configuration modules] *********************************
included: /home/pipi/netlab_gh/netsim/ansible/tasks/deploy-module.yml for dut => (item=bgp)
included: /home/pipi/netlab_gh/netsim/ansible/tasks/deploy-module.yml for dut => (item=vrf)

TASK [Figure out whether to deploy the module bgp on current device] ***********
ok: [dut]

TASK [Find configuration template for bgp] *************************************
ok: [dut]

TASK [fail] ********************************************************************
skipping: [dut]

TASK [Find configuration deployment deploy_script for bgp] *********************
ok: [dut]

TASK [Print deployed configuration when running in verbose mode] ***************
ok: [dut] => {
    "msg": "bgp configuration for dut\n=========================================\n!\nrouter bgp 65000\n  no bgp ebgp-requires-policy\n  no bgp default ipv4-unicast\n  bgp default show-hostname\n  bgp default show-nexthop-hostname\n  ! Consider AS paths of same length but with different AS as ECMP candidates\n  bgp bestpath as-path multipath-relax\n\n  bgp router-id 10.0.0.1\n!\n address-family ipv4 unicast\n!\n\n  network 10.0.0.1/32\n!\n address-family ipv6 unicast\n!\n\n  network 2001:db8:1:1::/64\n!\n!\n!\ndo write\n"
}

TASK [Deploy bgp configuration] ************************************************
included: /home/pipi/netlab_gh/netsim/ansible/tasks/deploy-config/cumulus.yml for dut

TASK [Render device configuration from /work/netlab_cicd/node_files/dut/bgp] ***
ok: [dut]

TASK [Create local temporary file] *********************************************
changed: [dut -> localhost]

TASK [Create bgp config script in local temporary file] ************************
changed: [dut -> localhost]

TASK [Execute local config script on Cumulus node] *****************************
changed: [dut]

TASK [Remove temporary file /tmp/ansible.dut.c_r4yue4temp] *********************
changed: [dut -> localhost]

TASK [Figure out whether to deploy the module vrf on current device] ***********
ok: [dut]

TASK [Find configuration template for vrf] *************************************
ok: [dut]

TASK [fail] ********************************************************************
skipping: [dut]

TASK [Find configuration deployment deploy_script for vrf] *********************
ok: [dut]

TASK [Print deployed configuration when running in verbose mode] ***************
ok: [dut] => {
    "msg": "vrf configuration for dut\n=========================================\n#!/bin/bash\n#\nset -e # Exit immediately when any command fails\n#\ncat >/etc/network/interfaces.d/70-vrf.intf <<CONFIG\nauto red\niface red\n    vrf-table 1010\n#\nauto blue\niface blue\n    vrf-table 1011\n#\nauto swp1\niface swp1\n    vrf red\n#\nauto swp2\niface swp2\n    vrf red\n#\nauto swp3\niface swp3\n    vrf blue\n#\nauto swp4\niface swp4\n    vrf blue\n#\nauto lo1\niface lo1\n    vrf red\n#\nauto lo2\niface lo2\n    vrf blue\n#\nCONFIG\nifreload -a\n#\ncat >/tmp/vrf_config <<CONFIG\nvrf red\n exit-vrf\nvrf blue\n exit-vrf\n!\nrouter bgp 65000\n!\n!\nrouter bgp 65000 vrf red\n no bgp ebgp-requires-policy\n no bgp default ipv4-unicast\n bgp router-id 10.0.0.1\n neighbor 10.1.0.2 remote-as 65101\n neighbor 10.1.0.2 description r1\n neighbor 2001:db8:3::2 remote-as 65101\n neighbor 2001:db8:3::2 description r1\n neighbor 10.1.0.6 remote-as 65102\n neighbor 10.1.0.6 description r2\n neighbor 2001:db8:3:1::3 remote-as 65102\n neighbor 2001:db8:3:1::3 description r2\n address-family ipv4 unicast\n \n  label vpn export auto\n  export vpn\n  import vpn\n  rd vpn export 65000:1\n  rt vpn import 65000:1\n  rt vpn export 65000:1\n  network 10.1.0.0/30\n  neighbor 10.1.0.2 activate\n  neighbor 10.1.0.2 send-community standard\n  neighbor 10.1.0.2 send-community large\n  neighbor 10.1.0.6 activate\n  neighbor 10.1.0.6 send-community standard\n  neighbor 10.1.0.6 send-community large\n exit-address-family\n address-family ipv6 unicast\n \n  label vpn export auto\n  export vpn\n  import vpn\n  rd vpn export 65000:1\n  rt vpn import 65000:1\n  rt vpn export 65000:1\n  network 2001:db8:3::/64\n  network 2001:db8:c001:cafe::/64\n  neighbor 2001:db8:3::2 activate\n  neighbor 2001:db8:3::2 send-community standard\n  neighbor 2001:db8:3::2 send-community large\n  neighbor 2001:db8:3:1::3 activate\n  neighbor 2001:db8:3:1::3 send-community standard\n  neighbor 2001:db8:3:1::3 send-community large\n exit-address-family\n!\n!\nrouter bgp 65000 vrf blue\n no bgp ebgp-requires-policy\n no bgp default ipv4-unicast\n bgp router-id 10.0.0.1\n neighbor 2001:db8:13::4 remote-as 65103\n neighbor 2001:db8:13::4 description r3\n neighbor 2001:db8:13:1::5 remote-as 65104\n neighbor 2001:db8:13:1::5 description r4\n address-family ipv6 unicast\n  redistribute connected\n\n  label vpn export auto\n  export vpn\n  import vpn\n  rd vpn export 65000:2\n  rt vpn import 65000:2\n  rt vpn export 65000:2\n  network 2001:db8:c001:cafe::/64\n  neighbor 2001:db8:13::4 activate\n  neighbor 2001:db8:13::4 send-community standard\n  neighbor 2001:db8:13::4 send-community large\n  neighbor 2001:db8:13:1::5 activate\n  neighbor 2001:db8:13:1::5 send-community standard\n  neighbor 2001:db8:13:1::5 send-community large\n exit-address-family\n!\n!\ndo write\n!\nCONFIG\nvtysh -f /tmp/vrf_config\nexit $?\n"
}

TASK [Deploy vrf configuration] ************************************************
included: /home/pipi/netlab_gh/netsim/ansible/tasks/deploy-config/cumulus.yml for dut

TASK [Render device configuration from /work/netlab_cicd/node_files/dut/vrf] ***
ok: [dut]

TASK [Create local temporary file] *********************************************
changed: [dut -> localhost]

TASK [Create vrf config script in local temporary file] ************************
changed: [dut -> localhost]

TASK [Execute local config script on Cumulus node] *****************************
changed: [dut]

TASK [Remove temporary file /tmp/ansible.dut.7w2_c1prtemp] *********************
changed: [dut -> localhost]

PLAY [Deploy custom deployment templates] **************************************
skipping: no hosts matched

PLAY RECAP *********************************************************************
dut                        : ok=39   changed=12   unreachable=0    failed=0    skipped=6    rescued=0    ignored=0   

Results of configuration script deployments
================================================================================
r1               Script:  initial,bgp,bgp-xact
r2               Script:  initial,bgp,bgp-xact
r3               Script:  initial,bgp,bgp-xact
r4               Script:  initial,bgp,bgp-xact


The device under test has two VRFs with two interfaces in each VRF.
Routers are attached to those interfaces and run BGP with device under test
in a dual-stack (IPv4 + IPv6) environment.

The routing and connectivity tests focus on IPv6 (another test cases focuses
on IPv4), the dual-stack addressing is used only to trigger the incorrect
activation of BGP address families.

* r1 and r2 should be able to ping each other and rtr VRF loopback
* r3 and r4 should be able to ping each other and rtr VRF loopback
* r1 should not be able to reach r3

The test also checks whether DUT unnecessarily enables IPv4 AF over IPv6
EBGP sessions

