vjunos-router:  [INFO] Adjusted wait time in 'v4_p1300' validation
          test to 60
vjunos-router:  [INFO] Adjusted wait time in 'v6_p1300' validation
          test to 60
vjunos-router:  [INFO] Adjusted wait time in 'v4_p1400' validation
          test to 60
vjunos-router:  [INFO] Adjusted wait time in 'v6_p1400' validation
          test to 60
vjunos-router:  [INFO] Adjusted wait time in 'v6_1400_low' validation
          test to 60
[CONFIG]  dut: initial
[CONFIG]  p1: normalize,initial,routing
[CONFIG]  t_1300: initial,routing,hosts,resolv
[CONFIG]  t_1400: initial,routing,hosts (shared),resolv
Created provider configuration file: clab.yml
Created pickled transformed topology data into netlab.snapshot.pickle
Created group_vars for all
Created group_vars for modules
Created group_vars for eos
Created host_vars for p1
Created group_vars for linux
Created host_vars for t_1300, t_1400
Created group_vars for vjunos_router
Created host_vars for dut
Created minimized Ansible inventory hosts.yml
Created Ansible configuration file: ansible.cfg
