Using transformed lab topology from snapshot file netlab.snapshot.pickle
Checking virtualization provider installation
OK: clab installed and working correctly
Starting clab nodes
provider clab: executing sudo -E containerlab deploy --reconfigure -t clab.yml
13:41:40 INFO Containerlab started version=0.74.2
13:41:40 INFO Parsing & checking topology file=clab.yml
13:41:40 INFO Removing directory path=/work/netlab_cicd/junos_c/clab-ml-81
13:41:40 INFO Creating docker network name=nl_mgmt_81 IPv4 subnet=192.168.81.0/24 IPv6 subnet="" MTU=0
13:41:40 WARN Node name will not resolve via DNS name=clab-ml-81-t_1300 reason="name contains invalid characters such as '.' and/or '_'"
13:41:40 WARN Node name will not resolve via DNS name=clab-ml-81-t_1400 reason="name contains invalid characters such as '.' and/or '_'"
13:41:40 INFO Creating lab directory path=/work/netlab_cicd/junos_c/clab-ml-81
13:41:40 INFO Creating container name=t_1400
13:41:40 INFO Creating container name=t_1300
13:41:40 INFO Creating container name=dut
13:41:41 INFO Creating container name=p1
13:41:41 INFO Created link: dut:eth2 ▪┄┄▪ t_1400:eth1
13:41:41 INFO Created link: dut:eth3 ▪┄┄▪ t_1300:eth1
13:41:41 INFO Created link: dut:eth1 ▪┄┄▪ p1:et1
13:41:41 INFO Running postdeploy actions for Arista cEOS 'p1' node
13:42:01 INFO Adding host entries path=/etc/hosts
13:42:01 INFO Adding SSH config for nodes path=/etc/ssh/ssh_config.d/clab-ml-81.conf
13:42:01 INFO containerlab version
  🎉=
  │ A newer containerlab version (0.74.3) is available!
  │ Release notes: https://containerlab.dev/rn/0.74/#0743
  │ Run 'clab version upgrade' or see https://containerlab.dev/install/ for other installation options.
[1m╭[0m[1m───────────────────[0m[1m┬[0m[1m────────────────────────────────────────────[0m[1m┬[0m[1m────────────────────[0m[1m┬[0m[1m────────────────[0m[1m╮[0m
[1m│[0m[1m        Name       [0m[1m│[0m[1m                 Kind/Image                 [0m[1m│[0m[1m        State       [0m[1m│[0m[1m IPv4/6 Address [0m[1m│[0m
[1m├[0m[1m───────────────────[0m[1m┼[0m[1m────────────────────────────────────────────[0m[1m┼[0m[1m────────────────────[0m[1m┼[0m[1m────────────────[0m[1m┤[0m
│ clab-ml-81-dut    │ juniper_vjunosrouter                       │ running            │ 192.168.81.101 │
│                   │ vrnetlab/juniper_vjunos-router:23.4R2-S2.1 │ (health: starting) │ N/A            │
├───────────────────┼────────────────────────────────────────────┼────────────────────┼────────────────┤
│ clab-ml-81-p1     │ ceos                                       │ running            │ 192.168.81.102 │
│                   │ ceos:4.35.2F                               │                    │ N/A            │
├───────────────────┼────────────────────────────────────────────┼────────────────────┼────────────────┤
│ clab-ml-81-t_1300 │ linux                                      │ running            │ 192.168.81.103 │
│                   │ python:3.13-alpine                         │                    │ N/A            │
├───────────────────┼────────────────────────────────────────────┼────────────────────┼────────────────┤
│ clab-ml-81-t_1400 │ linux                                      │ running            │ 192.168.81.104 │
│                   │ python:3.13-alpine                         │                    │ N/A            │
╰───────────────────┴────────────────────────────────────────────┴────────────────────┴────────────────╯

Initial configuration skipped, run 'netlab initial' to configure the devices
