Using transformed lab topology from snapshot file netlab.snapshot.pickle
Checking virtualization provider installation
OK: clab installed and working correctly
Starting clab nodes
provider clab: executing flock -E 42 /tmp/netlab.lock sudo -E containerlab deploy --reconfigure -t clab.yml
18:52:56 INFO Containerlab started version=0.75.0
18:52:56 INFO Parsing & checking topology file=clab.yml
18:52:56 INFO Removing directory path=/work/netlab_cicd/junos/clab-ml-31
18:52:56 INFO Creating docker network name=nl_mgmt_31 IPv4 subnet=192.168.31.0/24 IPv6 subnet="" MTU=0
18:52:56 INFO Creating lab directory path=/work/netlab_cicd/junos/clab-ml-31
18:52:57 INFO Creating container name=r
18:52:57 INFO Creating container name=h1
18:52:57 INFO Creating container name=h2
18:52:57 INFO Created link: r:eth1 ▪┄┄▪ h1:eth1
18:52:57 INFO Created link: r:eth2 ▪┄┄▪ h2:eth1
18:52:57 INFO Adding host entries path=/etc/hosts
18:52:57 INFO Adding SSH config for nodes path=/etc/ssh/ssh_config.d/clab-ml-31.conf
[1m╭[0m[1m───────────────[0m[1m┬[0m[1m────────────────────────────────────────────[0m[1m┬[0m[1m────────────────────[0m[1m┬[0m[1m────────────────[0m[1m╮[0m
[1m│[0m[1m      Name     [0m[1m│[0m[1m                 Kind/Image                 [0m[1m│[0m[1m        State       [0m[1m│[0m[1m IPv4/6 Address [0m[1m│[0m
[1m├[0m[1m───────────────[0m[1m┼[0m[1m────────────────────────────────────────────[0m[1m┼[0m[1m────────────────────[0m[1m┼[0m[1m────────────────[0m[1m┤[0m
│ clab-ml-31-h1 │ linux                                      │ running            │ 192.168.31.101 │
│               │ python:3.13-alpine                         │                    │ N/A            │
├───────────────┼────────────────────────────────────────────┼────────────────────┼────────────────┤
│ clab-ml-31-h2 │ linux                                      │ running            │ 192.168.31.102 │
│               │ python:3.13-alpine                         │                    │ N/A            │
├───────────────┼────────────────────────────────────────────┼────────────────────┼────────────────┤
│ clab-ml-31-r  │ juniper_vjunosrouter                       │ running            │ 192.168.31.232 │
│               │ vrnetlab/juniper_vjunos-router:23.4R2-S2.1 │ (health: starting) │ N/A            │
╰───────────────┴────────────────────────────────────────────┴────────────────────┴────────────────╯

Initial configuration skipped, run 'netlab initial' to configure the devices
