Checking virtualization provider installation
OK: clab installed and working correctly
Stopping clab nodes
09:23:32 INFO Parsing & checking topology file=clab.yml
09:23:32 INFO Parsing & checking topology file=clab.yml
09:23:32 INFO Destroying lab name=ml-83
09:23:33 INFO Removed container name=clab-ml-83-h2
09:23:33 INFO Removed container name=clab-ml-83-s1
09:23:33 INFO Removed container name=clab-ml-83-ros
09:23:34 INFO Removed container name=clab-ml-83-h1
09:23:34 INFO Removing host entries path=/etc/hosts
09:23:34 INFO Removing SSH config path=/etc/ssh/ssh_config.d/clab-ml-83.conf
Cleanup configuration files
... removing clab.yml
... removing ansible.cfg
... removing hosts.yml
... removing directory tree group_vars
... removing directory tree host_vars
... removing directory tree node_files
... removing netlab.snapshot.pickle
