Using transformed lab topology from snapshot file netlab.snapshot.pickle
Checking virtualization provider installation
OK: libvirt installed and working correctly
OK: clab installed and working correctly
Starting libvirt nodes
creating libvirt management network nl_mgmt_85
provider libvirt: executing vagrant up --provider libvirt
Bringing machine 's1' up with 'libvirt' provider...
==> s1: Checking if box 'cisco/csr1000v' version '17.03.08a' is up to date...
[fog][WARNING] Unrecognized arguments: libvirt_ip_command
==> s1: Creating image (snapshot of base box volume).
==> s1: Creating domain with the following settings...
==> s1:  -- Name:              ml-85_s1
==> s1:  -- Description:       Source: /work/netlab_cicd/other_vm/Vagrantfile
==> s1:  -- Domain type:       kvm
==> s1:  -- Cpus:              2
==> s1:  -- Feature:           acpi
==> s1:  -- Feature:           apic
==> s1:  -- Feature:           pae
==> s1:  -- Clock offset:      utc
==> s1:  -- Memory:            4096M
==> s1:  -- Management MAC:    ca:fe:00:07:00:00
==> s1:  -- Base box:          cisco/csr1000v
==> s1:  -- Storage pool:      default
==> s1:  -- Image(vda):        /var/lib/libvirt/images/ml-85_s1.img, virtio, 8G
==> s1:  -- Disk driver opts:  cache='default'
==> s1:  -- Graphics Type:     vnc
==> s1:  -- Video Type:        cirrus
==> s1:  -- Video VRAM:        16384
==> s1:  -- Video 3D accel:    false
==> s1:  -- Keymap:            en-us
==> s1:  -- TPM Backend:       passthrough
==> s1:  -- INPUT:             type=mouse, bus=ps2
==> s1: Creating shared folders metadata...
==> s1: Starting domain.
==> s1: Domain launching with graphics connection settings...
==> s1:  -- Graphics Port:      5900
==> s1:  -- Graphics IP:        127.0.0.1
==> s1:  -- Graphics Password:  Not defined
==> s1:  -- Graphics Websocket: 5700
==> s1: Waiting for domain to get an IP address...
==> s1: Waiting for machine to boot. This may take a few minutes...
    s1: SSH address: 192.168.85.107:22
    s1: SSH username: vagrant
    s1: SSH auth method: private key
==> s1: Machine booted and ready!
Starting clab nodes
Recreating clab-augment.yml configuration file for clab provider
Created provider configuration file: clab-augment.yml
provider clab: executing sudo -E containerlab deploy --reconfigure -t clab-augment.yml
07:58:47 INFO Containerlab started version=0.74.2
07:58:47 INFO Parsing & checking topology file=clab-augment.yml
07:58:47 INFO Removing directory path=/work/netlab_cicd/other_vm/clab-ml-85
07:58:47 INFO Creating docker network name=nl_mgmt_85 IPv4 subnet=192.168.85.0/24 IPv6 subnet="" MTU=0
07:58:47 INFO Creating lab directory path=/work/netlab_cicd/other_vm/clab-ml-85
07:58:47 INFO Creating container name=h2
07:58:47 INFO Creating container name=h1
07:58:47 INFO Creating container name=h4
07:58:47 INFO Creating container name=h3
07:58:47 INFO Creating container name=h5
07:58:47 INFO Creating container name=h6
07:58:47 INFO Creating container name=s2
07:58:48 INFO Created link: h3:eth1 ▪┄┄▪ virbr4:bni85n3i1
07:58:48 INFO Created link: h1:eth1 ▪┄┄▪ virbr3:bni85n1i1
07:58:48 INFO Created link: h5:eth1 ▪┄┄▪ virbr5:bni85n5i1
07:58:48 INFO Created link: s2:et1 ▪┄┄▪ virbr2:bni85n8i1
07:58:48 INFO Created link: h2:eth1 ▪┄┄▪ s2:et2
07:58:48 INFO Created link: h4:eth1 ▪┄┄▪ s2:et3
07:58:49 INFO Created link: h6:eth1 ▪┄┄▪ s2:et4
07:58:49 INFO Running postdeploy actions for Arista cEOS 's2' node
07:59:04 INFO Adding host entries path=/etc/hosts
07:59:04 INFO Adding SSH config for nodes path=/etc/ssh/ssh_config.d/clab-ml-85.conf
07:59:04 INFO containerlab version
  🎉=
  │ A newer containerlab version (0.74.3) is available!
  │ Release notes: https://containerlab.dev/rn/0.74/#0743
  │ Run 'clab version upgrade' or see https://containerlab.dev/install/ for other installation options.
[1m╭[0m[1m───────────────[0m[1m┬[0m[1m────────────────────[0m[1m┬[0m[1m─────────[0m[1m┬[0m[1m────────────────[0m[1m╮[0m
[1m│[0m[1m      Name     [0m[1m│[0m[1m     Kind/Image     [0m[1m│[0m[1m  State  [0m[1m│[0m[1m IPv4/6 Address [0m[1m│[0m
[1m├[0m[1m───────────────[0m[1m┼[0m[1m────────────────────[0m[1m┼[0m[1m─────────[0m[1m┼[0m[1m────────────────[0m[1m┤[0m
│ clab-ml-85-h1 │ linux              │ running │ 192.168.85.101 │
│               │ python:3.13-alpine │         │ N/A            │
├───────────────┼────────────────────┼─────────┼────────────────┤
│ clab-ml-85-h2 │ linux              │ running │ 192.168.85.102 │
│               │ python:3.13-alpine │         │ N/A            │
├───────────────┼────────────────────┼─────────┼────────────────┤
│ clab-ml-85-h3 │ linux              │ running │ 192.168.85.103 │
│               │ python:3.13-alpine │         │ N/A            │
├───────────────┼────────────────────┼─────────┼────────────────┤
│ clab-ml-85-h4 │ linux              │ running │ 192.168.85.104 │
│               │ python:3.13-alpine │         │ N/A            │
├───────────────┼────────────────────┼─────────┼────────────────┤
│ clab-ml-85-h5 │ linux              │ running │ 192.168.85.105 │
│               │ python:3.13-alpine │         │ N/A            │
├───────────────┼────────────────────┼─────────┼────────────────┤
│ clab-ml-85-h6 │ linux              │ running │ 192.168.85.106 │
│               │ python:3.13-alpine │         │ N/A            │
├───────────────┼────────────────────┼─────────┼────────────────┤
│ clab-ml-85-s2 │ ceos               │ running │ 192.168.85.108 │
│               │ ceos:4.35.2F       │         │ N/A            │
╰───────────────┴────────────────────┴─────────┴────────────────╯

Initial configuration skipped, run 'netlab initial' to configure the devices
