Using transformed lab topology from snapshot file netlab.snapshot.pickle
Checking virtualization provider installation
OK: libvirt installed and working correctly
OK: clab installed and working correctly
Starting libvirt nodes
creating libvirt management network nl_mgmt_85
provider libvirt: executing vagrant up --provider libvirt
Bringing machine 'r1' up with 'libvirt' provider...
Bringing machine 'r3' up with 'libvirt' provider...
==> r1: Checking if box 'cisco/csr1000v' version '17.03.08a' is up to date...
[fog][WARNING] Unrecognized arguments: libvirt_ip_command
==> r1: Creating image (snapshot of base box volume).
==> r1: Creating domain with the following settings...
==> r1:  -- Name:              ml-85_r1
==> r1:  -- Description:       Source: /work/netlab_cicd/other_vm/Vagrantfile
==> r1:  -- Domain type:       kvm
==> r1:  -- Cpus:              2
==> r1:  -- Feature:           acpi
==> r1:  -- Feature:           apic
==> r1:  -- Feature:           pae
==> r1:  -- Clock offset:      utc
==> r1:  -- Memory:            4096M
==> r1:  -- Management MAC:    ca:fe:00:01:00:00
==> r1:  -- Base box:          cisco/csr1000v
==> r1:  -- Storage pool:      default
==> r1:  -- Image(vda):        /var/lib/libvirt/images/ml-85_r1.img, virtio, 8G
==> r1:  -- Disk driver opts:  cache='default'
==> r1:  -- Graphics Type:     vnc
==> r1:  -- Video Type:        cirrus
==> r1:  -- Video VRAM:        16384
==> r1:  -- Video 3D accel:    false
==> r1:  -- Keymap:            en-us
==> r1:  -- TPM Backend:       passthrough
==> r1:  -- INPUT:             type=mouse, bus=ps2
==> r3: Checking if box 'cisco/csr1000v' version '17.03.08a' is up to date...
[fog][WARNING] Unrecognized arguments: libvirt_ip_command
==> r3: Creating image (snapshot of base box volume).
==> r3: Creating domain with the following settings...
==> r3:  -- Name:              ml-85_r3
==> r3:  -- Description:       Source: /work/netlab_cicd/other_vm/Vagrantfile
==> r3:  -- Domain type:       kvm
==> r3:  -- Cpus:              2
==> r3:  -- Feature:           acpi
==> r3:  -- Feature:           apic
==> r3:  -- Feature:           pae
==> r3:  -- Clock offset:      utc
==> r3:  -- Memory:            4096M
==> r3:  -- Management MAC:    ca:fe:00:03:00:00
==> r3:  -- Base box:          cisco/csr1000v
==> r3:  -- Storage pool:      default
==> r3:  -- Image(vda):        /var/lib/libvirt/images/ml-85_r3.img, virtio, 8G
==> r3:  -- Disk driver opts:  cache='default'
==> r3:  -- Graphics Type:     vnc
==> r3:  -- Video Type:        cirrus
==> r3:  -- Video VRAM:        16384
==> r3:  -- Video 3D accel:    false
==> r3:  -- Keymap:            en-us
==> r3:  -- TPM Backend:       passthrough
==> r3:  -- INPUT:             type=mouse, bus=ps2
==> r1: Creating shared folders metadata...
==> r1: Starting domain.
==> r1: Domain launching with graphics connection settings...
==> r1:  -- Graphics Port:      5900
==> r1:  -- Graphics IP:        127.0.0.1
==> r1:  -- Graphics Password:  Not defined
==> r1:  -- Graphics Websocket: 5700
==> r1: Waiting for domain to get an IP address...
==> r3: Creating shared folders metadata...
==> r3: Starting domain.
==> r3: Domain launching with graphics connection settings...
==> r3:  -- Graphics Port:      5901
==> r3:  -- Graphics IP:        127.0.0.1
==> r3:  -- Graphics Password:  Not defined
==> r3:  -- Graphics Websocket: 5701
==> r3: Waiting for domain to get an IP address...
==> r1: Waiting for machine to boot. This may take a few minutes...
    r1: SSH address: 192.168.85.101:22
    r1: SSH username: vagrant
    r1: SSH auth method: private key
==> r3: Waiting for machine to boot. This may take a few minutes...
    r3: SSH address: 192.168.85.103:22
    r3: SSH username: vagrant
    r3: SSH auth method: private key
==> r1: Machine booted and ready!
==> r3: Machine booted and ready!
Starting clab nodes
Recreating clab-augment.yml configuration file for clab provider
Created provider configuration file: clab-augment.yml
provider clab: executing sudo -E containerlab deploy --reconfigure -t clab-augment.yml
08:06:56 INFO Containerlab started version=0.74.2
08:06:56 INFO Parsing & checking topology file=clab-augment.yml
08:06:56 INFO Removing directory path=/work/netlab_cicd/other_vm/clab-ml-85
08:06:56 INFO Creating docker network name=nl_mgmt_85 IPv4 subnet=192.168.85.0/24 IPv6 subnet="" MTU=0
08:06:56 INFO Creating lab directory path=/work/netlab_cicd/other_vm/clab-ml-85
08:06:56 INFO Creating container name=h5
08:06:56 INFO Creating container name=h1
08:06:56 INFO Creating container name=h4
08:06:56 INFO Creating container name=h2
08:06:56 INFO Creating container name=r2
08:06:56 INFO Creating container name=h3
08:06:57 INFO Created link: r2:eth1 ▪┄┄▪ virbr2:bni85n2i1
08:06:57 INFO Created link: h4:eth1 ▪┄┄▪ virbr8:bni85n7i1
08:06:58 INFO Created link: h5:eth1 ▪┄┄▪ virbr4:bni85n8i1
08:06:58 INFO Created link: h1:eth1 ▪┄┄▪ virbr3:bni85n4i1
08:06:58 INFO Created link: r2:eth2 ▪┄┄▪ virbr6:bni85n2i2
08:06:58 INFO Created link: h3:eth1 ▪┄┄▪ virbr5:bni85n6i1
08:06:58 INFO Created link: h2:eth1 ▪┄┄▪ virbr7:bni85n5i1
08:06:58 INFO Executed command node=r2 command="sleep 1" stdout=""
08:06:58 INFO Adding host entries path=/etc/hosts
08:06:58 INFO Adding SSH config for nodes path=/etc/ssh/ssh_config.d/clab-ml-85.conf
08:06:58 INFO containerlab version
  🎉=
  │ A newer containerlab version (0.74.3) is available!
  │ Release notes: https://containerlab.dev/rn/0.74/#0743
  │ Run 'clab version upgrade' or see https://containerlab.dev/install/ for other installation options.
[1m╭[0m[1m───────────────[0m[1m┬[0m[1m──────────────────────────────[0m[1m┬[0m[1m─────────[0m[1m┬[0m[1m────────────────[0m[1m╮[0m
[1m│[0m[1m      Name     [0m[1m│[0m[1m          Kind/Image          [0m[1m│[0m[1m  State  [0m[1m│[0m[1m IPv4/6 Address [0m[1m│[0m
[1m├[0m[1m───────────────[0m[1m┼[0m[1m──────────────────────────────[0m[1m┼[0m[1m─────────[0m[1m┼[0m[1m────────────────[0m[1m┤[0m
│ clab-ml-85-h1 │ linux                        │ running │ 192.168.85.104 │
│               │ python:3.13-alpine           │         │ N/A            │
├───────────────┼──────────────────────────────┼─────────┼────────────────┤
│ clab-ml-85-h2 │ linux                        │ running │ 192.168.85.105 │
│               │ python:3.13-alpine           │         │ N/A            │
├───────────────┼──────────────────────────────┼─────────┼────────────────┤
│ clab-ml-85-h3 │ linux                        │ running │ 192.168.85.106 │
│               │ python:3.13-alpine           │         │ N/A            │
├───────────────┼──────────────────────────────┼─────────┼────────────────┤
│ clab-ml-85-h4 │ linux                        │ running │ 192.168.85.107 │
│               │ python:3.13-alpine           │         │ N/A            │
├───────────────┼──────────────────────────────┼─────────┼────────────────┤
│ clab-ml-85-h5 │ linux                        │ running │ 192.168.85.108 │
│               │ python:3.13-alpine           │         │ N/A            │
├───────────────┼──────────────────────────────┼─────────┼────────────────┤
│ clab-ml-85-r2 │ linux                        │ running │ 192.168.85.102 │
│               │ quay.io/frrouting/frr:10.6.0 │         │ N/A            │
╰───────────────┴──────────────────────────────┴─────────┴────────────────╯

Initial configuration skipped, run 'netlab initial' to configure the devices
