Creating Device configuration snippets
[CREATED] dut: initial,routing,vrf
[CREATED] h1: initial,routing
[CREATED] h2: initial,routing
[CREATED] h3: initial,routing
[CREATED] v1: initial,routing
[CREATED] v2: initial,routing
[CREATED] v3: initial,routing
Config Deploying device configurations
 [INFO] Executing initial configuration for node h1 (namespace clab-
          ml-85-h1)
 [INFO] Executing initial configuration for node h2 (namespace clab-
          ml-85-h2)
 [INFO] Executing initial configuration for node h3 (namespace clab-
          ml-85-h3)
 [INFO] Executing initial configuration for node v1 (namespace clab-
          ml-85-v1)
 [INFO] Executing initial configuration for node v2 (namespace clab-
          ml-85-v2)
 [INFO] Executing initial configuration for node v3 (namespace clab-
          ml-85-v3)
 [INFO] Executing routing configuration for node h1 (namespace clab-
          ml-85-h1)
 [INFO] Executing routing configuration for node v1 (namespace clab-
          ml-85-v1)
 [INFO] Executing routing configuration for node h3 (namespace clab-
          ml-85-h3)
 [INFO] Executing routing configuration for node h2 (namespace clab-
          ml-85-h2)
 [INFO] Executing routing configuration for node v2 (namespace clab-
          ml-85-v2)
 [INFO] Executing routing configuration for node v3 (namespace clab-
          ml-85-v3)
 [INFO] Starting Ansible playbook to deploy the rest of the
          configurations
[WARNING]: Found variable using reserved name: hosts

PLAY [Deploy initial device configuration] *************************************

TASK [Set variables that cannot be set with VARS] ******************************
ok: [dut]

TASK [Normalize config on bridge-like devices] *********************************
included: /home/pipi/net101/tools/netsim/ansible/tasks/deploy-module.yml for dut

TASK [Figure out whether to deploy the module normalize on current device] *****
ok: [dut]

TASK [Find configuration template for normalize] *******************************
ok: [dut]

TASK [fail] ********************************************************************
skipping: [dut]

TASK [Find configuration deployment deploy_script for normalize] ***************
ok: [dut]

TASK [Print deployed configuration when running in verbose mode] ***************
skipping: [dut]

TASK [Deploy normalize configuration] ******************************************
skipping: [dut]

TASK [Deploy initial configuration] ********************************************
included: /home/pipi/net101/tools/netsim/ansible/tasks/deploy-module.yml for dut

TASK [Figure out whether to deploy the module initial on current device] *******
ok: [dut]

TASK [Find configuration template for initial] *********************************
ok: [dut]

TASK [fail] ********************************************************************
skipping: [dut]

TASK [Find configuration deployment deploy_script for initial] *****************
ok: [dut]

TASK [Print deployed configuration when running in verbose mode] ***************
ok: [dut] => {
    "msg": "initial configuration for dut\n=========================================\nhostname dut\n!\nlldp\n!\n\nvrf tenant\n    rd 65000:1\n!\n\n    address-family ipv4 unicast\n        route-target import 65000:1\n        route-target export 65000:1\n    exit-address-family\n    address-family ipv6 unicast\n        route-target import 65000:1\n        route-target export 65000:1\n    exit-address-family\n\n\n\ninterface mgmt\n    no lldp transmit\n    no lldp receive\n!\n\n\ninterface loopback 0\n    ip address 10.0.0.1/32\n    ipv6 address 2001:db8:1:1::1/64\n    no ipv6 nd suppress-ra\n    ipv6 nd ra min-interval 3\n    ipv6 nd ra max-interval 4\n    no shutdown\n!\n\ninterface 1/1/1\n    shutdown\n    mtu 9198\n    description dut -> h1 [stub]\n    ip address 172.16.0.1/24\n    ipv6 address 2001:db8:2::1/64\n    no ipv6 nd suppress-ra\n    ipv6 nd ra min-interval 3\n    ipv6 nd ra max-interval 4\n    no shutdown\n!\n\ninterface 1/1/2\n    shutdown\n    mtu 9198\n    description dut -> [h2,h3] [stub]\n    ip address 172.16.42.1/24\n    ipv6 address 2001:db8:cafe:42::1/64\n    no ipv6 nd suppress-ra\n    ipv6 nd ra min-interval 3\n    ipv6 nd ra max-interval 4\n    no shutdown\n!\n\ninterface 1/1/3\n    shutdown\n    mtu 9198\n    vrf attach tenant\n    description dut -> v1 [stub]\n    ip address 172.16.1.1/24\n    ipv6 address 2001:db8:2:1::1/64\n    no ipv6 nd suppress-ra\n    ipv6 nd ra min-interval 3\n    ipv6 nd ra max-interval 4\n    no shutdown\n!\n\ninterface 1/1/4\n    shutdown\n    mtu 9198\n    vrf attach tenant\n    description dut -> [v2,v3] [stub]\n    ip address 172.16.42.1/24\n    ipv6 address 2001:db8:cafe:42::1/64\n    no ipv6 nd suppress-ra\n    ipv6 nd ra min-interval 3\n    ipv6 nd ra max-interval 4\n    no shutdown\n!\n!\n"
}

TASK [Deploy initial configuration] ********************************************
included: /home/pipi/net101/tools/netsim/ansible/tasks/deploy-config/arubacx.yml for dut

TASK [tempfile] ****************************************************************
changed: [dut -> localhost]

TASK [template] ****************************************************************
changed: [dut -> localhost]

TASK [aoscx_config: deploying initial from /work/netlab_cicd/other_vm/node_files/dut/initial] ***
changed: [dut]

TASK [file] ********************************************************************
changed: [dut -> localhost]

PLAY [Deploy module-specific configurations] ***********************************

TASK [Set variables that cannot be set with VARS] ******************************
ok: [dut]

TASK [Deploy individual configuration modules] *********************************
included: /home/pipi/net101/tools/netsim/ansible/tasks/deploy-module.yml for dut => (item=routing)
included: /home/pipi/net101/tools/netsim/ansible/tasks/deploy-module.yml for dut => (item=vrf)

TASK [Figure out whether to deploy the module routing on current device] *******
ok: [dut]

TASK [Find configuration template for routing] *********************************
ok: [dut]

TASK [fail] ********************************************************************
skipping: [dut]

TASK [Find configuration deployment deploy_script for routing] *****************
ok: [dut]

TASK [Print deployed configuration when running in verbose mode] ***************
ok: [dut] => {
    "msg": "routing configuration for dut\n=========================================\n!\n!\n!\n!\n!\n! Static routes\n!\nip route 172.16.42.42 255.255.255.255 nullroute \nipv6 route 2001:db8:cafe:42::2a/128 nullroute \nip route 172.16.42.64 255.255.255.255 nullroute vrf tenant \nipv6 route 2001:db8:cafe:42::40/128 nullroute vrf tenant \n"
}

TASK [Deploy routing configuration] ********************************************
included: /home/pipi/net101/tools/netsim/ansible/tasks/deploy-config/arubacx.yml for dut

TASK [tempfile] ****************************************************************
changed: [dut -> localhost]

TASK [template] ****************************************************************
changed: [dut -> localhost]

TASK [aoscx_config: deploying routing from /work/netlab_cicd/other_vm/node_files/dut/routing] ***
changed: [dut]

TASK [file] ********************************************************************
changed: [dut -> localhost]

TASK [Figure out whether to deploy the module vrf on current device] ***********
ok: [dut]

TASK [Find configuration template for vrf] *************************************
ok: [dut]

TASK [fail] ********************************************************************
skipping: [dut]

TASK [Find configuration deployment deploy_script for vrf] *********************
ok: [dut]

TASK [Print deployed configuration when running in verbose mode] ***************
ok: [dut] => {
    "msg": "vrf configuration for dut\n=========================================\n\n"
}

TASK [Deploy vrf configuration] ************************************************
included: /home/pipi/net101/tools/netsim/ansible/tasks/deploy-config/arubacx.yml for dut

TASK [tempfile] ****************************************************************
changed: [dut -> localhost]

TASK [template] ****************************************************************
changed: [dut -> localhost]

TASK [aoscx_config: deploying vrf from /work/netlab_cicd/other_vm/node_files/dut/vrf] ***
ok: [dut]

TASK [file] ********************************************************************
changed: [dut -> localhost]

PLAY [Deploy custom deployment templates] **************************************
skipping: no hosts matched

PLAY RECAP *********************************************************************
dut                        : ok=36   changed=11   unreachable=0    failed=0    skipped=6    rescued=0    ignored=0   

Results of configuration script deployments
================================================================================
h1               Script:  initial,routing
h2               Script:  initial,routing
h3               Script:  initial,routing
v1               Script:  initial,routing
v2               Script:  initial,routing
v3               Script:  initial,routing


Use this topology to test 'discard' IPv4 and IPv6 static routes.
H1 should be able to reach H2 but not H3 (due to a discard static route)

