Checking virtualization provider installation
OK: libvirt installed and working correctly
OK: clab installed and working correctly
Stopping clab nodes
 [INFO] Setting containerlab runtime to docker
provider clab: executing flock -E 42 /tmp/netlab.lock containerlab destroy --cleanup -t clab-augment.yml
15:52:08 INFO Parsing & checking topology file=clab-augment.yml
15:52:08 INFO Parsing & checking topology file=clab-augment.yml
15:52:08 INFO Destroying lab name=ml-17
15:52:09 INFO Removed container name=clab-ml-17-x3
15:52:09 INFO Removed container name=clab-ml-17-x2
15:52:09 INFO Removed container name=clab-ml-17-vx3
15:52:09 INFO Removed container name=clab-ml-17-vx1
15:52:09 INFO Removed container name=clab-ml-17-vx2
15:52:10 INFO Removed container name=clab-ml-17-x1
15:52:10 INFO Removing host entries path=/etc/hosts
15:52:10 INFO Removing SSH config path=/etc/ssh/ssh_config.d/clab-ml-17.conf

Stopping libvirt nodes
provider libvirt: executing flock -E 42 /tmp/netlab.lock vagrant destroy -f
[fog][WARNING] Unrecognized arguments: libvirt_ip_command
==> dut: Removing domain...
==> dut: Deleting the machine folder
Cleanup configuration files
... removing Vagrantfile
... removing clab-augment.yml
... removing ansible.cfg
... removing hosts.yml
... removing directory tree group_vars
... removing directory tree host_vars
... removing directory tree node_files
... removing netlab.snapshot.pickle
