Using transformed lab topology from snapshot file netlab.snapshot.pickle
Checking virtualization provider installation
OK: clab installed and working correctly
Starting clab nodes
provider clab: executing sudo -E containerlab deploy --reconfigure -t clab.yml
19:48:57 INFO Containerlab started version=0.74.2
19:48:57 INFO Parsing & checking topology file=clab.yml
19:48:57 INFO Removing directory path=/work/netlab_cicd/junos/clab-ml-31
19:48:57 INFO Creating docker network name=nl_mgmt_31 IPv4 subnet=192.168.31.0/24 IPv6 subnet="" MTU=0
19:48:57 INFO Creating lab directory path=/work/netlab_cicd/junos/clab-ml-31
19:48:57 INFO Creating container name=dut
19:48:57 INFO Creating container name=r1
19:48:57 INFO Creating container name=x1
19:48:57 INFO Creating container name=dut2
19:48:57 INFO Creating container name=x2
19:48:58 INFO Created link: dut:eth1 ▪┄┄▪ r1:eth1
19:48:58 INFO Created link: dut:eth2 ▪┄┄▪ x1:eth1
19:48:58 INFO Created link: dut:eth3 ▪┄┄▪ x2:eth1
19:48:59 INFO Created link: dut:eth4 ▪┄┄▪ dut2:eth1
19:48:59 INFO Executed command node=x1 command="sleep 1" stdout=""
19:48:59 INFO Executed command node=r1 command="sleep 1" stdout=""
19:48:59 INFO Executed command node=x2 command="sleep 1" stdout=""
19:48:59 INFO Adding host entries path=/etc/hosts
19:49:00 INFO Adding SSH config for nodes path=/etc/ssh/ssh_config.d/clab-ml-31.conf
19:49:00 INFO containerlab version
  🎉=
  │ A newer containerlab version (0.74.3) is available!
  │ Release notes: https://containerlab.dev/rn/0.74/#0743
  │ Run 'clab version upgrade' or see https://containerlab.dev/install/ for other installation options.
[1m╭[0m[1m─────────────────[0m[1m┬[0m[1m────────────────────────────────────────────[0m[1m┬[0m[1m────────────────────[0m[1m┬[0m[1m────────────────[0m[1m╮[0m
[1m│[0m[1m       Name      [0m[1m│[0m[1m                 Kind/Image                 [0m[1m│[0m[1m        State       [0m[1m│[0m[1m IPv4/6 Address [0m[1m│[0m
[1m├[0m[1m─────────────────[0m[1m┼[0m[1m────────────────────────────────────────────[0m[1m┼[0m[1m────────────────────[0m[1m┼[0m[1m────────────────[0m[1m┤[0m
│ clab-ml-31-dut  │ juniper_vjunosrouter                       │ running            │ 192.168.31.101 │
│                 │ vrnetlab/juniper_vjunos-router:23.4R2-S2.1 │ (health: starting) │ N/A            │
├─────────────────┼────────────────────────────────────────────┼────────────────────┼────────────────┤
│ clab-ml-31-dut2 │ juniper_vjunosrouter                       │ running            │ 192.168.31.102 │
│                 │ vrnetlab/juniper_vjunos-router:23.4R2-S2.1 │ (health: starting) │ N/A            │
├─────────────────┼────────────────────────────────────────────┼────────────────────┼────────────────┤
│ clab-ml-31-r1   │ linux                                      │ running            │ 192.168.31.105 │
│                 │ quay.io/frrouting/frr:10.6.0               │                    │ N/A            │
├─────────────────┼────────────────────────────────────────────┼────────────────────┼────────────────┤
│ clab-ml-31-x1   │ linux                                      │ running            │ 192.168.31.103 │
│                 │ quay.io/frrouting/frr:10.6.0               │                    │ N/A            │
├─────────────────┼────────────────────────────────────────────┼────────────────────┼────────────────┤
│ clab-ml-31-x2   │ linux                                      │ running            │ 192.168.31.104 │
│                 │ quay.io/frrouting/frr:10.6.0               │                    │ N/A            │
╰─────────────────┴────────────────────────────────────────────┴────────────────────┴────────────────╯

Initial configuration skipped, run 'netlab initial' to configure the devices
