Checking virtualization provider installation
OK: clab installed and working correctly
Stopping clab nodes
provider clab: executing flock -E 42 /tmp/netlab.lock sudo -E containerlab destroy --cleanup -t clab.yml
05:45:16 INFO Parsing & checking topology file=clab.yml
05:45:16 INFO Parsing & checking topology file=clab.yml
05:45:16 INFO Destroying lab name=ml-17
05:45:16 INFO Removed container name=clab-ml-17-ce1
05:45:17 INFO Removed container name=clab-ml-17-h2
05:45:17 INFO Removed container name=clab-ml-17-p
05:45:17 INFO Removed container name=clab-ml-17-h1
05:45:17 INFO Removed container name=clab-ml-17-dut
05:45:17 INFO Removed container name=clab-ml-17-pe2
05:45:17 INFO Removed container name=clab-ml-17-ce2
05:45:17 INFO Removing host entries path=/etc/hosts
05:45:17 INFO Removing SSH config path=/etc/ssh/ssh_config.d/clab-ml-17.conf
Cleanup configuration files
... removing clab.yml
... removing ansible.cfg
... removing hosts.yml
... removing directory tree group_vars
... removing directory tree host_vars
... removing directory tree node_files
... removing netlab.snapshot.pickle
