Using transformed lab topology from snapshot file netlab.snapshot.pickle
Checking virtualization provider installation
OK: clab installed and working correctly
Starting clab nodes
provider clab: executing sudo -E containerlab deploy --reconfigure -t clab.yml
09:01:04 INFO Containerlab started version=0.74.2
09:01:04 INFO Parsing & checking topology file=clab.yml
09:01:04 INFO Removing directory path=/work/netlab_cicd/nokia_c/clab-ml-83
09:01:04 INFO Creating docker network name=nl_mgmt_83 IPv4 subnet=192.168.83.0/24 IPv6 subnet="" MTU=0
09:01:04 INFO Creating lab directory path=/work/netlab_cicd/nokia_c/clab-ml-83
09:01:05 INFO Creating container name=h3
09:01:05 INFO Creating container name=h4
09:01:05 INFO Creating container name=h1
09:01:05 INFO Creating container name=h2
09:01:05 WARN node "s1": kind is nokia_srsim but the provided image does not have the correct labels; please use a valid SR-SIM container image or run a more recent version of the SR-SIM container image to suppress this warning
09:01:05 WARN Failed to write chassis_info.json to lab dir node=s1 path=/work/netlab_cicd/nokia_c/clab-ml-83/s1 error="/opt/nokia/chassis_info.json not found in image graph driver (UpperDir/MergedDir)"
09:01:05 INFO Retrieved SR OS version from image node=s1 version=25.7.R1
09:01:05 INFO Creating container name=s1
09:01:05 INFO Creating container name=s2
09:01:06 INFO Created link: h1:eth1 ▪┄┄▪ s1:e1-1-c2-1 (1/1/c2/1)
09:01:06 INFO Created link: h3:eth1 ▪┄┄▪ s1:e1-1-c3-1 (1/1/c3/1)
09:01:06 INFO Running postdeploy actions kind=nokia_srsim node=s1
09:01:06 INFO Created link: s1:e1-1-c1-1 (1/1/c1/1) ▪┄┄▪ s2:et1
09:01:06 INFO Created link: h2:eth1 ▪┄┄▪ s2:et2
09:01:06 INFO Created link: h4:eth1 ▪┄┄▪ s2:et3
09:01:06 INFO Running postdeploy actions for Arista cEOS 's2' node
09:01:13 INFO Saving node "clab-ml-83-s1" config as startup...
09:01:13 INFO Saved running configuration node=s1 addr=192.168.83.105 config-mode=model-driven
09:01:40 INFO Adding host entries path=/etc/hosts
09:01:40 INFO Adding SSH config for nodes path=/etc/ssh/ssh_config.d/clab-ml-83.conf
09:01:40 INFO containerlab version
  🎉=
  │ A newer containerlab version (0.74.3) is available!
  │ Release notes: https://containerlab.dev/rn/0.74/#0743
  │ Run 'clab version upgrade' or see https://containerlab.dev/install/ for other installation options.
[1m╭[0m[1m───────────────[0m[1m┬[0m[1m─────────────────────[0m[1m┬[0m[1m─────────[0m[1m┬[0m[1m────────────────[0m[1m╮[0m
[1m│[0m[1m      Name     [0m[1m│[0m[1m      Kind/Image     [0m[1m│[0m[1m  State  [0m[1m│[0m[1m IPv4/6 Address [0m[1m│[0m
[1m├[0m[1m───────────────[0m[1m┼[0m[1m─────────────────────[0m[1m┼[0m[1m─────────[0m[1m┼[0m[1m────────────────[0m[1m┤[0m
│ clab-ml-83-h1 │ linux               │ running │ 192.168.83.101 │
│               │ python:3.13-alpine  │         │ N/A            │
├───────────────┼─────────────────────┼─────────┼────────────────┤
│ clab-ml-83-h2 │ linux               │ running │ 192.168.83.102 │
│               │ python:3.13-alpine  │         │ N/A            │
├───────────────┼─────────────────────┼─────────┼────────────────┤
│ clab-ml-83-h3 │ linux               │ running │ 192.168.83.103 │
│               │ python:3.13-alpine  │         │ N/A            │
├───────────────┼─────────────────────┼─────────┼────────────────┤
│ clab-ml-83-h4 │ linux               │ running │ 192.168.83.104 │
│               │ python:3.13-alpine  │         │ N/A            │
├───────────────┼─────────────────────┼─────────┼────────────────┤
│ clab-ml-83-s1 │ nokia_srsim         │ running │ 192.168.83.105 │
│               │ nokia_srsim:25.7.R1 │         │ N/A            │
├───────────────┼─────────────────────┼─────────┼────────────────┤
│ clab-ml-83-s2 │ ceos                │ running │ 192.168.83.106 │
│               │ ceos:4.35.2F        │         │ N/A            │
╰───────────────┴─────────────────────┴─────────┴────────────────╯

Initial configuration skipped, run 'netlab initial' to configure the devices
