Using transformed lab topology from snapshot file netlab.snapshot.pickle
Checking virtualization provider installation
OK: clab installed and working correctly
Starting clab nodes
provider clab: executing sudo -E containerlab deploy --reconfigure -t clab.yml
09:02:27 INFO Containerlab started version=0.74.2
09:02:27 INFO Parsing & checking topology file=clab.yml
09:02:27 INFO Removing directory path=/work/netlab_cicd/nokia_c/clab-ml-83
09:02:27 INFO Creating docker network name=nl_mgmt_83 IPv4 subnet=192.168.83.0/24 IPv6 subnet="" MTU=0
09:02:27 INFO Creating lab directory path=/work/netlab_cicd/nokia_c/clab-ml-83
09:02:27 INFO Creating container name=r1
09:02:27 INFO Creating container name=s1
09:02:27 INFO Creating container name=r2
09:02:27 INFO Creating container name=s2
09:02:27 WARN node "ros": kind is nokia_srsim but the provided image does not have the correct labels; please use a valid SR-SIM container image or run a more recent version of the SR-SIM container image to suppress this warning
09:02:27 WARN Failed to write chassis_info.json to lab dir node=ros path=/work/netlab_cicd/nokia_c/clab-ml-83/ros error="/opt/nokia/chassis_info.json not found in image graph driver (UpperDir/MergedDir)"
09:02:27 INFO Retrieved SR OS version from image node=ros version=25.7.R1
09:02:27 INFO Creating container name=ros
09:02:28 INFO Created link: s1:eth1 ▪┄┄▪ s2:eth1
09:02:28 INFO Created link: ros:e1-1-c1-1 (1/1/c1/1) ▪┄┄▪ s2:eth2
09:02:29 INFO Running postdeploy actions kind=nokia_srsim node=ros
09:02:29 INFO Created link: s1:eth2 ▪┄┄▪ r1:eth1
09:02:29 INFO Created link: s1:eth3 ▪┄┄▪ r2:eth1
09:02:36 INFO Saving node "clab-ml-83-ros" config as startup...
09:02:36 INFO Saved running configuration node=ros addr=192.168.83.101 config-mode=model-driven
09:02:36 INFO Executed command node=s2 command="sleep 1" stdout=""
09:02:36 INFO Executed command node=r1 command="sleep 1" stdout=""
09:02:36 INFO Executed command node=s1 command="sleep 1" stdout=""
09:02:36 INFO Executed command node=r2 command="sleep 1" stdout=""
09:02:36 INFO Adding host entries path=/etc/hosts
09:02:36 INFO Adding SSH config for nodes path=/etc/ssh/ssh_config.d/clab-ml-83.conf
09:02:36 INFO containerlab version
  🎉=
  │ A newer containerlab version (0.74.3) is available!
  │ Release notes: https://containerlab.dev/rn/0.74/#0743
  │ Run 'clab version upgrade' or see https://containerlab.dev/install/ for other installation options.
[1m╭[0m[1m────────────────[0m[1m┬[0m[1m──────────────────────────────[0m[1m┬[0m[1m─────────[0m[1m┬[0m[1m────────────────[0m[1m╮[0m
[1m│[0m[1m      Name      [0m[1m│[0m[1m          Kind/Image          [0m[1m│[0m[1m  State  [0m[1m│[0m[1m IPv4/6 Address [0m[1m│[0m
[1m├[0m[1m────────────────[0m[1m┼[0m[1m──────────────────────────────[0m[1m┼[0m[1m─────────[0m[1m┼[0m[1m────────────────[0m[1m┤[0m
│ clab-ml-83-r1  │ linux                        │ running │ 192.168.83.104 │
│                │ quay.io/frrouting/frr:10.6.0 │         │ N/A            │
├────────────────┼──────────────────────────────┼─────────┼────────────────┤
│ clab-ml-83-r2  │ linux                        │ running │ 192.168.83.105 │
│                │ quay.io/frrouting/frr:10.6.0 │         │ N/A            │
├────────────────┼──────────────────────────────┼─────────┼────────────────┤
│ clab-ml-83-ros │ nokia_srsim                  │ running │ 192.168.83.101 │
│                │ nokia_srsim:25.7.R1          │         │ N/A            │
├────────────────┼──────────────────────────────┼─────────┼────────────────┤
│ clab-ml-83-s1  │ linux                        │ running │ 192.168.83.102 │
│                │ quay.io/frrouting/frr:10.6.0 │         │ N/A            │
├────────────────┼──────────────────────────────┼─────────┼────────────────┤
│ clab-ml-83-s2  │ linux                        │ running │ 192.168.83.103 │
│                │ quay.io/frrouting/frr:10.6.0 │         │ N/A            │
╰────────────────┴──────────────────────────────┴─────────┴────────────────╯

Initial configuration skipped, run 'netlab initial' to configure the devices
