Creating Device configuration snippets
[CREATED] ros: initial,vlan,ospf
[CREATED] s1: initial,vlan
[CREATED] s2: initial,vlan
[CREATED] r1: initial,ospf
[CREATED] r2: initial,ospf
Checking Are lab devices ready to be configured?
 [INFO] Checking lab devices with an Ansible playbook
[WARNING]: Could not match supplied host pattern, ignoring: netlab_ready_ssh
[WARNING]: Found variable using reserved name: hosts

PLAY [Wait for SSH servers] ****************************************************
skipping: no hosts matched

PLAY [Wait for device-specific conditions] *************************************

TASK [Set variables that cannot be set with VARS] ******************************
ok: [ros]

TASK [Find device readiness script] ********************************************
ok: [ros]

TASK [Wait for device to become ready] *****************************************
included: /home/pipi/netlab_gh/netsim/ansible/tasks/readiness-check/srsim.yml for ros

TASK [Common SR-OS checks] *****************************************************
included: /home/pipi/netlab_gh/netsim/ansible/tasks/readiness-check/sros.yml for ros

TASK [Check that required plugin exists, use 'netlab install grpc' to install it] ***
ok: [ros]

TASK [Wait up to 180s for gNMI(TCP 57400) to be ready on 192.168.83.101] *******
ok: [ros -> localhost]

TASK [Update SR-SIM hardware configuration] ************************************
changed: [ros]

TASK [Get port 1/1/c1 status] **************************************************
FAILED - RETRYING: [ros]: Get port 1/1/c1 status (10 retries left).
FAILED - RETRYING: [ros]: Get port 1/1/c1 status (9 retries left).
FAILED - RETRYING: [ros]: Get port 1/1/c1 status (8 retries left).
ok: [ros]

PLAY RECAP *********************************************************************
ros                        : ok=8    changed=1    unreachable=0    failed=0    skipped=0    rescued=0    ignored=0   

Config Deploying device configurations
 [INFO] Executing initial configuration for node s1
 [INFO] Executing initial configuration for node s2
 [INFO] Executing initial configuration for node r1
 [INFO] Executing initial configuration for node r2
 [INFO] Executing ospf configuration for node r1
 [INFO] Executing vlan configuration for node s1
 [INFO] Executing vlan configuration for node s2
 [INFO] Executing ospf configuration for node r2
 [INFO] Starting Ansible playbook to deploy the rest of the
          configurations
[WARNING]: Found variable using reserved name: hosts

PLAY [Deploy initial device configuration] *************************************

TASK [Set variables that cannot be set with VARS] ******************************
ok: [ros]

TASK [Normalize config on bridge-like devices] *********************************
included: /home/pipi/netlab_gh/netsim/ansible/tasks/deploy-module.yml for ros

TASK [Figure out whether to deploy the module normalize on current device] *****
ok: [ros]

TASK [Find configuration template for normalize] *******************************
ok: [ros]

TASK [fail] ********************************************************************
skipping: [ros]

TASK [Find configuration deployment deploy_script for normalize] ***************
ok: [ros]

TASK [Print deployed configuration when running in verbose mode] ***************
skipping: [ros]

TASK [Deploy normalize configuration] ******************************************
skipping: [ros]

TASK [Deploy initial configuration] ********************************************
included: /home/pipi/netlab_gh/netsim/ansible/tasks/deploy-module.yml for ros

TASK [Figure out whether to deploy the module initial on current device] *******
ok: [ros]

TASK [Find configuration template for initial] *********************************
ok: [ros]

TASK [fail] ********************************************************************
skipping: [ros]

TASK [Find configuration deployment deploy_script for initial] *****************
ok: [ros]

TASK [Print deployed configuration when running in verbose mode] ***************
ok: [ros] => {
    "msg": "initial configuration for ros\n=========================================\n\n\n\n\n\nupdates:\n- path: configure/card[slot-number=1]\n  val:\n    card-type: iom-1\n    mda:\n    - mda-slot: 1\n      mda-type: me12-100gb-qsfp28\n    - mda-slot: 2\n      mda-type: me12-100gb-qsfp28\n    slot-number: 1\n\n- path: configure/router[router-name=Base]\n  val:\n   ecmp: 64\n\n\n\n\n\n\n- path: configure/router[router-name=Base]/interface[interface-name=system]\n\n  val:\n   admin-state: enable\n   description: \"System interface\"\n   ipv4:\n    primary:\n     address: \"10.0.0.1\"\n     prefix-length: 32\n\n\n\n"
}

TASK [Deploy initial configuration] ********************************************
included: /home/pipi/netlab_gh/netsim/ansible/tasks/deploy-config/sros.yml for ros

TASK [Generate gNMI YAML configuration] ****************************************
ok: [ros]

TASK [Update initial node configuration from gNMI template /work/netlab_cicd/nokia_c/node_files/ros/initial] ***
changed: [ros]

TASK [debug] *******************************************************************
skipping: [ros]

PLAY [Deploy module-specific configurations] ***********************************

TASK [Set variables that cannot be set with VARS] ******************************
ok: [ros]

TASK [Deploy individual configuration modules] *********************************
included: /home/pipi/netlab_gh/netsim/ansible/tasks/deploy-module.yml for ros => (item=vlan)
included: /home/pipi/netlab_gh/netsim/ansible/tasks/deploy-module.yml for ros => (item=ospf)

TASK [Figure out whether to deploy the module vlan on current device] **********
ok: [ros]

TASK [Find configuration template for vlan] ************************************
ok: [ros]

TASK [fail] ********************************************************************
skipping: [ros]

TASK [Find configuration deployment deploy_script for vlan] ********************
ok: [ros]

TASK [Print deployed configuration when running in verbose mode] ***************
ok: [ros] => {
    "msg": "vlan configuration for ros\n=========================================\n\nupdates:\n\n\n- path: configure/port[port-id=1/1/c1]\n  val:\n   admin-state: enable\n   connector:\n    breakout: \"c1-100g\"\n- path: configure/port[port-id=1/1/c1/1]\n  val:\n   admin-state: enable\n   ethernet:\n    mtu: 1518 # max 9800\n    mode: hybrid\n    encap-type: dot1q\n\n\n\n\n\n- path: configure/port[port-id=1/1/c1]\n  val:\n   admin-state: enable\n   connector:\n    breakout: \"c1-100g\"\n- path: configure/port[port-id=1/1/c1/1]\n  val:\n   admin-state: enable\n   ethernet:\n    encap-type: dot1q\n\n\n\n- path: configure/router[router-name=Base]/interface[interface-name=eth-1/1/c1/1_701]\n\n  val:\n   admin-state: enable\n   description: \"ros ~ [r2,s1,s2] ()vlan= 701\"\n   port: \"1/1/c1/1:701\"\n   ipv4:\n    primary:\n     address: \"172.16.1.1\"\n     prefix-length: 24\n\n\n\n\n\n\n- path: configure/port[port-id=1/1/c1]\n  val:\n   admin-state: enable\n   connector:\n    breakout: \"c1-100g\"\n- path: configure/port[port-id=1/1/c1/1]\n  val:\n   admin-state: enable\n   ethernet:\n    encap-type: dot1q\n\n\n\n- path: configure/router[router-name=Base]/interface[interface-name=eth-1/1/c1/1_700]\n\n  val:\n   admin-state: enable\n   description: \"ros ~ [r1,s1,s2] ()vlan= 700\"\n   port: \"1/1/c1/1:700\"\n   ipv4:\n    primary:\n     address: \"172.16.0.1\"\n     prefix-length: 24\n\n\n\n\n \n"
}

TASK [Deploy vlan configuration] ***********************************************
included: /home/pipi/netlab_gh/netsim/ansible/tasks/deploy-config/sros.yml for ros

TASK [Generate gNMI YAML configuration] ****************************************
ok: [ros]

TASK [Update vlan node configuration from gNMI template /work/netlab_cicd/nokia_c/node_files/ros/vlan] ***
changed: [ros]

TASK [debug] *******************************************************************
skipping: [ros]

TASK [Figure out whether to deploy the module ospf on current device] **********
ok: [ros]

TASK [Find configuration template for ospf] ************************************
ok: [ros]

TASK [fail] ********************************************************************
skipping: [ros]

TASK [Find configuration deployment deploy_script for ospf] ********************
ok: [ros]

TASK [Print deployed configuration when running in verbose mode] ***************
ok: [ros] => {
    "msg": "ospf configuration for ros\n=========================================\n\n\n\n\nupdates:\n\n\n- path: configure/router[router-name=Base]/ospf[ospf-instance=0]\n\n  val:\n    admin-state: enable\n    router-id: 10.0.0.1\n    area:\n    - area-id: \"0.0.0.0\"\n      interface:\n      - interface-name: \"system\"\n      - interface-name: \"eth-1/1/c1/1_701\"\n      - interface-name: \"eth-1/1/c1/1_700\"\n\n"
}

TASK [Deploy ospf configuration] ***********************************************
included: /home/pipi/netlab_gh/netsim/ansible/tasks/deploy-config/sros.yml for ros

TASK [Generate gNMI YAML configuration] ****************************************
ok: [ros]

TASK [Update ospf node configuration from gNMI template /work/netlab_cicd/nokia_c/node_files/ros/ospf] ***
changed: [ros]

TASK [debug] *******************************************************************
skipping: [ros]

PLAY [Deploy custom deployment templates] **************************************
skipping: no hosts matched

PLAY RECAP *********************************************************************
ros                        : ok=30   changed=3    unreachable=0    failed=0    skipped=9    rescued=0    ignored=0   

Results of configuration script deployments
================================================================================
s1               Script:  initial,vlan
s2               Script:  initial,vlan
r1               Script:  initial,ospf
r2               Script:  initial,ospf


A router-on-a-stick is attached to a VLAN trunk and runs OSPF
on all attached VLANs

* r1, r2, and ros should be able to ping each other

Please note it might take a while for the lab to work due to
STP and OSPF setup phase

