Using transformed lab topology from snapshot file netlab.snapshot.pickle
Checking virtualization provider installation
OK: clab installed and working correctly
Starting clab nodes
provider clab: executing sudo -E containerlab deploy --reconfigure -t clab.yml
09:03:44 INFO Containerlab started version=0.74.2
09:03:44 INFO Parsing & checking topology file=clab.yml
09:03:44 INFO Removing directory path=/work/netlab_cicd/nokia_c/clab-ml-83
09:03:44 INFO Creating docker network name=nl_mgmt_83 IPv4 subnet=192.168.83.0/24 IPv6 subnet="" MTU=0
09:03:44 INFO Creating lab directory path=/work/netlab_cicd/nokia_c/clab-ml-83
09:03:44 INFO Creating container name=h3
09:03:44 INFO Creating container name=h4
09:03:44 INFO Creating container name=h1
09:03:44 INFO Creating container name=h2
09:03:44 INFO Creating container name=r2
09:03:44 INFO Creating container name=h5
09:03:44 WARN node "r1": kind is nokia_srsim but the provided image does not have the correct labels; please use a valid SR-SIM container image or run a more recent version of the SR-SIM container image to suppress this warning
09:03:44 WARN node "r3": kind is nokia_srsim but the provided image does not have the correct labels; please use a valid SR-SIM container image or run a more recent version of the SR-SIM container image to suppress this warning
09:03:44 WARN Failed to write chassis_info.json to lab dir node=r1 path=/work/netlab_cicd/nokia_c/clab-ml-83/r1 error="/opt/nokia/chassis_info.json not found in image graph driver (UpperDir/MergedDir)"
09:03:44 WARN Failed to write chassis_info.json to lab dir node=r3 path=/work/netlab_cicd/nokia_c/clab-ml-83/r3 error="/opt/nokia/chassis_info.json not found in image graph driver (UpperDir/MergedDir)"
09:03:44 INFO Retrieved SR OS version from image node=r1 version=25.7.R1
09:03:44 INFO Retrieved SR OS version from image node=r3 version=25.7.R1
09:03:44 INFO Creating container name=r1
09:03:44 INFO Creating container name=r3
09:03:46 INFO Created link: r1:e1-1-c2-1 (1/1/c2/1) ▪┄┄▪ h1:eth1
09:03:46 INFO Created link: r1:e1-1-c3-1 (1/1/c3/1) ▪┄┄▪ h5:eth1
09:03:46 INFO Created link: r1:e1-1-c4-1 (1/1/c4/1) ▪┄┄▪ h3:eth1
09:03:46 INFO Running postdeploy actions kind=nokia_srsim node=r1
09:03:46 INFO Created link: r1:e1-1-c1-1 (1/1/c1/1) ▪┄┄▪ r2:eth1
09:03:47 INFO Created link: r2:eth2 ▪┄┄▪ r3:e1-1-c1-1 (1/1/c1/1)
09:03:47 INFO Created link: r3:e1-1-c2-1 (1/1/c2/1) ▪┄┄▪ h2:eth1
09:03:47 INFO Created link: r3:e1-1-c3-1 (1/1/c3/1) ▪┄┄▪ h4:eth1
09:03:47 INFO Running postdeploy actions kind=nokia_srsim node=r3
09:03:53 INFO Saving node "clab-ml-83-r1" config as startup...
09:03:54 INFO Saving node "clab-ml-83-r3" config as startup...
09:03:54 INFO Saved running configuration node=r1 addr=192.168.83.101 config-mode=model-driven
09:03:54 INFO Saved running configuration node=r3 addr=192.168.83.103 config-mode=model-driven
09:03:54 INFO Executed command node=r2 command="sleep 1" stdout=""
09:03:54 INFO Adding host entries path=/etc/hosts
09:03:54 INFO Adding SSH config for nodes path=/etc/ssh/ssh_config.d/clab-ml-83.conf
09:03:54 INFO containerlab version
  🎉=
  │ A newer containerlab version (0.74.3) is available!
  │ Release notes: https://containerlab.dev/rn/0.74/#0743
  │ Run 'clab version upgrade' or see https://containerlab.dev/install/ for other installation options.
[1m╭[0m[1m───────────────[0m[1m┬[0m[1m──────────────────────────────[0m[1m┬[0m[1m─────────[0m[1m┬[0m[1m────────────────[0m[1m╮[0m
[1m│[0m[1m      Name     [0m[1m│[0m[1m          Kind/Image          [0m[1m│[0m[1m  State  [0m[1m│[0m[1m IPv4/6 Address [0m[1m│[0m
[1m├[0m[1m───────────────[0m[1m┼[0m[1m──────────────────────────────[0m[1m┼[0m[1m─────────[0m[1m┼[0m[1m────────────────[0m[1m┤[0m
│ clab-ml-83-h1 │ linux                        │ running │ 192.168.83.104 │
│               │ python:3.13-alpine           │         │ N/A            │
├───────────────┼──────────────────────────────┼─────────┼────────────────┤
│ clab-ml-83-h2 │ linux                        │ running │ 192.168.83.105 │
│               │ python:3.13-alpine           │         │ N/A            │
├───────────────┼──────────────────────────────┼─────────┼────────────────┤
│ clab-ml-83-h3 │ linux                        │ running │ 192.168.83.106 │
│               │ python:3.13-alpine           │         │ N/A            │
├───────────────┼──────────────────────────────┼─────────┼────────────────┤
│ clab-ml-83-h4 │ linux                        │ running │ 192.168.83.107 │
│               │ python:3.13-alpine           │         │ N/A            │
├───────────────┼──────────────────────────────┼─────────┼────────────────┤
│ clab-ml-83-h5 │ linux                        │ running │ 192.168.83.108 │
│               │ python:3.13-alpine           │         │ N/A            │
├───────────────┼──────────────────────────────┼─────────┼────────────────┤
│ clab-ml-83-r1 │ nokia_srsim                  │ running │ 192.168.83.101 │
│               │ nokia_srsim:25.7.R1          │         │ N/A            │
├───────────────┼──────────────────────────────┼─────────┼────────────────┤
│ clab-ml-83-r2 │ linux                        │ running │ 192.168.83.102 │
│               │ quay.io/frrouting/frr:10.6.0 │         │ N/A            │
├───────────────┼──────────────────────────────┼─────────┼────────────────┤
│ clab-ml-83-r3 │ nokia_srsim                  │ running │ 192.168.83.103 │
│               │ nokia_srsim:25.7.R1          │         │ N/A            │
╰───────────────┴──────────────────────────────┴─────────┴────────────────╯

Initial configuration skipped, run 'netlab initial' to configure the devices
