Creating Device configuration snippets
[CREATED] r1: initial,vlan,ospf,vrf
[CREATED] r2: initial,vlan,ospf,vrf
[CREATED] r3: initial,vlan,ospf,vrf
[CREATED] h1: initial,routing
[CREATED] h2: initial,routing
[CREATED] h3: initial,routing
[CREATED] h4: initial,routing
[CREATED] h5: initial,routing
Checking Are lab devices ready to be configured?
 [INFO] Checking lab devices with an Ansible playbook
[WARNING]: Could not match supplied host pattern, ignoring: netlab_ready_ssh
[WARNING]: Found variable using reserved name: hosts

PLAY [Wait for SSH servers] ****************************************************
skipping: no hosts matched

PLAY [Wait for device-specific conditions] *************************************

TASK [Set variables that cannot be set with VARS] ******************************
ok: [r3]
ok: [r1]

TASK [Find device readiness script] ********************************************
ok: [r1]
ok: [r3]

TASK [Wait for device to become ready] *****************************************
included: /home/pipi/netlab_gh/netsim/ansible/tasks/readiness-check/srsim.yml for r1, r3

TASK [Common SR-OS checks] *****************************************************
included: /home/pipi/netlab_gh/netsim/ansible/tasks/readiness-check/sros.yml for r1, r3

TASK [Check that required plugin exists, use 'netlab install grpc' to install it] ***
ok: [r1]
ok: [r3]

TASK [Wait up to 180s for gNMI(TCP 57400) to be ready on 192.168.83.101] *******
ok: [r1 -> localhost]
ok: [r3 -> localhost]

TASK [Update SR-SIM hardware configuration] ************************************
changed: [r1]
changed: [r3]

TASK [Get port 1/1/c1 status] **************************************************
FAILED - RETRYING: [r1]: Get port 1/1/c1 status (10 retries left).
FAILED - RETRYING: [r3]: Get port 1/1/c1 status (10 retries left).
FAILED - RETRYING: [r1]: Get port 1/1/c1 status (9 retries left).
FAILED - RETRYING: [r3]: Get port 1/1/c1 status (9 retries left).
FAILED - RETRYING: [r1]: Get port 1/1/c1 status (8 retries left).
FAILED - RETRYING: [r3]: Get port 1/1/c1 status (8 retries left).
ok: [r1]
ok: [r3]

PLAY RECAP *********************************************************************
r1                         : ok=8    changed=1    unreachable=0    failed=0    skipped=0    rescued=0    ignored=0   
r3                         : ok=8    changed=1    unreachable=0    failed=0    skipped=0    rescued=0    ignored=0   

Config Deploying device configurations
 [INFO] Executing initial configuration for node r2
 [INFO] Executing initial configuration for node h1 (namespace clab-
          ml-83-h1)
 [INFO] Executing initial configuration for node h2 (namespace clab-
          ml-83-h2)
 [INFO] Executing initial configuration for node h3 (namespace clab-
          ml-83-h3)
 [INFO] Executing initial configuration for node h4 (namespace clab-
          ml-83-h4)
 [INFO] Executing initial configuration for node h5 (namespace clab-
          ml-83-h5)
 [INFO] Executing routing configuration for node h1 (namespace clab-
          ml-83-h1)
 [INFO] Executing routing configuration for node h3 (namespace clab-
          ml-83-h3)
 [INFO] Executing routing configuration for node h5 (namespace clab-
          ml-83-h5)
 [INFO] Executing routing configuration for node h2 (namespace clab-
          ml-83-h2)
 [INFO] Executing routing configuration for node h4 (namespace clab-
          ml-83-h4)
 [INFO] Executing vlan configuration for node r2
 [INFO] Executing ospf configuration for node r2
 [INFO] Executing vrf configuration for node r2
 [INFO] Starting Ansible playbook to deploy the rest of the
          configurations
[WARNING]: Found variable using reserved name: hosts

PLAY [Deploy initial device configuration] *************************************

TASK [Set variables that cannot be set with VARS] ******************************
ok: [r1]
ok: [r3]

TASK [Normalize config on bridge-like devices] *********************************
included: /home/pipi/netlab_gh/netsim/ansible/tasks/deploy-module.yml for r1, r3

TASK [Figure out whether to deploy the module normalize on current device] *****
ok: [r1]
ok: [r3]

TASK [Find configuration template for normalize] *******************************
ok: [r1]
ok: [r3]

TASK [fail] ********************************************************************
skipping: [r1]
skipping: [r3]

TASK [Find configuration deployment deploy_script for normalize] ***************
ok: [r1]
ok: [r3]

TASK [Print deployed configuration when running in verbose mode] ***************
skipping: [r1]
skipping: [r3]

TASK [Deploy normalize configuration] ******************************************
skipping: [r1]
skipping: [r3]

TASK [Deploy initial configuration] ********************************************
included: /home/pipi/netlab_gh/netsim/ansible/tasks/deploy-module.yml for r1, r3

TASK [Figure out whether to deploy the module initial on current device] *******
ok: [r1]
ok: [r3]

TASK [Find configuration template for initial] *********************************
ok: [r1]
ok: [r3]

TASK [fail] ********************************************************************
skipping: [r1]
skipping: [r3]

TASK [Find configuration deployment deploy_script for initial] *****************
ok: [r1]
ok: [r3]

TASK [Print deployed configuration when running in verbose mode] ***************
ok: [r1] => {
    "msg": "initial configuration for r1\n=========================================\n\n\n\n\n\nupdates:\n- path: configure/card[slot-number=1]\n  val:\n    card-type: iom-1\n    mda:\n    - mda-slot: 1\n      mda-type: me12-100gb-qsfp28\n    - mda-slot: 2\n      mda-type: me12-100gb-qsfp28\n    slot-number: 1\n\n- path: configure/router[router-name=Base]\n  val:\n   ecmp: 64\n\n\n\n\n\n\n- path: configure/router[router-name=Base]/interface[interface-name=system]\n\n  val:\n   admin-state: enable\n   description: \"System interface\"\n   ipv4:\n    primary:\n     address: \"10.0.0.1\"\n     prefix-length: 32\n\n\n\n"
}
ok: [r3] => {
    "msg": "initial configuration for r3\n=========================================\n\n\n\n\n\nupdates:\n- path: configure/card[slot-number=1]\n  val:\n    card-type: iom-1\n    mda:\n    - mda-slot: 1\n      mda-type: me12-100gb-qsfp28\n    - mda-slot: 2\n      mda-type: me12-100gb-qsfp28\n    slot-number: 1\n\n- path: configure/router[router-name=Base]\n  val:\n   ecmp: 64\n\n\n\n\n\n\n- path: configure/router[router-name=Base]/interface[interface-name=system]\n\n  val:\n   admin-state: enable\n   description: \"System interface\"\n   ipv4:\n    primary:\n     address: \"10.0.0.3\"\n     prefix-length: 32\n\n\n\n"
}

TASK [Deploy initial configuration] ********************************************
included: /home/pipi/netlab_gh/netsim/ansible/tasks/deploy-config/sros.yml for r1, r3

TASK [Generate gNMI YAML configuration] ****************************************
ok: [r1]
ok: [r3]

TASK [Update initial node configuration from gNMI template /work/netlab_cicd/nokia_c/node_files/r1/initial] ***
changed: [r1]
changed: [r3]

TASK [debug] *******************************************************************
skipping: [r1]
skipping: [r3]

PLAY [Deploy module-specific configurations] ***********************************

TASK [Set variables that cannot be set with VARS] ******************************
ok: [r1]
ok: [r3]

TASK [Deploy individual configuration modules] *********************************
included: /home/pipi/netlab_gh/netsim/ansible/tasks/deploy-module.yml for r1, r3 => (item=vlan)
included: /home/pipi/netlab_gh/netsim/ansible/tasks/deploy-module.yml for r1, r3 => (item=routing)
included: /home/pipi/netlab_gh/netsim/ansible/tasks/deploy-module.yml for r1, r3 => (item=ospf)
included: /home/pipi/netlab_gh/netsim/ansible/tasks/deploy-module.yml for r1, r3 => (item=vrf)

TASK [Figure out whether to deploy the module vlan on current device] **********
ok: [r1]
ok: [r3]

TASK [Find configuration template for vlan] ************************************
ok: [r1]
ok: [r3]

TASK [fail] ********************************************************************
skipping: [r1]
skipping: [r3]

TASK [Find configuration deployment deploy_script for vlan] ********************
ok: [r3]
ok: [r1]

TASK [Print deployed configuration when running in verbose mode] ***************
ok: [r1] => {
    "msg": "vlan configuration for r1\n=========================================\n\nupdates:\n\n\n- path: configure/port[port-id=1/1/c1]\n  val:\n   admin-state: enable\n   connector:\n    breakout: \"c1-100g\"\n- path: configure/port[port-id=1/1/c1/1]\n  val:\n   admin-state: enable\n   ethernet:\n    mtu: 1518 # max 9800\n    mode: access\n    encap-type: dot1q\n\n\n\n\n\n- path: configure/port[port-id=1/1/c2]\n  val:\n   admin-state: enable\n   connector:\n    breakout: \"c1-100g\"\n- path: configure/port[port-id=1/1/c2/1]\n  val:\n   admin-state: enable\n   ethernet:\n    mtu: 1514 # max 9800\n    mode: access\n\n\n- path: configure/service/vprn[service-name=red]\n  val:\n   customer: \"1\"\n   admin-state: enable\n   service-id: 100\n#   ecmp: 64\n\n- path: configure/service/vprn[service-name=red]/interface[interface-name=eth-1/1/c2]\n\n  val:\n   admin-state: enable\n   description: \"r1 ~ h1 (stub)\"\n   ip-mtu: 1500\n   sap:\n   - sap-id: \"1/1/c2/1\"\n   ipv4:\n    primary:\n     address: \"172.16.0.1\"\n     prefix-length: 24\n\n\n\n\n\n\n- path: configure/port[port-id=1/1/c3]\n  val:\n   admin-state: enable\n   connector:\n    breakout: \"c1-100g\"\n- path: configure/port[port-id=1/1/c3/1]\n  val:\n   admin-state: enable\n   ethernet:\n    mtu: 1514 # max 9800\n    mode: access\n\n\n- path: configure/service/vprn[service-name=red]\n  val:\n   customer: \"1\"\n   admin-state: enable\n   service-id: 100\n#   ecmp: 64\n\n- path: configure/service/vprn[service-name=red]/interface[interface-name=eth-1/1/c3]\n\n  val:\n   admin-state: enable\n   description: \"r1 ~ h5 (stub)\"\n   ip-mtu: 1500\n   sap:\n   - sap-id: \"1/1/c3/1\"\n   ipv4:\n    primary:\n     address: \"172.16.2.1\"\n     prefix-length: 24\n\n\n\n\n\n\n- path: configure/port[port-id=1/1/c4]\n  val:\n   admin-state: enable\n   connector:\n    breakout: \"c1-100g\"\n- path: configure/port[port-id=1/1/c4/1]\n  val:\n   admin-state: enable\n   ethernet:\n    mtu: 1514 # max 9800\n    mode: access\n\n\n- path: configure/service/vprn[service-name=blue]\n  val:\n   customer: \"1\"\n   admin-state: enable\n   service-id: 101\n#   ecmp: 64\n\n- path: configure/service/vprn[service-name=blue]/interface[interface-name=eth-1/1/c4]\n\n  val:\n   admin-state: enable\n   description: \"r1 ~ h3 (stub)\"\n   ip-mtu: 1500\n   sap:\n   - sap-id: \"1/1/c4/1\"\n   ipv4:\n    primary:\n     address: \"172.16.3.1\"\n     prefix-length: 24\n\n\n\n\n\n\n- path: configure/port[port-id=1/1/c1]\n  val:\n   admin-state: enable\n   connector:\n    breakout: \"c1-100g\"\n- path: configure/port[port-id=1/1/c1/1]\n  val:\n   admin-state: enable\n   ethernet:\n    encap-type: dot1q\n\n\n- path: configure/service/vprn[service-name=blue]\n  val:\n   customer: \"1\"\n   admin-state: enable\n   service-id: 101\n#   ecmp: 64\n\n- path: configure/service/vprn[service-name=blue]/interface[interface-name=eth-1/1/c1/1_701]\n\n  val:\n   admin-state: enable\n   description: \"r1 ~ r2 ()vlan= 701\"\n   sap:\n   - sap-id: \"1/1/c1/1:701\"\n   ipv4:\n    primary:\n     address: \"10.1.0.1\"\n     prefix-length: 30\n\n\n\n\n\n\n- path: configure/port[port-id=1/1/c1]\n  val:\n   admin-state: enable\n   connector:\n    breakout: \"c1-100g\"\n- path: configure/port[port-id=1/1/c1/1]\n  val:\n   admin-state: enable\n   ethernet:\n    encap-type: dot1q\n\n\n- path: configure/service/vprn[service-name=red]\n  val:\n   customer: \"1\"\n   admin-state: enable\n   service-id: 100\n#   ecmp: 64\n\n- path: configure/service/vprn[service-name=red]/interface[interface-name=eth-1/1/c1/1_700]\n\n  val:\n   admin-state: enable\n   description: \"r1 ~ r2 ()vlan= 700\"\n   sap:\n   - sap-id: \"1/1/c1/1:700\"\n   ipv4:\n    primary:\n     address: \"10.1.0.5\"\n     prefix-length: 30\n\n\n\n\n \n"
}
ok: [r3] => {
    "msg": "vlan configuration for r3\n=========================================\n\nupdates:\n\n\n- path: configure/port[port-id=1/1/c1]\n  val:\n   admin-state: enable\n   connector:\n    breakout: \"c1-100g\"\n- path: configure/port[port-id=1/1/c1/1]\n  val:\n   admin-state: enable\n   ethernet:\n    mtu: 1518 # max 9800\n    mode: access\n    encap-type: dot1q\n\n\n\n\n\n- path: configure/port[port-id=1/1/c2]\n  val:\n   admin-state: enable\n   connector:\n    breakout: \"c1-100g\"\n- path: configure/port[port-id=1/1/c2/1]\n  val:\n   admin-state: enable\n   ethernet:\n    mtu: 1514 # max 9800\n    mode: access\n\n\n- path: configure/service/vprn[service-name=red]\n  val:\n   customer: \"1\"\n   admin-state: enable\n   service-id: 100\n#   ecmp: 64\n\n- path: configure/service/vprn[service-name=red]/interface[interface-name=eth-1/1/c2]\n\n  val:\n   admin-state: enable\n   description: \"r3 ~ h2 (stub)\"\n   ip-mtu: 1500\n   sap:\n   - sap-id: \"1/1/c2/1\"\n   ipv4:\n    primary:\n     address: \"172.16.1.3\"\n     prefix-length: 24\n\n\n\n\n\n\n- path: configure/port[port-id=1/1/c3]\n  val:\n   admin-state: enable\n   connector:\n    breakout: \"c1-100g\"\n- path: configure/port[port-id=1/1/c3/1]\n  val:\n   admin-state: enable\n   ethernet:\n    mtu: 1514 # max 9800\n    mode: access\n\n\n- path: configure/service/vprn[service-name=blue]\n  val:\n   customer: \"1\"\n   admin-state: enable\n   service-id: 101\n#   ecmp: 64\n\n- path: configure/service/vprn[service-name=blue]/interface[interface-name=eth-1/1/c3]\n\n  val:\n   admin-state: enable\n   description: \"r3 ~ h4 (stub)\"\n   ip-mtu: 1500\n   sap:\n   - sap-id: \"1/1/c3/1\"\n   ipv4:\n    primary:\n     address: \"172.16.4.3\"\n     prefix-length: 24\n\n\n\n\n\n\n- path: configure/port[port-id=1/1/c1]\n  val:\n   admin-state: enable\n   connector:\n    breakout: \"c1-100g\"\n- path: configure/port[port-id=1/1/c1/1]\n  val:\n   admin-state: enable\n   ethernet:\n    encap-type: dot1q\n\n\n- path: configure/service/vprn[service-name=blue]\n  val:\n   customer: \"1\"\n   admin-state: enable\n   service-id: 101\n#   ecmp: 64\n\n- path: configure/service/vprn[service-name=blue]/interface[interface-name=eth-1/1/c1/1_701]\n\n  val:\n   admin-state: enable\n   description: \"r3 ~ r2 ()vlan= 701\"\n   sap:\n   - sap-id: \"1/1/c1/1:701\"\n   ipv4:\n    primary:\n     address: \"10.1.0.10\"\n     prefix-length: 30\n\n\n\n\n\n\n- path: configure/port[port-id=1/1/c1]\n  val:\n   admin-state: enable\n   connector:\n    breakout: \"c1-100g\"\n- path: configure/port[port-id=1/1/c1/1]\n  val:\n   admin-state: enable\n   ethernet:\n    encap-type: dot1q\n\n\n- path: configure/service/vprn[service-name=red]\n  val:\n   customer: \"1\"\n   admin-state: enable\n   service-id: 100\n#   ecmp: 64\n\n- path: configure/service/vprn[service-name=red]/interface[interface-name=eth-1/1/c1/1_700]\n\n  val:\n   admin-state: enable\n   description: \"r3 ~ r2 ()vlan= 700\"\n   sap:\n   - sap-id: \"1/1/c1/1:700\"\n   ipv4:\n    primary:\n     address: \"10.1.0.14\"\n     prefix-length: 30\n\n\n\n\n \n"
}

TASK [Deploy vlan configuration] ***********************************************
included: /home/pipi/netlab_gh/netsim/ansible/tasks/deploy-config/sros.yml for r1, r3

TASK [Generate gNMI YAML configuration] ****************************************
ok: [r1]
ok: [r3]

TASK [Update vlan node configuration from gNMI template /work/netlab_cicd/nokia_c/node_files/r1/vlan] ***
changed: [r3]
changed: [r1]

TASK [debug] *******************************************************************
skipping: [r1]
skipping: [r3]

TASK [Figure out whether to deploy the module routing on current device] *******
ok: [r1]
ok: [r3]

TASK [Find configuration template for routing] *********************************
skipping: [r1]
skipping: [r3]

TASK [fail] ********************************************************************
skipping: [r1]
skipping: [r3]

TASK [Find configuration deployment deploy_script for routing] *****************
skipping: [r1]
skipping: [r3]

TASK [Print deployed configuration when running in verbose mode] ***************
skipping: [r1]
skipping: [r3]

TASK [Deploy routing configuration] ********************************************
skipping: [r1]
skipping: [r3]

TASK [Figure out whether to deploy the module ospf on current device] **********
ok: [r1]
ok: [r3]

TASK [Find configuration template for ospf] ************************************
ok: [r1]
ok: [r3]

TASK [fail] ********************************************************************
skipping: [r1]
skipping: [r3]

TASK [Find configuration deployment deploy_script for ospf] ********************
ok: [r3]
ok: [r1]

TASK [Print deployed configuration when running in verbose mode] ***************
ok: [r1] => {
    "msg": "ospf configuration for r1\n=========================================\n\n\n\n\nupdates:\n"
}
ok: [r3] => {
    "msg": "ospf configuration for r3\n=========================================\n\n\n\n\nupdates:\n"
}

TASK [Deploy ospf configuration] ***********************************************
included: /home/pipi/netlab_gh/netsim/ansible/tasks/deploy-config/sros.yml for r1, r3

TASK [Generate gNMI YAML configuration] ****************************************
ok: [r1]
ok: [r3]

TASK [Update ospf node configuration from gNMI template /work/netlab_cicd/nokia_c/node_files/r1/ospf] ***
skipping: [r1]
skipping: [r3]

TASK [debug] *******************************************************************
skipping: [r1]
skipping: [r3]

TASK [Figure out whether to deploy the module vrf on current device] ***********
ok: [r1]
ok: [r3]

TASK [Find configuration template for vrf] *************************************
ok: [r1]
ok: [r3]

TASK [fail] ********************************************************************
skipping: [r1]
skipping: [r3]

TASK [Find configuration deployment deploy_script for vrf] *********************
ok: [r1]
ok: [r3]

TASK [Print deployed configuration when running in verbose mode] ***************
ok: [r1] => {
    "msg": "vrf configuration for r1\n=========================================\n\nupdates:\n- path: configure/service/vprn[service-name=red]\n  val:\n    service-id: 100\n    customer: \"1\"\n    autonomous-system: 65000\n    ecmp: 64\n    admin-state: enable\n\n- path: configure/policy-options/policy-statement[name=ospf_red_export]\n  val:\n    default-action:\n      action-type: reject\n    entry:\n    - entry-id: 100\n      from:\n        protocol:\n          name: [ direct ]\n      action:\n        action-type: accept\n\n\n\n- path: configure/service/vprn[service-name=red]\n  val:\n   customer: \"1\"\n   admin-state: enable\n   service-id: 100\n#   ecmp: 64\n\n- path: configure/service/vprn[service-name=red]/ospf[ospf-instance=0]\n\n  val:\n    export-policy: [ ospf_red_export ]\n    admin-state: enable\n    router-id: 10.0.0.1\n    area:\n    - area-id: \"0.0.0.0\"\n      interface:\n      - interface-name: \"eth-1/1/c2\"\n        passive: True\n        interface-type: \"point-to-point\"\n      - interface-name: \"eth-1/1/c3\"\n        passive: True\n        interface-type: \"point-to-point\"\n      - interface-name: \"eth-1/1/c1/1_700\"\n        interface-type: \"point-to-point\"\n\n- path: configure/service/vprn[service-name=blue]\n  val:\n    service-id: 101\n    customer: \"1\"\n    autonomous-system: 65000\n    ecmp: 64\n    admin-state: enable\n\n- path: configure/policy-options/policy-statement[name=ospf_blue_export]\n  val:\n    default-action:\n      action-type: reject\n    entry:\n    - entry-id: 100\n      from:\n        protocol:\n          name: [ direct ]\n      action:\n        action-type: accept\n\n\n\n- path: configure/service/vprn[service-name=blue]\n  val:\n   customer: \"1\"\n   admin-state: enable\n   service-id: 101\n#   ecmp: 64\n\n- path: configure/service/vprn[service-name=blue]/ospf[ospf-instance=0]\n\n  val:\n    export-policy: [ ospf_blue_export ]\n    admin-state: enable\n    router-id: 10.0.0.1\n    area:\n    - area-id: \"0.0.0.0\"\n      interface:\n      - interface-name: \"eth-1/1/c4\"\n        passive: True\n        interface-type: \"point-to-point\"\n      - interface-name: \"eth-1/1/c1/1_701\"\n        interface-type: \"point-to-point\"\n\n"
}
ok: [r3] => {
    "msg": "vrf configuration for r3\n=========================================\n\nupdates:\n- path: configure/service/vprn[service-name=red]\n  val:\n    service-id: 100\n    customer: \"1\"\n    autonomous-system: 65000\n    ecmp: 64\n    admin-state: enable\n\n- path: configure/policy-options/policy-statement[name=ospf_red_export]\n  val:\n    default-action:\n      action-type: reject\n    entry:\n    - entry-id: 100\n      from:\n        protocol:\n          name: [ direct ]\n      action:\n        action-type: accept\n\n\n\n- path: configure/service/vprn[service-name=red]\n  val:\n   customer: \"1\"\n   admin-state: enable\n   service-id: 100\n#   ecmp: 64\n\n- path: configure/service/vprn[service-name=red]/ospf[ospf-instance=0]\n\n  val:\n    export-policy: [ ospf_red_export ]\n    admin-state: enable\n    router-id: 10.0.0.3\n    area:\n    - area-id: \"0.0.0.0\"\n      interface:\n      - interface-name: \"eth-1/1/c2\"\n        passive: True\n        interface-type: \"point-to-point\"\n      - interface-name: \"eth-1/1/c1/1_700\"\n        interface-type: \"point-to-point\"\n\n- path: configure/service/vprn[service-name=blue]\n  val:\n    service-id: 101\n    customer: \"1\"\n    autonomous-system: 65000\n    ecmp: 64\n    admin-state: enable\n\n- path: configure/policy-options/policy-statement[name=ospf_blue_export]\n  val:\n    default-action:\n      action-type: reject\n    entry:\n    - entry-id: 100\n      from:\n        protocol:\n          name: [ direct ]\n      action:\n        action-type: accept\n\n\n\n- path: configure/service/vprn[service-name=blue]\n  val:\n   customer: \"1\"\n   admin-state: enable\n   service-id: 101\n#   ecmp: 64\n\n- path: configure/service/vprn[service-name=blue]/ospf[ospf-instance=0]\n\n  val:\n    export-policy: [ ospf_blue_export ]\n    admin-state: enable\n    router-id: 10.0.0.3\n    area:\n    - area-id: \"0.0.0.0\"\n      interface:\n      - interface-name: \"eth-1/1/c3\"\n        passive: True\n        interface-type: \"point-to-point\"\n      - interface-name: \"eth-1/1/c1/1_701\"\n        interface-type: \"point-to-point\"\n\n"
}

TASK [Deploy vrf configuration] ************************************************
included: /home/pipi/netlab_gh/netsim/ansible/tasks/deploy-config/sros.yml for r1, r3

TASK [Generate gNMI YAML configuration] ****************************************
ok: [r1]
ok: [r3]

TASK [Update vrf node configuration from gNMI template /work/netlab_cicd/nokia_c/node_files/r1/vrf] ***
changed: [r3]
changed: [r1]

TASK [debug] *******************************************************************
skipping: [r1]
skipping: [r3]

PLAY [Deploy custom deployment templates] **************************************
skipping: no hosts matched

PLAY RECAP *********************************************************************
r1                         : ok=39   changed=3    unreachable=0    failed=0    skipped=17   rescued=0    ignored=0   
r3                         : ok=39   changed=3    unreachable=0    failed=0    skipped=17   rescued=0    ignored=0   

Results of configuration script deployments
================================================================================
r2               Script:  initial,vlan,ospf,vrf
h1               Script:  initial,routing
h2               Script:  initial,routing
h3               Script:  initial,routing
h4               Script:  initial,routing
h5               Script:  initial,routing


VRF lite implementation with VLAN trunks

* h1, h2, and h5 should be able to ping each other
* h3 and h4 should be able to ping each other

Please note it might take a while for the lab to work due to
STP and OSPF setup phase

