Creating Device configuration snippets
[CREATED] h1: initial,routing
[CREATED] h2: initial,routing
[CREATED] h3: initial,routing
[CREATED] h4: initial,routing
[CREATED] s1: initial,vlan,ospf
[CREATED] s2: initial,vlan,ospf
Checking Are lab devices ready to be configured?
 [INFO] Checking lab devices with an Ansible playbook
[WARNING]: Could not match supplied host pattern, ignoring: netlab_ready_ssh
[WARNING]: Found variable using reserved name: hosts

PLAY [Wait for SSH servers] ****************************************************
skipping: no hosts matched

PLAY [Wait for device-specific conditions] *************************************

TASK [Set variables that cannot be set with VARS] ******************************
ok: [s1]

TASK [Find device readiness script] ********************************************
ok: [s1]

TASK [Wait for device to become ready] *****************************************
included: /home/pipi/netlab_gh/netsim/ansible/tasks/readiness-check/srsim.yml for s1

TASK [Common SR-OS checks] *****************************************************
included: /home/pipi/netlab_gh/netsim/ansible/tasks/readiness-check/sros.yml for s1

TASK [Check that required plugin exists, use 'netlab install grpc' to install it] ***
ok: [s1]

TASK [Wait up to 180s for gNMI(TCP 57400) to be ready on 192.168.83.105] *******
ok: [s1 -> localhost]

TASK [Update SR-SIM hardware configuration] ************************************
changed: [s1]

TASK [Get port 1/1/c1 status] **************************************************
FAILED - RETRYING: [s1]: Get port 1/1/c1 status (10 retries left).
FAILED - RETRYING: [s1]: Get port 1/1/c1 status (9 retries left).
FAILED - RETRYING: [s1]: Get port 1/1/c1 status (8 retries left).
ok: [s1]

PLAY RECAP *********************************************************************
s1                         : ok=8    changed=1    unreachable=0    failed=0    skipped=0    rescued=0    ignored=0   

Config Deploying device configurations
 [INFO] Executing initial configuration for node h1 (namespace clab-
          ml-83-h1)
 [INFO] Executing initial configuration for node h2 (namespace clab-
          ml-83-h2)
 [INFO] Executing initial configuration for node h3 (namespace clab-
          ml-83-h3)
 [INFO] Executing initial configuration for node h4 (namespace clab-
          ml-83-h4)
 [INFO] Executing initial configuration for node s2
 [INFO] Executing routing configuration for node h3 (namespace clab-
          ml-83-h3)
 [INFO] Executing routing configuration for node h2 (namespace clab-
          ml-83-h2)
 [INFO] Executing routing configuration for node h1 (namespace clab-
          ml-83-h1)
 [INFO] Executing routing configuration for node h4 (namespace clab-
          ml-83-h4)
 [INFO] Executing vlan configuration for node s2
 [INFO] Executing ospf configuration for node s2
 [INFO] Starting Ansible playbook to deploy the rest of the
          configurations
[WARNING]: Found variable using reserved name: hosts

PLAY [Deploy initial device configuration] *************************************

TASK [Set variables that cannot be set with VARS] ******************************
ok: [s1]

TASK [Normalize config on bridge-like devices] *********************************
included: /home/pipi/netlab_gh/netsim/ansible/tasks/deploy-module.yml for s1

TASK [Figure out whether to deploy the module normalize on current device] *****
ok: [s1]

TASK [Find configuration template for normalize] *******************************
ok: [s1]

TASK [fail] ********************************************************************
skipping: [s1]

TASK [Find configuration deployment deploy_script for normalize] ***************
ok: [s1]

TASK [Print deployed configuration when running in verbose mode] ***************
skipping: [s1]

TASK [Deploy normalize configuration] ******************************************
skipping: [s1]

TASK [Deploy initial configuration] ********************************************
included: /home/pipi/netlab_gh/netsim/ansible/tasks/deploy-module.yml for s1

TASK [Figure out whether to deploy the module initial on current device] *******
ok: [s1]

TASK [Find configuration template for initial] *********************************
ok: [s1]

TASK [fail] ********************************************************************
skipping: [s1]

TASK [Find configuration deployment deploy_script for initial] *****************
ok: [s1]

TASK [Print deployed configuration when running in verbose mode] ***************
ok: [s1] => {
    "msg": "initial configuration for s1\n=========================================\n\n\n\n\n\nupdates:\n- path: configure/card[slot-number=1]\n  val:\n    card-type: iom-1\n    mda:\n    - mda-slot: 1\n      mda-type: me12-100gb-qsfp28\n    - mda-slot: 2\n      mda-type: me12-100gb-qsfp28\n    slot-number: 1\n\n- path: configure/router[router-name=Base]\n  val:\n   ecmp: 64\n\n\n\n\n\n\n- path: configure/router[router-name=Base]/interface[interface-name=system]\n\n  val:\n   admin-state: enable\n   description: \"System interface\"\n   ipv4:\n    primary:\n     address: \"10.0.0.5\"\n     prefix-length: 32\n\n\n\n"
}

TASK [Deploy initial configuration] ********************************************
included: /home/pipi/netlab_gh/netsim/ansible/tasks/deploy-config/sros.yml for s1

TASK [Generate gNMI YAML configuration] ****************************************
ok: [s1]

TASK [Update initial node configuration from gNMI template /work/netlab_cicd/nokia_c/node_files/s1/initial] ***
changed: [s1]

TASK [debug] *******************************************************************
skipping: [s1]

PLAY [Deploy module-specific configurations] ***********************************

TASK [Set variables that cannot be set with VARS] ******************************
ok: [s1]

TASK [Deploy individual configuration modules] *********************************
included: /home/pipi/netlab_gh/netsim/ansible/tasks/deploy-module.yml for s1 => (item=vlan)
included: /home/pipi/netlab_gh/netsim/ansible/tasks/deploy-module.yml for s1 => (item=routing)
included: /home/pipi/netlab_gh/netsim/ansible/tasks/deploy-module.yml for s1 => (item=ospf)

TASK [Figure out whether to deploy the module vlan on current device] **********
ok: [s1]

TASK [Find configuration template for vlan] ************************************
ok: [s1]

TASK [fail] ********************************************************************
skipping: [s1]

TASK [Find configuration deployment deploy_script for vlan] ********************
ok: [s1]

TASK [Print deployed configuration when running in verbose mode] ***************
ok: [s1] => {
    "msg": "vlan configuration for s1\n=========================================\n\nupdates:\n\n\n- path: configure/port[port-id=1/1/c1]\n  val:\n   admin-state: enable\n   connector:\n    breakout: \"c1-100g\"\n- path: configure/port[port-id=1/1/c1/1]\n  val:\n   admin-state: enable\n   ethernet:\n    mtu: 1518 # max 9800\n    mode: hybrid\n    encap-type: dot1q\n\n\n\n- path: configure/router[router-name=Base]/interface[interface-name=eth-1/1/c1]\n\n  val:\n   admin-state: enable\n   description: \"s1 ~ s2 ()\"\n   ip-mtu: 1500\n   port: \"1/1/c1/1:0\"\n   ipv4:\n    primary:\n     address: \"10.1.0.1\"\n     prefix-length: 30\n\n\n\n\n\n\n- path: configure/port[port-id=1/1/c2]\n  val:\n   admin-state: enable\n   connector:\n    breakout: \"c1-100g\"\n- path: configure/port[port-id=1/1/c2/1]\n  val:\n   admin-state: enable\n   ethernet:\n    mtu: 1514 # max 9800\n    mode: access\n\n\n- path: configure/service/vpls[service-name=vlan700]\n  val:\n   service-id: 10700\n   customer: \"1\"\n   description: \"[Access VLAN red] s1 -> h1\"\n   sap:\n   - sap-id: 1/1/c2/1\n   admin-state: enable\n\n\n\n- path: configure/port[port-id=1/1/c3]\n  val:\n   admin-state: enable\n   connector:\n    breakout: \"c1-100g\"\n- path: configure/port[port-id=1/1/c3/1]\n  val:\n   admin-state: enable\n   ethernet:\n    mtu: 1514 # max 9800\n    mode: network\n\n\n\n- path: configure/router[router-name=Base]/interface[interface-name=eth-1/1/c3]\n\n  val:\n   admin-state: enable\n   description: \"s1 ~ h3 (stub)\"\n   ip-mtu: 1500\n   port: \"1/1/c3/1\"\n   ipv4:\n    primary:\n     address: \"172.16.1.5\"\n     prefix-length: 24\n\n\n\n\n\n\n- path: configure/port[port-id=1/1/c1]\n  val:\n   admin-state: enable\n   connector:\n    breakout: \"c1-100g\"\n- path: configure/port[port-id=1/1/c1/1]\n  val:\n   admin-state: enable\n   ethernet:\n    encap-type: dot1q\n\n\n- path: configure/service/vpls[service-name=vlan700]\n  val:\n   service-id: 10700\n   customer: \"1\"\n   description: \"[SubIf VLAN red] s1 -> s2\"\n   sap:\n   - sap-id: 1/1/c1/1:700\n   admin-state: enable\n\n\n\n\n\n- path: configure/service/vpls[service-name=vlan700]\n  val:\n   service-id: 10700\n   customer: \"1\"\n   description: \"VLAN red (700) -> [h1,h2,s2]\"\n   admin-state: enable\n\n \n"
}

TASK [Deploy vlan configuration] ***********************************************
included: /home/pipi/netlab_gh/netsim/ansible/tasks/deploy-config/sros.yml for s1

TASK [Generate gNMI YAML configuration] ****************************************
ok: [s1]

TASK [Update vlan node configuration from gNMI template /work/netlab_cicd/nokia_c/node_files/s1/vlan] ***
changed: [s1]

TASK [debug] *******************************************************************
skipping: [s1]

TASK [Figure out whether to deploy the module routing on current device] *******
ok: [s1]

TASK [Find configuration template for routing] *********************************
skipping: [s1]

TASK [fail] ********************************************************************
skipping: [s1]

TASK [Find configuration deployment deploy_script for routing] *****************
skipping: [s1]

TASK [Print deployed configuration when running in verbose mode] ***************
skipping: [s1]

TASK [Deploy routing configuration] ********************************************
skipping: [s1]

TASK [Figure out whether to deploy the module ospf on current device] **********
ok: [s1]

TASK [Find configuration template for ospf] ************************************
ok: [s1]

TASK [fail] ********************************************************************
skipping: [s1]

TASK [Find configuration deployment deploy_script for ospf] ********************
ok: [s1]

TASK [Print deployed configuration when running in verbose mode] ***************
ok: [s1] => {
    "msg": "ospf configuration for s1\n=========================================\n\n\n\n\nupdates:\n\n\n- path: configure/router[router-name=Base]/ospf[ospf-instance=0]\n\n  val:\n    admin-state: enable\n    router-id: 10.0.0.5\n    area:\n    - area-id: \"0.0.0.0\"\n      interface:\n      - interface-name: \"system\"\n      - interface-name: \"eth-1/1/c1\"\n        interface-type: \"point-to-point\"\n      - interface-name: \"eth-1/1/c3\"\n        passive: True\n        interface-type: \"point-to-point\"\n\n"
}

TASK [Deploy ospf configuration] ***********************************************
included: /home/pipi/netlab_gh/netsim/ansible/tasks/deploy-config/sros.yml for s1

TASK [Generate gNMI YAML configuration] ****************************************
ok: [s1]

TASK [Update ospf node configuration from gNMI template /work/netlab_cicd/nokia_c/node_files/s1/ospf] ***
changed: [s1]

TASK [debug] *******************************************************************
skipping: [s1]

PLAY [Deploy custom deployment templates] **************************************
skipping: no hosts matched

PLAY RECAP *********************************************************************
s1                         : ok=32   changed=3    unreachable=0    failed=0    skipped=14   rescued=0    ignored=0   

Results of configuration script deployments
================================================================================
h1               Script:  initial,routing
h2               Script:  initial,routing
h3               Script:  initial,routing
h4               Script:  initial,routing
s2               Script:  initial,vlan,ospf


The VLAN trunk between layer-3 switches has a combination
of bridged and routed VLANs. The routed VLAN is native VLAN.

If this test case does not produce a usable network, remove
the 'vlan.native_routed' device feature flag.

* h1 and h2 should be able to ping each other, but not h3 or h4
* h3 and h4 should be able to ping each other, but not h1 or h2

