Creating Device configuration snippets
[CREATED] dut: normalize,initial,vlan,ospf
[CREATED] x1: initial,vlan,ospf
[CREATED] x2: initial,vlan,ospf
[CREATED] x3: initial,vlan,ospf
Checking Are lab devices ready to be configured?
 [INFO] Checking SSH server(s) on dut
[SSH]     SSH server on node dut (device ioll2) is ready after 7.4 seconds
Config Deploying device configurations
 [INFO] Executing initial configuration for node x1
 [INFO] Executing initial configuration for node x2
 [INFO] Executing initial configuration for node x3
 [INFO] Executing vlan configuration for node x3
 [INFO] Executing vlan configuration for node x2
 [INFO] Executing vlan configuration for node x1
 [INFO] Executing ospf configuration for node x3
 [INFO] Executing ospf configuration for node x2
 [INFO] Executing ospf configuration for node x1
 [INFO] Starting Ansible playbook to deploy the rest of the
          configurations
[WARNING]: Found variable using reserved name: hosts

PLAY [Deploy initial device configuration] *************************************

TASK [Set variables that cannot be set with VARS] ******************************
ok: [dut]

TASK [Normalize config on bridge-like devices] *********************************
included: /home/pipi/netlab_gh/netsim/ansible/tasks/deploy-module.yml for dut

TASK [Figure out whether to deploy the module normalize on current device] *****
ok: [dut]

TASK [Find configuration template for normalize] *******************************
ok: [dut]

TASK [fail] ********************************************************************
skipping: [dut]

TASK [Find configuration deployment deploy_script for normalize] ***************
ok: [dut]

TASK [Print deployed configuration when running in verbose mode] ***************
ok: [dut] => {
    "msg": "normalize configuration for dut\n=========================================\n!\ninterface Ethernet0/1\n shutdown\n!\ninterface Ethernet0/2\n shutdown\n!\ninterface Ethernet0/3\n shutdown\n"
}

TASK [Deploy normalize configuration] ******************************************
included: /home/pipi/netlab_gh/netsim/ansible/tasks/deploy-config/ios.yml for dut

TASK [ios_config: deploying normalize from /work/netlab_cicd/cisco_c/node_files/dut/normalize] ***
[WARNING]: To ensure idempotency and correct diff the input configuration lines
should be similar to how they appear if present in the running configuration on
device including the indentation
changed: [dut]

TASK [Deploy initial configuration] ********************************************
included: /home/pipi/netlab_gh/netsim/ansible/tasks/deploy-module.yml for dut

TASK [Figure out whether to deploy the module initial on current device] *******
ok: [dut]

TASK [Find configuration template for initial] *********************************
ok: [dut]

TASK [fail] ********************************************************************
skipping: [dut]

TASK [Find configuration deployment deploy_script for initial] *****************
ok: [dut]

TASK [Print deployed configuration when running in verbose mode] ***************
ok: [dut] => {
    "msg": "initial configuration for dut\n=========================================\nhostname dut\n!\nno ip domain lookup\nlogging buffered 256000\n\n!\nlldp run\n!\nip host x1 10.0.0.2 172.16.0.2\nip host x2 10.0.0.3 172.16.1.3\nip host x3 10.0.0.4 172.16.2.4\n!\nip routing\n!\nno ipv6 unicast-routing\n!\nvlan 500\n name ospf_1\n!\nvlan 501\n name ospf_2\n!\nvlan 502\n name ospf_3\n!\n\n!\n!\ninterface Loopback0\n ip address 10.0.0.1 255.255.255.255\n!\ninterface Ethernet0/0\n no lldp transmit\n no lldp receive\n!\ninterface Ethernet0/1\n no switchport\n description dut -> x3\n mac-address caf0.0001.0001\n no shutdown\n!\ninterface Ethernet0/2\n no switchport\n description [Access VLAN ospf_1] dut -> x1\n no shutdown\n!\ninterface Ethernet0/3\n no switchport\n description [Access VLAN ospf_2] dut -> x2\n no shutdown\n!\ninterface Vlan500\n description VLAN ospf_1 (500) -> [x1]\n ip mtu 1400\n ip address 172.16.0.1 255.255.255.0\n mac-address caf4.0001.0000\n no shutdown\n!\ninterface Vlan501\n description VLAN ospf_2 (501) -> [x2]\n ip mtu 1280\n ip address 172.16.1.1 255.255.255.0\n mac-address caf4.0001.0001\n no shutdown\n!\ninterface Vlan502\n description VLAN ospf_3 (502) -> [x3]\n ip mtu 1320\n ip address 172.16.2.1 255.255.255.0\n mac-address caf4.0001.0002\n no shutdown\n!\n!\nline vty 0 4\n exec-timeout 0 0 \n!\nno banner exec\nno banner login\nno banner incoming\n"
}

TASK [Deploy initial configuration] ********************************************
included: /home/pipi/netlab_gh/netsim/ansible/tasks/deploy-config/ios.yml for dut

TASK [ios_config: deploying initial from /work/netlab_cicd/cisco_c/node_files/dut/initial] ***
changed: [dut]

PLAY [Deploy module-specific configurations] ***********************************

TASK [Set variables that cannot be set with VARS] ******************************
ok: [dut]

TASK [Deploy individual configuration modules] *********************************
included: /home/pipi/netlab_gh/netsim/ansible/tasks/deploy-module.yml for dut => (item=vlan)
included: /home/pipi/netlab_gh/netsim/ansible/tasks/deploy-module.yml for dut => (item=ospf)

TASK [Figure out whether to deploy the module vlan on current device] **********
ok: [dut]

TASK [Find configuration template for vlan] ************************************
ok: [dut]

TASK [fail] ********************************************************************
skipping: [dut]

TASK [Find configuration deployment deploy_script for vlan] ********************
ok: [dut]

TASK [Print deployed configuration when running in verbose mode] ***************
ok: [dut] => {
    "msg": "vlan configuration for dut\n=========================================\nvlan 500\n name ospf_1\n!\nvlan 501\n name ospf_2\n!\nvlan 502\n name ospf_3\n!\n\n!\ninterface Ethernet0/1\n\n switchport\n switchport trunk encapsulation dot1q\n switchport mode trunk\n switchport trunk allowed vlan 502\n\n!\ninterface Ethernet0/2\n\n switchport\n switchport access vlan 500\n\n!\ninterface Ethernet0/3\n\n switchport\n switchport access vlan 501\n\n"
}

TASK [Deploy vlan configuration] ***********************************************
included: /home/pipi/netlab_gh/netsim/ansible/tasks/deploy-config/ios.yml for dut

TASK [ios_config: deploying vlan from /work/netlab_cicd/cisco_c/node_files/dut/vlan] ***
changed: [dut]

TASK [Figure out whether to deploy the module ospf on current device] **********
ok: [dut]

TASK [Find configuration template for ospf] ************************************
ok: [dut]

TASK [fail] ********************************************************************
skipping: [dut]

TASK [Find configuration deployment deploy_script for ospf] ********************
ok: [dut]

TASK [Print deployed configuration when running in verbose mode] ***************
ok: [dut] => {
    "msg": "ospf configuration for dut\n=========================================\nrouter ospf 1\n router-id 10.0.0.1\n\n!\ninterface Loopback0\n! \n ip ospf 1 area 0.0.0.0\n!\ninterface Vlan500\n! VLAN ospf_1 (500) -> [x1]\n ip ospf 1 area 0.0.0.0\n ip ospf network point-to-point\n!\ninterface Vlan501\n! VLAN ospf_2 (501) -> [x2]\n ip ospf 1 area 0.0.0.0\n ip ospf network point-to-point\n!\ninterface Vlan502\n! VLAN ospf_3 (502) -> [x3]\n ip ospf 1 area 0.0.0.0\n ip ospf network point-to-point\n!\n\n"
}

TASK [Deploy ospf configuration] ***********************************************
included: /home/pipi/netlab_gh/netsim/ansible/tasks/deploy-config/ios.yml for dut

TASK [ios_config: deploying ospf from /work/netlab_cicd/cisco_c/node_files/dut/ospf] ***
changed: [dut]

PLAY [Deploy custom deployment templates] **************************************
skipping: no hosts matched

PLAY RECAP *********************************************************************
dut                        : ok=30   changed=4    unreachable=0    failed=0    skipped=4    rescued=0    ignored=0   

Results of configuration script deployments
================================================================================
x1               Script:  initial,vlan,ospf
x2               Script:  initial,vlan,ospf
x3               Script:  initial,vlan,ospf


This lab tests OSPF adjacencies on VLAN interfaces and trunks with non-default
MTU settings. The adjacency establishment could fail due to MTU mismatch.

Failure to establish X2-DUT adjacency means that the VLAN interface does not
get the correct MTU. Failure to establish X1-DUT adjacency indicates a
potential problem with system MTU. Failure to establish X3-DUT adjacency
indicates the MTU is not set correctly on VLAN/SVI interface.

