Creating Device configuration snippets
[CREATED] dut_a: normalize,initial,ospf
[CREATED] dut_c: normalize,initial,ospf,bgp
[CREATED] probe: initial,ospf
[CREATED] xf: initial,bgp
Checking Are lab devices ready to be configured?
 [INFO] Checking SSH server(s) on dut_a,dut_c
[SSH]     SSH server on node dut_a (device ioll2) is ready after 7.4 seconds
[SSH]     SSH server on node dut_c (device ioll2) is ready after 7.4 seconds
Config Normalizing device configurations
netmiko:  [INFO] Sent normalize configuration to dut_a
netmiko:  [INFO] Sent normalize configuration to dut_c
Config Deploying device configurations
 [INFO] Executing initial configuration for node probe
 [INFO] Executing initial configuration for node xf
 [INFO] Executing bgp configuration for node xf
 [INFO] Executing ospf configuration for node probe
netmiko:  [INFO] Sent initial configuration to dut_a
netmiko:  [INFO] Sent initial configuration to dut_c
netmiko:  [INFO] Sent ospf configuration to dut_a
netmiko:  [INFO] Sent ospf configuration to dut_c
netmiko:  [INFO] Sent bgp configuration to dut_c

Results of configuration script deployments
================================================================================
dut_a            Script:  normalize,initial,ospf
dut_c            Script:  normalize,initial,ospf,bgp
probe            Script:  initial,ospf
xf               Script:  initial,bgp


This lab tests the OSPF default route origination. The devices under test
should originate the default route, one always, the other one based one
BGP default route.

