Creating Device configuration snippets
[CREATED] dut: normalize,initial,ospf,bgp,vrf
[CREATED] p1: initial,ospf
[CREATED] p2: initial,ospf
[CREATED] xf: initial,bgp
Checking Are lab devices ready to be configured?
 [INFO] Checking SSH server(s) on dut
[SSH]     SSH server on node dut (device ioll2) is ready after 7.4 seconds
Config Normalizing device configurations
netmiko:  [INFO] Sent normalize configuration to dut
Config Deploying device configurations
 [INFO] Executing initial configuration for node p1
 [INFO] Executing initial configuration for node p2
 [INFO] Executing initial configuration for node xf
 [INFO] Executing ospf configuration for node p1
 [INFO] Executing bgp configuration for node xf
 [INFO] Executing ospf configuration for node p2
netmiko:  [INFO] Sent initial configuration to dut
netmiko:  [INFO] Sent ospf configuration to dut
netmiko:  [INFO] Sent bgp configuration to dut
netmiko:  [INFO] Sent vrf configuration to dut

Results of configuration script deployments
================================================================================
dut              Script:  normalize,initial,ospf,bgp,vrf
p1               Script:  initial,ospf
p2               Script:  initial,ospf
xf               Script:  initial,bgp


This lab tests the VRF OSPF default route origination. The device under test
should originate the default route in multiple VRFs, one always, the other one
based on BGP default route.

