Creating Device configuration snippets
[CREATED] dut: normalize,initial,ospf,vrf
[CREATED] x1: initial,ospf
[CREATED] x2: initial,ospf
Checking Are lab devices ready to be configured?
 [INFO] Checking SSH server(s) on dut
[SSH]     SSH server on node dut (device ioll2) is ready after 7.4 seconds
Config Normalizing device configurations
netmiko:  [INFO] Sent normalize configuration to dut
Config Deploying device configurations
 [INFO] Executing initial configuration for node x1
 [INFO] Executing initial configuration for node x2
 [INFO] Executing ospf configuration for node x1
 [INFO] Executing ospf configuration for node x2
netmiko:  [INFO] Sent initial configuration to dut
netmiko:  [INFO] Sent ospf configuration to dut
netmiko:  [INFO] Sent vrf configuration to dut

Results of configuration script deployments
================================================================================
dut              Script:  normalize,initial,ospf,vrf
x1               Script:  initial,ospf
x2               Script:  initial,ospf


This lab tests the OSPF cleartext interface password. The device under test must establish
an OSPF adjacency with the probes using interface password.

The test assumes the device under test supports OSPFv2 in VRFs.

