Using transformed lab topology from snapshot file netlab.snapshot.pickle
Checking virtualization provider installation
OK: clab installed and working correctly
Starting clab nodes
 [INFO] Setting containerlab runtime to docker
provider clab: executing flock -E 42 /tmp/netlab.lock containerlab deploy --reconfigure -t clab.yml
19:09:54 INFO Containerlab started version=0.75.0
19:09:54 INFO Parsing & checking topology file=clab.yml
19:09:54 INFO Removing directory path=/work/netlab_cicd/clab-ml-17
19:09:54 INFO Creating docker network name=nl_mgmt_17 IPv4 subnet=192.168.17.0/24 IPv6 subnet=fd00:df:1ab:17::/64 MTU=0
19:09:54 INFO Creating lab directory path=/work/netlab_cicd/clab-ml-17
19:09:54 INFO Creating container name=rb
19:09:54 INFO Creating container name=r11
19:09:54 INFO Creating container name=r12
19:09:54 INFO Creating container name=r21
19:09:54 INFO Creating container name=v1
19:09:54 INFO Creating container name=v2
19:09:54 INFO Creating container name=r22
19:09:54 INFO Creating container name=dut
19:09:55 INFO Created link: dut:eth2 (Ethernet0/2) ▪┄┄▪ r12:eth1
19:09:55 INFO Created link: dut:eth1 (Ethernet0/1) ▪┄┄▪ r11:eth1
19:09:55 INFO Created link: dut:eth5 (Ethernet1/1) ▪┄┄▪ rb:eth1
19:09:56 INFO Created link: dut:eth3 (Ethernet0/3) ▪┄┄▪ r21:eth1
19:09:56 INFO Created link: dut:eth4 (Ethernet1/0) ▪┄┄▪ r22:eth1
19:09:56 INFO Created link: dut:eth7 (Ethernet1/3) ▪┄┄▪ v2:eth1
19:09:56 INFO Running postdeploy actions for Cisco IOL 'dut' node
19:09:56 INFO Created link: dut:eth6 (Ethernet1/2) ▪┄┄▪ v1:eth1
19:09:57 INFO Executed command node=v1 command="sleep 1" stdout=""
19:09:57 INFO Executed command node=rb command="sleep 1" stdout=""
19:09:57 INFO Executed command node=r12 command="sleep 1" stdout=""
19:09:57 INFO Executed command node=v2 command="sleep 1" stdout=""
19:09:57 INFO Executed command node=r11 command="sleep 1" stdout=""
19:09:57 INFO Executed command node=r21 command="sleep 1" stdout=""
19:09:57 INFO Executed command node=r22 command="sleep 1" stdout=""
19:09:57 INFO Adding host entries path=/etc/hosts
19:09:57 INFO Adding SSH config for nodes path=/etc/ssh/ssh_config.d/clab-ml-17.conf
19:09:57 INFO containerlab version
  🎉=
  │ A newer containerlab version (0.79.0) is available!
  │ Release notes: https://containerlab.dev/rn/0.79/
  │ Run 'clab version upgrade' or see https://containerlab.dev/install/ for other installation options.
[1m╭[0m[1m────────────────[0m[1m┬[0m[1m────────────────────────────────[0m[1m┬[0m[1m─────────[0m[1m┬[0m[1m───────────────────[0m[1m╮[0m
[1m│[0m[1m      Name      [0m[1m│[0m[1m           Kind/Image           [0m[1m│[0m[1m  State  [0m[1m│[0m[1m   IPv4/6 Address  [0m[1m│[0m
[1m├[0m[1m────────────────[0m[1m┼[0m[1m────────────────────────────────[0m[1m┼[0m[1m─────────[0m[1m┼[0m[1m───────────────────[0m[1m┤[0m
│ clab-ml-17-dut │ cisco_iol                      │ running │ 192.168.17.101    │
│                │ vrnetlab/cisco_iol:L2-17.18.02 │         │ fd00:df:1ab:17::3 │
├────────────────┼────────────────────────────────┼─────────┼───────────────────┤
│ clab-ml-17-r11 │ linux                          │ running │ 192.168.17.103    │
│                │ quay.io/frrouting/frr:10.2.2   │         │ fd00:df:1ab:17::6 │
├────────────────┼────────────────────────────────┼─────────┼───────────────────┤
│ clab-ml-17-r12 │ linux                          │ running │ 192.168.17.104    │
│                │ quay.io/frrouting/frr:10.2.2   │         │ fd00:df:1ab:17::4 │
├────────────────┼────────────────────────────────┼─────────┼───────────────────┤
│ clab-ml-17-r21 │ linux                          │ running │ 192.168.17.105    │
│                │ quay.io/frrouting/frr:10.2.2   │         │ fd00:df:1ab:17::7 │
├────────────────┼────────────────────────────────┼─────────┼───────────────────┤
│ clab-ml-17-r22 │ linux                          │ running │ 192.168.17.106    │
│                │ quay.io/frrouting/frr:10.2.2   │         │ fd00:df:1ab:17::8 │
├────────────────┼────────────────────────────────┼─────────┼───────────────────┤
│ clab-ml-17-rb  │ linux                          │ running │ 192.168.17.102    │
│                │ quay.io/frrouting/frr:10.2.2   │         │ fd00:df:1ab:17::2 │
├────────────────┼────────────────────────────────┼─────────┼───────────────────┤
│ clab-ml-17-v1  │ linux                          │ running │ 192.168.17.107    │
│                │ quay.io/frrouting/frr:10.2.2   │         │ fd00:df:1ab:17::9 │
├────────────────┼────────────────────────────────┼─────────┼───────────────────┤
│ clab-ml-17-v2  │ linux                          │ running │ 192.168.17.108    │
│                │ quay.io/frrouting/frr:10.2.2   │         │ fd00:df:1ab:17::5 │
╰────────────────┴────────────────────────────────┴─────────┴───────────────────╯

Initial configuration skipped, run 'netlab initial' to configure the devices
