Creating Device configuration snippets
[CREATED] dut: normalize,initial,ospf,bfd
[CREATED] bb: initial,ospf,bfd
[CREATED] r1: initial,ospf,bfd
Checking Are lab devices ready to be configured?
 [INFO] Checking SSH server(s) on dut
[SSH]     SSH server on node dut (device ioll2) is ready after 10.3 seconds
Config Normalizing device configurations
netmiko:  [INFO] Sent normalize configuration to dut
Config Deploying device configurations
 [INFO] Executing initial configuration for node bb
 [INFO] Executing initial configuration for node r1
 [INFO] Executing ospf configuration for node r1
 [INFO] Executing ospf configuration for node bb
 [INFO] Executing bfd configuration for node bb
 [INFO] Executing bfd configuration for node r1
netmiko:  [INFO] Sent initial configuration to dut
netmiko:  [INFO] Sent ospf configuration to dut
netmiko:  [INFO] Sent bfd configuration to dut

Results of configuration script deployments
================================================================================
dut              Script:  normalize,initial,ospf,bfd
bb               Script:  initial,ospf,bfd
r1               Script:  initial,ospf,bfd


This topology tests the OSPFv2 with BFD

* Multiple OSPF areas on ABR
* BFD enabled on all interfaces

