Creating Device configuration snippets
[CREATED] h1: initial
[CREATED] h2: initial
[CREATED] dut: initial,eigrp
[CREATED] r2: initial,eigrp
Checking Are lab devices ready to be configured?
 [INFO] Checking SSH server(s) on dut,r2
[SSH]     SSH server on node r2 (device iol) is ready after 25.4 seconds
[SSH]     SSH server on node dut (device iol) is ready after 27.3 seconds
Config Deploying device configurations
 [INFO] Executing initial configuration for node h1 (namespace clab-
          ml-17-h1)
 [INFO] Executing initial configuration for node h2 (namespace clab-
          ml-17-h2)
netmiko:  [INFO] Sent initial configuration to r2
netmiko:  [INFO] Sent initial configuration to dut
netmiko:  [INFO] Sent eigrp configuration to r2
netmiko:  [INFO] Sent eigrp configuration to dut

Results of configuration script deployments
================================================================================
h1               Script:  initial
h2               Script:  initial
dut              Script:  initial,eigrp
r2               Script:  initial,eigrp


Use this topology to test EIGRP IPv6 implementation and route propagation
in an IPv6-only network. Two routers (dut, r2) run EIGRP AS 2 and should
establish adjacency and exchange routes. Linux hosts should receive IPv6
default routes via router advertisements, enabling end-to-end IPv6
connectivity.

