Checking virtualization provider installation
OK: clab installed and working correctly
Stopping clab nodes
10:10:48 INFO Parsing & checking topology file=clab.yml
10:10:48 INFO Parsing & checking topology file=clab.yml
10:10:48 INFO Destroying lab name=ml-84
10:10:48 INFO Removed container name=clab-ml-84-h1
10:10:48 INFO Removed container name=clab-ml-84-h2
10:10:49 INFO Removed container name=clab-ml-84-r2
10:10:49 INFO Removed container name=clab-ml-84-r1
10:10:49 INFO Removing host entries path=/etc/hosts
10:10:49 INFO Removing SSH config path=/etc/ssh/ssh_config.d/clab-ml-84.conf
Cleanup configuration files
... removing clab.yml
... removing ansible.cfg
... removing hosts.yml
... removing directory tree group_vars
... removing directory tree host_vars
... removing directory tree node_files
... removing netlab.snapshot.pickle
