Checking virtualization provider installation
OK: clab installed and working correctly
Stopping clab nodes
15:15:08 INFO Parsing & checking topology file=clab.yml
15:15:08 INFO Parsing & checking topology file=clab.yml
15:15:08 INFO Destroying lab name=ml-85
15:15:09 INFO Removed container name=clab-ml-85-h2
15:15:09 INFO Removed container name=clab-ml-85-h1
15:15:09 INFO Removed container name=clab-ml-85-dut
15:15:10 INFO Removed container name=clab-ml-85-r2
15:15:10 INFO Removing host entries path=/etc/hosts
15:15:10 INFO Removing SSH config path=/etc/ssh/ssh_config.d/clab-ml-85.conf
Cleanup configuration files
... removing clab.yml
... removing ansible.cfg
... removing hosts.yml
... removing directory tree group_vars
... removing directory tree host_vars
... removing directory tree node_files
... removing netlab.snapshot.pickle
