Creating Device configuration snippets
[CREATED] dut: initial,ospf,bgp
[CREATED] dut2: initial,bgp
[CREATED] x1: initial,bgp
[CREATED] x2: initial,bgp
[CREATED] r1: initial,ospf
Config Deploying device configurations
 [INFO] Executing initial configuration for node x1
 [INFO] Executing initial configuration for node x2
 [INFO] Executing initial configuration for node r1
 [INFO] Executing bgp configuration for node x1
 [INFO] Executing bgp configuration for node x2
 [INFO] Executing ospf configuration for node r1
 [INFO] Starting Ansible playbook to deploy the rest of the
          configurations
[WARNING]: Found variable using reserved name: hosts

PLAY [Deploy initial device configuration] *************************************

TASK [Set variables that cannot be set with VARS] ******************************
ok: [dut]
ok: [dut2]

TASK [Normalize config on bridge-like devices] *********************************
included: /home/pipi/netlab_gh/netsim/ansible/tasks/deploy-module.yml for dut, dut2

TASK [Figure out whether to deploy the module normalize on current device] *****
ok: [dut]
ok: [dut2]

TASK [Find configuration template for normalize] *******************************
ok: [dut]
ok: [dut2]

TASK [fail] ********************************************************************
skipping: [dut]
skipping: [dut2]

TASK [Find configuration deployment deploy_script for normalize] ***************
ok: [dut]
ok: [dut2]

TASK [Print deployed configuration when running in verbose mode] ***************
skipping: [dut]
skipping: [dut2]

TASK [Deploy normalize configuration] ******************************************
skipping: [dut]
skipping: [dut2]

TASK [Deploy initial configuration] ********************************************
included: /home/pipi/netlab_gh/netsim/ansible/tasks/deploy-module.yml for dut, dut2

TASK [Figure out whether to deploy the module initial on current device] *******
ok: [dut]
ok: [dut2]

TASK [Find configuration template for initial] *********************************
ok: [dut]
ok: [dut2]

TASK [fail] ********************************************************************
skipping: [dut]
skipping: [dut2]

TASK [Find configuration deployment deploy_script for initial] *****************
ok: [dut]
ok: [dut2]

TASK [Print deployed configuration when running in verbose mode] ***************
ok: [dut] => {
    "msg": "initial configuration for dut\n=========================================\nset system host-name 'dut'\n\n\nset interfaces dummy dum0 address 2001:db8:1::1/128\n\n\n\nset interfaces ethernet eth1 description 'dut -> x1 [external]'\n\nset interfaces ethernet eth1 mtu 1500\n\n\nset interfaces ethernet eth1 address 2001:db8:3::1/64;\n\n\n\n\nset interfaces ethernet eth2 description 'dut -> x2 [external]'\n\nset interfaces ethernet eth2 mtu 1500\n\n\nset interfaces ethernet eth2 address 2001:db8:3:1::1/64;\n\n\n\n\nset interfaces ethernet eth3 description 'dut -> r1'\n\nset interfaces ethernet eth3 mtu 1500\n\n\nset interfaces ethernet eth3 address 2001:db8:3:2::1/64;\n\n\n\n\nset interfaces ethernet eth4 description 'dut -> dut2 [external]'\n\nset interfaces ethernet eth4 mtu 1500\n\n\nset interfaces ethernet eth4 address 2001:db8:cafe:e01::1/64;\n\n\n\n\nset interfaces ethernet eth5 description 'dut -> stub [stub]'\n\nset interfaces ethernet eth5 mtu 1500\n\n\nset interfaces ethernet eth5 address 2001:db8:cafe:e42::1/64;\n\n\n\nset service lldp interface all\n>/dev/null 2>/dev/null set service lldp interface eth0 disable\n>/dev/null 2>/dev/null set service lldp interface eth0 mode disable\n\nset service router-advert interface eth1\nset service router-advert interface eth2\nset service router-advert interface eth3\nset service router-advert interface eth4\nset service router-advert interface eth5\n\n\ncommit\n\n# Restart FRR to pick up the new hostname\nsudo service frr restart\n"
}
ok: [dut2] => {
    "msg": "initial configuration for dut2\n=========================================\nset system host-name 'dut2'\n\n\nset interfaces dummy dum0 address 2001:db8:1::2/128\n\n\n\nset interfaces ethernet eth1 description 'dut2 -> dut [external]'\n\nset interfaces ethernet eth1 mtu 1500\n\n\nset interfaces ethernet eth1 address 2001:db8:cafe:e01::2/64;\n\n\n\nset service lldp interface all\n>/dev/null 2>/dev/null set service lldp interface eth0 disable\n>/dev/null 2>/dev/null set service lldp interface eth0 mode disable\n\nset service router-advert interface eth1\n\n\ncommit\n\n# Restart FRR to pick up the new hostname\nsudo service frr restart\n"
}

TASK [Deploy initial configuration] ********************************************
included: /home/pipi/netlab_gh/netsim/ansible/tasks/deploy-config/vyos.yml for dut, dut2

TASK [set_fact] ****************************************************************
ok: [dut]
ok: [dut2]

TASK [template] ****************************************************************
changed: [dut]
changed: [dut2]

TASK [execute config-initial.sh to deploy initial config from /work/netlab_cicd/node_files/dut/initial] ***
changed: [dut2]
changed: [dut]

PLAY [Deploy module-specific configurations] ***********************************

TASK [Set variables that cannot be set with VARS] ******************************
ok: [dut]
ok: [dut2]

TASK [Deploy individual configuration modules] *********************************
included: /home/pipi/netlab_gh/netsim/ansible/tasks/deploy-module.yml for dut, dut2 => (item=ospf)
included: /home/pipi/netlab_gh/netsim/ansible/tasks/deploy-module.yml for dut, dut2 => (item=bgp)

TASK [Figure out whether to deploy the module ospf on current device] **********
ok: [dut]
ok: [dut2]

TASK [Find configuration template for ospf] ************************************
skipping: [dut2]
ok: [dut]

TASK [fail] ********************************************************************
skipping: [dut]
skipping: [dut2]

TASK [Find configuration deployment deploy_script for ospf] ********************
skipping: [dut2]
ok: [dut]

TASK [Print deployed configuration when running in verbose mode] ***************
skipping: [dut2]
ok: [dut] => {
    "msg": "ospf configuration for dut\n=========================================\n\nset protocols ospfv3 parameters router-id 10.0.0.1\n\n\n\nset protocols ospfv3 interface eth5 passive\n\nset protocols ospfv3 interface dum0 passive\nset protocols ospfv3 interface dum0 area 0.0.0.0\n\n\nset protocols ospfv3 interface eth3 area 0.0.0.0\n\nset protocols ospfv3 interface eth3 network point-to-point\n\n\n\nset protocols ospfv3 interface eth5 area 0.0.0.0\n\n\n\n"
}

TASK [Deploy ospf configuration] ***********************************************
skipping: [dut2]
included: /home/pipi/netlab_gh/netsim/ansible/tasks/deploy-config/vyos.yml for dut

TASK [set_fact] ****************************************************************
ok: [dut]

TASK [template] ****************************************************************
changed: [dut]

TASK [execute config-ospf.sh to deploy ospf config from /work/netlab_cicd/node_files/dut/ospf] ***
changed: [dut]

TASK [Figure out whether to deploy the module bgp on current device] ***********
ok: [dut]
ok: [dut2]

TASK [Find configuration template for bgp] *************************************
ok: [dut]
ok: [dut2]

TASK [fail] ********************************************************************
skipping: [dut]
skipping: [dut2]

TASK [Find configuration deployment deploy_script for bgp] *********************
ok: [dut]
ok: [dut2]

TASK [Print deployed configuration when running in verbose mode] ***************
ok: [dut] => {
    "msg": "bgp configuration for dut\n=========================================\n\nset protocols bgp system-as 65000\n\nset protocols bgp parameters router-id 10.0.0.1\n\n\n\nset protocols bgp neighbor 2001:db8:3::3 remote-as 65100\nset protocols bgp neighbor 2001:db8:3::3 description 'x1'\n \n\n\n\n\nset protocols bgp neighbor 2001:db8:3:1::4 remote-as 65101\nset protocols bgp neighbor 2001:db8:3:1::4 description 'x2'\n \n\n\n\n\nset protocols bgp neighbor 2001:db8:cafe:e01::2 remote-as 65001\nset protocols bgp neighbor 2001:db8:cafe:e01::2 description 'dut2'\n \n\n\n\n\n# Work on Family ipv6\n\n\n\nset protocols bgp address-family ipv6-unicast network 2001:db8:cafe:e42::/64\n\n\n\n\nset protocols bgp neighbor 2001:db8:3::3 address-family ipv6-unicast soft-reconfiguration inbound\n\nset protocols bgp neighbor 2001:db8:3::3 address-family ipv6-unicast nexthop-self\n\nset protocols bgp neighbor 2001:db8:3::3 address-family ipv6-unicast disable-send-community extended\n\n\n\nset protocols bgp neighbor 2001:db8:3:1::4 address-family ipv6-unicast soft-reconfiguration inbound\n\nset protocols bgp neighbor 2001:db8:3:1::4 address-family ipv6-unicast nexthop-self\n\nset protocols bgp neighbor 2001:db8:3:1::4 address-family ipv6-unicast disable-send-community extended\n\n\n\nset protocols bgp neighbor 2001:db8:cafe:e01::2 address-family ipv6-unicast soft-reconfiguration inbound\n\nset protocols bgp neighbor 2001:db8:cafe:e01::2 address-family ipv6-unicast nexthop-self\n\nset protocols bgp neighbor 2001:db8:cafe:e01::2 address-family ipv6-unicast disable-send-community extended\n\n\n\n"
}
ok: [dut2] => {
    "msg": "bgp configuration for dut2\n=========================================\n\nset protocols bgp system-as 65001\n\nset protocols bgp parameters router-id 10.0.0.2\n\n\n\nset protocols bgp neighbor 2001:db8:cafe:e01::1 remote-as 65000\nset protocols bgp neighbor 2001:db8:cafe:e01::1 description 'dut'\n \n\n\n\n\n# Work on Family ipv6\n\n\nset protocols bgp address-family ipv6-unicast network 2001:db8:1::2/128\n\n\n\n\n\nset protocols bgp neighbor 2001:db8:cafe:e01::1 address-family ipv6-unicast soft-reconfiguration inbound\n\nset protocols bgp neighbor 2001:db8:cafe:e01::1 address-family ipv6-unicast nexthop-self\n\nset protocols bgp neighbor 2001:db8:cafe:e01::1 address-family ipv6-unicast disable-send-community extended\n\n\n\n"
}

TASK [Deploy bgp configuration] ************************************************
included: /home/pipi/netlab_gh/netsim/ansible/tasks/deploy-config/vyos.yml for dut, dut2

TASK [set_fact] ****************************************************************
ok: [dut]
ok: [dut2]

TASK [template] ****************************************************************
changed: [dut2]
changed: [dut]

TASK [execute config-bgp.sh to deploy bgp config from /work/netlab_cicd/node_files/dut/bgp] ***
changed: [dut2]
changed: [dut]

PLAY [Deploy custom deployment templates] **************************************
skipping: no hosts matched

PLAY RECAP *********************************************************************
dut                        : ok=33   changed=6    unreachable=0    failed=0    skipped=6    rescued=0    ignored=0   
dut2                       : ok=26   changed=4    unreachable=0    failed=0    skipped=10   rescued=0    ignored=0   

Results of configuration script deployments
================================================================================
x1               Script:  initial,bgp
x2               Script:  initial,bgp
r1               Script:  initial,ospf


Use this topology to test the origination and propagation
of IPv6 prefixes.

