Using transformed lab topology from snapshot file netlab.snapshot.pickle
Checking virtualization provider installation
OK: libvirt installed and working correctly
OK: clab installed and working correctly
Starting libvirt nodes
creating libvirt management network nl_mgmt_85
provider libvirt: executing vagrant up --provider libvirt
Bringing machine 'dut' up with 'libvirt' provider...
==> dut: Checking if box 'juniper/vptx' version '25.2R1.8' is up to date...
[fog][WARNING] Unrecognized arguments: libvirt_ip_command
==> dut: Creating image (snapshot of base box volume).
==> dut: Creating domain with the following settings...
==> dut:  -- Name:              ml-85_dut
==> dut:  -- Description:       Source: /work/netlab_cicd/other_vm/Vagrantfile
==> dut:  -- Domain type:       kvm
==> dut:  -- Cpus:              4
==> dut:  -- Feature:           acpi
==> dut:  -- Feature:           apic
==> dut:  -- Feature:           pae
==> dut:  -- Clock offset:      utc
==> dut:  -- Memory:            8192M
==> dut:  -- Management MAC:    ca:fe:00:05:00:00
==> dut:  -- Loader:            /usr/share/OVMF/OVMF_CODE_4M.fd
==> dut:  -- Nvram:             /var/lib/libvirt/qemu/nvram/dut.fd
==> dut:  -- Base box:          juniper/vptx
==> dut:  -- Storage pool:      default
==> dut:  -- Image(vda):        /var/lib/libvirt/images/ml-85_dut.img, virtio, 40G
==> dut:  -- Disk driver opts:  cache='default'
==> dut:  -- Graphics Type:     none
==> dut:  -- Video Type:        none
==> dut:  -- Video VRAM:        16384
==> dut:  -- Video 3D accel:    false
==> dut:  -- Keymap:            en-us
==> dut:  -- TPM Backend:       passthrough
==> dut:  -- Sysinfo:
==> dut:    -- BIOS:
==> dut:     -> vendor: Bochs
==> dut:     -> version: Bochs
==> dut:    -- System:
==> dut:     -> manufacturer: Bochs
==> dut:     -> product: Bochs
==> dut:     -> serial: chassis_no=0:slot=0:type=1:assembly_id=0x0D20:platform=251:master=0:channelized=no
==> dut:    -- Chassis:
==> dut:     -> manufacturer: Bochs
==> dut:  -- INPUT:             type=mouse, bus=ps2
==> dut: Creating shared folders metadata...
==> dut: Updating domain definition due to configuration change
==> dut: Starting domain.
==> dut: Waiting for domain to get an IP address...
==> dut: Waiting for machine to boot. This may take a few minutes...
    dut: SSH address: 192.168.85.105:22
    dut: SSH username: vagrant
    dut: SSH auth method: private key
==> dut: Machine booted and ready!
Starting clab nodes
Recreating clab-augment.yml configuration file for clab provider
Created provider configuration file: clab-augment.yml
provider clab: executing sudo -E containerlab deploy --reconfigure -t clab-augment.yml
22:53:16 INFO Containerlab started version=0.74.2
22:53:16 INFO Parsing & checking topology file=clab-augment.yml
22:53:16 INFO Removing directory path=/work/netlab_cicd/other_vm/clab-ml-85
22:53:16 INFO Creating docker network name=nl_mgmt_85 IPv4 subnet=192.168.85.0/24 IPv6 subnet="" MTU=0
22:53:16 INFO Creating lab directory path=/work/netlab_cicd/other_vm/clab-ml-85
22:53:16 INFO Creating container name=hb1
22:53:16 INFO Creating container name=hr2
22:53:16 INFO Creating container name=s2
22:53:16 INFO Creating container name=hr1
22:53:16 INFO Creating container name=hb2
22:53:17 INFO Created link: hb1:eth1 ▪┄┄▪ virbr4:bni85n3i1
22:53:17 INFO Created link: hr1:eth1 ▪┄┄▪ virbr3:bni85n1i1
22:53:17 INFO Created link: hr2:eth1 ▪┄┄▪ s2:eth2
22:53:17 INFO Created link: s2:eth1 ▪┄┄▪ virbr2:bni85n6i1
22:53:17 INFO Created link: hb2:eth1 ▪┄┄▪ s2:eth3
22:53:18 INFO Executed command node=s2 command="sleep 1" stdout=""
22:53:18 INFO Adding host entries path=/etc/hosts
22:53:18 INFO Adding SSH config for nodes path=/etc/ssh/ssh_config.d/clab-ml-85.conf
22:53:18 INFO containerlab version
  🎉=
  │ A newer containerlab version (0.74.3) is available!
  │ Release notes: https://containerlab.dev/rn/0.74/#0743
  │ Run 'clab version upgrade' or see https://containerlab.dev/install/ for other installation options.
[1m╭[0m[1m────────────────[0m[1m┬[0m[1m──────────────────────────────[0m[1m┬[0m[1m─────────[0m[1m┬[0m[1m────────────────[0m[1m╮[0m
[1m│[0m[1m      Name      [0m[1m│[0m[1m          Kind/Image          [0m[1m│[0m[1m  State  [0m[1m│[0m[1m IPv4/6 Address [0m[1m│[0m
[1m├[0m[1m────────────────[0m[1m┼[0m[1m──────────────────────────────[0m[1m┼[0m[1m─────────[0m[1m┼[0m[1m────────────────[0m[1m┤[0m
│ clab-ml-85-hb1 │ linux                        │ running │ 192.168.85.103 │
│                │ python:3.13-alpine           │         │ N/A            │
├────────────────┼──────────────────────────────┼─────────┼────────────────┤
│ clab-ml-85-hb2 │ linux                        │ running │ 192.168.85.104 │
│                │ python:3.13-alpine           │         │ N/A            │
├────────────────┼──────────────────────────────┼─────────┼────────────────┤
│ clab-ml-85-hr1 │ linux                        │ running │ 192.168.85.101 │
│                │ python:3.13-alpine           │         │ N/A            │
├────────────────┼──────────────────────────────┼─────────┼────────────────┤
│ clab-ml-85-hr2 │ linux                        │ running │ 192.168.85.102 │
│                │ python:3.13-alpine           │         │ N/A            │
├────────────────┼──────────────────────────────┼─────────┼────────────────┤
│ clab-ml-85-s2  │ linux                        │ running │ 192.168.85.106 │
│                │ quay.io/frrouting/frr:10.6.0 │         │ N/A            │
╰────────────────┴──────────────────────────────┴─────────┴────────────────╯

Initial configuration skipped, run 'netlab initial' to configure the devices
