Using transformed lab topology from snapshot file netlab.snapshot.pickle
Checking virtualization provider installation
OK: libvirt installed and working correctly
OK: clab installed and working correctly
Starting libvirt nodes
creating libvirt management network nl_mgmt_85
provider libvirt: executing vagrant up --provider libvirt
Bringing machine 'spine' up with 'libvirt' provider...
Bringing machine 'l1' up with 'libvirt' provider...
==> spine: Checking if box 'juniper/vptx' version '25.2R1.8' is up to date...
[fog][WARNING] Unrecognized arguments: libvirt_ip_command
==> spine: Creating image (snapshot of base box volume).
==> spine: Creating domain with the following settings...
==> spine:  -- Name:              ml-85_spine
==> spine:  -- Description:       Source: /work/netlab_cicd/other_vm/Vagrantfile
==> spine:  -- Domain type:       kvm
==> spine:  -- Cpus:              4
==> spine:  -- Feature:           acpi
==> spine:  -- Feature:           apic
==> spine:  -- Feature:           pae
==> spine:  -- Clock offset:      utc
==> spine:  -- Memory:            8192M
==> spine:  -- Management MAC:    ca:fe:00:01:00:00
==> spine:  -- Loader:            /usr/share/OVMF/OVMF_CODE_4M.fd
==> spine:  -- Nvram:             /var/lib/libvirt/qemu/nvram/spine.fd
==> spine:  -- Base box:          juniper/vptx
==> spine:  -- Storage pool:      default
==> spine:  -- Image(vda):        /var/lib/libvirt/images/ml-85_spine.img, virtio, 40G
==> spine:  -- Disk driver opts:  cache='default'
==> spine:  -- Graphics Type:     none
==> spine:  -- Video Type:        none
==> spine:  -- Video VRAM:        16384
==> spine:  -- Video 3D accel:    false
==> spine:  -- Keymap:            en-us
==> spine:  -- TPM Backend:       passthrough
==> spine:  -- Sysinfo:
==> spine:    -- BIOS:
==> spine:     -> vendor: Bochs
==> spine:     -> version: Bochs
==> spine:    -- System:
==> spine:     -> manufacturer: Bochs
==> spine:     -> product: Bochs
==> spine:     -> serial: chassis_no=0:slot=0:type=1:assembly_id=0x0D20:platform=251:master=0:channelized=no
==> spine:    -- Chassis:
==> spine:     -> manufacturer: Bochs
==> spine:  -- INPUT:             type=mouse, bus=ps2
==> l1: Checking if box 'juniper/vptx' version '25.2R1.8' is up to date...
[fog][WARNING] Unrecognized arguments: libvirt_ip_command
==> l1: Creating image (snapshot of base box volume).
==> l1: Creating domain with the following settings...
==> l1:  -- Name:              ml-85_l1
==> l1:  -- Description:       Source: /work/netlab_cicd/other_vm/Vagrantfile
==> l1:  -- Domain type:       kvm
==> l1:  -- Cpus:              4
==> l1:  -- Feature:           acpi
==> l1:  -- Feature:           apic
==> l1:  -- Feature:           pae
==> l1:  -- Clock offset:      utc
==> l1:  -- Memory:            8192M
==> l1:  -- Management MAC:    ca:fe:00:02:00:00
==> l1:  -- Loader:            /usr/share/OVMF/OVMF_CODE_4M.fd
==> l1:  -- Nvram:             /var/lib/libvirt/qemu/nvram/l1.fd
==> l1:  -- Base box:          juniper/vptx
==> l1:  -- Storage pool:      default
==> l1:  -- Image(vda):        /var/lib/libvirt/images/ml-85_l1.img, virtio, 40G
==> l1:  -- Disk driver opts:  cache='default'
==> l1:  -- Graphics Type:     none
==> l1:  -- Video Type:        none
==> l1:  -- Video VRAM:        16384
==> l1:  -- Video 3D accel:    false
==> l1:  -- Keymap:            en-us
==> l1:  -- TPM Backend:       passthrough
==> l1:  -- Sysinfo:
==> l1:    -- BIOS:
==> l1:     -> vendor: Bochs
==> l1:     -> version: Bochs
==> l1:    -- System:
==> spine: Creating shared folders metadata...
==> l1:     -> manufacturer: Bochs
==> spine: Updating domain definition due to configuration change
==> l1:     -> product: Bochs
==> spine: Starting domain.
==> l1:     -> serial: chassis_no=0:slot=0:type=1:assembly_id=0x0D20:platform=251:master=0:channelized=no
==> spine: Waiting for domain to get an IP address...
==> l1:    -- Chassis:
==> l1:     -> manufacturer: Bochs
==> l1:  -- INPUT:             type=mouse, bus=ps2
==> l1: Creating shared folders metadata...
==> l1: Updating domain definition due to configuration change
==> l1: Starting domain.
==> l1: Waiting for domain to get an IP address...
==> spine: Waiting for machine to boot. This may take a few minutes...
    spine: SSH address: 192.168.85.101:22
    spine: SSH username: vagrant
    spine: SSH auth method: private key
==> spine: Machine booted and ready!
==> l1: Waiting for machine to boot. This may take a few minutes...
    l1: SSH address: 192.168.85.102:22
    l1: SSH username: vagrant
    l1: SSH auth method: private key
==> l1: Machine booted and ready!
Starting clab nodes
Recreating clab-augment.yml configuration file for clab provider
Created provider configuration file: clab-augment.yml
provider clab: executing sudo -E containerlab deploy --reconfigure -t clab-augment.yml
23:05:27 INFO Containerlab started version=0.74.2
23:05:27 INFO Parsing & checking topology file=clab-augment.yml
23:05:27 INFO Removing directory path=/work/netlab_cicd/other_vm/clab-ml-85
23:05:27 INFO Creating docker network name=nl_mgmt_85 IPv4 subnet=192.168.85.0/24 IPv6 subnet="" MTU=0
23:05:27 INFO Creating lab directory path=/work/netlab_cicd/other_vm/clab-ml-85
23:05:27 INFO Creating container name=l2
23:05:27 INFO Creating container name=h2
23:05:27 INFO Creating container name=h1
23:05:27 INFO Created link: l2:eth1 ▪┄┄▪ virbr2:bni85n3i1
23:05:27 INFO Created link: l2:eth2 ▪┄┄▪ h2:eth1
23:05:27 INFO Created link: h1:eth1 ▪┄┄▪ virbr3:bni85n4i1
23:05:28 INFO Executed command node=l2 command="sleep 1" stdout=""
23:05:28 INFO Adding host entries path=/etc/hosts
23:05:28 INFO Adding SSH config for nodes path=/etc/ssh/ssh_config.d/clab-ml-85.conf
23:05:29 INFO containerlab version
  🎉=
  │ A newer containerlab version (0.74.3) is available!
  │ Release notes: https://containerlab.dev/rn/0.74/#0743
  │ Run 'clab version upgrade' or see https://containerlab.dev/install/ for other installation options.
[1m╭[0m[1m───────────────[0m[1m┬[0m[1m──────────────────────────────[0m[1m┬[0m[1m─────────[0m[1m┬[0m[1m────────────────[0m[1m╮[0m
[1m│[0m[1m      Name     [0m[1m│[0m[1m          Kind/Image          [0m[1m│[0m[1m  State  [0m[1m│[0m[1m IPv4/6 Address [0m[1m│[0m
[1m├[0m[1m───────────────[0m[1m┼[0m[1m──────────────────────────────[0m[1m┼[0m[1m─────────[0m[1m┼[0m[1m────────────────[0m[1m┤[0m
│ clab-ml-85-h1 │ linux                        │ running │ 192.168.85.104 │
│               │ python:3.13-alpine           │         │ N/A            │
├───────────────┼──────────────────────────────┼─────────┼────────────────┤
│ clab-ml-85-h2 │ linux                        │ running │ 192.168.85.105 │
│               │ python:3.13-alpine           │         │ N/A            │
├───────────────┼──────────────────────────────┼─────────┼────────────────┤
│ clab-ml-85-l2 │ linux                        │ running │ 192.168.85.103 │
│               │ quay.io/frrouting/frr:10.6.0 │         │ N/A            │
╰───────────────┴──────────────────────────────┴─────────┴────────────────╯

Initial configuration skipped, run 'netlab initial' to configure the devices
