Checking virtualization provider installation
OK: libvirt installed and working correctly
OK: clab installed and working correctly
Stopping clab nodes
04:06:20 INFO Parsing & checking topology file=clab-augment.yml
04:06:20 INFO Parsing & checking topology file=clab-augment.yml
04:06:21 INFO Destroying lab name=ml-85
04:06:21 INFO Removed container name=clab-ml-85-h2
04:06:21 INFO Removed container name=clab-ml-85-h1
04:06:21 INFO Removed container name=clab-ml-85-p1
04:06:21 INFO Removed container name=clab-ml-85-pe2
04:06:21 INFO Removed container name=clab-ml-85-p2
04:06:21 INFO Removing host entries path=/etc/hosts
04:06:21 INFO Removing SSH config path=/etc/ssh/ssh_config.d/clab-ml-85.conf

Stopping libvirt nodes
[fog][WARNING] Unrecognized arguments: libvirt_ip_command
==> dut: Removing domain...
==> dut: Deleting the machine folder
Cleanup configuration files
... removing Vagrantfile
... removing clab-augment.yml
... removing ansible.cfg
... removing hosts.yml
... removing directory tree group_vars
... removing directory tree host_vars
... removing directory tree node_files
... removing netlab.snapshot.pickle
