Creating Device configuration snippets
[CREATED] hr1: initial,routing
[CREATED] hr2: initial,routing
[CREATED] hb1: initial,routing
[CREATED] hb2: initial,routing
[CREATED] dut: normalize,initial,vlan,ospf,bgp,vrf,vxlan,evpn
[CREATED] s2: initial,vlan,ospf,bgp,vrf,vxlan,evpn
Checking Are lab devices ready to be configured?
 [INFO] Checking SSH server(s) on dut
[SSH]     SSH server on node dut (device ioll2) is ready after 7.3 seconds
Config Normalizing device configurations
netmiko:  [INFO] Sent normalize configuration to dut
Config Deploying device configurations
 [INFO] Executing initial configuration for node hr1 (namespace clab-
          ml-17-hr1)
 [INFO] Executing initial configuration for node hr2 (namespace clab-
          ml-17-hr2)
 [INFO] Executing initial configuration for node hb1 (namespace clab-
          ml-17-hb1)
 [INFO] Executing initial configuration for node hb2 (namespace clab-
          ml-17-hb2)
 [INFO] Executing initial configuration for node s2
 [INFO] Executing routing configuration for node hr1 (namespace clab-
          ml-17-hr1)
 [INFO] Executing routing configuration for node hr2 (namespace clab-
          ml-17-hr2)
 [INFO] Executing routing configuration for node hb1 (namespace clab-
          ml-17-hb1)
 [INFO] Executing routing configuration for node hb2 (namespace clab-
          ml-17-hb2)
 [INFO] Executing vlan configuration for node s2
 [INFO] Executing ospf configuration for node s2
 [INFO] Executing bgp configuration for node s2
 [INFO] Executing vrf configuration for node s2
 [INFO] Executing vxlan configuration for node s2
 [INFO] Executing evpn configuration for node s2
netmiko:  [INFO] Sent initial configuration to dut
netmiko:  [INFO] Sent vlan configuration to dut
netmiko:  [INFO] Sent ospf configuration to dut
netmiko:  [INFO] Sent bgp configuration to dut
netmiko:  [INFO] Sent vrf configuration to dut
netmiko:  [INFO] Sent vxlan configuration to dut
Errors encountered while processing 05-vxlan-l3only.yml
UserWarning in netmiko: evpn configuration failed on dut
... Invalid input detected at command:   neighbor 10.0.0.6 encap vxlan
... , matched error: %
... Inspect the session log file node_files/dut/netmiko.log for more details
FatalError in initial: Configuration deployment failed

Results of configuration script deployments
================================================================================
hr1              Script:  initial,routing
hr2              Script:  initial,routing
hb1              Script:  initial,routing
hb2              Script:  initial,routing
dut              Failed:  evpn
                 Script:  normalize,initial,vlan,ospf,bgp,vrf,vxlan
s2               Script:  initial,vlan,ospf,bgp,vrf,vxlan,evpn

