Creating Device configuration snippets
[CREATED] spine: initial,bgp,evpn
[CREATED] dut: normalize,initial,vlan,bgp,vxlan,evpn,bgp.session
[CREATED] l2: initial,vlan,bgp,vxlan,evpn,bgp.session
[CREATED] h1: initial,routing
[CREATED] h2: initial,routing
Checking Are lab devices ready to be configured?
 [INFO] Checking SSH server(s) on dut
[SSH]     SSH server on node dut (device ioll2) is ready after 7.4 seconds
Config Normalizing device configurations
netmiko:  [INFO] Sent normalize configuration to dut
Config Deploying device configurations
 [INFO] Executing initial configuration for node spine
 [INFO] Executing initial configuration for node l2
 [INFO] Executing initial configuration for node h1 (namespace clab-
          ml-17-h1)
 [INFO] Executing initial configuration for node h2 (namespace clab-
          ml-17-h2)
 [INFO] Executing routing configuration for node h1 (namespace clab-
          ml-17-h1)
 [INFO] Executing routing configuration for node h2 (namespace clab-
          ml-17-h2)
 [INFO] Executing bgp configuration for node spine
 [INFO] Executing vlan configuration for node l2
 [INFO] Executing evpn configuration for node spine
 [INFO] Executing bgp configuration for node l2
 [INFO] Executing vxlan configuration for node l2
 [INFO] Executing evpn configuration for node l2
 [INFO] Executing bgp.session configuration for node l2
netmiko:  [INFO] Sent initial configuration to dut
netmiko:  [INFO] Sent vlan configuration to dut
netmiko:  [INFO] Sent bgp configuration to dut
netmiko:  [INFO] Sent vxlan configuration to dut
Errors encountered while processing 13-vxlan-ebgp-allowas.yml
UserWarning in netmiko: evpn configuration failed on dut
... Invalid input detected at command:  rd 10.0.0.2:1000
... , matched error: %
... Inspect the session log file node_files/dut/netmiko.log for more details
FatalError in initial: Configuration deployment failed

Results of configuration script deployments
================================================================================
spine            Script:  initial,bgp,evpn
dut              Failed:  evpn
                 Script:  normalize,initial,vlan,bgp,vxlan
l2               Script:  initial,vlan,bgp,vxlan,evpn,bgp.session
h1               Script:  initial,routing
h2               Script:  initial,routing

