Creating Device configuration snippets
[CREATED] ce1: initial,bgp
[CREATED] ce2: initial,bgp
[CREATED] ce3: initial,bgp
[CREATED] ce4: initial,bgp
[CREATED] dut: normalize,initial,vlan,ospf,bgp,vrf,vxlan,evpn
[CREATED] s2: initial,vlan,ospf,bgp,vrf,vxlan,evpn
Checking Are lab devices ready to be configured?
 [INFO] Checking SSH server(s) on dut
[SSH]     SSH server on node dut (device ioll2) is ready after 7.4 seconds
Config Normalizing device configurations
netmiko:  [INFO] Sent normalize configuration to dut
Config Deploying device configurations
 [INFO] Executing initial configuration for node ce1
 [INFO] Executing initial configuration for node ce2
 [INFO] Executing initial configuration for node ce3
 [INFO] Executing initial configuration for node ce4
 [INFO] Executing initial configuration for node s2
 [INFO] Executing bgp configuration for node ce1
 [INFO] Executing bgp configuration for node ce2
 [INFO] Executing bgp configuration for node ce4
 [INFO] Executing bgp configuration for node ce3
 [INFO] Executing vlan configuration for node s2
 [INFO] Executing ospf configuration for node s2
 [INFO] Executing bgp configuration for node s2
 [INFO] Executing vrf configuration for node s2
 [INFO] Executing vxlan configuration for node s2
 [INFO] Executing evpn configuration for node s2
netmiko:  [INFO] Sent initial configuration to dut
netmiko:  [INFO] Sent vlan configuration to dut
netmiko:  [INFO] Sent ospf configuration to dut
netmiko:  [INFO] Sent bgp configuration to dut
netmiko:  [INFO] Sent vrf configuration to dut
netmiko:  [INFO] Sent vxlan configuration to dut
Errors encountered while processing 21-bgp-ce-router.yml
UserWarning in netmiko: evpn configuration failed on dut
... Invalid input detected at command:   neighbor 10.0.0.6 encap vxlan
... , matched error: %
... Inspect the session log file node_files/dut/netmiko.log for more details
FatalError in initial: Configuration deployment failed

Results of configuration script deployments
================================================================================
ce1              Script:  initial,bgp
ce2              Script:  initial,bgp
ce3              Script:  initial,bgp
ce4              Script:  initial,bgp
dut              Failed:  evpn
                 Script:  normalize,initial,vlan,ospf,bgp,vrf,vxlan
s2               Script:  initial,vlan,ospf,bgp,vrf,vxlan,evpn

