Creating Device configuration snippets
[CREATED] ce1: initial,ospf
[CREATED] ce2: initial,ospf
[CREATED] dut: normalize,initial,vlan,ospf,bgp,vrf,vxlan,evpn
[CREATED] s2: initial,vlan,ospf,bgp,vrf,vxlan,evpn
Checking Are lab devices ready to be configured?
 [INFO] Checking SSH server(s) on dut
[SSH]     SSH server on node dut (device ioll2) is ready after 7.3 seconds
Config Normalizing device configurations
netmiko:  [INFO] Sent normalize configuration to dut
Config Deploying device configurations
 [INFO] Executing initial configuration for node ce1
 [INFO] Executing initial configuration for node ce2
 [INFO] Executing initial configuration for node s2
 [INFO] Executing ospf configuration for node ce2
 [INFO] Executing ospf configuration for node ce1
 [INFO] Executing vlan configuration for node s2
 [INFO] Executing ospf configuration for node s2
 [INFO] Executing bgp configuration for node s2
 [INFO] Executing vrf configuration for node s2
 [INFO] Executing vxlan configuration for node s2
 [INFO] Executing evpn configuration for node s2
netmiko:  [INFO] Sent initial configuration to dut
netmiko:  [INFO] Sent vlan configuration to dut
netmiko:  [INFO] Sent ospf configuration to dut
netmiko:  [INFO] Sent bgp configuration to dut
netmiko:  [INFO] Sent vrf configuration to dut
netmiko:  [INFO] Sent vxlan configuration to dut
netmiko:  [INFO] Sent evpn configuration to dut

Results of configuration script deployments
================================================================================
ce1              Script:  initial,ospf
ce2              Script:  initial,ospf
dut              Script:  normalize,initial,vlan,ospf,bgp,vrf,vxlan,evpn
s2               Script:  initial,vlan,ospf,bgp,vrf,vxlan,evpn


The devices under test are layer-3 EVPN/VXLAN routers
running BGP with external devices.

External devices should be able to ping each other

