Using transformed lab topology from snapshot file netlab.snapshot.pickle
Checking virtualization provider installation
OK: clab installed and working correctly
Starting clab nodes
 [INFO] Setting containerlab runtime to docker
Loading Linux kernel modules mpls-router,mpls-iptunnel required by containers using mpls module
provider clab: executing flock -E 42 /tmp/netlab.lock containerlab deploy --reconfigure -t clab.yml
20:42:04 INFO Containerlab started version=0.75.0
20:42:04 INFO Parsing & checking topology file=clab.yml
20:42:04 INFO Removing directory path=/work/netlab_cicd/clab-ml-17
20:42:04 INFO Creating docker network name=nl_mgmt_17 IPv4 subnet=192.168.17.0/24 IPv6 subnet=fd00:df:1ab:17::/64 MTU=0
20:42:04 INFO Creating lab directory path=/work/netlab_cicd/clab-ml-17
20:42:04 INFO Creating container name=p
20:42:04 INFO Creating container name=h1
20:42:04 INFO Creating container name=h3
20:42:04 INFO Creating container name=h4
20:42:04 INFO Creating container name=dut
20:42:04 INFO Creating container name=s2
20:42:04 INFO Creating container name=h2
20:42:04 INFO Running postdeploy actions for Cisco IOL 'dut' node
20:42:05 INFO Created link: h1:eth1 ▪┄┄▪ dut:eth2 (Ethernet0/2)
20:42:05 INFO Created link: dut:eth1 (Ethernet0/1) ▪┄┄▪ p:eth1
20:42:05 INFO Running postdeploy actions for Cisco IOL 's2' node
20:42:05 INFO Created link: s2:eth1 (Ethernet0/1) ▪┄┄▪ p:eth2
20:42:05 INFO Created link: h3:eth1 ▪┄┄▪ dut:eth3 (Ethernet0/3)
20:42:05 INFO Created link: h2:eth1 ▪┄┄▪ s2:eth2 (Ethernet0/2)
20:42:05 INFO Created link: h4:eth1 ▪┄┄▪ s2:eth3 (Ethernet0/3)
20:42:06 INFO Executed command node=p command="sleep 1" stdout=""
20:42:06 INFO Adding host entries path=/etc/hosts
20:42:06 INFO Adding SSH config for nodes path=/etc/ssh/ssh_config.d/clab-ml-17.conf
20:42:06 INFO containerlab version
  🎉=
  │ A newer containerlab version (0.79.0) is available!
  │ Release notes: https://containerlab.dev/rn/0.79/
  │ Run 'clab version upgrade' or see https://containerlab.dev/install/ for other installation options.
[1m╭[0m[1m────────────────[0m[1m┬[0m[1m────────────────────────────────[0m[1m┬[0m[1m─────────[0m[1m┬[0m[1m───────────────────[0m[1m╮[0m
[1m│[0m[1m      Name      [0m[1m│[0m[1m           Kind/Image           [0m[1m│[0m[1m  State  [0m[1m│[0m[1m   IPv4/6 Address  [0m[1m│[0m
[1m├[0m[1m────────────────[0m[1m┼[0m[1m────────────────────────────────[0m[1m┼[0m[1m─────────[0m[1m┼[0m[1m───────────────────[0m[1m┤[0m
│ clab-ml-17-dut │ cisco_iol                      │ running │ 192.168.17.105    │
│                │ vrnetlab/cisco_iol:L2-17.18.02 │         │ fd00:df:1ab:17::2 │
├────────────────┼────────────────────────────────┼─────────┼───────────────────┤
│ clab-ml-17-h1  │ linux                          │ running │ 192.168.17.101    │
│                │ python:3.13-alpine             │         │ fd00:df:1ab:17::4 │
├────────────────┼────────────────────────────────┼─────────┼───────────────────┤
│ clab-ml-17-h2  │ linux                          │ running │ 192.168.17.102    │
│                │ python:3.13-alpine             │         │ fd00:df:1ab:17::7 │
├────────────────┼────────────────────────────────┼─────────┼───────────────────┤
│ clab-ml-17-h3  │ linux                          │ running │ 192.168.17.103    │
│                │ python:3.13-alpine             │         │ fd00:df:1ab:17::6 │
├────────────────┼────────────────────────────────┼─────────┼───────────────────┤
│ clab-ml-17-h4  │ linux                          │ running │ 192.168.17.104    │
│                │ python:3.13-alpine             │         │ fd00:df:1ab:17::8 │
├────────────────┼────────────────────────────────┼─────────┼───────────────────┤
│ clab-ml-17-p   │ linux                          │ running │ 192.168.17.107    │
│                │ quay.io/frrouting/frr:10.6.1   │         │ fd00:df:1ab:17::5 │
├────────────────┼────────────────────────────────┼─────────┼───────────────────┤
│ clab-ml-17-s2  │ cisco_iol                      │ running │ 192.168.17.106    │
│                │ vrnetlab/cisco_iol:L2-17.18.02 │         │ fd00:df:1ab:17::3 │
╰────────────────┴────────────────────────────────┴─────────┴───────────────────╯

Initial configuration skipped, run 'netlab initial' to configure the devices
