Warning in mtu: Device ioll2 (node dut) does not support MTU 1600. MTU on links[1] changed to 1500
Warning in mtu: Device ioll2 (node s2) does not support MTU 1600. MTU on links[2] changed to 1500
ios:  [INFO] Adjusted wait time in 'pfx_ce2_o' validation test to 40
ios:  [INFO] Adjusted wait time in 'pfx_ce2_b' validation test to 40
ios:  [INFO] Adjusted wait time in 'pfx_ce1_o' validation test to 40
ios:  [INFO] Adjusted wait time in 'pfx_ce1_b' validation test to 40
[CONFIG]  ce1b: initial,bgp,daemons,hosts,resolv
[CONFIG]  ce2b: initial,bgp,daemons,hosts (shared),resolv
[CONFIG]  ce1o: initial,ospf,daemons,hosts (shared),resolv
[CONFIG]  ce2o: initial,ospf,daemons,hosts (shared),resolv
[CONFIG]  dut: normalize,initial,ospf,bgp,mpls,vrf,evpn,ifstate
[CONFIG]  s2: normalize,initial,ospf,bgp,mpls,vrf,evpn,ifstate
[CONFIG]  p: initial,ospf,mpls,daemons,hosts (shared),resolv
Created provider configuration file: clab.yml
Created pickled transformed topology data into netlab.snapshot.pickle
Created group_vars for all
Created group_vars for modules
Created group_vars for frr
Created host_vars for ce1b, ce2b, ce1o, ce2o, p
Created group_vars for ioll2
Created host_vars for dut, s2
Created minimized Ansible inventory hosts.yml
Created Ansible configuration file: ansible.cfg
