Creating Device configuration snippets
[CREATED] h1: initial,routing
[CREATED] h2: initial,routing
[CREATED] h3: initial,routing
[CREATED] h4: initial,routing
[CREATED] dut: normalize,initial,vlan,isis,bgp,sr,evpn
[CREATED] s2: normalize,initial,vlan,isis,bgp,sr,evpn
[CREATED] p: initial,isis,sr
Checking Are lab devices ready to be configured?
 [INFO] Checking SSH server(s) on dut,s2
[SSH]     SSH server on node dut (device ioll2) is ready after 7.3 seconds
[SSH]     SSH server on node s2 (device ioll2) is ready after 7.4 seconds
Config Normalizing device configurations
netmiko:  [INFO] Sent normalize configuration to s2
netmiko:  [INFO] Sent normalize configuration to dut
Config Deploying device configurations
 [INFO] Executing initial configuration for node h1 (namespace clab-
          ml-17-h1)
 [INFO] Executing initial configuration for node h2 (namespace clab-
          ml-17-h2)
 [INFO] Executing initial configuration for node h3 (namespace clab-
          ml-17-h3)
 [INFO] Executing initial configuration for node h4 (namespace clab-
          ml-17-h4)
 [INFO] Executing initial configuration for node p
 [INFO] Executing routing configuration for node h1 (namespace clab-
          ml-17-h1)
 [INFO] Executing routing configuration for node h3 (namespace clab-
          ml-17-h3)
 [INFO] Executing routing configuration for node h2 (namespace clab-
          ml-17-h2)
 [INFO] Executing routing configuration for node h4 (namespace clab-
          ml-17-h4)
 [INFO] Executing isis configuration for node p
 [INFO] Executing sr configuration for node p
netmiko:  [INFO] Sent initial configuration to s2
netmiko:  [INFO] Sent initial configuration to dut
netmiko:  [INFO] Sent vlan configuration to dut
netmiko:  [INFO] Sent vlan configuration to s2
netmiko:  [INFO] Sent isis configuration to s2
netmiko:  [INFO] Sent isis configuration to dut
netmiko:  [INFO] Sent bgp configuration to s2
netmiko:  [INFO] Sent sr configuration to s2
netmiko:  [INFO] Sent bgp configuration to dut
Errors encountered while processing 61-sr-bridging.yml
UserWarning in netmiko: evpn configuration failed on s2
... Invalid input detected at command:  rd 10.0.0.6:1000
... , matched error: %
... Inspect the session log file node_files/s2/netmiko.log for more details
netmiko:  [INFO] Sent sr configuration to dut
UserWarning in netmiko: evpn configuration failed on dut
... Invalid input detected at command:  rd 10.0.0.5:1000
... , matched error: %
... Inspect the session log file node_files/dut/netmiko.log for more details
FatalError in initial: Configuration deployment failed

Results of configuration script deployments
================================================================================
h1               Script:  initial,routing
h2               Script:  initial,routing
h3               Script:  initial,routing
h4               Script:  initial,routing
dut              Failed:  evpn
                 Script:  normalize,initial,vlan,isis,bgp,sr
s2               Failed:  evpn
                 Script:  normalize,initial,vlan,isis,bgp,sr
p                Script:  initial,isis,sr

