Checking virtualization provider installation
OK: clab installed and working correctly
Stopping clab nodes
 [INFO] Setting containerlab runtime to docker
provider clab: executing flock -E 42 /tmp/netlab.lock containerlab destroy --cleanup -t clab.yml
08:10:06 INFO Parsing & checking topology file=clab.yml
08:10:06 INFO Parsing & checking topology file=clab.yml
08:10:06 INFO Destroying lab name=ml-17
08:10:07 INFO Removed container name=clab-ml-17-h1
08:10:07 INFO Removed container name=clab-ml-17-s2
08:10:07 INFO Removed container name=clab-ml-17-h4
08:10:07 INFO Removed container name=clab-ml-17-p
08:10:07 INFO Removed container name=clab-ml-17-h2
08:10:07 INFO Removed container name=clab-ml-17-h3
08:10:07 INFO Removed container name=clab-ml-17-dut
08:10:07 INFO Removing host entries path=/etc/hosts
08:10:07 INFO Removing SSH config path=/etc/ssh/ssh_config.d/clab-ml-17.conf
Cleanup configuration files
... removing clab.yml
... removing ansible.cfg
... removing hosts.yml
... removing directory tree group_vars
... removing directory tree host_vars
... removing directory tree node_files
... removing netlab.snapshot.pickle
