Creating Device configuration snippets
[CREATED] dut: initial,isis
[CREATED] x1: initial,isis
[CREATED] x2: initial,isis
Checking Are lab devices ready to be configured?
 [INFO] Checking SSH server(s) on dut
[SSH]     SSH server on node dut (device iol) is ready after 25.4 seconds
Config Deploying device configurations
 [INFO] Executing initial configuration for node x1
 [INFO] Executing initial configuration for node x2
 [INFO] Executing isis configuration for node x1
 [INFO] Executing isis configuration for node x2
netmiko:  [INFO] Sent initial configuration to dut
netmiko:  [INFO] Sent isis configuration to dut

Results of configuration script deployments
================================================================================
dut              Script:  initial,isis
x1               Script:  initial,isis
x2               Script:  initial,isis


This lab tests whether (large) IS-IS costs are correctly applied
to physical interfaces, and whether the device is using wide metrics.

