Checking virtualization provider installation
OK: clab installed and working correctly
Stopping clab nodes
 [INFO] Setting containerlab runtime to docker
provider clab: executing flock -E 42 /tmp/netlab.lock containerlab destroy --cleanup -t clab.yml
06:23:31 INFO Parsing & checking topology file=clab.yml
06:23:31 INFO Parsing & checking topology file=clab.yml
06:23:31 INFO Destroying lab name=ml-30
06:23:31 INFO Removed container name=clab-ml-30-x2
06:23:31 INFO Removed container name=clab-ml-30-x1
06:23:31 INFO Removed container name=clab-ml-30-dut
06:23:31 INFO Removing host entries path=/etc/hosts
06:23:31 INFO Removing SSH config path=/etc/ssh/ssh_config.d/clab-ml-30.conf
Cleanup configuration files
... removing clab.yml
... removing ansible.cfg
... removing hosts.yml
... removing directory tree group_vars
... removing directory tree host_vars
... removing directory tree node_files
... removing netlab.snapshot.pickle
