Creating Device configuration snippets
[CREATED] dut: normalize,initial,vlan,stp
[CREATED] x2: normalize,initial,vlan,stp
[CREATED] x1: normalize,initial,vlan,stp
Checking Are lab devices ready to be configured?
 [INFO] Checking SSH server(s) on dut,x2,x1
Config Normalizing device configurations
 [INFO] Executing normalize configuration for node x2
 [INFO] Executing normalize configuration for node x1
netmiko:  [INFO] Sent normalize configuration to dut
Config Deploying device configurations
 [INFO] Executing initial configuration for node x2
 [INFO] Executing initial configuration for node x1
 [INFO] Executing vlan configuration for node x1
 [INFO] Executing vlan configuration for node x2
 [INFO] Executing stp configuration for node x1
 [INFO] Executing stp configuration for node x2
netmiko:  [INFO] Sent initial configuration to dut
netmiko:  [INFO] Sent vlan configuration to dut
netmiko:  [INFO] Sent stp configuration to dut

Results of configuration script deployments
================================================================================
dut              Script:  normalize,initial,vlan,stp
x2               Script:  normalize,initial,vlan,stp
x1               Script:  normalize,initial,vlan,stp


The devices under test form a layer-2 triangle of VLAN trunks

The bridge with the highest priority (s1) should become the root on all VLANs,
the link x1-x2 should get blocked. Please note that we're running traditional
STP where BPDUs are sent untagged.

