Creating Device configuration snippets
[CREATED] dut: initial,ospf,bfd
[CREATED] bb: initial,ospf,bfd
[CREATED] r1: initial,ospf,bfd
Config Deploying device configurations
 [INFO] Executing initial configuration for node bb
 [INFO] Executing initial configuration for node r1
 [INFO] Executing ospf configuration for node bb
 [INFO] Executing bfd configuration for node bb
 [INFO] Executing ospf configuration for node r1
 [INFO] Executing bfd configuration for node r1
 [INFO] Starting Ansible playbook to deploy the rest of the
          configurations
[WARNING]: Found variable using reserved name: hosts

PLAY [Deploy initial device configuration] *************************************

TASK [Set variables that cannot be set with VARS] ******************************
ok: [dut]

TASK [Deploy initial configuration] ********************************************
included: /home/pipi/net101/tools/netsim/ansible/tasks/deploy-module.yml for dut

TASK [Figure out whether to deploy the module initial on current device] *******
ok: [dut]

TASK [Find configuration template for initial] *********************************
ok: [dut]

TASK [fail] ********************************************************************
skipping: [dut]

TASK [Find configuration deployment deploy_script for initial] *****************
ok: [dut]

TASK [Print deployed configuration when running in verbose mode] ***************
ok: [dut] => {
    "msg": "initial configuration for dut\n=========================================\n#!/bin/bash\n#\nset -e\nset -x\n#\n# Create bash profile script\n#\ncat <<'SCRIPT' >/root/.bash_profile\n#!/bin/bash\n#\nexport PS1=\"\\h(bash)# \"\necho\necho \"Use vtysh to connect to FRR daemon\"\necho\nSCRIPT\n#\n# This is an artifact of unknown provenance that should be removed in a year or two (= 2026/2027)\n#\n# FRR controls these parameters with 'ip forwarding' and 'ipv6 forwarding' commands\n#\nsysctl -w net.ipv4.ip_forward=1\nsysctl -w net.ipv6.conf.all.forwarding=0\n#\ncat <<SCRIPT >.bash_profile\n#!/bin/bash\n#\nexport PS1=\"\\h(bash)$ \"\nexport PATH=$PATH:/usr/sbin\necho \necho \"Use sudo vtysh to connect to FRR daemon\"\necho\nSCRIPT\n#\n# Build hosts file\n#\n#\ncat <<'SCRIPT' >/tmp/hosts\n#\n# Created by netlab initial\n#\n10.0.0.2 bb\n10.1.0.2 eth1.bb\n10.0.0.1 dut\n10.1.0.1 eth1.dut\n10.1.0.5 eth2.dut\n172.16.0.1 eth3.dut\n10.0.0.3 r1\n10.1.0.6 eth1.r1\nSCRIPT\ngrep \"Created by netlab\" /etc/hosts || uniq /tmp/hosts >>/etc/hosts\n#\n# Configure system defaults on Ubuntu\n#\nhostnamectl set-hostname dut\nPKG_INSTALL=\n#\nif which gpg; then\n  echo \"Package gnupg already installed\"\nelse\n  PKG_INSTALL=\"$PKG_INSTALL gnupg\"\nfi\n#\nif which curl; then\n  echo \"Package curl already installed\"\nelse\n  PKG_INSTALL=\"$PKG_INSTALL curl\"\nfi\n#\nif which bridge; then\n  echo \"Package iproute2 already installed\"\nelse\n  PKG_INSTALL=\"$PKG_INSTALL iproute2\"\nfi\n#\n# PKG_INSTALL always starts with a blank, so we can't just check if it's empty\n# The following hack turns a string that contains only whitespaces into\n# an empty string and removes leading whitespaces\n#\nPKG_INSTALL=`echo $PKG_INSTALL`\nif [ -n \"$PKG_INSTALL\" ]; then\n  echo \"Installing packages $PKG_INSTALL\"\n  if command -v apk >/dev/null; then\n    apk add --no-cache $PKG_INSTALL\n  elif command -v apt-get >/dev/null; then\n    apt-get update -qq && apt-get install -qq $PKG_INSTALL\n  else\n    echo \"Cannot install packages (no supported package manager found)\" >&2\n    exit 1\n  fi\nfi\n#\n# Install FRR on a Ubuntu VM if needed\n#\nif which /usr/lib/frr/frrinit.sh; then\n  echo \"FRR already installed, skipping installation\"\nelse\n  curl -s https://deb.frrouting.org/frr/keys.asc >/etc/apt/trusted.gpg.d/frr.asc\n  FRRVER=\"frr-stable\"\n  echo deb https://deb.frrouting.org/frr $(lsb_release -s -c) $FRRVER > /etc/apt/sources.list.d/frr.list\n  apt-get update -qq && apt-get install -qq frr frr-pythontools bridge-utils ethtool\nfi\n#\n# Enable FRR modules (if not using containerlab bind-mounted /etc/frr/daemons)\n#\n#\n# Enable FRR daemons\n#\necho \"ospfd=yes\" >>/etc/frr/daemons\necho \"ospf6d=yes\" >>/etc/frr/daemons\necho \"bfdd=yes\" >>/etc/frr/daemons\n\n/usr/lib/frr/frrinit.sh restart\n\n# Set system defaults\n#\n# Send ARP requests from a sane source IP address\n#\nsysctl -w net.ipv4.conf.all.arp_announce=2\n\n#\n# Create loopbacks, stub and lag/bond devices\n#\nif [ ! -e /sys/class/net/lo ]; then\n  if [ ! -e /sys/devices/virtual/net/lo ]; then\n    ip link add lo type dummy\n    ip link set dev lo up\n  fi\nfi\nif [ ! -e /sys/class/net/eth3 ]; then\n  if [ ! -e /sys/devices/virtual/net/eth3 ]; then\n    ip link add eth3 type dummy\n    ip link set dev eth3 up\n  fi\nfi\n\n# Set Linux interface sysctl parameters: Disable IPv6 (for IPv4-only interfaces)\n# or SLAAC (if the device is a router)\n#\nip link set eth1 down\n# Linux interface parameters for eth1\n#\nsysctl -qw net/ipv6/conf/eth1/disable_ipv6=1\nip link set dev eth1 mtu 1500\nip link set eth1 up\n\nip link set eth2 down\n# Linux interface parameters for eth2\n#\nsysctl -qw net/ipv6/conf/eth2/disable_ipv6=1\nip link set dev eth2 mtu 1500\nip link set eth2 up\n\nip link set eth3 down\n# Linux interface parameters for eth3\n#\nsysctl -qw net/ipv6/conf/eth3/disable_ipv6=1\nip link set dev eth3 mtu 1500\nip link set eth3 up\n\n\n#\n# Add vtysh.conf file\necho \"service integrated-vtysh-config\" >/etc/frr/vtysh.conf\n\n#\n# Ensure FRR's log directory exists before enabling file logging\n#\nmkdir -p /var/log/frr && chown frr:frr /var/log/frr\n#\n# Rest of initial configuration done through VTYSH\n#\ncat >/tmp/config <<CONFIG\nhostname dut\n!\nlog file /var/log/frr/frr.log informational\n\n!\nip forwarding\nfrr defaults datacenter\n!\ninterface lo\n no shutdown\n ip address 10.0.0.1/32\n!\ninterface eth1\n no shutdown\n description dut -> bb\n ip address 10.1.0.1/30\n!\ninterface eth2\n no shutdown\n description dut -> r1\n ip address 10.1.0.5/30\n!\ninterface eth3\n no shutdown\n description dut -> stub [stub]\n ip address 172.16.0.1/24\n!\ndo write\nCONFIG\nvtysh -f /tmp/config\n\n!\nexit 0\n"
}

TASK [Deploy initial configuration] ********************************************
included: /home/pipi/net101/tools/netsim/ansible/tasks/deploy-config/frr.yml for dut

TASK [template] ****************************************************************
changed: [dut]

TASK [set_fact] ****************************************************************
ok: [dut]

TASK [run /tmp/config.sh to deploy initial config from /work/netlab_cicd/node_files/dut/initial] ***
changed: [dut]

TASK [run vtysh to import initial config from /work/netlab_cicd/node_files/dut/initial] ***
skipping: [dut]

PLAY [Deploy module-specific configurations] ***********************************

TASK [Set variables that cannot be set with VARS] ******************************
ok: [dut]

TASK [Deploy individual configuration modules] *********************************
included: /home/pipi/net101/tools/netsim/ansible/tasks/deploy-module.yml for dut => (item=bfd)
included: /home/pipi/net101/tools/netsim/ansible/tasks/deploy-module.yml for dut => (item=ospf)

TASK [Figure out whether to deploy the module bfd on current device] ***********
ok: [dut]

TASK [Find configuration template for bfd] *************************************
ok: [dut]

TASK [fail] ********************************************************************
skipping: [dut]

TASK [Find configuration deployment deploy_script for bfd] *********************
ok: [dut]

TASK [Print deployed configuration when running in verbose mode] ***************
ok: [dut] => {
    "msg": "bfd configuration for dut\n=========================================\n! BFD is configured on OSPF interfaces and BGP neighbors\n! ... nothing to see here ;)\n"
}

TASK [Deploy bfd configuration] ************************************************
included: /home/pipi/net101/tools/netsim/ansible/tasks/deploy-config/frr.yml for dut

TASK [template] ****************************************************************
changed: [dut]

TASK [set_fact] ****************************************************************
ok: [dut]

TASK [run /tmp/config.sh to deploy bfd config from /work/netlab_cicd/node_files/dut/bfd] ***
skipping: [dut]

TASK [run vtysh to import bfd config from /work/netlab_cicd/node_files/dut/bfd] ***
changed: [dut]

TASK [Figure out whether to deploy the module ospf on current device] **********
ok: [dut]

TASK [Find configuration template for ospf] ************************************
ok: [dut]

TASK [fail] ********************************************************************
skipping: [dut]

TASK [Find configuration deployment deploy_script for ospf] ********************
ok: [dut]

TASK [Print deployed configuration when running in verbose mode] ***************
ok: [dut] => {
    "msg": "ospf configuration for dut\n=========================================\n!\n! OSPFv2 FRR configuration\n!\nrouter ospf\n ospf router-id 10.0.0.1\n timers throttle spf 10 50 500\n timers throttle lsa all 100\n timers lsa min-arrival 100\n\n\nexit\n!\ninterface lo\n! \n ip ospf area 0.0.0.0\n!\ninterface eth1\n! dut -> bb\n ip ospf area 0.0.0.0\n ip ospf network point-to-point\n ip ospf bfd 3 500 500\n!\ninterface eth2\n! dut -> r1\n ip ospf area 0.0.0.1\n ip ospf network broadcast\n ip ospf cost 42\n ip ospf bfd 3 500 500\n!\ninterface eth3\n! dut -> stub\n ip ospf area 0.0.0.0\n ip ospf passive\n ip ospf bfd 3 500 500\n!\n\n!\ndo write\n"
}

TASK [Deploy ospf configuration] ***********************************************
included: /home/pipi/net101/tools/netsim/ansible/tasks/deploy-config/frr.yml for dut

TASK [template] ****************************************************************
changed: [dut]

TASK [set_fact] ****************************************************************
ok: [dut]

TASK [run /tmp/config.sh to deploy ospf config from /work/netlab_cicd/node_files/dut/ospf] ***
skipping: [dut]

TASK [run vtysh to import ospf config from /work/netlab_cicd/node_files/dut/ospf] ***
changed: [dut]

PLAY [Deploy custom deployment templates] **************************************
skipping: no hosts matched

PLAY RECAP *********************************************************************
dut                        : ok=29   changed=6    unreachable=0    failed=0    skipped=6    rescued=0    ignored=0   

Results of configuration script deployments
================================================================================
bb               Script:  initial,ospf,bfd
r1               Script:  initial,ospf,bfd


This topology tests the OSPFv2 with BFD

* Multiple OSPF areas on ABR
* BFD enabled on all interfaces

