Using transformed lab topology from snapshot file netlab.snapshot.pickle
Checking virtualization provider installation
OK: clab installed and working correctly
Starting clab nodes
provider clab: executing sudo -E containerlab deploy --reconfigure -t clab.yml
18:00:21 INFO Containerlab started version=0.74.2
18:00:21 INFO Parsing & checking topology file=clab.yml
18:00:21 INFO Removing directory path=/work/netlab_cicd/clab-ml-17
18:00:21 INFO Creating docker network name=nl_mgmt_17 IPv4 subnet=192.168.17.0/24 IPv6 subnet="" MTU=0
18:00:21 INFO Creating lab directory path=/work/netlab_cicd/clab-ml-17
18:00:21 INFO Creating container name=h4
18:00:21 INFO Creating container name=h1
18:00:21 INFO Creating container name=s2
18:00:21 INFO Creating container name=h2
18:00:21 INFO Creating container name=h3
18:00:21 WARN node "dut": kind is nokia_srsim but the provided image does not have the correct labels; please use a valid SR-SIM container image or run a more recent version of the SR-SIM container image to suppress this warning
18:00:21 WARN Failed to write chassis_info.json to lab dir node=dut path=/work/netlab_cicd/clab-ml-17/dut error="/opt/nokia/chassis_info.json not found in image graph driver (UpperDir/MergedDir)"
18:00:21 INFO Retrieved SR OS version from image node=dut version=25.7.R1
18:00:21 INFO Creating container name=dut
18:00:22 INFO Created link: dut:e1-1-c1-1 (1/1/c1/1) ▪┄┄▪ s2:eth1
18:00:22 INFO Created link: h1:eth1 ▪┄┄▪ dut:e1-1-c2-1 (1/1/c2/1)
18:00:22 INFO Created link: h2:eth1 ▪┄┄▪ s2:eth2
18:00:22 INFO Created link: h3:eth1 ▪┄┄▪ dut:e1-1-c3-1 (1/1/c3/1)
18:00:22 INFO Created link: h4:eth1 ▪┄┄▪ s2:eth3
18:00:22 INFO Running postdeploy actions kind=nokia_srsim node=dut
18:00:28 INFO Saving node "clab-ml-17-dut" config as startup...
18:00:29 INFO Saved running configuration node=dut addr=192.168.17.105 config-mode=model-driven
18:00:29 INFO Executed command node=s2 command="sleep 1" stdout=""
18:00:29 INFO Adding host entries path=/etc/hosts
18:00:29 INFO Adding SSH config for nodes path=/etc/ssh/ssh_config.d/clab-ml-17.conf
[1m╭[0m[1m────────────────[0m[1m┬[0m[1m──────────────────────────────[0m[1m┬[0m[1m─────────[0m[1m┬[0m[1m────────────────[0m[1m╮[0m
[1m│[0m[1m      Name      [0m[1m│[0m[1m          Kind/Image          [0m[1m│[0m[1m  State  [0m[1m│[0m[1m IPv4/6 Address [0m[1m│[0m
[1m├[0m[1m────────────────[0m[1m┼[0m[1m──────────────────────────────[0m[1m┼[0m[1m─────────[0m[1m┼[0m[1m────────────────[0m[1m┤[0m
│ clab-ml-17-dut │ nokia_srsim                  │ running │ 192.168.17.105 │
│                │ nokia_srsim:25.7.R1          │         │ N/A            │
├────────────────┼──────────────────────────────┼─────────┼────────────────┤
│ clab-ml-17-h1  │ linux                        │ running │ 192.168.17.101 │
│                │ python:3.13-alpine           │         │ N/A            │
├────────────────┼──────────────────────────────┼─────────┼────────────────┤
│ clab-ml-17-h2  │ linux                        │ running │ 192.168.17.102 │
│                │ python:3.13-alpine           │         │ N/A            │
├────────────────┼──────────────────────────────┼─────────┼────────────────┤
│ clab-ml-17-h3  │ linux                        │ running │ 192.168.17.103 │
│                │ python:3.13-alpine           │         │ N/A            │
├────────────────┼──────────────────────────────┼─────────┼────────────────┤
│ clab-ml-17-h4  │ linux                        │ running │ 192.168.17.104 │
│                │ python:3.13-alpine           │         │ N/A            │
├────────────────┼──────────────────────────────┼─────────┼────────────────┤
│ clab-ml-17-s2  │ linux                        │ running │ 192.168.17.106 │
│                │ quay.io/frrouting/frr:10.5.3 │         │ N/A            │
╰────────────────┴──────────────────────────────┴─────────┴────────────────╯

Initial configuration skipped, run 'netlab initial' to configure the devices
