Using transformed lab topology from snapshot file netlab.snapshot.pickle
Checking virtualization provider installation
OK: clab installed and working correctly
Starting clab nodes
provider clab: executing sudo -E containerlab deploy --reconfigure -t clab.yml
09:37:35 INFO Containerlab started version=0.74.2
09:37:35 INFO Parsing & checking topology file=clab.yml
09:37:35 INFO Removing directory path=/work/netlab_cicd/nokia_c/clab-ml-83
09:37:35 INFO Creating docker network name=nl_mgmt_83 IPv4 subnet=192.168.83.0/24 IPv6 subnet="" MTU=0
09:37:35 INFO Creating lab directory path=/work/netlab_cicd/nokia_c/clab-ml-83
09:37:35 INFO Creating container name=h1
09:37:35 INFO Creating container name=h2
09:37:35 INFO Creating container name=l2
09:37:35 WARN node "spine": kind is nokia_srsim but the provided image does not have the correct labels; please use a valid SR-SIM container image or run a more recent version of the SR-SIM container image to suppress this warning
09:37:35 WARN node "l1": kind is nokia_srsim but the provided image does not have the correct labels; please use a valid SR-SIM container image or run a more recent version of the SR-SIM container image to suppress this warning
09:37:35 WARN Failed to write chassis_info.json to lab dir node=l1 path=/work/netlab_cicd/nokia_c/clab-ml-83/l1 error="/opt/nokia/chassis_info.json not found in image graph driver (UpperDir/MergedDir)"
09:37:35 WARN Failed to write chassis_info.json to lab dir node=spine path=/work/netlab_cicd/nokia_c/clab-ml-83/spine error="/opt/nokia/chassis_info.json not found in image graph driver (UpperDir/MergedDir)"
09:37:35 INFO Retrieved SR OS version from image node=l1 version=25.7.R1
09:37:35 INFO Retrieved SR OS version from image node=spine version=25.7.R1
09:37:35 INFO Creating container name=l1
09:37:35 INFO Creating container name=spine
09:37:36 INFO Created link: h2:eth1 ▪┄┄▪ l2:eth2
09:37:36 INFO Created link: l2:eth1 ▪┄┄▪ spine:e1-1-c2-1 (1/1/c2/1)
09:37:36 INFO Created link: l1:e1-1-c1-1 (1/1/c1/1) ▪┄┄▪ spine:e1-1-c1-1 (1/1/c1/1)
09:37:36 INFO Running postdeploy actions kind=nokia_srsim node=spine
09:37:37 INFO Created link: h1:eth1 ▪┄┄▪ l1:e1-1-c2-1 (1/1/c2/1)
09:37:37 INFO Running postdeploy actions kind=nokia_srsim node=l1
09:37:44 INFO Saving node "clab-ml-83-l1" config as startup...
09:37:44 INFO Saved running configuration node=l1 addr=192.168.83.103 config-mode=model-driven
09:37:44 INFO Saving node "clab-ml-83-spine" config as startup...
09:37:45 INFO Saved running configuration node=spine addr=192.168.83.105 config-mode=model-driven
09:37:45 INFO Executed command node=l2 command="sleep 1" stdout=""
09:37:45 INFO Adding host entries path=/etc/hosts
09:37:45 INFO Adding SSH config for nodes path=/etc/ssh/ssh_config.d/clab-ml-83.conf
09:37:45 INFO containerlab version
  🎉=
  │ A newer containerlab version (0.74.3) is available!
  │ Release notes: https://containerlab.dev/rn/0.74/#0743
  │ Run 'clab version upgrade' or see https://containerlab.dev/install/ for other installation options.
[1m╭[0m[1m──────────────────[0m[1m┬[0m[1m──────────────────────────────[0m[1m┬[0m[1m─────────[0m[1m┬[0m[1m────────────────[0m[1m╮[0m
[1m│[0m[1m       Name       [0m[1m│[0m[1m          Kind/Image          [0m[1m│[0m[1m  State  [0m[1m│[0m[1m IPv4/6 Address [0m[1m│[0m
[1m├[0m[1m──────────────────[0m[1m┼[0m[1m──────────────────────────────[0m[1m┼[0m[1m─────────[0m[1m┼[0m[1m────────────────[0m[1m┤[0m
│ clab-ml-83-h1    │ linux                        │ running │ 192.168.83.101 │
│                  │ python:3.13-alpine           │         │ N/A            │
├──────────────────┼──────────────────────────────┼─────────┼────────────────┤
│ clab-ml-83-h2    │ linux                        │ running │ 192.168.83.102 │
│                  │ python:3.13-alpine           │         │ N/A            │
├──────────────────┼──────────────────────────────┼─────────┼────────────────┤
│ clab-ml-83-l1    │ nokia_srsim                  │ running │ 192.168.83.103 │
│                  │ nokia_srsim:25.7.R1          │         │ N/A            │
├──────────────────┼──────────────────────────────┼─────────┼────────────────┤
│ clab-ml-83-l2    │ linux                        │ running │ 192.168.83.104 │
│                  │ quay.io/frrouting/frr:10.6.0 │         │ N/A            │
├──────────────────┼──────────────────────────────┼─────────┼────────────────┤
│ clab-ml-83-spine │ nokia_srsim                  │ running │ 192.168.83.105 │
│                  │ nokia_srsim:25.7.R1          │         │ N/A            │
╰──────────────────┴──────────────────────────────┴─────────┴────────────────╯

Initial configuration skipped, run 'netlab initial' to configure the devices
