Using transformed lab topology from snapshot file netlab.snapshot.pickle
Checking virtualization provider installation
OK: clab installed and working correctly
Starting clab nodes
provider clab: executing sudo -E containerlab deploy --reconfigure -t clab.yml
11:07:14 INFO Containerlab started version=0.74.2
11:07:14 INFO Parsing & checking topology file=clab.yml
11:07:14 INFO Removing directory path=/work/netlab_cicd/clab-ml-17
11:07:14 INFO Creating docker network name=nl_mgmt_17 IPv4 subnet=192.168.17.0/24 IPv6 subnet="" MTU=0
11:07:14 INFO Creating lab directory path=/work/netlab_cicd/clab-ml-17
11:07:14 INFO Creating container name=l2
11:07:14 INFO Creating container name=h2
11:07:14 INFO Creating container name=spine
11:07:14 INFO Creating container name=h1
11:07:14 WARN node "dut": kind is nokia_srsim but the provided image does not have the correct labels; please use a valid SR-SIM container image or run a more recent version of the SR-SIM container image to suppress this warning
11:07:14 WARN Failed to write chassis_info.json to lab dir node=dut path=/work/netlab_cicd/clab-ml-17/dut error="/opt/nokia/chassis_info.json not found in image graph driver (UpperDir/MergedDir)"
11:07:14 INFO Retrieved SR OS version from image node=dut version=25.7.R1
11:07:14 INFO Creating container name=dut
11:07:15 INFO Created link: dut:e1-1-c2-1 (1/1/c2/1) ▪┄┄▪ h1:eth1
11:07:15 INFO Running postdeploy actions kind=nokia_srsim node=dut
11:07:15 INFO Created link: l2:eth2 ▪┄┄▪ h2:eth1
11:07:15 INFO Created link: spine:eth1 ▪┄┄▪ dut:e1-1-c1-1 (1/1/c1/1)
11:07:15 INFO Created link: spine:eth2 ▪┄┄▪ l2:eth1
11:07:23 INFO Saving node "clab-ml-17-dut" config as startup...
11:07:24 INFO Saved running configuration node=dut addr=192.168.17.102 config-mode=model-driven
11:07:24 INFO Executed command node=l2 command="sleep 1" stdout=""
11:07:24 INFO Executed command node=spine command="sleep 1" stdout=""
11:07:24 INFO Adding host entries path=/etc/hosts
11:07:24 INFO Adding SSH config for nodes path=/etc/ssh/ssh_config.d/clab-ml-17.conf
11:07:24 INFO containerlab version
  🎉=
  │ A newer containerlab version (0.74.3) is available!
  │ Release notes: https://containerlab.dev/rn/0.74/#0743
  │ Run 'clab version upgrade' or see https://containerlab.dev/install/ for other installation options.
[1m╭[0m[1m──────────────────[0m[1m┬[0m[1m──────────────────────────────[0m[1m┬[0m[1m─────────[0m[1m┬[0m[1m────────────────[0m[1m╮[0m
[1m│[0m[1m       Name       [0m[1m│[0m[1m          Kind/Image          [0m[1m│[0m[1m  State  [0m[1m│[0m[1m IPv4/6 Address [0m[1m│[0m
[1m├[0m[1m──────────────────[0m[1m┼[0m[1m──────────────────────────────[0m[1m┼[0m[1m─────────[0m[1m┼[0m[1m────────────────[0m[1m┤[0m
│ clab-ml-17-dut   │ nokia_srsim                  │ running │ 192.168.17.102 │
│                  │ nokia_srsim:25.7.R1          │         │ N/A            │
├──────────────────┼──────────────────────────────┼─────────┼────────────────┤
│ clab-ml-17-h1    │ linux                        │ running │ 192.168.17.104 │
│                  │ python:3.13-alpine           │         │ N/A            │
├──────────────────┼──────────────────────────────┼─────────┼────────────────┤
│ clab-ml-17-h2    │ linux                        │ running │ 192.168.17.105 │
│                  │ python:3.13-alpine           │         │ N/A            │
├──────────────────┼──────────────────────────────┼─────────┼────────────────┤
│ clab-ml-17-l2    │ linux                        │ running │ 192.168.17.103 │
│                  │ quay.io/frrouting/frr:10.6.0 │         │ N/A            │
├──────────────────┼──────────────────────────────┼─────────┼────────────────┤
│ clab-ml-17-spine │ linux                        │ running │ 192.168.17.101 │
│                  │ quay.io/frrouting/frr:10.6.0 │         │ N/A            │
╰──────────────────┴──────────────────────────────┴─────────┴────────────────╯

Initial configuration skipped, run 'netlab initial' to configure the devices
