Using transformed lab topology from snapshot file netlab.snapshot.pickle
Checking virtualization provider installation
OK: clab installed and working correctly
Starting clab nodes
provider clab: executing sudo -E containerlab deploy --reconfigure -t clab.yml
10:48:12 INFO Containerlab started version=0.74.2
10:48:12 INFO Parsing & checking topology file=clab.yml
10:48:12 INFO Removing directory path=/work/netlab_cicd/clab-ml-17
10:48:12 INFO Creating docker network name=nl_mgmt_17 IPv4 subnet=192.168.17.0/24 IPv6 subnet="" MTU=0
10:48:13 INFO Creating lab directory path=/work/netlab_cicd/clab-ml-17
10:48:13 INFO Creating container name=h1
10:48:13 INFO Creating container name=h2
10:48:13 INFO Creating container name=h3
10:48:13 INFO Creating container name=h4
10:48:13 WARN node "s1": kind is nokia_srsim but the provided image does not have the correct labels; please use a valid SR-SIM container image or run a more recent version of the SR-SIM container image to suppress this warning
10:48:13 WARN node "s2": kind is nokia_srsim but the provided image does not have the correct labels; please use a valid SR-SIM container image or run a more recent version of the SR-SIM container image to suppress this warning
10:48:13 WARN Failed to write chassis_info.json to lab dir node=s2 path=/work/netlab_cicd/clab-ml-17/s2 error="/opt/nokia/chassis_info.json not found in image graph driver (UpperDir/MergedDir)"
10:48:13 WARN Failed to write chassis_info.json to lab dir node=s1 path=/work/netlab_cicd/clab-ml-17/s1 error="/opt/nokia/chassis_info.json not found in image graph driver (UpperDir/MergedDir)"
10:48:13 INFO Retrieved SR OS version from image node=s2 version=25.7.R1
10:48:13 INFO Retrieved SR OS version from image node=s1 version=25.7.R1
10:48:13 INFO Creating container name=s1
10:48:13 INFO Creating container name=s2
10:48:14 INFO Created link: s1:e1-1-c2-1 (1/1/c2/1) ▪┄┄▪ h1:eth1
10:48:14 INFO Created link: s1:e1-1-c1-1 (1/1/c1/1) ▪┄┄▪ s2:e1-1-c1-1 (1/1/c1/1)
10:48:14 INFO Created link: s1:e1-1-c3-1 (1/1/c3/1) ▪┄┄▪ h3:eth1
10:48:14 INFO Created link: s2:e1-1-c2-1 (1/1/c2/1) ▪┄┄▪ h2:eth1
10:48:14 INFO Running postdeploy actions kind=nokia_srsim node=s1
10:48:14 INFO Created link: s2:e1-1-c3-1 (1/1/c3/1) ▪┄┄▪ h4:eth1
10:48:14 INFO Running postdeploy actions kind=nokia_srsim node=s2
10:48:21 INFO Saving node "clab-ml-17-s1" config as startup...
10:48:21 INFO Saving node "clab-ml-17-s2" config as startup...
10:48:22 INFO Saved running configuration node=s2 addr=192.168.17.102 config-mode=model-driven
10:48:22 INFO Saved running configuration node=s1 addr=192.168.17.101 config-mode=model-driven
10:48:22 INFO Adding host entries path=/etc/hosts
10:48:22 INFO Adding SSH config for nodes path=/etc/ssh/ssh_config.d/clab-ml-17.conf
10:48:22 INFO containerlab version
  🎉=
  │ A newer containerlab version (0.74.3) is available!
  │ Release notes: https://containerlab.dev/rn/0.74/#0743
  │ Run 'clab version upgrade' or see https://containerlab.dev/install/ for other installation options.
[1m╭[0m[1m───────────────[0m[1m┬[0m[1m─────────────────────[0m[1m┬[0m[1m─────────[0m[1m┬[0m[1m────────────────[0m[1m╮[0m
[1m│[0m[1m      Name     [0m[1m│[0m[1m      Kind/Image     [0m[1m│[0m[1m  State  [0m[1m│[0m[1m IPv4/6 Address [0m[1m│[0m
[1m├[0m[1m───────────────[0m[1m┼[0m[1m─────────────────────[0m[1m┼[0m[1m─────────[0m[1m┼[0m[1m────────────────[0m[1m┤[0m
│ clab-ml-17-h1 │ linux               │ running │ 192.168.17.103 │
│               │ python:3.13-alpine  │         │ N/A            │
├───────────────┼─────────────────────┼─────────┼────────────────┤
│ clab-ml-17-h2 │ linux               │ running │ 192.168.17.104 │
│               │ python:3.13-alpine  │         │ N/A            │
├───────────────┼─────────────────────┼─────────┼────────────────┤
│ clab-ml-17-h3 │ linux               │ running │ 192.168.17.105 │
│               │ python:3.13-alpine  │         │ N/A            │
├───────────────┼─────────────────────┼─────────┼────────────────┤
│ clab-ml-17-h4 │ linux               │ running │ 192.168.17.106 │
│               │ python:3.13-alpine  │         │ N/A            │
├───────────────┼─────────────────────┼─────────┼────────────────┤
│ clab-ml-17-s1 │ nokia_srsim         │ running │ 192.168.17.101 │
│               │ nokia_srsim:25.7.R1 │         │ N/A            │
├───────────────┼─────────────────────┼─────────┼────────────────┤
│ clab-ml-17-s2 │ nokia_srsim         │ running │ 192.168.17.102 │
│               │ nokia_srsim:25.7.R1 │         │ N/A            │
╰───────────────┴─────────────────────┴─────────┴────────────────╯

Initial configuration skipped, run 'netlab initial' to configure the devices
