Checking virtualization provider installation
OK: clab installed and working correctly
Stopping clab nodes
11:07:56 INFO Parsing & checking topology file=clab.yml
11:07:56 INFO Parsing & checking topology file=clab.yml
11:07:56 INFO Destroying lab name=ml-17
11:07:57 INFO Removed container name=clab-ml-17-dut
11:07:57 INFO Removed container name=clab-ml-17-h2
11:07:57 INFO Removed container name=clab-ml-17-h1
11:07:57 INFO Removed container name=clab-ml-17-l2
11:07:57 INFO Removed container name=clab-ml-17-spine
11:07:57 INFO Removing host entries path=/etc/hosts
11:07:57 INFO Removing SSH config path=/etc/ssh/ssh_config.d/clab-ml-17.conf
Cleanup configuration files
... removing clab.yml
... removing ansible.cfg
... removing hosts.yml
... removing directory tree group_vars
... removing directory tree host_vars
... removing directory tree node_files
... removing netlab.snapshot.pickle
