Using transformed lab topology from snapshot file netlab.snapshot.pickle
Checking virtualization provider installation
OK: clab installed and working correctly
Starting clab nodes
provider clab: executing sudo -E containerlab deploy --reconfigure -t clab.yml
07:46:11 INFO Containerlab started version=0.74.2
07:46:11 INFO Parsing & checking topology file=clab.yml
07:46:11 INFO Removing directory path=/work/netlab_cicd/xr/clab-ml-82
07:46:11 INFO Creating docker network name=nl_mgmt_82 IPv4 subnet=192.168.82.0/24 IPv6 subnet="" MTU=0
07:46:11 WARN Node name will not resolve via DNS name=clab-ml-82-dut_a reason="name contains invalid characters such as '.' and/or '_'"
07:46:11 WARN Node name will not resolve via DNS name=clab-ml-82-dut_c reason="name contains invalid characters such as '.' and/or '_'"
07:46:11 INFO Creating lab directory path=/work/netlab_cicd/xr/clab-ml-82
07:46:11 INFO Creating container name=probe
07:46:11 INFO Creating container name=xf
07:46:11 INFO Creating container name=dut_c
07:46:11 INFO Creating container name=dut_a
07:46:12 INFO Created link: dut_a:FH0_0_0_0 ▪┄┄▪ probe:eth1
07:46:12 INFO Created link: dut_c:FH0_0_0_0 ▪┄┄▪ probe:eth2
07:46:12 INFO Created link: dut_c:FH0_0_0_1 ▪┄┄▪ xf:eth1
07:46:13 INFO Executed command node=probe command="sleep 1" stdout=""
07:46:13 INFO Executed command node=xf command="sleep 1" stdout=""
07:46:13 INFO Adding host entries path=/etc/hosts
07:46:13 INFO Adding SSH config for nodes path=/etc/ssh/ssh_config.d/clab-ml-82.conf
07:46:13 INFO containerlab version
  🎉=
  │ A newer containerlab version (0.74.3) is available!
  │ Release notes: https://containerlab.dev/rn/0.74/#0743
  │ Run 'clab version upgrade' or see https://containerlab.dev/install/ for other installation options.
[1m╭[0m[1m──────────────────[0m[1m┬[0m[1m──────────────────────────────[0m[1m┬[0m[1m─────────[0m[1m┬[0m[1m────────────────[0m[1m╮[0m
[1m│[0m[1m       Name       [0m[1m│[0m[1m          Kind/Image          [0m[1m│[0m[1m  State  [0m[1m│[0m[1m IPv4/6 Address [0m[1m│[0m
[1m├[0m[1m──────────────────[0m[1m┼[0m[1m──────────────────────────────[0m[1m┼[0m[1m─────────[0m[1m┼[0m[1m────────────────[0m[1m┤[0m
│ clab-ml-82-dut_a │ cisco_c8000                  │ running │ 192.168.82.101 │
│                  │ cisco/cisco-8201-32fh:24.4.1 │         │ N/A            │
├──────────────────┼──────────────────────────────┼─────────┼────────────────┤
│ clab-ml-82-dut_c │ cisco_c8000                  │ running │ 192.168.82.102 │
│                  │ cisco/cisco-8201-32fh:24.4.1 │         │ N/A            │
├──────────────────┼──────────────────────────────┼─────────┼────────────────┤
│ clab-ml-82-probe │ linux                        │ running │ 192.168.82.103 │
│                  │ quay.io/frrouting/frr:10.6.0 │         │ N/A            │
├──────────────────┼──────────────────────────────┼─────────┼────────────────┤
│ clab-ml-82-xf    │ linux                        │ running │ 192.168.82.104 │
│                  │ quay.io/frrouting/frr:10.6.0 │         │ N/A            │
╰──────────────────┴──────────────────────────────┴─────────┴────────────────╯

Initial configuration skipped, run 'netlab initial' to configure the devices
