Creating Device configuration snippets
[CREATED] dut: initial,bgp,vrf,bgp.session
[CREATED] x1: initial,bgp,bgp.session
[CREATED] v1: initial,bgp,bgp.session
Config Deploying device configurations
 [INFO] Executing initial configuration for node dut
 [INFO] Executing initial configuration for node x1
 [INFO] Executing initial configuration for node v1
 [INFO] Executing bgp configuration for node dut
 [INFO] Executing vrf configuration for node dut
 [INFO] Executing bgp.session configuration for node dut
 [INFO] Executing bgp configuration for node v1
 [INFO] Executing bgp configuration for node x1
 [INFO] Executing bgp.session configuration for node v1
 [INFO] Executing bgp.session configuration for node x1

Results of configuration script deployments
================================================================================
dut              Script:  initial,bgp,vrf,bgp.session
x1               Script:  initial,bgp,bgp.session
v1               Script:  initial,bgp,bgp.session


This lab tests the BGP timers functionality. The EBGP session between the probe and the lab device should use the BGP timers dictated by the lab device.
