Creating Device configuration snippets
[CREATED] dut: initial,bgp,vrf,bgp.session
[CREATED] x1: initial,bgp
[CREATED] x2: initial,bgp
[CREATED] x3: initial,bgp
[CREATED] v1: initial,bgp
[CREATED] v2: initial,bgp
Config Deploying device configurations
 [INFO] Executing initial configuration for node dut
 [INFO] Executing initial configuration for node x1
 [INFO] Executing initial configuration for node x2
 [INFO] Executing initial configuration for node x3
 [INFO] Executing initial configuration for node v1
 [INFO] Executing initial configuration for node v2
 [INFO] Executing bgp configuration for node x1
 [INFO] Executing bgp configuration for node x3
 [INFO] Executing bgp configuration for node v2
 [INFO] Executing bgp configuration for node x2
 [INFO] Executing bgp configuration for node v1
 [INFO] Executing bgp configuration for node dut
 [INFO] Executing vrf configuration for node dut
 [INFO] Executing bgp.session configuration for node dut

Results of configuration script deployments
================================================================================
dut              Script:  initial,bgp,vrf,bgp.session
x1               Script:  initial,bgp
x2               Script:  initial,bgp
x3               Script:  initial,bgp
v1               Script:  initial,bgp
v2               Script:  initial,bgp


This lab tests the BGP graceful restart functionality.

