Creating Device configuration snippets
[CREATED] h1: initial,routing
[CREATED] h2: initial,routing
[CREATED] h3: initial,routing
[CREATED] h4: initial,routing
[CREATED] l1: initial,vlan,ospf,bgp,vrf,vxlan,evpn
[CREATED] l2: initial,vlan,ospf,bgp,vrf,vxlan,evpn
[CREATED] spine: initial,vlan,ospf,bgp,vrf,vxlan,evpn
Config Deploying device configurations
 [INFO] Executing initial configuration for node h1 (namespace clab-
          ml-85-h1)
 [INFO] Executing initial configuration for node h2 (namespace clab-
          ml-85-h2)
 [INFO] Executing initial configuration for node h3 (namespace clab-
          ml-85-h3)
 [INFO] Executing initial configuration for node h4 (namespace clab-
          ml-85-h4)
 [INFO] Executing initial configuration for node l2
 [INFO] Executing routing configuration for node h2 (namespace clab-
          ml-85-h2)
 [INFO] Executing routing configuration for node h1 (namespace clab-
          ml-85-h1)
 [INFO] Executing routing configuration for node h3 (namespace clab-
          ml-85-h3)
 [INFO] Executing routing configuration for node h4 (namespace clab-
          ml-85-h4)
 [INFO] Executing vlan configuration for node l2
 [INFO] Executing ospf configuration for node l2
 [INFO] Executing bgp configuration for node l2
 [INFO] Executing vrf configuration for node l2
 [INFO] Executing vxlan configuration for node l2
 [INFO] Executing evpn configuration for node l2
 [INFO] Starting Ansible playbook to deploy the rest of the
          configurations
[WARNING]: Found variable using reserved name: hosts

PLAY [Deploy initial device configuration] *************************************

TASK [Set variables that cannot be set with VARS] ******************************
ok: [l1]
ok: [spine]

TASK [Normalize config on bridge-like devices] *********************************
included: /home/pipi/net101/tools/netsim/ansible/tasks/deploy-module.yml for l1, spine

TASK [Figure out whether to deploy the module normalize on current device] *****
ok: [l1]
ok: [spine]

TASK [Find configuration template for normalize] *******************************
ok: [l1]
ok: [spine]

TASK [fail] ********************************************************************
skipping: [l1]
skipping: [spine]

TASK [Find configuration deployment deploy_script for normalize] ***************
ok: [l1]
ok: [spine]

TASK [Print deployed configuration when running in verbose mode] ***************
skipping: [l1]
skipping: [spine]

TASK [Deploy normalize configuration] ******************************************
skipping: [l1]
skipping: [spine]

TASK [Deploy initial configuration] ********************************************
included: /home/pipi/net101/tools/netsim/ansible/tasks/deploy-module.yml for l1, spine

TASK [Figure out whether to deploy the module initial on current device] *******
ok: [l1]
ok: [spine]

TASK [Find configuration template for initial] *********************************
ok: [l1]
ok: [spine]

TASK [fail] ********************************************************************
skipping: [l1]
skipping: [spine]

TASK [Find configuration deployment deploy_script for initial] *****************
ok: [l1]
ok: [spine]

TASK [Print deployed configuration when running in verbose mode] ***************
ok: [l1] => {
    "msg": "initial configuration for l1\n=========================================\nhostname l1\n!\nlldp enable\n!\nip vrf customer\nexit\n!\nip host l2 10.0.0.6\nip host spine 10.0.0.7\n!\n!\ndefault mtu 1532\n!\ninterface mgmt1/1/1\n no lldp transmit\n no lldp receive\n!\ninterface loopback0\n no shutdown\n ip address 10.0.0.5/32\n no ipv6 enable\n!\ninterface ethernet1/1/1\n no shutdown\n no switchport\n mtu 1632\n description \"l1 -> spine\"\n ip address 10.1.0.1/30\n ip unreachables\n no ipv6 enable\n!\ninterface ethernet1/1/2\n no shutdown\n no switchport\n description \"[Access VLAN red] l1 -> h1\"\n no ipv6 enable\n!\ninterface ethernet1/1/3\n no shutdown\n no switchport\n description \"[Access VLAN blue] l1 -> h3\"\n no ipv6 enable\n!\ninterface virtual-network1000\n no shutdown\n ip vrf forwarding customer\n description \"VLAN red (1000) -> [h1\\\\,h2\\\\,l2\\\\,spine] [external]\"\n no ipv6 enable\n!\ninterface virtual-network1001\n no shutdown\n ip vrf forwarding customer\n description \"VLAN blue (1001) -> [h3\\\\,h4\\\\,l2\\\\,spine] [external]\"\n no ipv6 enable\n!\n"
}
ok: [spine] => {
    "msg": "initial configuration for spine\n=========================================\nhostname spine\n!\nlldp enable\n!\nip vrf customer\nexit\n!\nip host l1 10.0.0.5\nip host l2 10.0.0.6\n!\n!\ndefault mtu 1532\n!\ninterface mgmt1/1/1\n no lldp transmit\n no lldp receive\n!\ninterface loopback0\n no shutdown\n ip address 10.0.0.7/32\n no ipv6 enable\n!\ninterface ethernet1/1/1\n no shutdown\n no switchport\n mtu 1632\n description \"spine -> l1\"\n ip address 10.1.0.2/30\n ip unreachables\n no ipv6 enable\n!\ninterface ethernet1/1/2\n no shutdown\n no switchport\n mtu 1632\n description \"spine -> l2\"\n ip address 10.1.0.6/30\n ip unreachables\n no ipv6 enable\n!\ninterface virtual-network1000\n no shutdown\n ip vrf forwarding customer\n description \"VLAN red (1000) -> [h1\\\\,l1\\\\,h2\\\\,l2] [external]\"\n ip address 172.16.0.7/24\n no ipv6 enable\n!\ninterface virtual-network1001\n no shutdown\n ip vrf forwarding customer\n description \"VLAN blue (1001) -> [h3\\\\,l1\\\\,h4\\\\,l2] [external]\"\n ip address 172.16.1.7/24\n no ipv6 enable\n!\n"
}

TASK [Deploy initial configuration] ********************************************
included: /home/pipi/net101/tools/netsim/ansible/tasks/deploy-config/dellos10.yml for l1, spine

TASK [wait_for_connection] *****************************************************
skipping: [l1]
skipping: [spine]

TASK [dellos10_config: deploying initial from /work/netlab_cicd/other_vm/node_files/l1/initial, save to startup=yes] ***
changed: [spine]
changed: [l1]

PLAY [Deploy module-specific configurations] ***********************************

TASK [Set variables that cannot be set with VARS] ******************************
ok: [l1]
ok: [spine]

TASK [Deploy individual configuration modules] *********************************
included: /home/pipi/net101/tools/netsim/ansible/tasks/deploy-module.yml for l1, spine => (item=vlan)
included: /home/pipi/net101/tools/netsim/ansible/tasks/deploy-module.yml for l1, spine => (item=routing)
included: /home/pipi/net101/tools/netsim/ansible/tasks/deploy-module.yml for l1, spine => (item=ospf)
included: /home/pipi/net101/tools/netsim/ansible/tasks/deploy-module.yml for l1, spine => (item=bgp)
included: /home/pipi/net101/tools/netsim/ansible/tasks/deploy-module.yml for l1, spine => (item=vrf)
included: /home/pipi/net101/tools/netsim/ansible/tasks/deploy-module.yml for l1, spine => (item=vxlan)
included: /home/pipi/net101/tools/netsim/ansible/tasks/deploy-module.yml for l1, spine => (item=evpn)

TASK [Figure out whether to deploy the module vlan on current device] **********
ok: [l1]
ok: [spine]

TASK [Find configuration template for vlan] ************************************
ok: [l1]
ok: [spine]

TASK [fail] ********************************************************************
skipping: [l1]
skipping: [spine]

TASK [Find configuration deployment deploy_script for vlan] ********************
ok: [l1]
ok: [spine]

TASK [Print deployed configuration when running in verbose mode] ***************
ok: [l1] => {
    "msg": "vlan configuration for l1\n=========================================\ninterface vlan 1000\n description \"VLAN red\"\n exit\n!\ninterface vlan 1001\n description \"VLAN blue\"\n exit\n!\n\n!\ninterface ethernet1/1/2\n switchport mode access\n switchport access vlan 1000\n!\ninterface ethernet1/1/3\n switchport mode access\n switchport access vlan 1001\n!\ninterface virtual-network1000\n!\ninterface virtual-network1001\n"
}
ok: [spine] => {
    "msg": "vlan configuration for spine\n=========================================\ninterface vlan 1000\n description \"VLAN red\"\n exit\n!\ninterface vlan 1001\n description \"VLAN blue\"\n exit\n!\n\n!\ninterface virtual-network1000\n!\ninterface virtual-network1001\n"
}

TASK [Deploy vlan configuration] ***********************************************
included: /home/pipi/net101/tools/netsim/ansible/tasks/deploy-config/dellos10.yml for l1, spine

TASK [wait_for_connection] *****************************************************
skipping: [l1]
skipping: [spine]

TASK [dellos10_config: deploying vlan from /work/netlab_cicd/other_vm/node_files/l1/vlan, save to startup=yes] ***
changed: [spine]
changed: [l1]

TASK [Figure out whether to deploy the module routing on current device] *******
ok: [l1]
ok: [spine]

TASK [Find configuration template for routing] *********************************
skipping: [l1]
skipping: [spine]

TASK [fail] ********************************************************************
skipping: [l1]
skipping: [spine]

TASK [Find configuration deployment deploy_script for routing] *****************
skipping: [l1]
skipping: [spine]

TASK [Print deployed configuration when running in verbose mode] ***************
skipping: [l1]
skipping: [spine]

TASK [Deploy routing configuration] ********************************************
skipping: [l1]
skipping: [spine]

TASK [Figure out whether to deploy the module ospf on current device] **********
ok: [l1]
ok: [spine]

TASK [Find configuration template for ospf] ************************************
ok: [l1]
ok: [spine]

TASK [fail] ********************************************************************
skipping: [l1]
skipping: [spine]

TASK [Find configuration deployment deploy_script for ospf] ********************
ok: [l1]
ok: [spine]

TASK [Print deployed configuration when running in verbose mode] ***************
ok: [l1] => {
    "msg": "ospf configuration for l1\n=========================================\n\nrouter ospf 1\n router-id 10.0.0.5\n\n\n\n timers lsa arrival 100\n timers spf 10 50 500\n timers throttle lsa all 100\n!\ninterface loopback0\n ip ospf 1 area 0.0.0.0\n ip ospf passive\n!\ninterface ethernet1/1/1\n! l1 -> spine\n ip ospf 1 area 0.0.0.0\n ip ospf network point-to-point\n!\n\n"
}
ok: [spine] => {
    "msg": "ospf configuration for spine\n=========================================\n\nrouter ospf 1\n router-id 10.0.0.7\n\n\n\n timers lsa arrival 100\n timers spf 10 50 500\n timers throttle lsa all 100\n!\ninterface loopback0\n ip ospf 1 area 0.0.0.0\n ip ospf passive\n!\ninterface ethernet1/1/1\n! spine -> l1\n ip ospf 1 area 0.0.0.0\n ip ospf network point-to-point\n!\n\ninterface ethernet1/1/2\n! spine -> l2\n ip ospf 1 area 0.0.0.0\n ip ospf network point-to-point\n!\n\n"
}

TASK [Deploy ospf configuration] ***********************************************
included: /home/pipi/net101/tools/netsim/ansible/tasks/deploy-config/dellos10.yml for l1, spine

TASK [wait_for_connection] *****************************************************
skipping: [l1]
skipping: [spine]

TASK [dellos10_config: deploying ospf from /work/netlab_cicd/other_vm/node_files/l1/ospf, save to startup=yes] ***
changed: [l1]
changed: [spine]

TASK [Figure out whether to deploy the module bgp on current device] ***********
ok: [l1]
ok: [spine]

TASK [Find configuration template for bgp] *************************************
ok: [l1]
ok: [spine]

TASK [fail] ********************************************************************
skipping: [l1]
skipping: [spine]

TASK [Find configuration deployment deploy_script for bgp] *********************
ok: [l1]
ok: [spine]

TASK [Print deployed configuration when running in verbose mode] ***************
ok: [l1] => {
    "msg": "bgp configuration for l1\n=========================================\n!\nrouter bgp 65000\n  log-neighbor-changes\n\n! define a generic unnumbered template to be used for eBGP unnumbered...\n! additionally, need to define link-local-only-nexthop as per Dell suggested \"Cumulus workaround\"\n! WTF Dell...\n  template unnumbered_ebgp\n    link-local-only-nexthop\n    exit\n\n  router-id 10.0.0.5\n!\n  neighbor 10.0.0.7\n    remote-as 65000\n    \n    description \"spine\"\n    update-source loopback0\n!\n    address-family ipv4 unicast\n      next-hop-self\n    exit\n    send-community standard\n    send-community extended\n\n!\n    address-family ipv4 unicast\n      soft-reconfiguration inbound\n      activate\n    exit\n    address-family ipv6 unicast\n      no activate\n    exit\n\n    timers 3 9\n    advertisement-interval 1\n    no shutdown\n  exit\n!\n!\n address-family ipv4 unicast\n!\n\n  network 10.0.0.5/32\n!\n"
}
ok: [spine] => {
    "msg": "bgp configuration for spine\n=========================================\n!\nrouter bgp 65000\n  log-neighbor-changes\n\n! define a generic unnumbered template to be used for eBGP unnumbered...\n! additionally, need to define link-local-only-nexthop as per Dell suggested \"Cumulus workaround\"\n! WTF Dell...\n  template unnumbered_ebgp\n    link-local-only-nexthop\n    exit\n\n  router-id 10.0.0.7\n  cluster-id 10.0.0.7\n  client-to-client reflection\n!\n  neighbor 10.0.0.5\n    remote-as 65000\n    \n    description \"l1\"\n    update-source loopback0\n!\n    address-family ipv4 unicast\n      next-hop-self\n    exit\n    route-reflector-client\n    send-community standard\n    send-community extended\n\n!\n    address-family ipv4 unicast\n      soft-reconfiguration inbound\n      activate\n    exit\n    address-family ipv6 unicast\n      no activate\n    exit\n\n    timers 3 9\n    advertisement-interval 1\n    no shutdown\n  exit\n!\n  neighbor 10.0.0.6\n    remote-as 65000\n    \n    description \"l2\"\n    update-source loopback0\n!\n    address-family ipv4 unicast\n      next-hop-self\n    exit\n    route-reflector-client\n    send-community standard\n    send-community extended\n\n!\n    address-family ipv4 unicast\n      soft-reconfiguration inbound\n      activate\n    exit\n    address-family ipv6 unicast\n      no activate\n    exit\n\n    timers 3 9\n    advertisement-interval 1\n    no shutdown\n  exit\n!\n!\n address-family ipv4 unicast\n!\n\n  network 10.0.0.7/32\n!\n"
}

TASK [Deploy bgp configuration] ************************************************
included: /home/pipi/net101/tools/netsim/ansible/tasks/deploy-config/dellos10.yml for l1, spine

TASK [wait_for_connection] *****************************************************
skipping: [l1]
skipping: [spine]

TASK [dellos10_config: deploying bgp from /work/netlab_cicd/other_vm/node_files/l1/bgp, save to startup=yes] ***
changed: [l1]
changed: [spine]

TASK [Figure out whether to deploy the module vrf on current device] ***********
ok: [l1]
ok: [spine]

TASK [Find configuration template for vrf] *************************************
ok: [l1]
ok: [spine]

TASK [fail] ********************************************************************
skipping: [l1]
skipping: [spine]

TASK [Find configuration deployment deploy_script for vrf] *********************
ok: [l1]
ok: [spine]

TASK [Print deployed configuration when running in verbose mode] ***************
ok: [l1] => {
    "msg": "vrf configuration for l1\n=========================================\n\n!\nip vrf customer\n!\n!\nexit\n!\n\nrouter bgp 65000\n!\n vrf customer\n  router-id 10.0.0.5\n! need to define unnumbered template also at vrf-level\n  template unnumbered_ebgp\n    link-local-only-nexthop\n    exit\n\n\n\n\n"
}
ok: [spine] => {
    "msg": "vrf configuration for spine\n=========================================\n\n!\nip vrf customer\n!\n! ip route-import | route-export xxx\n ip route-import 65000:1\n ip route-export 65000:1\n!\nexit\n!\n\nrouter bgp 65000\n!\n vrf customer\n  router-id 10.0.0.7\n! need to define unnumbered template also at vrf-level\n  template unnumbered_ebgp\n    link-local-only-nexthop\n    exit\n\n\n!\n address-family ipv4 unicast\n redistribute connected\n\n\n\n"
}

TASK [Deploy vrf configuration] ************************************************
included: /home/pipi/net101/tools/netsim/ansible/tasks/deploy-config/dellos10.yml for l1, spine

TASK [wait_for_connection] *****************************************************
skipping: [l1]
skipping: [spine]

TASK [dellos10_config: deploying vrf from /work/netlab_cicd/other_vm/node_files/l1/vrf, save to startup=yes] ***
changed: [l1]
changed: [spine]

TASK [Figure out whether to deploy the module vxlan on current device] *********
ok: [l1]
ok: [spine]

TASK [Find configuration template for vxlan] ***********************************
ok: [l1]
ok: [spine]

TASK [fail] ********************************************************************
skipping: [l1]
skipping: [spine]

TASK [Find configuration deployment deploy_script for vxlan] *******************
ok: [l1]
ok: [spine]

TASK [Print deployed configuration when running in verbose mode] ***************
ok: [l1] => {
    "msg": "vxlan configuration for l1\n=========================================\n! First of all, create association VLAN<->Virtual-Network\nvirtual-network 1000\n exit\nclear virtual-network 1000 counters\n!\ninterface vlan 1000\n description \"VLAN red\"\n virtual-network 1000\n exit\nvirtual-network 1001\n exit\nclear virtual-network 1001 counters\n!\ninterface vlan 1001\n description \"VLAN blue\"\n virtual-network 1001\n exit\n\nnve\n  source-interface loopback0\n\nvirtual-network 1000\n  vxlan-vni 6000\nvirtual-network 1001\n  vxlan-vni 6001\n"
}
ok: [spine] => {
    "msg": "vxlan configuration for spine\n=========================================\n! First of all, create association VLAN<->Virtual-Network\nvirtual-network 1000\n exit\nclear virtual-network 1000 counters\n!\ninterface vlan 1000\n description \"VLAN red\"\n virtual-network 1000\n exit\nvirtual-network 1001\n exit\nclear virtual-network 1001 counters\n!\ninterface vlan 1001\n description \"VLAN blue\"\n virtual-network 1001\n exit\n\nnve\n  source-interface loopback0\n\nvirtual-network 1000\n  vxlan-vni 6000\nvirtual-network 1001\n  vxlan-vni 6001\n"
}

TASK [Deploy vxlan configuration] **********************************************
included: /home/pipi/net101/tools/netsim/ansible/tasks/deploy-config/dellos10.yml for l1, spine

TASK [wait_for_connection] *****************************************************
skipping: [l1]
skipping: [spine]

TASK [dellos10_config: deploying vxlan from /work/netlab_cicd/other_vm/node_files/l1/vxlan, save to startup=yes] ***
changed: [spine]
changed: [l1]

TASK [Figure out whether to deploy the module evpn on current device] **********
ok: [l1]
ok: [spine]

TASK [Find configuration template for evpn] ************************************
ok: [l1]
ok: [spine]

TASK [fail] ********************************************************************
skipping: [l1]
skipping: [spine]

TASK [Find configuration deployment deploy_script for evpn] ********************
ok: [l1]
ok: [spine]

TASK [Print deployed configuration when running in verbose mode] ***************
ok: [l1] => {
    "msg": "evpn configuration for l1\n=========================================\n!\nrouter bgp 65000\n!\n  neighbor 10.0.0.7\n    address-family l2vpn evpn\n      activate\n\n\n    exit\n\nevpn\nevi 1000\n    vni 6000\n    rd 10.0.0.5:1000\n    route-target 65000:1000 import\n    route-target 65000:1000 export\n    route-target 65000:1000 both\n\nevi 1001\n    vni 6001\n    rd 10.0.0.5:1001\n    route-target 65000:1001 import\n    route-target 65000:1001 export\n    route-target 65000:1001 both\n\n\n\n"
}
ok: [spine] => {
    "msg": "evpn configuration for spine\n=========================================\n!\nrouter bgp 65000\n!\n  neighbor 10.0.0.5\n    address-family l2vpn evpn\n      activate\n\n      route-reflector-client\n\n    exit\n  neighbor 10.0.0.6\n    address-family l2vpn evpn\n      activate\n\n      route-reflector-client\n\n    exit\n\nevpn\nevi 1000\n    vni 6000\n    rd 10.0.0.7:1000\n    route-target 65000:1000 import\n    route-target 65000:1000 export\n    route-target 65000:1000 both\n\nevi 1001\n    vni 6001\n    rd 10.0.0.7:1001\n    route-target 65000:1001 import\n    route-target 65000:1001 export\n    route-target 65000:1001 both\n\n\n\nevpn\n  no arp-nd-suppression disable\n  vrf customer\n    rd 10.0.0.7:100\n    route-target 65000:1 import\n    route-target 65000:1 export\n    route-target 65000:1 both\n\n    advertise ipv4 connected\n    advertise ipv4 static\n    advertise ipv4 ospf\n    advertise ipv4 bgp\n\n!\nrouter bgp 65000\n  vrf customer\n    address-family ipv4 unicast\n      redistribute l2vpn evpn\n!\n"
}

TASK [Deploy evpn configuration] ***********************************************
included: /home/pipi/net101/tools/netsim/ansible/tasks/deploy-config/dellos10.yml for l1, spine

TASK [wait_for_connection] *****************************************************
skipping: [l1]
skipping: [spine]

TASK [dellos10_config: deploying evpn from /work/netlab_cicd/other_vm/node_files/l1/evpn, save to startup=yes] ***
changed: [l1]
changed: [spine]

PLAY [Deploy custom deployment templates] **************************************
skipping: no hosts matched

PLAY RECAP *********************************************************************
l1                         : ok=57   changed=7    unreachable=0    failed=0    skipped=22   rescued=0    ignored=0   
spine                      : ok=57   changed=7    unreachable=0    failed=0    skipped=22   rescued=0    ignored=0   

Results of configuration script deployments
================================================================================
h1               Script:  initial,routing
h2               Script:  initial,routing
h3               Script:  initial,routing
h4               Script:  initial,routing
l2               Script:  initial,vlan,ospf,bgp,vrf,vxlan,evpn


The devices under test are a layer-2 leaf and a spine performing centralized
routing.

All hosts should be able to ping each other and all switch loopback IPs

Please note it might take a while for the lab to work due to STP learning
phase.

