Using transformed lab topology from snapshot file netlab.snapshot.pickle
Checking virtualization provider installation
OK: libvirt installed and working correctly
OK: clab installed and working correctly
Starting libvirt nodes
creating libvirt management network nl_mgmt_85
provider libvirt: executing vagrant up --provider libvirt
Bringing machine 'spine' up with 'libvirt' provider...
Bringing machine 'l1' up with 'libvirt' provider...
==> spine: Checking if box 'dell/os10' version '5.6.6' is up to date...
[fog][WARNING] Unrecognized arguments: libvirt_ip_command
==> spine: Creating image (snapshot of base box volume).
==> spine: Creating domain with the following settings...
==> spine:  -- Name:              ml-85_spine
==> l1: Checking if box 'dell/os10' version '5.6.6' is up to date...
==> spine:  -- Description:       Source: /work/netlab_cicd/other_vm/Vagrantfile
==> spine:  -- Domain type:       kvm
==> spine:  -- Cpus:              2
[fog][WARNING] Unrecognized arguments: libvirt_ip_command
==> spine:  -- Feature:           acpi
==> l1: Creating image (snapshot of base box volume).
==> spine:  -- Feature:           apic
==> l1: Creating domain with the following settings...
==> spine:  -- Feature:           pae
==> l1:  -- Name:              ml-85_l1
==> spine:  -- Clock offset:      utc
==> l1:  -- Description:       Source: /work/netlab_cicd/other_vm/Vagrantfile
==> spine:  -- Memory:            4096M
==> l1:  -- Domain type:       kvm
==> spine:  -- Management MAC:    ca:fe:00:01:00:00
==> l1:  -- Cpus:              2
==> spine:  -- Base box:          dell/os10
==> l1:  -- Feature:           acpi
==> spine:  -- Storage pool:      default
==> l1:  -- Feature:           apic
==> spine:  -- Image(vda):        /var/lib/libvirt/images/ml-85_spine.img, ide, 50G
==> l1:  -- Feature:           pae
==> spine:  -- Disk driver opts:  cache='default'
==> l1:  -- Clock offset:      utc
==> spine:  -- Graphics Type:     vnc
==> l1:  -- Memory:            4096M
==> spine:  -- Video Type:        cirrus
==> l1:  -- Management MAC:    ca:fe:00:02:00:00
==> spine:  -- Video VRAM:        16384
==> l1:  -- Base box:          dell/os10
==> spine:  -- Video 3D accel:    false
==> l1:  -- Storage pool:      default
==> spine:  -- Keymap:            en-us
==> l1:  -- Image(vda):        /var/lib/libvirt/images/ml-85_l1.img, ide, 50G
==> spine:  -- TPM Backend:       passthrough
==> l1:  -- Disk driver opts:  cache='default'
==> spine:  -- INPUT:             type=mouse, bus=ps2
==> l1:  -- Graphics Type:     vnc
==> l1:  -- Video Type:        cirrus
==> l1:  -- Video VRAM:        16384
==> l1:  -- Video 3D accel:    false
==> l1:  -- Keymap:            en-us
==> l1:  -- TPM Backend:       passthrough
==> l1:  -- INPUT:             type=mouse, bus=ps2
==> spine: Creating shared folders metadata...
==> l1: Creating shared folders metadata...
==> spine: Starting domain.
==> spine: Domain launching with graphics connection settings...
==> l1: Starting domain.
==> spine:  -- Graphics Port:      5900
==> l1: Domain launching with graphics connection settings...
==> spine:  -- Graphics IP:        127.0.0.1
==> l1:  -- Graphics Port:      5901
==> spine:  -- Graphics Password:  Not defined
==> l1:  -- Graphics IP:        127.0.0.1
==> spine:  -- Graphics Websocket: 5700
==> l1:  -- Graphics Password:  Not defined
==> spine: Waiting for domain to get an IP address...
==> l1:  -- Graphics Websocket: 5701
==> l1: Waiting for domain to get an IP address...
==> spine: Waiting for machine to boot. This may take a few minutes...
    spine: SSH address: 192.168.85.101:22
    spine: SSH username: vagrant
    spine: SSH auth method: private key
==> l1: Waiting for machine to boot. This may take a few minutes...
    l1: SSH address: 192.168.85.102:22
    l1: SSH username: vagrant
    l1: SSH auth method: private key
==> spine: Machine booted and ready!
==> l1: Machine booted and ready!
Starting clab nodes
Recreating clab-augment.yml configuration file for clab provider
Created provider configuration file: clab-augment.yml
provider clab: executing sudo -E containerlab deploy --reconfigure -t clab-augment.yml
15:52:02 INFO Containerlab started version=0.74.2
15:52:02 INFO Parsing & checking topology file=clab-augment.yml
15:52:02 INFO Removing directory path=/work/netlab_cicd/other_vm/clab-ml-85
15:52:02 INFO Creating docker network name=nl_mgmt_85 IPv4 subnet=192.168.85.0/24 IPv6 subnet="" MTU=0
15:52:02 INFO Creating lab directory path=/work/netlab_cicd/other_vm/clab-ml-85
15:52:02 INFO Creating container name=l2
15:52:02 INFO Creating container name=h1
15:52:02 INFO Creating container name=h2
15:52:03 INFO Created link: h1:eth1 ▪┄┄▪ virbr3:bni85n4i1
15:52:03 INFO Created link: l2:eth2 ▪┄┄▪ h2:eth1
15:52:03 INFO Created link: l2:eth1 ▪┄┄▪ virbr2:bni85n3i1
15:52:04 INFO Executed command node=l2 command="sleep 1" stdout=""
15:52:04 INFO Adding host entries path=/etc/hosts
15:52:04 INFO Adding SSH config for nodes path=/etc/ssh/ssh_config.d/clab-ml-85.conf
15:52:04 INFO containerlab version
  🎉=
  │ A newer containerlab version (0.74.3) is available!
  │ Release notes: https://containerlab.dev/rn/0.74/#0743
  │ Run 'clab version upgrade' or see https://containerlab.dev/install/ for other installation options.
[1m╭[0m[1m───────────────[0m[1m┬[0m[1m──────────────────────────────[0m[1m┬[0m[1m─────────[0m[1m┬[0m[1m────────────────[0m[1m╮[0m
[1m│[0m[1m      Name     [0m[1m│[0m[1m          Kind/Image          [0m[1m│[0m[1m  State  [0m[1m│[0m[1m IPv4/6 Address [0m[1m│[0m
[1m├[0m[1m───────────────[0m[1m┼[0m[1m──────────────────────────────[0m[1m┼[0m[1m─────────[0m[1m┼[0m[1m────────────────[0m[1m┤[0m
│ clab-ml-85-h1 │ linux                        │ running │ 192.168.85.104 │
│               │ python:3.13-alpine           │         │ N/A            │
├───────────────┼──────────────────────────────┼─────────┼────────────────┤
│ clab-ml-85-h2 │ linux                        │ running │ 192.168.85.105 │
│               │ python:3.13-alpine           │         │ N/A            │
├───────────────┼──────────────────────────────┼─────────┼────────────────┤
│ clab-ml-85-l2 │ linux                        │ running │ 192.168.85.103 │
│               │ quay.io/frrouting/frr:10.6.0 │         │ N/A            │
╰───────────────┴──────────────────────────────┴─────────┴────────────────╯

Initial configuration skipped, run 'netlab initial' to configure the devices
