Creating Device configuration snippets
[CREATED] dut: initial,routing,ospf,tunnel.gre
[CREATED] r2: initial,routing,ospf,tunnel.gre
[CREATED] r3: initial,routing,ospf,tunnel.gre
[CREATED] core: initial
Config Deploying device configurations
 [INFO] Executing initial configuration for node r2
 [INFO] Executing initial configuration for node r3
 [INFO] Executing initial configuration for node core
 [INFO] Executing routing configuration for node r3
 [INFO] Executing routing configuration for node r2
 [INFO] Executing ospf configuration for node r3
 [INFO] Executing ospf configuration for node r2
 [INFO] Executing tunnel.gre configuration for node r2
 [INFO] Executing tunnel.gre configuration for node r3
 [INFO] Starting Ansible playbook to deploy the rest of the
          configurations
[WARNING]: Found variable using reserved name: hosts

PLAY [Deploy initial device configuration] *************************************

TASK [Set variables that cannot be set with VARS] ******************************
ok: [dut]

TASK [Deploy initial configuration] ********************************************
included: /home/pipi/netlab_gh/netsim/ansible/tasks/deploy-module.yml for dut

TASK [Figure out whether to deploy the module initial on current device] *******
ok: [dut]

TASK [Find configuration template for initial] *********************************
ok: [dut]

TASK [fail] ********************************************************************
skipping: [dut]

TASK [Find configuration deployment deploy_script for initial] *****************
ok: [dut]

TASK [Print deployed configuration when running in verbose mode] ***************
ok: [dut] => {
    "msg": "initial configuration for dut\n=========================================\n\n/system/identity set name=\"dut\"\n\n/interface/bridge add name=loopback protocol-mode=none\n\n# Host entries\n/ip/dns/static add name=core address=10.0.0.4\n/ip/dns/static add name=r2 address=10.0.0.2\n/ip/dns/static add name=r3 address=10.0.0.3\n/ip/dns/static add name=core address=2001:db8::4\n/ip/dns/static add name=r2 address=2001:db8::2\n/ip/dns/static add name=r3 address=2001:db8::3\n\n/ip/address add interface=loopback address=10.0.0.1/32\n/ipv6/address add interface=loopback address=2001:db8::1/128\n\n\n/interface/gre add name=tunnel0 local-address=172.22.0.1 remote-address=172.22.1.2\n/interface/gre6 add name=tunnel1 local-address=2001:db8:42::1 remote-address=2001:db8:42:1::3\n\n\n/interface/ethernet set comment=\"dut -> core [core]\" ether2\n/ip/address add interface=ether2 address=172.22.0.1/24\n/ip/address set [find where interface=ether2] comment=\"dut -> core [core]\"\n\n/interface/ethernet set comment=\"dut -> core [core6]\" ether3\n/ipv6/address add interface=ether3 address=2001:db8:42::1/64\n/ipv6/nd add interface=ether3 advertise-dns=no ra-interval=3s-30s\n\n/interface/gre set comment=\"dut -> r2 [GRE tunnel]\" tunnel0\n/interface/gre set mtu=1400 tunnel0\n/ip/address add interface=tunnel0 address=172.23.0.1/24\n/ip/address set [find where interface=tunnel0] comment=\"dut -> r2 [GRE tunnel]\"\n/ipv6/address add interface=tunnel0 address=2001:db8:1::1/64\n/ipv6/nd add interface=tunnel0 advertise-dns=no ra-interval=3s-30s\n\n/interface/gre6 set comment=\"dut -> r3 [GRE tunnel]\" tunnel1\n/interface/gre6 set mtu=1400 tunnel1\n/ip/address add interface=tunnel1 address=172.23.1.1/24\n/ip/address set [find where interface=tunnel1] comment=\"dut -> r3 [GRE tunnel]\"\n/ipv6/address add interface=tunnel1 address=2001:db8:1:1::1/64\n/ipv6/nd add interface=tunnel1 advertise-dns=no ra-interval=3s-30s\n\n/ip/neighbor/discovery-settings set discover-interface-list=all\n"
}

TASK [Deploy initial configuration] ********************************************
included: /home/pipi/netlab_gh/netsim/ansible/tasks/deploy-config/routeros7.yml for dut

TASK [load initial from /work/netlab_cicd/node_files/dut/initial] **************
ok: [dut]

TASK [Run commands on CHR] *****************************************************
changed: [dut]

PLAY [Deploy module-specific configurations] ***********************************

TASK [Set variables that cannot be set with VARS] ******************************
ok: [dut]

TASK [Deploy individual configuration modules] *********************************
included: /home/pipi/netlab_gh/netsim/ansible/tasks/deploy-module.yml for dut => (item=routing)
included: /home/pipi/netlab_gh/netsim/ansible/tasks/deploy-module.yml for dut => (item=ospf)

TASK [Figure out whether to deploy the module routing on current device] *******
ok: [dut]

TASK [Find configuration template for routing] *********************************
ok: [dut]

TASK [fail] ********************************************************************
skipping: [dut]

TASK [Find configuration deployment deploy_script for routing] *****************
ok: [dut]

TASK [Print deployed configuration when running in verbose mode] ***************
ok: [dut] => {
    "msg": "routing configuration for dut\n=========================================\n#\n# Static routes\n#\n\n\n#\n#\n# Adding direct static routes\n/ip/route add dst-address=172.22.0.0/16 gateway=172.22.0.4@main routing-table=main scope=10\n/ipv6/route add dst-address=2001:db8:42::/48 gateway=2001:db8:42::4@main routing-table=main scope=10\n"
}

TASK [Deploy routing configuration] ********************************************
included: /home/pipi/netlab_gh/netsim/ansible/tasks/deploy-config/routeros7.yml for dut

TASK [load routing from /work/netlab_cicd/node_files/dut/routing] **************
ok: [dut]

TASK [Run commands on CHR] *****************************************************
changed: [dut]

TASK [Figure out whether to deploy the module ospf on current device] **********
ok: [dut]

TASK [Find configuration template for ospf] ************************************
ok: [dut]

TASK [fail] ********************************************************************
skipping: [dut]

TASK [Find configuration deployment deploy_script for ospf] ********************
ok: [dut]

TASK [Print deployed configuration when running in verbose mode] ***************
ok: [dut] => {
    "msg": "ospf configuration for dut\n=========================================\n\n\n/routing/ospf/instance add name=default4 version=2 router-id=10.0.0.1 vrf=main\n\n/routing/ospf/area add instance=default4 name=\"main_2_0.0.0.0\" area-id=0.0.0.0\n\n/routing/ospf/interface-template add area=[/routing ospf area find area-id=0.0.0.0 and instance=default4] interface=loopback \n/routing/ospf/interface-template add area=[/routing ospf area find area-id=0.0.0.0 and instance=default4] interface=tunnel0 type=ptp\n/routing/ospf/interface-template add area=[/routing ospf area find area-id=0.0.0.0 and instance=default4] interface=tunnel1 type=ptp\n\n\n/routing/ospf/instance add name=default6 version=3 router-id=10.0.0.1 vrf=main\n\n/routing/ospf/area add instance=default6 name=\"main_3_0.0.0.0\" area-id=0.0.0.0\n\n/routing/ospf/interface-template add area=[/routing ospf area find area-id=0.0.0.0 and instance=default6] interface=loopback \n/routing/ospf/interface-template add area=[/routing ospf area find area-id=0.0.0.0 and instance=default6] interface=tunnel0 type=ptp\n/routing/ospf/interface-template add area=[/routing ospf area find area-id=0.0.0.0 and instance=default6] interface=tunnel1 type=ptp\n"
}

TASK [Deploy ospf configuration] ***********************************************
included: /home/pipi/netlab_gh/netsim/ansible/tasks/deploy-config/routeros7.yml for dut

TASK [load ospf from /work/netlab_cicd/node_files/dut/ospf] ********************
ok: [dut]

TASK [Run commands on CHR] *****************************************************
changed: [dut]

PLAY [Deploy custom deployment templates] **************************************

TASK [Run custom configuration deployment scripts] *****************************
included: /home/pipi/netlab_gh/netsim/ansible/tasks/deploy-custom-config.yml for dut => (item=tunnel.gre)

TASK [Find configuration template] *********************************************
ok: [dut]

TASK [fail] ********************************************************************
skipping: [dut]

TASK [Check is the configuration template is a file] ***************************
ok: [dut -> localhost]

TASK [fail] ********************************************************************
skipping: [dut]

TASK [Process template /work/netlab_cicd/node_files/dut/tunnel.gre for dut] ****
skipping: [dut]

TASK [debug] *******************************************************************
skipping: [dut]

TASK [debug] *******************************************************************
skipping: [dut]

TASK [Find custom configuration deployment script] *****************************
ok: [dut]

TASK [Run the configuration deployment script] *********************************
included: /home/pipi/netlab_gh/netsim/ansible/tasks/deploy-config/routeros7.yml for dut

TASK [load tunnel.gre from /work/netlab_cicd/node_files/dut/tunnel.gre] ********
ok: [dut]

TASK [Run commands on CHR] *****************************************************
changed: [dut]

PLAY RECAP *********************************************************************
dut                        : ok=33   changed=4    unreachable=0    failed=0    skipped=8    rescued=0    ignored=0   

Results of configuration script deployments
================================================================================
r2               Script:  initial,routing,ospf,tunnel.gre
r3               Script:  initial,routing,ospf,tunnel.gre
core             Script:  initial


Test the GRE tunnels. The tested devices has GRE tunnels over IPv4 and IPv6
and runs OSPFv2 and OSPFv3 over them. The probes should receive OSPF routes
advertised from the DUT and be able to ping its loopback.

