Creating Device configuration snippets
[CREATED] dut_r1: initial,ospf,vrf,tunnel.gre
[CREATED] dut_r2: initial,ospf,vrf,tunnel.gre
[CREATED] r3: initial,ospf
Config Deploying device configurations
 [INFO] Executing initial configuration for node r3
 [INFO] Executing ospf configuration for node r3
 [INFO] Starting Ansible playbook to deploy the rest of the
          configurations
[WARNING]: Found variable using reserved name: hosts

PLAY [Deploy initial device configuration] *************************************

TASK [Set variables that cannot be set with VARS] ******************************
ok: [dut_r1]
ok: [dut_r2]

TASK [Deploy initial configuration] ********************************************
included: /home/pipi/netlab_gh/netsim/ansible/tasks/deploy-module.yml for dut_r1, dut_r2

TASK [Figure out whether to deploy the module initial on current device] *******
ok: [dut_r1]
ok: [dut_r2]

TASK [Find configuration template for initial] *********************************
ok: [dut_r1]
ok: [dut_r2]

TASK [fail] ********************************************************************
skipping: [dut_r1]
skipping: [dut_r2]

TASK [Find configuration deployment deploy_script for initial] *****************
ok: [dut_r1]
ok: [dut_r2]

TASK [Print deployed configuration when running in verbose mode] ***************
ok: [dut_r1] => {
    "msg": "initial configuration for dut_r1\n=========================================\n\n/system/identity set name=\"dut_r1\"\n\n/interface/bridge add name=loopback protocol-mode=none\n\n# Host entries\n/ip/dns/static add name=dut_r1-transport address=10.1.0.1\n/ip/dns/static add name=dut_r2 address=10.0.0.2\n/ip/dns/static add name=dut_r2-transport address=10.1.0.2\n/ip/dns/static add name=r3 address=10.0.0.3\n\n/ip/address add interface=loopback address=10.0.0.1/32\n\n/ip/vrf add place-before=0 name=transport interfaces=ether2\n\n/interface/gre add name=tunnel0 local-address=10.1.0.1 remote-address=10.1.0.2\n\n\n/interface/ethernet set comment=\"dut_r1 -> dut_r2\" ether2\n/ip/address add interface=ether2 address=10.1.0.1/30\n/ip/address set [find where interface=ether2] comment=\"dut_r1 -> dut_r2\"\n\n/interface/gre set comment=\"dut_r1 -> dut_r2 [GRE tunnel]\" tunnel0\n/ip/address add interface=tunnel0 address=10.1.0.9/30\n/ip/address set [find where interface=tunnel0] comment=\"dut_r1 -> dut_r2 [GRE tunnel]\"\n\n/ip/neighbor/discovery-settings set discover-interface-list=all\n"
}
ok: [dut_r2] => {
    "msg": "initial configuration for dut_r2\n=========================================\n\n/system/identity set name=\"dut_r2\"\n\n/interface/bridge add name=loopback protocol-mode=none\n\n# Host entries\n/ip/dns/static add name=dut_r1 address=10.0.0.1\n/ip/dns/static add name=dut_r1-transport address=10.1.0.1\n/ip/dns/static add name=dut_r2-transport address=10.1.0.2\n/ip/dns/static add name=r3 address=10.0.0.3\n\n/ip/address add interface=loopback address=10.0.0.2/32\n\n/ip/vrf add place-before=0 name=transport interfaces=ether2\n\n/interface/gre add name=tunnel0 local-address=10.1.0.2 remote-address=10.1.0.1\n\n\n/interface/ethernet set comment=\"dut_r2 -> dut_r1\" ether2\n/ip/address add interface=ether2 address=10.1.0.2/30\n/ip/address set [find where interface=ether2] comment=\"dut_r2 -> dut_r1\"\n\n/interface/ethernet set comment=\"dut_r2 -> r3\" ether3\n/ip/address add interface=ether3 address=10.1.0.5/30\n/ip/address set [find where interface=ether3] comment=\"dut_r2 -> r3\"\n\n/interface/gre set comment=\"dut_r2 -> dut_r1 [GRE tunnel]\" tunnel0\n/ip/address add interface=tunnel0 address=10.1.0.10/30\n/ip/address set [find where interface=tunnel0] comment=\"dut_r2 -> dut_r1 [GRE tunnel]\"\n\n/ip/neighbor/discovery-settings set discover-interface-list=all\n"
}

TASK [Deploy initial configuration] ********************************************
included: /home/pipi/netlab_gh/netsim/ansible/tasks/deploy-config/routeros7.yml for dut_r1, dut_r2

TASK [load initial from /work/netlab_cicd/node_files/dut_r1/initial] ***********
ok: [dut_r1]
ok: [dut_r2]

TASK [Run commands on CHR] *****************************************************
changed: [dut_r1]
changed: [dut_r2]

PLAY [Deploy module-specific configurations] ***********************************

TASK [Set variables that cannot be set with VARS] ******************************
ok: [dut_r1]
ok: [dut_r2]

TASK [Deploy individual configuration modules] *********************************
included: /home/pipi/netlab_gh/netsim/ansible/tasks/deploy-module.yml for dut_r1, dut_r2 => (item=ospf)
included: /home/pipi/netlab_gh/netsim/ansible/tasks/deploy-module.yml for dut_r1, dut_r2 => (item=vrf)

TASK [Figure out whether to deploy the module ospf on current device] **********
ok: [dut_r1]
ok: [dut_r2]

TASK [Find configuration template for ospf] ************************************
ok: [dut_r1]
ok: [dut_r2]

TASK [fail] ********************************************************************
skipping: [dut_r1]
skipping: [dut_r2]

TASK [Find configuration deployment deploy_script for ospf] ********************
ok: [dut_r1]
ok: [dut_r2]

TASK [Print deployed configuration when running in verbose mode] ***************
ok: [dut_r1] => {
    "msg": "ospf configuration for dut_r1\n=========================================\n\n\n/routing/ospf/instance add name=default4 version=2 router-id=10.0.0.1 vrf=main\n\n/routing/ospf/area add instance=default4 name=\"main_2_0.0.0.0\" area-id=0.0.0.0\n\n/routing/ospf/interface-template add area=[/routing ospf area find area-id=0.0.0.0 and instance=default4] interface=loopback \n/routing/ospf/interface-template add area=[/routing ospf area find area-id=0.0.0.0 and instance=default4] interface=tunnel0 type=ptp\n\n"
}
ok: [dut_r2] => {
    "msg": "ospf configuration for dut_r2\n=========================================\n\n\n/routing/ospf/instance add name=default4 version=2 router-id=10.0.0.2 vrf=main\n\n/routing/ospf/area add instance=default4 name=\"main_2_0.0.0.0\" area-id=0.0.0.0\n\n/routing/ospf/interface-template add area=[/routing ospf area find area-id=0.0.0.0 and instance=default4] interface=loopback \n/routing/ospf/interface-template add area=[/routing ospf area find area-id=0.0.0.0 and instance=default4] interface=ether3 type=ptp\n/routing/ospf/interface-template add area=[/routing ospf area find area-id=0.0.0.0 and instance=default4] interface=tunnel0 type=ptp\n\n"
}

TASK [Deploy ospf configuration] ***********************************************
included: /home/pipi/netlab_gh/netsim/ansible/tasks/deploy-config/routeros7.yml for dut_r1, dut_r2

TASK [load ospf from /work/netlab_cicd/node_files/dut_r1/ospf] *****************
ok: [dut_r1]
ok: [dut_r2]

TASK [Run commands on CHR] *****************************************************
changed: [dut_r1]
changed: [dut_r2]

TASK [Figure out whether to deploy the module vrf on current device] ***********
ok: [dut_r1]
ok: [dut_r2]

TASK [Find configuration template for vrf] *************************************
ok: [dut_r1]
ok: [dut_r2]

TASK [fail] ********************************************************************
skipping: [dut_r1]
skipping: [dut_r2]

TASK [Find configuration deployment deploy_script for vrf] *********************
ok: [dut_r1]
ok: [dut_r2]

TASK [Print deployed configuration when running in verbose mode] ***************
ok: [dut_r1] => {
    "msg": "vrf configuration for dut_r1\n=========================================\n\n"
}
ok: [dut_r2] => {
    "msg": "vrf configuration for dut_r2\n=========================================\n\n"
}

TASK [Deploy vrf configuration] ************************************************
included: /home/pipi/netlab_gh/netsim/ansible/tasks/deploy-config/routeros7.yml for dut_r1, dut_r2

TASK [load vrf from /work/netlab_cicd/node_files/dut_r1/vrf] *******************
ok: [dut_r1]
ok: [dut_r2]

TASK [Run commands on CHR] *****************************************************
changed: [dut_r2]
changed: [dut_r1]

PLAY [Deploy custom deployment templates] **************************************

TASK [Run custom configuration deployment scripts] *****************************
included: /home/pipi/netlab_gh/netsim/ansible/tasks/deploy-custom-config.yml for dut_r1, dut_r2 => (item=tunnel.gre)

TASK [Find configuration template] *********************************************
ok: [dut_r1]
ok: [dut_r2]

TASK [fail] ********************************************************************
skipping: [dut_r1]
skipping: [dut_r2]

TASK [Check is the configuration template is a file] ***************************
ok: [dut_r1 -> localhost]
ok: [dut_r2 -> localhost]

TASK [fail] ********************************************************************
skipping: [dut_r1]
skipping: [dut_r2]

TASK [Process template /work/netlab_cicd/node_files/dut_r1/tunnel.gre for dut_r1] ***
skipping: [dut_r1]
skipping: [dut_r2]

TASK [debug] *******************************************************************
skipping: [dut_r1]
skipping: [dut_r2]

TASK [debug] *******************************************************************
skipping: [dut_r1]
skipping: [dut_r2]

TASK [Find custom configuration deployment script] *****************************
ok: [dut_r1]
ok: [dut_r2]

TASK [Run the configuration deployment script] *********************************
included: /home/pipi/netlab_gh/netsim/ansible/tasks/deploy-config/routeros7.yml for dut_r1, dut_r2

TASK [load tunnel.gre from /work/netlab_cicd/node_files/dut_r1/tunnel.gre] *****
ok: [dut_r1]
ok: [dut_r2]

TASK [Run commands on CHR] *****************************************************
changed: [dut_r1]
changed: [dut_r2]

PLAY RECAP *********************************************************************
dut_r1                     : ok=33   changed=4    unreachable=0    failed=0    skipped=8    rescued=0    ignored=0   
dut_r2                     : ok=33   changed=4    unreachable=0    failed=0    skipped=8    rescued=0    ignored=0   

Results of configuration script deployments
================================================================================
r3               Script:  initial,ospf


Test the GRE tunnels. The two tested devices have a GRE tunnel in a
transport VRF and run (global) OSPF over it. The probe should receive
an OSPF route advertised from the remote device (DUT_R1) and be able
to ping its loopback.

