Creating Device configuration snippets
[CREATED] dut: normalize,initial,routing,ospf,bgp,bgp.policy
[CREATED] x1: initial,ospf,bgp
[CREATED] x2: initial,bgp
Checking Are lab devices ready to be configured?
 [INFO] Checking SSH server(s) on dut
Config Normalizing device configurations
netmiko:  [INFO] Sent normalize configuration to dut
Config Deploying device configurations
 [INFO] Executing initial configuration for node x1
 [INFO] Executing initial configuration for node x2
 [INFO] Executing bgp configuration for node x2
 [INFO] Executing ospf configuration for node x1
 [INFO] Executing bgp configuration for node x1
netmiko:  [INFO] Sent initial configuration to dut
netmiko:  [INFO] Sent routing configuration to dut
netmiko:  [INFO] Sent ospf configuration to dut
netmiko:  [INFO] Sent bgp configuration to dut
netmiko:  [INFO] Sent bgp.policy configuration to dut

Results of configuration script deployments
================================================================================
dut              Script:  normalize,initial,routing,ospf,bgp,bgp.policy
x1               Script:  initial,ospf,bgp
x2               Script:  initial,bgp


Use this topology to test the 'set BGP bandwidth to a value' functionality.
The DUT has to set BGP bandwidth community on updates received from X2 to 100
Mbps and propagate that on IBGP updates.

