Creating Device configuration snippets
[CREATED] dut: normalize,initial,routing,ospf,bgp,bgp.policy
[CREATED] probe: initial,ospf,bgp
[CREATED] x1: initial,bgp
[CREATED] x2: initial,bgp
Checking Are lab devices ready to be configured?
 [INFO] Checking SSH server(s) on dut
Config Normalizing device configurations
netmiko:  [INFO] Sent normalize configuration to dut
Config Deploying device configurations
 [INFO] Executing initial configuration for node probe
 [INFO] Executing initial configuration for node x1
 [INFO] Executing initial configuration for node x2
 [INFO] Executing bgp configuration for node x1
 [INFO] Executing bgp configuration for node x2
 [INFO] Executing ospf configuration for node probe
 [INFO] Executing bgp configuration for node probe
netmiko:  [INFO] Sent initial configuration to dut
netmiko:  [INFO] Sent routing configuration to dut
netmiko:  [INFO] Sent ospf configuration to dut
netmiko:  [INFO] Sent bgp configuration to dut
netmiko:  [INFO] Sent bgp.policy configuration to dut

Results of configuration script deployments
================================================================================
dut              Script:  normalize,initial,routing,ospf,bgp,bgp.policy
probe            Script:  initial,ospf,bgp
x1               Script:  initial,bgp
x2               Script:  initial,bgp


Use this topology to test BGP local preference on IPv4 and IPv6 prefixes. DUT
has to set node-wide local preference on prefixes received from X1 and
neighbor-specific local preference on prefixes received from X2.

