Creating Device configuration snippets
[CREATED] dut: normalize,initial,routing,bgp,vrf,bgp.policy
[CREATED] x1: initial,routing,bgp
[CREATED] x2: initial,bgp
[CREATED] v1: initial,routing,bgp
[CREATED] v2: initial,bgp
Checking Are lab devices ready to be configured?
 [INFO] Checking SSH server(s) on dut
Config Normalizing device configurations
netmiko:  [INFO] Sent normalize configuration to dut
Config Deploying device configurations
 [INFO] Executing initial configuration for node x1
 [INFO] Executing initial configuration for node x2
 [INFO] Executing initial configuration for node v1
 [INFO] Executing initial configuration for node v2
 [INFO] Executing bgp configuration for node x2
 [INFO] Executing routing configuration for node x1
 [INFO] Executing routing configuration for node v1
 [INFO] Executing bgp configuration for node v2
 [INFO] Executing bgp configuration for node v1
 [INFO] Executing bgp configuration for node x1
netmiko:  [INFO] Sent initial configuration to dut
netmiko:  [INFO] Sent routing configuration to dut
netmiko:  [INFO] Sent bgp configuration to dut
netmiko:  [INFO] Sent vrf configuration to dut
netmiko:  [INFO] Sent bgp.policy configuration to dut

Results of configuration script deployments
================================================================================
dut              Script:  normalize,initial,routing,bgp,vrf,bgp.policy
x1               Script:  initial,routing,bgp
x2               Script:  initial,bgp
v1               Script:  initial,routing,bgp
v2               Script:  initial,bgp


This lab checks the "bgp.aggregate" part of the "bgp.policy" plugin. It checks:

* The generation of aggregate prefixes
* The suppression of more-specific prefixes
* The attributes applied to the aggregate with a routing policy
* The use of routing policy as a suppress map

