Creating Device configuration snippets
[CREATED] dutc1: normalize,initial,dhcp
[CREATED] dutc2: normalize,initial,dhcp
[CREATED] server: initial,dhcp,routing
Checking Are lab devices ready to be configured?
 [INFO] Checking SSH server(s) on dutc1,dutc2
[SSH]     SSH server on node dutc2 (device ioll2) is ready after 9.3 seconds
[SSH]     SSH server on node dutc1 (device ioll2) is ready after 9.3 seconds
Config Normalizing device configurations
[WARNING]: Found variable using reserved name: hosts

PLAY [Normalize device configurations] *****************************************

TASK [Set variables that cannot be set with VARS] ******************************
ok: [dutc1]
ok: [dutc2]

TASK [Normalize config on bridge-like devices] *********************************
included: /home/pipi/netlab_gh/netsim/ansible/tasks/deploy-module.yml for dutc1, dutc2

TASK [Figure out whether to deploy the module normalize on current device] *****
ok: [dutc1]
ok: [dutc2]

TASK [Find configuration template for normalize] *******************************
ok: [dutc1]
ok: [dutc2]

TASK [fail] ********************************************************************
skipping: [dutc1]
skipping: [dutc2]

TASK [Find configuration deployment deploy_script for normalize] ***************
ok: [dutc1]
ok: [dutc2]

TASK [Print deployed configuration when running in verbose mode] ***************
ok: [dutc1] => {
    "msg": "normalize configuration for dutc1\n=========================================\n!\ninterface Ethernet0/1\n shutdown\n"
}
ok: [dutc2] => {
    "msg": "normalize configuration for dutc2\n=========================================\n!\ninterface Ethernet0/1\n shutdown\n"
}

TASK [Deploy normalize configuration] ******************************************
included: /home/pipi/netlab_gh/netsim/ansible/tasks/deploy-config/ios.yml for dutc1, dutc2

TASK [ios_config: deploying normalize from /work/netlab_cicd/node_files/dutc1/normalize] ***
[WARNING]: To ensure idempotency and correct diff the input configuration lines
should be similar to how they appear if present in the running configuration on
device including the indentation
changed: [dutc2]
changed: [dutc1]

PLAY RECAP *********************************************************************
dutc1                      : ok=8    changed=1    unreachable=0    failed=0    skipped=1    rescued=0    ignored=0   
dutc2                      : ok=8    changed=1    unreachable=0    failed=0    skipped=1    rescued=0    ignored=0   

Config Deploying device configurations
 [INFO] Executing initial configuration for node server (namespace
          clab-ml-17-server)
 [INFO] Executing routing configuration for node server (namespace
          clab-ml-17-server)
 [INFO] Starting Ansible playbook to deploy the rest of the
          configurations
[WARNING]: Found variable using reserved name: hosts

PLAY [Deploy initial device configuration] *************************************

TASK [Set variables that cannot be set with VARS] ******************************
ok: [dutc1]
ok: [dutc2]

TASK [Deploy initial configuration] ********************************************
included: /home/pipi/netlab_gh/netsim/ansible/tasks/deploy-module.yml for dutc1, dutc2

TASK [Figure out whether to deploy the module initial on current device] *******
ok: [dutc1]
ok: [dutc2]

TASK [Find configuration template for initial] *********************************
ok: [dutc1]
ok: [dutc2]

TASK [fail] ********************************************************************
skipping: [dutc1]
skipping: [dutc2]

TASK [Find configuration deployment deploy_script for initial] *****************
ok: [dutc1]
ok: [dutc2]

TASK [Print deployed configuration when running in verbose mode] ***************
ok: [dutc1] => {
    "msg": "initial configuration for dutc1\n=========================================\nhostname dutc1\n!\nno ip domain lookup\nlogging buffered 256000\n\n!\nlldp run\n!\nip host dutc2 10.0.0.2\nip host server 172.16.0.3\n!\nip routing\n!\nno ipv6 unicast-routing\n!\n!\ninterface Loopback0\n ip address 10.0.0.1 255.255.255.255\n!\ninterface Ethernet0/0\n no lldp transmit\n no lldp receive\n!\ninterface Ethernet0/1\n no switchport\n description dutc1 -> [dutc2,server]\n mac-address caf0.0001.0001\n no shutdown\n!\n!\n! Configure DHCP client - has to be done before routing protocol config, but after generic interface config\n!\ninterface Ethernet0/1\n ip address dhcp\n\n!\nline vty 0 4\n exec-timeout 0 0 \n!\nno banner exec\nno banner login\nno banner incoming\n"
}
ok: [dutc2] => {
    "msg": "initial configuration for dutc2\n=========================================\nhostname dutc2\n!\nno ip domain lookup\nlogging buffered 256000\n\n!\nlldp run\n!\nip host dutc1 10.0.0.1\nip host server 172.16.0.3\n!\nip routing\n!\nno ipv6 unicast-routing\n!\n!\ninterface Loopback0\n ip address 10.0.0.2 255.255.255.255\n!\ninterface Ethernet0/0\n no lldp transmit\n no lldp receive\n!\ninterface Ethernet0/1\n no switchport\n description dutc2 -> [dutc1,server]\n mac-address caf0.0002.0001\n no shutdown\n!\n!\n! Configure DHCP client - has to be done before routing protocol config, but after generic interface config\n!\ninterface Ethernet0/1\n no ip dhcp client request router\n ip address dhcp\n\n!\nline vty 0 4\n exec-timeout 0 0 \n!\nno banner exec\nno banner login\nno banner incoming\n"
}

TASK [Deploy initial configuration] ********************************************
included: /home/pipi/netlab_gh/netsim/ansible/tasks/deploy-config/ios.yml for dutc1, dutc2

TASK [ios_config: deploying initial from /work/netlab_cicd/node_files/dutc1/initial] ***
[WARNING]: To ensure idempotency and correct diff the input configuration lines
should be similar to how they appear if present in the running configuration on
device including the indentation
changed: [dutc2]
changed: [dutc1]

PLAY [Deploy module-specific configurations] ***********************************

TASK [Set variables that cannot be set with VARS] ******************************
ok: [dutc1]
ok: [dutc2]

TASK [Deploy individual configuration modules] *********************************
included: /home/pipi/netlab_gh/netsim/ansible/tasks/deploy-module.yml for dutc1, dutc2 => (item=dhcp)
included: /home/pipi/netlab_gh/netsim/ansible/tasks/deploy-module.yml for dutc1, dutc2 => (item=routing)

TASK [Figure out whether to deploy the module dhcp on current device] **********
ok: [dutc1]
ok: [dutc2]

TASK [Find configuration template for dhcp] ************************************
ok: [dutc1]
ok: [dutc2]

TASK [fail] ********************************************************************
skipping: [dutc1]
skipping: [dutc2]

TASK [Find configuration deployment deploy_script for dhcp] ********************
ok: [dutc1]
ok: [dutc2]

TASK [Print deployed configuration when running in verbose mode] ***************
ok: [dutc1] => {
    "msg": "dhcp configuration for dutc1\n=========================================\n"
}
ok: [dutc2] => {
    "msg": "dhcp configuration for dutc2\n=========================================\n"
}

TASK [Deploy dhcp configuration] ***********************************************
included: /home/pipi/netlab_gh/netsim/ansible/tasks/deploy-config/ios.yml for dutc1, dutc2

TASK [ios_config: deploying dhcp from /work/netlab_cicd/node_files/dutc1/dhcp] ***
ok: [dutc1]
ok: [dutc2]

TASK [Figure out whether to deploy the module routing on current device] *******
ok: [dutc1]
ok: [dutc2]

TASK [Find configuration template for routing] *********************************
skipping: [dutc1]
skipping: [dutc2]

TASK [fail] ********************************************************************
skipping: [dutc1]
skipping: [dutc2]

TASK [Find configuration deployment deploy_script for routing] *****************
skipping: [dutc1]
skipping: [dutc2]

TASK [Print deployed configuration when running in verbose mode] ***************
skipping: [dutc1]
skipping: [dutc2]

TASK [Deploy routing configuration] ********************************************
skipping: [dutc1]
skipping: [dutc2]

PLAY [Deploy custom deployment templates] **************************************
skipping: no hosts matched

PLAY RECAP *********************************************************************
dutc1                      : ok=18   changed=1    unreachable=0    failed=0    skipped=7    rescued=0    ignored=0   
dutc2                      : ok=18   changed=1    unreachable=0    failed=0    skipped=7    rescued=0    ignored=0   

Results of configuration script deployments
================================================================================
server           Script:  initial,routing


Use this topology to test the DHCPv4 client on your device. Use 'netlab
validate' to check whether your devices requested DHCP leases from the DHCP
server.

If your client suppors configurable 'router option' requests to generate
a default route, check that C1 has a default route but C2 does not.

