Using transformed lab topology from snapshot file netlab.snapshot.pickle
Checking virtualization provider installation
OK: clab installed and working correctly
Starting clab nodes
 [INFO] Setting containerlab runtime to docker
provider clab: executing flock -E 42 /tmp/netlab.lock containerlab deploy --reconfigure -t clab.yml
20:14:08 INFO Containerlab started version=0.75.0
20:14:08 INFO Parsing & checking topology file=clab.yml
20:14:08 INFO Removing directory path=/work/netlab_cicd/clab-ml-17
20:14:08 INFO Creating docker network name=nl_mgmt_17 IPv4 subnet=192.168.17.0/24 IPv6 subnet=fd00:df:1ab:17::/64 MTU=0
20:14:08 INFO Creating lab directory path=/work/netlab_cicd/clab-ml-17
20:14:08 INFO Creating container name=dutc1
20:14:08 INFO Creating container name=server
20:14:08 INFO Creating container name=dutc2
20:14:08 INFO Running postdeploy actions for Cisco IOL 'dutc1' node
20:14:08 INFO Running postdeploy actions for Cisco IOL 'dutc2' node
20:14:08 INFO Created link: dutc1:eth1 (Ethernet0/1) ▪┄┄▪ ml-17_1:bni17n1i1
20:14:08 INFO Created link: dutc2:eth1 (Ethernet0/1) ▪┄┄▪ ml-17_1:bni17n2i1
20:14:08 INFO Created link: server:eth1 ▪┄┄▪ ml-17_1:bni17n3i1
20:14:08 INFO Adding host entries path=/etc/hosts
20:14:08 INFO Adding SSH config for nodes path=/etc/ssh/ssh_config.d/clab-ml-17.conf
20:14:08 INFO containerlab version
  🎉=
  │ A newer containerlab version (0.79.0) is available!
  │ Release notes: https://containerlab.dev/rn/0.79/
  │ Run 'clab version upgrade' or see https://containerlab.dev/install/ for other installation options.
[1m╭[0m[1m───────────────────[0m[1m┬[0m[1m────────────────────────────────[0m[1m┬[0m[1m─────────[0m[1m┬[0m[1m───────────────────[0m[1m╮[0m
[1m│[0m[1m        Name       [0m[1m│[0m[1m           Kind/Image           [0m[1m│[0m[1m  State  [0m[1m│[0m[1m   IPv4/6 Address  [0m[1m│[0m
[1m├[0m[1m───────────────────[0m[1m┼[0m[1m────────────────────────────────[0m[1m┼[0m[1m─────────[0m[1m┼[0m[1m───────────────────[0m[1m┤[0m
│ clab-ml-17-dutc1  │ cisco_iol                      │ running │ 192.168.17.101    │
│                   │ vrnetlab/cisco_iol:L2-17.18.02 │         │ fd00:df:1ab:17::2 │
├───────────────────┼────────────────────────────────┼─────────┼───────────────────┤
│ clab-ml-17-dutc2  │ cisco_iol                      │ running │ 192.168.17.102    │
│                   │ vrnetlab/cisco_iol:L2-17.18.02 │         │ fd00:df:1ab:17::4 │
├───────────────────┼────────────────────────────────┼─────────┼───────────────────┤
│ clab-ml-17-server │ linux                          │ running │ 192.168.17.103    │
│                   │ netlab/dnsmasq:latest          │         │ fd00:df:1ab:17::3 │
╰───────────────────┴────────────────────────────────┴─────────┴───────────────────╯

Initial configuration skipped, run 'netlab initial' to configure the devices
