Creating Device configuration snippets
[CREATED] dut_c1: normalize,initial,dhcp
[CREATED] dut_c2: normalize,initial,dhcp
[CREATED] server: initial,dhcp
Checking Are lab devices ready to be configured?
 [INFO] Checking SSH server(s) on dut_c1,dut_c2
[SSH]     SSH server on node dut_c2 (device ioll2) is ready after 9.3 seconds
[SSH]     SSH server on node dut_c1 (device ioll2) is ready after 9.3 seconds
Config Normalizing device configurations
netmiko:  [INFO] Sent normalize configuration to dut_c2
netmiko:  [INFO] Sent normalize configuration to dut_c1
Config Deploying device configurations
 [INFO] Executing initial configuration for node server (namespace
          clab-ml-17-server)
netmiko:  [INFO] Sent initial configuration to dut_c1
netmiko:  [INFO] Sent initial configuration to dut_c2
netmiko:  [INFO] Sent dhcp configuration to dut_c1
netmiko:  [INFO] Sent dhcp configuration to dut_c2

Results of configuration script deployments
================================================================================
dut_c1           Script:  normalize,initial,dhcp
dut_c2           Script:  normalize,initial,dhcp
server           Script:  initial


Use this topology to test the DHCPv6 client on your device. Use 'netlab
validate' to check whether your devices requested DHCPv6 leases from the
DHCPv6 server.

