Using transformed lab topology from snapshot file netlab.snapshot.pickle
Checking virtualization provider installation
OK: libvirt installed and working correctly
OK: clab installed and working correctly
Starting libvirt nodes
creating libvirt management network nl_mgmt_17
provider libvirt: executing flock -E 42 /tmp/netlab.lock vagrant up --provider libvirt
[fog][WARNING] Unrecognized arguments: libvirt_ip_command
Bringing machine 'c1' up with 'libvirt' provider...
Bringing machine 'c2' up with 'libvirt' provider...
Bringing machine 'c3' up with 'libvirt' provider...
Bringing machine 'c4' up with 'libvirt' provider...
==> c1: Checking if box 'bento/ubuntu-24.04' version '202508.03.0' is up to date...
[fog][WARNING] Unrecognized arguments: libvirt_ip_command
==> c1: Creating image (snapshot of base box volume).
==> c1: Creating domain with the following settings...
==> c1:  -- Name:              ml-17_c1
==> c1:  -- Description:       Source: /work/netlab_cicd/Vagrantfile
==> c1:  -- Domain type:       kvm
==> c1:  -- Cpus:              1
==> c1:  -- Feature:           acpi
==> c1:  -- Feature:           apic
==> c1:  -- Feature:           pae
==> c1:  -- Clock offset:      utc
==> c1:  -- Memory:            1024M
==> c1:  -- Management MAC:    ca:fe:00:02:00:00
==> c1:  -- Base box:          bento/ubuntu-24.04
==> c1:  -- Storage pool:      default
==> c1:  -- Image(vda):        /var/lib/libvirt/images/ml-17_c1.img, virtio, 64G
==> c1:  -- Disk driver opts:  cache='default'
==> c1:  -- Graphics Type:     vnc
==> c1:  -- Video Type:        cirrus
==> c1:  -- Video VRAM:        16384
==> c1:  -- Video 3D accel:    false
==> c1:  -- Keymap:            en-us
==> c1:  -- TPM Backend:       passthrough
==> c1:  -- INPUT:             type=mouse, bus=ps2
==> c4: Checking if box 'bento/ubuntu-24.04' version '202508.03.0' is up to date...
[fog][WARNING] Unrecognized arguments: libvirt_ip_command
==> c4: Creating image (snapshot of base box volume).
==> c4: Creating domain with the following settings...
==> c4:  -- Name:              ml-17_c4
==> c4:  -- Description:       Source: /work/netlab_cicd/Vagrantfile
==> c4:  -- Domain type:       kvm
==> c4:  -- Cpus:              1
==> c4:  -- Feature:           acpi
==> c4:  -- Feature:           apic
==> c4:  -- Feature:           pae
==> c4:  -- Clock offset:      utc
==> c4:  -- Memory:            1024M
==> c4:  -- Management MAC:    ca:fe:00:05:00:00
==> c4:  -- Base box:          bento/ubuntu-24.04
==> c4:  -- Storage pool:      default
==> c4:  -- Image(vda):        /var/lib/libvirt/images/ml-17_c4.img, virtio, 64G
==> c4:  -- Disk driver opts:  cache='default'
==> c4:  -- Graphics Type:     vnc
==> c4:  -- Video Type:        cirrus
==> c4:  -- Video VRAM:        16384
==> c4:  -- Video 3D accel:    false
==> c4:  -- Keymap:            en-us
==> c4:  -- TPM Backend:       passthrough
==> c4:  -- INPUT:             type=mouse, bus=ps2
==> c1: Creating shared folders metadata...
==> c1: Starting domain.
==> c1: Domain launching with graphics connection settings...
==> c1:  -- Graphics Port:      5900
==> c2: Checking if box 'bento/ubuntu-24.04' version '202508.03.0' is up to date...
==> c1:  -- Graphics IP:        127.0.0.1
==> c1:  -- Graphics Password:  Not defined
==> c1:  -- Graphics Websocket: 5700
[fog][WARNING] Unrecognized arguments: libvirt_ip_command
==> c1: Waiting for domain to get an IP address...
==> c2: Creating image (snapshot of base box volume).
==> c2: Creating domain with the following settings...
==> c2:  -- Name:              ml-17_c2
==> c2:  -- Description:       Source: /work/netlab_cicd/Vagrantfile
==> c2:  -- Domain type:       kvm
==> c2:  -- Cpus:              1
==> c2:  -- Feature:           acpi
==> c2:  -- Feature:           apic
==> c2:  -- Feature:           pae
==> c2:  -- Clock offset:      utc
==> c2:  -- Memory:            1024M
==> c2:  -- Management MAC:    ca:fe:00:03:00:00
==> c2:  -- Base box:          bento/ubuntu-24.04
==> c2:  -- Storage pool:      default
==> c2:  -- Image(vda):        /var/lib/libvirt/images/ml-17_c2.img, virtio, 64G
==> c2:  -- Disk driver opts:  cache='default'
==> c4: Creating shared folders metadata...
==> c2:  -- Graphics Type:     vnc
==> c4: Starting domain.
==> c2:  -- Video Type:        cirrus
==> c4: Domain launching with graphics connection settings...
==> c2:  -- Video VRAM:        16384
==> c3: Checking if box 'bento/ubuntu-24.04' version '202508.03.0' is up to date...
==> c2:  -- Video 3D accel:    false
==> c4:  -- Graphics Port:      5901
==> c2:  -- Keymap:            en-us
==> c4:  -- Graphics IP:        127.0.0.1
==> c2:  -- TPM Backend:       passthrough
==> c4:  -- Graphics Password:  Not defined
==> c2:  -- INPUT:             type=mouse, bus=ps2
==> c4:  -- Graphics Websocket: 5701
==> c4: Waiting for domain to get an IP address...
==> c2: Creating shared folders metadata...
==> c2: Starting domain.
==> c2: Domain launching with graphics connection settings...
==> c2:  -- Graphics Port:      5903
==> c2:  -- Graphics IP:        127.0.0.1
==> c2:  -- Graphics Password:  Not defined
==> c2:  -- Graphics Websocket: 5703
==> c2: Waiting for domain to get an IP address...
==> c1: Waiting for machine to boot. This may take a few minutes...
    c1: SSH address: 192.168.17.102:22
    c1: SSH username: vagrant
    c1: SSH auth method: private key
    c1: 
    c1: Vagrant insecure key detected. Vagrant will automatically replace
    c1: this with a newly generated keypair for better security.
    c1: 
    c1: Inserting generated public key within guest...
    c1: Removing insecure key from the guest if it's present...
    c1: Key inserted! Disconnecting and reconnecting using new SSH key...
==> c4: Waiting for machine to boot. This may take a few minutes...
    c4: SSH address: 192.168.17.105:22
    c4: SSH username: vagrant
    c4: SSH auth method: private key
==> c3: Creating shared folders metadata...
==> c3: Updating domain definition due to configuration change
==> c3: Error when updating domain settings: Call to virDomainDefineXML failed: XML error: CPU vendor specified without CPU model
    c4: 
    c4: Vagrant insecure key detected. Vagrant will automatically replace
    c4: this with a newly generated keypair for better security.
==> c2: Waiting for machine to boot. This may take a few minutes...
==> c1: Machine booted and ready!
    c2: SSH address: 192.168.17.103:22
    c2: SSH username: vagrant
    c2: SSH auth method: private key
    c2: 
    c2: Vagrant insecure key detected. Vagrant will automatically replace
    c2: this with a newly generated keypair for better security.
    c4: 
    c4: Inserting generated public key within guest...
    c4: Removing insecure key from the guest if it's present...
    c2: 
    c2: Inserting generated public key within guest...
    c4: Key inserted! Disconnecting and reconnecting using new SSH key...
    c2: Removing insecure key from the guest if it's present...
    c2: Key inserted! Disconnecting and reconnecting using new SSH key...
==> c4: Machine booted and ready!
==> c2: Machine booted and ready!
==> c3: An error occurred. The error will be shown after all tasks complete.
An error occurred while executing multiple actions in parallel.
Any errors that occurred are shown below.

An error occurred while executing the action on the 'c3'
machine. Please handle this error then try again:

Error while creating domain: Call to virDomainDefineXML failed: XML error: CPU vendor specified without CPU model
Error executing flock -E 42 /tmp/netlab.lock vagrant up --provider libvirt:
  Command '['flock', '-E', '42', '/tmp/netlab.lock', 'vagrant', 'up', '--provider', 'libvirt']' returned non-zero exit status 1.
Fatal error in netlab up: flock -E 42 /tmp/netlab.lock vagrant up --provider libvirt failed, aborting...
