Creating Device configuration snippets
[CREATED] dut: normalize,initial,dhcp
[CREATED] c1: initial,dhcp
[CREATED] c2: initial,dhcp
[CREATED] c3: initial,dhcp
[CREATED] c4: initial,dhcp
[CREATED] s1: initial,dhcp
[CREATED] s2: initial,dhcp
Checking Are lab devices ready to be configured?
 [INFO] Checking SSH server(s) on dut,c1,c2,c3,c4
[SSH]     SSH server on node dut (device ioll2) is ready after 9.3 seconds
[SSH]     SSH server on node c3 (device iol) is ready after 25.3 seconds
[SSH]     SSH server on node c2 (device iol) is ready after 25.3 seconds
[SSH]     SSH server on node c1 (device iol) is ready after 27.3 seconds
[SSH]     SSH server on node c4 (device iol) is ready after 27.3 seconds
Config Normalizing device configurations
[WARNING]: Found variable using reserved name: hosts

PLAY [Normalize device configurations] *****************************************

TASK [Set variables that cannot be set with VARS] ******************************
ok: [dut]

TASK [Normalize config on bridge-like devices] *********************************
included: /home/pipi/netlab_gh/netsim/ansible/tasks/deploy-module.yml for dut

TASK [Figure out whether to deploy the module normalize on current device] *****
ok: [dut]

TASK [Find configuration template for normalize] *******************************
ok: [dut]

TASK [fail] ********************************************************************
skipping: [dut]

TASK [Find configuration deployment deploy_script for normalize] ***************
ok: [dut]

TASK [Print deployed configuration when running in verbose mode] ***************
ok: [dut] => {
    "msg": "normalize configuration for dut\n=========================================\n!\ninterface Ethernet0/1\n shutdown\n!\ninterface Ethernet0/2\n shutdown\n!\ninterface Ethernet0/3\n shutdown\n!\ninterface Ethernet1/0\n shutdown\n"
}

TASK [Deploy normalize configuration] ******************************************
included: /home/pipi/netlab_gh/netsim/ansible/tasks/deploy-config/ios.yml for dut

TASK [ios_config: deploying normalize from /work/netlab_cicd/node_files/dut/normalize] ***
[WARNING]: To ensure idempotency and correct diff the input configuration lines
should be similar to how they appear if present in the running configuration on
device including the indentation
changed: [dut]

PLAY RECAP *********************************************************************
dut                        : ok=8    changed=1    unreachable=0    failed=0    skipped=1    rescued=0    ignored=0   

Config Deploying device configurations
 [INFO] Executing initial configuration for node s1 (namespace clab-
          ml-17-s1)
 [INFO] Executing initial configuration for node s2 (namespace clab-
          ml-17-s2)
 [INFO] Starting Ansible playbook to deploy the rest of the
          configurations
[WARNING]: Found variable using reserved name: hosts

PLAY [Deploy initial device configuration] *************************************

TASK [Set variables that cannot be set with VARS] ******************************
ok: [dut]
ok: [c1]
ok: [c2]
ok: [c3]
ok: [c4]

TASK [Deploy initial configuration] ********************************************
included: /home/pipi/netlab_gh/netsim/ansible/tasks/deploy-module.yml for dut, c1, c2, c3, c4

TASK [Figure out whether to deploy the module initial on current device] *******
ok: [dut]
ok: [c1]
ok: [c2]
ok: [c4]
ok: [c3]

TASK [Find configuration template for initial] *********************************
ok: [dut]
ok: [c1]
ok: [c2]
ok: [c3]
ok: [c4]

TASK [fail] ********************************************************************
skipping: [dut]
skipping: [c1]
skipping: [c2]
skipping: [c3]
skipping: [c4]

TASK [Find configuration deployment deploy_script for initial] *****************
ok: [dut]
ok: [c2]
ok: [c1]
ok: [c3]
ok: [c4]

TASK [Print deployed configuration when running in verbose mode] ***************
ok: [dut] => {
    "msg": "initial configuration for dut\n=========================================\nhostname dut\n!\nno ip domain lookup\nlogging buffered 256000\n\n!\nlldp run\n!\nip host c1 10.0.0.2\nip host c2 10.0.0.3\nip host c3 10.0.0.4\nip host c4 10.0.0.5\n!\nip routing\n!\nipv6 unicast-routing\n!\n!\ninterface Loopback0\n ip address 10.0.0.1 255.255.255.255\n!\ninterface Ethernet0/0\n no lldp transmit\n no lldp receive\n!\ninterface Ethernet0/1\n no switchport\n description dut -> [c1,c2]\n ipv6 mtu 1500\n ipv6 nd ra interval 5\n ipv6 address 2001:DB8:CAFE::1/64\n mac-address caf0.0001.0001\n no shutdown\n!\ninterface Ethernet0/2\n no switchport\n description dut -> [c3,c4]\n ipv6 mtu 1500\n ipv6 nd ra interval 5\n ipv6 address 2001:DB8:CAFE:1::1/64\n mac-address caf0.0001.0002\n no shutdown\n!\ninterface Ethernet0/3\n no switchport\n description dut -> s1\n ipv6 mtu 1500\n ipv6 nd ra interval 5\n ipv6 address 2001:DB8:CAFE:2::1/64\n mac-address caf0.0001.0003\n no shutdown\n!\ninterface Ethernet1/0\n no switchport\n description dut -> s2\n ipv6 mtu 1500\n ipv6 nd ra interval 5\n ipv6 address 2001:DB8:CAFE:3::1/64\n mac-address caf0.0001.0004\n no shutdown\n!\n!\n! Configure DHCP client - has to be done before routing protocol config, but after generic interface config\n!\n\n!\nline vty 0 4\n exec-timeout 0 0 \n!\nno banner exec\nno banner login\nno banner incoming\n"
}
ok: [c1] => {
    "msg": "initial configuration for c1\n=========================================\nhostname c1\n!\nno ip domain lookup\nlogging buffered 256000\n\n!\nlldp run\n!\nip host c2 10.0.0.3\nip host c3 10.0.0.4\nip host c4 10.0.0.5\nip host dut 10.0.0.1 2001:db8:cafe::1 2001:db8:cafe:1::1 2001:db8:cafe:2::1 2001:db8:cafe:3::1\nip host s1 2001:db8:cafe:2::6\nip host s2 2001:db8:cafe:3::7\n!\nip routing\n!\nipv6 unicast-routing\n!\n!\ninterface Loopback0\n ip address 10.0.0.2 255.255.255.255\n!\ninterface Ethernet0/0\n no lldp transmit\n no lldp receive\n!\ninterface Ethernet0/1\n description c1 -> [c2,dut]\n no shutdown\n!\n!\n! Configure DHCP client - has to be done before routing protocol config, but after generic interface config\n!\ninterface Ethernet0/1\n ipv6 enable\n ipv6 address dhcp\n\n!\nline vty 0 4\n exec-timeout 0 0 \n!\nno banner exec\nno banner login\nno banner incoming\n"
}
ok: [c2] => {
    "msg": "initial configuration for c2\n=========================================\nhostname c2\n!\nno ip domain lookup\nlogging buffered 256000\n\n!\nlldp run\n!\nip host c1 10.0.0.2\nip host c3 10.0.0.4\nip host c4 10.0.0.5\nip host dut 10.0.0.1 2001:db8:cafe::1 2001:db8:cafe:1::1 2001:db8:cafe:2::1 2001:db8:cafe:3::1\nip host s1 2001:db8:cafe:2::6\nip host s2 2001:db8:cafe:3::7\n!\nip routing\n!\nipv6 unicast-routing\n!\n!\ninterface Loopback0\n ip address 10.0.0.3 255.255.255.255\n!\ninterface Ethernet0/0\n no lldp transmit\n no lldp receive\n!\ninterface Ethernet0/1\n description c2 -> [c1,dut]\n no shutdown\n!\n!\n! Configure DHCP client - has to be done before routing protocol config, but after generic interface config\n!\ninterface Ethernet0/1\n ipv6 enable\n ipv6 address dhcp\n\n!\nline vty 0 4\n exec-timeout 0 0 \n!\nno banner exec\nno banner login\nno banner incoming\n"
}
ok: [c4] => {
    "msg": "initial configuration for c4\n=========================================\nhostname c4\n!\nno ip domain lookup\nlogging buffered 256000\n\n!\nlldp run\n!\nip host c1 10.0.0.2\nip host c2 10.0.0.3\nip host c3 10.0.0.4\nip host dut 10.0.0.1 2001:db8:cafe::1 2001:db8:cafe:1::1 2001:db8:cafe:2::1 2001:db8:cafe:3::1\nip host s1 2001:db8:cafe:2::6\nip host s2 2001:db8:cafe:3::7\n!\nip routing\n!\nipv6 unicast-routing\n!\n!\ninterface Loopback0\n ip address 10.0.0.5 255.255.255.255\n!\ninterface Ethernet0/0\n no lldp transmit\n no lldp receive\n!\ninterface Ethernet0/1\n description c4 -> [c3,dut]\n no shutdown\n!\n!\n! Configure DHCP client - has to be done before routing protocol config, but after generic interface config\n!\ninterface Ethernet0/1\n ipv6 enable\n ipv6 address dhcp\n\n!\nline vty 0 4\n exec-timeout 0 0 \n!\nno banner exec\nno banner login\nno banner incoming\n"
}
ok: [c3] => {
    "msg": "initial configuration for c3\n=========================================\nhostname c3\n!\nno ip domain lookup\nlogging buffered 256000\n\n!\nlldp run\n!\nip host c1 10.0.0.2\nip host c2 10.0.0.3\nip host c4 10.0.0.5\nip host dut 10.0.0.1 2001:db8:cafe::1 2001:db8:cafe:1::1 2001:db8:cafe:2::1 2001:db8:cafe:3::1\nip host s1 2001:db8:cafe:2::6\nip host s2 2001:db8:cafe:3::7\n!\nip routing\n!\nipv6 unicast-routing\n!\n!\ninterface Loopback0\n ip address 10.0.0.4 255.255.255.255\n!\ninterface Ethernet0/0\n no lldp transmit\n no lldp receive\n!\ninterface Ethernet0/1\n description c3 -> [c4,dut]\n no shutdown\n!\n!\n! Configure DHCP client - has to be done before routing protocol config, but after generic interface config\n!\ninterface Ethernet0/1\n ipv6 enable\n ipv6 address dhcp\n\n!\nline vty 0 4\n exec-timeout 0 0 \n!\nno banner exec\nno banner login\nno banner incoming\n"
}

TASK [Deploy initial configuration] ********************************************
included: /home/pipi/netlab_gh/netsim/ansible/tasks/deploy-config/ios.yml for dut, c1, c2, c3, c4

TASK [ios_config: deploying initial from /work/netlab_cicd/node_files/dut/initial] ***
[WARNING]: To ensure idempotency and correct diff the input configuration lines
should be similar to how they appear if present in the running configuration on
device including the indentation
changed: [c1]
changed: [c2]
changed: [c4]
changed: [c3]
changed: [dut]

PLAY [Deploy module-specific configurations] ***********************************

TASK [Set variables that cannot be set with VARS] ******************************
ok: [dut]
ok: [c1]
ok: [c2]
ok: [c4]
ok: [c3]

TASK [Deploy individual configuration modules] *********************************
included: /home/pipi/netlab_gh/netsim/ansible/tasks/deploy-module.yml for dut, c1, c2, c3, c4 => (item=dhcp)

TASK [Figure out whether to deploy the module dhcp on current device] **********
ok: [dut]
ok: [c2]
ok: [c1]
ok: [c3]
ok: [c4]

TASK [Find configuration template for dhcp] ************************************
ok: [dut]
ok: [c4]
ok: [c1]
ok: [c2]
ok: [c3]

TASK [fail] ********************************************************************
skipping: [dut]
skipping: [c1]
skipping: [c2]
skipping: [c3]
skipping: [c4]

TASK [Find configuration deployment deploy_script for dhcp] ********************
ok: [dut]
ok: [c1]
ok: [c2]
ok: [c3]
ok: [c4]

TASK [Print deployed configuration when running in verbose mode] ***************
ok: [dut] => {
    "msg": "dhcp configuration for dut\n=========================================\ninterface Ethernet0/1\n  ipv6 dhcp relay destination 2001:db8:cafe:2::6\ninterface Ethernet0/2\n  ipv6 dhcp relay destination 2001:db8:cafe:3::7\n"
}
ok: [c1] => {
    "msg": "dhcp configuration for c1\n=========================================\n"
}
ok: [c2] => {
    "msg": "dhcp configuration for c2\n=========================================\n"
}
ok: [c4] => {
    "msg": "dhcp configuration for c4\n=========================================\n"
}
ok: [c3] => {
    "msg": "dhcp configuration for c3\n=========================================\n"
}

TASK [Deploy dhcp configuration] ***********************************************
included: /home/pipi/netlab_gh/netsim/ansible/tasks/deploy-config/ios.yml for dut, c1, c2, c3, c4

TASK [ios_config: deploying dhcp from /work/netlab_cicd/node_files/dut/dhcp] ***
ok: [c4]
ok: [c3]
ok: [c2]
ok: [c1]
changed: [dut]

PLAY [Deploy custom deployment templates] **************************************
skipping: no hosts matched

PLAY RECAP *********************************************************************
c1                         : ok=16   changed=1    unreachable=0    failed=0    skipped=2    rescued=0    ignored=0   
c2                         : ok=16   changed=1    unreachable=0    failed=0    skipped=2    rescued=0    ignored=0   
c3                         : ok=16   changed=1    unreachable=0    failed=0    skipped=2    rescued=0    ignored=0   
c4                         : ok=16   changed=1    unreachable=0    failed=0    skipped=2    rescued=0    ignored=0   
dut                        : ok=16   changed=2    unreachable=0    failed=0    skipped=2    rescued=0    ignored=0   

Results of configuration script deployments
================================================================================
s1               Script:  initial
s2               Script:  initial


Use this topology to test the DHCPv6 relay functionality of your device. Use
'netlab validate' to check whether your device propagated DHCPv6 requests from
DHCP clients to DHCP servers.

