Using transformed lab topology from snapshot file netlab.snapshot.pickle
Checking virtualization provider installation
OK: libvirt installed and working correctly
OK: clab installed and working correctly
Starting libvirt nodes
creating libvirt management network nl_mgmt_17
provider libvirt: executing flock -E 42 /tmp/netlab.lock vagrant up --provider libvirt
Bringing machine 'c1' up with 'libvirt' provider...
Bringing machine 'c2' up with 'libvirt' provider...
==> c1: Checking if box 'bento/ubuntu-24.04' version '202508.03.0' is up to date...
[fog][WARNING] Unrecognized arguments: libvirt_ip_command
==> c1: Creating image (snapshot of base box volume).
==> c1: Creating domain with the following settings...
==> c2: Checking if box 'bento/ubuntu-24.04' version '202508.03.0' is up to date...
==> c1:  -- Name:              ml-17_c1
==> c1:  -- Description:       Source: /work/netlab_cicd/Vagrantfile
==> c1:  -- Domain type:       kvm
==> c1:  -- Cpus:              1
[fog][WARNING] Unrecognized arguments: libvirt_ip_command
==> c1:  -- Feature:           acpi
==> c1:  -- Feature:           apic
==> c1:  -- Feature:           pae
==> c1:  -- Clock offset:      utc
==> c1:  -- Memory:            1024M
==> c1:  -- Management MAC:    ca:fe:00:02:00:00
==> c1:  -- Base box:          bento/ubuntu-24.04
==> c1:  -- Storage pool:      default
==> c1:  -- Image(vda):        /var/lib/libvirt/images/ml-17_c1.img, virtio, 64G
==> c1:  -- Disk driver opts:  cache='default'
==> c1:  -- Graphics Type:     vnc
==> c1:  -- Video Type:        cirrus
==> c1:  -- Video VRAM:        16384
==> c1:  -- Video 3D accel:    false
==> c2: Creating image (snapshot of base box volume).
==> c1:  -- Keymap:            en-us
==> c2: Creating domain with the following settings...
==> c1:  -- TPM Backend:       passthrough
==> c2:  -- Name:              ml-17_c2
==> c1:  -- INPUT:             type=mouse, bus=ps2
==> c2:  -- Description:       Source: /work/netlab_cicd/Vagrantfile
==> c2:  -- Domain type:       kvm
==> c2:  -- Cpus:              1
==> c2:  -- Feature:           acpi
==> c2:  -- Feature:           apic
==> c2:  -- Feature:           pae
==> c2:  -- Clock offset:      utc
==> c2:  -- Memory:            1024M
==> c2:  -- Management MAC:    ca:fe:00:03:00:00
==> c2:  -- Base box:          bento/ubuntu-24.04
==> c2:  -- Storage pool:      default
==> c2:  -- Image(vda):        /var/lib/libvirt/images/ml-17_c2.img, virtio, 64G
==> c2:  -- Disk driver opts:  cache='default'
==> c2:  -- Graphics Type:     vnc
==> c2:  -- Video Type:        cirrus
==> c2:  -- Video VRAM:        16384
==> c2:  -- Video 3D accel:    false
==> c2:  -- Keymap:            en-us
==> c2:  -- TPM Backend:       passthrough
==> c2:  -- INPUT:             type=mouse, bus=ps2
==> c1: Creating shared folders metadata...
==> c1: Starting domain.
==> c1: Domain launching with graphics connection settings...
==> c1:  -- Graphics Port:      5900
==> c1:  -- Graphics IP:        127.0.0.1
==> c1:  -- Graphics Password:  Not defined
==> c1:  -- Graphics Websocket: 5700
==> c1: Waiting for domain to get an IP address...
==> c2: Creating shared folders metadata...
==> c2: Starting domain.
==> c2: Domain launching with graphics connection settings...
==> c2:  -- Graphics Port:      5901
==> c2:  -- Graphics IP:        127.0.0.1
==> c2:  -- Graphics Password:  Not defined
==> c2:  -- Graphics Websocket: 5701
==> c2: Waiting for domain to get an IP address...
==> c2: Waiting for machine to boot. This may take a few minutes...
    c2: SSH address: 192.168.17.103:22
    c2: SSH username: vagrant
    c2: SSH auth method: private key
    c2: 
    c2: Vagrant insecure key detected. Vagrant will automatically replace
    c2: this with a newly generated keypair for better security.
==> c1: Waiting for machine to boot. This may take a few minutes...
    c1: SSH address: 192.168.17.102:22
    c1: SSH username: vagrant
    c1: SSH auth method: private key
    c1: 
    c1: Vagrant insecure key detected. Vagrant will automatically replace
    c1: this with a newly generated keypair for better security.
    c2: 
    c2: Inserting generated public key within guest...
    c2: Removing insecure key from the guest if it's present...
    c2: Key inserted! Disconnecting and reconnecting using new SSH key...
    c1: 
    c1: Inserting generated public key within guest...
    c1: Removing insecure key from the guest if it's present...
==> c2: Machine booted and ready!
    c1: Key inserted! Disconnecting and reconnecting using new SSH key...
==> c1: Machine booted and ready!
Starting clab nodes
Recreating clab-augment.yml configuration file for clab provider
Created provider configuration file: clab-augment.yml
 [INFO] Setting containerlab runtime to docker
provider clab: executing flock -E 42 /tmp/netlab.lock containerlab deploy --reconfigure -t clab-augment.yml
07:52:09 INFO Containerlab started version=0.75.0
07:52:09 INFO Parsing & checking topology file=clab-augment.yml
07:52:09 INFO Removing directory path=/work/netlab_cicd/clab-ml-17
07:52:09 INFO Creating docker network name=nl_mgmt_17 IPv4 subnet=192.168.17.0/24 IPv6 subnet=fd00:df:1ab:17::/64 MTU=0
07:52:09 INFO Creating lab directory path=/work/netlab_cicd/clab-ml-17
07:52:10 INFO Creating container name=dut
07:52:10 INFO Creating container name=server
07:52:10 INFO Running postdeploy actions for Cisco IOL 'server' node
07:52:10 INFO Created link: dut:eth1 (Ethernet0/1) ▪┄┄▪ virbr2:bni17n1i1
07:52:10 INFO Created link: dut:eth2 (Ethernet0/2) ▪┄┄▪ server:eth1 (Ethernet0/1)
07:52:10 INFO Running postdeploy actions for Cisco IOL 'dut' node
07:52:10 INFO Adding host entries path=/etc/hosts
07:52:10 INFO Adding SSH config for nodes path=/etc/ssh/ssh_config.d/clab-ml-17.conf
07:52:10 INFO containerlab version
  🎉=
  │ A newer containerlab version (0.79.0) is available!
  │ Release notes: https://containerlab.dev/rn/0.79/
  │ Run 'clab version upgrade' or see https://containerlab.dev/install/ for other installation options.
[1m╭[0m[1m───────────────────[0m[1m┬[0m[1m────────────────────────────────[0m[1m┬[0m[1m─────────[0m[1m┬[0m[1m───────────────────[0m[1m╮[0m
[1m│[0m[1m        Name       [0m[1m│[0m[1m           Kind/Image           [0m[1m│[0m[1m  State  [0m[1m│[0m[1m   IPv4/6 Address  [0m[1m│[0m
[1m├[0m[1m───────────────────[0m[1m┼[0m[1m────────────────────────────────[0m[1m┼[0m[1m─────────[0m[1m┼[0m[1m───────────────────[0m[1m┤[0m
│ clab-ml-17-dut    │ cisco_iol                      │ running │ 192.168.17.101    │
│                   │ vrnetlab/cisco_iol:L2-17.18.02 │         │ fd00:df:1ab:17::3 │
├───────────────────┼────────────────────────────────┼─────────┼───────────────────┤
│ clab-ml-17-server │ cisco_iol                      │ running │ 192.168.17.104    │
│                   │ vrnetlab/cisco_iol:17.18.02    │         │ fd00:df:1ab:17::2 │
╰───────────────────┴────────────────────────────────┴─────────┴───────────────────╯

Initial configuration skipped, run 'netlab initial' to configure the devices
