Using transformed lab topology from snapshot file netlab.snapshot.pickle
Checking virtualization provider installation
OK: clab installed and working correctly
Starting clab nodes
provider clab: executing sudo -E containerlab deploy --reconfigure -t clab.yml
15:14:30 INFO Containerlab started version=0.74.2
15:14:30 INFO Parsing & checking topology file=clab.yml
15:14:30 INFO Removing directory path=/work/netlab_cicd/clab-ml-17
15:14:30 INFO Creating docker network name=nl_mgmt_17 IPv4 subnet=192.168.17.0/24 IPv6 subnet="" MTU=0
15:14:30 INFO Creating lab directory path=/work/netlab_cicd/clab-ml-17
15:14:30 INFO Creating container name=server
15:14:30 INFO Creating container name=c2
15:14:30 INFO Creating container name=c1
15:14:30 INFO Creating container name=relay
15:14:31 INFO Running postdeploy actions for Cisco IOL 'c1' node
15:14:31 INFO Running postdeploy actions for Cisco IOL 'c2' node
15:14:31 INFO Created link: relay:et1 ▪┄┄▪ ml-17_1:bni17n1i1
15:14:31 INFO Created link: c1:eth1 (Ethernet0/1) ▪┄┄▪ ml-17_1:bni17n2i1
15:14:31 INFO Created link: relay:et2 ▪┄┄▪ server:eth1
15:14:31 INFO Running postdeploy actions for Arista cEOS 'relay' node
15:14:31 INFO Created link: c2:eth1 (Ethernet0/1) ▪┄┄▪ ml-17_1:bni17n3i1
15:15:00 INFO Adding host entries path=/etc/hosts
15:15:00 INFO Adding SSH config for nodes path=/etc/ssh/ssh_config.d/clab-ml-17.conf
15:15:00 INFO containerlab version
  🎉=
  │ A newer containerlab version (0.74.3) is available!
  │ Release notes: https://containerlab.dev/rn/0.74/#0743
  │ Run 'clab version upgrade' or see https://containerlab.dev/install/ for other installation options.
[1m╭[0m[1m───────────────────[0m[1m┬[0m[1m─────────────────────────────────[0m[1m┬[0m[1m─────────[0m[1m┬[0m[1m────────────────[0m[1m╮[0m
[1m│[0m[1m        Name       [0m[1m│[0m[1m            Kind/Image           [0m[1m│[0m[1m  State  [0m[1m│[0m[1m IPv4/6 Address [0m[1m│[0m
[1m├[0m[1m───────────────────[0m[1m┼[0m[1m─────────────────────────────────[0m[1m┼[0m[1m─────────[0m[1m┼[0m[1m────────────────[0m[1m┤[0m
│ clab-ml-17-c1     │ cisco_iol                       │ running │ 192.168.17.102 │
│                   │ vrnetlab/cisco_iol:L2-17.16.01a │         │ N/A            │
├───────────────────┼─────────────────────────────────┼─────────┼────────────────┤
│ clab-ml-17-c2     │ cisco_iol                       │ running │ 192.168.17.103 │
│                   │ vrnetlab/cisco_iol:L2-17.16.01a │         │ N/A            │
├───────────────────┼─────────────────────────────────┼─────────┼────────────────┤
│ clab-ml-17-relay  │ ceos                            │ running │ 192.168.17.101 │
│                   │ ceos:4.35.2F                    │         │ N/A            │
├───────────────────┼─────────────────────────────────┼─────────┼────────────────┤
│ clab-ml-17-server │ linux                           │ running │ 192.168.17.104 │
│                   │ netlab/dnsmasq:latest           │         │ N/A            │
╰───────────────────┴─────────────────────────────────┴─────────┴────────────────╯

Initial configuration skipped, run 'netlab initial' to configure the devices
