Creating Device configuration snippets
[CREATED] dut: initial,ospf,bgp
[CREATED] x1: initial,ospf,bgp
[CREATED] x2: initial,bgp
Checking Are lab devices ready to be configured?
 [INFO] Checking SSH server(s) on dut
[SSH]     SSH server on node dut (device iosxr) is ready after 32.0 seconds
Config Deploying device configurations
 [INFO] Executing initial configuration for node x1
 [INFO] Executing initial configuration for node x2
 [INFO] Executing ospf configuration for node x1
 [INFO] Executing bgp configuration for node x2
 [INFO] Executing bgp configuration for node x1
netmiko:  [INFO] Sent initial configuration to dut
netmiko:  [INFO] Sent ospf configuration to dut
netmiko:  [INFO] Sent bgp configuration to dut

Results of non-Ansible configuration deployments
================================================================================
dut              Netmiko:  initial,ospf,bgp
x1               Script:   initial,ospf,bgp
x2               Script:   initial,bgp


Use this topology to test the baseline IPv6 IBGP and EBGP implementation
and next-hop-self on IBGP sessions.

