Using transformed lab topology from snapshot file netlab.snapshot.pickle
Checking virtualization provider installation
OK: clab installed and working correctly
Starting clab nodes
provider clab: executing sudo -E containerlab deploy --reconfigure -t clab.yml
08:55:07 INFO Containerlab started version=0.74.2
08:55:07 INFO Parsing & checking topology file=clab.yml
08:55:07 INFO Removing directory path=/work/netlab_cicd/clab-ml-17
08:55:07 INFO Creating docker network name=nl_mgmt_17 IPv4 subnet=192.168.17.0/24 IPv6 subnet="" MTU=0
08:55:07 INFO Creating lab directory path=/work/netlab_cicd/clab-ml-17
08:55:07 INFO Creating container name=x1
08:55:07 INFO Creating container name=dut
08:55:07 INFO Creating container name=x2
08:55:07 INFO Creating container name=r1
08:55:07 INFO Creating container name=dut2
08:55:07 INFO Running postdeploy actions for Cisco XRd 'dut2' node
08:55:07 INFO Created link: dut:Gi0-0-0-0 ▪┄┄▪ x1:eth1
08:55:08 INFO Created link: dut:Gi0-0-0-2 ▪┄┄▪ r1:eth1
08:55:08 INFO Created link: dut:Gi0-0-0-1 ▪┄┄▪ x2:eth1
08:55:08 INFO Created link: dut:Gi0-0-0-3 ▪┄┄▪ dut2:Gi0-0-0-0
08:55:08 INFO Running postdeploy actions for Cisco XRd 'dut' node
08:55:09 INFO Executed command node=x1 command="sleep 1" stdout=""
08:55:09 INFO Executed command node=r1 command="sleep 1" stdout=""
08:55:09 INFO Executed command node=x2 command="sleep 1" stdout=""
08:55:09 INFO Adding host entries path=/etc/hosts
08:55:09 INFO Adding SSH config for nodes path=/etc/ssh/ssh_config.d/clab-ml-17.conf
08:55:09 INFO containerlab version
  🎉=
  │ A newer containerlab version (0.74.3) is available!
  │ Release notes: https://containerlab.dev/rn/0.74/#0743
  │ Run 'clab version upgrade' or see https://containerlab.dev/install/ for other installation options.
[1m╭[0m[1m─────────────────[0m[1m┬[0m[1m─────────────────────────────────[0m[1m┬[0m[1m─────────[0m[1m┬[0m[1m────────────────[0m[1m╮[0m
[1m│[0m[1m       Name      [0m[1m│[0m[1m            Kind/Image           [0m[1m│[0m[1m  State  [0m[1m│[0m[1m IPv4/6 Address [0m[1m│[0m
[1m├[0m[1m─────────────────[0m[1m┼[0m[1m─────────────────────────────────[0m[1m┼[0m[1m─────────[0m[1m┼[0m[1m────────────────[0m[1m┤[0m
│ clab-ml-17-dut  │ cisco_xrd                       │ running │ 192.168.17.101 │
│                 │ ios-xr/xrd-control-plane:25.2.1 │         │ N/A            │
├─────────────────┼─────────────────────────────────┼─────────┼────────────────┤
│ clab-ml-17-dut2 │ cisco_xrd                       │ running │ 192.168.17.102 │
│                 │ ios-xr/xrd-control-plane:25.2.1 │         │ N/A            │
├─────────────────┼─────────────────────────────────┼─────────┼────────────────┤
│ clab-ml-17-r1   │ linux                           │ running │ 192.168.17.105 │
│                 │ quay.io/frrouting/frr:10.5.3    │         │ N/A            │
├─────────────────┼─────────────────────────────────┼─────────┼────────────────┤
│ clab-ml-17-x1   │ linux                           │ running │ 192.168.17.103 │
│                 │ quay.io/frrouting/frr:10.5.3    │         │ N/A            │
├─────────────────┼─────────────────────────────────┼─────────┼────────────────┤
│ clab-ml-17-x2   │ linux                           │ running │ 192.168.17.104 │
│                 │ quay.io/frrouting/frr:10.5.3    │         │ N/A            │
╰─────────────────┴─────────────────────────────────┴─────────┴────────────────╯

Initial configuration skipped, run 'netlab initial' to configure the devices
