vptx:  [INFO] Adjusted wait time in 'ibgp_v4' validation test to 40
vptx:  [INFO] Adjusted wait time in 'ibgp_v6' validation test to 40
[CONFIG]  dut: initial,routing,ospf,bgp,vrf,bgp.policy
[CONFIG]  probe: initial,routing,ospf,bgp,daemons,hosts
[CONFIG]  x1: initial,routing,bgp,daemons,hosts (shared)
[CONFIG]  x2: initial,routing,bgp,daemons,hosts (shared)
[CONFIG]  v1: initial,routing,bgp,daemons,hosts (shared)
[CONFIG]  v2: initial,routing,bgp,bgp.policy,daemons,hosts (shared)
[CONFIG]  vp: initial,routing,bgp,daemons,hosts (shared)
Created provider configuration file: Vagrantfile
Creating configuration file for secondary provider clab
Created provider configuration file: clab-augment.yml
Created pickled transformed topology data into netlab.snapshot.pickle
Created group_vars for all
Created group_vars for modules
Created group_vars for custom_configs
Created group_vars for vptx
Created host_vars for dut
Created group_vars for frr
Created host_vars for probe, x1, x2, v1, v2, vp
Created minimized Ansible inventory hosts.yml
Created Ansible configuration file: ansible.cfg
