Using transformed lab topology from snapshot file netlab.snapshot.pickle
Checking virtualization provider installation
OK: clab installed and working correctly
Starting clab nodes
Loading Linux kernel modules mpls-router,mpls-iptunnel required by containers using mpls module
provider clab: executing sudo -E containerlab deploy --reconfigure -t clab.yml
20:25:14 INFO Containerlab started version=0.74.2
20:25:14 INFO Parsing & checking topology file=clab.yml
20:25:14 INFO Removing directory path=/work/netlab_cicd/junos_c/clab-ml-81
20:25:14 INFO Creating docker network name=nl_mgmt_81 IPv4 subnet=192.168.81.0/24 IPv6 subnet="" MTU=0
20:25:14 INFO Creating lab directory path=/work/netlab_cicd/junos_c/clab-ml-81
20:25:15 INFO Creating container name=h1
20:25:15 INFO Creating container name=h2
20:25:15 INFO Creating container name=h3
20:25:15 INFO Creating container name=h4
20:25:15 INFO Creating container name=p1
20:25:15 INFO Creating container name=p2
20:25:15 INFO Creating container name=dut
20:25:15 INFO Creating container name=pe2
20:25:16 INFO Created link: h1:eth1 ▪┄┄▪ dut:eth2
20:25:16 INFO Created link: h3:eth1 ▪┄┄▪ dut:eth3
20:25:16 INFO Created link: dut:eth1 ▪┄┄▪ p1:eth1
20:25:16 INFO Created link: p1:eth2 ▪┄┄▪ p2:eth1
20:25:16 INFO Created link: pe2:et1 ▪┄┄▪ p2:eth2
20:25:16 INFO Created link: h2:eth1 ▪┄┄▪ pe2:et2
20:25:16 INFO Created link: h4:eth1 ▪┄┄▪ pe2:et3
20:25:16 INFO Running postdeploy actions for Arista cEOS 'pe2' node
20:25:40 INFO Executed command node=p2 command="sleep 1" stdout=""
20:25:40 INFO Executed command node=p1 command="sleep 1" stdout=""
20:25:40 INFO Adding host entries path=/etc/hosts
20:25:40 INFO Adding SSH config for nodes path=/etc/ssh/ssh_config.d/clab-ml-81.conf
20:25:40 INFO containerlab version
  🎉=
  │ A newer containerlab version (0.74.3) is available!
  │ Release notes: https://containerlab.dev/rn/0.74/#0743
  │ Run 'clab version upgrade' or see https://containerlab.dev/install/ for other installation options.
[1m╭[0m[1m────────────────[0m[1m┬[0m[1m──────────────────────────────[0m[1m┬[0m[1m─────────[0m[1m┬[0m[1m────────────────[0m[1m╮[0m
[1m│[0m[1m      Name      [0m[1m│[0m[1m          Kind/Image          [0m[1m│[0m[1m  State  [0m[1m│[0m[1m IPv4/6 Address [0m[1m│[0m
[1m├[0m[1m────────────────[0m[1m┼[0m[1m──────────────────────────────[0m[1m┼[0m[1m─────────[0m[1m┼[0m[1m────────────────[0m[1m┤[0m
│ clab-ml-81-dut │ juniper_crpd                 │ running │ 192.168.81.105 │
│                │ crpd:24.4R1.9                │         │ N/A            │
├────────────────┼──────────────────────────────┼─────────┼────────────────┤
│ clab-ml-81-h1  │ linux                        │ running │ 192.168.81.101 │
│                │ python:3.13-alpine           │         │ N/A            │
├────────────────┼──────────────────────────────┼─────────┼────────────────┤
│ clab-ml-81-h2  │ linux                        │ running │ 192.168.81.102 │
│                │ python:3.13-alpine           │         │ N/A            │
├────────────────┼──────────────────────────────┼─────────┼────────────────┤
│ clab-ml-81-h3  │ linux                        │ running │ 192.168.81.103 │
│                │ python:3.13-alpine           │         │ N/A            │
├────────────────┼──────────────────────────────┼─────────┼────────────────┤
│ clab-ml-81-h4  │ linux                        │ running │ 192.168.81.104 │
│                │ python:3.13-alpine           │         │ N/A            │
├────────────────┼──────────────────────────────┼─────────┼────────────────┤
│ clab-ml-81-p1  │ linux                        │ running │ 192.168.81.107 │
│                │ quay.io/frrouting/frr:10.6.0 │         │ N/A            │
├────────────────┼──────────────────────────────┼─────────┼────────────────┤
│ clab-ml-81-p2  │ linux                        │ running │ 192.168.81.108 │
│                │ quay.io/frrouting/frr:10.6.0 │         │ N/A            │
├────────────────┼──────────────────────────────┼─────────┼────────────────┤
│ clab-ml-81-pe2 │ ceos                         │ running │ 192.168.81.106 │
│                │ ceos:4.35.2F                 │         │ N/A            │
╰────────────────┴──────────────────────────────┴─────────┴────────────────╯

Initial configuration skipped, run 'netlab initial' to configure the devices
