Checking virtualization provider installation
OK: clab installed and working correctly
Stopping clab nodes
20:29:32 INFO Parsing & checking topology file=clab.yml
20:29:32 INFO Parsing & checking topology file=clab.yml
20:29:32 INFO Destroying lab name=ml-81
20:29:33 INFO Removed container name=clab-ml-81-h2
20:29:33 INFO Removed container name=clab-ml-81-core
20:29:33 INFO Removed container name=clab-ml-81-h1
20:29:33 INFO Removed container name=clab-ml-81-dut
20:29:34 INFO Removed container name=clab-ml-81-pe2
20:29:34 INFO Removed container name=clab-ml-81-pe1
20:29:34 INFO Removing host entries path=/etc/hosts
20:29:34 INFO Removing SSH config path=/etc/ssh/ssh_config.d/clab-ml-81.conf
Cleanup configuration files
... removing clab.yml
... removing ansible.cfg
... removing hosts.yml
... removing directory tree group_vars
... removing directory tree host_vars
... removing directory tree node_files
... removing netlab.snapshot.pickle
