Using transformed lab topology from snapshot file netlab.snapshot.pickle
Checking virtualization provider installation
OK: libvirt installed and working correctly
OK: clab installed and working correctly
Starting libvirt nodes
creating libvirt management network nl_mgmt_31
provider libvirt: executing flock -E 42 /tmp/netlab.lock vagrant up --provider libvirt
Bringing machine 's1' up with 'libvirt' provider...
Bringing machine 's2' up with 'libvirt' provider...
Bringing machine 's3' up with 'libvirt' provider...
Bringing machine 's4' up with 'libvirt' provider...
==> s2: Checking if box 'netlab/frr' version '10.5.1' is up to date...
[fog][WARNING] Unrecognized arguments: libvirt_ip_command
==> s2: Creating image (snapshot of base box volume).
==> s3: Checking if box 'netlab/frr' version '10.5.1' is up to date...
==> s2: Creating domain with the following settings...
==> s2:  -- Name:              ml-31_s2
==> s2:  -- Description:       Source: /work/netlab_cicd/junos/Vagrantfile
==> s2:  -- Domain type:       kvm
==> s2:  -- Cpus:              1
[fog][WARNING] Unrecognized arguments: libvirt_ip_command
==> s2:  -- Feature:           acpi
==> s3: Creating image (snapshot of base box volume).
==> s2:  -- Feature:           apic
==> s3: Creating domain with the following settings...
==> s2:  -- Feature:           pae
==> s3:  -- Name:              ml-31_s3
==> s2:  -- Clock offset:      utc
==> s3:  -- Description:       Source: /work/netlab_cicd/junos/Vagrantfile
==> s2:  -- Memory:            1024M
==> s3:  -- Domain type:       kvm
==> s2:  -- Management MAC:    ca:fe:00:02:00:00
==> s3:  -- Cpus:              1
==> s2:  -- Base box:          netlab/frr
==> s3:  -- Feature:           acpi
==> s2:  -- Storage pool:      default
==> s3:  -- Feature:           apic
==> s2:  -- Image(vda):        /var/lib/libvirt/images/ml-31_s2.img, virtio, 3G
==> s3:  -- Feature:           pae
==> s2:  -- Disk driver opts:  cache='default'
==> s3:  -- Clock offset:      utc
==> s2:  -- Graphics Type:     vnc
==> s3:  -- Memory:            1024M
==> s2:  -- Video Type:        cirrus
==> s3:  -- Management MAC:    ca:fe:00:03:00:00
==> s2:  -- Video VRAM:        16384
==> s3:  -- Base box:          netlab/frr
==> s2:  -- Video 3D accel:    false
==> s3:  -- Storage pool:      default
==> s2:  -- Keymap:            en-us
==> s3:  -- Image(vda):        /var/lib/libvirt/images/ml-31_s3.img, virtio, 3G
==> s2:  -- TPM Backend:       passthrough
==> s3:  -- Disk driver opts:  cache='default'
==> s2:  -- INPUT:             type=mouse, bus=ps2
==> s3:  -- Graphics Type:     vnc
==> s3:  -- Video Type:        cirrus
==> s3:  -- Video VRAM:        16384
==> s3:  -- Video 3D accel:    false
==> s3:  -- Keymap:            en-us
==> s3:  -- TPM Backend:       passthrough
==> s3:  -- INPUT:             type=mouse, bus=ps2
==> s4: Checking if box 'netlab/frr' version '10.5.1' is up to date...
[fog][WARNING] Unrecognized arguments: libvirt_ip_command
==> s4: Creating image (snapshot of base box volume).
==> s4: Creating domain with the following settings...
==> s4:  -- Name:              ml-31_s4
==> s1: Checking if box 'juniper/vptx' version '25.2R1.8' is up to date...
==> s4:  -- Description:       Source: /work/netlab_cicd/junos/Vagrantfile
==> s4:  -- Domain type:       kvm
==> s4:  -- Cpus:              1
==> s4:  -- Feature:           acpi
[fog][WARNING] Unrecognized arguments: libvirt_ip_command
==> s4:  -- Feature:           apic
==> s1: Creating image (snapshot of base box volume).
==> s4:  -- Feature:           pae
==> s1: Creating domain with the following settings...
==> s4:  -- Clock offset:      utc
==> s1:  -- Name:              ml-31_s1
==> s4:  -- Memory:            1024M
==> s1:  -- Description:       Source: /work/netlab_cicd/junos/Vagrantfile
==> s4:  -- Management MAC:    ca:fe:00:04:00:00
==> s1:  -- Domain type:       kvm
==> s4:  -- Base box:          netlab/frr
==> s1:  -- Cpus:              4
==> s4:  -- Storage pool:      default
==> s1:  -- Feature:           acpi
==> s4:  -- Image(vda):        /var/lib/libvirt/images/ml-31_s4.img, virtio, 3G
==> s1:  -- Feature:           apic
==> s4:  -- Disk driver opts:  cache='default'
==> s1:  -- Feature:           pae
==> s4:  -- Graphics Type:     vnc
==> s1:  -- Clock offset:      utc
==> s4:  -- Video Type:        cirrus
==> s1:  -- Memory:            8192M
==> s4:  -- Video VRAM:        16384
==> s1:  -- Management MAC:    ca:fe:00:01:00:00
==> s4:  -- Video 3D accel:    false
==> s1:  -- Loader:            /usr/share/OVMF/OVMF_CODE_4M.fd
==> s4:  -- Keymap:            en-us
==> s1:  -- Nvram:             /var/lib/libvirt/qemu/nvram/s1.fd
==> s4:  -- TPM Backend:       passthrough
==> s1:  -- Base box:          juniper/vptx
==> s4:  -- INPUT:             type=mouse, bus=ps2
==> s1:  -- Storage pool:      default
==> s1:  -- Image(vda):        /var/lib/libvirt/images/ml-31_s1.img, virtio, 40G
==> s1:  -- Disk driver opts:  cache='default'
==> s1:  -- Graphics Type:     none
==> s1:  -- Video Type:        none
==> s1:  -- Video VRAM:        16384
==> s1:  -- Video 3D accel:    false
==> s1:  -- Keymap:            en-us
==> s1:  -- TPM Backend:       passthrough
==> s1:  -- Sysinfo:
==> s1:    -- BIOS:
==> s1:     -> vendor: Bochs
==> s1:     -> version: Bochs
==> s1:    -- System:
==> s1:     -> manufacturer: Bochs
==> s1:     -> product: Bochs
==> s1:     -> serial: chassis_no=0:slot=0:type=1:assembly_id=0x0D20:platform=251:master=0:channelized=no
==> s1:    -- Chassis:
==> s1:     -> manufacturer: Bochs
==> s1:  -- INPUT:             type=mouse, bus=ps2
==> s2: Creating shared folders metadata...
==> s3: Creating shared folders metadata...
==> s3: Starting domain.
==> s2: Starting domain.
==> s3: Domain launching with graphics connection settings...
==> s2: Domain launching with graphics connection settings...
==> s3:  -- Graphics Port:      5900
==> s2:  -- Graphics Port:      5901
==> s3:  -- Graphics IP:        127.0.0.1
==> s2:  -- Graphics IP:        127.0.0.1
==> s3:  -- Graphics Password:  Not defined
==> s2:  -- Graphics Password:  Not defined
==> s3:  -- Graphics Websocket: 5700
==> s2:  -- Graphics Websocket: 5701
==> s3: Waiting for domain to get an IP address...
==> s2: Waiting for domain to get an IP address...
==> s4: Creating shared folders metadata...
==> s4: Starting domain.
==> s4: Domain launching with graphics connection settings...
==> s4:  -- Graphics Port:      5902
==> s4:  -- Graphics IP:        127.0.0.1
==> s4:  -- Graphics Password:  Not defined
==> s4:  -- Graphics Websocket: 5702
==> s4: Waiting for domain to get an IP address...
==> s1: Creating shared folders metadata...
==> s1: Updating domain definition due to configuration change
==> s1: Starting domain.
==> s1: Waiting for domain to get an IP address...
==> s3: Waiting for machine to boot. This may take a few minutes...
    s3: SSH address: 192.168.31.103:22
    s3: SSH username: vagrant
    s3: SSH auth method: private key
    s3: Warning: Connection refused. Retrying...
    s3: 
    s3: Vagrant insecure key detected. Vagrant will automatically replace
    s3: this with a newly generated keypair for better security.
==> s2: Waiting for machine to boot. This may take a few minutes...
    s2: SSH address: 192.168.31.102:22
    s2: SSH username: vagrant
    s2: SSH auth method: private key
    s2: Warning: Connection refused. Retrying...
    s2: 
    s2: Vagrant insecure key detected. Vagrant will automatically replace
    s2: this with a newly generated keypair for better security.
==> s4: Waiting for machine to boot. This may take a few minutes...
    s4: SSH address: 192.168.31.104:22
    s4: SSH username: vagrant
    s4: SSH auth method: private key
    s4: Warning: Connection refused. Retrying...
    s4: 
    s4: Vagrant insecure key detected. Vagrant will automatically replace
    s4: this with a newly generated keypair for better security.
    s3: 
    s3: Inserting generated public key within guest...
    s3: Removing insecure key from the guest if it's present...
    s2: 
    s2: Inserting generated public key within guest...
    s3: Key inserted! Disconnecting and reconnecting using new SSH key...
    s2: Removing insecure key from the guest if it's present...
    s2: Key inserted! Disconnecting and reconnecting using new SSH key...
    s4: 
    s4: Inserting generated public key within guest...
    s4: Removing insecure key from the guest if it's present...
==> s3: Machine booted and ready!
==> s2: Machine booted and ready!
    s4: Key inserted! Disconnecting and reconnecting using new SSH key...
==> s3: Running provisioner: shell...
==> s2: Running provisioner: shell...
    s2: Running: inline script
    s3: Running: inline script
    s3: Setting password for user Vagrant
    s2: Setting password for user Vagrant
    s2: Enabling SSH password authentication
    s3: Enabling SSH password authentication
    s2: /usr/lib/frr/frrinit.sh
    s2: FRR already installed, skipping installation
    s3: /usr/lib/frr/frrinit.sh
    s3: FRR already installed, skipping installation
==> s4: Machine booted and ready!
==> s4: Running provisioner: shell...
    s4: Running: inline script
    s4: Setting password for user Vagrant
    s4: Enabling SSH password authentication
    s4: /usr/lib/frr/frrinit.sh
    s4: FRR already installed, skipping installation
==> s1: Waiting for machine to boot. This may take a few minutes...
    s1: SSH address: 192.168.31.101:22
    s1: SSH username: vagrant
    s1: SSH auth method: private key
==> s1: Machine booted and ready!
Starting clab nodes
Recreating clab-augment.yml configuration file for clab provider
Created provider configuration file: clab-augment.yml
provider clab: executing flock -E 42 /tmp/netlab.lock sudo -E containerlab deploy --reconfigure -t clab-augment.yml
09:23:58 INFO Containerlab started version=0.75.0
09:23:58 INFO Parsing & checking topology file=clab-augment.yml
09:23:58 INFO Removing directory path=/work/netlab_cicd/junos/clab-ml-31
09:23:58 INFO Creating docker network name=nl_mgmt_31 IPv4 subnet=192.168.31.0/24 IPv6 subnet="" MTU=0
09:23:58 INFO Creating lab directory path=/work/netlab_cicd/junos/clab-ml-31
09:23:59 INFO Creating container name=r2
09:23:59 INFO Creating container name=d2
09:23:59 INFO Creating container name=r4
09:23:59 INFO Creating container name=r3
09:23:59 INFO Creating container name=d4
09:23:59 INFO Creating container name=d3
09:23:59 INFO Creating container name=r1
09:23:59 INFO Creating container name=d1
09:24:00 INFO Created link: d2:eth1 ▪┄┄▪ virbr3:bni31n10i1
09:24:00 INFO Created link: r4:eth1 ▪┄┄▪ virbr8:bni31n8i1
09:24:00 INFO Created link: d1:eth1 ▪┄┄▪ virbr11:bni31n9i1
09:24:00 INFO Created link: d3:eth1 ▪┄┄▪ virbr6:bni31n11i1
09:24:00 INFO Created link: r3:eth1 ▪┄┄▪ virbr5:bni31n7i1
09:24:00 INFO Created link: r1:eth1 ▪┄┄▪ virbr10:bni31n5i1
09:24:00 INFO Created link: r2:eth1 ▪┄┄▪ virbr2:bni31n6i1
09:24:00 INFO Created link: d4:eth1 ▪┄┄▪ virbr9:bni31n12i1
09:24:00 INFO Adding host entries path=/etc/hosts
09:24:00 INFO Adding SSH config for nodes path=/etc/ssh/ssh_config.d/clab-ml-31.conf
[1m╭[0m[1m───────────────[0m[1m┬[0m[1m────────────────────[0m[1m┬[0m[1m─────────[0m[1m┬[0m[1m────────────────[0m[1m╮[0m
[1m│[0m[1m      Name     [0m[1m│[0m[1m     Kind/Image     [0m[1m│[0m[1m  State  [0m[1m│[0m[1m IPv4/6 Address [0m[1m│[0m
[1m├[0m[1m───────────────[0m[1m┼[0m[1m────────────────────[0m[1m┼[0m[1m─────────[0m[1m┼[0m[1m────────────────[0m[1m┤[0m
│ clab-ml-31-d1 │ linux              │ running │ 192.168.31.109 │
│               │ python:3.13-alpine │         │ N/A            │
├───────────────┼────────────────────┼─────────┼────────────────┤
│ clab-ml-31-d2 │ linux              │ running │ 192.168.31.110 │
│               │ python:3.13-alpine │         │ N/A            │
├───────────────┼────────────────────┼─────────┼────────────────┤
│ clab-ml-31-d3 │ linux              │ running │ 192.168.31.111 │
│               │ python:3.13-alpine │         │ N/A            │
├───────────────┼────────────────────┼─────────┼────────────────┤
│ clab-ml-31-d4 │ linux              │ running │ 192.168.31.112 │
│               │ python:3.13-alpine │         │ N/A            │
├───────────────┼────────────────────┼─────────┼────────────────┤
│ clab-ml-31-r1 │ linux              │ running │ 192.168.31.105 │
│               │ python:3.13-alpine │         │ N/A            │
├───────────────┼────────────────────┼─────────┼────────────────┤
│ clab-ml-31-r2 │ linux              │ running │ 192.168.31.106 │
│               │ python:3.13-alpine │         │ N/A            │
├───────────────┼────────────────────┼─────────┼────────────────┤
│ clab-ml-31-r3 │ linux              │ running │ 192.168.31.107 │
│               │ python:3.13-alpine │         │ N/A            │
├───────────────┼────────────────────┼─────────┼────────────────┤
│ clab-ml-31-r4 │ linux              │ running │ 192.168.31.108 │
│               │ python:3.13-alpine │         │ N/A            │
╰───────────────┴────────────────────┴─────────┴────────────────╯

Initial configuration skipped, run 'netlab initial' to configure the devices
