ios:  [INFO] Adjusted wait time in 'pfx_ce2_o' validation test to 40
ios:  [INFO] Adjusted wait time in 'pfx_ce2_b' validation test to 40
ios:  [INFO] Adjusted wait time in 'pfx_ce1_o' validation test to 40
ios:  [INFO] Adjusted wait time in 'pfx_ce1_b' validation test to 40
[CONFIG]  ce1b: initial,bgp,daemons,hosts
[CONFIG]  ce2b: initial,bgp,daemons,hosts (shared)
[CONFIG]  ce1o: initial,ospf,daemons,hosts (shared)
[CONFIG]  ce2o: initial,ospf,daemons,hosts (shared)
[CONFIG]  dut: initial,ospf,bgp,mpls,vrf,evpn
[CONFIG]  s2: initial,ospf,bgp,mpls,vrf,evpn
[CONFIG]  p: initial,ospf,mpls,daemons,hosts (shared)
Created provider configuration file: Vagrantfile
Creating configuration file for secondary provider clab
Created provider configuration file: clab-augment.yml
Created pickled transformed topology data into netlab.snapshot.pickle
Created group_vars for all
Created group_vars for modules
Created group_vars for frr
Created host_vars for ce1b, ce2b, ce1o, ce2o, p
Created group_vars for cat8000v
Created host_vars for dut, s2
Created minimized Ansible inventory hosts.yml
Created Ansible configuration file: ansible.cfg
