Using transformed lab topology from snapshot file netlab.snapshot.pickle
Checking virtualization provider installation
OK: libvirt installed and working correctly
OK: clab installed and working correctly
Starting libvirt nodes
creating libvirt management network nl_mgmt_17
provider libvirt: executing vagrant up --provider libvirt
Bringing machine 'dut' up with 'libvirt' provider...
Bringing machine 's2' up with 'libvirt' provider...
==> dut: Checking if box 'cisco/cat8000v' version '17.16.01a' is up to date...
[fog][WARNING] Unrecognized arguments: libvirt_ip_command
==> dut: Creating image (snapshot of base box volume).
==> dut: Creating domain with the following settings...
==> dut:  -- Name:              ml-17_dut
==> dut:  -- Description:       Source: /work/netlab_cicd/Vagrantfile
==> dut:  -- Domain type:       kvm
==> dut:  -- Cpus:              2
==> dut:  -- Feature:           acpi
==> dut:  -- Feature:           apic
==> dut:  -- Feature:           pae
==> dut:  -- Clock offset:      utc
==> dut:  -- Memory:            4096M
==> dut:  -- Management MAC:    ca:fe:00:05:00:00
==> dut:  -- Base box:          cisco/cat8000v
==> dut:  -- Storage pool:      default
==> dut:  -- Image(vda):        /var/lib/libvirt/images/ml-17_dut.img, virtio, 8G
==> dut:  -- Disk driver opts:  cache='default'
==> dut:  -- Graphics Type:     vnc
==> dut:  -- Video Type:        cirrus
==> dut:  -- Video VRAM:        16384
==> dut:  -- Video 3D accel:    false
==> dut:  -- Keymap:            en-us
==> dut:  -- TPM Backend:       passthrough
==> dut:  -- INPUT:             type=mouse, bus=ps2
==> s2: Checking if box 'cisco/cat8000v' version '17.16.01a' is up to date...
[fog][WARNING] Unrecognized arguments: libvirt_ip_command
==> s2: Creating image (snapshot of base box volume).
==> s2: Creating domain with the following settings...
==> s2:  -- Name:              ml-17_s2
==> s2:  -- Description:       Source: /work/netlab_cicd/Vagrantfile
==> s2:  -- Domain type:       kvm
==> s2:  -- Cpus:              2
==> s2:  -- Feature:           acpi
==> s2:  -- Feature:           apic
==> s2:  -- Feature:           pae
==> s2:  -- Clock offset:      utc
==> s2:  -- Memory:            4096M
==> s2:  -- Management MAC:    ca:fe:00:06:00:00
==> s2:  -- Base box:          cisco/cat8000v
==> s2:  -- Storage pool:      default
==> s2:  -- Image(vda):        /var/lib/libvirt/images/ml-17_s2.img, virtio, 8G
==> s2:  -- Disk driver opts:  cache='default'
==> s2:  -- Graphics Type:     vnc
==> s2:  -- Video Type:        cirrus
==> s2:  -- Video VRAM:        16384
==> s2:  -- Video 3D accel:    false
==> s2:  -- Keymap:            en-us
==> s2:  -- TPM Backend:       passthrough
==> s2:  -- INPUT:             type=mouse, bus=ps2
==> dut: Creating shared folders metadata...
==> dut: Starting domain.
==> dut: Domain launching with graphics connection settings...
==> dut:  -- Graphics Port:      5901
==> dut:  -- Graphics IP:        127.0.0.1
==> dut:  -- Graphics Password:  Not defined
==> dut:  -- Graphics Websocket: 5701
==> dut: Waiting for domain to get an IP address...
==> s2: Creating shared folders metadata...
==> s2: Starting domain.
==> s2: Domain launching with graphics connection settings...
==> s2:  -- Graphics Port:      5902
==> s2:  -- Graphics IP:        127.0.0.1
==> s2:  -- Graphics Password:  Not defined
==> s2:  -- Graphics Websocket: 5702
==> s2: Waiting for domain to get an IP address...
==> dut: Waiting for machine to boot. This may take a few minutes...
    dut: SSH address: 192.168.17.105:22
    dut: SSH username: vagrant
    dut: SSH auth method: private key
==> s2: Waiting for machine to boot. This may take a few minutes...
    s2: SSH address: 192.168.17.106:22
    s2: SSH username: vagrant
    s2: SSH auth method: private key
    s2: Warning: Connection refused. Retrying...
==> s2: Machine booted and ready!
==> dut: Machine booted and ready!
Starting clab nodes
Recreating clab-augment.yml configuration file for clab provider
Created provider configuration file: clab-augment.yml
Loading Linux kernel modules mpls-router,mpls-iptunnel required by containers using mpls module
provider clab: executing sudo -E containerlab deploy --reconfigure -t clab-augment.yml
17:51:26 INFO Containerlab started version=0.74.2
17:51:26 INFO Parsing & checking topology file=clab-augment.yml
17:51:26 INFO Removing directory path=/work/netlab_cicd/clab-ml-17
17:51:26 INFO Creating docker network name=nl_mgmt_17 IPv4 subnet=192.168.17.0/24 IPv6 subnet="" MTU=0
17:51:26 INFO Creating lab directory path=/work/netlab_cicd/clab-ml-17
17:51:26 INFO Creating container name=ce2o
17:51:26 INFO Creating container name=p
17:51:26 INFO Creating container name=ce1o
17:51:26 INFO Creating container name=ce1b
17:51:26 INFO Creating container name=ce2b
17:51:27 INFO Created link: ce2o:eth1 ▪┄┄▪ virbr8:bni17n4i1
17:51:27 INFO Created link: ce1o:eth1 ▪┄┄▪ virbr5:bni17n3i1
17:51:27 INFO Created link: ce2b:eth1 ▪┄┄▪ virbr9:bni17n2i1
17:51:27 INFO Created link: ce1b:eth1 ▪┄┄▪ virbr6:bni17n1i1
17:51:27 INFO Created link: p:eth2 ▪┄┄▪ virbr7:bni17n7i2
17:51:27 INFO Created link: p:eth1 ▪┄┄▪ virbr4:bni17n7i1
17:51:28 INFO Executed command node=ce2o command="sleep 1" stdout=""
17:51:28 INFO Executed command node=ce2b command="sleep 1" stdout=""
17:51:28 INFO Executed command node=ce1o command="sleep 1" stdout=""
17:51:28 INFO Executed command node=ce1b command="sleep 1" stdout=""
17:51:28 INFO Executed command node=p command="sleep 1" stdout=""
17:51:28 INFO Adding host entries path=/etc/hosts
17:51:28 INFO Adding SSH config for nodes path=/etc/ssh/ssh_config.d/clab-ml-17.conf
17:51:28 INFO containerlab version
  🎉=
  │ A newer containerlab version (0.74.3) is available!
  │ Release notes: https://containerlab.dev/rn/0.74/#0743
  │ Run 'clab version upgrade' or see https://containerlab.dev/install/ for other installation options.
[1m╭[0m[1m─────────────────[0m[1m┬[0m[1m──────────────────────────────[0m[1m┬[0m[1m─────────[0m[1m┬[0m[1m────────────────[0m[1m╮[0m
[1m│[0m[1m       Name      [0m[1m│[0m[1m          Kind/Image          [0m[1m│[0m[1m  State  [0m[1m│[0m[1m IPv4/6 Address [0m[1m│[0m
[1m├[0m[1m─────────────────[0m[1m┼[0m[1m──────────────────────────────[0m[1m┼[0m[1m─────────[0m[1m┼[0m[1m────────────────[0m[1m┤[0m
│ clab-ml-17-ce1b │ linux                        │ running │ 192.168.17.101 │
│                 │ quay.io/frrouting/frr:10.6.0 │         │ N/A            │
├─────────────────┼──────────────────────────────┼─────────┼────────────────┤
│ clab-ml-17-ce1o │ linux                        │ running │ 192.168.17.103 │
│                 │ quay.io/frrouting/frr:10.6.0 │         │ N/A            │
├─────────────────┼──────────────────────────────┼─────────┼────────────────┤
│ clab-ml-17-ce2b │ linux                        │ running │ 192.168.17.102 │
│                 │ quay.io/frrouting/frr:10.6.0 │         │ N/A            │
├─────────────────┼──────────────────────────────┼─────────┼────────────────┤
│ clab-ml-17-ce2o │ linux                        │ running │ 192.168.17.104 │
│                 │ quay.io/frrouting/frr:10.6.0 │         │ N/A            │
├─────────────────┼──────────────────────────────┼─────────┼────────────────┤
│ clab-ml-17-p    │ linux                        │ running │ 192.168.17.107 │
│                 │ quay.io/frrouting/frr:10.6.0 │         │ N/A            │
╰─────────────────┴──────────────────────────────┴─────────┴────────────────╯

Initial configuration skipped, run 'netlab initial' to configure the devices
