Using transformed lab topology from snapshot file netlab.snapshot.pickle
Checking virtualization provider installation
OK: clab installed and working correctly
Starting clab nodes
provider clab: executing sudo -E containerlab deploy --reconfigure -t clab.yml
10:03:52 INFO Containerlab started version=0.74.2
10:03:52 INFO Parsing & checking topology file=clab.yml
10:03:52 INFO Removing directory path=/work/netlab_cicd/nokia_c/clab-ml-83
10:03:52 INFO Creating docker network name=nl_mgmt_83 IPv4 subnet=192.168.83.0/24 IPv6 subnet="" MTU=0
10:03:52 INFO Creating lab directory path=/work/netlab_cicd/nokia_c/clab-ml-83
10:03:52 INFO Creating container name=h2
10:03:52 INFO Creating container name=h1
10:03:52 WARN node "dut": kind is nokia_srsim but the provided image does not have the correct labels; please use a valid SR-SIM container image or run a more recent version of the SR-SIM container image to suppress this warning
10:03:52 WARN Failed to write chassis_info.json to lab dir node=dut path=/work/netlab_cicd/nokia_c/clab-ml-83/dut error="/opt/nokia/chassis_info.json not found in image graph driver (UpperDir/MergedDir)"
10:03:52 INFO Retrieved SR OS version from image node=dut version=25.7.R1
10:03:52 INFO Creating container name=dut
10:03:53 INFO Creating container name=r2
10:03:53 INFO Running postdeploy actions kind=nokia_srsim node=dut
10:03:53 INFO Created link: dut:e1-1-c2-1 (1/1/c2/1) ▪┄┄▪ ml-83_2:bni83n1i2
10:03:53 INFO Created link: dut:e1-1-c1-1 (1/1/c1/1) ▪┄┄▪ r2:et1
10:03:53 INFO Created link: h2:eth1 ▪┄┄▪ ml-83_2:bni83n4i1
10:03:54 INFO Created link: r2:et2 ▪┄┄▪ ml-83_2:bni83n2i2
10:03:54 INFO Created link: r2:et3 ▪┄┄▪ h1:eth1
10:03:54 INFO Running postdeploy actions for Arista cEOS 'r2' node
10:04:02 INFO Saving node "clab-ml-83-dut" config as startup...
10:04:02 INFO Saved running configuration node=dut addr=192.168.83.101 config-mode=model-driven
10:04:15 INFO Adding host entries path=/etc/hosts
10:04:15 INFO Adding SSH config for nodes path=/etc/ssh/ssh_config.d/clab-ml-83.conf
10:04:15 INFO containerlab version
  🎉=
  │ A newer containerlab version (0.74.3) is available!
  │ Release notes: https://containerlab.dev/rn/0.74/#0743
  │ Run 'clab version upgrade' or see https://containerlab.dev/install/ for other installation options.
[1m╭[0m[1m────────────────[0m[1m┬[0m[1m─────────────────────[0m[1m┬[0m[1m─────────[0m[1m┬[0m[1m────────────────[0m[1m╮[0m
[1m│[0m[1m      Name      [0m[1m│[0m[1m      Kind/Image     [0m[1m│[0m[1m  State  [0m[1m│[0m[1m IPv4/6 Address [0m[1m│[0m
[1m├[0m[1m────────────────[0m[1m┼[0m[1m─────────────────────[0m[1m┼[0m[1m─────────[0m[1m┼[0m[1m────────────────[0m[1m┤[0m
│ clab-ml-83-dut │ nokia_srsim         │ running │ 192.168.83.101 │
│                │ nokia_srsim:25.7.R1 │         │ N/A            │
├────────────────┼─────────────────────┼─────────┼────────────────┤
│ clab-ml-83-h1  │ linux               │ running │ 192.168.83.103 │
│                │ python:3.13-alpine  │         │ N/A            │
├────────────────┼─────────────────────┼─────────┼────────────────┤
│ clab-ml-83-h2  │ linux               │ running │ 192.168.83.104 │
│                │ python:3.13-alpine  │         │ N/A            │
├────────────────┼─────────────────────┼─────────┼────────────────┤
│ clab-ml-83-r2  │ ceos                │ running │ 192.168.83.102 │
│                │ ceos:4.35.2F        │         │ N/A            │
╰────────────────┴─────────────────────┴─────────┴────────────────╯

Initial configuration skipped, run 'netlab initial' to configure the devices
