Checking virtualization provider installation
OK: clab installed and working correctly
Stopping clab nodes
10:05:31 INFO Parsing & checking topology file=clab.yml
10:05:31 INFO Parsing & checking topology file=clab.yml
10:05:31 INFO Destroying lab name=ml-83
10:05:32 INFO Removed container name=clab-ml-83-h1
10:05:32 INFO Removed container name=clab-ml-83-dut
10:05:32 INFO Removed container name=clab-ml-83-h2
10:05:33 INFO Removed container name=clab-ml-83-r2
10:05:33 INFO Removing host entries path=/etc/hosts
10:05:33 INFO Removing SSH config path=/etc/ssh/ssh_config.d/clab-ml-83.conf
Cleanup configuration files
... removing clab.yml
... removing ansible.cfg
... removing hosts.yml
... removing directory tree group_vars
... removing directory tree host_vars
... removing directory tree node_files
... removing netlab.snapshot.pickle
