Using transformed lab topology from snapshot file netlab.snapshot.pickle
Checking virtualization provider installation
OK: clab installed and working correctly
Starting clab nodes
provider clab: executing flock -E 42 /tmp/netlab.lock sudo -E containerlab deploy --reconfigure -t clab.yml
15:14:08 INFO Containerlab started version=0.75.0
15:14:08 INFO Parsing & checking topology file=clab.yml
15:14:08 INFO Removing directory path=/work/netlab_cicd/clab-ml-17
15:14:08 INFO Creating docker network name=nl_mgmt_17 IPv4 subnet=192.168.17.0/24 IPv6 subnet="" MTU=0
15:14:08 INFO Creating lab directory path=/work/netlab_cicd/clab-ml-17
15:14:08 INFO Creating container name=dut
15:14:08 INFO Creating container name=r2
15:14:08 INFO Creating container name=r1
15:14:09 INFO Creating container name=r3
15:14:09 INFO Creating container name=r4
15:14:09 INFO Created link: dut:eth1 ▪┄┄▪ r1:et1
15:14:09 INFO Running postdeploy actions for Arista cEOS 'r1' node
15:14:09 INFO Created link: dut:eth2 ▪┄┄▪ r2:et1
15:14:09 INFO Running postdeploy actions for Arista cEOS 'r2' node
15:14:09 INFO Created link: dut:eth4 ▪┄┄▪ r4:et1
15:14:09 INFO Running postdeploy actions for Arista cEOS 'r4' node
15:14:09 INFO Created link: dut:eth3 ▪┄┄▪ r3:et1
15:14:09 INFO Running postdeploy actions for Arista cEOS 'r3' node
15:14:39 INFO Adding host entries path=/etc/hosts
15:14:39 INFO Adding SSH config for nodes path=/etc/ssh/ssh_config.d/clab-ml-17.conf
15:14:39 INFO containerlab version
  🎉=
  │ A newer containerlab version (0.76.1) is available!
  │ Release notes: https://containerlab.dev/rn/0.76/#0761
  │ Run 'clab version upgrade' or see https://containerlab.dev/install/ for other installation options.
[1m╭[0m[1m────────────────[0m[1m┬[0m[1m───────────────────[0m[1m┬[0m[1m─────────[0m[1m┬[0m[1m────────────────[0m[1m╮[0m
[1m│[0m[1m      Name      [0m[1m│[0m[1m     Kind/Image    [0m[1m│[0m[1m  State  [0m[1m│[0m[1m IPv4/6 Address [0m[1m│[0m
[1m├[0m[1m────────────────[0m[1m┼[0m[1m───────────────────[0m[1m┼[0m[1m─────────[0m[1m┼[0m[1m────────────────[0m[1m┤[0m
│ clab-ml-17-dut │ linux             │ running │ 192.168.17.101 │
│                │ netlab/bird:3.3.1 │         │ N/A            │
├────────────────┼───────────────────┼─────────┼────────────────┤
│ clab-ml-17-r1  │ ceos              │ running │ 192.168.17.111 │
│                │ ceos:4.35.2F      │         │ N/A            │
├────────────────┼───────────────────┼─────────┼────────────────┤
│ clab-ml-17-r2  │ ceos              │ running │ 192.168.17.112 │
│                │ ceos:4.35.2F      │         │ N/A            │
├────────────────┼───────────────────┼─────────┼────────────────┤
│ clab-ml-17-r3  │ ceos              │ running │ 192.168.17.123 │
│                │ ceos:4.35.2F      │         │ N/A            │
├────────────────┼───────────────────┼─────────┼────────────────┤
│ clab-ml-17-r4  │ ceos              │ running │ 192.168.17.124 │
│                │ ceos:4.35.2F      │         │ N/A            │
╰────────────────┴───────────────────┴─────────┴────────────────╯

Initial configuration skipped, run 'netlab initial' to configure the devices
