Using transformed lab topology from snapshot file netlab.snapshot.pickle
Checking virtualization provider installation
OK: clab installed and working correctly
Starting clab nodes
provider clab: executing flock -E 42 /tmp/netlab.lock sudo -E containerlab deploy --reconfigure -t clab.yml
16:17:10 INFO Containerlab started version=0.75.0
16:17:10 INFO Parsing & checking topology file=clab.yml
16:17:10 INFO Removing directory path=/work/netlab_cicd/clab-ml-17
16:17:10 INFO Creating docker network name=nl_mgmt_17 IPv4 subnet=192.168.17.0/24 IPv6 subnet="" MTU=0
16:17:10 INFO Creating lab directory path=/work/netlab_cicd/clab-ml-17
16:17:10 INFO Creating container name=srv
16:17:10 INFO Creating container name=h1
16:17:10 INFO Creating container name=h2
16:17:10 INFO Creating container name=dut
16:17:11 INFO Created link: h2:eth1 ▪┄┄▪ dut:eth2
16:17:11 INFO Created link: srv:eth1 ▪┄┄▪ dut:eth3
16:17:11 INFO Created link: h1:eth1 ▪┄┄▪ dut:eth1
16:17:11 INFO Adding host entries path=/etc/hosts
16:17:11 INFO Adding SSH config for nodes path=/etc/ssh/ssh_config.d/clab-ml-17.conf
16:17:11 INFO containerlab version
  🎉=
  │ A newer containerlab version (0.77.0) is available!
  │ Release notes: https://containerlab.dev/rn/0.77/
  │ Run 'clab version upgrade' or see https://containerlab.dev/install/ for other installation options.
[1m╭[0m[1m────────────────[0m[1m┬[0m[1m────────────────────[0m[1m┬[0m[1m─────────[0m[1m┬[0m[1m────────────────[0m[1m╮[0m
[1m│[0m[1m      Name      [0m[1m│[0m[1m     Kind/Image     [0m[1m│[0m[1m  State  [0m[1m│[0m[1m IPv4/6 Address [0m[1m│[0m
[1m├[0m[1m────────────────[0m[1m┼[0m[1m────────────────────[0m[1m┼[0m[1m─────────[0m[1m┼[0m[1m────────────────[0m[1m┤[0m
│ clab-ml-17-dut │ linux              │ running │ 192.168.17.104 │
│                │ netlab/bird:3.3.1  │         │ N/A            │
├────────────────┼────────────────────┼─────────┼────────────────┤
│ clab-ml-17-h1  │ linux              │ running │ 192.168.17.101 │
│                │ python:3.13-alpine │         │ N/A            │
├────────────────┼────────────────────┼─────────┼────────────────┤
│ clab-ml-17-h2  │ linux              │ running │ 192.168.17.102 │
│                │ python:3.13-alpine │         │ N/A            │
├────────────────┼────────────────────┼─────────┼────────────────┤
│ clab-ml-17-srv │ linux              │ running │ 192.168.17.103 │
│                │ python:3.13-alpine │         │ N/A            │
╰────────────────┴────────────────────┴─────────┴────────────────╯

Initial configuration skipped, run 'netlab initial' to configure the devices
