Creating Device configuration snippets
[CREATED] dut: initial,ospf,vrf
[CREATED] r1: initial,ospf
[CREATED] r2: initial,ospf
[CREATED] r3: initial,ospf
Config Deploying device configurations
 [INFO] Executing initial configuration for node dut (namespace clab-
          ml-17-dut)
 [INFO] Executing initial configuration for node r1
 [INFO] Executing initial configuration for node r2
 [INFO] Executing initial configuration for node r3
 [INFO] Executing vrf configuration for node dut
 [INFO] Executing ospf configuration for node r2
 [INFO] Executing ospf configuration for node r3
 [INFO] Executing ospf configuration for node r1

Results of configuration script deployments
================================================================================
dut              Script:  initial,vrf
r1               Script:  initial,ospf
r2               Script:  initial,ospf
r3               Script:  initial,ospf


The device under test has three VRFs with one OSPF-speaking CE router in
each VRF. Every VRF imports routes from exactly one other VRF:

* red imports green
* green imports blue
* blue imports red

The lab tests asymmetric inter-VRF route leaking by checking that every CE
router receives only the routes imported by its local VRF.

