Using transformed lab topology from snapshot file netlab.snapshot.pickle
Checking virtualization provider installation
OK: libvirt installed and working correctly
OK: clab installed and working correctly
Starting libvirt nodes
creating libvirt management network nl_mgmt_31
provider libvirt: executing flock -E 42 /tmp/netlab.lock vagrant up --provider libvirt
Bringing machine 'dut' up with 'libvirt' provider...
Bringing machine 'pe2' up with 'libvirt' provider...
==> pe2: Checking if box 'arista/veos' version '4.34.2F' is up to date...
[fog][WARNING] Unrecognized arguments: libvirt_ip_command
==> pe2: Creating image (snapshot of base box volume).
==> pe2: Creating domain with the following settings...
==> pe2:  -- Name:              ml-31_pe2
==> pe2:  -- Description:       Source: /work/netlab_cicd/junos/Vagrantfile
==> pe2:  -- Domain type:       kvm
==> pe2:  -- Cpus:              2
==> pe2:  -- Feature:           acpi
==> pe2:  -- Feature:           apic
==> pe2:  -- Feature:           pae
==> pe2:  -- Clock offset:      utc
==> pe2:  -- Memory:            2048M
==> pe2:  -- Management MAC:    ca:fe:00:06:00:00
==> pe2:  -- Base box:          arista/veos
==> pe2:  -- Storage pool:      default
==> pe2:  -- Image(vda):        /var/lib/libvirt/images/ml-31_pe2.img, ide, 5G
==> pe2:  -- Disk driver opts:  cache='default'
==> pe2:  -- Graphics Type:     vnc
==> pe2:  -- Video Type:        cirrus
==> pe2:  -- Video VRAM:        16384
==> pe2:  -- Video 3D accel:    false
==> pe2:  -- Keymap:            en-us
==> pe2:  -- TPM Backend:       passthrough
==> pe2:  -- INPUT:             type=mouse, bus=ps2
==> dut: Checking if box 'juniper/vptx' version '25.2R1.8' is up to date...
[fog][WARNING] Unrecognized arguments: libvirt_ip_command
==> dut: Creating image (snapshot of base box volume).
==> dut: Creating domain with the following settings...
==> dut:  -- Name:              ml-31_dut
==> dut:  -- Description:       Source: /work/netlab_cicd/junos/Vagrantfile
==> dut:  -- Domain type:       kvm
==> dut:  -- Cpus:              4
==> dut:  -- Feature:           acpi
==> dut:  -- Feature:           apic
==> dut:  -- Feature:           pae
==> dut:  -- Clock offset:      utc
==> dut:  -- Memory:            8192M
==> dut:  -- Management MAC:    ca:fe:00:05:00:00
==> dut:  -- Loader:            /usr/share/OVMF/OVMF_CODE_4M.fd
==> dut:  -- Nvram:             /var/lib/libvirt/qemu/nvram/dut.fd
==> dut:  -- Base box:          juniper/vptx
==> dut:  -- Storage pool:      default
==> dut:  -- Image(vda):        /var/lib/libvirt/images/ml-31_dut.img, virtio, 40G
==> dut:  -- Disk driver opts:  cache='default'
==> dut:  -- Graphics Type:     none
==> dut:  -- Video Type:        none
==> dut:  -- Video VRAM:        16384
==> dut:  -- Video 3D accel:    false
==> dut:  -- Keymap:            en-us
==> dut:  -- TPM Backend:       passthrough
==> dut:  -- Sysinfo:
==> dut:    -- BIOS:
==> dut:     -> vendor: Bochs
==> dut:     -> version: Bochs
==> dut:    -- System:
==> dut:     -> manufacturer: Bochs
==> dut:     -> product: Bochs
==> dut:     -> serial: chassis_no=0:slot=0:type=1:assembly_id=0x0D20:platform=251:master=0:channelized=no
==> dut:    -- Chassis:
==> dut:     -> manufacturer: Bochs
==> dut:  -- INPUT:             type=mouse, bus=ps2
==> pe2: Creating shared folders metadata...
==> pe2: Starting domain.
==> pe2: Domain launching with graphics connection settings...
==> pe2:  -- Graphics Port:      5900
==> pe2:  -- Graphics IP:        127.0.0.1
==> pe2:  -- Graphics Password:  Not defined
==> pe2:  -- Graphics Websocket: 5700
==> pe2: Waiting for domain to get an IP address...
==> dut: Creating shared folders metadata...
==> dut: Updating domain definition due to configuration change
==> dut: Starting domain.
==> dut: Waiting for domain to get an IP address...
==> pe2: Waiting for machine to boot. This may take a few minutes...
    pe2: SSH address: 192.168.31.106:22
    pe2: SSH username: vagrant
    pe2: SSH auth method: private key
==> dut: Waiting for machine to boot. This may take a few minutes...
    dut: SSH address: 192.168.31.105:22
    dut: SSH username: vagrant
    dut: SSH auth method: private key
==> dut: Machine booted and ready!
==> pe2: Machine booted and ready!
Starting clab nodes
Recreating clab-augment.yml configuration file for clab provider
Created provider configuration file: clab-augment.yml
Loading Linux kernel modules mpls-router,mpls-iptunnel required by containers using mpls module
provider clab: executing flock -E 42 /tmp/netlab.lock sudo -E containerlab deploy --reconfigure -t clab-augment.yml
11:44:04 INFO Containerlab started version=0.75.0
11:44:04 INFO Parsing & checking topology file=clab-augment.yml
11:44:04 INFO Removing directory path=/work/netlab_cicd/junos/clab-ml-31
11:44:04 INFO Creating docker network name=nl_mgmt_31 IPv4 subnet=192.168.31.0/24 IPv6 subnet="" MTU=0
11:44:04 INFO Creating lab directory path=/work/netlab_cicd/junos/clab-ml-31
11:44:04 INFO Creating container name=p1
11:44:04 INFO Creating container name=h1
11:44:04 INFO Creating container name=p2
11:44:04 INFO Creating container name=h3
11:44:04 INFO Creating container name=h4
11:44:04 INFO Creating container name=h2
11:44:05 INFO Created link: h4:eth1 ▪┄┄▪ virbr4:bni31n4i1
11:44:05 INFO Created link: p1:eth2 ▪┄┄▪ p2:eth1
11:44:05 INFO Created link: h1:eth1 ▪┄┄▪ virbr6:bni31n1i1
11:44:06 INFO Created link: p1:eth1 ▪┄┄▪ virbr5:bni31n7i1
11:44:06 INFO Created link: p2:eth2 ▪┄┄▪ virbr2:bni31n8i2
11:44:06 INFO Created link: h3:eth1 ▪┄┄▪ virbr7:bni31n3i1
11:44:06 INFO Created link: h2:eth1 ▪┄┄▪ virbr3:bni31n2i1
11:44:07 INFO Executed command node=p1 command="sleep 1" stdout=""
11:44:07 INFO Executed command node=p2 command="sleep 1" stdout=""
11:44:07 INFO Adding host entries path=/etc/hosts
11:44:07 INFO Adding SSH config for nodes path=/etc/ssh/ssh_config.d/clab-ml-31.conf
[1m╭[0m[1m───────────────[0m[1m┬[0m[1m──────────────────────────────[0m[1m┬[0m[1m─────────[0m[1m┬[0m[1m────────────────[0m[1m╮[0m
[1m│[0m[1m      Name     [0m[1m│[0m[1m          Kind/Image          [0m[1m│[0m[1m  State  [0m[1m│[0m[1m IPv4/6 Address [0m[1m│[0m
[1m├[0m[1m───────────────[0m[1m┼[0m[1m──────────────────────────────[0m[1m┼[0m[1m─────────[0m[1m┼[0m[1m────────────────[0m[1m┤[0m
│ clab-ml-31-h1 │ linux                        │ running │ 192.168.31.101 │
│               │ python:3.13-alpine           │         │ N/A            │
├───────────────┼──────────────────────────────┼─────────┼────────────────┤
│ clab-ml-31-h2 │ linux                        │ running │ 192.168.31.102 │
│               │ python:3.13-alpine           │         │ N/A            │
├───────────────┼──────────────────────────────┼─────────┼────────────────┤
│ clab-ml-31-h3 │ linux                        │ running │ 192.168.31.103 │
│               │ python:3.13-alpine           │         │ N/A            │
├───────────────┼──────────────────────────────┼─────────┼────────────────┤
│ clab-ml-31-h4 │ linux                        │ running │ 192.168.31.104 │
│               │ python:3.13-alpine           │         │ N/A            │
├───────────────┼──────────────────────────────┼─────────┼────────────────┤
│ clab-ml-31-p1 │ linux                        │ running │ 192.168.31.107 │
│               │ quay.io/frrouting/frr:10.6.1 │         │ N/A            │
├───────────────┼──────────────────────────────┼─────────┼────────────────┤
│ clab-ml-31-p2 │ linux                        │ running │ 192.168.31.108 │
│               │ quay.io/frrouting/frr:10.6.1 │         │ N/A            │
╰───────────────┴──────────────────────────────┴─────────┴────────────────╯

Initial configuration skipped, run 'netlab initial' to configure the devices
