Creating Device configuration snippets
[CREATED] ce1: initial,bgp
[CREATED] ce2: initial,bgp
[CREATED] dut: initial,ospf,bgp,mpls,vrf
[CREATED] pe2: normalize,initial,ospf,bgp,mpls,vrf
[CREATED] p1: initial,ospf,mpls
[CREATED] p2: initial,ospf,mpls
Checking Are lab devices ready to be configured?
 [INFO] Checking lab devices with an Ansible playbook
[WARNING]: Could not match supplied host pattern, ignoring: netlab_ready_ssh
[WARNING]: Found variable using reserved name: hosts

PLAY [Wait for SSH servers] ****************************************************
skipping: no hosts matched

PLAY [Wait for device-specific conditions] *************************************

TASK [Set variables that cannot be set with VARS] ******************************
ok: [dut]

TASK [Find device readiness script] ********************************************
ok: [dut]

TASK [Wait for device to become ready] *****************************************
included: /home/pipi/net101/tools/netsim/ansible/tasks/readiness-check/junos.yml for dut

TASK [set_fact] ****************************************************************
ok: [dut]

TASK [Wait for first interface (et-0/0/0)] *************************************
ok: [dut]

PLAY RECAP *********************************************************************
dut                        : ok=5    changed=0    unreachable=0    failed=0    skipped=0    rescued=0    ignored=0   

Config Deploying device configurations
 [INFO] Executing initial configuration for node ce1
 [INFO] Executing initial configuration for node ce2
 [INFO] Executing initial configuration for node p1
 [INFO] Executing initial configuration for node p2
 [INFO] Executing bgp configuration for node ce1
 [INFO] Executing bgp configuration for node ce2
 [INFO] Executing ospf configuration for node p1
 [INFO] Executing ospf configuration for node p2
 [INFO] Executing mpls configuration for node p2
 [INFO] Executing mpls configuration for node p1
 [INFO] Starting Ansible playbook to deploy the rest of the
          configurations
[WARNING]: Found variable using reserved name: hosts

PLAY [Deploy initial device configuration] *************************************

TASK [Set variables that cannot be set with VARS] ******************************
ok: [dut]
ok: [pe2]

TASK [Normalize config on bridge-like devices] *********************************
included: /home/pipi/net101/tools/netsim/ansible/tasks/deploy-module.yml for dut, pe2

TASK [Figure out whether to deploy the module normalize on current device] *****
ok: [dut]
ok: [pe2]

TASK [Find configuration template for normalize] *******************************
ok: [dut]
ok: [pe2]

TASK [fail] ********************************************************************
skipping: [dut]
skipping: [pe2]

TASK [Find configuration deployment deploy_script for normalize] ***************
ok: [dut]
ok: [pe2]

TASK [Print deployed configuration when running in verbose mode] ***************
skipping: [dut]
ok: [pe2] => {
    "msg": "normalize configuration for pe2\n=========================================\n!\ninterface Ethernet1\n shutdown\n mac-address caf0.0004.0001\n!\ninterface Ethernet2\n shutdown\n mac-address caf0.0004.0002\n"
}

TASK [Deploy normalize configuration] ******************************************
skipping: [dut]
included: /home/pipi/net101/tools/netsim/ansible/tasks/deploy-config/eos.yml for pe2

TASK [eos_config: deploying normalize from /work/netlab_cicd/other_vm/node_files/pe2/normalize] ***
[WARNING]: To ensure idempotency and correct diff the input configuration lines
should be similar to how they appear if present in the running configuration on
device including the indentation
changed: [pe2]

TASK [Deploy initial configuration] ********************************************
included: /home/pipi/net101/tools/netsim/ansible/tasks/deploy-module.yml for dut, pe2

TASK [Figure out whether to deploy the module initial on current device] *******
ok: [dut]
ok: [pe2]

TASK [Find configuration template for initial] *********************************
ok: [dut]
ok: [pe2]

TASK [fail] ********************************************************************
skipping: [dut]
skipping: [pe2]

TASK [Find configuration deployment deploy_script for initial] *****************
ok: [dut]
ok: [pe2]

TASK [Print deployed configuration when running in verbose mode] ***************
ok: [dut] => {
    "msg": "initial configuration for dut\n=========================================\nsystem {\n  host-name dut;\n  static-host-mapping {\n    ce1 inet 10.0.0.1;\n    ce2 inet 10.0.0.2;\n    pe2 inet 10.0.0.4;\n    p1 inet 10.0.0.5;\n    p2 inet 10.0.0.6;\n  }\n}\n\n\n\n\npolicy-options {\n  community tg_65000_1 members target:65000:1;\n}\n\n\n\npolicy-options {\n  policy-statement vrf-tenant-rt-export {\n    term 1 {\n      then {\n        community add tg_65000_1;\n        accept;\n      }\n    }\n  }\n\n\n  policy-statement vrf-tenant-rt-import {\n    term 1 {\n      from community [ tg_65000_1 ];\n      then accept;\n    }\n    term default {\n      then reject;\n    }\n  }\n}\n\nrouting-instances {\n\n  tenant {\n    instance-type vrf;\n    route-distinguisher 65000:1;\n\n    vrf-import vrf-tenant-rt-import;\n    vrf-export vrf-tenant-rt-export;\n\n    routing-options {\n      auto-export;\n    }\n\n    interface et-0/0/1.0;\n\n  }\n\n}\ninterfaces {\n\n  lo0.0 {\n    \n      family inet {\n        address 10.0.0.3/32;\n      }\n    \n  }\n  et-0/0/0.0 {\n    description \"dut -> p1\";\n    \n      family inet {\n        address 10.1.0.1/30;\n      }\n    \n  }\n  et-0/0/1.0 {\n    description \"dut -> ce1 [external]\";\n    \n      family inet {\n        address 10.1.0.14/30;\n      }\n    \n  }\n}\nprotocols {\n  lldp {\n    interface re0:mgmt-0 {\n      disable;\n    }\n    interface all;\n  }\n}\n"
}
ok: [pe2] => {
    "msg": "initial configuration for pe2\n=========================================\nhostname pe2\n!\nlogging monitor debugging\naaa authorization exec default local\n!\nlldp run\nip routing\nno ipv6 unicast-routing\n!\nvrf instance tenant\n rd 65000:1\n!\nip routing vrf tenant\n!\n!\nip host ce1 10.0.0.1 10.1.0.13\nip host ce2 10.0.0.2 10.1.0.17\nip host dut 10.0.0.3 10.1.0.1\nip host dut-tenant 10.1.0.14\nip host p1 10.0.0.5 10.1.0.2 10.1.0.5\nip host p2 10.0.0.6 10.1.0.6 10.1.0.9\nip host pe2-tenant 10.1.0.18\n!\ninterface Management1\n no lldp transmit\n no lldp receive\n!\ninterface Loopback0\n ip address 10.0.0.4/32\n!\ninterface Ethernet1\n no switchport\n description pe2 -> p2\n ip address 10.1.0.10/30\n mac-address caf0.0004.0001\n!\n no shutdown\n!\ninterface Ethernet2\n no switchport\n vrf tenant\n description pe2 -> ce2 [external]\n ip address 10.1.0.18/30\n mac-address caf0.0004.0002\n!\n no shutdown\n!\n"
}

TASK [Deploy initial configuration] ********************************************
included: /home/pipi/net101/tools/netsim/ansible/tasks/deploy-config/junos.yml for dut
included: /home/pipi/net101/tools/netsim/ansible/tasks/deploy-config/eos.yml for pe2

TASK [junos_config: deploying initial from /work/netlab_cicd/other_vm/node_files/dut/initial] ***
changed: [dut]

TASK [eos_config: deploying initial from /work/netlab_cicd/other_vm/node_files/pe2/initial] ***
changed: [pe2]

PLAY [Deploy module-specific configurations] ***********************************

TASK [Set variables that cannot be set with VARS] ******************************
ok: [dut]
ok: [pe2]

TASK [Deploy individual configuration modules] *********************************
included: /home/pipi/net101/tools/netsim/ansible/tasks/deploy-module.yml for dut, pe2 => (item=ospf)
included: /home/pipi/net101/tools/netsim/ansible/tasks/deploy-module.yml for dut, pe2 => (item=bgp)
included: /home/pipi/net101/tools/netsim/ansible/tasks/deploy-module.yml for dut, pe2 => (item=mpls)
included: /home/pipi/net101/tools/netsim/ansible/tasks/deploy-module.yml for dut, pe2 => (item=vrf)

TASK [Figure out whether to deploy the module ospf on current device] **********
ok: [dut]
ok: [pe2]

TASK [Find configuration template for ospf] ************************************
ok: [dut]
ok: [pe2]

TASK [fail] ********************************************************************
skipping: [dut]
skipping: [pe2]

TASK [Find configuration deployment deploy_script for ospf] ********************
ok: [dut]
ok: [pe2]

TASK [Print deployed configuration when running in verbose mode] ***************
ok: [dut] => {
    "msg": "ospf configuration for dut\n=========================================\nrouting-options {\n  router-id 10.0.0.3\n}\nprotocols {\n  delete: ospf;\n}\n\nprotocols {\n  ospf {\n    area 0.0.0.0 {\n      interface lo0.0 {\n      }\n    }\n    area 0.0.0.0 {\n      interface et-0/0/0.0 {\n        interface-type p2p;\n      }\n    }\n  }\n}\n\n"
}
ok: [pe2] => {
    "msg": "ospf configuration for pe2\n=========================================\n!\n! OSPFv2 configuration\n!\nrouter ospf 1\n router-id 10.0.0.4\n interface unnumbered hello mask tx 0.0.0.0\n timers spf delay initial 100 200 500\n timers lsa rx min interval 100\n timers lsa tx delay initial 100 200 500\n\n\n!\ninterface Loopback0\n! \n ip ospf area 0.0.0.0\n!\ninterface Ethernet1\n! pe2 -> p2\n ip ospf area 0.0.0.0\n ip ospf network point-to-point\n!\n\n"
}

TASK [Deploy ospf configuration] ***********************************************
included: /home/pipi/net101/tools/netsim/ansible/tasks/deploy-config/junos.yml for dut
included: /home/pipi/net101/tools/netsim/ansible/tasks/deploy-config/eos.yml for pe2

TASK [junos_config: deploying ospf from /work/netlab_cicd/other_vm/node_files/dut/ospf] ***
[WARNING]:  statement not found
changed: [dut]

TASK [eos_config: deploying ospf from /work/netlab_cicd/other_vm/node_files/pe2/ospf] ***
changed: [pe2]

TASK [Figure out whether to deploy the module bgp on current device] ***********
ok: [dut]
ok: [pe2]

TASK [Find configuration template for bgp] *************************************
ok: [dut]
ok: [pe2]

TASK [fail] ********************************************************************
skipping: [dut]
skipping: [pe2]

TASK [Find configuration deployment deploy_script for bgp] *********************
ok: [dut]
ok: [pe2]

TASK [Print deployed configuration when running in verbose mode] ***************
ok: [dut] => {
    "msg": "bgp configuration for dut\n=========================================\n\nrouting-options {\n  autonomous-system 65001;\n  router-id 10.0.0.3\n}\n\n\npolicy-options {\n  delete: policy-statement next-hop-ebgp-ipv4;\n  delete: policy-statement next-hop-all-ipv4;\n  delete: policy-statement next-hop-ebgp-ipv6;\n  delete: policy-statement next-hop-all-ipv6;\n\n  delete: policy-statement bgp-default-redistribute;\n  delete: route-filter-list bgp-default-announce-ipv4;\n  delete: route-filter-list bgp-default-announce-ipv6;\n\n  community x-route-permit-mark members large:65535:0:65536;\n\n  policy-statement bgp-final {\n    term final-option {\n      from community x-route-permit-mark;\n      then {\n        community delete x-route-permit-mark;\n        accept;\n      }\n    }\n    term default-reject {\n      then reject;\n    }\n  }\n\n  route-filter-list bgp-default-announce-ipv4 {\n    10.0.0.3/32 exact;\n  }\n\n  policy-statement bgp-default-redistribute {\n    term advertise-ipv4 {\n      from {\n        route-filter-list bgp-default-announce-ipv4;\n      }\n      then {\n        community add x-route-permit-mark;\n        next policy;\n      }\n    }\n\n    term redis_bgp {\n      from protocol bgp;\n      then {\n        community add x-route-permit-mark;\n        next policy;\n      }\n    }\n\n    term default {\n      then reject;\n    }\n  }\n\n\n  policy-statement next-hop-ebgp-ipv4 {\n    term next-hop-self-ipv4 {\n      from {\n        family inet;\n        route-type external;\n      }\n      then {\n        next-hop self;\n      }\n    }\n  }\n  policy-statement next-hop-all-ipv4 {\n    term next-hop-self-ipv4 {\n      from {\n        family inet;\n      }\n      then {\n        next-hop self;\n      }\n    }\n  }\n  policy-statement next-hop-ebgp-ipv6 {\n    term next-hop-self-ipv6 {\n      from {\n        family inet6;\n        route-type external;\n      }\n      then {\n        next-hop self;\n      }\n    }\n  }\n  policy-statement next-hop-all-ipv6 {\n    term next-hop-self-ipv6 {\n      from {\n        family inet6;\n      }\n      then {\n        next-hop self;\n      }\n    }\n  }\n\n  policy-statement bgp-initial {\n    term initial-cleanup {\n      from community x-route-permit-mark;\n      then {\n        community delete x-route-permit-mark;\n        next policy;\n      }\n    }\n  }\n\n}\nprotocols {\n  delete: bgp;\n}\nprotocols {\n  bgp {\n    group ibgp-peers-ipv4 {\n      type internal;\n      export [ \n          next-hop-ebgp-ipv4 bgp-default-redistribute bgp-final\n        ];\n      advertise-inactive;\n      neighbor 10.0.0.4 {\n\n        local-address 10.0.0.3;\n        description pe2;\n        family inet {\n          unicast;\n        }\n      }\n    }\n    group ebgp-peers {\n      export [ \n          bgp-default-redistribute bgp-final\n        ];\n      advertise-inactive;\n    }\n  }\n}\n"
}
ok: [pe2] => {
    "msg": "bgp configuration for pe2\n=========================================\n!\nroute-map next-hop-self-ipv4 permit 10\n   match route-type external\n   set ip next-hop peer-address\n!\nroute-map next-hop-self-ipv4 permit 20\n!\n!\nrouter bgp 65001\n  bgp advertise-inactive\n  bgp log-neighbor-changes\n  no bgp default ipv4-unicast\n  no bgp default ipv6-unicast\n  router-id 10.0.0.4\n!\n  neighbor 10.0.0.3 remote-as 65001\n  neighbor 10.0.0.3 description dut\n  neighbor 10.0.0.3 update-source Loopback0\n  neighbor 10.0.0.3 send-community standard extended large \n!\n!\n address-family ipv4\n\n!\n  network 10.0.0.4/32\n!\n  neighbor 10.0.0.3 activate\n  neighbor 10.0.0.3 route-map next-hop-self-ipv4 out\n"
}

TASK [Deploy bgp configuration] ************************************************
included: /home/pipi/net101/tools/netsim/ansible/tasks/deploy-config/junos.yml for dut
included: /home/pipi/net101/tools/netsim/ansible/tasks/deploy-config/eos.yml for pe2

TASK [junos_config: deploying bgp from /work/netlab_cicd/other_vm/node_files/dut/bgp] ***
changed: [dut]

TASK [eos_config: deploying bgp from /work/netlab_cicd/other_vm/node_files/pe2/bgp] ***
changed: [pe2]

TASK [Figure out whether to deploy the module mpls on current device] **********
ok: [dut]
ok: [pe2]

TASK [Find configuration template for mpls] ************************************
ok: [dut]
ok: [pe2]

TASK [fail] ********************************************************************
skipping: [dut]
skipping: [pe2]

TASK [Find configuration deployment deploy_script for mpls] ********************
ok: [dut]
ok: [pe2]

TASK [Print deployed configuration when running in verbose mode] ***************
ok: [dut] => {
    "msg": "mpls configuration for dut\n=========================================\n\n\n\ninterfaces {\n  et-0/0/0.0 {\n    family mpls;\n  }\n}\n\nprotocols {\n  mpls {\n    interface et-0/0/0.0;\n  }\n  ldp {\n    interface et-0/0/0.0;\n  }\n}\n\nrouting-instances {\n  tenant {\n    vrf-table-label;\n  }\n}\n\nprotocols {\n  bgp {\n    group ibgp-peers-ipv4 {\n      neighbor 10.0.0.4 {\n        delete: shutdown;\n        family inet-vpn {\n          unicast;\n        }\n      }\n    }\n  }\n\n}\n"
}
ok: [pe2] => {
    "msg": "mpls configuration for pe2\n=========================================\n!\nmpls ip\nmpls icmp ttl-exceeded tunneling\n!\nmpls ldp\n  router-id 10.0.0.4\n  transport-address interface Loopback0\n  interface disabled default\n  no shutdown\n!\ninterface Loopback0\n  mpls ldp interface\n!\ninterface Ethernet1\n  mpls ip\n  mpls ldp interface\n!\n!\nrouter bgp 65001\n\n neighbor 10.0.0.3 send-community add extended\n!\n address-family vpn-ipv4\n!\n  neighbor 10.0.0.3 activate\n  exit\n\n"
}

TASK [Deploy mpls configuration] ***********************************************
included: /home/pipi/net101/tools/netsim/ansible/tasks/deploy-config/junos.yml for dut
included: /home/pipi/net101/tools/netsim/ansible/tasks/deploy-config/eos.yml for pe2

TASK [junos_config: deploying mpls from /work/netlab_cicd/other_vm/node_files/dut/mpls] ***
changed: [dut]

TASK [eos_config: deploying mpls from /work/netlab_cicd/other_vm/node_files/pe2/mpls] ***
changed: [pe2]

TASK [Figure out whether to deploy the module vrf on current device] ***********
ok: [dut]
ok: [pe2]

TASK [Find configuration template for vrf] *************************************
ok: [dut]
ok: [pe2]

TASK [fail] ********************************************************************
skipping: [dut]
skipping: [pe2]

TASK [Find configuration deployment deploy_script for vrf] *********************
ok: [dut]
ok: [pe2]

TASK [Print deployed configuration when running in verbose mode] ***************
ok: [dut] => {
    "msg": "vrf configuration for dut\n=========================================\n\n\npolicy-options {\n  delete: policy-statement bgp-tenant-redistribute;\n  delete: route-filter-list bgp-tenant-announce-ipv4;\n  delete: route-filter-list bgp-tenant-announce-ipv6;\n\n  community x-route-permit-mark members large:65535:0:65536;\n\n  policy-statement bgp-final {\n    term final-option {\n      from community x-route-permit-mark;\n      then {\n        community delete x-route-permit-mark;\n        accept;\n      }\n    }\n    term default-reject {\n      then reject;\n    }\n  }\n\n\n  policy-statement bgp-tenant-redistribute {\n\n    term redis_bgp {\n      from protocol bgp;\n      then {\n        community add x-route-permit-mark;\n        next policy;\n      }\n    }\n    term redist_connected {\n      from {\n        protocol direct;\n      }\n      then {\n        community add x-route-permit-mark;\n        next policy;\n      }\n    }\n\n    term default {\n      then reject;\n    }\n  }\n\n\n}\n\n\nrouting-instances {\n\n  tenant {\n    routing-options {\n      autonomous-system 65001;\n      router-id 10.0.0.3\n    }\n\n    protocols {\n      bgp {\n\n        group ebgp-peers {\n          export [ bgp-tenant-redistribute bgp-final ];\n          advertise-inactive;\n          neighbor 10.1.0.13 {\n\n            peer-as 65100;\n            description ce1;\n          }\n        }\n      }\n    }\n  }\n\n}\n"
}
ok: [pe2] => {
    "msg": "vrf configuration for pe2\n=========================================\n!\nmpls ip\n!\nrouter bgp 65001\n!\n vrf tenant\n  router-id 10.0.0.4\n  rd 65000:1\n  route-target import vpn-ipv4 65000:1\n  route-target export vpn-ipv4 65000:1\n!\n  neighbor 10.1.0.17 remote-as 65101\n  neighbor 10.1.0.17 description ce2\n  neighbor 10.1.0.17 send-community standard large \n!\n  address-family ipv4\n    redistribute connected\n\n    neighbor 10.1.0.17 activate\n"
}

TASK [Deploy vrf configuration] ************************************************
included: /home/pipi/net101/tools/netsim/ansible/tasks/deploy-config/junos.yml for dut
included: /home/pipi/net101/tools/netsim/ansible/tasks/deploy-config/eos.yml for pe2

TASK [junos_config: deploying vrf from /work/netlab_cicd/other_vm/node_files/dut/vrf] ***
changed: [dut]

TASK [eos_config: deploying vrf from /work/netlab_cicd/other_vm/node_files/pe2/vrf] ***
changed: [pe2]

PLAY [Deploy custom deployment templates] **************************************
skipping: no hosts matched

PLAY RECAP *********************************************************************
dut                        : ok=41   changed=5    unreachable=0    failed=0    skipped=8    rescued=0    ignored=0   
pe2                        : ok=44   changed=6    unreachable=0    failed=0    skipped=6    rescued=0    ignored=0   

Results of configuration script deployments
================================================================================
ce1              Script:  initial,bgp
ce2              Script:  initial,bgp
p1               Script:  initial,ospf,mpls
p2               Script:  initial,ospf,mpls


The tested device (DUT) is a PE-router running MPLS/VPN with a simple VRF. Two
BGP-speaking CE-routers are attached to the VRF (one per PE-router)

The PE-router has to run OSPF and LDP with a P-router, exchange IPv4 routes
via BGP with the CE-router, convert VRF IPv4 routes into VPNv4 routes, and
pass them to another PE-router.

The validation tests check BGP prefixes on the CE-routers and perform
end-to-end connectivity tests between CE-router loopbacks.

