Using transformed lab topology from snapshot file netlab.snapshot.pickle
Checking virtualization provider installation
OK: clab installed and working correctly
Starting clab nodes
provider clab: executing flock -E 42 /tmp/netlab.lock sudo -E containerlab deploy --reconfigure -t clab.yml
11:12:03 INFO Containerlab started version=0.75.0
11:12:03 INFO Parsing & checking topology file=clab.yml
11:12:03 INFO Removing directory path=/work/netlab_cicd/clab-ml-17
11:12:03 INFO Creating docker network name=nl_mgmt_17 IPv4 subnet=192.168.17.0/24 IPv6 subnet="" MTU=0
11:12:03 INFO Creating lab directory path=/work/netlab_cicd/clab-ml-17
11:12:03 INFO Creating container name=dut
11:12:03 INFO Creating container name=h1
11:12:03 INFO Creating container name=l2sw
11:12:03 INFO Creating container name=h2
11:12:03 INFO Created link: dut:eth1 ▪┄┄▪ l2sw:eth1
11:12:03 INFO Created link: l2sw:eth2 ▪┄┄▪ h1:eth1
11:12:03 INFO Created link: l2sw:eth3 ▪┄┄▪ h2:eth1
11:12:04 INFO Executed command node=dut command="sleep 1" stdout=""
11:12:04 INFO Executed command node=l2sw command="sleep 1" stdout=""
11:12:04 INFO Adding host entries path=/etc/hosts
11:12:04 INFO Adding SSH config for nodes path=/etc/ssh/ssh_config.d/clab-ml-17.conf
11:12:05 INFO containerlab version
  🎉=
  │ A newer containerlab version (0.77.0) is available!
  │ Release notes: https://containerlab.dev/rn/0.77/
  │ Run 'clab version upgrade' or see https://containerlab.dev/install/ for other installation options.
[1m╭[0m[1m─────────────────[0m[1m┬[0m[1m──────────────────────────────[0m[1m┬[0m[1m─────────[0m[1m┬[0m[1m────────────────[0m[1m╮[0m
[1m│[0m[1m       Name      [0m[1m│[0m[1m          Kind/Image          [0m[1m│[0m[1m  State  [0m[1m│[0m[1m IPv4/6 Address [0m[1m│[0m
[1m├[0m[1m─────────────────[0m[1m┼[0m[1m──────────────────────────────[0m[1m┼[0m[1m─────────[0m[1m┼[0m[1m────────────────[0m[1m┤[0m
│ clab-ml-17-dut  │ linux                        │ running │ 192.168.17.101 │
│                 │ quay.io/frrouting/frr:10.6.1 │         │ N/A            │
├─────────────────┼──────────────────────────────┼─────────┼────────────────┤
│ clab-ml-17-h1   │ linux                        │ running │ 192.168.17.103 │
│                 │ python:3.13-alpine           │         │ N/A            │
├─────────────────┼──────────────────────────────┼─────────┼────────────────┤
│ clab-ml-17-h2   │ linux                        │ running │ 192.168.17.104 │
│                 │ python:3.13-alpine           │         │ N/A            │
├─────────────────┼──────────────────────────────┼─────────┼────────────────┤
│ clab-ml-17-l2sw │ linux                        │ running │ 192.168.17.102 │
│                 │ quay.io/frrouting/frr:10.6.1 │         │ N/A            │
╰─────────────────┴──────────────────────────────┴─────────┴────────────────╯

Initial configuration skipped, run 'netlab initial' to configure the devices
