Using transformed lab topology from snapshot file netlab.snapshot.pickle
Checking virtualization provider installation
OK: clab installed and working correctly
Starting clab nodes
provider clab: executing sudo -E containerlab deploy --reconfigure -t clab.yml
13:10:12 INFO Containerlab started version=0.74.2
13:10:12 INFO Parsing & checking topology file=clab.yml
13:10:12 INFO Removing directory path=/work/netlab_cicd/other_c/clab-ml-85
13:10:12 INFO Creating docker network name=nl_mgmt_85 IPv4 subnet=192.168.85.0/24 IPv6 subnet="" MTU=0
13:10:12 INFO Creating lab directory path=/work/netlab_cicd/other_c/clab-ml-85
13:10:12 INFO Creating container name=h3a
13:10:12 INFO Creating container name=s2
13:10:12 INFO Creating container name=dut
13:10:12 INFO Creating container name=h1
13:10:12 INFO Creating container name=h2
13:10:12 INFO Creating container name=h3
13:10:12 INFO Creating container name=h4
13:10:12 INFO Creating container name=h1a
13:10:13 INFO Created link: h1:eth1 ▪┄┄▪ dut:eth2
13:10:13 INFO Created link: h3:eth1 ▪┄┄▪ dut:eth4
13:10:13 INFO Created link: h1a:eth1 ▪┄┄▪ dut:eth3
13:10:14 INFO Created link: dut:eth1 ▪┄┄▪ s2:eth1
13:10:14 INFO Created link: h2:eth1 ▪┄┄▪ s2:eth2
13:10:14 INFO Created link: h3a:eth1 ▪┄┄▪ dut:eth5
13:10:14 INFO Created link: h4:eth1 ▪┄┄▪ s2:eth3
13:10:15 INFO Executed command node=dut command="sleep 1" stdout=""
13:10:15 INFO Executed command node=s2 command="sleep 1" stdout=""
13:10:15 INFO Adding host entries path=/etc/hosts
13:10:15 INFO Adding SSH config for nodes path=/etc/ssh/ssh_config.d/clab-ml-85.conf
13:10:15 INFO containerlab version
  🎉=
  │ A newer containerlab version (0.74.3) is available!
  │ Release notes: https://containerlab.dev/rn/0.74/#0743
  │ Run 'clab version upgrade' or see https://containerlab.dev/install/ for other installation options.
[1m╭[0m[1m────────────────[0m[1m┬[0m[1m──────────────────────────────[0m[1m┬[0m[1m─────────[0m[1m┬[0m[1m────────────────[0m[1m╮[0m
[1m│[0m[1m      Name      [0m[1m│[0m[1m          Kind/Image          [0m[1m│[0m[1m  State  [0m[1m│[0m[1m IPv4/6 Address [0m[1m│[0m
[1m├[0m[1m────────────────[0m[1m┼[0m[1m──────────────────────────────[0m[1m┼[0m[1m─────────[0m[1m┼[0m[1m────────────────[0m[1m┤[0m
│ clab-ml-85-dut │ linux                        │ running │ 192.168.85.107 │
│                │ quay.io/frrouting/frr:10.6.0 │         │ N/A            │
├────────────────┼──────────────────────────────┼─────────┼────────────────┤
│ clab-ml-85-h1  │ linux                        │ running │ 192.168.85.101 │
│                │ python:3.13-alpine           │         │ N/A            │
├────────────────┼──────────────────────────────┼─────────┼────────────────┤
│ clab-ml-85-h1a │ linux                        │ running │ 192.168.85.102 │
│                │ python:3.13-alpine           │         │ N/A            │
├────────────────┼──────────────────────────────┼─────────┼────────────────┤
│ clab-ml-85-h2  │ linux                        │ running │ 192.168.85.103 │
│                │ python:3.13-alpine           │         │ N/A            │
├────────────────┼──────────────────────────────┼─────────┼────────────────┤
│ clab-ml-85-h3  │ linux                        │ running │ 192.168.85.104 │
│                │ python:3.13-alpine           │         │ N/A            │
├────────────────┼──────────────────────────────┼─────────┼────────────────┤
│ clab-ml-85-h3a │ linux                        │ running │ 192.168.85.105 │
│                │ python:3.13-alpine           │         │ N/A            │
├────────────────┼──────────────────────────────┼─────────┼────────────────┤
│ clab-ml-85-h4  │ linux                        │ running │ 192.168.85.106 │
│                │ python:3.13-alpine           │         │ N/A            │
├────────────────┼──────────────────────────────┼─────────┼────────────────┤
│ clab-ml-85-s2  │ linux                        │ running │ 192.168.85.108 │
│                │ quay.io/frrouting/frr:10.6.0 │         │ N/A            │
╰────────────────┴──────────────────────────────┴─────────┴────────────────╯

Initial configuration skipped, run 'netlab initial' to configure the devices
