Creating Device configuration snippets
[CREATED] a: initial,ospf
[CREATED] c: initial,ospf
[CREATED] d: initial,ospf
[CREATED] e: initial,ospf
Config Deploying device configurations
 [INFO] Executing initial configuration for node c
 [INFO] Executing initial configuration for node d
 [INFO] Executing initial configuration for node e
 [INFO] Executing ospf configuration for node e
 [INFO] Executing ospf configuration for node d
 [INFO] Executing ospf configuration for node c
 [INFO] Executing initial configuration for node a (netmiko/script)
 [INFO] Executing ospf configuration for node a (netmiko/script)

Results of configuration script deployments
================================================================================
a                Script:  initial,ospf
c                Script:  initial,ospf
d                Script:  initial,ospf
e                Script:  initial,ospf


The test creates all possible types of links in a multi-provider environment with one of the nodes being an unmanaged nodes
