Creating Device configuration snippets
[CREATED] h1: initial,routing
[CREATED] h2: initial,routing
[CREATED] h3: initial,routing
[CREATED] h4: initial,routing
[CREATED] dut: initial,vlan,ospf,bgp,vxlan,evpn
[CREATED] s2: initial,vlan,ospf,bgp,vxlan,evpn
Checking Are lab devices ready to be configured?
 [INFO] Checking lab devices with an Ansible playbook
[WARNING]: Could not match supplied host pattern, ignoring: netlab_ready_ssh
[WARNING]: Found variable using reserved name: hosts

PLAY [Wait for SSH servers] ****************************************************
skipping: no hosts matched

PLAY [Wait for device-specific conditions] *************************************

TASK [Set variables that cannot be set with VARS] ******************************
ok: [dut]

TASK [Find device readiness script] ********************************************
ok: [dut]

TASK [Wait for device to become ready] *****************************************
included: /home/pipi/netlab_gh/netsim/ansible/tasks/readiness-check/cumulus_nvue.yml for dut

TASK [Wait for nvued to start] *************************************************
ok: [dut]

PLAY RECAP *********************************************************************
dut                        : ok=4    changed=0    unreachable=0    failed=0    skipped=0    rescued=0    ignored=0   

Config Deploying device configurations
 [INFO] Executing initial configuration for node h1 (namespace clab-
          ml-17-h1)
 [INFO] Executing initial configuration for node h2 (namespace clab-
          ml-17-h2)
 [INFO] Executing initial configuration for node h3 (namespace clab-
          ml-17-h3)
 [INFO] Executing initial configuration for node h4 (namespace clab-
          ml-17-h4)
 [INFO] Executing initial configuration for node s2
 [INFO] Executing routing configuration for node h1 (namespace clab-
          ml-17-h1)
 [INFO] Executing routing configuration for node h2 (namespace clab-
          ml-17-h2)
 [INFO] Executing routing configuration for node h3 (namespace clab-
          ml-17-h3)
 [INFO] Executing routing configuration for node h4 (namespace clab-
          ml-17-h4)
 [INFO] Executing vlan configuration for node s2
 [INFO] Executing ospf configuration for node s2
 [INFO] Executing bgp configuration for node s2
 [INFO] Executing vxlan configuration for node s2
 [INFO] Executing evpn configuration for node s2
 [INFO] Starting Ansible playbook to deploy the rest of the
          configurations
[WARNING]: Found variable using reserved name: hosts

PLAY [Deploy initial device configuration] *************************************

TASK [Set variables that cannot be set with VARS] ******************************
ok: [dut]

TASK [Normalize config on bridge-like devices] *********************************
included: /home/pipi/netlab_gh/netsim/ansible/tasks/deploy-module.yml for dut

TASK [Figure out whether to deploy the module normalize on current device] *****
ok: [dut]

TASK [Find configuration template for normalize] *******************************
ok: [dut]

TASK [fail] ********************************************************************
skipping: [dut]

TASK [Find configuration deployment deploy_script for normalize] ***************
ok: [dut]

TASK [Print deployed configuration when running in verbose mode] ***************
skipping: [dut]

TASK [Deploy normalize configuration] ******************************************
skipping: [dut]

TASK [Deploy initial configuration] ********************************************
included: /home/pipi/netlab_gh/netsim/ansible/tasks/deploy-module.yml for dut

TASK [Figure out whether to deploy the module initial on current device] *******
ok: [dut]

TASK [Find configuration template for initial] *********************************
ok: [dut]

TASK [fail] ********************************************************************
skipping: [dut]

TASK [Find configuration deployment deploy_script for initial] *****************
ok: [dut]

TASK [Print deployed configuration when running in verbose mode] ***************
ok: [dut] => {
    "msg": "initial configuration for dut\n=========================================\n\n- set:\n    system:\n      hostname: dut\n      global:\n        system-mac: ca:fe:00:05:00:00\n      config:\n        snippet:\n          system-mtu:\n            file: /etc/network/ifupdown2/policy.d/mtu.json\n            content: |\n              { \"address\": { \"defaults\": { \"mtu\": \"1500\" } } }\n\n    interface:\n      eth0:\n        ip:\n          vrf: mgmt\n          address:\n            dhcp: {}\n        type: eth\n      swp1:\n        type: swp\n        link:\n          mtu: 1600\n          state:\n            up : {}\n        description: \"dut -> s2\"\n        ip:\n          address:\n            10.1.0.1/30: {}\n          ipv6:\n            enable: off\n\n      swp2:\n        type: swp\n        link:\n          state:\n            up : {}\n        description: \"[Access VLAN red] dut -> h1\"\n        ip:\n          ipv6:\n            enable: off\n\n      swp3:\n        type: swp\n        link:\n          state:\n            up : {}\n        description: \"[Access VLAN blue] dut -> h3\"\n        ip:\n          ipv6:\n            enable: off\n\n      vlan1000:\n        type: svi\n        link:\n          state:\n            up : {}\n        description: \"VLAN red (1000) -> [h1,h2,s2]\"\n        ip:\n          ipv6:\n            enable: off\n\n      vlan1001:\n        type: svi\n        link:\n          state:\n            up : {}\n        description: \"VLAN blue (1001) -> [h3,h4,s2]\"\n        ip:\n          ipv6:\n            enable: off\n\n\n- set:\n    interface:\n      lo:\n        type: loopback\n        ip:\n          address:\n            10.0.0.5/32: {}\n          ipv6:\n            enable: off\n"
}

TASK [Deploy initial configuration] ********************************************
included: /home/pipi/netlab_gh/netsim/ansible/tasks/deploy-config/cumulus_nvue.yml for dut

TASK [set_fact] ****************************************************************
ok: [dut]

TASK [copy the cumulus nvue YAML initial config file to switch (generated from /work/netlab_cicd/node_files/dut/initial)] ***
changed: [dut]

TASK [execute on cumulus: 'nv config patch' for initial config] ****************
changed: [dut]

TASK [execute on cumulus: 'nv config apply -y' for initial config] *************
changed: [dut]

PLAY [Deploy module-specific configurations] ***********************************

TASK [Set variables that cannot be set with VARS] ******************************
ok: [dut]

TASK [Deploy individual configuration modules] *********************************
included: /home/pipi/netlab_gh/netsim/ansible/tasks/deploy-module.yml for dut => (item=vlan)
included: /home/pipi/netlab_gh/netsim/ansible/tasks/deploy-module.yml for dut => (item=routing)
included: /home/pipi/netlab_gh/netsim/ansible/tasks/deploy-module.yml for dut => (item=ospf)
included: /home/pipi/netlab_gh/netsim/ansible/tasks/deploy-module.yml for dut => (item=bgp)
included: /home/pipi/netlab_gh/netsim/ansible/tasks/deploy-module.yml for dut => (item=vxlan)
included: /home/pipi/netlab_gh/netsim/ansible/tasks/deploy-module.yml for dut => (item=evpn)

TASK [Figure out whether to deploy the module vlan on current device] **********
ok: [dut]

TASK [Find configuration template for vlan] ************************************
ok: [dut]

TASK [fail] ********************************************************************
skipping: [dut]

TASK [Find configuration deployment deploy_script for vlan] ********************
ok: [dut]

TASK [Print deployed configuration when running in verbose mode] ***************
ok: [dut] => {
    "msg": "vlan configuration for dut\n=========================================\n- set:\n    bridge:\n      domain:\n        br_default:\n          type: vlan-aware\n          vlan:\n            '1000': {}\n            '1001': {}\n\n\n- set:\n    interface:\n     swp2:\n       bridge:\n         domain:\n           br_default:\n             access: 1000\n- set:\n    interface:\n     swp3:\n       bridge:\n         domain:\n           br_default:\n             access: 1001\n"
}

TASK [Deploy vlan configuration] ***********************************************
included: /home/pipi/netlab_gh/netsim/ansible/tasks/deploy-config/cumulus_nvue.yml for dut

TASK [set_fact] ****************************************************************
ok: [dut]

TASK [copy the cumulus nvue YAML vlan config file to switch (generated from /work/netlab_cicd/node_files/dut/vlan)] ***
changed: [dut]

TASK [execute on cumulus: 'nv config patch' for vlan config] *******************
changed: [dut]

TASK [execute on cumulus: 'nv config apply -y' for vlan config] ****************
changed: [dut]

TASK [Figure out whether to deploy the module routing on current device] *******
ok: [dut]

TASK [Find configuration template for routing] *********************************
skipping: [dut]

TASK [fail] ********************************************************************
skipping: [dut]

TASK [Find configuration deployment deploy_script for routing] *****************
skipping: [dut]

TASK [Print deployed configuration when running in verbose mode] ***************
skipping: [dut]

TASK [Deploy routing configuration] ********************************************
skipping: [dut]

TASK [Figure out whether to deploy the module ospf on current device] **********
ok: [dut]

TASK [Find configuration template for ospf] ************************************
ok: [dut]

TASK [fail] ********************************************************************
skipping: [dut]

TASK [Find configuration deployment deploy_script for ospf] ********************
ok: [dut]

TASK [Print deployed configuration when running in verbose mode] ***************
ok: [dut] => {
    "msg": "ospf configuration for dut\n=========================================\n- set:\n    router:\n      ospf:\n        enable: on\n\n\n- set:\n    vrf:\n      default:\n        router:\n          ospf:\n            enable: on\n            area: \n              0.0.0.0: {}\n            router-id: 10.0.0.5\n\n    interface:\n      lo:\n        router:\n          ospf:\n            area: 0.0.0.0\n            network-type: broadcast\n      swp1:\n        router:\n          ospf:\n            area: 0.0.0.0\n            network-type: point-to-point\n\n \n\n"
}

TASK [Deploy ospf configuration] ***********************************************
included: /home/pipi/netlab_gh/netsim/ansible/tasks/deploy-config/cumulus_nvue.yml for dut

TASK [set_fact] ****************************************************************
ok: [dut]

TASK [copy the cumulus nvue YAML ospf config file to switch (generated from /work/netlab_cicd/node_files/dut/ospf)] ***
changed: [dut]

TASK [execute on cumulus: 'nv config patch' for ospf config] *******************
changed: [dut]

TASK [execute on cumulus: 'nv config apply -y' for ospf config] ****************
changed: [dut]

TASK [Figure out whether to deploy the module bgp on current device] ***********
ok: [dut]

TASK [Find configuration template for bgp] *************************************
ok: [dut]

TASK [fail] ********************************************************************
skipping: [dut]

TASK [Find configuration deployment deploy_script for bgp] *********************
ok: [dut]

TASK [Print deployed configuration when running in verbose mode] ***************
ok: [dut] => {
    "msg": "bgp configuration for dut\n=========================================\n- set:\n    router:\n      bgp:\n        enable: on\n        autonomous-system: 65000\n        router-id: 10.0.0.5\n- set:\n    vrf:\n      default:\n        router:\n          bgp:\n            enable: on\n            autonomous-system: 65000\n            router-id: 10.0.0.5\n            address-family:\n              ipv4-unicast:\n                enable: on\n                network:\n                  10.0.0.5/32: {}\n            neighbor:\n              10.0.0.6:\n                description: \"s2\"\n                update-source: lo\n                remote-as: internal\n                address-family:\n                  ipv4-unicast:\n                    enable: on\n                    nexthop-setting: self\n                    community-advertise:\n                      regular: on\n                      extended: on\n                      large: off\n\n"
}

TASK [Deploy bgp configuration] ************************************************
included: /home/pipi/netlab_gh/netsim/ansible/tasks/deploy-config/cumulus_nvue.yml for dut

TASK [set_fact] ****************************************************************
ok: [dut]

TASK [copy the cumulus nvue YAML bgp config file to switch (generated from /work/netlab_cicd/node_files/dut/bgp)] ***
changed: [dut]

TASK [execute on cumulus: 'nv config patch' for bgp config] ********************
changed: [dut]

TASK [execute on cumulus: 'nv config apply -y' for bgp config] *****************
changed: [dut]

TASK [Figure out whether to deploy the module vxlan on current device] *********
ok: [dut]

TASK [Find configuration template for vxlan] ***********************************
ok: [dut]

TASK [fail] ********************************************************************
skipping: [dut]

TASK [Find configuration deployment deploy_script for vxlan] *******************
ok: [dut]

TASK [Print deployed configuration when running in verbose mode] ***************
ok: [dut] => {
    "msg": "vxlan configuration for dut\n=========================================\n- set:\n    nve:\n      vxlan:\n        enable: on\n        mac-learning: off\n        source:\n          address: 10.0.0.5\n\n- set:\n    bridge:\n      domain:\n        br_default:\n          vlan:\n            '1000':\n              vni:\n                '6000': {}\n            '1001':\n              vni:\n                '6001': {}\n"
}

TASK [Deploy vxlan configuration] **********************************************
included: /home/pipi/netlab_gh/netsim/ansible/tasks/deploy-config/cumulus_nvue.yml for dut

TASK [set_fact] ****************************************************************
ok: [dut]

TASK [copy the cumulus nvue YAML vxlan config file to switch (generated from /work/netlab_cicd/node_files/dut/vxlan)] ***
changed: [dut]

TASK [execute on cumulus: 'nv config patch' for vxlan config] ******************
changed: [dut]

TASK [execute on cumulus: 'nv config apply -y' for vxlan config] ***************
changed: [dut]

TASK [Figure out whether to deploy the module evpn on current device] **********
ok: [dut]

TASK [Find configuration template for evpn] ************************************
ok: [dut]

TASK [fail] ********************************************************************
skipping: [dut]

TASK [Find configuration deployment deploy_script for evpn] ********************
ok: [dut]

TASK [Print deployed configuration when running in verbose mode] ***************
ok: [dut] => {
    "msg": "evpn configuration for dut\n=========================================\n---\n- set:\n    vrf:\n      default:\n        router:\n          bgp:\n            address-family:\n              l2vpn-evpn:\n                enable: on\n              ipv4-unicast:\n                route-export:\n                  to-evpn:\n                    enable: on\n            neighbor:\n              10.0.0.6:\n                address-family:\n                  l2vpn-evpn:\n                    enable: on\n                    soft-reconfiguration: on\n\n- set:\n    system:\n      config:\n        snippet:\n          frr.conf: |\n            router bgp 65000\n              address-family l2vpn evpn\n                advertise ipv4 unicast\n\n- set:\n    evpn:\n      enable: on\n      # dad                    Duplicate Address Detection (DAD) configuration parameters\n      # mac-vrf-soo            EVPN MAC VRF Site-of-Origin VPN extended community in ASN:NN or IP-ADDRESS:NN format.\n      # multihoming            Multihoming global configuration parameters\n      # route-advertise        Route advertising\n      route-advertise:\n        nexthop-setting: system-ip-mac\n        svi-ip: on\n      # vni                    VNI\n\n      vni:\n        '6000':\n          rd: 10.0.0.5:1000 # not 'auto'\n          route-target:\n            export:\n              '65000:1000': {}\n            import:\n              '65000:1000': {}\n        '6001':\n          rd: 10.0.0.5:1001 # not 'auto'\n          route-target:\n            export:\n              '65000:1001': {}\n            import:\n              '65000:1001': {}\n\n- set:\n    nve:\n      vxlan:\n        mac-learning: off\n        flooding:\n          enable: on\n          head-end-replication: \n            evpn: {}\n\n"
}

TASK [Deploy evpn configuration] ***********************************************
included: /home/pipi/netlab_gh/netsim/ansible/tasks/deploy-config/cumulus_nvue.yml for dut

TASK [set_fact] ****************************************************************
ok: [dut]

TASK [copy the cumulus nvue YAML evpn config file to switch (generated from /work/netlab_cicd/node_files/dut/evpn)] ***
changed: [dut]

TASK [execute on cumulus: 'nv config patch' for evpn config] *******************
changed: [dut]

TASK [execute on cumulus: 'nv config apply -y' for evpn config] ****************
changed: [dut]

PLAY [Deploy custom deployment templates] **************************************
skipping: no hosts matched

PLAY RECAP *********************************************************************
dut                        : ok=68   changed=18   unreachable=0    failed=0    skipped=14   rescued=0    ignored=0   

Results of configuration script deployments
================================================================================
h1               Script:  initial,routing
h2               Script:  initial,routing
h3               Script:  initial,routing
h4               Script:  initial,routing
s2               Script:  initial,vlan,ospf,bgp,vxlan,evpn


The device under test is an EVPN PE-device bridging two VLANs over VXLAN. The
other EVPN PE-device is an FRR container.

Both VLANs are using the same IP prefix to identify potential inter-VLAN
leaking.

* h1 and h2 should be able to ping each other
* h3 and h4 should be able to ping each other
* h1 should not be able to reach h3 or h4

Please note it might take a while for the lab to work due to STP learning
phase

