Using transformed lab topology from snapshot file netlab.snapshot.pickle
Checking virtualization provider installation
OK: clab installed and working correctly
Starting clab nodes
 [INFO] Setting containerlab runtime to docker
Loading Linux kernel modules mpls-router,mpls-iptunnel required by containers using sr module
provider clab: executing flock -E 42 /tmp/netlab.lock containerlab deploy --reconfigure -t clab.yml
16:01:07 INFO Containerlab started version=0.75.0
16:01:07 INFO Parsing & checking topology file=clab.yml
16:01:07 INFO Removing directory path=/work/netlab_cicd/clab-ml-17
16:01:07 INFO Creating docker network name=nl_mgmt_17 IPv4 subnet=192.168.17.0/24 IPv6 subnet=fd00:df:1ab:17::/64 MTU=0
16:01:07 INFO Creating lab directory path=/work/netlab_cicd/clab-ml-17
16:01:07 INFO Creating container name=pe1
16:01:07 INFO Creating container name=h1
16:01:07 INFO Creating container name=h2
16:01:07 INFO Creating container name=p2
16:01:07 INFO Creating container name=pe2
16:01:07 WARN node "dut": kind is nokia_srsim but the provided image does not have the correct labels; please use a valid SR-SIM container image or run a more recent version of the SR-SIM container image to suppress this warning
16:01:07 WARN Failed to write chassis_info.json to lab dir node=dut path=/work/netlab_cicd/clab-ml-17/dut error="/opt/nokia/chassis_info.json not found in image graph driver (UpperDir/MergedDir)"
16:01:07 INFO Retrieved SR OS version from image node=dut version=25.7.R1
16:01:07 INFO Creating container name=dut
16:01:08 INFO Created link: pe2:eth1 ▪┄┄▪ p2:eth2
16:01:08 INFO Created link: h1:eth1 ▪┄┄▪ pe1:eth1
16:01:08 INFO Created link: h2:eth1 ▪┄┄▪ pe2:eth2
16:01:08 INFO Created link: pe1:eth2 ▪┄┄▪ dut:e1-1-c1-1 (1/1/c1/1)
16:01:08 INFO Created link: dut:e1-1-c2-1 (1/1/c2/1) ▪┄┄▪ p2:eth1
16:01:08 INFO Running postdeploy actions kind=nokia_srsim node=dut
16:01:14 INFO Saving node "clab-ml-17-dut" config as startup...
16:01:15 INFO Saved running configuration node=dut addr=fd00:df:1ab:17::7 config-mode=model-driven
16:01:15 INFO Executed command node=p2 command="sleep 1" stdout=""
16:01:15 INFO Executed command node=pe2 command="sleep 1" stdout=""
16:01:15 INFO Executed command node=pe1 command="sleep 1" stdout=""
16:01:15 INFO Adding host entries path=/etc/hosts
16:01:15 INFO Adding SSH config for nodes path=/etc/ssh/ssh_config.d/clab-ml-17.conf
16:01:15 INFO containerlab version
  🎉=
  │ A newer containerlab version (0.78.0) is available!
  │ Release notes: https://containerlab.dev/rn/0.78/
  │ Run 'clab version upgrade' or see https://containerlab.dev/install/ for other installation options.
[1m╭[0m[1m────────────────[0m[1m┬[0m[1m──────────────────────────────[0m[1m┬[0m[1m─────────[0m[1m┬[0m[1m───────────────────[0m[1m╮[0m
[1m│[0m[1m      Name      [0m[1m│[0m[1m          Kind/Image          [0m[1m│[0m[1m  State  [0m[1m│[0m[1m   IPv4/6 Address  [0m[1m│[0m
[1m├[0m[1m────────────────[0m[1m┼[0m[1m──────────────────────────────[0m[1m┼[0m[1m─────────[0m[1m┼[0m[1m───────────────────[0m[1m┤[0m
│ clab-ml-17-dut │ nokia_srsim                  │ running │ 192.168.17.105    │
│                │ nokia_srsim:25.7.R1          │         │ fd00:df:1ab:17::7 │
├────────────────┼──────────────────────────────┼─────────┼───────────────────┤
│ clab-ml-17-h1  │ linux                        │ running │ 192.168.17.101    │
│                │ python:3.13-alpine           │         │ fd00:df:1ab:17::4 │
├────────────────┼──────────────────────────────┼─────────┼───────────────────┤
│ clab-ml-17-h2  │ linux                        │ running │ 192.168.17.102    │
│                │ python:3.13-alpine           │         │ fd00:df:1ab:17::3 │
├────────────────┼──────────────────────────────┼─────────┼───────────────────┤
│ clab-ml-17-p2  │ linux                        │ running │ 192.168.17.106    │
│                │ quay.io/frrouting/frr:10.6.1 │         │ fd00:df:1ab:17::2 │
├────────────────┼──────────────────────────────┼─────────┼───────────────────┤
│ clab-ml-17-pe1 │ linux                        │ running │ 192.168.17.103    │
│                │ quay.io/frrouting/frr:10.6.1 │         │ fd00:df:1ab:17::6 │
├────────────────┼──────────────────────────────┼─────────┼───────────────────┤
│ clab-ml-17-pe2 │ linux                        │ running │ 192.168.17.104    │
│                │ quay.io/frrouting/frr:10.6.1 │         │ fd00:df:1ab:17::5 │
╰────────────────┴──────────────────────────────┴─────────┴───────────────────╯

Initial configuration skipped, run 'netlab initial' to configure the devices
