Using transformed lab topology from snapshot file netlab.snapshot.pickle
Checking virtualization provider installation
OK: clab installed and working correctly
Starting clab nodes
 [INFO] Setting containerlab runtime to docker
provider clab: executing flock -E 42 /tmp/netlab.lock containerlab deploy --reconfigure -t clab.yml
13:49:52 INFO Containerlab started version=0.75.0
13:49:52 INFO Parsing & checking topology file=clab.yml
13:49:52 INFO Removing directory path=/work/netlab_cicd/junos/clab-ml-31
13:49:52 INFO Creating docker network name=nl_mgmt_31 IPv4 subnet=192.168.31.0/24 IPv6 subnet=fd00:df:1ab:31::/64 MTU=0
13:49:52 WARN Node name will not resolve via DNS name=clab-ml-31-dut_dns reason="name contains invalid characters such as '.' and/or '_'"
13:49:52 WARN Node name will not resolve via DNS name=clab-ml-31-dut_hosts reason="name contains invalid characters such as '.' and/or '_'"
13:49:52 INFO Creating lab directory path=/work/netlab_cicd/junos/clab-ml-31
13:49:52 INFO Creating container name=dut_dns
13:49:52 INFO Creating container name=dnssrv
13:49:52 INFO Creating container name=dut_hosts
13:49:52 INFO Creating container name=t1
13:49:53 INFO Created link: dut_dns:eth1 ▪┄┄▪ ml-31_1:bni31n1i0
13:49:53 INFO Created link: dut_hosts:eth1 ▪┄┄▪ ml-31_1:bni31n2i0
13:49:53 INFO Created link: dnssrv:eth1 ▪┄┄▪ ml-31_1:bni31n3i1
13:49:53 INFO Created link: t1:eth1 ▪┄┄▪ ml-31_1:bni31n4i1
13:49:53 INFO Adding host entries path=/etc/hosts
13:49:53 INFO Adding SSH config for nodes path=/etc/ssh/ssh_config.d/clab-ml-31.conf
13:49:53 INFO containerlab version
  🎉=
  │ A newer containerlab version (0.78.2) is available!
  │ Release notes: https://containerlab.dev/rn/0.78/#0782
  │ Run 'clab version upgrade' or see https://containerlab.dev/install/ for other installation options.
[1m╭[0m[1m──────────────────────[0m[1m┬[0m[1m─────────────────────────────────────────[0m[1m┬[0m[1m────────────────────[0m[1m┬[0m[1m───────────────────[0m[1m╮[0m
[1m│[0m[1m         Name         [0m[1m│[0m[1m                Kind/Image               [0m[1m│[0m[1m        State       [0m[1m│[0m[1m   IPv4/6 Address  [0m[1m│[0m
[1m├[0m[1m──────────────────────[0m[1m┼[0m[1m─────────────────────────────────────────[0m[1m┼[0m[1m────────────────────[0m[1m┼[0m[1m───────────────────[0m[1m┤[0m
│ clab-ml-31-dnssrv    │ linux                                   │ running            │ 192.168.31.103    │
│                      │ netlab/dnsmasq:latest                   │                    │ fd00:df:1ab:31::4 │
├──────────────────────┼─────────────────────────────────────────┼────────────────────┼───────────────────┤
│ clab-ml-31-dut_dns   │ juniper_vjunosrouter                    │ running            │ 192.168.31.101    │
│                      │ vrnetlab/juniper_vjunos-router:26.2R1.7 │ (health: starting) │ fd00:df:1ab:31::2 │
├──────────────────────┼─────────────────────────────────────────┼────────────────────┼───────────────────┤
│ clab-ml-31-dut_hosts │ juniper_vjunosrouter                    │ running            │ 192.168.31.102    │
│                      │ vrnetlab/juniper_vjunos-router:26.2R1.7 │ (health: starting) │ fd00:df:1ab:31::5 │
├──────────────────────┼─────────────────────────────────────────┼────────────────────┼───────────────────┤
│ clab-ml-31-t1        │ linux                                   │ running            │ 192.168.31.104    │
│                      │ python:3.13-alpine                      │                    │ fd00:df:1ab:31::3 │
╰──────────────────────┴─────────────────────────────────────────┴────────────────────┴───────────────────╯

Initial configuration skipped, run 'netlab initial' to configure the devices
