Using transformed lab topology from snapshot file netlab.snapshot.pickle
Checking virtualization provider installation
OK: clab installed and working correctly
Starting clab nodes
 [INFO] Setting containerlab runtime to docker
provider clab: executing flock -E 42 /tmp/netlab.lock containerlab deploy --reconfigure -t clab.yml
16:17:26 INFO Containerlab started version=0.75.0
16:17:26 INFO Parsing & checking topology file=clab.yml
16:17:26 INFO Removing directory path=/work/netlab_cicd/junos/clab-ml-31
16:17:26 INFO Creating docker network name=nl_mgmt_31 IPv4 subnet=192.168.31.0/24 IPv6 subnet=fd00:df:1ab:31::/64 MTU=0
16:17:26 INFO Creating lab directory path=/work/netlab_cicd/junos/clab-ml-31
16:17:26 INFO Creating container name=nms
16:17:26 INFO Creating container name=x1
16:17:26 INFO Creating container name=dut
16:17:26 INFO Created link: dut:eth1 ▪┄┄▪ ml-31_1:bni31n1i0
16:17:26 INFO Created link: nms:eth1 ▪┄┄▪ ml-31_1:bni31n2i1
16:17:26 INFO Created link: x1:eth1 ▪┄┄▪ ml-31_1:bni31n3i1
16:17:27 INFO Executed command node=x1 command="sleep 1" stdout=""
16:17:27 INFO Adding host entries path=/etc/hosts
16:17:27 INFO Adding SSH config for nodes path=/etc/ssh/ssh_config.d/clab-ml-31.conf
16:17:27 INFO containerlab version
  🎉=
  │ A newer containerlab version (0.79.0) is available!
  │ Release notes: https://containerlab.dev/rn/0.79/
  │ Run 'clab version upgrade' or see https://containerlab.dev/install/ for other installation options.
[1m╭[0m[1m────────────────[0m[1m┬[0m[1m─────────────────────────────────────────[0m[1m┬[0m[1m────────────────────[0m[1m┬[0m[1m───────────────────[0m[1m╮[0m
[1m│[0m[1m      Name      [0m[1m│[0m[1m                Kind/Image               [0m[1m│[0m[1m        State       [0m[1m│[0m[1m   IPv4/6 Address  [0m[1m│[0m
[1m├[0m[1m────────────────[0m[1m┼[0m[1m─────────────────────────────────────────[0m[1m┼[0m[1m────────────────────[0m[1m┼[0m[1m───────────────────[0m[1m┤[0m
│ clab-ml-31-dut │ juniper_vjunosrouter                    │ running            │ 192.168.31.101    │
│                │ vrnetlab/juniper_vjunos-router:26.2R1.7 │ (health: starting) │ fd00:df:1ab:31::4 │
├────────────────┼─────────────────────────────────────────┼────────────────────┼───────────────────┤
│ clab-ml-31-nms │ linux                                   │ running            │ 192.168.31.102    │
│                │ netlab/dnsmasq:latest                   │                    │ fd00:df:1ab:31::2 │
├────────────────┼─────────────────────────────────────────┼────────────────────┼───────────────────┤
│ clab-ml-31-x1  │ linux                                   │ running            │ 192.168.31.103    │
│                │ quay.io/frrouting/frr:10.6.1            │                    │ fd00:df:1ab:31::3 │
╰────────────────┴─────────────────────────────────────────┴────────────────────┴───────────────────╯

Initial configuration skipped, run 'netlab initial' to configure the devices
