Checking virtualization provider installation
OK: clab installed and working correctly
Stopping clab nodes
 [INFO] Setting containerlab runtime to docker
provider clab: executing flock -E 42 /tmp/netlab.lock containerlab destroy --cleanup -t clab.yml
16:20:48 INFO Parsing & checking topology file=clab.yml
16:20:48 INFO Parsing & checking topology file=clab.yml
16:20:48 INFO Destroying lab name=ml-31
16:20:49 INFO Removed container name=clab-ml-31-x1
16:20:49 INFO Removed container name=clab-ml-31-nms
16:20:49 INFO Removed container name=clab-ml-31-dut
16:20:49 INFO Removing host entries path=/etc/hosts
16:20:49 INFO Removing SSH config path=/etc/ssh/ssh_config.d/clab-ml-31.conf
Cleanup configuration files
... removing clab.yml
... removing ansible.cfg
... removing hosts.yml
... removing directory tree group_vars
... removing directory tree host_vars
... removing directory tree node_files
... removing netlab.snapshot.pickle
