Using transformed lab topology from snapshot file netlab.snapshot.pickle
Checking virtualization provider installation
OK: clab installed and working correctly
Starting clab nodes
provider clab: executing sudo -E containerlab deploy --reconfigure -t clab.yml
04:27:54 INFO Containerlab started version=0.74.2
04:27:54 INFO Parsing & checking topology file=clab.yml
04:27:54 INFO Removing directory path=/work/netlab_cicd/other_vm/clab-ml-85
04:27:54 INFO Creating docker network name=nl_mgmt_85 IPv4 subnet=192.168.85.0/24 IPv6 subnet="" MTU=0
04:27:54 INFO Creating lab directory path=/work/netlab_cicd/other_vm/clab-ml-85
04:27:54 INFO Creating container name=h2
04:27:54 INFO Creating container name=h6
04:27:54 INFO Creating container name=h3
04:27:54 INFO Creating container name=h4
04:27:54 INFO Creating container name=s1
04:27:54 INFO Creating container name=h1
04:27:54 INFO Creating container name=h5
04:27:54 INFO Creating container name=s2
04:27:55 INFO Created link: h2:eth1 ▪┄┄▪ s2:et2
04:27:55 INFO Created link: h4:eth1 ▪┄┄▪ s2:et3
04:27:56 INFO Created link: s1:eth1 ▪┄┄▪ s2:et1
04:27:56 INFO Running postdeploy actions for Arista cEOS 's2' node
04:27:56 INFO Created link: h6:eth1 ▪┄┄▪ s2:et4
04:27:56 INFO Created link: h1:eth1 ▪┄┄▪ s1:eth2
04:27:56 INFO Created link: h3:eth1 ▪┄┄▪ s1:eth3
04:27:56 INFO Created link: h5:eth1 ▪┄┄▪ s1:eth4
04:28:14 INFO Adding host entries path=/etc/hosts
04:28:14 INFO Adding SSH config for nodes path=/etc/ssh/ssh_config.d/clab-ml-85.conf
04:28:15 INFO containerlab version
  🎉=
  │ A newer containerlab version (0.74.3) is available!
  │ Release notes: https://containerlab.dev/rn/0.74/#0743
  │ Run 'clab version upgrade' or see https://containerlab.dev/install/ for other installation options.
[1m╭[0m[1m───────────────[0m[1m┬[0m[1m─────────────────────────────────[0m[1m┬[0m[1m────────────────────[0m[1m┬[0m[1m────────────────[0m[1m╮[0m
[1m│[0m[1m      Name     [0m[1m│[0m[1m            Kind/Image           [0m[1m│[0m[1m        State       [0m[1m│[0m[1m IPv4/6 Address [0m[1m│[0m
[1m├[0m[1m───────────────[0m[1m┼[0m[1m─────────────────────────────────[0m[1m┼[0m[1m────────────────────[0m[1m┼[0m[1m────────────────[0m[1m┤[0m
│ clab-ml-85-h1 │ linux                           │ running            │ 192.168.85.101 │
│               │ python:3.13-alpine              │                    │ N/A            │
├───────────────┼─────────────────────────────────┼────────────────────┼────────────────┤
│ clab-ml-85-h2 │ linux                           │ running            │ 192.168.85.102 │
│               │ python:3.13-alpine              │                    │ N/A            │
├───────────────┼─────────────────────────────────┼────────────────────┼────────────────┤
│ clab-ml-85-h3 │ linux                           │ running            │ 192.168.85.103 │
│               │ python:3.13-alpine              │                    │ N/A            │
├───────────────┼─────────────────────────────────┼────────────────────┼────────────────┤
│ clab-ml-85-h4 │ linux                           │ running            │ 192.168.85.104 │
│               │ python:3.13-alpine              │                    │ N/A            │
├───────────────┼─────────────────────────────────┼────────────────────┼────────────────┤
│ clab-ml-85-h5 │ linux                           │ running            │ 192.168.85.105 │
│               │ python:3.13-alpine              │                    │ N/A            │
├───────────────┼─────────────────────────────────┼────────────────────┼────────────────┤
│ clab-ml-85-h6 │ linux                           │ running            │ 192.168.85.106 │
│               │ python:3.13-alpine              │                    │ N/A            │
├───────────────┼─────────────────────────────────┼────────────────────┼────────────────┤
│ clab-ml-85-s1 │ cisco_c8000v                    │ running            │ 192.168.85.107 │
│               │ vrnetlab/cisco_c8000v:17.16.01a │ (health: starting) │ N/A            │
├───────────────┼─────────────────────────────────┼────────────────────┼────────────────┤
│ clab-ml-85-s2 │ ceos                            │ running            │ 192.168.85.108 │
│               │ ceos:4.35.2F                    │                    │ N/A            │
╰───────────────┴─────────────────────────────────┴────────────────────┴────────────────╯

Initial configuration skipped, run 'netlab initial' to configure the devices
