Using transformed lab topology from snapshot file netlab.snapshot.pickle
Checking virtualization provider installation
OK: libvirt installed and working correctly
OK: clab installed and working correctly
Starting libvirt nodes
creating libvirt management network nl_mgmt_85
provider libvirt: executing vagrant up --provider libvirt
Bringing machine 'dut' up with 'libvirt' provider...
Bringing machine 'pe2' up with 'libvirt' provider...
==> pe2: Checking if box 'arista/veos' version '4.34.2F' is up to date...
[fog][WARNING] Unrecognized arguments: libvirt_ip_command
==> pe2: Creating image (snapshot of base box volume).
==> pe2: Creating domain with the following settings...
==> pe2:  -- Name:              ml-85_pe2
==> dut: Checking if box 'cisco/cat8000v' version '17.16.01a' is up to date...
==> pe2:  -- Description:       Source: /work/netlab_cicd/other_vm/Vagrantfile
==> pe2:  -- Domain type:       kvm
==> pe2:  -- Cpus:              2
[fog][WARNING] Unrecognized arguments: libvirt_ip_command
==> pe2:  -- Feature:           acpi
==> dut: Creating image (snapshot of base box volume).
==> pe2:  -- Feature:           apic
==> dut: Creating domain with the following settings...
==> dut:  -- Name:              ml-85_dut
==> pe2:  -- Feature:           pae
==> dut:  -- Description:       Source: /work/netlab_cicd/other_vm/Vagrantfile
==> pe2:  -- Clock offset:      utc
==> dut:  -- Domain type:       kvm
==> pe2:  -- Memory:            2048M
==> dut:  -- Cpus:              2
==> pe2:  -- Management MAC:    ca:fe:00:06:00:00
==> dut:  -- Feature:           acpi
==> pe2:  -- Base box:          arista/veos
==> dut:  -- Feature:           apic
==> pe2:  -- Storage pool:      default
==> dut:  -- Feature:           pae
==> pe2:  -- Image(vda):        /var/lib/libvirt/images/ml-85_pe2.img, ide, 5G
==> dut:  -- Clock offset:      utc
==> pe2:  -- Disk driver opts:  cache='default'
==> dut:  -- Memory:            4096M
==> pe2:  -- Graphics Type:     vnc
==> dut:  -- Management MAC:    ca:fe:00:05:00:00
==> pe2:  -- Video Type:        cirrus
==> dut:  -- Base box:          cisco/cat8000v
==> pe2:  -- Video VRAM:        16384
==> dut:  -- Storage pool:      default
==> pe2:  -- Video 3D accel:    false
==> dut:  -- Image(vda):        /var/lib/libvirt/images/ml-85_dut.img, virtio, 8G
==> pe2:  -- Keymap:            en-us
==> dut:  -- Disk driver opts:  cache='default'
==> pe2:  -- TPM Backend:       passthrough
==> dut:  -- Graphics Type:     vnc
==> pe2:  -- INPUT:             type=mouse, bus=ps2
==> dut:  -- Video Type:        cirrus
==> dut:  -- Video VRAM:        16384
==> dut:  -- Video 3D accel:    false
==> dut:  -- Keymap:            en-us
==> dut:  -- TPM Backend:       passthrough
==> dut:  -- INPUT:             type=mouse, bus=ps2
==> pe2: Creating shared folders metadata...
==> dut: Creating shared folders metadata...
==> dut: Starting domain.
==> pe2: Starting domain.
==> dut: Domain launching with graphics connection settings...
==> pe2: Domain launching with graphics connection settings...
==> dut:  -- Graphics Port:      5900
==> pe2:  -- Graphics Port:      5901
==> dut:  -- Graphics IP:        127.0.0.1
==> pe2:  -- Graphics IP:        127.0.0.1
==> dut:  -- Graphics Password:  Not defined
==> pe2:  -- Graphics Password:  Not defined
==> dut:  -- Graphics Websocket: 5700
==> pe2:  -- Graphics Websocket: 5701
==> dut: Waiting for domain to get an IP address...
==> pe2: Waiting for domain to get an IP address...
==> pe2: Waiting for machine to boot. This may take a few minutes...
    pe2: SSH address: 192.168.85.106:22
    pe2: SSH username: vagrant
    pe2: SSH auth method: private key
    pe2: Warning: Connection refused. Retrying...
==> pe2: Machine booted and ready!
==> dut: Waiting for machine to boot. This may take a few minutes...
    dut: SSH address: 192.168.85.105:22
    dut: SSH username: vagrant
    dut: SSH auth method: private key
==> dut: Machine booted and ready!
Starting clab nodes
Recreating clab-augment.yml configuration file for clab provider
Created provider configuration file: clab-augment.yml
Loading Linux kernel modules mpls-router,mpls-iptunnel required by containers using mpls module
provider clab: executing sudo -E containerlab deploy --reconfigure -t clab-augment.yml
03:32:03 INFO Containerlab started version=0.74.2
03:32:03 INFO Parsing & checking topology file=clab-augment.yml
03:32:03 INFO Removing directory path=/work/netlab_cicd/other_vm/clab-ml-85
03:32:03 INFO Creating docker network name=nl_mgmt_85 IPv4 subnet=192.168.85.0/24 IPv6 subnet="" MTU=0
03:32:03 INFO Creating lab directory path=/work/netlab_cicd/other_vm/clab-ml-85
03:32:04 INFO Creating container name=h1
03:32:04 INFO Creating container name=h3
03:32:04 INFO Creating container name=h4
03:32:04 INFO Creating container name=p1
03:32:04 INFO Creating container name=h2
03:32:04 INFO Creating container name=p2
03:32:05 INFO Created link: h1:eth1 ▪┄┄▪ virbr6:bni85n1i1
03:32:05 INFO Created link: h2:eth1 ▪┄┄▪ virbr3:bni85n2i1
03:32:05 INFO Created link: p1:eth2 ▪┄┄▪ p2:eth1
03:32:05 INFO Created link: p1:eth1 ▪┄┄▪ virbr5:bni85n7i1
03:32:05 INFO Created link: h4:eth1 ▪┄┄▪ virbr4:bni85n4i1
03:32:05 INFO Created link: p2:eth2 ▪┄┄▪ virbr2:bni85n8i2
03:32:05 INFO Created link: h3:eth1 ▪┄┄▪ virbr7:bni85n3i1
03:32:06 INFO Executed command node=p1 command="sleep 1" stdout=""
03:32:06 INFO Executed command node=p2 command="sleep 1" stdout=""
03:32:06 INFO Adding host entries path=/etc/hosts
03:32:06 INFO Adding SSH config for nodes path=/etc/ssh/ssh_config.d/clab-ml-85.conf
03:32:06 INFO containerlab version
  🎉=
  │ A newer containerlab version (0.74.3) is available!
  │ Release notes: https://containerlab.dev/rn/0.74/#0743
  │ Run 'clab version upgrade' or see https://containerlab.dev/install/ for other installation options.
[1m╭[0m[1m───────────────[0m[1m┬[0m[1m──────────────────────────────[0m[1m┬[0m[1m─────────[0m[1m┬[0m[1m────────────────[0m[1m╮[0m
[1m│[0m[1m      Name     [0m[1m│[0m[1m          Kind/Image          [0m[1m│[0m[1m  State  [0m[1m│[0m[1m IPv4/6 Address [0m[1m│[0m
[1m├[0m[1m───────────────[0m[1m┼[0m[1m──────────────────────────────[0m[1m┼[0m[1m─────────[0m[1m┼[0m[1m────────────────[0m[1m┤[0m
│ clab-ml-85-h1 │ linux                        │ running │ 192.168.85.101 │
│               │ python:3.13-alpine           │         │ N/A            │
├───────────────┼──────────────────────────────┼─────────┼────────────────┤
│ clab-ml-85-h2 │ linux                        │ running │ 192.168.85.102 │
│               │ python:3.13-alpine           │         │ N/A            │
├───────────────┼──────────────────────────────┼─────────┼────────────────┤
│ clab-ml-85-h3 │ linux                        │ running │ 192.168.85.103 │
│               │ python:3.13-alpine           │         │ N/A            │
├───────────────┼──────────────────────────────┼─────────┼────────────────┤
│ clab-ml-85-h4 │ linux                        │ running │ 192.168.85.104 │
│               │ python:3.13-alpine           │         │ N/A            │
├───────────────┼──────────────────────────────┼─────────┼────────────────┤
│ clab-ml-85-p1 │ linux                        │ running │ 192.168.85.107 │
│               │ quay.io/frrouting/frr:10.6.0 │         │ N/A            │
├───────────────┼──────────────────────────────┼─────────┼────────────────┤
│ clab-ml-85-p2 │ linux                        │ running │ 192.168.85.108 │
│               │ quay.io/frrouting/frr:10.6.0 │         │ N/A            │
╰───────────────┴──────────────────────────────┴─────────┴────────────────╯

Initial configuration skipped, run 'netlab initial' to configure the devices
