Creating Device configuration snippets
[CREATED] s1: initial,vlan,vxlan,ospf
[CREATED] ros: initial,vlan,ospf,vrf,vxlan
[CREATED] h1: initial,routing
[CREATED] h2: initial,routing
Config Deploying device configurations
 [INFO] Executing initial configuration for node s1
 [INFO] Executing initial configuration for node h1 (namespace clab-
          ml-85-h1)
 [INFO] Executing initial configuration for node h2 (namespace clab-
          ml-85-h2)
 [INFO] Executing routing configuration for node h1 (namespace clab-
          ml-85-h1)
 [INFO] Executing routing configuration for node h2 (namespace clab-
          ml-85-h2)
 [INFO] Executing vlan configuration for node s1
 [INFO] Executing vxlan configuration for node s1
 [INFO] Executing ospf configuration for node s1
 [INFO] Starting Ansible playbook to deploy the rest of the
          configurations
[WARNING]: Found variable using reserved name: hosts

PLAY [Deploy initial device configuration] *************************************

TASK [Set variables that cannot be set with VARS] ******************************
ok: [ros]

TASK [Normalize config on bridge-like devices] *********************************
included: /home/pipi/net101/tools/netsim/ansible/tasks/deploy-module.yml for ros

TASK [Figure out whether to deploy the module normalize on current device] *****
ok: [ros]

TASK [Find configuration template for normalize] *******************************
ok: [ros]

TASK [fail] ********************************************************************
skipping: [ros]

TASK [Find configuration deployment deploy_script for normalize] ***************
ok: [ros]

TASK [Print deployed configuration when running in verbose mode] ***************
skipping: [ros]

TASK [Deploy normalize configuration] ******************************************
skipping: [ros]

TASK [Deploy initial configuration] ********************************************
included: /home/pipi/net101/tools/netsim/ansible/tasks/deploy-module.yml for ros

TASK [Figure out whether to deploy the module initial on current device] *******
ok: [ros]

TASK [Find configuration template for initial] *********************************
ok: [ros]

TASK [fail] ********************************************************************
skipping: [ros]

TASK [Find configuration deployment deploy_script for initial] *****************
ok: [ros]

TASK [Print deployed configuration when running in verbose mode] ***************
ok: [ros] => {
    "msg": "initial configuration for ros\n=========================================\nhostname ros\n!\nno ip domain lookup\nlogging buffered 256000\n\n!\nlldp run\n!\nip host h1 172.16.0.3\nip host h2 172.16.1.4\nip host ros-tenant 172.16.0.2 172.16.1.2 10.2.0.1\nip host s1 10.0.0.1 10.1.0.1\n!\nip routing\n!\nno ipv6 unicast-routing\n!\nvrf definition tenant\n rd 65000:1\n route-target import 65000:1\n route-target export 65000:1\n!\n address-family ipv4\n exit-address-family\n!\n\n!\n\n!\n!\ninterface Loopback0\n ip address 10.0.0.2 255.255.255.255\n!\ninterface GigabitEthernet1\n no lldp transmit\n no lldp receive\n!\ninterface GigabitEthernet2\n description ros -> s1\n mtu 1600\n ip address 10.1.0.2 255.255.255.252\n no shutdown\n!\ninterface BDI1000\n vrf forwarding tenant\n description VLAN red (1000) -> [h1,s1]\n ip address 172.16.0.2 255.255.255.0\n no shutdown\n!\ninterface BDI1001\n vrf forwarding tenant\n description VLAN blue (1001) -> [h2,s1]\n ip address 172.16.1.2 255.255.255.0\n no shutdown\n!\ninterface Loopback1\n vrf forwarding tenant\n description VRF Loopback tenant\n ip address 10.2.0.1 255.255.255.255\n no shutdown\n!\n!\nline vty 0 4\n exec-timeout 0 0 \n!\nno banner exec\nno banner login\nno banner incoming\n"
}

TASK [Deploy initial configuration] ********************************************
included: /home/pipi/net101/tools/netsim/ansible/tasks/deploy-config/ios.yml for ros

TASK [ios_config: deploying initial from /work/netlab_cicd/other_vm/node_files/ros/initial] ***
[WARNING]: To ensure idempotency and correct diff the input configuration lines
should be similar to how they appear if present in the running configuration on
device including the indentation
changed: [ros]

PLAY [Deploy module-specific configurations] ***********************************

TASK [Set variables that cannot be set with VARS] ******************************
ok: [ros]

TASK [Deploy individual configuration modules] *********************************
included: /home/pipi/net101/tools/netsim/ansible/tasks/deploy-module.yml for ros => (item=vlan)
included: /home/pipi/net101/tools/netsim/ansible/tasks/deploy-module.yml for ros => (item=routing)
included: /home/pipi/net101/tools/netsim/ansible/tasks/deploy-module.yml for ros => (item=ospf)
included: /home/pipi/net101/tools/netsim/ansible/tasks/deploy-module.yml for ros => (item=vrf)
included: /home/pipi/net101/tools/netsim/ansible/tasks/deploy-module.yml for ros => (item=vxlan)

TASK [Figure out whether to deploy the module vlan on current device] **********
ok: [ros]

TASK [Find configuration template for vlan] ************************************
ok: [ros]

TASK [fail] ********************************************************************
skipping: [ros]

TASK [Find configuration deployment deploy_script for vlan] ********************
ok: [ros]

TASK [Print deployed configuration when running in verbose mode] ***************
ok: [ros] => {
    "msg": "vlan configuration for ros\n=========================================\n!\nbridge-domain 1000\n!\nbridge-domain 1001\n"
}

TASK [Deploy vlan configuration] ***********************************************
included: /home/pipi/net101/tools/netsim/ansible/tasks/deploy-config/ios.yml for ros

TASK [ios_config: deploying vlan from /work/netlab_cicd/other_vm/node_files/ros/vlan] ***
changed: [ros]

TASK [Figure out whether to deploy the module routing on current device] *******
ok: [ros]

TASK [Find configuration template for routing] *********************************
skipping: [ros]

TASK [fail] ********************************************************************
skipping: [ros]

TASK [Find configuration deployment deploy_script for routing] *****************
skipping: [ros]

TASK [Print deployed configuration when running in verbose mode] ***************
skipping: [ros]

TASK [Deploy routing configuration] ********************************************
skipping: [ros]

TASK [Figure out whether to deploy the module ospf on current device] **********
ok: [ros]

TASK [Find configuration template for ospf] ************************************
ok: [ros]

TASK [fail] ********************************************************************
skipping: [ros]

TASK [Find configuration deployment deploy_script for ospf] ********************
ok: [ros]

TASK [Print deployed configuration when running in verbose mode] ***************
ok: [ros] => {
    "msg": "ospf configuration for ros\n=========================================\nrouter ospf 1\n router-id 10.0.0.2\n\n!\ninterface Loopback0\n! \n ip ospf 1 area 0.0.0.0\n!\ninterface GigabitEthernet2\n! ros -> s1\n ip ospf 1 area 0.0.0.0\n ip ospf network point-to-point\n!\n\n"
}

TASK [Deploy ospf configuration] ***********************************************
included: /home/pipi/net101/tools/netsim/ansible/tasks/deploy-config/ios.yml for ros

TASK [ios_config: deploying ospf from /work/netlab_cicd/other_vm/node_files/ros/ospf] ***
changed: [ros]

TASK [Figure out whether to deploy the module vrf on current device] ***********
ok: [ros]

TASK [Find configuration template for vrf] *************************************
ok: [ros]

TASK [fail] ********************************************************************
skipping: [ros]

TASK [Find configuration deployment deploy_script for vrf] *********************
ok: [ros]

TASK [Print deployed configuration when running in verbose mode] ***************
ok: [ros] => {
    "msg": "vrf configuration for ros\n=========================================\n!\n!\n"
}

TASK [Deploy vrf configuration] ************************************************
included: /home/pipi/net101/tools/netsim/ansible/tasks/deploy-config/ios.yml for ros

TASK [ios_config: deploying vrf from /work/netlab_cicd/other_vm/node_files/ros/vrf] ***
ok: [ros]

TASK [Figure out whether to deploy the module vxlan on current device] *********
ok: [ros]

TASK [Find configuration template for vxlan] ***********************************
ok: [ros]

TASK [fail] ********************************************************************
skipping: [ros]

TASK [Find configuration deployment deploy_script for vxlan] *******************
ok: [ros]

TASK [Print deployed configuration when running in verbose mode] ***************
ok: [ros] => {
    "msg": "vxlan configuration for ros\n=========================================\ninterface nve1\n no shutdown\n source-interface Loopback0\n member vni 5000\n  ingress-replication 10.0.0.1\n member vni 5001\n  ingress-replication 10.0.0.1\n!\nbridge-domain 1000\n member vni 5000\n!\nbridge-domain 1001\n member vni 5001\n"
}

TASK [Deploy vxlan configuration] **********************************************
included: /home/pipi/net101/tools/netsim/ansible/tasks/deploy-config/ios.yml for ros

TASK [ios_config: deploying vxlan from /work/netlab_cicd/other_vm/node_files/ros/vxlan] ***
changed: [ros]

PLAY [Deploy custom deployment templates] **************************************
skipping: no hosts matched

PLAY RECAP *********************************************************************
ros                        : ok=43   changed=4    unreachable=0    failed=0    skipped=13   rescued=0    ignored=0   

Results of configuration script deployments
================================================================================
s1               Script:  initial,vlan,vxlan,ospf
h1               Script:  initial,routing
h2               Script:  initial,routing


The device under test is a VXLAN router-on-a-stick. This tests check
VXLAN-to-VXLAN routing.

* h1 and h2 should be able to ping each other

