Checking virtualization provider installation
OK: libvirt installed and working correctly
OK: clab installed and working correctly
Stopping clab nodes
01:02:37 INFO Parsing & checking topology file=clab-augment.yml
01:02:37 INFO Parsing & checking topology file=clab-augment.yml
01:02:37 INFO Destroying lab name=ml-85
01:02:38 INFO Removed container name=clab-ml-85-h3
01:02:38 INFO Removed container name=clab-ml-85-h1a
01:02:38 INFO Removed container name=clab-ml-85-h2
01:02:38 INFO Removed container name=clab-ml-85-h3a
01:02:38 INFO Removed container name=clab-ml-85-h4
01:02:38 INFO Removed container name=clab-ml-85-s2
01:02:38 INFO Removed container name=clab-ml-85-h1
01:02:38 INFO Removing host entries path=/etc/hosts
01:02:38 INFO Removing SSH config path=/etc/ssh/ssh_config.d/clab-ml-85.conf

Stopping libvirt nodes
[fog][WARNING] Unrecognized arguments: libvirt_ip_command
==> dut: Removing domain...
==> dut: Deleting the machine folder
Cleanup configuration files
... removing Vagrantfile
... removing clab-augment.yml
... removing ansible.cfg
... removing hosts.yml
... removing directory tree group_vars
... removing directory tree host_vars
... removing directory tree node_files
... removing netlab.snapshot.pickle
