Using transformed lab topology from snapshot file netlab.snapshot.pickle
Checking virtualization provider installation
OK: clab installed and working correctly
Starting clab nodes
provider clab: executing sudo -E containerlab deploy --reconfigure -t clab.yml
20:10:51 INFO Containerlab started version=0.74.2
20:10:51 INFO Parsing & checking topology file=clab.yml
20:10:51 INFO Removing directory path=/work/netlab_cicd/junos_c/clab-ml-81
20:10:51 INFO Creating docker network name=nl_mgmt_81 IPv4 subnet=192.168.81.0/24 IPv6 subnet="" MTU=0
20:10:52 INFO Creating lab directory path=/work/netlab_cicd/junos_c/clab-ml-81
20:10:52 INFO Creating container name=h2
20:10:52 INFO Creating container name=h4
20:10:52 INFO Creating container name=h3
20:10:52 INFO Creating container name=h1
20:10:52 INFO Creating container name=rtr
20:10:53 INFO Created link: h2:eth1 ▪┄┄▪ rtr:eth3
20:10:53 INFO Created link: h4:eth1 ▪┄┄▪ rtr:eth4
20:10:53 INFO Created link: h3:eth1 ▪┄┄▪ rtr:eth2
20:10:53 INFO Created link: h1:eth1 ▪┄┄▪ rtr:eth1
20:10:57 INFO Adding host entries path=/etc/hosts
20:10:57 INFO Adding SSH config for nodes path=/etc/ssh/ssh_config.d/clab-ml-81.conf
20:11:00 INFO Failed fetching latest version information
[1m╭[0m[1m────────────────[0m[1m┬[0m[1m────────────────────[0m[1m┬[0m[1m─────────[0m[1m┬[0m[1m────────────────[0m[1m╮[0m
[1m│[0m[1m      Name      [0m[1m│[0m[1m     Kind/Image     [0m[1m│[0m[1m  State  [0m[1m│[0m[1m IPv4/6 Address [0m[1m│[0m
[1m├[0m[1m────────────────[0m[1m┼[0m[1m────────────────────[0m[1m┼[0m[1m─────────[0m[1m┼[0m[1m────────────────[0m[1m┤[0m
│ clab-ml-81-h1  │ linux              │ running │ 192.168.81.101 │
│                │ python:3.13-alpine │         │ N/A            │
├────────────────┼────────────────────┼─────────┼────────────────┤
│ clab-ml-81-h2  │ linux              │ running │ 192.168.81.102 │
│                │ python:3.13-alpine │         │ N/A            │
├────────────────┼────────────────────┼─────────┼────────────────┤
│ clab-ml-81-h3  │ linux              │ running │ 192.168.81.103 │
│                │ python:3.13-alpine │         │ N/A            │
├────────────────┼────────────────────┼─────────┼────────────────┤
│ clab-ml-81-h4  │ linux              │ running │ 192.168.81.104 │
│                │ python:3.13-alpine │         │ N/A            │
├────────────────┼────────────────────┼─────────┼────────────────┤
│ clab-ml-81-rtr │ juniper_crpd       │ running │ 192.168.81.105 │
│                │ crpd:24.4R1.9      │         │ N/A            │
╰────────────────┴────────────────────┴─────────┴────────────────╯

Initial configuration skipped, run 'netlab initial' to configure the devices
