Using transformed lab topology from snapshot file netlab.snapshot.pickle
Checking virtualization provider installation
OK: clab installed and working correctly
Starting clab nodes
provider clab: executing flock -E 42 /tmp/netlab.lock sudo -E containerlab deploy --reconfigure -t clab.yml
01:19:26 INFO Containerlab started version=0.75.0
01:19:26 INFO Parsing & checking topology file=clab.yml
01:19:26 INFO Removing directory path=/work/netlab_cicd/junos/clab-ml-31
01:19:26 INFO Creating docker network name=nl_mgmt_31 IPv4 subnet=192.168.31.0/24 IPv6 subnet="" MTU=0
01:19:26 INFO Creating lab directory path=/work/netlab_cicd/junos/clab-ml-31
01:19:27 INFO Creating container name=h2
01:19:27 INFO Creating container name=h4
01:19:27 INFO Creating container name=h3
01:19:27 INFO Creating container name=h1
01:19:27 INFO Creating container name=dut
01:19:27 INFO Created link: dut:eth1 ▪┄┄▪ h1:eth1
01:19:27 INFO Created link: dut:eth2 ▪┄┄▪ h2:eth1
01:19:27 INFO Created link: dut:eth3 ▪┄┄▪ h3:eth1
01:19:28 INFO Created link: dut:eth4 ▪┄┄▪ h4:eth1
01:19:33 INFO Adding host entries path=/etc/hosts
01:19:33 INFO Adding SSH config for nodes path=/etc/ssh/ssh_config.d/clab-ml-31.conf
[1m╭[0m[1m────────────────[0m[1m┬[0m[1m────────────────────[0m[1m┬[0m[1m─────────[0m[1m┬[0m[1m────────────────[0m[1m╮[0m
[1m│[0m[1m      Name      [0m[1m│[0m[1m     Kind/Image     [0m[1m│[0m[1m  State  [0m[1m│[0m[1m IPv4/6 Address [0m[1m│[0m
[1m├[0m[1m────────────────[0m[1m┼[0m[1m────────────────────[0m[1m┼[0m[1m─────────[0m[1m┼[0m[1m────────────────[0m[1m┤[0m
│ clab-ml-31-dut │ juniper_crpd       │ running │ 192.168.31.101 │
│                │ crpd:25.2R1-S1.4   │         │ N/A            │
├────────────────┼────────────────────┼─────────┼────────────────┤
│ clab-ml-31-h1  │ linux              │ running │ 192.168.31.102 │
│                │ python:3.13-alpine │         │ N/A            │
├────────────────┼────────────────────┼─────────┼────────────────┤
│ clab-ml-31-h2  │ linux              │ running │ 192.168.31.103 │
│                │ python:3.13-alpine │         │ N/A            │
├────────────────┼────────────────────┼─────────┼────────────────┤
│ clab-ml-31-h3  │ linux              │ running │ 192.168.31.104 │
│                │ python:3.13-alpine │         │ N/A            │
├────────────────┼────────────────────┼─────────┼────────────────┤
│ clab-ml-31-h4  │ linux              │ running │ 192.168.31.105 │
│                │ python:3.13-alpine │         │ N/A            │
╰────────────────┴────────────────────┴─────────┴────────────────╯

Initial configuration skipped, run 'netlab initial' to configure the devices
