Checking virtualization provider installation
OK: clab installed and working correctly
Stopping clab nodes
provider clab: executing flock -E 42 /tmp/netlab.lock sudo -E containerlab destroy --cleanup -t clab.yml
01:24:55 INFO Parsing & checking topology file=clab.yml
01:24:55 INFO Parsing & checking topology file=clab.yml
01:24:55 INFO Destroying lab name=ml-31
01:24:56 INFO Removed container name=clab-ml-31-r1
01:24:56 INFO Removed container name=clab-ml-31-r4
01:24:56 INFO Removed container name=clab-ml-31-dut
01:24:56 INFO Removed container name=clab-ml-31-r3
01:24:56 INFO Removed container name=clab-ml-31-r2
01:24:56 INFO Removing host entries path=/etc/hosts
01:24:56 INFO Removing SSH config path=/etc/ssh/ssh_config.d/clab-ml-31.conf
Cleanup configuration files
... removing clab.yml
... removing ansible.cfg
... removing hosts.yml
... removing directory tree group_vars
... removing directory tree host_vars
... removing directory tree node_files
... removing netlab.snapshot.pickle
