Creating Device configuration snippets
[CREATED] dut: initial,vrf,services
[CREATED] dnssrv: initial,dhcp,services,routing
[CREATED] t1: initial,routing
Checking Are lab devices ready to be configured?
 [INFO] Checking SSH server(s) on dut
[SSH]     SSH server on node dut (device vjunos-switch) is ready after 135.5 seconds
 [INFO] Checking lab devices with an Ansible playbook
[WARNING]: Found variable using reserved name: hosts

PLAY [Wait for SSH servers] ****************************************************

PLAY [Wait for device-specific conditions] *************************************

TASK [Set variables that cannot be set with VARS] ******************************
ok: [dut]

TASK [Find device readiness script] ********************************************
ok: [dut]

TASK [Wait for device to become ready] *****************************************
included: /home/pipi/netlab_gh/netsim/ansible/tasks/readiness-check/junos.yml for dut

TASK [set_fact] ****************************************************************
ok: [dut]

TASK [Wait for first interface (ge-0/0/0)] *************************************
ok: [dut]

PLAY RECAP *********************************************************************
dut                        : ok=5    changed=0    unreachable=0    failed=0    skipped=0    rescued=0    ignored=0   

Config Deploying device configurations
 [INFO] Executing initial configuration for node dnssrv (namespace
          clab-ml-17-dnssrv)
 [INFO] Executing initial configuration for node t1 (namespace clab-
          ml-17-t1)
 [INFO] Executing routing configuration for node dnssrv (namespace
          clab-ml-17-dnssrv)
 [INFO] Executing routing configuration for node t1 (namespace clab-
          ml-17-t1)
 [INFO] Starting Ansible playbook to deploy the rest of the
          configurations
[WARNING]: Found variable using reserved name: hosts

PLAY [Deploy initial device configuration] *************************************

TASK [Set variables that cannot be set with VARS] ******************************
ok: [dut]

TASK [Deploy initial configuration] ********************************************
included: /home/pipi/netlab_gh/netsim/ansible/tasks/deploy-module.yml for dut

TASK [Figure out whether to deploy the module initial on current device] *******
ok: [dut]

TASK [Find configuration template for initial] *********************************
ok: [dut]

TASK [fail] ********************************************************************
skipping: [dut]

TASK [Find configuration deployment deploy_script for initial] *****************
ok: [dut]

TASK [Print deployed configuration when running in verbose mode] ***************
ok: [dut] => {
    "msg": "initial configuration for dut\n=========================================\nsystem {\n  host-name dut;\n}\n\n\n\npolicy-options {\n  community tg_65000_1 members target:65000:1;\n}\n\n\n\npolicy-options {\n  policy-statement vrf-oob_nms-rt-export {\n    term 1 {\n      then {\n        community add tg_65000_1;\n        accept;\n      }\n    }\n  }\n\n\n  policy-statement vrf-oob_nms-rt-import {\n    term 1 {\n      from community [ tg_65000_1 ];\n      then accept;\n    }\n    term default {\n      then reject;\n    }\n  }\n}\n\nrouting-instances {\n\n  oob_nms {\n    instance-type vrf;\n    route-distinguisher 65000:1;\n\n    vrf-import vrf-oob_nms-rt-import;\n    vrf-export vrf-oob_nms-rt-export;\n\n    routing-options {\n      auto-export;\n    }\n\n    interface ge-0/0/0.0;\n\n  }\n\n}\ninterfaces {\n  ge-0/0/0 {\n    mtu 1514;\n  }\n  ge-0/0/1 {\n    mtu 1514;\n  }\n\n  lo0.0 {\n\n      family inet {\n        address 10.0.0.1/32;\n      }\n  }\n  ge-0/0/0.0 {\n    description \"dut -> dnssrv\";\n\n      family inet {\n        address 172.16.0.1/24;\n      }\n  }\n  ge-0/0/1.0 {\n    description \"dut -> t1 [stub]\";\n\n      family inet {\n        address 172.16.1.1/24;\n      }\n  }\n}\nprotocols {\n  lldp {\n    interface fxp0 {\n      disable;\n    }\n    interface all;\n  }\n}\n"
}

TASK [Deploy initial configuration] ********************************************
included: /home/pipi/netlab_gh/netsim/ansible/tasks/deploy-config/junos.yml for dut

TASK [junos_config: deploying initial from /work/netlab_cicd/node_files/dut/initial] ***
changed: [dut]

PLAY [Deploy module-specific configurations] ***********************************

TASK [Set variables that cannot be set with VARS] ******************************
ok: [dut]

TASK [Deploy individual configuration modules] *********************************
included: /home/pipi/netlab_gh/netsim/ansible/tasks/deploy-module.yml for dut => (item=vrf)
included: /home/pipi/netlab_gh/netsim/ansible/tasks/deploy-module.yml for dut => (item=routing)
included: /home/pipi/netlab_gh/netsim/ansible/tasks/deploy-module.yml for dut => (item=dhcp)
included: /home/pipi/netlab_gh/netsim/ansible/tasks/deploy-module.yml for dut => (item=services)

TASK [Figure out whether to deploy the module vrf on current device] ***********
ok: [dut]

TASK [Find configuration template for vrf] *************************************
ok: [dut]

TASK [fail] ********************************************************************
skipping: [dut]

TASK [Find configuration deployment deploy_script for vrf] *********************
ok: [dut]

TASK [Print deployed configuration when running in verbose mode] ***************
ok: [dut] => {
    "msg": "vrf configuration for dut\n=========================================\n\n"
}

TASK [Deploy vrf configuration] ************************************************
included: /home/pipi/netlab_gh/netsim/ansible/tasks/deploy-config/junos.yml for dut

TASK [junos_config: deploying vrf from /work/netlab_cicd/node_files/dut/vrf] ***
ok: [dut]

TASK [Figure out whether to deploy the module routing on current device] *******
ok: [dut]

TASK [Find configuration template for routing] *********************************
skipping: [dut]

TASK [fail] ********************************************************************
skipping: [dut]

TASK [Find configuration deployment deploy_script for routing] *****************
skipping: [dut]

TASK [Print deployed configuration when running in verbose mode] ***************
skipping: [dut]

TASK [Deploy routing configuration] ********************************************
skipping: [dut]

TASK [Figure out whether to deploy the module dhcp on current device] **********
ok: [dut]

TASK [Find configuration template for dhcp] ************************************
skipping: [dut]

TASK [fail] ********************************************************************
skipping: [dut]

TASK [Find configuration deployment deploy_script for dhcp] ********************
skipping: [dut]

TASK [Print deployed configuration when running in verbose mode] ***************
skipping: [dut]

TASK [Deploy dhcp configuration] ***********************************************
skipping: [dut]

TASK [Figure out whether to deploy the module services on current device] ******
ok: [dut]

TASK [Find configuration template for services] ********************************
ok: [dut]

TASK [fail] ********************************************************************
skipping: [dut]

TASK [Find configuration deployment deploy_script for services] ****************
ok: [dut]

TASK [Print deployed configuration when running in verbose mode] ***************
ok: [dut] => {
    "msg": "services configuration for dut\n=========================================\nsystem {\n  domain-name netlab.local;\n  name-server {\n    172.16.0.2 routing-instance oob_nms;\n  }\n}\n"
}

TASK [Deploy services configuration] *******************************************
included: /home/pipi/netlab_gh/netsim/ansible/tasks/deploy-config/junos.yml for dut

TASK [junos_config: deploying services from /work/netlab_cicd/node_files/dut/services] ***
An exception occurred during task execution. To see the full traceback, use -vvv. The error was: ansible.module_utils.connection.ConnectionError: b'error: Only routing-instance supported is mgmt_junos\nerror: configuration check-out failed: daemon file propagation failed'
fatal: [dut]: FAILED! => {"msg": "Unexpected failure during module execution: b'error: Only routing-instance supported is mgmt_junos\\nerror: configuration check-out failed: daemon file propagation failed'", "stdout": ""}

PLAY RECAP *********************************************************************
dut                        : ok=26   changed=1    unreachable=0    failed=1    skipped=13   rescued=0    ignored=0   

FatalError in initial: Configuration deployment failed
Results of configuration script deployments
================================================================================
dnssrv           Script:  initial,routing
t1               Script:  initial,routing

