Creating Device configuration snippets
[CREATED] dut: initial,vlan,stp
[CREATED] x1: normalize,initial,vlan,stp
Checking Are lab devices ready to be configured?
 [INFO] Checking SSH server(s) on x1
Config Normalizing device configurations
netmiko:  [INFO] Sent normalize configuration to x1
Config Deploying device configurations
 [INFO] Executing initial configuration for node dut
 [INFO] Executing vlan configuration for node dut
 [INFO] Executing stp configuration for node dut
netmiko:  [INFO] Sent initial configuration to x1
netmiko:  [INFO] Sent vlan configuration to x1
netmiko:  [INFO] Sent stp configuration to x1

Results of configuration script deployments
================================================================================
dut              Script:  initial,vlan,stp
x1               Script:  normalize,initial,vlan,stp


The device under test is connected to the probe with default STP root priority.
Once the STP settles (the interconnecting link in red VLAN is forwarding), we can
check that the priority of the root bridge is what we expect.

