Using transformed lab topology from snapshot file netlab.snapshot.pickle
Checking virtualization provider installation
OK: clab installed and working correctly
Starting clab nodes
 [INFO] Setting containerlab runtime to docker
provider clab: executing flock -E 42 /tmp/netlab.lock containerlab deploy --reconfigure -t clab.yml
17:31:44 INFO Containerlab started version=0.79.0
17:31:44 INFO Parsing & checking topology file=clab.yml
17:31:44 INFO Removing directory path=/work/netlab_cicd/clab-ml-17
17:31:44 INFO Creating docker network name=nl_mgmt_17 IPv4 subnet=192.168.17.0/24 IPv6 subnet=fd00:df:1ab:17::/64 MTU=0
17:31:44 INFO Creating lab directory path=/work/netlab_cicd/clab-ml-17
17:31:44 INFO Creating container name=dut
17:31:44 INFO Creating container name=x1
17:31:44 INFO Created link: dut:eth1 ▪┄┄▪ x1:et1
17:31:44 INFO Running postdeploy actions for Arista cEOS 'x1' node
17:32:03 INFO Executed command node=dut command="sleep 1" stdout=""
17:32:03 INFO Adding host entries path=/etc/hosts
17:32:03 INFO Adding SSH config for nodes path=/etc/ssh/ssh_config.d/clab-ml-17.conf
[1m╭[0m[1m────────────────[0m[1m┬[0m[1m──────────────────────────────[0m[1m┬[0m[1m─────────[0m[1m┬[0m[1m───────────────────[0m[1m╮[0m
[1m│[0m[1m      Name      [0m[1m│[0m[1m          Kind/Image          [0m[1m│[0m[1m  State  [0m[1m│[0m[1m   IPv4/6 Address  [0m[1m│[0m
[1m├[0m[1m────────────────[0m[1m┼[0m[1m──────────────────────────────[0m[1m┼[0m[1m─────────[0m[1m┼[0m[1m───────────────────[0m[1m┤[0m
│ clab-ml-17-dut │ linux                        │ running │ 192.168.17.101    │
│                │ quay.io/frrouting/frr:10.7.1 │         │ fd00:df:1ab:17::2 │
├────────────────┼──────────────────────────────┼─────────┼───────────────────┤
│ clab-ml-17-x1  │ ceos                         │ running │ 192.168.17.102    │
│                │ ceos:4.35.2F                 │         │ fd00:df:1ab:17::3 │
╰────────────────┴──────────────────────────────┴─────────┴───────────────────╯

Initial configuration skipped, run 'netlab initial' to configure the devices
