Creating Device configuration snippets
[CREATED] h1: initial,routing
[CREATED] h2: initial,routing
[CREATED] h3: initial,routing
[CREATED] h4: initial,routing
[CREATED] dut: normalize,initial,lag,vlan
[CREATED] xs: initial,lag,vlan
Checking Are lab devices ready to be configured?
 [INFO] Checking SSH server(s) on dut
Config Deploying device configurations
 [INFO] Executing initial configuration for node h1 (namespace clab-
          ml-85-h1)
 [INFO] Executing initial configuration for node h2 (namespace clab-
          ml-85-h2)
 [INFO] Executing initial configuration for node h3 (namespace clab-
          ml-85-h3)
 [INFO] Executing initial configuration for node h4 (namespace clab-
          ml-85-h4)
 [INFO] Executing normalize configuration for node dut
 [INFO] Executing initial configuration for node xs
 [INFO] Executing routing configuration for node h1 (namespace clab-
          ml-85-h1)
 [INFO] Executing routing configuration for node h2 (namespace clab-
          ml-85-h2)
 [INFO] Executing routing configuration for node h4 (namespace clab-
          ml-85-h4)
 [INFO] Executing routing configuration for node h3 (namespace clab-
          ml-85-h3)
 [INFO] Executing lag configuration for node xs
 [INFO] Executing vlan configuration for node xs
 [INFO] Executing initial configuration for node dut
 [INFO] Executing lag configuration for node dut
 [INFO] Executing vlan configuration for node dut

Results of configuration script deployments
================================================================================
h1               Script:  initial,routing
h2               Script:  initial,routing
h3               Script:  initial,routing
h4               Script:  initial,routing
dut              Script:  normalize,initial,lag,vlan
xs               Script:  initial,lag,vlan


The device under test is a layer-2 switch connected with a LAG VLAN trunk to
another layer-2 switch. Host in the same VLAN should be able to ping each
other.

