Creating Device configuration snippets
[CREATED] dut_s1: normalize,initial,lag,vlan,gateway
[CREATED] dut_s2: normalize,initial,lag,vlan,gateway
[CREATED] x1: normalize,initial,lag,vlan
[CREATED] h1: initial,routing
Checking Are lab devices ready to be configured?
 [INFO] Checking SSH server(s) on dut_s1,dut_s2,x1
Config Normalizing device configurations
 [INFO] Executing normalize configuration for node dut_s1
 [INFO] Executing normalize configuration for node dut_s2
 [INFO] Executing normalize configuration for node x1
Config Deploying device configurations
 [INFO] Executing initial configuration for node dut_s1
 [INFO] Executing initial configuration for node dut_s2
 [INFO] Executing initial configuration for node x1
 [INFO] Executing initial configuration for node h1 (namespace clab-
          ml-17-h1)
 [INFO] Executing routing configuration for node h1 (namespace clab-
          ml-17-h1)
 [INFO] Executing lag configuration for node dut_s1
 [INFO] Executing lag configuration for node x1
 [INFO] Executing lag configuration for node dut_s2
 [INFO] Executing vlan configuration for node x1
 [INFO] Executing vlan configuration for node dut_s1
 [INFO] Executing gateway configuration for node dut_s1
 [INFO] Executing vlan configuration for node dut_s2
 [INFO] Executing gateway configuration for node dut_s2

Results of configuration script deployments
================================================================================
dut_s1           Script:  normalize,initial,lag,vlan,gateway
dut_s2           Script:  normalize,initial,lag,vlan,gateway
x1               Script:  normalize,initial,lag,vlan
h1               Script:  initial,routing


The devices under test are an MLAG pair sharing an anycast gateway and
connected to an Arista EOS switch.

The Arista EOS switch should have a working LAG and the attached host should
be able to ping the anycast gateway.

