Creating Device configuration snippets
[CREATED] dut: initial,bgp,bgp.session
[CREATED] x1: normalize,initial,bgp,bgp.session
[CREATED] x2: normalize,initial,bgp,bgp.session
Checking Are lab devices ready to be configured?
 [INFO] Checking SSH server(s) on dut
[SSH]     SSH server on node dut (device iosxr) is ready after 32.0 seconds
Config Normalizing device configurations
netmiko:  [INFO] Sent normalize configuration to x1
netmiko:  [INFO] Sent normalize configuration to x2
Config Deploying device configurations
netmiko:  [INFO] Sent initial configuration to x1
netmiko:  [INFO] Sent initial configuration to x2
netmiko:  [INFO] Sent initial configuration to dut
netmiko:  [INFO] Sent bgp configuration to x1
netmiko:  [INFO] Sent bgp configuration to x2
netmiko:  [INFO] Sent bgp configuration to dut
netmiko:  [INFO] Sent bgp.session configuration to dut
netmiko:  [INFO] Sent bgp.session configuration to x1
netmiko:  [INFO] Sent bgp.session configuration to x2

Results of non-Ansible configuration deployments
================================================================================
dut              Netmiko:  initial,bgp,bgp.session
x1               Netmiko:  normalize,initial,bgp,bgp.session
x2               Netmiko:  normalize,initial,bgp,bgp.session


This lab tests the BGP TCP-AO password functionality. The EBGP session between the probe and the lab device should be established.
