Checking virtualization provider installation
OK: clab installed and working correctly
Stopping clab nodes
17:20:20 INFO Parsing & checking topology file=clab.yml
17:20:20 INFO Parsing & checking topology file=clab.yml
17:20:20 INFO Destroying lab name=ml-82
17:20:21 INFO Removed container name=clab-ml-82-r3
17:20:21 INFO Removed container name=clab-ml-82-r2
17:20:21 INFO Removed container name=clab-ml-82-rs
17:20:23 INFO Removed container name=clab-ml-82-dut
17:20:23 INFO Removing host entries path=/etc/hosts
17:20:23 INFO Removing SSH config path=/etc/ssh/ssh_config.d/clab-ml-82.conf
Cleanup configuration files
... removing clab.yml
... removing ansible.cfg
... removing hosts.yml
... removing directory tree group_vars
... removing directory tree host_vars
... removing directory tree node_files
... removing netlab.snapshot.pickle
