Creating Device configuration snippets
[CREATED] dut: initial,bgp,vrf
[CREATED] r1: normalize,initial,bgp,bgp-xact
[CREATED] r2: normalize,initial,bgp,bgp-xact
[CREATED] r3: normalize,initial,bgp,bgp-xact
[CREATED] r4: normalize,initial,bgp,bgp-xact
Checking Are lab devices ready to be configured?
 [INFO] Checking SSH server(s) on dut,r1,r2,r3,r4
[SSH]     SSH server on node r4 (device eos) is ready after 11.2 seconds
[SSH]     SSH server on node dut (device nxos) is ready after 178.0 seconds
 [INFO] Checking lab devices with an Ansible playbook
[WARNING]: Found variable using reserved name: hosts

PLAY [Wait for SSH servers] ****************************************************

PLAY [Wait for device-specific conditions] *************************************

TASK [Set variables that cannot be set with VARS] ******************************
ok: [dut]

TASK [Find device readiness script] ********************************************
ok: [dut]

TASK [Wait for device to become ready] *****************************************
included: /home/pipi/netlab_gh/netsim/ansible/tasks/readiness-check/nxos.yml for dut

TASK [Wait for Eth1/1 to appear] ***********************************************
ok: [dut]

PLAY RECAP *********************************************************************
dut                        : ok=4    changed=0    unreachable=0    failed=0    skipped=0    rescued=0    ignored=0   

Config Deploying device configurations
 [INFO] Executing normalize configuration for node r1
 [INFO] Executing normalize configuration for node r2
 [INFO] Executing normalize configuration for node r3
 [INFO] Executing normalize configuration for node r4
 [INFO] Executing initial configuration for node r4
 [INFO] Executing initial configuration for node r1
 [INFO] Executing initial configuration for node r3
 [INFO] Executing initial configuration for node r2
 [INFO] Executing bgp configuration for node r4
 [INFO] Executing bgp configuration for node r1
 [INFO] Executing bgp configuration for node r3
 [INFO] Executing bgp configuration for node r2
 [INFO] Executing bgp-xact configuration for node r3
 [INFO] Executing bgp-xact configuration for node r4
 [INFO] Executing bgp-xact configuration for node r1
 [INFO] Executing bgp-xact configuration for node r2
 [INFO] Starting Ansible playbook to deploy the rest of the
          configurations
[WARNING]: Found variable using reserved name: hosts

PLAY [Deploy initial device configuration] *************************************

TASK [Set variables that cannot be set with VARS] ******************************
ok: [dut]

TASK [Normalize config on bridge-like devices] *********************************
included: /home/pipi/netlab_gh/netsim/ansible/tasks/deploy-module.yml for dut

TASK [Figure out whether to deploy the module normalize on current device] *****
ok: [dut]

TASK [Find configuration template for normalize] *******************************
ok: [dut]

TASK [fail] ********************************************************************
skipping: [dut]

TASK [Find configuration deployment deploy_script for normalize] ***************
ok: [dut]

TASK [Print deployed configuration when running in verbose mode] ***************
skipping: [dut]

TASK [Deploy normalize configuration] ******************************************
skipping: [dut]

TASK [Deploy initial configuration] ********************************************
included: /home/pipi/netlab_gh/netsim/ansible/tasks/deploy-module.yml for dut

TASK [Figure out whether to deploy the module initial on current device] *******
ok: [dut]

TASK [Find configuration template for initial] *********************************
ok: [dut]

TASK [fail] ********************************************************************
skipping: [dut]

TASK [Find configuration deployment deploy_script for initial] *****************
ok: [dut]

TASK [Print deployed configuration when running in verbose mode] ***************
ok: [dut] => {
    "msg": "initial configuration for dut\n=========================================\nhostname dut\n!\nno ip domain-lookup\n!\nfeature lldp\n!\nusername vagrant password vagrant\n!\nip host dut-red 10.1.0.1\nip host dut-blue 10.1.0.9\nip host r1 10.0.0.11\nip host r2 10.0.0.12\nip host r3 10.0.0.23\nip host r4 10.0.0.24\n!\n!\nfeature bgp\n!\nvrf context red\n  rd 65000:1\n  address-family ipv4 unicast\n    route-target import 65000:1\n    route-target export 65000:1\n  exit\nvrf context blue\n  rd 65000:2\n  address-family ipv4 unicast\n    route-target import 65000:2\n    route-target export 65000:2\n  exit\n!\n!\ninterface mgmt0\n no lldp transmit\n no lldp receive\n!\ninterface loopback0\n no shutdown\n ip address 10.0.0.1/32\n ipv6 address 2001:db8:1:1::1/64\n ipv6 nd ra-interval 5 min 3\n!\ninterface Ethernet1/1\n no shutdown\n no switchport\n mac-address caf0.0001.0001\n  vrf member red\n description dut -> r1 [external]\n ip address 10.1.0.1/30\n!\ninterface Ethernet1/2\n no shutdown\n no switchport\n mac-address caf0.0001.0002\n  vrf member red\n description dut -> r2 [external]\n ip address 10.1.0.5/30\n!\ninterface Ethernet1/3\n no shutdown\n no switchport\n mac-address caf0.0001.0003\n  vrf member blue\n description dut -> r3 [external]\n ip address 10.1.0.9/30\n!\ninterface Ethernet1/4\n no shutdown\n no switchport\n mac-address caf0.0001.0004\n  vrf member blue\n description dut -> r4 [external]\n ip address 10.1.0.13/30\n!\n"
}

TASK [Deploy initial configuration] ********************************************
included: /home/pipi/netlab_gh/netsim/ansible/tasks/deploy-config/nxos.yml for dut

TASK [nxos_config: deploying initial from /work/netlab_cicd/node_files/dut/initial] ***
[WARNING]: To ensure idempotency and correct diff the input configuration lines
should be similar to how they appear if present in the running configuration on
device including the indentation
changed: [dut]

PLAY [Deploy module-specific configurations] ***********************************

TASK [Set variables that cannot be set with VARS] ******************************
ok: [dut]

TASK [Deploy individual configuration modules] *********************************
included: /home/pipi/netlab_gh/netsim/ansible/tasks/deploy-module.yml for dut => (item=bgp)
included: /home/pipi/netlab_gh/netsim/ansible/tasks/deploy-module.yml for dut => (item=vrf)

TASK [Figure out whether to deploy the module bgp on current device] ***********
ok: [dut]

TASK [Find configuration template for bgp] *************************************
ok: [dut]

TASK [fail] ********************************************************************
skipping: [dut]

TASK [Find configuration deployment deploy_script for bgp] *********************
ok: [dut]

TASK [Print deployed configuration when running in verbose mode] ***************
ok: [dut] => {
    "msg": "bgp configuration for dut\n=========================================\n!\nfeature bgp\n!\nrouter bgp 65000\n  router-id 10.0.0.1\n!\n address-family ipv4 unicast\n!\n  network 10.0.0.1/32\n!\n address-family ipv6 unicast\n!\n  network 2001:db8:1:1::/64\n!\n!\n"
}

TASK [Deploy bgp configuration] ************************************************
included: /home/pipi/netlab_gh/netsim/ansible/tasks/deploy-config/nxos.yml for dut

TASK [nxos_config: deploying bgp from /work/netlab_cicd/node_files/dut/bgp] ****
changed: [dut]

TASK [Figure out whether to deploy the module vrf on current device] ***********
ok: [dut]

TASK [Find configuration template for vrf] *************************************
ok: [dut]

TASK [fail] ********************************************************************
skipping: [dut]

TASK [Find configuration deployment deploy_script for vrf] *********************
ok: [dut]

TASK [Print deployed configuration when running in verbose mode] ***************
ok: [dut] => {
    "msg": "vrf configuration for dut\n=========================================\n!\nroute-map all\n!\nrouter bgp 65000\n  vrf red\n    router-id 10.0.0.1\n!\n    address-family ipv4 unicast\n      redistribute direct route-map all\n      network 10.1.0.0/30\n!\n    neighbor 10.1.0.2 remote-as 65101\n      description r1\n      address-family ipv4 unicast\n        send-community standard\n        exit\n      exit\n!\n    neighbor 10.1.0.6 remote-as 65102\n      description r2\n      address-family ipv4 unicast\n        send-community standard\n        exit\n      exit\n!\n!\n    address-family ipv6 unicast\n      redistribute direct route-map all\n!\n  vrf blue\n    router-id 10.0.0.1\n!\n    address-family ipv4 unicast\n      redistribute direct route-map all\n!\n    neighbor 10.1.0.10 remote-as 65103\n      description r3\n      address-family ipv4 unicast\n        send-community standard\n        exit\n      exit\n!\n    neighbor 10.1.0.14 remote-as 65104\n      description r4\n      address-family ipv4 unicast\n        send-community standard\n        exit\n      exit\n!\n!\n    address-family ipv6 unicast\n      redistribute direct route-map all\n!\n"
}

TASK [Deploy vrf configuration] ************************************************
included: /home/pipi/netlab_gh/netsim/ansible/tasks/deploy-config/nxos.yml for dut

TASK [nxos_config: deploying vrf from /work/netlab_cicd/node_files/dut/vrf] ****
changed: [dut]

PLAY [Deploy custom deployment templates] **************************************
skipping: no hosts matched

PLAY RECAP *********************************************************************
dut                        : ok=27   changed=3    unreachable=0    failed=0    skipped=6    rescued=0    ignored=0   

Results of configuration script deployments
================================================================================
r1               Script:  normalize,initial,bgp,bgp-xact
r2               Script:  normalize,initial,bgp,bgp-xact
r3               Script:  normalize,initial,bgp,bgp-xact
r4               Script:  normalize,initial,bgp,bgp-xact


The device under test has two VRFs with two interfaces in each VRF.
Routers are attached to those interfaces and run BGP with device under test.
Assuming the multi-vrf test case succeeded, this one adds BGP routing with
CE routers.

* r1 and r2 should be able to ping each other
* r3 and r4 should be able to ping each other
* r1 should not be able to reach r3

The test also checks whether DUT unnecessarily enables IPv6 AF over IPv4
EBGP sessions

