Using transformed lab topology from snapshot file netlab.snapshot.pickle
Checking virtualization provider installation
OK: clab installed and working correctly
Starting clab nodes
provider clab: executing sudo -E containerlab deploy --reconfigure -t clab.yml
20:54:50 INFO Containerlab started version=0.74.2
20:54:50 INFO Parsing & checking topology file=clab.yml
20:54:50 INFO Removing directory path=/work/netlab_cicd/cisco_c/clab-ml-84
20:54:50 INFO Creating docker network name=nl_mgmt_84 IPv4 subnet=192.168.84.0/24 IPv6 subnet="" MTU=0
20:54:50 INFO Creating lab directory path=/work/netlab_cicd/cisco_c/clab-ml-84
20:54:51 INFO Creating container name=dut
20:54:51 INFO Creating container name=r3
20:54:51 INFO Creating container name=r1
20:54:51 INFO Creating container name=r4
20:54:51 INFO Creating container name=r2
20:54:51 INFO Running postdeploy actions for Arista cEOS 'r3' node
20:54:51 INFO Created link: dut:eth3 ▪┄┄▪ r3:et1
20:54:51 INFO Created link: dut:eth1 ▪┄┄▪ r1:et1
20:54:51 INFO Running postdeploy actions for Arista cEOS 'r1' node
20:54:51 INFO Created link: dut:eth4 ▪┄┄▪ r4:et1
20:54:51 INFO Running postdeploy actions for Arista cEOS 'r4' node
20:54:52 INFO Created link: dut:eth2 ▪┄┄▪ r2:et1
20:54:52 INFO Running postdeploy actions for Arista cEOS 'r2' node
20:55:20 INFO Adding host entries path=/etc/hosts
20:55:21 INFO Adding SSH config for nodes path=/etc/ssh/ssh_config.d/clab-ml-84.conf
20:55:21 INFO containerlab version
  🎉=
  │ A newer containerlab version (0.74.3) is available!
  │ Release notes: https://containerlab.dev/rn/0.74/#0743
  │ Run 'clab version upgrade' or see https://containerlab.dev/install/ for other installation options.
[1m╭[0m[1m────────────────[0m[1m┬[0m[1m─────────────────────────[0m[1m┬[0m[1m────────────────────[0m[1m┬[0m[1m────────────────[0m[1m╮[0m
[1m│[0m[1m      Name      [0m[1m│[0m[1m        Kind/Image       [0m[1m│[0m[1m        State       [0m[1m│[0m[1m IPv4/6 Address [0m[1m│[0m
[1m├[0m[1m────────────────[0m[1m┼[0m[1m─────────────────────────[0m[1m┼[0m[1m────────────────────[0m[1m┼[0m[1m────────────────[0m[1m┤[0m
│ clab-ml-84-dut │ cisco_n9kv              │ running            │ 192.168.84.101 │
│                │ vrnetlab/vr-n9kv:9.3.10 │ (health: starting) │ N/A            │
├────────────────┼─────────────────────────┼────────────────────┼────────────────┤
│ clab-ml-84-r1  │ ceos                    │ running            │ 192.168.84.111 │
│                │ ceos:4.35.2F            │                    │ N/A            │
├────────────────┼─────────────────────────┼────────────────────┼────────────────┤
│ clab-ml-84-r2  │ ceos                    │ running            │ 192.168.84.112 │
│                │ ceos:4.35.2F            │                    │ N/A            │
├────────────────┼─────────────────────────┼────────────────────┼────────────────┤
│ clab-ml-84-r3  │ ceos                    │ running            │ 192.168.84.123 │
│                │ ceos:4.35.2F            │                    │ N/A            │
├────────────────┼─────────────────────────┼────────────────────┼────────────────┤
│ clab-ml-84-r4  │ ceos                    │ running            │ 192.168.84.124 │
│                │ ceos:4.35.2F            │                    │ N/A            │
╰────────────────┴─────────────────────────┴────────────────────┴────────────────╯

Initial configuration skipped, run 'netlab initial' to configure the devices
