Creating Device configuration snippets
[CREATED] dut: normalize,initial,ospf,vrf,services
[CREATED] nms: initial,dhcp,services,routing
[CREATED] x1: initial,services,ospf
Checking Are lab devices ready to be configured?
 [INFO] Checking SSH server(s) on dut
Config Normalizing device configurations
 [INFO] Executing normalize configuration for node dut
Config Deploying device configurations
 [INFO] Executing initial configuration for node dut
 [INFO] Executing initial configuration for node nms (namespace clab-
          ml-17-nms)
 [INFO] Executing initial configuration for node x1
 [INFO] Executing routing configuration for node nms (namespace clab-
          ml-17-nms)
 [INFO] Executing services configuration for node x1
 [INFO] Executing ospf configuration for node x1
 [INFO] Executing ospf configuration for node dut
 [INFO] Executing vrf configuration for node dut
 [INFO] Executing services configuration for node dut

Results of configuration script deployments
================================================================================
dut              Script:  normalize,initial,ospf,vrf,services
nms              Script:  initial,routing
x1               Script:  initial,services,ospf


The test checks the syslog client configuration on DUT. An OSPFv2
session is established between X1 and DUT, and we expect DUT to log it
to the syslog server.

