Using transformed lab topology from snapshot file netlab.snapshot.pickle
Checking virtualization provider installation
OK: clab installed and working correctly
Starting clab nodes
provider clab: executing flock -E 42 /tmp/netlab.lock sudo -E containerlab deploy --reconfigure -t clab.yml
16:27:45 INFO Containerlab started version=0.75.0
16:27:45 INFO Parsing & checking topology file=clab.yml
16:27:45 INFO Removing directory path=/work/netlab_cicd/junos/clab-ml-31
16:27:45 INFO Creating docker network name=nl_mgmt_31 IPv4 subnet=192.168.31.0/24 IPv6 subnet="" MTU=0
16:27:45 INFO Creating lab directory path=/work/netlab_cicd/junos/clab-ml-31
16:27:45 INFO Creating container name=srv
16:27:45 INFO Creating container name=h1
16:27:45 INFO Creating container name=h2
16:27:45 INFO Creating container name=dut
16:27:46 INFO Created link: h1:eth1 ▪┄┄▪ dut:eth1
16:27:46 INFO Created link: h2:eth1 ▪┄┄▪ dut:eth2
16:27:46 INFO Created link: srv:eth1 ▪┄┄▪ dut:eth3
16:27:46 INFO Adding host entries path=/etc/hosts
16:27:46 INFO Adding SSH config for nodes path=/etc/ssh/ssh_config.d/clab-ml-31.conf
[1m╭[0m[1m────────────────[0m[1m┬[0m[1m────────────────────────────────────────────[0m[1m┬[0m[1m────────────────────[0m[1m┬[0m[1m────────────────[0m[1m╮[0m
[1m│[0m[1m      Name      [0m[1m│[0m[1m                 Kind/Image                 [0m[1m│[0m[1m        State       [0m[1m│[0m[1m IPv4/6 Address [0m[1m│[0m
[1m├[0m[1m────────────────[0m[1m┼[0m[1m────────────────────────────────────────────[0m[1m┼[0m[1m────────────────────[0m[1m┼[0m[1m────────────────[0m[1m┤[0m
│ clab-ml-31-dut │ juniper_vjunosswitch                       │ running            │ 192.168.31.104 │
│                │ vrnetlab/juniper_vjunos-switch:23.4R2-S2.1 │ (health: starting) │ N/A            │
├────────────────┼────────────────────────────────────────────┼────────────────────┼────────────────┤
│ clab-ml-31-h1  │ linux                                      │ running            │ 192.168.31.101 │
│                │ python:3.13-alpine                         │                    │ N/A            │
├────────────────┼────────────────────────────────────────────┼────────────────────┼────────────────┤
│ clab-ml-31-h2  │ linux                                      │ running            │ 192.168.31.102 │
│                │ python:3.13-alpine                         │                    │ N/A            │
├────────────────┼────────────────────────────────────────────┼────────────────────┼────────────────┤
│ clab-ml-31-srv │ linux                                      │ running            │ 192.168.31.103 │
│                │ python:3.13-alpine                         │                    │ N/A            │
╰────────────────┴────────────────────────────────────────────┴────────────────────┴────────────────╯

Initial configuration skipped, run 'netlab initial' to configure the devices
