Using transformed lab topology from snapshot file netlab.snapshot.pickle
Checking virtualization provider installation
OK: clab installed and working correctly
Starting clab nodes
provider clab: executing sudo -E containerlab deploy --reconfigure -t clab.yml
19:54:25 INFO Containerlab started version=0.74.2
19:54:25 INFO Parsing & checking topology file=clab.yml
19:54:25 INFO Removing directory path=/work/netlab_cicd/junos_c/clab-ml-81
19:54:25 INFO Creating docker network name=nl_mgmt_81 IPv4 subnet=192.168.81.0/24 IPv6 subnet="" MTU=0
19:54:25 INFO Creating lab directory path=/work/netlab_cicd/junos_c/clab-ml-81
19:54:26 INFO Creating container name=x1
19:54:26 INFO Creating container name=rc
19:54:26 INFO Creating container name=r2
19:54:26 INFO Creating container name=dut
19:54:27 INFO Created link: dut:eth1 ▪┄┄▪ r2:eth1
19:54:27 INFO Created link: rc:eth1 ▪┄┄▪ r2:eth2
19:54:27 INFO Created link: dut:eth2 ▪┄┄▪ x1:eth1
19:54:32 INFO Executed command node=r2 command="sleep 1" stdout=""
19:54:32 INFO Executed command node=rc command="sleep 1" stdout=""
19:54:32 INFO Executed command node=x1 command="sleep 1" stdout=""
19:54:32 INFO Adding host entries path=/etc/hosts
19:54:32 INFO Adding SSH config for nodes path=/etc/ssh/ssh_config.d/clab-ml-81.conf
19:54:32 INFO containerlab version
  🎉=
  │ A newer containerlab version (0.74.3) is available!
  │ Release notes: https://containerlab.dev/rn/0.74/#0743
  │ Run 'clab version upgrade' or see https://containerlab.dev/install/ for other installation options.
[1m╭[0m[1m────────────────[0m[1m┬[0m[1m──────────────────────────────[0m[1m┬[0m[1m─────────[0m[1m┬[0m[1m────────────────[0m[1m╮[0m
[1m│[0m[1m      Name      [0m[1m│[0m[1m          Kind/Image          [0m[1m│[0m[1m  State  [0m[1m│[0m[1m IPv4/6 Address [0m[1m│[0m
[1m├[0m[1m────────────────[0m[1m┼[0m[1m──────────────────────────────[0m[1m┼[0m[1m─────────[0m[1m┼[0m[1m────────────────[0m[1m┤[0m
│ clab-ml-81-dut │ juniper_crpd                 │ running │ 192.168.81.101 │
│                │ crpd:24.4R1.9                │         │ N/A            │
├────────────────┼──────────────────────────────┼─────────┼────────────────┤
│ clab-ml-81-r2  │ linux                        │ running │ 192.168.81.102 │
│                │ quay.io/frrouting/frr:10.6.0 │         │ N/A            │
├────────────────┼──────────────────────────────┼─────────┼────────────────┤
│ clab-ml-81-rc  │ linux                        │ running │ 192.168.81.110 │
│                │ quay.io/frrouting/frr:10.6.0 │         │ N/A            │
├────────────────┼──────────────────────────────┼─────────┼────────────────┤
│ clab-ml-81-x1  │ linux                        │ running │ 192.168.81.103 │
│                │ quay.io/frrouting/frr:10.6.0 │         │ N/A            │
╰────────────────┴──────────────────────────────┴─────────┴────────────────╯

Initial configuration skipped, run 'netlab initial' to configure the devices
