Creating Device configuration snippets
[CREATED] dut: initial,ospf,vrf
[CREATED] r1: initial,ospf
[CREATED] r2: initial,ospf
[CREATED] r3: initial,ospf
[CREATED] r4: initial,ospf
Checking Are lab devices ready to be configured?
 [INFO] Checking lab devices with an Ansible playbook
[WARNING]: Could not match supplied host pattern, ignoring: netlab_ready_ssh
[WARNING]: Found variable using reserved name: hosts

PLAY [Wait for SSH servers] ****************************************************
skipping: no hosts matched

PLAY [Wait for device-specific conditions] *************************************

TASK [Set variables that cannot be set with VARS] ******************************
ok: [dut]

TASK [Find device readiness script] ********************************************
ok: [dut]

TASK [Wait for device to become ready] *****************************************
included: /home/pipi/netlab_gh/netsim/ansible/tasks/readiness-check/srsim.yml for dut

TASK [Common SR-OS checks] *****************************************************
included: /home/pipi/netlab_gh/netsim/ansible/tasks/readiness-check/sros.yml for dut

TASK [Check that required plugin exists, use 'netlab install grpc' to install it] ***
ok: [dut]

TASK [Wait up to 180s for gNMI(TCP 57400) to be ready on 192.168.83.101] *******
ok: [dut -> localhost]

TASK [Update SR-SIM hardware configuration] ************************************
changed: [dut]

TASK [Get port 1/1/c1 status] **************************************************
FAILED - RETRYING: [dut]: Get port 1/1/c1 status (10 retries left).
FAILED - RETRYING: [dut]: Get port 1/1/c1 status (9 retries left).
FAILED - RETRYING: [dut]: Get port 1/1/c1 status (8 retries left).
ok: [dut]

PLAY RECAP *********************************************************************
dut                        : ok=8    changed=1    unreachable=0    failed=0    skipped=0    rescued=0    ignored=0   

Config Deploying device configurations
 [INFO] Executing initial configuration for node r1
 [INFO] Executing initial configuration for node r2
 [INFO] Executing initial configuration for node r3
 [INFO] Executing initial configuration for node r4
 [INFO] Executing ospf configuration for node r4
 [INFO] Executing ospf configuration for node r1
 [INFO] Executing ospf configuration for node r3
 [INFO] Executing ospf configuration for node r2
 [INFO] Starting Ansible playbook to deploy the rest of the
          configurations
[WARNING]: Found variable using reserved name: hosts

PLAY [Deploy initial device configuration] *************************************

TASK [Set variables that cannot be set with VARS] ******************************
ok: [dut]

TASK [Normalize config on bridge-like devices] *********************************
included: /home/pipi/netlab_gh/netsim/ansible/tasks/deploy-module.yml for dut

TASK [Figure out whether to deploy the module normalize on current device] *****
ok: [dut]

TASK [Find configuration template for normalize] *******************************
ok: [dut]

TASK [fail] ********************************************************************
skipping: [dut]

TASK [Find configuration deployment deploy_script for normalize] ***************
ok: [dut]

TASK [Print deployed configuration when running in verbose mode] ***************
skipping: [dut]

TASK [Deploy normalize configuration] ******************************************
skipping: [dut]

TASK [Deploy initial configuration] ********************************************
included: /home/pipi/netlab_gh/netsim/ansible/tasks/deploy-module.yml for dut

TASK [Figure out whether to deploy the module initial on current device] *******
ok: [dut]

TASK [Find configuration template for initial] *********************************
ok: [dut]

TASK [fail] ********************************************************************
skipping: [dut]

TASK [Find configuration deployment deploy_script for initial] *****************
ok: [dut]

TASK [Print deployed configuration when running in verbose mode] ***************
ok: [dut] => {
    "msg": "initial configuration for dut\n=========================================\n\n\n\n\n\nupdates:\n- path: configure/card[slot-number=1]\n  val:\n    card-type: iom-1\n    mda:\n    - mda-slot: 1\n      mda-type: me12-100gb-qsfp28\n    - mda-slot: 2\n      mda-type: me12-100gb-qsfp28\n    slot-number: 1\n\n- path: configure/router[router-name=Base]\n  val:\n   ecmp: 64\n\n\n\n\n\n\n- path: configure/router[router-name=Base]/interface[interface-name=system]\n\n  val:\n   admin-state: enable\n   description: \"System interface\"\n   ipv4:\n    primary:\n     address: \"10.0.0.1\"\n     prefix-length: 32\n\n\n\n\n\n- path: configure/port[port-id=1/1/c1]\n  val:\n   admin-state: enable\n   connector:\n    breakout: \"c1-100g\"\n- path: configure/port[port-id=1/1/c1/1]\n  val:\n   admin-state: enable\n   ethernet:\n    mtu: 1514 # max 9800\n    mode: access\n\n\n- path: configure/service/vprn[service-name=red]\n  val:\n   customer: \"1\"\n   admin-state: enable\n   service-id: 100\n#   ecmp: 64\n\n- path: configure/service/vprn[service-name=red]/interface[interface-name=eth-1/1/c1]\n\n  val:\n   admin-state: enable\n   description: \"dut ~ r1 ()\"\n   ip-mtu: 1500\n   sap:\n   - sap-id: \"1/1/c1/1\"\n   ipv4:\n    primary:\n     address: \"10.1.0.1\"\n     prefix-length: 30\n\n\n\n\n\n- path: configure/port[port-id=1/1/c2]\n  val:\n   admin-state: enable\n   connector:\n    breakout: \"c1-100g\"\n- path: configure/port[port-id=1/1/c2/1]\n  val:\n   admin-state: enable\n   ethernet:\n    mtu: 1514 # max 9800\n    mode: access\n\n\n- path: configure/service/vprn[service-name=red]\n  val:\n   customer: \"1\"\n   admin-state: enable\n   service-id: 100\n#   ecmp: 64\n\n- path: configure/service/vprn[service-name=red]/interface[interface-name=eth-1/1/c2]\n\n  val:\n   admin-state: enable\n   description: \"dut ~ r2 ()\"\n   ip-mtu: 1500\n   sap:\n   - sap-id: \"1/1/c2/1\"\n   ipv4:\n    primary:\n     address: \"10.1.0.5\"\n     prefix-length: 30\n\n\n\n\n\n- path: configure/port[port-id=1/1/c3]\n  val:\n   admin-state: enable\n   connector:\n    breakout: \"c1-100g\"\n- path: configure/port[port-id=1/1/c3/1]\n  val:\n   admin-state: enable\n   ethernet:\n    mtu: 1514 # max 9800\n    mode: access\n\n\n- path: configure/service/vprn[service-name=blue]\n  val:\n   customer: \"1\"\n   admin-state: enable\n   service-id: 101\n#   ecmp: 64\n\n- path: configure/service/vprn[service-name=blue]/interface[interface-name=eth-1/1/c3]\n\n  val:\n   admin-state: enable\n   description: \"dut ~ r3 ()\"\n   ip-mtu: 1500\n   sap:\n   - sap-id: \"1/1/c3/1\"\n   ipv4:\n    primary:\n     address: \"10.1.0.9\"\n     prefix-length: 30\n\n\n\n\n\n- path: configure/port[port-id=1/1/c4]\n  val:\n   admin-state: enable\n   connector:\n    breakout: \"c1-100g\"\n- path: configure/port[port-id=1/1/c4/1]\n  val:\n   admin-state: enable\n   ethernet:\n    mtu: 1514 # max 9800\n    mode: access\n\n\n- path: configure/service/vprn[service-name=blue]\n  val:\n   customer: \"1\"\n   admin-state: enable\n   service-id: 101\n#   ecmp: 64\n\n- path: configure/service/vprn[service-name=blue]/interface[interface-name=eth-1/1/c4]\n\n  val:\n   admin-state: enable\n   description: \"dut ~ r4 ()\"\n   ip-mtu: 1500\n   sap:\n   - sap-id: \"1/1/c4/1\"\n   ipv4:\n    primary:\n     address: \"10.1.0.13\"\n     prefix-length: 30\n\n\n\n\n\n\n\n- path: configure/service/vprn[service-name=red]\n  val:\n   customer: \"1\"\n   admin-state: enable\n   service-id: 100\n#   ecmp: 64\n\n- path: configure/service/vprn[service-name=red]/interface[interface-name=loopback.1]\n\n  val:\n   admin-state: enable\n   description: \"Loopback\"\n   loopback: True\n   ipv4:\n    primary:\n     address: \"10.2.0.1\"\n     prefix-length: 32\n\n\n\n\n\n\n\n- path: configure/service/vprn[service-name=blue]\n  val:\n   customer: \"1\"\n   admin-state: enable\n   service-id: 101\n#   ecmp: 64\n\n- path: configure/service/vprn[service-name=blue]/interface[interface-name=loopback.2]\n\n  val:\n   admin-state: enable\n   description: \"Loopback\"\n   loopback: True\n   ipv4:\n    primary:\n     address: \"10.2.0.2\"\n     prefix-length: 32\n\n\n\n"
}

TASK [Deploy initial configuration] ********************************************
included: /home/pipi/netlab_gh/netsim/ansible/tasks/deploy-config/sros.yml for dut

TASK [Generate gNMI YAML configuration] ****************************************
ok: [dut]

TASK [Update initial node configuration from gNMI template /work/netlab_cicd/nokia_c/node_files/dut/initial] ***
changed: [dut]

TASK [debug] *******************************************************************
skipping: [dut]

PLAY [Deploy module-specific configurations] ***********************************

TASK [Set variables that cannot be set with VARS] ******************************
ok: [dut]

TASK [Deploy individual configuration modules] *********************************
included: /home/pipi/netlab_gh/netsim/ansible/tasks/deploy-module.yml for dut => (item=ospf)
included: /home/pipi/netlab_gh/netsim/ansible/tasks/deploy-module.yml for dut => (item=vrf)

TASK [Figure out whether to deploy the module ospf on current device] **********
ok: [dut]

TASK [Find configuration template for ospf] ************************************
ok: [dut]

TASK [fail] ********************************************************************
skipping: [dut]

TASK [Find configuration deployment deploy_script for ospf] ********************
ok: [dut]

TASK [Print deployed configuration when running in verbose mode] ***************
ok: [dut] => {
    "msg": "ospf configuration for dut\n=========================================\n\n\n\n\nupdates:\n"
}

TASK [Deploy ospf configuration] ***********************************************
included: /home/pipi/netlab_gh/netsim/ansible/tasks/deploy-config/sros.yml for dut

TASK [Generate gNMI YAML configuration] ****************************************
ok: [dut]

TASK [Update ospf node configuration from gNMI template /work/netlab_cicd/nokia_c/node_files/dut/ospf] ***
skipping: [dut]

TASK [debug] *******************************************************************
skipping: [dut]

TASK [Figure out whether to deploy the module vrf on current device] ***********
ok: [dut]

TASK [Find configuration template for vrf] *************************************
ok: [dut]

TASK [fail] ********************************************************************
skipping: [dut]

TASK [Find configuration deployment deploy_script for vrf] *********************
ok: [dut]

TASK [Print deployed configuration when running in verbose mode] ***************
ok: [dut] => {
    "msg": "vrf configuration for dut\n=========================================\n\nupdates:\n- path: configure/service/vprn[service-name=red]\n  val:\n    service-id: 100\n    customer: \"1\"\n    autonomous-system: 65000\n    ecmp: 64\n    admin-state: enable\n\n- path: configure/policy-options/policy-statement[name=ospf_red_export]\n  val:\n    default-action:\n      action-type: reject\n    entry:\n    - entry-id: 100\n      from:\n        protocol:\n          name: [ direct ]\n      action:\n        action-type: accept\n\n\n\n- path: configure/service/vprn[service-name=red]\n  val:\n   customer: \"1\"\n   admin-state: enable\n   service-id: 100\n#   ecmp: 64\n\n- path: configure/service/vprn[service-name=red]/ospf[ospf-instance=0]\n\n  val:\n    export-policy: [ ospf_red_export ]\n    admin-state: enable\n    router-id: 10.0.0.1\n    area:\n    - area-id: \"0.0.0.2\"\n      interface:\n      - interface-name: \"eth-1/1/c1\"\n        interface-type: \"point-to-point\"\n      - interface-name: \"eth-1/1/c2\"\n        interface-type: \"point-to-point\"\n      - interface-name: \"loopback.1\"\n\n- path: configure/service/vprn[service-name=blue]\n  val:\n    service-id: 101\n    customer: \"1\"\n    autonomous-system: 65000\n    ecmp: 64\n    admin-state: enable\n\n- path: configure/policy-options/policy-statement[name=ospf_blue_export]\n  val:\n    default-action:\n      action-type: reject\n    entry:\n    - entry-id: 100\n      from:\n        protocol:\n          name: [ direct ]\n      action:\n        action-type: accept\n\n\n\n- path: configure/service/vprn[service-name=blue]\n  val:\n   customer: \"1\"\n   admin-state: enable\n   service-id: 101\n#   ecmp: 64\n\n- path: configure/service/vprn[service-name=blue]/ospf[ospf-instance=0]\n\n  val:\n    export-policy: [ ospf_blue_export ]\n    admin-state: enable\n    router-id: 10.0.0.1\n    area:\n    - area-id: \"0.0.0.0\"\n      interface:\n      - interface-name: \"loopback.2\"\n    - area-id: \"0.0.0.3\"\n      interface:\n      - interface-name: \"eth-1/1/c3\"\n        interface-type: \"point-to-point\"\n    - area-id: \"0.0.0.4\"\n      interface:\n      - interface-name: \"eth-1/1/c4\"\n        interface-type: \"point-to-point\"\n\n"
}

TASK [Deploy vrf configuration] ************************************************
included: /home/pipi/netlab_gh/netsim/ansible/tasks/deploy-config/sros.yml for dut

TASK [Generate gNMI YAML configuration] ****************************************
ok: [dut]

TASK [Update vrf node configuration from gNMI template /work/netlab_cicd/nokia_c/node_files/dut/vrf] ***
changed: [dut]

TASK [debug] *******************************************************************
skipping: [dut]

PLAY [Deploy custom deployment templates] **************************************
skipping: no hosts matched

PLAY RECAP *********************************************************************
dut                        : ok=29   changed=2    unreachable=0    failed=0    skipped=10   rescued=0    ignored=0   

Results of configuration script deployments
================================================================================
r1               Script:  initial,ospf
r2               Script:  initial,ospf
r3               Script:  initial,ospf
r4               Script:  initial,ospf


The device under test has two VRFs with two interfaces in each VRF.
Routers are attached to those interfaces and run OSPF with device under test.
Assuming the multi-vrf test case succeeded, this one adds OSPF routing with
CE routers.

* r1 and r2 should be able to ping each other
* r3 and r4 should be able to ping each other
* r1 should not be able to reach r3

