Creating Device configuration snippets
[CREATED] dut: initial,bgp,vrf
[CREATED] r1: normalize,initial,bgp,bgp-xact
[CREATED] r2: normalize,initial,bgp,bgp-xact
[CREATED] r3: normalize,initial,bgp,bgp-xact
[CREATED] r4: normalize,initial,bgp,bgp-xact
Checking Are lab devices ready to be configured?
 [INFO] Checking SSH server(s) on r1,r2,r3,r4
 [INFO] Checking lab devices with an Ansible playbook
[WARNING]: Found variable using reserved name: hosts

PLAY [Wait for SSH servers] ****************************************************

PLAY [Wait for device-specific conditions] *************************************

TASK [Set variables that cannot be set with VARS] ******************************
ok: [dut]

TASK [Find device readiness script] ********************************************
ok: [dut]

TASK [Wait for device to become ready] *****************************************
included: /home/pipi/netlab_gh/netsim/ansible/tasks/readiness-check/srsim.yml for dut

TASK [Common SR-OS checks] *****************************************************
included: /home/pipi/netlab_gh/netsim/ansible/tasks/readiness-check/sros.yml for dut

TASK [Check that required plugin exists, use 'netlab install grpc' to install it] ***
ok: [dut]

TASK [Wait up to 180s for gNMI(TCP 57400) to be ready on 192.168.17.101] *******
ok: [dut -> localhost]

TASK [Update SR-SIM hardware configuration] ************************************
changed: [dut]

TASK [Get port 1/1/c1 status] **************************************************
FAILED - RETRYING: [dut]: Get port 1/1/c1 status (10 retries left).
FAILED - RETRYING: [dut]: Get port 1/1/c1 status (9 retries left).
FAILED - RETRYING: [dut]: Get port 1/1/c1 status (8 retries left).
ok: [dut]

PLAY RECAP *********************************************************************
dut                        : ok=8    changed=1    unreachable=0    failed=0    skipped=0    rescued=0    ignored=0   

Config Deploying device configurations
 [INFO] Executing normalize configuration for node r1
 [INFO] Executing normalize configuration for node r2
 [INFO] Executing normalize configuration for node r3
 [INFO] Executing normalize configuration for node r4
 [INFO] Executing initial configuration for node r4
 [INFO] Executing initial configuration for node r3
 [INFO] Executing initial configuration for node r2
 [INFO] Executing bgp configuration for node r4
 [INFO] Executing initial configuration for node r1
 [INFO] Executing bgp configuration for node r3
 [INFO] Executing bgp configuration for node r2
 [INFO] Executing bgp configuration for node r1
 [INFO] Executing bgp-xact configuration for node r4
 [INFO] Executing bgp-xact configuration for node r3
 [INFO] Executing bgp-xact configuration for node r2
 [INFO] Executing bgp-xact configuration for node r1
 [INFO] Starting Ansible playbook to deploy the rest of the
          configurations
[WARNING]: Found variable using reserved name: hosts

PLAY [Deploy initial device configuration] *************************************

TASK [Set variables that cannot be set with VARS] ******************************
ok: [dut]

TASK [Normalize config on bridge-like devices] *********************************
included: /home/pipi/netlab_gh/netsim/ansible/tasks/deploy-module.yml for dut

TASK [Figure out whether to deploy the module normalize on current device] *****
ok: [dut]

TASK [Find configuration template for normalize] *******************************
ok: [dut]

TASK [fail] ********************************************************************
skipping: [dut]

TASK [Find configuration deployment deploy_script for normalize] ***************
ok: [dut]

TASK [Print deployed configuration when running in verbose mode] ***************
skipping: [dut]

TASK [Deploy normalize configuration] ******************************************
skipping: [dut]

TASK [Deploy initial configuration] ********************************************
included: /home/pipi/netlab_gh/netsim/ansible/tasks/deploy-module.yml for dut

TASK [Figure out whether to deploy the module initial on current device] *******
ok: [dut]

TASK [Find configuration template for initial] *********************************
ok: [dut]

TASK [fail] ********************************************************************
skipping: [dut]

TASK [Find configuration deployment deploy_script for initial] *****************
ok: [dut]

TASK [Print deployed configuration when running in verbose mode] ***************
ok: [dut] => {
    "msg": "initial configuration for dut\n=========================================\n\n\n\n\n\nupdates:\n- path: configure/card[slot-number=1]\n  val:\n    card-type: iom-1\n    mda:\n    - mda-slot: 1\n      mda-type: me12-100gb-qsfp28\n    - mda-slot: 2\n      mda-type: me12-100gb-qsfp28\n    slot-number: 1\n\n- path: configure/router[router-name=Base]\n  val:\n   ecmp: 64\n\n\n\n\n\n\n- path: configure/router[router-name=Base]/interface[interface-name=system]\n\n  val:\n   admin-state: enable\n   description: \"System interface\"\n   ipv4:\n    primary:\n     address: \"10.0.0.1\"\n     prefix-length: 32\n\n   ipv6:\n    address:\n    - ipv6-address: \"2001:db8:1:1::1\"\n      prefix-length: 128\n\n\n\n\n\n- path: configure/port[port-id=1/1/c1]\n  val:\n   admin-state: enable\n   connector:\n    breakout: \"c1-100g\"\n- path: configure/port[port-id=1/1/c1/1]\n  val:\n   admin-state: enable\n   ethernet:\n    mtu: 1514 # max 9800\n    mode: access\n\n\n- path: configure/service/vprn[service-name=red]\n  val:\n   customer: \"1\"\n   admin-state: enable\n   service-id: 100\n#   ecmp: 64\n\n- path: configure/service/vprn[service-name=red]/interface[interface-name=eth-1/1/c1]\n\n  val:\n   admin-state: enable\n   description: \"dut ~ r1 (external)\"\n   ip-mtu: 1500\n   sap:\n   - sap-id: \"1/1/c1/1\"\n   ipv4:\n    primary:\n     address: \"10.1.0.1\"\n     prefix-length: 30\n\n\n\n\n\n- path: configure/port[port-id=1/1/c2]\n  val:\n   admin-state: enable\n   connector:\n    breakout: \"c1-100g\"\n- path: configure/port[port-id=1/1/c2/1]\n  val:\n   admin-state: enable\n   ethernet:\n    mtu: 1514 # max 9800\n    mode: access\n\n\n- path: configure/service/vprn[service-name=red]\n  val:\n   customer: \"1\"\n   admin-state: enable\n   service-id: 100\n#   ecmp: 64\n\n- path: configure/service/vprn[service-name=red]/interface[interface-name=eth-1/1/c2]\n\n  val:\n   admin-state: enable\n   description: \"dut ~ r2 (external)\"\n   ip-mtu: 1500\n   sap:\n   - sap-id: \"1/1/c2/1\"\n   ipv4:\n    primary:\n     address: \"10.1.0.5\"\n     prefix-length: 30\n\n\n\n\n\n- path: configure/port[port-id=1/1/c3]\n  val:\n   admin-state: enable\n   connector:\n    breakout: \"c1-100g\"\n- path: configure/port[port-id=1/1/c3/1]\n  val:\n   admin-state: enable\n   ethernet:\n    mtu: 1514 # max 9800\n    mode: access\n\n\n- path: configure/service/vprn[service-name=blue]\n  val:\n   customer: \"1\"\n   admin-state: enable\n   service-id: 101\n#   ecmp: 64\n\n- path: configure/service/vprn[service-name=blue]/interface[interface-name=eth-1/1/c3]\n\n  val:\n   admin-state: enable\n   description: \"dut ~ r3 (external)\"\n   ip-mtu: 1500\n   sap:\n   - sap-id: \"1/1/c3/1\"\n   ipv4:\n    primary:\n     address: \"10.1.0.9\"\n     prefix-length: 30\n\n\n\n\n\n- path: configure/port[port-id=1/1/c4]\n  val:\n   admin-state: enable\n   connector:\n    breakout: \"c1-100g\"\n- path: configure/port[port-id=1/1/c4/1]\n  val:\n   admin-state: enable\n   ethernet:\n    mtu: 1514 # max 9800\n    mode: access\n\n\n- path: configure/service/vprn[service-name=blue]\n  val:\n   customer: \"1\"\n   admin-state: enable\n   service-id: 101\n#   ecmp: 64\n\n- path: configure/service/vprn[service-name=blue]/interface[interface-name=eth-1/1/c4]\n\n  val:\n   admin-state: enable\n   description: \"dut ~ r4 (external)\"\n   ip-mtu: 1500\n   sap:\n   - sap-id: \"1/1/c4/1\"\n   ipv4:\n    primary:\n     address: \"10.1.0.13\"\n     prefix-length: 30\n\n\n\n"
}

TASK [Deploy initial configuration] ********************************************
included: /home/pipi/netlab_gh/netsim/ansible/tasks/deploy-config/sros.yml for dut

TASK [Generate gNMI YAML configuration] ****************************************
ok: [dut]

TASK [Update initial node configuration from gNMI template /work/netlab_cicd/node_files/dut/initial] ***
changed: [dut]

TASK [debug] *******************************************************************
skipping: [dut]

PLAY [Deploy module-specific configurations] ***********************************

TASK [Set variables that cannot be set with VARS] ******************************
ok: [dut]

TASK [Deploy individual configuration modules] *********************************
included: /home/pipi/netlab_gh/netsim/ansible/tasks/deploy-module.yml for dut => (item=bgp)
included: /home/pipi/netlab_gh/netsim/ansible/tasks/deploy-module.yml for dut => (item=vrf)

TASK [Figure out whether to deploy the module bgp on current device] ***********
ok: [dut]

TASK [Find configuration template for bgp] *************************************
ok: [dut]

TASK [fail] ********************************************************************
skipping: [dut]

TASK [Find configuration deployment deploy_script for bgp] *********************
ok: [dut]

TASK [Print deployed configuration when running in verbose mode] ***************
ok: [dut] => {
    "msg": "bgp configuration for dut\n=========================================\n\nupdates:\n\n- path: configure/policy-options/policy-statement[name=accept_all]\n  val:\n    default-action:\n      action-type: accept\n\n- path: configure/policy-options/policy-statement[name=next-hop-self-ebgp-routes-only]\n  val:\n    entry:\n    - entry-id: 10\n      from:\n        path-type: ebgp\n      action:\n        action-type: accept\n        next-hop: self\n    default-action:\n      action-type: next-policy\n\n\n- path: configure/policy-options/prefix-list[name=bgp_default_advertise]\n  val:\n    prefix: [] # Make sure it exists\n\n- path: configure/policy-options/policy-statement[name=bgp_default_export]\n  val:\n    default-action:\n      action-type: reject\n    entry:\n    - entry-id: 10\n      from:\n        prefix-list: [ \"bgp_default_advertise\" ]\n      action:\n        action-type: accept\n    - entry-id: 20\n      from:\n        protocol:\n          name: [ bgp ]\n      action:\n        action-type: accept\n- path: configure/policy-options/prefix-list[name=bgp_default_advertise]\n  val:\n    prefix:\n    - ip-prefix: 10.0.0.1/32\n      type: exact\n\n- path: configure/policy-options/prefix-list[name=bgp_default_advertise]\n  val:\n    prefix:\n    - ip-prefix: 2001:db8:1:1::/64\n      type: exact\n\n\n- path: configure/router[router-name=Base]\n  val:\n    router-id: \"10.0.0.1\"\n    autonomous-system: 65000\n    bgp:\n      ebgp-default-reject-policy:\n        import: False\n        export: False\n      advertise-inactive: True\n      multipath:\n        ibgp: 64\n        ebgp: 64\n      min-route-advertisement: 1 # Be aggressive about sending updates\n      connect-retry: 5           # Retry frequently, suitable in DC context\n    # family: cannot disable this\n    # ipv4: False # Enabled by default, disable globally and set per group\n\n\n\n\n\n"
}

TASK [Deploy bgp configuration] ************************************************
included: /home/pipi/netlab_gh/netsim/ansible/tasks/deploy-config/sros.yml for dut

TASK [Generate gNMI YAML configuration] ****************************************
ok: [dut]

TASK [Update bgp node configuration from gNMI template /work/netlab_cicd/node_files/dut/bgp] ***
changed: [dut]

TASK [debug] *******************************************************************
skipping: [dut]

TASK [Figure out whether to deploy the module vrf on current device] ***********
ok: [dut]

TASK [Find configuration template for vrf] *************************************
ok: [dut]

TASK [fail] ********************************************************************
skipping: [dut]

TASK [Find configuration deployment deploy_script for vrf] *********************
ok: [dut]

TASK [Print deployed configuration when running in verbose mode] ***************
ok: [dut] => {
    "msg": "vrf configuration for dut\n=========================================\n\nupdates:\n- path: configure/service/vprn[service-name=red]\n  val:\n    service-id: 100\n    customer: \"1\"\n    autonomous-system: 65000\n    router-id: 10.0.0.1\n    ecmp: 64\n    admin-state: enable\n\n- path: configure/policy-options/prefix-list[name=bgp_red_advertise]\n  val:\n    prefix: [] # Make sure it exists\n\n- path: configure/policy-options/policy-statement[name=bgp_red_export]\n  val:\n    default-action:\n      action-type: reject\n    entry:\n    - entry-id: 10\n      from:\n        prefix-list: [ \"bgp_red_advertise\" ]\n      action:\n        action-type: accept\n    - entry-id: 20\n      from:\n        protocol:\n          name: [ bgp ]\n      action:\n        action-type: accept\n    \n- path: configure/policy-options/prefix-list[name=bgp_red_advertise]\n  val:\n    prefix:\n    - ip-prefix: 10.1.0.0/30\n      type: exact\n\n\n- path: configure/service/vprn[service-name=red]\n  val:\n    router-id: \"10.0.0.1\"\n    autonomous-system: 65000\n    bgp:\n      ebgp-default-reject-policy:\n        import: False\n        export: False\n      advertise-inactive: True\n      multipath:\n        ibgp: 64\n        ebgp: 64\n      min-route-advertisement: 1 # Be aggressive about sending updates\n      connect-retry: 5           # Retry frequently, suitable in DC context\n    # family: cannot disable this\n    # ipv4: False # Enabled by default, disable globally and set per group\n\n\n\n\n- path: configure/service/vprn[service-name=red]/bgp/group[group-name=ebgp]\n  val:\n    admin-state: enable\n    family:\n      ipv4: True\n      ipv6: False\n\n    import:\n      policy: [\"accept_all\"]\n    export:\n      policy:\n      - bgp_red_export\n    send-communities:\n      extended: False  # True value not allowed, on by default\n\n\n- path: configure/service/vprn[service-name=red]/bgp\n  val:\n    neighbor:\n    - ip-address: \"10.1.0.2\"\n      description: \"r1\"\n      peer-as: 65101\n      group: \"ebgp\"\n      admin-state: enable\n      family:\n        ipv4: True\n        ipv6: False\n\n\n- path: configure/service/vprn[service-name=red]/bgp/group[group-name=ebgp]\n  val:\n    admin-state: enable\n    family:\n      ipv4: True\n      ipv6: False\n\n    import:\n      policy: [\"accept_all\"]\n    export:\n      policy:\n      - bgp_red_export\n    send-communities:\n      extended: False  # True value not allowed, on by default\n\n\n- path: configure/service/vprn[service-name=red]/bgp\n  val:\n    neighbor:\n    - ip-address: \"10.1.0.6\"\n      description: \"r2\"\n      peer-as: 65102\n      group: \"ebgp\"\n      admin-state: enable\n      family:\n        ipv4: True\n        ipv6: False\n\n\n\n\n\n- path: configure/service/vprn[service-name=blue]\n  val:\n    service-id: 101\n    customer: \"1\"\n    autonomous-system: 65000\n    router-id: 10.0.0.1\n    ecmp: 64\n    admin-state: enable\n\n- path: configure/policy-options/prefix-list[name=bgp_blue_advertise]\n  val:\n    prefix: [] # Make sure it exists\n\n- path: configure/policy-options/policy-statement[name=bgp_blue_export]\n  val:\n    default-action:\n      action-type: reject\n    entry:\n    - entry-id: 10\n      from:\n        prefix-list: [ \"bgp_blue_advertise\" ]\n      action:\n        action-type: accept\n    - entry-id: 20\n      from:\n        protocol:\n          name: [ bgp ]\n      action:\n        action-type: accept\n    - entry-id: 100\n      from:\n        protocol:\n          name: [ direct ]\n      action:\n        action-type: accept\n\n\n- path: configure/service/vprn[service-name=blue]\n  val:\n    router-id: \"10.0.0.1\"\n    autonomous-system: 65000\n    bgp:\n      ebgp-default-reject-policy:\n        import: False\n        export: False\n      advertise-inactive: True\n      multipath:\n        ibgp: 64\n        ebgp: 64\n      min-route-advertisement: 1 # Be aggressive about sending updates\n      connect-retry: 5           # Retry frequently, suitable in DC context\n    # family: cannot disable this\n    # ipv4: False # Enabled by default, disable globally and set per group\n\n\n\n\n- path: configure/service/vprn[service-name=blue]/bgp/group[group-name=ebgp]\n  val:\n    admin-state: enable\n    family:\n      ipv4: True\n      ipv6: False\n\n    import:\n      policy: [\"accept_all\"]\n    export:\n      policy:\n      - bgp_blue_export\n    send-communities:\n      extended: False  # True value not allowed, on by default\n\n\n- path: configure/service/vprn[service-name=blue]/bgp\n  val:\n    neighbor:\n    - ip-address: \"10.1.0.10\"\n      description: \"r3\"\n      peer-as: 65103\n      group: \"ebgp\"\n      admin-state: enable\n      family:\n        ipv4: True\n        ipv6: False\n\n\n- path: configure/service/vprn[service-name=blue]/bgp/group[group-name=ebgp]\n  val:\n    admin-state: enable\n    family:\n      ipv4: True\n      ipv6: False\n\n    import:\n      policy: [\"accept_all\"]\n    export:\n      policy:\n      - bgp_blue_export\n    send-communities:\n      extended: False  # True value not allowed, on by default\n\n\n- path: configure/service/vprn[service-name=blue]/bgp\n  val:\n    neighbor:\n    - ip-address: \"10.1.0.14\"\n      description: \"r4\"\n      peer-as: 65104\n      group: \"ebgp\"\n      admin-state: enable\n      family:\n        ipv4: True\n        ipv6: False\n\n\n\n\n\n"
}

TASK [Deploy vrf configuration] ************************************************
included: /home/pipi/netlab_gh/netsim/ansible/tasks/deploy-config/sros.yml for dut

TASK [Generate gNMI YAML configuration] ****************************************
ok: [dut]

TASK [Update vrf node configuration from gNMI template /work/netlab_cicd/node_files/dut/vrf] ***
changed: [dut]

TASK [debug] *******************************************************************
skipping: [dut]

PLAY [Deploy custom deployment templates] **************************************
skipping: no hosts matched

PLAY RECAP *********************************************************************
dut                        : ok=30   changed=3    unreachable=0    failed=0    skipped=9    rescued=0    ignored=0   

Results of configuration script deployments
================================================================================
r1               Script:  normalize,initial,bgp,bgp-xact
r2               Script:  normalize,initial,bgp,bgp-xact
r3               Script:  normalize,initial,bgp,bgp-xact
r4               Script:  normalize,initial,bgp,bgp-xact


The device under test has two VRFs with two interfaces in each VRF.
Routers are attached to those interfaces and run BGP with device under test.
Assuming the multi-vrf test case succeeded, this one adds BGP routing with
CE routers.

* r1 and r2 should be able to ping each other
* r3 and r4 should be able to ping each other
* r1 should not be able to reach r3

The test also checks whether DUT unnecessarily enables IPv6 AF over IPv4
EBGP sessions

