Checking virtualization provider installation
OK: clab installed and working correctly
Stopping clab nodes
05:27:31 INFO Parsing & checking topology file=clab.yml
05:27:31 INFO Parsing & checking topology file=clab.yml
05:27:31 INFO Destroying lab name=ml-17
05:27:31 INFO Removed container name=clab-ml-17-r3
05:27:31 INFO Removed container name=clab-ml-17-r4
05:27:32 INFO Removed container name=clab-ml-17-r2
05:27:32 INFO Removed container name=clab-ml-17-dut
05:27:32 INFO Removed container name=clab-ml-17-r1
05:27:32 INFO Removing host entries path=/etc/hosts
05:27:32 INFO Removing SSH config path=/etc/ssh/ssh_config.d/clab-ml-17.conf
Cleanup configuration files
... removing clab.yml
... removing ansible.cfg
... removing hosts.yml
... removing directory tree group_vars
... removing directory tree host_vars
... removing directory tree node_files
... removing netlab.snapshot.pickle
