Using transformed lab topology from snapshot file netlab.snapshot.pickle
Checking virtualization provider installation
OK: clab installed and working correctly
Starting clab nodes
provider clab: executing flock -E 42 /tmp/netlab.lock sudo -E containerlab deploy --reconfigure -t clab.yml
16:40:54 INFO Containerlab started version=0.75.0
16:40:54 INFO Parsing & checking topology file=clab.yml
16:40:54 INFO Removing directory path=/work/netlab_cicd/clab-ml-17
16:40:54 INFO Creating docker network name=nl_mgmt_17 IPv4 subnet=192.168.17.0/24 IPv6 subnet="" MTU=0
16:40:54 INFO Creating lab directory path=/work/netlab_cicd/clab-ml-17
16:40:54 INFO Creating container name=x1
16:40:55 INFO Creating container name=dut
16:40:55 INFO Created link: dut:et1 ▪┄┄▪ x1:eth1
16:40:55 INFO Running postdeploy actions for Arista cEOS 'dut' node
16:41:11 INFO Executed command node=x1 command="sleep 1" stdout=""
16:41:11 INFO Adding host entries path=/etc/hosts
16:41:11 INFO Adding SSH config for nodes path=/etc/ssh/ssh_config.d/clab-ml-17.conf
16:41:11 INFO containerlab version
  🎉=
  │ A newer containerlab version (0.76.0) is available!
  │ Release notes: https://containerlab.dev/rn/0.76/
  │ Run 'clab version upgrade' or see https://containerlab.dev/install/ for other installation options.
[1m╭[0m[1m────────────────[0m[1m┬[0m[1m──────────────────────────────[0m[1m┬[0m[1m─────────[0m[1m┬[0m[1m────────────────[0m[1m╮[0m
[1m│[0m[1m      Name      [0m[1m│[0m[1m          Kind/Image          [0m[1m│[0m[1m  State  [0m[1m│[0m[1m IPv4/6 Address [0m[1m│[0m
[1m├[0m[1m────────────────[0m[1m┼[0m[1m──────────────────────────────[0m[1m┼[0m[1m─────────[0m[1m┼[0m[1m────────────────[0m[1m┤[0m
│ clab-ml-17-dut │ ceos                         │ running │ 192.168.17.101 │
│                │ ceos:4.35.2F                 │         │ N/A            │
├────────────────┼──────────────────────────────┼─────────┼────────────────┤
│ clab-ml-17-x1  │ linux                        │ running │ 192.168.17.102 │
│                │ quay.io/frrouting/frr:10.6.1 │         │ N/A            │
╰────────────────┴──────────────────────────────┴─────────┴────────────────╯
Deploying initial device configurations
Creating Device configuration snippets
[CREATED] dut: normalize,initial,ospf
[CREATED] x1: initial,ospf
Checking Are lab devices ready to be configured?
 [INFO] Checking SSH server(s) on dut
Config Normalizing device configurations
 [INFO] Executing normalize configuration for node dut
Config Deploying device configurations
 [INFO] Executing initial configuration for node dut
 [INFO] Executing initial configuration for node x1
 [INFO] Executing ospf configuration for node x1
 [INFO] Executing ospf configuration for node dut

Results of configuration script deployments
================================================================================
dut              Script:  normalize,initial,ospf
x1               Script:  initial,ospf


OK: Lab devices configured


This topology tests the "start lab with configuration reload" functionality.
It is equivalent to the 'initial/10-reload' test with Arista cEOS, but
executed in the scope of platform CLI command tests.

[WARNING]: Found variable using reserved name: hosts

PLAY [Collect device configurations] *******************************************

TASK [Set variables that cannot be set with VARS] ******************************
ok: [dut]

TASK [Create '/work/netlab_cicd/saved' directory] ******************************
ok: [dut -> localhost]

TASK [Find configuration collection script] ************************************
ok: [dut]

TASK [Collect device configurations] *******************************************
included: /home/pipi/netlab_gh/netsim/ansible/tasks/fetch-config/eos.yml for dut

TASK [arista.eos.eos_facts] ****************************************************
ok: [dut]

TASK [set_fact] ****************************************************************
ok: [dut]

TASK [Copy collected configuration to '/work/netlab_cicd/saved' directory] *****
changed: [dut -> localhost]

PLAY RECAP *********************************************************************
dut                        : ok=7    changed=1    unreachable=0    failed=0    skipped=0    rescued=0    ignored=0   

cwd: /work/netlab_cicd output: saved
Checking virtualization provider installation
OK: clab installed and working correctly
Stopping clab nodes
provider clab: executing flock -E 42 /tmp/netlab.lock sudo -E containerlab destroy --cleanup -t clab.yml
16:41:16 INFO Parsing & checking topology file=clab.yml
16:41:17 INFO Parsing & checking topology file=clab.yml
16:41:17 INFO Destroying lab name=ml-17
16:41:17 INFO Removed container name=clab-ml-17-x1
16:41:17 INFO Removed container name=clab-ml-17-dut
16:41:17 INFO Removing host entries path=/etc/hosts
16:41:17 INFO Removing SSH config path=/etc/ssh/ssh_config.d/clab-ml-17.conf
