Checking virtualization provider installation
OK: clab installed and working correctly
Stopping clab nodes
 [INFO] Setting containerlab runtime to docker
provider clab: executing flock -E 42 /tmp/netlab.lock containerlab destroy --cleanup -t clab.yml
10:16:35 INFO Parsing & checking topology file=clab.yml
10:16:35 INFO Parsing & checking topology file=clab.yml
10:16:35 INFO Destroying lab name=ml-17
10:16:35 INFO Removed container name=clab-ml-17-x1
10:16:35 INFO Removed container name=clab-ml-17-dut
10:16:35 INFO Removing host entries path=/etc/hosts
10:16:35 INFO Removing SSH config path=/etc/ssh/ssh_config.d/clab-ml-17.conf
Progress Lab has been stopped, starting new instance
Creating configuration files
[CONFIG]  dut: initial,ospf,daemons,hosts
[CONFIG]  x1: initial,ospf,daemons,hosts (shared)
Created provider configuration file: clab.yml
Created pickled transformed topology data into netlab.snapshot.pickle
Created group_vars for all
Created group_vars for modules
Created group_vars for frr
Created host_vars for dut, x1
Created minimized Ansible inventory hosts.yml
Created Ansible configuration file: ansible.cfg
Checking virtualization provider installation
OK: clab installed and working correctly
Starting clab nodes
 [INFO] Setting containerlab runtime to docker
provider clab: executing flock -E 42 /tmp/netlab.lock containerlab deploy --reconfigure -t clab.yml
10:16:36 INFO Containerlab started version=0.79.0
10:16:36 INFO Parsing & checking topology file=clab.yml
10:16:36 INFO Removing directory path=/work/netlab_cicd/clab-ml-17
10:16:36 INFO Creating docker network name=nl_mgmt_17 IPv4 subnet=192.168.17.0/24 IPv6 subnet=fd00:df:1ab:17::/64 MTU=0
10:16:37 INFO Creating lab directory path=/work/netlab_cicd/clab-ml-17
10:16:37 INFO Creating container name=dut
10:16:37 INFO Creating container name=x1
10:16:37 INFO Created link: dut:eth1 ▪┄┄▪ x1:eth1
10:16:38 INFO Executed command node=x1 command="sleep 1" stdout=""
10:16:38 INFO Executed command node=dut command="sleep 1" stdout=""
10:16:38 INFO Adding host entries path=/etc/hosts
10:16:38 INFO Adding SSH config for nodes path=/etc/ssh/ssh_config.d/clab-ml-17.conf
[1m╭[0m[1m────────────────[0m[1m┬[0m[1m──────────────────────────────[0m[1m┬[0m[1m─────────[0m[1m┬[0m[1m───────────────────[0m[1m╮[0m
[1m│[0m[1m      Name      [0m[1m│[0m[1m          Kind/Image          [0m[1m│[0m[1m  State  [0m[1m│[0m[1m   IPv4/6 Address  [0m[1m│[0m
[1m├[0m[1m────────────────[0m[1m┼[0m[1m──────────────────────────────[0m[1m┼[0m[1m─────────[0m[1m┼[0m[1m───────────────────[0m[1m┤[0m
│ clab-ml-17-dut │ linux                        │ running │ 192.168.17.101    │
│                │ quay.io/frrouting/frr:10.7.1 │         │ fd00:df:1ab:17::3 │
├────────────────┼──────────────────────────────┼─────────┼───────────────────┤
│ clab-ml-17-x1  │ linux                        │ running │ 192.168.17.102    │
│                │ quay.io/frrouting/frr:10.7.1 │         │ fd00:df:1ab:17::2 │
╰────────────────┴──────────────────────────────┴─────────┴───────────────────╯
Deploying initial device configurations
Config Deploying device configurations
 [INFO] Executing initial configuration for node dut
 [INFO] Executing initial configuration for node x1
 [INFO] Executing ospf configuration for node dut
 [INFO] Executing ospf configuration for node x1

Results of configuration script deployments
================================================================================
dut              Script:  initial,ospf
x1               Script:  initial,ospf


OK: Lab devices configured


This topology tests the "restart lab" functionality.

