Creating Device configuration snippets
[CREATED] dut: initial,dhcp,services,routing
[CREATED] rtr: initial,services
[CREATED] h1: initial,routing
[CREATED] h2: initial,routing
Config Deploying device configurations
 [INFO] Executing initial configuration for node dut (namespace clab-
          ml-17-dut)
 [INFO] Executing initial configuration for node rtr
 [INFO] Executing initial configuration for node h1 (namespace clab-
          ml-17-h1)
 [INFO] Executing initial configuration for node h2 (namespace clab-
          ml-17-h2)
 [INFO] Executing routing configuration for node dut (namespace clab-
          ml-17-dut)
 [INFO] Executing routing configuration for node h1 (namespace clab-
          ml-17-h1)
 [INFO] Executing routing configuration for node h2 (namespace clab-
          ml-17-h2)
 [INFO] Executing services configuration for node rtr

Results of configuration script deployments
================================================================================
dut              Script:  initial,routing
rtr              Script:  initial,services
h1               Script:  initial,routing
h2               Script:  initial,routing


The test checks the DNS server. A client executes a "ping" command (to
test forward name resolution) and traceroute (to test reverse name
resolution).

