Using transformed lab topology from snapshot file netlab.snapshot.pickle
Checking virtualization provider installation
OK: clab installed and working correctly
Starting clab nodes
 [INFO] Setting containerlab runtime to docker
provider clab: executing flock -E 42 /tmp/netlab.lock containerlab deploy --reconfigure -t clab.yml
15:53:52 INFO Containerlab started version=0.75.0
15:53:52 INFO Parsing & checking topology file=clab.yml
15:53:52 INFO Removing directory path=/work/netlab_cicd/clab-ml-17
15:53:52 INFO Creating docker network name=nl_mgmt_17 IPv4 subnet=192.168.17.0/24 IPv6 subnet=fd00:df:1ab:17::/64 MTU=0
15:53:52 INFO Creating lab directory path=/work/netlab_cicd/clab-ml-17
15:53:53 INFO Creating container name=h1
15:53:53 INFO Creating container name=rtr
15:53:53 INFO Creating container name=dut
15:53:53 INFO Creating container name=h2
15:53:53 INFO Created link: dut:eth1 ▪┄┄▪ rtr:eth1
15:53:53 INFO Created link: rtr:eth2 ▪┄┄▪ h1:eth1
15:53:53 INFO Created link: rtr:eth3 ▪┄┄▪ h2:eth1
15:53:54 INFO Executed command node=rtr command="sleep 1" stdout=""
15:53:54 INFO Adding host entries path=/etc/hosts
15:53:54 INFO Adding SSH config for nodes path=/etc/ssh/ssh_config.d/clab-ml-17.conf
15:53:54 INFO containerlab version
  🎉=
  │ A newer containerlab version (0.78.2) is available!
  │ Release notes: https://containerlab.dev/rn/0.78/#0782
  │ Run 'clab version upgrade' or see https://containerlab.dev/install/ for other installation options.
[1m╭[0m[1m────────────────[0m[1m┬[0m[1m──────────────────────────────[0m[1m┬[0m[1m─────────[0m[1m┬[0m[1m───────────────────[0m[1m╮[0m
[1m│[0m[1m      Name      [0m[1m│[0m[1m          Kind/Image          [0m[1m│[0m[1m  State  [0m[1m│[0m[1m   IPv4/6 Address  [0m[1m│[0m
[1m├[0m[1m────────────────[0m[1m┼[0m[1m──────────────────────────────[0m[1m┼[0m[1m─────────[0m[1m┼[0m[1m───────────────────[0m[1m┤[0m
│ clab-ml-17-dut │ linux                        │ running │ 192.168.17.101    │
│                │ netlab/dnsmasq:latest        │         │ fd00:df:1ab:17::2 │
├────────────────┼──────────────────────────────┼─────────┼───────────────────┤
│ clab-ml-17-h1  │ linux                        │ running │ 192.168.17.103    │
│                │ python:3.13-alpine           │         │ fd00:df:1ab:17::5 │
├────────────────┼──────────────────────────────┼─────────┼───────────────────┤
│ clab-ml-17-h2  │ linux                        │ running │ 192.168.17.104    │
│                │ python:3.13-alpine           │         │ fd00:df:1ab:17::4 │
├────────────────┼──────────────────────────────┼─────────┼───────────────────┤
│ clab-ml-17-rtr │ linux                        │ running │ 192.168.17.102    │
│                │ quay.io/frrouting/frr:10.6.1 │         │ fd00:df:1ab:17::3 │
╰────────────────┴──────────────────────────────┴─────────┴───────────────────╯

Initial configuration skipped, run 'netlab initial' to configure the devices
