Using transformed lab topology from snapshot file netlab.snapshot.pickle
Checking virtualization provider installation
OK: clab installed and working correctly
Starting clab nodes
Loading Linux kernel modules mpls-router,mpls-iptunnel required by containers using sr module
provider clab: executing sudo -E containerlab deploy --reconfigure -t clab.yml
18:46:44 INFO Containerlab started version=0.74.2
18:46:44 INFO Parsing & checking topology file=clab.yml
18:46:44 INFO Removing directory path=/work/netlab_cicd/xr/clab-ml-82
18:46:44 INFO Creating docker network name=nl_mgmt_82 IPv4 subnet=192.168.82.0/24 IPv6 subnet="" MTU=0
18:46:44 INFO Creating lab directory path=/work/netlab_cicd/xr/clab-ml-82
18:46:44 INFO Creating container name=pe2
18:46:44 INFO Creating container name=h2
18:46:44 INFO Creating container name=h1
18:46:44 INFO Creating container name=pe1
18:46:44 INFO Creating container name=p2
18:46:44 INFO Creating container name=dut
18:46:46 INFO Running postdeploy actions for Cisco XRd 'dut' node
18:46:46 INFO Created link: pe1:eth2 ▪┄┄▪ dut:Gi0-0-0-0
18:46:47 INFO Created link: h1:eth1 ▪┄┄▪ pe1:eth1
18:46:47 INFO Created link: dut:Gi0-0-0-1 ▪┄┄▪ p2:eth1
18:46:47 INFO Created link: pe2:eth1 ▪┄┄▪ p2:eth2
18:46:47 INFO Created link: h2:eth1 ▪┄┄▪ pe2:eth2
18:46:48 INFO Executed command node=pe1 command="sleep 1" stdout=""
18:46:48 INFO Executed command node=p2 command="sleep 1" stdout=""
18:46:48 INFO Executed command node=pe2 command="sleep 1" stdout=""
18:46:48 INFO Adding host entries path=/etc/hosts
18:46:48 INFO Adding SSH config for nodes path=/etc/ssh/ssh_config.d/clab-ml-82.conf
18:46:48 INFO containerlab version
  🎉=
  │ A newer containerlab version (0.74.3) is available!
  │ Release notes: https://containerlab.dev/rn/0.74/#0743
  │ Run 'clab version upgrade' or see https://containerlab.dev/install/ for other installation options.
[1m╭[0m[1m────────────────[0m[1m┬[0m[1m─────────────────────────────────[0m[1m┬[0m[1m─────────[0m[1m┬[0m[1m────────────────[0m[1m╮[0m
[1m│[0m[1m      Name      [0m[1m│[0m[1m            Kind/Image           [0m[1m│[0m[1m  State  [0m[1m│[0m[1m IPv4/6 Address [0m[1m│[0m
[1m├[0m[1m────────────────[0m[1m┼[0m[1m─────────────────────────────────[0m[1m┼[0m[1m─────────[0m[1m┼[0m[1m────────────────[0m[1m┤[0m
│ clab-ml-82-dut │ cisco_xrd                       │ running │ 192.168.82.105 │
│                │ ios-xr/xrd-control-plane:25.2.1 │         │ N/A            │
├────────────────┼─────────────────────────────────┼─────────┼────────────────┤
│ clab-ml-82-h1  │ linux                           │ running │ 192.168.82.101 │
│                │ python:3.13-alpine              │         │ N/A            │
├────────────────┼─────────────────────────────────┼─────────┼────────────────┤
│ clab-ml-82-h2  │ linux                           │ running │ 192.168.82.102 │
│                │ python:3.13-alpine              │         │ N/A            │
├────────────────┼─────────────────────────────────┼─────────┼────────────────┤
│ clab-ml-82-p2  │ linux                           │ running │ 192.168.82.106 │
│                │ quay.io/frrouting/frr:10.6.0    │         │ N/A            │
├────────────────┼─────────────────────────────────┼─────────┼────────────────┤
│ clab-ml-82-pe1 │ linux                           │ running │ 192.168.82.103 │
│                │ quay.io/frrouting/frr:10.6.0    │         │ N/A            │
├────────────────┼─────────────────────────────────┼─────────┼────────────────┤
│ clab-ml-82-pe2 │ linux                           │ running │ 192.168.82.104 │
│                │ quay.io/frrouting/frr:10.6.0    │         │ N/A            │
╰────────────────┴─────────────────────────────────┴─────────┴────────────────╯

Initial configuration skipped, run 'netlab initial' to configure the devices
