Creating Device configuration snippets
[CREATED] h1: initial,routing
[CREATED] h2: initial,routing
[CREATED] pe1: initial,ospf,bgp,sr
[CREATED] pe2: initial,ospf,bgp,sr
[CREATED] dut: initial,ospf,sr
[CREATED] p2: initial,ospf,sr
Checking Are lab devices ready to be configured?
 [INFO] Checking SSH server(s) on dut
[SSH]     SSH server on node dut (device iosxr) is ready after 26.0 seconds
Config Deploying device configurations
 [INFO] Executing initial configuration for node h1 (namespace clab-
          ml-82-h1)
 [INFO] Executing initial configuration for node h2 (namespace clab-
          ml-82-h2)
 [INFO] Executing initial configuration for node pe1
 [INFO] Executing initial configuration for node pe2
 [INFO] Executing initial configuration for node dut
 [INFO] Executing initial configuration for node p2
 [INFO] Executing routing configuration for node h1 (namespace clab-
          ml-82-h1)
 [INFO] Executing routing configuration for node h2 (namespace clab-
          ml-82-h2)
 [INFO] Executing ospf configuration for node pe2
 [INFO] Executing ospf configuration for node p2
 [INFO] Executing ospf configuration for node pe1
 [INFO] Executing bgp configuration for node pe2
 [INFO] Executing sr configuration for node p2
 [INFO] Executing bgp configuration for node pe1
 [INFO] Executing sr configuration for node pe2
 [INFO] Executing sr configuration for node pe1
 [INFO] Executing ospf configuration for node dut
 [INFO] Executing sr configuration for node dut

Results of configuration script deployments
================================================================================
h1               Script:  initial,routing
h2               Script:  initial,routing
pe1              Script:  initial,ospf,bgp,sr
pe2              Script:  initial,ospf,bgp,sr
dut              Script:  initial,ospf,sr
p2               Script:  initial,ospf,sr


The tested device (DUT) is a P-router running OSPFv2 and SR-MPLS in an
IPv4-only network. The validation test checks end-to-end connectivity across a
BGP-free MPLS core.

