Checking virtualization provider installation
OK: clab installed and working correctly
Stopping clab nodes
 [INFO] Setting containerlab runtime to docker
provider clab: executing flock -E 42 /tmp/netlab.lock containerlab destroy --cleanup -t clab.yml
14:17:19 INFO Parsing & checking topology file=clab.yml
14:17:19 INFO Parsing & checking topology file=clab.yml
14:17:19 INFO Destroying lab name=ml-17
14:17:20 INFO Removed container name=clab-ml-17-h1
14:17:20 INFO Removed container name=clab-ml-17-p2
14:17:20 INFO Removed container name=clab-ml-17-h2
14:17:21 INFO Removed container name=clab-ml-17-p1
14:17:21 INFO Removed container name=clab-ml-17-pe2
14:17:22 INFO Removed container name=clab-ml-17-dut
14:17:22 INFO Removing host entries path=/etc/hosts
14:17:22 INFO Removing SSH config path=/etc/ssh/ssh_config.d/clab-ml-17.conf
Cleanup configuration files
... removing clab.yml
... removing ansible.cfg
... removing hosts.yml
... removing directory tree group_vars
... removing directory tree host_vars
... removing directory tree node_files
... removing netlab.snapshot.pickle
