Using transformed lab topology from snapshot file netlab.snapshot.pickle
Checking virtualization provider installation
OK: clab installed and working correctly
Starting clab nodes
provider clab: executing sudo -E containerlab deploy --reconfigure -t clab.yml
18:26:36 INFO Containerlab started version=0.74.2
18:26:36 INFO Parsing & checking topology file=clab.yml
18:26:36 INFO Removing directory path=/work/netlab_cicd/xr/clab-ml-82
18:26:36 INFO Creating docker network name=nl_mgmt_82 IPv4 subnet=192.168.82.0/24 IPv6 subnet="" MTU=0
18:26:36 INFO Creating lab directory path=/work/netlab_cicd/xr/clab-ml-82
18:26:37 INFO Creating container name=h3
18:26:37 INFO Creating container name=v2
18:26:37 INFO Creating container name=v1
18:26:37 INFO Creating container name=v3
18:26:37 INFO Creating container name=h1
18:26:37 INFO Creating container name=h2
18:26:37 INFO Creating container name=dut
18:26:38 INFO Created link: dut:Gi0-0-0-2 ▪┄┄▪ v1:eth1
18:26:39 INFO Running postdeploy actions for Cisco XRd 'dut' node
18:26:39 INFO Created link: dut:Gi0-0-0-1 ▪┄┄▪ ml-82_2:bni82n1i1
18:26:39 INFO Created link: h2:eth1 ▪┄┄▪ ml-82_2:bni82n3i1
18:26:39 INFO Created link: dut:Gi0-0-0-3 ▪┄┄▪ ml-82_4:bni82n1i3
18:26:39 INFO Created link: v2:eth1 ▪┄┄▪ ml-82_4:bni82n5i1
18:26:39 INFO Created link: h3:eth1 ▪┄┄▪ ml-82_2:bni82n42i1
18:26:39 INFO Created link: dut:Gi0-0-0-0 ▪┄┄▪ h1:eth1
18:26:39 INFO Created link: v3:eth1 ▪┄┄▪ ml-82_4:bni82n64i1
18:26:39 INFO Adding host entries path=/etc/hosts
18:26:39 INFO Adding SSH config for nodes path=/etc/ssh/ssh_config.d/clab-ml-82.conf
18:26:39 INFO containerlab version
  🎉=
  │ A newer containerlab version (0.74.3) is available!
  │ Release notes: https://containerlab.dev/rn/0.74/#0743
  │ Run 'clab version upgrade' or see https://containerlab.dev/install/ for other installation options.
[1m╭[0m[1m────────────────[0m[1m┬[0m[1m─────────────────────────────────[0m[1m┬[0m[1m─────────[0m[1m┬[0m[1m────────────────[0m[1m╮[0m
[1m│[0m[1m      Name      [0m[1m│[0m[1m            Kind/Image           [0m[1m│[0m[1m  State  [0m[1m│[0m[1m IPv4/6 Address [0m[1m│[0m
[1m├[0m[1m────────────────[0m[1m┼[0m[1m─────────────────────────────────[0m[1m┼[0m[1m─────────[0m[1m┼[0m[1m────────────────[0m[1m┤[0m
│ clab-ml-82-dut │ cisco_xrd                       │ running │ 192.168.82.101 │
│                │ ios-xr/xrd-control-plane:25.2.1 │         │ N/A            │
├────────────────┼─────────────────────────────────┼─────────┼────────────────┤
│ clab-ml-82-h1  │ linux                           │ running │ 192.168.82.102 │
│                │ python:3.13-alpine              │         │ N/A            │
├────────────────┼─────────────────────────────────┼─────────┼────────────────┤
│ clab-ml-82-h2  │ linux                           │ running │ 192.168.82.103 │
│                │ python:3.13-alpine              │         │ N/A            │
├────────────────┼─────────────────────────────────┼─────────┼────────────────┤
│ clab-ml-82-h3  │ linux                           │ running │ 192.168.82.142 │
│                │ python:3.13-alpine              │         │ N/A            │
├────────────────┼─────────────────────────────────┼─────────┼────────────────┤
│ clab-ml-82-v1  │ linux                           │ running │ 192.168.82.104 │
│                │ python:3.13-alpine              │         │ N/A            │
├────────────────┼─────────────────────────────────┼─────────┼────────────────┤
│ clab-ml-82-v2  │ linux                           │ running │ 192.168.82.105 │
│                │ python:3.13-alpine              │         │ N/A            │
├────────────────┼─────────────────────────────────┼─────────┼────────────────┤
│ clab-ml-82-v3  │ linux                           │ running │ 192.168.82.164 │
│                │ python:3.13-alpine              │         │ N/A            │
╰────────────────┴─────────────────────────────────┴─────────┴────────────────╯

Initial configuration skipped, run 'netlab initial' to configure the devices
