Using transformed lab topology from snapshot file netlab.snapshot.pickle
Checking virtualization provider installation
OK: clab installed and working correctly
Starting clab nodes
provider clab: executing sudo -E containerlab deploy --reconfigure -t clab.yml
08:59:23 INFO Containerlab started version=0.74.2
08:59:23 INFO Parsing & checking topology file=clab.yml
08:59:23 INFO Removing directory path=/work/netlab_cicd/other_c/clab-ml-85
08:59:23 INFO Creating docker network name=nl_mgmt_85 IPv4 subnet=192.168.85.0/24 IPv6 subnet="" MTU=0
08:59:23 INFO Creating lab directory path=/work/netlab_cicd/other_c/clab-ml-85
08:59:23 INFO Creating container name=s1
08:59:23 INFO Creating container name=h1
08:59:23 INFO Creating container name=h3
08:59:23 INFO Creating container name=h2
08:59:23 INFO Creating container name=h4
08:59:24 INFO Created link: h1:eth1 ▪┄┄▪ s1:eth1
08:59:24 INFO Created link: h2:eth1 ▪┄┄▪ s1:eth2
08:59:24 INFO Created link: h3:eth1 ▪┄┄▪ s1:eth3
08:59:24 INFO Created link: h4:eth1 ▪┄┄▪ s1:eth4
08:59:24 INFO Adding host entries path=/etc/hosts
08:59:24 INFO Adding SSH config for nodes path=/etc/ssh/ssh_config.d/clab-ml-85.conf
08:59:25 INFO containerlab version
  🎉=
  │ A newer containerlab version (0.74.3) is available!
  │ Release notes: https://containerlab.dev/rn/0.74/#0743
  │ Run 'clab version upgrade' or see https://containerlab.dev/install/ for other installation options.
[1m╭[0m[1m───────────────[0m[1m┬[0m[1m───────────────────────[0m[1m┬[0m[1m─────────[0m[1m┬[0m[1m────────────────[0m[1m╮[0m
[1m│[0m[1m      Name     [0m[1m│[0m[1m       Kind/Image      [0m[1m│[0m[1m  State  [0m[1m│[0m[1m IPv4/6 Address [0m[1m│[0m
[1m├[0m[1m───────────────[0m[1m┼[0m[1m───────────────────────[0m[1m┼[0m[1m─────────[0m[1m┼[0m[1m────────────────[0m[1m┤[0m
│ clab-ml-85-h1 │ linux                 │ running │ 192.168.85.101 │
│               │ python:3.13-alpine    │         │ N/A            │
├───────────────┼───────────────────────┼─────────┼────────────────┤
│ clab-ml-85-h2 │ linux                 │ running │ 192.168.85.102 │
│               │ python:3.13-alpine    │         │ N/A            │
├───────────────┼───────────────────────┼─────────┼────────────────┤
│ clab-ml-85-h3 │ linux                 │ running │ 192.168.85.103 │
│               │ python:3.13-alpine    │         │ N/A            │
├───────────────┼───────────────────────┼─────────┼────────────────┤
│ clab-ml-85-h4 │ linux                 │ running │ 192.168.85.104 │
│               │ python:3.13-alpine    │         │ N/A            │
├───────────────┼───────────────────────┼─────────┼────────────────┤
│ clab-ml-85-s1 │ linux                 │ running │ 192.168.85.105 │
│               │ netlab/bird.v3:latest │         │ N/A            │
╰───────────────┴───────────────────────┴─────────┴────────────────╯

Initial configuration skipped, run 'netlab initial' to configure the devices
