bird:  [INFO] Control-plane daemon on node r1 will have to wait for
          vrf data-plane configuration
... Set defaults.devices.bird.warnings.dataplane_config to False to hide this message
bird:  [INFO] Control-plane daemon on node r3 will have to wait for
          vrf data-plane configuration
... Set defaults.devices.bird.warnings.dataplane_config to False to hide this message
[CONFIG]  r1: initial,vlan,routing,vrf,bird,ospf,vrf-daemon,hosts,dataplane-wait
[CONFIG]  r2: initial,vlan,ospf,vrf,daemons,hosts (shared)
[CONFIG]  r3: initial,vlan,routing,vrf,bird,ospf,vrf-daemon,hosts (shared),dataplane-wait
[CONFIG]  h1: initial,routing,hosts (shared)
[CONFIG]  h2: initial,routing,hosts (shared)
[CONFIG]  h3: initial,routing,hosts (shared)
[CONFIG]  h4: initial,routing,hosts (shared)
[CONFIG]  h5: initial,routing,hosts (shared)
Created provider configuration file: clab.yml
Created pickled transformed topology data into netlab.snapshot.pickle
Created group_vars for all
Created group_vars for modules
Created group_vars for bird
Created host_vars for r1, r3
Created group_vars for frr
Created host_vars for r2
Created group_vars for linux
Created host_vars for h1, h2, h3, h4, h5
Created minimized Ansible inventory hosts.yml
Created Ansible configuration file: ansible.cfg
