Checking virtualization provider installation
OK: clab installed and working correctly
Stopping clab nodes
provider clab: executing flock -E 42 /tmp/netlab.lock sudo -E containerlab destroy --cleanup -t clab.yml
13:43:04 INFO Parsing & checking topology file=clab.yml
13:43:04 INFO Parsing & checking topology file=clab.yml
13:43:04 INFO Destroying lab name=ml-17
13:43:05 INFO Removed container name=clab-ml-17-r2
13:43:05 INFO Removed container name=clab-ml-17-d3
13:43:06 INFO Removed container name=clab-ml-17-r1
13:43:06 INFO Removed container name=clab-ml-17-s3
13:43:06 INFO Removed container name=clab-ml-17-s2
13:43:06 INFO Removed container name=clab-ml-17-d2
13:43:06 INFO Removed container name=clab-ml-17-d1
13:43:06 INFO Removed container name=clab-ml-17-r4
13:43:06 INFO Removed container name=clab-ml-17-r3
13:43:06 INFO Removed container name=clab-ml-17-s4
13:43:06 INFO Removed container name=clab-ml-17-d4
13:43:06 INFO Removed container name=clab-ml-17-s1
13:43:06 INFO Removing host entries path=/etc/hosts
13:43:06 INFO Removing SSH config path=/etc/ssh/ssh_config.d/clab-ml-17.conf
Cleanup configuration files
... removing clab.yml
... removing ansible.cfg
... removing hosts.yml
... removing directory tree group_vars
... removing directory tree host_vars
... removing directory tree node_files
... removing netlab.snapshot.pickle
