Using transformed lab topology from snapshot file netlab.snapshot.pickle
Checking virtualization provider installation
OK: clab installed and working correctly
Starting clab nodes
provider clab: executing flock -E 42 /tmp/netlab.lock sudo -E containerlab deploy --reconfigure -t clab.yml
15:53:58 INFO Containerlab started version=0.75.0
15:53:59 INFO Parsing & checking topology file=clab.yml
15:53:59 INFO Removing directory path=/work/netlab_cicd/clab-ml-17
15:53:59 INFO Creating docker network name=nl_mgmt_17 IPv4 subnet=192.168.17.0/24 IPv6 subnet="" MTU=0
15:53:59 INFO Creating lab directory path=/work/netlab_cicd/clab-ml-17
15:53:59 INFO Creating container name=x1
15:53:59 INFO Creating container name=dut
15:53:59 INFO Created link: dut:et1 ▪┄┄▪ x1:eth1
15:53:59 INFO Running postdeploy actions for Arista cEOS 'dut' node
15:54:18 INFO Executed command node=x1 command="sleep 1" stdout=""
15:54:18 INFO Adding host entries path=/etc/hosts
15:54:18 INFO Adding SSH config for nodes path=/etc/ssh/ssh_config.d/clab-ml-17.conf
[1m╭[0m[1m────────────────[0m[1m┬[0m[1m──────────────────────────────[0m[1m┬[0m[1m─────────[0m[1m┬[0m[1m────────────────[0m[1m╮[0m
[1m│[0m[1m      Name      [0m[1m│[0m[1m          Kind/Image          [0m[1m│[0m[1m  State  [0m[1m│[0m[1m IPv4/6 Address [0m[1m│[0m
[1m├[0m[1m────────────────[0m[1m┼[0m[1m──────────────────────────────[0m[1m┼[0m[1m─────────[0m[1m┼[0m[1m────────────────[0m[1m┤[0m
│ clab-ml-17-dut │ ceos                         │ running │ 192.168.17.101 │
│                │ ceos:4.35.2F                 │         │ N/A            │
├────────────────┼──────────────────────────────┼─────────┼────────────────┤
│ clab-ml-17-x1  │ linux                        │ running │ 192.168.17.102 │
│                │ quay.io/frrouting/frr:10.6.1 │         │ N/A            │
╰────────────────┴──────────────────────────────┴─────────┴────────────────╯
Reloading saved initial device configurations
Checking Are lab devices ready to be configured?
 [INFO] Checking SSH server(s) on dut
 [INFO] Lab devices are ready to be configured
Config Normalizing device configurations
 [INFO] Executing normalize configuration for node dut
[WARNING]: Found variable using reserved name: hosts

PLAY [Reload saved device configurations] **************************************

TASK [Did we get the configuration directory name?] ****************************
skipping: [dut]

TASK [Set variables that cannot be set with VARS] ******************************
ok: [x1]
ok: [dut]

TASK [Remember the original deployment path(s)] ********************************
ok: [x1]
ok: [dut]

TASK [Do initial device configuration if needed] *******************************
skipping: [dut]
included: /home/pipi/netlab_gh/netsim/ansible/tasks/deploy-module.yml for x1

TASK [Figure out whether to deploy the module initial on current device] *******
ok: [x1]

TASK [Find configuration template for initial] *********************************
skipping: [x1]

TASK [fail] ********************************************************************
skipping: [x1]

TASK [Find configuration deployment deploy_script for initial] *****************
skipping: [x1]

TASK [Print deployed configuration when running in verbose mode] ***************
skipping: [x1]

TASK [Deploy initial configuration] ********************************************
skipping: [x1]

TASK [Deploy saved configuration files] ****************************************
included: /home/pipi/netlab_gh/netsim/ansible/tasks/deploy-custom-config.yml for dut, x1

TASK [Find configuration template] *********************************************
ok: [x1]
ok: [dut]

TASK [fail] ********************************************************************
skipping: [dut]
skipping: [x1]

TASK [Check is the configuration template is a file] ***************************
ok: [dut -> localhost]
ok: [x1 -> localhost]

TASK [fail] ********************************************************************
skipping: [dut]
skipping: [x1]

TASK [Process template /work/netlab_cicd/node_files/dut/saved.cfg for dut] *****
skipping: [x1]
skipping: [dut]

TASK [debug] *******************************************************************
skipping: [dut]
skipping: [x1]

TASK [debug] *******************************************************************
skipping: [dut]
skipping: [x1]

TASK [Find custom configuration deployment script] *****************************
ok: [x1]
ok: [dut]

TASK [Run the configuration deployment script] *********************************
included: /home/pipi/netlab_gh/netsim/ansible/tasks/reload-config/eos.yml for dut
included: /home/pipi/netlab_gh/netsim/ansible/tasks/deploy-config/frr.yml for x1

TASK [Enable SCP] **************************************************************
[WARNING]: To ensure idempotency and correct diff the input configuration lines
should be similar to how they appear if present in the running configuration on
device
changed: [dut]

TASK [Copy replacement configuration to Arista EOS device] *********************
included: /home/pipi/netlab_gh/netsim/ansible/tasks/reload-config/_copy_config.yml for dut

TASK [Check if 'sshpass' is installed] *****************************************
ok: [dut -> localhost]

TASK [Copy replacement configuration to the device] ****************************
changed: [dut -> localhost]

TASK [Replace running configuration] *******************************************
ok: [dut]

TASK [template] ****************************************************************
changed: [x1]

TASK [set_fact] ****************************************************************
ok: [x1]

TASK [run /tmp/config.sh to deploy saved config from /work/netlab_cicd/node_files/x1/saved.cfg] ***
skipping: [x1]

TASK [run vtysh to import saved config from /work/netlab_cicd/node_files/x1/saved.cfg] ***
changed: [x1]

PLAY RECAP *********************************************************************
dut                        : ok=12   changed=2    unreachable=0    failed=0    skipped=7    rescued=0    ignored=0   
x1                         : ok=12   changed=2    unreachable=0    failed=0    skipped=11   rescued=0    ignored=0   


Results of configuration script deployments
================================================================================
dut              Script:  normalize

[CREATED] dut: normalize,initial,saved
[CREATED] x1: initial,saved
OK: Saved configurations reloaded
Creating Device configuration snippets
[CREATED] x1: initial,ospf
Config Deploying device configurations
 [INFO] Executing initial configuration for node x1
 [INFO] Executing ospf configuration for node x1

Results of configuration script deployments
================================================================================
x1               Script:  initial,ospf


This topology tests the "start lab with configuration reload" functionality.
You should:

* Start the lab with "netlab up"
* Save the configuration with "netlab collect -o saved"
* Stop the lab with "netlab down"
* Restart the lab with "netlab up --snapshot --reload-config saved"
* Validate the results with "netlab validate"

