Creating Device configuration snippets
[CREATED] dut: initial,routing,ospf,bgp
[CREATED] dut2: initial,bgp
[CREATED] x1: initial,bgp
[CREATED] x2: initial,bgp
[CREATED] r1: initial,ospf,bgp
Checking Are lab devices ready to be configured?
 [INFO] Checking SSH server(s) on dut,dut2
[SSH]     SSH server on node dut2 (device nxos) is ready after 191.7 seconds
[SSH]     SSH server on node dut (device nxos) is ready after 209.5 seconds
 [INFO] Checking lab devices with an Ansible playbook
[WARNING]: Found variable using reserved name: hosts

PLAY [Wait for SSH servers] ****************************************************

PLAY [Wait for device-specific conditions] *************************************

TASK [Set variables that cannot be set with VARS] ******************************
ok: [dut]
ok: [dut2]

TASK [Find device readiness script] ********************************************
ok: [dut]
ok: [dut2]

TASK [Wait for device to become ready] *****************************************
included: /home/pipi/net101/tools/netsim/ansible/tasks/readiness-check/nxos.yml for dut, dut2

TASK [Wait for Eth1/1 to appear] ***********************************************
ok: [dut2]
ok: [dut]

PLAY RECAP *********************************************************************
dut                        : ok=4    changed=0    unreachable=0    failed=0    skipped=0    rescued=0    ignored=0   
dut2                       : ok=4    changed=0    unreachable=0    failed=0    skipped=0    rescued=0    ignored=0   

Config Deploying device configurations
 [INFO] Executing initial configuration for node x1
 [INFO] Executing initial configuration for node x2
 [INFO] Executing initial configuration for node r1
 [INFO] Executing ospf configuration for node r1
 [INFO] Executing bgp configuration for node x2
 [INFO] Executing bgp configuration for node x1
 [INFO] Executing bgp configuration for node r1
 [INFO] Starting Ansible playbook to deploy the rest of the
          configurations
[WARNING]: Found variable using reserved name: hosts

PLAY [Deploy initial device configuration] *************************************

TASK [Set variables that cannot be set with VARS] ******************************
ok: [dut]
ok: [dut2]

TASK [Normalize config on bridge-like devices] *********************************
included: /home/pipi/net101/tools/netsim/ansible/tasks/deploy-module.yml for dut, dut2

TASK [Figure out whether to deploy the module normalize on current device] *****
ok: [dut]
ok: [dut2]

TASK [Find configuration template for normalize] *******************************
ok: [dut]
ok: [dut2]

TASK [fail] ********************************************************************
skipping: [dut]
skipping: [dut2]

TASK [Find configuration deployment deploy_script for normalize] ***************
ok: [dut]
ok: [dut2]

TASK [Print deployed configuration when running in verbose mode] ***************
skipping: [dut]
skipping: [dut2]

TASK [Deploy normalize configuration] ******************************************
skipping: [dut]
skipping: [dut2]

TASK [Deploy initial configuration] ********************************************
included: /home/pipi/net101/tools/netsim/ansible/tasks/deploy-module.yml for dut, dut2

TASK [Figure out whether to deploy the module initial on current device] *******
ok: [dut]
ok: [dut2]

TASK [Find configuration template for initial] *********************************
ok: [dut]
ok: [dut2]

TASK [fail] ********************************************************************
skipping: [dut]
skipping: [dut2]

TASK [Find configuration deployment deploy_script for initial] *****************
ok: [dut]
ok: [dut2]

TASK [Print deployed configuration when running in verbose mode] ***************
ok: [dut] => {
    "msg": "initial configuration for dut\n=========================================\nhostname dut\n!\nno ip domain-lookup\n!\nfeature lldp\n!\nusername vagrant password vagrant\n!\nip host dut2 10.0.0.2\nip host r1 10.0.0.5\nip host x1 10.0.0.3\nip host x2 10.0.0.4\n!\n!\ninterface mgmt0\n no lldp transmit\n no lldp receive\n!\ninterface loopback0\n no shutdown\n ip address 10.0.0.1/32\n!\ninterface Ethernet1/1\n no shutdown\n no switchport\n mac-address caf0.0001.0001\n description dut -> r1\n mtu 1500\n ip address 10.1.0.1/30\n!\ninterface Ethernet1/2\n no shutdown\n no switchport\n mac-address caf0.0001.0002\n description dut -> x1 [external]\n mtu 1500\n ip address 10.1.0.5/30\n!\ninterface Ethernet1/3\n no shutdown\n no switchport\n mac-address caf0.0001.0003\n description dut -> x2 [external]\n mtu 1500\n ip address 10.1.0.9/30\n!\ninterface Ethernet1/4\n no shutdown\n no switchport\n mac-address caf0.0001.0004\n description dut -> dut2 [external]\n mtu 1500\n ip address 172.0.66.1/24\n!\ninterface Ethernet1/5\n no shutdown\n no switchport\n mac-address caf0.0001.0005\n description dut -> stub [stub]\n mtu 1500\n ip address 172.0.42.1/24\n!\n"
}
ok: [dut2] => {
    "msg": "initial configuration for dut2\n=========================================\nhostname dut2\n!\nno ip domain-lookup\n!\nfeature lldp\n!\nusername vagrant password vagrant\n!\nip host dut 10.0.0.1\nip host r1 10.0.0.5\nip host x1 10.0.0.3\nip host x2 10.0.0.4\n!\n!\ninterface mgmt0\n no lldp transmit\n no lldp receive\n!\ninterface loopback0\n no shutdown\n ip address 10.0.0.2/32\n!\ninterface Ethernet1/1\n no shutdown\n no switchport\n mac-address caf0.0002.0001\n description dut2 -> dut [external]\n mtu 1500\n ip address 172.0.66.2/24\n!\n"
}

TASK [Deploy initial configuration] ********************************************
included: /home/pipi/net101/tools/netsim/ansible/tasks/deploy-config/nxos.yml for dut, dut2

TASK [nxos_config: deploying initial from /work/netlab_cicd/node_files/dut/initial] ***
[WARNING]: To ensure idempotency and correct diff the input configuration lines
should be similar to how they appear if present in the running configuration on
device including the indentation
changed: [dut2]
changed: [dut]

PLAY [Deploy module-specific configurations] ***********************************

TASK [Set variables that cannot be set with VARS] ******************************
ok: [dut]
ok: [dut2]

TASK [Deploy individual configuration modules] *********************************
included: /home/pipi/net101/tools/netsim/ansible/tasks/deploy-module.yml for dut, dut2 => (item=routing)
included: /home/pipi/net101/tools/netsim/ansible/tasks/deploy-module.yml for dut, dut2 => (item=ospf)
included: /home/pipi/net101/tools/netsim/ansible/tasks/deploy-module.yml for dut, dut2 => (item=bgp)

TASK [Figure out whether to deploy the module routing on current device] *******
ok: [dut]
ok: [dut2]

TASK [Find configuration template for routing] *********************************
skipping: [dut2]
ok: [dut]

TASK [fail] ********************************************************************
skipping: [dut]
skipping: [dut2]

TASK [Find configuration deployment deploy_script for routing] *****************
skipping: [dut2]
ok: [dut]

TASK [Print deployed configuration when running in verbose mode] ***************
skipping: [dut2]
ok: [dut] => {
    "msg": "routing configuration for dut\n=========================================\nip route 172.42.42.0/24 Null0\n"
}

TASK [Deploy routing configuration] ********************************************
skipping: [dut2]
included: /home/pipi/net101/tools/netsim/ansible/tasks/deploy-config/nxos.yml for dut

TASK [nxos_config: deploying routing from /work/netlab_cicd/node_files/dut/routing] ***
changed: [dut]

TASK [Figure out whether to deploy the module ospf on current device] **********
ok: [dut]
ok: [dut2]

TASK [Find configuration template for ospf] ************************************
skipping: [dut2]
ok: [dut]

TASK [fail] ********************************************************************
skipping: [dut]
skipping: [dut2]

TASK [Find configuration deployment deploy_script for ospf] ********************
skipping: [dut2]
ok: [dut]

TASK [Print deployed configuration when running in verbose mode] ***************
skipping: [dut2]
ok: [dut] => {
    "msg": "ospf configuration for dut\n=========================================\nfeature ospf\n!\nrouter ospf 1\n router-id 10.0.0.1\n timers throttle spf 100 200 500\n timers throttle lsa 0 100 500\n!\ninterface loopback0\n ip router ospf 1 area 0.0.0.0\n!\ninterface Ethernet1/1\n! dut -> r1\n ip router ospf 1 area 0.0.0.0\n ip ospf network point-to-point\n!\ninterface Ethernet1/5\n! dut -> stub\n ip router ospf 1 area 0.0.0.0\n ip ospf passive-interface\n!\n"
}

TASK [Deploy ospf configuration] ***********************************************
skipping: [dut2]
included: /home/pipi/net101/tools/netsim/ansible/tasks/deploy-config/nxos.yml for dut

TASK [nxos_config: deploying ospf from /work/netlab_cicd/node_files/dut/ospf] ***
changed: [dut]

TASK [Figure out whether to deploy the module bgp on current device] ***********
ok: [dut]
ok: [dut2]

TASK [Find configuration template for bgp] *************************************
ok: [dut]
ok: [dut2]

TASK [fail] ********************************************************************
skipping: [dut]
skipping: [dut2]

TASK [Find configuration deployment deploy_script for bgp] *********************
ok: [dut]
ok: [dut2]

TASK [Print deployed configuration when running in verbose mode] ***************
ok: [dut] => {
    "msg": "bgp configuration for dut\n=========================================\n!\nfeature bgp\n!\nrouter bgp 65000\n  router-id 10.0.0.1\n!\n address-family ipv4 unicast\n!\n  network 172.42.43.0/24\n  network 172.42.42.0/24\n  network 172.0.42.0/24\n!\n neighbor 10.0.0.5 remote-as 65000\n  description r1\n  update-source loopback0\n  address-family ipv4 unicast\n   next-hop-self\n   send-community both\n!\n neighbor 10.1.0.6 remote-as 65100\n  description x1\n  address-family ipv4 unicast\n   send-community standard\n!\n neighbor 10.1.0.10 remote-as 65101\n  description x2\n  address-family ipv4 unicast\n   send-community standard\n!\n neighbor 172.0.66.2 remote-as 65001\n  description dut2\n  address-family ipv4 unicast\n   send-community standard\n!\n!\n"
}
ok: [dut2] => {
    "msg": "bgp configuration for dut2\n=========================================\n!\nfeature bgp\n!\nrouter bgp 65001\n  router-id 10.0.0.2\n!\n address-family ipv4 unicast\n!\n  network 10.0.0.2/32\n!\n neighbor 172.0.66.1 remote-as 65000\n  description dut\n  address-family ipv4 unicast\n   send-community standard\n!\n!\n"
}

TASK [Deploy bgp configuration] ************************************************
included: /home/pipi/net101/tools/netsim/ansible/tasks/deploy-config/nxos.yml for dut, dut2

TASK [nxos_config: deploying bgp from /work/netlab_cicd/node_files/dut/bgp] ****
changed: [dut2]
changed: [dut]

PLAY [Deploy custom deployment templates] **************************************
skipping: no hosts matched

PLAY RECAP *********************************************************************
dut                        : ok=34   changed=4    unreachable=0    failed=0    skipped=7    rescued=0    ignored=0   
dut2                       : ok=24   changed=2    unreachable=0    failed=0    skipped=15   rescued=0    ignored=0   

Results of configuration script deployments
================================================================================
x1               Script:  initial,bgp
x2               Script:  initial,bgp
r1               Script:  initial,ospf,bgp


Use this topology to test the origination and propagation
of IPv4 prefixes.

