Checking virtualization provider installation
OK: clab installed and working correctly
Stopping clab nodes
06:59:08 INFO Parsing & checking topology file=clab.yml
06:59:08 INFO Parsing & checking topology file=clab.yml
06:59:08 INFO Destroying lab name=ml-17
06:59:10 INFO Removed container name=clab-ml-17-x1
06:59:10 INFO Removed container name=clab-ml-17-x2
06:59:10 INFO Removed container name=clab-ml-17-dut2
06:59:10 INFO Removed container name=clab-ml-17-r1
06:59:10 INFO Removed container name=clab-ml-17-dut
06:59:10 INFO Removing host entries path=/etc/hosts
06:59:10 INFO Removing SSH config path=/etc/ssh/ssh_config.d/clab-ml-17.conf
Cleanup configuration files
... removing clab.yml
... removing ansible.cfg
... removing hosts.yml
... removing directory tree group_vars
... removing directory tree host_vars
... removing directory tree node_files
... removing netlab.snapshot.pickle
