Creating Device configuration snippets
[CREATED] hr1: initial,routing
[CREATED] hr2: initial,routing
[CREATED] hb1: initial,routing
[CREATED] hb2: initial,routing
[CREATED] dut: initial,vlan,ospf,bgp,vrf,vxlan,evpn
[CREATED] s2: initial,vlan,ospf,bgp,vrf,vxlan,evpn
Checking Are lab devices ready to be configured?
 [INFO] Checking SSH server(s) on dut
[SSH]     SSH server on node dut (device nxos) is ready after 196.1 seconds
 [INFO] Checking lab devices with an Ansible playbook
[WARNING]: Found variable using reserved name: hosts

PLAY [Wait for SSH servers] ****************************************************

PLAY [Wait for device-specific conditions] *************************************

TASK [Set variables that cannot be set with VARS] ******************************
ok: [dut]

TASK [Find device readiness script] ********************************************
ok: [dut]

TASK [Wait for device to become ready] *****************************************
included: /home/pipi/net101/tools/netsim/ansible/tasks/readiness-check/nxos.yml for dut

TASK [Wait for Eth1/1 to appear] ***********************************************
ok: [dut]

PLAY RECAP *********************************************************************
dut                        : ok=4    changed=0    unreachable=0    failed=0    skipped=0    rescued=0    ignored=0   

Config Deploying device configurations
 [INFO] Executing initial configuration for node hr1 (namespace clab-
          ml-17-hr1)
 [INFO] Executing initial configuration for node hr2 (namespace clab-
          ml-17-hr2)
 [INFO] Executing initial configuration for node hb1 (namespace clab-
          ml-17-hb1)
 [INFO] Executing initial configuration for node hb2 (namespace clab-
          ml-17-hb2)
 [INFO] Executing initial configuration for node s2
 [INFO] Executing routing configuration for node hr1 (namespace clab-
          ml-17-hr1)
 [INFO] Executing routing configuration for node hb1 (namespace clab-
          ml-17-hb1)
 [INFO] Executing routing configuration for node hr2 (namespace clab-
          ml-17-hr2)
 [INFO] Executing routing configuration for node hb2 (namespace clab-
          ml-17-hb2)
 [INFO] Executing vlan configuration for node s2
 [INFO] Executing ospf configuration for node s2
 [INFO] Executing bgp configuration for node s2
 [INFO] Executing vrf configuration for node s2
 [INFO] Executing vxlan configuration for node s2
 [INFO] Executing evpn configuration for node s2
 [INFO] Starting Ansible playbook to deploy the rest of the
          configurations
[WARNING]: Found variable using reserved name: hosts

PLAY [Deploy initial device configuration] *************************************

TASK [Set variables that cannot be set with VARS] ******************************
ok: [dut]

TASK [Normalize config on bridge-like devices] *********************************
included: /home/pipi/net101/tools/netsim/ansible/tasks/deploy-module.yml for dut

TASK [Figure out whether to deploy the module normalize on current device] *****
ok: [dut]

TASK [Find configuration template for normalize] *******************************
ok: [dut]

TASK [fail] ********************************************************************
skipping: [dut]

TASK [Find configuration deployment deploy_script for normalize] ***************
ok: [dut]

TASK [Print deployed configuration when running in verbose mode] ***************
skipping: [dut]

TASK [Deploy normalize configuration] ******************************************
skipping: [dut]

TASK [Deploy initial configuration] ********************************************
included: /home/pipi/net101/tools/netsim/ansible/tasks/deploy-module.yml for dut

TASK [Figure out whether to deploy the module initial on current device] *******
ok: [dut]

TASK [Find configuration template for initial] *********************************
ok: [dut]

TASK [fail] ********************************************************************
skipping: [dut]

TASK [Find configuration deployment deploy_script for initial] *****************
ok: [dut]

TASK [Print deployed configuration when running in verbose mode] ***************
ok: [dut] => {
    "msg": "initial configuration for dut\n=========================================\nhostname dut\n!\nno ip domain-lookup\n!\nfeature lldp\n!\nusername vagrant password vagrant\n!\nip host dut-customer 172.16.0.5\nip host dut-other 172.16.2.5\nip host hb1 172.16.2.3\nip host hb2 172.16.3.4\nip host hr1 172.16.0.1\nip host hr2 172.16.1.2\nip host s2 10.0.0.6\nip host s2-customer 172.16.1.6\nip host s2-other 172.16.3.6\n!\n!\nfeature bgp\n!\nvrf context customer\n  rd 65000:1\n  address-family ipv4 unicast\n    route-target import 65000:1\n    route-target export 65000:1\n  exit\nvrf context other\n  rd 65000:2\n  address-family ipv4 unicast\n    route-target import 65000:2\n    route-target export 65000:2\n  exit\n!\n!\ninterface mgmt0\n no lldp transmit\n no lldp receive\n!\ninterface loopback0\n no shutdown\n ip address 10.0.0.5/32\n!\ninterface Ethernet1/1\n no shutdown\n no switchport\n mac-address caf0.0005.0001\n description dut -> s2\n mtu 1600\n ip address 10.1.0.1/30\n!\ninterface Ethernet1/2\n no shutdown\n no switchport\n mac-address caf0.0005.0002\n  vrf member customer\n description dut -> hr1 [stub]\n ip address 172.16.0.5/24\n!\ninterface Ethernet1/3\n no shutdown\n no switchport\n mac-address caf0.0005.0003\n  vrf member other\n description dut -> hb1 [stub]\n ip address 172.16.2.5/24\n!\n"
}

TASK [Deploy initial configuration] ********************************************
included: /home/pipi/net101/tools/netsim/ansible/tasks/deploy-config/nxos.yml for dut

TASK [nxos_config: deploying initial from /work/netlab_cicd/node_files/dut/initial] ***
[WARNING]: To ensure idempotency and correct diff the input configuration lines
should be similar to how they appear if present in the running configuration on
device including the indentation
changed: [dut]

PLAY [Deploy module-specific configurations] ***********************************

TASK [Set variables that cannot be set with VARS] ******************************
ok: [dut]

TASK [Deploy individual configuration modules] *********************************
included: /home/pipi/net101/tools/netsim/ansible/tasks/deploy-module.yml for dut => (item=vlan)
included: /home/pipi/net101/tools/netsim/ansible/tasks/deploy-module.yml for dut => (item=routing)
included: /home/pipi/net101/tools/netsim/ansible/tasks/deploy-module.yml for dut => (item=ospf)
included: /home/pipi/net101/tools/netsim/ansible/tasks/deploy-module.yml for dut => (item=bgp)
included: /home/pipi/net101/tools/netsim/ansible/tasks/deploy-module.yml for dut => (item=vrf)
included: /home/pipi/net101/tools/netsim/ansible/tasks/deploy-module.yml for dut => (item=vxlan)
included: /home/pipi/net101/tools/netsim/ansible/tasks/deploy-module.yml for dut => (item=evpn)

TASK [Figure out whether to deploy the module vlan on current device] **********
ok: [dut]

TASK [Find configuration template for vlan] ************************************
ok: [dut]

TASK [fail] ********************************************************************
skipping: [dut]

TASK [Find configuration deployment deploy_script for vlan] ********************
ok: [dut]

TASK [Print deployed configuration when running in verbose mode] ***************
ok: [dut] => {
    "msg": "vlan configuration for dut\n=========================================\n"
}

TASK [Deploy vlan configuration] ***********************************************
included: /home/pipi/net101/tools/netsim/ansible/tasks/deploy-config/nxos.yml for dut

TASK [nxos_config: deploying vlan from /work/netlab_cicd/node_files/dut/vlan] ***
ok: [dut]

TASK [Figure out whether to deploy the module routing on current device] *******
ok: [dut]

TASK [Find configuration template for routing] *********************************
skipping: [dut]

TASK [fail] ********************************************************************
skipping: [dut]

TASK [Find configuration deployment deploy_script for routing] *****************
skipping: [dut]

TASK [Print deployed configuration when running in verbose mode] ***************
skipping: [dut]

TASK [Deploy routing configuration] ********************************************
skipping: [dut]

TASK [Figure out whether to deploy the module ospf on current device] **********
ok: [dut]

TASK [Find configuration template for ospf] ************************************
ok: [dut]

TASK [fail] ********************************************************************
skipping: [dut]

TASK [Find configuration deployment deploy_script for ospf] ********************
ok: [dut]

TASK [Print deployed configuration when running in verbose mode] ***************
ok: [dut] => {
    "msg": "ospf configuration for dut\n=========================================\nfeature ospf\n!\nrouter ospf 1\n router-id 10.0.0.5\n timers throttle spf 100 200 500\n timers throttle lsa 0 100 500\n!\ninterface loopback0\n ip router ospf 1 area 0.0.0.0\n!\ninterface Ethernet1/1\n! dut -> s2\n ip router ospf 1 area 0.0.0.0\n ip ospf network point-to-point\n!\n"
}

TASK [Deploy ospf configuration] ***********************************************
included: /home/pipi/net101/tools/netsim/ansible/tasks/deploy-config/nxos.yml for dut

TASK [nxos_config: deploying ospf from /work/netlab_cicd/node_files/dut/ospf] ***
changed: [dut]

TASK [Figure out whether to deploy the module bgp on current device] ***********
ok: [dut]

TASK [Find configuration template for bgp] *************************************
ok: [dut]

TASK [fail] ********************************************************************
skipping: [dut]

TASK [Find configuration deployment deploy_script for bgp] *********************
ok: [dut]

TASK [Print deployed configuration when running in verbose mode] ***************
ok: [dut] => {
    "msg": "bgp configuration for dut\n=========================================\n!\nfeature bgp\n!\nrouter bgp 65000\n  router-id 10.0.0.5\n!\n address-family ipv4 unicast\n!\n  network 10.0.0.5/32\n!\n neighbor 10.0.0.6 remote-as 65000\n  description s2\n  update-source loopback0\n  address-family ipv4 unicast\n   next-hop-self\n   send-community both\n!\n!\n"
}

TASK [Deploy bgp configuration] ************************************************
included: /home/pipi/net101/tools/netsim/ansible/tasks/deploy-config/nxos.yml for dut

TASK [nxos_config: deploying bgp from /work/netlab_cicd/node_files/dut/bgp] ****
changed: [dut]

TASK [Figure out whether to deploy the module vrf on current device] ***********
ok: [dut]

TASK [Find configuration template for vrf] *************************************
ok: [dut]

TASK [fail] ********************************************************************
skipping: [dut]

TASK [Find configuration deployment deploy_script for vrf] *********************
ok: [dut]

TASK [Print deployed configuration when running in verbose mode] ***************
ok: [dut] => {
    "msg": "vrf configuration for dut\n=========================================\n!\nroute-map all\n!\nrouter bgp 65000\n  vrf customer\n    router-id 10.0.0.5\n!\n    address-family ipv4 unicast\n      redistribute direct route-map all\n      network 172.16.0.0/24\n!\n!\n    address-family ipv6 unicast\n      redistribute direct route-map all\n!\n  vrf other\n    router-id 10.0.0.5\n!\n    address-family ipv4 unicast\n      redistribute direct route-map all\n      network 172.16.2.0/24\n!\n!\n    address-family ipv6 unicast\n      redistribute direct route-map all\n!\n"
}

TASK [Deploy vrf configuration] ************************************************
included: /home/pipi/net101/tools/netsim/ansible/tasks/deploy-config/nxos.yml for dut

TASK [nxos_config: deploying vrf from /work/netlab_cicd/node_files/dut/vrf] ****
changed: [dut]

TASK [Figure out whether to deploy the module vxlan on current device] *********
ok: [dut]

TASK [Find configuration template for vxlan] ***********************************
ok: [dut]

TASK [fail] ********************************************************************
skipping: [dut]

TASK [Find configuration deployment deploy_script for vxlan] *******************
ok: [dut]

TASK [Print deployed configuration when running in verbose mode] ***************
ok: [dut] => {
    "msg": "vxlan configuration for dut\n=========================================\nfeature nv overlay\nfeature vn-segment-vlan-based\n!\n!\ninterface nve 1\n source-interface loopback0\n no shutdown\n"
}

TASK [Deploy vxlan configuration] **********************************************
included: /home/pipi/net101/tools/netsim/ansible/tasks/deploy-config/nxos.yml for dut

TASK [nxos_config: deploying vxlan from /work/netlab_cicd/node_files/dut/vxlan] ***
changed: [dut]

TASK [Figure out whether to deploy the module evpn on current device] **********
ok: [dut]

TASK [Find configuration template for evpn] ************************************
ok: [dut]

TASK [fail] ********************************************************************
skipping: [dut]

TASK [Find configuration deployment deploy_script for evpn] ********************
ok: [dut]

TASK [Print deployed configuration when running in verbose mode] ***************
ok: [dut] => {
    "msg": "evpn configuration for dut\n=========================================\nnv overlay evpn\n!\nfeature interface-vlan\n!\n!\nrouter bgp 65000\n  neighbor 10.0.0.6\n    address-family l2vpn evpn\n      send-community both\n!\n!\nvrf context customer\n  vni 5042\n  address-family ipv4 unicast\n    route-target import 65000:1 evpn\n    route-target export 65000:1 evpn\n!\nvrf context other\n  vni 5067\n  address-family ipv4 unicast\n    route-target import 65000:2 evpn\n    route-target export 65000:2 evpn\n!\nvlan 3900\n  no shutdown\n  name VRF_customer_L3VNI\n  vn-segment 5042\n!\ninterface Vlan3900\n  no shutdown\n  vrf member customer\n  no ip redirects\n  no ipv6 redirects\n  ip forward\n  ipv6 address use-link-local-only\n!\nvlan 3901\n  no shutdown\n  name VRF_other_L3VNI\n  vn-segment 5067\n!\ninterface Vlan3901\n  no shutdown\n  vrf member other\n  no ip redirects\n  no ipv6 redirects\n  ip forward\n  ipv6 address use-link-local-only\ninterface nve 1\n  host-reachability protocol bgp\n  global ingress-replication protocol bgp\n  member vni 5042 associate-vrf\n  member vni 5067 associate-vrf\n!\n"
}

TASK [Deploy evpn configuration] ***********************************************
included: /home/pipi/net101/tools/netsim/ansible/tasks/deploy-config/nxos.yml for dut

TASK [nxos_config: deploying evpn from /work/netlab_cicd/node_files/dut/evpn] ***
changed: [dut]

PLAY [Deploy custom deployment templates] **************************************
skipping: no hosts matched

PLAY RECAP *********************************************************************
dut                        : ok=57   changed=6    unreachable=0    failed=0    skipped=15   rescued=0    ignored=0   

Results of configuration script deployments
================================================================================
hr1              Script:  initial,routing
hr2              Script:  initial,routing
hb1              Script:  initial,routing
hb2              Script:  initial,routing
s2               Script:  initial,vlan,ospf,bgp,vrf,vxlan,evpn


The device under test is a VLAN-to-VXLAN layer-3 switch between an access
interface and an EVPN transit VNI.

Hosts should be able to ping each other.

Please note it might take a while for the lab to work due to STP learning
phase.

