Creating Device configuration snippets
[CREATED] dut: initial,ospf,bgp,evpn
[CREATED] l1: initial,vlan,bgp,vxlan,evpn
[CREATED] l2: initial,vlan,bgp,vxlan,evpn
[CREATED] l3: initial,vlan,ospf,bgp,vxlan,evpn
[CREATED] h1: initial,routing
[CREATED] h2: initial,routing
[CREATED] h3: initial,routing
Checking Are lab devices ready to be configured?
 [INFO] Checking SSH server(s) on dut
[SSH]     SSH server on node dut (device nxos) is ready after 210.9 seconds
 [INFO] Checking lab devices with an Ansible playbook
[WARNING]: Found variable using reserved name: hosts

PLAY [Wait for SSH servers] ****************************************************

PLAY [Wait for device-specific conditions] *************************************

TASK [Set variables that cannot be set with VARS] ******************************
ok: [dut]

TASK [Find device readiness script] ********************************************
ok: [dut]

TASK [Wait for device to become ready] *****************************************
included: /home/pipi/netlab_gh/netsim/ansible/tasks/readiness-check/nxos.yml for dut

TASK [Wait for Eth1/1 to appear] ***********************************************
ok: [dut]

PLAY RECAP *********************************************************************
dut                        : ok=4    changed=0    unreachable=0    failed=0    skipped=0    rescued=0    ignored=0   

Config Deploying device configurations
 [INFO] Executing initial configuration for node l1
 [INFO] Executing initial configuration for node l2
 [INFO] Executing initial configuration for node l3
 [INFO] Executing initial configuration for node h1 (namespace clab-
          ml-84-h1)
 [INFO] Executing initial configuration for node h2 (namespace clab-
          ml-84-h2)
 [INFO] Executing initial configuration for node h3 (namespace clab-
          ml-84-h3)
 [INFO] Executing routing configuration for node h1 (namespace clab-
          ml-84-h1)
 [INFO] Executing routing configuration for node h2 (namespace clab-
          ml-84-h2)
 [INFO] Executing routing configuration for node h3 (namespace clab-
          ml-84-h3)
 [INFO] Executing vlan configuration for node l1
 [INFO] Executing vlan configuration for node l3
 [INFO] Executing vlan configuration for node l2
 [INFO] Executing bgp configuration for node l1
 [INFO] Executing bgp configuration for node l2
 [INFO] Executing ospf configuration for node l3
 [INFO] Executing vxlan configuration for node l2
 [INFO] Executing vxlan configuration for node l1
 [INFO] Executing bgp configuration for node l3
 [INFO] Executing evpn configuration for node l1
 [INFO] Executing evpn configuration for node l2
 [INFO] Executing vxlan configuration for node l3
 [INFO] Executing evpn configuration for node l3
 [INFO] Starting Ansible playbook to deploy the rest of the
          configurations
[WARNING]: Found variable using reserved name: hosts

PLAY [Deploy initial device configuration] *************************************

TASK [Set variables that cannot be set with VARS] ******************************
ok: [dut]

TASK [Normalize config on bridge-like devices] *********************************
included: /home/pipi/netlab_gh/netsim/ansible/tasks/deploy-module.yml for dut

TASK [Figure out whether to deploy the module normalize on current device] *****
ok: [dut]

TASK [Find configuration template for normalize] *******************************
ok: [dut]

TASK [fail] ********************************************************************
skipping: [dut]

TASK [Find configuration deployment deploy_script for normalize] ***************
ok: [dut]

TASK [Print deployed configuration when running in verbose mode] ***************
skipping: [dut]

TASK [Deploy normalize configuration] ******************************************
skipping: [dut]

TASK [Deploy initial configuration] ********************************************
included: /home/pipi/netlab_gh/netsim/ansible/tasks/deploy-module.yml for dut

TASK [Figure out whether to deploy the module initial on current device] *******
ok: [dut]

TASK [Find configuration template for initial] *********************************
ok: [dut]

TASK [fail] ********************************************************************
skipping: [dut]

TASK [Find configuration deployment deploy_script for initial] *****************
ok: [dut]

TASK [Print deployed configuration when running in verbose mode] ***************
ok: [dut] => {
    "msg": "initial configuration for dut\n=========================================\nhostname dut\n!\nno ip domain-lookup\n!\nfeature lldp\n!\nusername vagrant password vagrant\n!\nip host h1 172.31.1.5\nip host h2 172.31.1.6\nip host h3 172.31.1.7\nip host l1 10.0.0.2\nip host l2 10.0.0.3\nip host l3 10.0.0.4\n!\n!\ninterface mgmt0\n no lldp transmit\n no lldp receive\n!\ninterface loopback0\n no shutdown\n ip address 10.0.0.1/32\n!\ninterface Ethernet1/1\n no shutdown\n no switchport\n mac-address caf0.0001.0001\n description dut -> l1 [external]\n mtu 1600\n ip address 10.1.0.1/30\n!\ninterface Ethernet1/2\n no shutdown\n no switchport\n mac-address caf0.0001.0002\n description dut -> l2 [external]\n mtu 1600\n ip address 10.1.0.5/30\n!\ninterface Ethernet1/3\n no shutdown\n no switchport\n mac-address caf0.0001.0003\n description dut -> l3\n mtu 1600\n ip address 10.1.0.9/30\n!\n"
}

TASK [Deploy initial configuration] ********************************************
included: /home/pipi/netlab_gh/netsim/ansible/tasks/deploy-config/nxos.yml for dut

TASK [nxos_config: deploying initial from /work/netlab_cicd/cisco_c/node_files/dut/initial] ***
[WARNING]: To ensure idempotency and correct diff the input configuration lines
should be similar to how they appear if present in the running configuration on
device including the indentation
changed: [dut]

PLAY [Deploy module-specific configurations] ***********************************

TASK [Set variables that cannot be set with VARS] ******************************
ok: [dut]

TASK [Deploy individual configuration modules] *********************************
included: /home/pipi/netlab_gh/netsim/ansible/tasks/deploy-module.yml for dut => (item=vlan)
included: /home/pipi/netlab_gh/netsim/ansible/tasks/deploy-module.yml for dut => (item=routing)
included: /home/pipi/netlab_gh/netsim/ansible/tasks/deploy-module.yml for dut => (item=ospf)
included: /home/pipi/netlab_gh/netsim/ansible/tasks/deploy-module.yml for dut => (item=bgp)
included: /home/pipi/netlab_gh/netsim/ansible/tasks/deploy-module.yml for dut => (item=vxlan)
included: /home/pipi/netlab_gh/netsim/ansible/tasks/deploy-module.yml for dut => (item=evpn)

TASK [Figure out whether to deploy the module vlan on current device] **********
ok: [dut]

TASK [Find configuration template for vlan] ************************************
skipping: [dut]

TASK [fail] ********************************************************************
skipping: [dut]

TASK [Find configuration deployment deploy_script for vlan] ********************
skipping: [dut]

TASK [Print deployed configuration when running in verbose mode] ***************
skipping: [dut]

TASK [Deploy vlan configuration] ***********************************************
skipping: [dut]

TASK [Figure out whether to deploy the module routing on current device] *******
ok: [dut]

TASK [Find configuration template for routing] *********************************
skipping: [dut]

TASK [fail] ********************************************************************
skipping: [dut]

TASK [Find configuration deployment deploy_script for routing] *****************
skipping: [dut]

TASK [Print deployed configuration when running in verbose mode] ***************
skipping: [dut]

TASK [Deploy routing configuration] ********************************************
skipping: [dut]

TASK [Figure out whether to deploy the module ospf on current device] **********
ok: [dut]

TASK [Find configuration template for ospf] ************************************
ok: [dut]

TASK [fail] ********************************************************************
skipping: [dut]

TASK [Find configuration deployment deploy_script for ospf] ********************
ok: [dut]

TASK [Print deployed configuration when running in verbose mode] ***************
ok: [dut] => {
    "msg": "ospf configuration for dut\n=========================================\nfeature ospf\n!\nrouter ospf 1\n router-id 10.0.0.1\n timers throttle spf 100 200 500\n timers throttle lsa 0 100 500\n!\ninterface loopback0\n ip router ospf 1 area 0.0.0.0\n!\ninterface Ethernet1/3\n! dut -> l3\n ip router ospf 1 area 0.0.0.0\n ip ospf network point-to-point\n!\n"
}

TASK [Deploy ospf configuration] ***********************************************
included: /home/pipi/netlab_gh/netsim/ansible/tasks/deploy-config/nxos.yml for dut

TASK [nxos_config: deploying ospf from /work/netlab_cicd/cisco_c/node_files/dut/ospf] ***
changed: [dut]

TASK [Figure out whether to deploy the module bgp on current device] ***********
ok: [dut]

TASK [Find configuration template for bgp] *************************************
ok: [dut]

TASK [fail] ********************************************************************
skipping: [dut]

TASK [Find configuration deployment deploy_script for bgp] *********************
ok: [dut]

TASK [Print deployed configuration when running in verbose mode] ***************
ok: [dut] => {
    "msg": "bgp configuration for dut\n=========================================\n!\nfeature bgp\n!\nrouter bgp 65100\n  router-id 10.0.0.1\n  cluster-id 10.0.0.1\n!\n address-family ipv4 unicast\n!\n  network 10.0.0.1/32\n!\n neighbor 10.0.0.4 remote-as 65100\n  description l3\n  update-source loopback0\n  address-family ipv4 unicast\n   next-hop-self\n   route-reflector-client\n   send-community both\n!\n neighbor 10.1.0.2 remote-as 65201\n  description l1\n  address-family ipv4 unicast\n   send-community both\n!\n neighbor 10.1.0.6 remote-as 65202\n  description l2\n  address-family ipv4 unicast\n   send-community both\n!\n!\n"
}

TASK [Deploy bgp configuration] ************************************************
included: /home/pipi/netlab_gh/netsim/ansible/tasks/deploy-config/nxos.yml for dut

TASK [nxos_config: deploying bgp from /work/netlab_cicd/cisco_c/node_files/dut/bgp] ***
changed: [dut]

TASK [Figure out whether to deploy the module vxlan on current device] *********
ok: [dut]

TASK [Find configuration template for vxlan] ***********************************
skipping: [dut]

TASK [fail] ********************************************************************
skipping: [dut]

TASK [Find configuration deployment deploy_script for vxlan] *******************
skipping: [dut]

TASK [Print deployed configuration when running in verbose mode] ***************
skipping: [dut]

TASK [Deploy vxlan configuration] **********************************************
skipping: [dut]

TASK [Figure out whether to deploy the module evpn on current device] **********
ok: [dut]

TASK [Find configuration template for evpn] ************************************
ok: [dut]

TASK [fail] ********************************************************************
skipping: [dut]

TASK [Find configuration deployment deploy_script for evpn] ********************
ok: [dut]

TASK [Print deployed configuration when running in verbose mode] ***************
ok: [dut] => {
    "msg": "evpn configuration for dut\n=========================================\nnv overlay evpn\n!\n!\n!\n! Create a 'next-hop-unchanged' route map for EBGP EVPN sessions\n!\nroute-map evpn_nh_unchanged permit 10\n  set ip next-hop unchanged\n!\nrouter bgp 65100\n!\n! We have at least one EBGP EVPN session\n!\n  address-family l2vpn evpn                                    \n    nexthop route-map evpn_nh_unchanged\n    retain route-target all\n  neighbor 10.0.0.4\n    address-family l2vpn evpn\n      send-community both\n      route-reflector-client\n!\n  neighbor 10.1.0.2\n    address-family l2vpn evpn\n      send-community both\n      route-map evpn_nh_unchanged out\n!\n  neighbor 10.1.0.6\n    address-family l2vpn evpn\n      send-community both\n      route-map evpn_nh_unchanged out\n!\n"
}

TASK [Deploy evpn configuration] ***********************************************
included: /home/pipi/netlab_gh/netsim/ansible/tasks/deploy-config/nxos.yml for dut

TASK [nxos_config: deploying evpn from /work/netlab_cicd/cisco_c/node_files/dut/evpn] ***
changed: [dut]

PLAY [Deploy custom deployment templates] **************************************
skipping: no hosts matched

PLAY RECAP *********************************************************************
dut                        : ok=40   changed=4    unreachable=0    failed=0    skipped=22   rescued=0    ignored=0   

Results of configuration script deployments
================================================================================
l1               Script:  initial,vlan,bgp,vxlan,evpn
l2               Script:  initial,vlan,bgp,vxlan,evpn
l3               Script:  initial,vlan,ospf,bgp,vxlan,evpn
h1               Script:  initial,routing
h2               Script:  initial,routing
h3               Script:  initial,routing


The device under test is an EVPN spine device using EVPN-over-EBGP. It should
propagate EVPN AF routes between PE-devices, resulting in VXLAN-based VLAN
extension. The test checks whether the spine device changes the BGP next hop
on EBGP EVPN AF (it should not).

* h1 and h2 should be able to ping each other

Please note it might take a while for the lab to work due to
STP learning phase

