Creating Device configuration snippets
[CREATED] spine: initial,bgp,evpn
[CREATED] dut: initial,vlan,bgp,vxlan,evpn,bgp.session
[CREATED] l2: initial,vlan,bgp,vxlan,evpn,bgp.session
[CREATED] h1: initial,routing
[CREATED] h2: initial,routing
Checking Are lab devices ready to be configured?
 [INFO] Checking SSH server(s) on dut
[SSH]     SSH server on node dut (device nxos) is ready after 203.4 seconds
 [INFO] Checking lab devices with an Ansible playbook
[WARNING]: Found variable using reserved name: hosts

PLAY [Wait for SSH servers] ****************************************************

PLAY [Wait for device-specific conditions] *************************************

TASK [Set variables that cannot be set with VARS] ******************************
ok: [dut]

TASK [Find device readiness script] ********************************************
ok: [dut]

TASK [Wait for device to become ready] *****************************************
included: /home/pipi/netlab_gh/netsim/ansible/tasks/readiness-check/nxos.yml for dut

TASK [Wait for Eth1/1 to appear] ***********************************************
ok: [dut]

PLAY RECAP *********************************************************************
dut                        : ok=4    changed=0    unreachable=0    failed=0    skipped=0    rescued=0    ignored=0   

Config Deploying device configurations
 [INFO] Executing initial configuration for node spine
 [INFO] Executing initial configuration for node l2
 [INFO] Executing initial configuration for node h1 (namespace clab-
          ml-84-h1)
 [INFO] Executing initial configuration for node h2 (namespace clab-
          ml-84-h2)
 [INFO] Executing routing configuration for node h1 (namespace clab-
          ml-84-h1)
 [INFO] Executing routing configuration for node h2 (namespace clab-
          ml-84-h2)
 [INFO] Executing bgp configuration for node spine
 [INFO] Executing vlan configuration for node l2
 [INFO] Executing bgp configuration for node l2
 [INFO] Executing evpn configuration for node spine
 [INFO] Executing vxlan configuration for node l2
 [INFO] Executing evpn configuration for node l2
 [INFO] Executing bgp.session configuration for node l2
 [INFO] Starting Ansible playbook to deploy the rest of the
          configurations
[WARNING]: Found variable using reserved name: hosts

PLAY [Deploy initial device configuration] *************************************

TASK [Set variables that cannot be set with VARS] ******************************
ok: [dut]

TASK [Normalize config on bridge-like devices] *********************************
included: /home/pipi/netlab_gh/netsim/ansible/tasks/deploy-module.yml for dut

TASK [Figure out whether to deploy the module normalize on current device] *****
ok: [dut]

TASK [Find configuration template for normalize] *******************************
ok: [dut]

TASK [fail] ********************************************************************
skipping: [dut]

TASK [Find configuration deployment deploy_script for normalize] ***************
ok: [dut]

TASK [Print deployed configuration when running in verbose mode] ***************
skipping: [dut]

TASK [Deploy normalize configuration] ******************************************
skipping: [dut]

TASK [Deploy initial configuration] ********************************************
included: /home/pipi/netlab_gh/netsim/ansible/tasks/deploy-module.yml for dut

TASK [Figure out whether to deploy the module initial on current device] *******
ok: [dut]

TASK [Find configuration template for initial] *********************************
ok: [dut]

TASK [fail] ********************************************************************
skipping: [dut]

TASK [Find configuration deployment deploy_script for initial] *****************
ok: [dut]

TASK [Print deployed configuration when running in verbose mode] ***************
ok: [dut] => {
    "msg": "initial configuration for dut\n=========================================\nhostname dut\n!\nno ip domain-lookup\n!\nfeature lldp\n!\nusername vagrant password vagrant\n!\nip host h1 172.31.1.4\nip host h2 172.31.1.5\nip host l2 10.0.0.3\nip host spine 10.0.0.1\n!\nfeature interface-vlan\n!\ninterface mgmt0\n no lldp transmit\n no lldp receive\n!\ninterface loopback0\n no shutdown\n ip address 10.0.0.2/32\n!\ninterface Ethernet1/1\n no shutdown\n no switchport\n mac-address caf0.0002.0001\n description dut -> spine [external]\n mtu 1600\n ip address 10.1.0.1/30\n!\ninterface Ethernet1/2\n no shutdown\n no switchport\n description [Access VLAN red] dut -> h1\n!\ninterface vlan1000\n no shutdown\n description VLAN red (1000) -> [h1,h2,l2]\n!\n"
}

TASK [Deploy initial configuration] ********************************************
included: /home/pipi/netlab_gh/netsim/ansible/tasks/deploy-config/nxos.yml for dut

TASK [nxos_config: deploying initial from /work/netlab_cicd/cisco_c/node_files/dut/initial] ***
[WARNING]: To ensure idempotency and correct diff the input configuration lines
should be similar to how they appear if present in the running configuration on
device including the indentation
changed: [dut]

PLAY [Deploy module-specific configurations] ***********************************

TASK [Set variables that cannot be set with VARS] ******************************
ok: [dut]

TASK [Deploy individual configuration modules] *********************************
included: /home/pipi/netlab_gh/netsim/ansible/tasks/deploy-module.yml for dut => (item=vlan)
included: /home/pipi/netlab_gh/netsim/ansible/tasks/deploy-module.yml for dut => (item=routing)
included: /home/pipi/netlab_gh/netsim/ansible/tasks/deploy-module.yml for dut => (item=bgp)
included: /home/pipi/netlab_gh/netsim/ansible/tasks/deploy-module.yml for dut => (item=vxlan)
included: /home/pipi/netlab_gh/netsim/ansible/tasks/deploy-module.yml for dut => (item=evpn)

TASK [Figure out whether to deploy the module vlan on current device] **********
ok: [dut]

TASK [Find configuration template for vlan] ************************************
ok: [dut]

TASK [fail] ********************************************************************
skipping: [dut]

TASK [Find configuration deployment deploy_script for vlan] ********************
ok: [dut]

TASK [Print deployed configuration when running in verbose mode] ***************
ok: [dut] => {
    "msg": "vlan configuration for dut\n=========================================\nvlan 1000\n name red\n!\n\n!\ninterface Ethernet1/2\n switchport\n switchport mode access\n switchport access vlan 1000\n!\ninterface vlan1000\n"
}

TASK [Deploy vlan configuration] ***********************************************
included: /home/pipi/netlab_gh/netsim/ansible/tasks/deploy-config/nxos.yml for dut

TASK [nxos_config: deploying vlan from /work/netlab_cicd/cisco_c/node_files/dut/vlan] ***
changed: [dut]

TASK [Figure out whether to deploy the module routing on current device] *******
ok: [dut]

TASK [Find configuration template for routing] *********************************
skipping: [dut]

TASK [fail] ********************************************************************
skipping: [dut]

TASK [Find configuration deployment deploy_script for routing] *****************
skipping: [dut]

TASK [Print deployed configuration when running in verbose mode] ***************
skipping: [dut]

TASK [Deploy routing configuration] ********************************************
skipping: [dut]

TASK [Figure out whether to deploy the module bgp on current device] ***********
ok: [dut]

TASK [Find configuration template for bgp] *************************************
ok: [dut]

TASK [fail] ********************************************************************
skipping: [dut]

TASK [Find configuration deployment deploy_script for bgp] *********************
ok: [dut]

TASK [Print deployed configuration when running in verbose mode] ***************
ok: [dut] => {
    "msg": "bgp configuration for dut\n=========================================\n!\nfeature bgp\n!\nrouter bgp 65200\n  router-id 10.0.0.2\n!\n address-family ipv4 unicast\n!\n  network 10.0.0.2/32\n!\n neighbor 10.1.0.2 remote-as 65100\n  description spine\n  address-family ipv4 unicast\n   send-community both\n!\n!\n"
}

TASK [Deploy bgp configuration] ************************************************
included: /home/pipi/netlab_gh/netsim/ansible/tasks/deploy-config/nxos.yml for dut

TASK [nxos_config: deploying bgp from /work/netlab_cicd/cisco_c/node_files/dut/bgp] ***
changed: [dut]

TASK [Figure out whether to deploy the module vxlan on current device] *********
ok: [dut]

TASK [Find configuration template for vxlan] ***********************************
ok: [dut]

TASK [fail] ********************************************************************
skipping: [dut]

TASK [Find configuration deployment deploy_script for vxlan] *******************
ok: [dut]

TASK [Print deployed configuration when running in verbose mode] ***************
ok: [dut] => {
    "msg": "vxlan configuration for dut\n=========================================\nfeature nv overlay\nfeature vn-segment-vlan-based\n!\nvlan 1000\n vn-segment 6000\n!\n\n!\ninterface nve 1\n source-interface loopback0\n member vni 6000\n no shutdown\n"
}

TASK [Deploy vxlan configuration] **********************************************
included: /home/pipi/netlab_gh/netsim/ansible/tasks/deploy-config/nxos.yml for dut

TASK [nxos_config: deploying vxlan from /work/netlab_cicd/cisco_c/node_files/dut/vxlan] ***
changed: [dut]

TASK [Figure out whether to deploy the module evpn on current device] **********
ok: [dut]

TASK [Find configuration template for evpn] ************************************
ok: [dut]

TASK [fail] ********************************************************************
skipping: [dut]

TASK [Find configuration deployment deploy_script for evpn] ********************
ok: [dut]

TASK [Print deployed configuration when running in verbose mode] ***************
ok: [dut] => {
    "msg": "evpn configuration for dut\n=========================================\nnv overlay evpn\n!\nfeature interface-vlan\n!\n!\n! Create a 'next-hop-unchanged' route map for EBGP EVPN sessions\n!\nroute-map evpn_nh_unchanged permit 10\n  set ip next-hop unchanged\n!\nrouter bgp 65200\n!\n! We have at least one EBGP EVPN session\n!\n  address-family l2vpn evpn                                    \n    nexthop route-map evpn_nh_unchanged\n    retain route-target all\n  neighbor 10.1.0.2\n    address-family l2vpn evpn\n      send-community both\n      route-map evpn_nh_unchanged out\n!\nevpn\n  vni 6000 l2\n    rd 10.0.0.2:1000\n    route-target import 65000:1000\n    route-target export 65000:1000\n!\ninterface nve 1\n  host-reachability protocol bgp\n  global ingress-replication protocol bgp\n!\n"
}

TASK [Deploy evpn configuration] ***********************************************
included: /home/pipi/netlab_gh/netsim/ansible/tasks/deploy-config/nxos.yml for dut

TASK [nxos_config: deploying evpn from /work/netlab_cicd/cisco_c/node_files/dut/evpn] ***
changed: [dut]

PLAY [Deploy custom deployment templates] **************************************

TASK [Run custom configuration deployment scripts] *****************************
included: /home/pipi/netlab_gh/netsim/ansible/tasks/deploy-custom-config.yml for dut => (item=bgp.session)

TASK [Find configuration template] *********************************************
ok: [dut]

TASK [fail] ********************************************************************
skipping: [dut]

TASK [Check is the configuration template is a file] ***************************
ok: [dut -> localhost]

TASK [fail] ********************************************************************
skipping: [dut]

TASK [Process template /work/netlab_cicd/cisco_c/node_files/dut/bgp.session for dut] ***
skipping: [dut]

TASK [debug] *******************************************************************
skipping: [dut]

TASK [debug] *******************************************************************
skipping: [dut]

TASK [Find custom configuration deployment script] *****************************
ok: [dut]

TASK [Run the configuration deployment script] *********************************
included: /home/pipi/netlab_gh/netsim/ansible/tasks/deploy-config/nxos.yml for dut

TASK [nxos_config: deploying bgp.session from /work/netlab_cicd/cisco_c/node_files/dut/bgp.session] ***
changed: [dut]

PLAY RECAP *********************************************************************
dut                        : ok=49   changed=6    unreachable=0    failed=0    skipped=18   rescued=0    ignored=0   

Results of configuration script deployments
================================================================================
spine            Script:  initial,bgp,evpn
l2               Script:  initial,vlan,bgp,vxlan,evpn,bgp.session
h1               Script:  initial,routing
h2               Script:  initial,routing


The device under test is an EVPN leaf device using EVPN-over-EBGP. It should
generate EVPN AF routes and accepts EBGP EVPN AF routes with the same AS.

* h1 and h2 should be able to ping each other

Please note it might take a while for the lab to work due to
STP learning phase

