Using transformed lab topology from snapshot file netlab.snapshot.pickle
Checking virtualization provider installation
OK: clab installed and working correctly
Starting clab nodes
provider clab: executing sudo -E containerlab deploy --reconfigure -t clab.yml
22:51:12 INFO Containerlab started version=0.74.2
22:51:12 INFO Parsing & checking topology file=clab.yml
22:51:12 INFO Removing directory path=/work/netlab_cicd/cisco_c/clab-ml-84
22:51:12 INFO Creating docker network name=nl_mgmt_84 IPv4 subnet=192.168.84.0/24 IPv6 subnet="" MTU=0
22:51:12 INFO Creating lab directory path=/work/netlab_cicd/cisco_c/clab-ml-84
22:51:12 INFO Creating container name=spine
22:51:12 INFO Creating container name=h1
22:51:12 INFO Creating container name=h2
22:51:12 INFO Creating container name=dut
22:51:12 INFO Creating container name=l2
22:51:13 INFO Created link: dut:eth2 ▪┄┄▪ h1:eth1
22:51:13 INFO Created link: l2:eth2 ▪┄┄▪ h2:eth1
22:51:13 INFO Created link: spine:eth1 ▪┄┄▪ dut:eth1
22:51:13 INFO Created link: spine:eth2 ▪┄┄▪ l2:eth1
22:51:14 INFO Executed command node=spine command="sleep 1" stdout=""
22:51:14 INFO Executed command node=l2 command="sleep 1" stdout=""
22:51:14 INFO Adding host entries path=/etc/hosts
22:51:14 INFO Adding SSH config for nodes path=/etc/ssh/ssh_config.d/clab-ml-84.conf
22:51:14 INFO containerlab version
  🎉=
  │ A newer containerlab version (0.74.3) is available!
  │ Release notes: https://containerlab.dev/rn/0.74/#0743
  │ Run 'clab version upgrade' or see https://containerlab.dev/install/ for other installation options.
[1m╭[0m[1m──────────────────[0m[1m┬[0m[1m──────────────────────────────[0m[1m┬[0m[1m────────────────────[0m[1m┬[0m[1m────────────────[0m[1m╮[0m
[1m│[0m[1m       Name       [0m[1m│[0m[1m          Kind/Image          [0m[1m│[0m[1m        State       [0m[1m│[0m[1m IPv4/6 Address [0m[1m│[0m
[1m├[0m[1m──────────────────[0m[1m┼[0m[1m──────────────────────────────[0m[1m┼[0m[1m────────────────────[0m[1m┼[0m[1m────────────────[0m[1m┤[0m
│ clab-ml-84-dut   │ cisco_n9kv                   │ running            │ 192.168.84.102 │
│                  │ vrnetlab/vr-n9kv:9.3.10      │ (health: starting) │ N/A            │
├──────────────────┼──────────────────────────────┼────────────────────┼────────────────┤
│ clab-ml-84-h1    │ linux                        │ running            │ 192.168.84.104 │
│                  │ python:3.13-alpine           │                    │ N/A            │
├──────────────────┼──────────────────────────────┼────────────────────┼────────────────┤
│ clab-ml-84-h2    │ linux                        │ running            │ 192.168.84.105 │
│                  │ python:3.13-alpine           │                    │ N/A            │
├──────────────────┼──────────────────────────────┼────────────────────┼────────────────┤
│ clab-ml-84-l2    │ linux                        │ running            │ 192.168.84.103 │
│                  │ quay.io/frrouting/frr:10.6.0 │                    │ N/A            │
├──────────────────┼──────────────────────────────┼────────────────────┼────────────────┤
│ clab-ml-84-spine │ linux                        │ running            │ 192.168.84.101 │
│                  │ quay.io/frrouting/frr:10.6.0 │                    │ N/A            │
╰──────────────────┴──────────────────────────────┴────────────────────┴────────────────╯

Initial configuration skipped, run 'netlab initial' to configure the devices
