Using transformed lab topology from snapshot file netlab.snapshot.pickle
Checking virtualization provider installation
OK: clab installed and working correctly
Starting clab nodes
provider clab: executing sudo -E containerlab deploy --reconfigure -t clab.yml
23:00:34 INFO Containerlab started version=0.74.2
23:00:34 INFO Parsing & checking topology file=clab.yml
23:00:34 INFO Removing directory path=/work/netlab_cicd/cisco_c/clab-ml-84
23:00:34 INFO Creating docker network name=nl_mgmt_84 IPv4 subnet=192.168.84.0/24 IPv6 subnet="" MTU=0
23:00:34 INFO Creating lab directory path=/work/netlab_cicd/cisco_c/clab-ml-84
23:00:34 INFO Creating container name=ce1
23:00:34 INFO Creating container name=ce2
23:00:34 INFO Creating container name=dut
23:00:34 INFO Creating container name=s2
23:00:35 INFO Created link: ce2:eth1 ▪┄┄▪ s2:eth2
23:00:35 INFO Created link: dut:eth1 ▪┄┄▪ s2:eth1
23:00:35 INFO Created link: ce1:eth1 ▪┄┄▪ dut:eth2
23:00:36 INFO Executed command node=ce1 command="sleep 1" stdout=""
23:00:36 INFO Executed command node=s2 command="sleep 1" stdout=""
23:00:36 INFO Executed command node=ce2 command="sleep 1" stdout=""
23:00:36 INFO Adding host entries path=/etc/hosts
23:00:36 INFO Adding SSH config for nodes path=/etc/ssh/ssh_config.d/clab-ml-84.conf
23:00:36 INFO containerlab version
  🎉=
  │ A newer containerlab version (0.74.3) is available!
  │ Release notes: https://containerlab.dev/rn/0.74/#0743
  │ Run 'clab version upgrade' or see https://containerlab.dev/install/ for other installation options.
[1m╭[0m[1m────────────────[0m[1m┬[0m[1m──────────────────────────────[0m[1m┬[0m[1m────────────────────[0m[1m┬[0m[1m────────────────[0m[1m╮[0m
[1m│[0m[1m      Name      [0m[1m│[0m[1m          Kind/Image          [0m[1m│[0m[1m        State       [0m[1m│[0m[1m IPv4/6 Address [0m[1m│[0m
[1m├[0m[1m────────────────[0m[1m┼[0m[1m──────────────────────────────[0m[1m┼[0m[1m────────────────────[0m[1m┼[0m[1m────────────────[0m[1m┤[0m
│ clab-ml-84-ce1 │ linux                        │ running            │ 192.168.84.101 │
│                │ quay.io/frrouting/frr:10.6.0 │                    │ N/A            │
├────────────────┼──────────────────────────────┼────────────────────┼────────────────┤
│ clab-ml-84-ce2 │ linux                        │ running            │ 192.168.84.102 │
│                │ quay.io/frrouting/frr:10.6.0 │                    │ N/A            │
├────────────────┼──────────────────────────────┼────────────────────┼────────────────┤
│ clab-ml-84-dut │ cisco_n9kv                   │ running            │ 192.168.84.103 │
│                │ vrnetlab/vr-n9kv:9.3.10      │ (health: starting) │ N/A            │
├────────────────┼──────────────────────────────┼────────────────────┼────────────────┤
│ clab-ml-84-s2  │ linux                        │ running            │ 192.168.84.104 │
│                │ quay.io/frrouting/frr:10.6.0 │                    │ N/A            │
╰────────────────┴──────────────────────────────┴────────────────────┴────────────────╯

Initial configuration skipped, run 'netlab initial' to configure the devices
