Using transformed lab topology from snapshot file netlab.snapshot.pickle
Checking virtualization provider installation
OK: clab installed and working correctly
Starting clab nodes
Loading Linux kernel modules mpls-router,mpls-iptunnel required by containers using mpls module
provider clab: executing sudo -E containerlab deploy --reconfigure -t clab.yml
15:05:31 INFO Containerlab started version=0.74.2
15:05:31 INFO Parsing & checking topology file=clab.yml
15:05:31 INFO Removing directory path=/work/netlab_cicd/xr/clab-ml-82
15:05:31 INFO Creating docker network name=nl_mgmt_82 IPv4 subnet=192.168.82.0/24 IPv6 subnet="" MTU=0
15:05:31 INFO Creating lab directory path=/work/netlab_cicd/xr/clab-ml-82
15:05:31 INFO Creating container name=p
15:05:31 INFO Creating container name=ce1o
15:05:31 INFO Creating container name=ce2b
15:05:31 INFO Creating container name=ce1b
15:05:31 INFO Creating container name=ce2o
15:05:31 INFO Creating container name=s2
15:05:31 INFO Creating container name=dut
15:05:33 INFO Created link: dut:FH0_0_0_0 ▪┄┄▪ p:eth1
15:05:33 INFO Created link: ce1o:eth1 ▪┄┄▪ dut:FH0_0_0_1
15:05:33 INFO Created link: s2:FH0_0_0_0 ▪┄┄▪ p:eth2
15:05:33 INFO Created link: ce2o:eth1 ▪┄┄▪ s2:FH0_0_0_1
15:05:33 INFO Created link: ce2b:eth1 ▪┄┄▪ s2:FH0_0_0_2
15:05:33 INFO Created link: ce1b:eth1 ▪┄┄▪ dut:FH0_0_0_2
15:05:34 INFO Executed command node=p command="sleep 1" stdout=""
15:05:34 INFO Executed command node=ce2o command="sleep 1" stdout=""
15:05:34 INFO Executed command node=ce1o command="sleep 1" stdout=""
15:05:34 INFO Executed command node=ce1b command="sleep 1" stdout=""
15:05:34 INFO Executed command node=ce2b command="sleep 1" stdout=""
15:05:34 INFO Adding host entries path=/etc/hosts
15:05:34 INFO Adding SSH config for nodes path=/etc/ssh/ssh_config.d/clab-ml-82.conf
15:05:34 INFO containerlab version
  🎉=
  │ A newer containerlab version (0.74.3) is available!
  │ Release notes: https://containerlab.dev/rn/0.74/#0743
  │ Run 'clab version upgrade' or see https://containerlab.dev/install/ for other installation options.
[1m╭[0m[1m─────────────────[0m[1m┬[0m[1m──────────────────────────────[0m[1m┬[0m[1m─────────[0m[1m┬[0m[1m────────────────[0m[1m╮[0m
[1m│[0m[1m       Name      [0m[1m│[0m[1m          Kind/Image          [0m[1m│[0m[1m  State  [0m[1m│[0m[1m IPv4/6 Address [0m[1m│[0m
[1m├[0m[1m─────────────────[0m[1m┼[0m[1m──────────────────────────────[0m[1m┼[0m[1m─────────[0m[1m┼[0m[1m────────────────[0m[1m┤[0m
│ clab-ml-82-ce1b │ linux                        │ running │ 192.168.82.101 │
│                 │ quay.io/frrouting/frr:10.6.0 │         │ N/A            │
├─────────────────┼──────────────────────────────┼─────────┼────────────────┤
│ clab-ml-82-ce1o │ linux                        │ running │ 192.168.82.103 │
│                 │ quay.io/frrouting/frr:10.6.0 │         │ N/A            │
├─────────────────┼──────────────────────────────┼─────────┼────────────────┤
│ clab-ml-82-ce2b │ linux                        │ running │ 192.168.82.102 │
│                 │ quay.io/frrouting/frr:10.6.0 │         │ N/A            │
├─────────────────┼──────────────────────────────┼─────────┼────────────────┤
│ clab-ml-82-ce2o │ linux                        │ running │ 192.168.82.104 │
│                 │ quay.io/frrouting/frr:10.6.0 │         │ N/A            │
├─────────────────┼──────────────────────────────┼─────────┼────────────────┤
│ clab-ml-82-dut  │ cisco_c8000                  │ running │ 192.168.82.105 │
│                 │ cisco/cisco-8201-32fh:24.4.1 │         │ N/A            │
├─────────────────┼──────────────────────────────┼─────────┼────────────────┤
│ clab-ml-82-p    │ linux                        │ running │ 192.168.82.107 │
│                 │ quay.io/frrouting/frr:10.6.0 │         │ N/A            │
├─────────────────┼──────────────────────────────┼─────────┼────────────────┤
│ clab-ml-82-s2   │ cisco_c8000                  │ running │ 192.168.82.106 │
│                 │ cisco/cisco-8201-32fh:24.4.1 │         │ N/A            │
╰─────────────────┴──────────────────────────────┴─────────┴────────────────╯

Initial configuration skipped, run 'netlab initial' to configure the devices
