Checking virtualization provider installation
OK: clab installed and working correctly
Stopping clab nodes
15:15:11 INFO Parsing & checking topology file=clab.yml
15:15:11 INFO Parsing & checking topology file=clab.yml
15:15:11 INFO Destroying lab name=ml-82
15:15:12 INFO Removed container name=clab-ml-82-h1
15:15:12 INFO Removed container name=clab-ml-82-h2
15:15:12 INFO Removed container name=clab-ml-82-h3
15:15:12 INFO Removed container name=clab-ml-82-p
15:15:13 INFO Removed container name=clab-ml-82-h4
15:15:13 INFO Removed container name=clab-ml-82-dut
15:15:13 INFO Removed container name=clab-ml-82-s2
15:15:13 INFO Removing host entries path=/etc/hosts
15:15:13 INFO Removing SSH config path=/etc/ssh/ssh_config.d/clab-ml-82.conf
Cleanup configuration files
... removing clab.yml
... removing ansible.cfg
... removing hosts.yml
... removing directory tree group_vars
... removing directory tree host_vars
... removing directory tree node_files
... removing netlab.snapshot.pickle
