Creating Device configuration snippets
[CREATED] x1: normalize,initial,vlan,stp
[CREATED] h1: initial,routing
[CREATED] h2: initial,routing
[CREATED] h3: initial,routing
[CREATED] h4: initial,routing
[CREATED] dut: initial,vlan,stp
Config Deploying device configurations
 [INFO] Executing initial configuration for node h1 (namespace clab-
          ml-85-h1)
 [INFO] Executing initial configuration for node h2 (namespace clab-
          ml-85-h2)
 [INFO] Executing initial configuration for node h3 (namespace clab-
          ml-85-h3)
 [INFO] Executing initial configuration for node h4 (namespace clab-
          ml-85-h4)
 [INFO] Executing routing configuration for node h2 (namespace clab-
          ml-85-h2)
 [INFO] Executing routing configuration for node h1 (namespace clab-
          ml-85-h1)
 [INFO] Executing routing configuration for node h3 (namespace clab-
          ml-85-h3)
 [INFO] Executing routing configuration for node h4 (namespace clab-
          ml-85-h4)
 [INFO] Starting Ansible playbook to deploy the rest of the
          configurations
[WARNING]: Found variable using reserved name: hosts

PLAY [Deploy initial device configuration] *************************************

TASK [Set variables that cannot be set with VARS] ******************************
ok: [dut]
ok: [x1]

TASK [Normalize config on bridge-like devices] *********************************
included: /home/pipi/net101/tools/netsim/ansible/tasks/deploy-module.yml for x1, dut

TASK [Figure out whether to deploy the module normalize on current device] *****
ok: [dut]
ok: [x1]

TASK [Find configuration template for normalize] *******************************
ok: [dut]
ok: [x1]

TASK [fail] ********************************************************************
skipping: [x1]
skipping: [dut]

TASK [Find configuration deployment deploy_script for normalize] ***************
ok: [dut]
ok: [x1]

TASK [Print deployed configuration when running in verbose mode] ***************
skipping: [dut]
ok: [x1] => {
    "msg": "normalize configuration for x1\n=========================================\n!\ninterface Ethernet1\n shutdown\n mac-address caf0.0001.0001\n"
}

TASK [Deploy normalize configuration] ******************************************
skipping: [dut]
included: /home/pipi/net101/tools/netsim/ansible/tasks/deploy-config/eos.yml for x1

TASK [eos_config: deploying normalize from /work/netlab_cicd/other_vm/node_files/x1/normalize] ***
[WARNING]: To ensure idempotency and correct diff the input configuration lines
should be similar to how they appear if present in the running configuration on
device including the indentation
changed: [x1]

TASK [Deploy initial configuration] ********************************************
included: /home/pipi/net101/tools/netsim/ansible/tasks/deploy-module.yml for x1, dut

TASK [Figure out whether to deploy the module initial on current device] *******
ok: [dut]
ok: [x1]

TASK [Find configuration template for initial] *********************************
ok: [dut]
ok: [x1]

TASK [fail] ********************************************************************
skipping: [x1]
skipping: [dut]

TASK [Find configuration deployment deploy_script for initial] *****************
ok: [dut]
ok: [x1]

TASK [Print deployed configuration when running in verbose mode] ***************
ok: [dut] => {
    "msg": "initial configuration for dut\n=========================================\nhostname dut\n!\nlldp enable\n!\n!\nip host x1 10.0.0.1\n!\n!\ndefault mtu 1532\n!\ninterface mgmt1/1/1\n no lldp transmit\n no lldp receive\n!\ninterface loopback0\n no shutdown\n ip address 10.0.0.6/32\n no ipv6 enable\n!\ninterface ethernet1/1/1\n no shutdown\n no switchport\n description \"dut -> x1\"\n no ipv6 enable\n!\ninterface ethernet1/1/2\n no shutdown\n no switchport\n description \"[Access VLAN red] dut -> h1\"\n no ipv6 enable\n!\ninterface ethernet1/1/3\n no shutdown\n no switchport\n description \"[Access VLAN red] dut -> h2\"\n no ipv6 enable\n!\ninterface ethernet1/1/4\n no shutdown\n no switchport\n description \"[Access VLAN red] dut -> h3\"\n no ipv6 enable\n!\ninterface ethernet1/1/5\n no shutdown\n no switchport\n description \"[Access VLAN green] dut -> h4\"\n no ipv6 enable\n!\ninterface vlan1000\n no shutdown\n description \"VLAN red (1000) -> [x1\\\\,h1\\\\,h2\\\\,h3]\"\n no ipv6 enable\n!\ninterface vlan1002\n no shutdown\n description \"VLAN green (1002) -> [h4] [stub]\"\n no ipv6 enable\n!\ninterface vlan1001\n no shutdown\n description \"VLAN blue (1001) -> [x1]\"\n no ipv6 enable\n!\n"
}
ok: [x1] => {
    "msg": "initial configuration for x1\n=========================================\nhostname x1\n!\nlogging monitor debugging\naaa authorization exec default local\n!\nlldp run\nip routing\nno ipv6 unicast-routing\n!\n!\nip host dut 10.0.0.6\nip host h1 172.16.0.2\nip host h2 172.16.0.3\nip host h3 172.16.0.4\nip host h4 172.16.2.5\n!\ninterface Management1\n no lldp transmit\n no lldp receive\n!\ninterface Loopback0\n ip address 10.0.0.1/32\n!\ninterface Ethernet1\n no switchport\n description x1 -> dut\n mac-address caf0.0001.0001\n!\n no shutdown\n!\ninterface Vlan1001\n description VLAN blue (1001) -> [dut]\n!\ninterface Vlan1000\n description VLAN red (1000) -> [h1,h2,h3,dut]\n!\n"
}

TASK [Deploy initial configuration] ********************************************
included: /home/pipi/net101/tools/netsim/ansible/tasks/deploy-config/eos.yml for x1
included: /home/pipi/net101/tools/netsim/ansible/tasks/deploy-config/dellos10.yml for dut

TASK [eos_config: deploying initial from /work/netlab_cicd/other_vm/node_files/x1/initial] ***
changed: [x1]

TASK [wait_for_connection] *****************************************************
skipping: [dut]

TASK [dellos10_config: deploying initial from /work/netlab_cicd/other_vm/node_files/dut/initial, save to startup=yes] ***
changed: [dut]

PLAY [Deploy module-specific configurations] ***********************************

TASK [Set variables that cannot be set with VARS] ******************************
ok: [dut]
ok: [x1]

TASK [Deploy individual configuration modules] *********************************
included: /home/pipi/net101/tools/netsim/ansible/tasks/deploy-module.yml for x1, dut => (item=vlan)
included: /home/pipi/net101/tools/netsim/ansible/tasks/deploy-module.yml for x1, dut => (item=stp)
included: /home/pipi/net101/tools/netsim/ansible/tasks/deploy-module.yml for x1, dut => (item=routing)

TASK [Figure out whether to deploy the module vlan on current device] **********
ok: [dut]
ok: [x1]

TASK [Find configuration template for vlan] ************************************
ok: [x1]
ok: [dut]

TASK [fail] ********************************************************************
skipping: [x1]
skipping: [dut]

TASK [Find configuration deployment deploy_script for vlan] ********************
ok: [dut]
ok: [x1]

TASK [Print deployed configuration when running in verbose mode] ***************
ok: [dut] => {
    "msg": "vlan configuration for dut\n=========================================\ninterface vlan 1000\n description \"VLAN red\"\n exit\n!\ninterface vlan 1002\n description \"VLAN green\"\n exit\n!\ninterface vlan 1001\n description \"VLAN blue\"\n exit\n!\n\n!\ninterface ethernet1/1/1\n switchport mode trunk\n no switchport access vlan\n switchport trunk allowed vlan 1000,1001\n!\ninterface ethernet1/1/2\n switchport mode access\n switchport access vlan 1000\n!\ninterface ethernet1/1/3\n switchport mode access\n switchport access vlan 1000\n!\ninterface ethernet1/1/4\n switchport mode access\n switchport access vlan 1000\n!\ninterface ethernet1/1/5\n switchport mode access\n switchport access vlan 1002\n!\ninterface vlan1000\n!\ninterface vlan1002\n!\ninterface vlan1001\n"
}
ok: [x1] => {
    "msg": "vlan configuration for x1\n=========================================\nvlan 1001\n name blue\n!\nvlan 1000\n name red\n!\n\n!\ninterface Ethernet1\n switchport\n switchport mode trunk\n switchport trunk allowed vlan 1000,1001\n switchport trunk native vlan tag\n!\ninterface Vlan1001\n!\ninterface Vlan1000\n"
}

TASK [Deploy vlan configuration] ***********************************************
included: /home/pipi/net101/tools/netsim/ansible/tasks/deploy-config/eos.yml for x1
included: /home/pipi/net101/tools/netsim/ansible/tasks/deploy-config/dellos10.yml for dut

TASK [eos_config: deploying vlan from /work/netlab_cicd/other_vm/node_files/x1/vlan] ***
changed: [x1]

TASK [wait_for_connection] *****************************************************
skipping: [dut]

TASK [dellos10_config: deploying vlan from /work/netlab_cicd/other_vm/node_files/dut/vlan, save to startup=yes] ***
changed: [dut]

TASK [Figure out whether to deploy the module stp on current device] ***********
ok: [x1]
ok: [dut]

TASK [Find configuration template for stp] *************************************
ok: [x1]
ok: [dut]

TASK [fail] ********************************************************************
skipping: [x1]
skipping: [dut]

TASK [Find configuration deployment deploy_script for stp] *********************
ok: [x1]
ok: [dut]

TASK [Print deployed configuration when running in verbose mode] ***************
ok: [x1] => {
    "msg": "stp configuration for x1\n=========================================\nspanning-tree mode rstp \n!\n\n!\ninterface Ethernet1\n \n spanning-tree portfast network\n"
}
ok: [dut] => {
    "msg": "stp configuration for dut\n=========================================\nspanning-tree mode rstp\n\nspanning-tree rstp force-version stp\n\n\n\n\ninterface ethernet1/1/1\n no spanning-tree port type edge\n \ninterface ethernet1/1/2\n spanning-tree port type edge\n \ninterface ethernet1/1/3\n spanning-tree port type edge\n \ninterface ethernet1/1/4\n no spanning-tree port type edge\n \ninterface ethernet1/1/5\n no spanning-tree port type edge\n \n"
}

TASK [Deploy stp configuration] ************************************************
included: /home/pipi/net101/tools/netsim/ansible/tasks/deploy-config/eos.yml for x1
included: /home/pipi/net101/tools/netsim/ansible/tasks/deploy-config/dellos10.yml for dut

TASK [eos_config: deploying stp from /work/netlab_cicd/other_vm/node_files/x1/stp] ***
changed: [x1]

TASK [wait_for_connection] *****************************************************
skipping: [dut]

TASK [dellos10_config: deploying stp from /work/netlab_cicd/other_vm/node_files/dut/stp, save to startup=yes] ***
changed: [dut]

TASK [Figure out whether to deploy the module routing on current device] *******
ok: [x1]
ok: [dut]

TASK [Find configuration template for routing] *********************************
skipping: [x1]
skipping: [dut]

TASK [fail] ********************************************************************
skipping: [x1]
skipping: [dut]

TASK [Find configuration deployment deploy_script for routing] *****************
skipping: [x1]
skipping: [dut]

TASK [Print deployed configuration when running in verbose mode] ***************
skipping: [x1]
skipping: [dut]

TASK [Deploy routing configuration] ********************************************
skipping: [x1]
skipping: [dut]

PLAY [Deploy custom deployment templates] **************************************
skipping: no hosts matched

PLAY RECAP *********************************************************************
dut                        : ok=29   changed=3    unreachable=0    failed=0    skipped=14   rescued=0    ignored=0   
x1                         : ok=32   changed=4    unreachable=0    failed=0    skipped=9    rescued=0    ignored=0   

Results of configuration script deployments
================================================================================
h1               Script:  initial,routing
h2               Script:  initial,routing
h3               Script:  initial,routing
h4               Script:  initial,routing


This is a config-only test that uses all possible STP port types. It's a bit
hard to validate whether a particular port type is configured ;), the only
check we can do is for edge ports.

