Using transformed lab topology from snapshot file netlab.snapshot.pickle
Checking virtualization provider installation
OK: libvirt installed and working correctly
OK: clab installed and working correctly
Starting libvirt nodes
creating libvirt management network nl_mgmt_85
provider libvirt: executing vagrant up --provider libvirt
Bringing machine 'x1' up with 'libvirt' provider...
Bringing machine 'dut' up with 'libvirt' provider...
==> dut: Checking if box 'dell/os10' version '5.6.6' is up to date...
[fog][WARNING] Unrecognized arguments: libvirt_ip_command
==> dut: Creating image (snapshot of base box volume).
==> dut: Creating domain with the following settings...
==> dut:  -- Name:              ml-85_dut
==> dut:  -- Description:       Source: /work/netlab_cicd/other_vm/Vagrantfile
==> dut:  -- Domain type:       kvm
==> dut:  -- Cpus:              2
==> dut:  -- Feature:           acpi
==> dut:  -- Feature:           apic
==> dut:  -- Feature:           pae
==> dut:  -- Clock offset:      utc
==> dut:  -- Memory:            4096M
==> dut:  -- Management MAC:    ca:fe:00:06:00:00
==> dut:  -- Base box:          dell/os10
==> dut:  -- Storage pool:      default
==> dut:  -- Image(vda):        /var/lib/libvirt/images/ml-85_dut.img, ide, 50G
==> dut:  -- Disk driver opts:  cache='default'
==> dut:  -- Graphics Type:     vnc
==> dut:  -- Video Type:        cirrus
==> dut:  -- Video VRAM:        16384
==> dut:  -- Video 3D accel:    false
==> dut:  -- Keymap:            en-us
==> dut:  -- TPM Backend:       passthrough
==> dut:  -- INPUT:             type=mouse, bus=ps2
==> x1: Checking if box 'arista/veos' version '4.34.2F' is up to date...
[fog][WARNING] Unrecognized arguments: libvirt_ip_command
==> x1: Creating image (snapshot of base box volume).
==> x1: Creating domain with the following settings...
==> x1:  -- Name:              ml-85_x1
==> x1:  -- Description:       Source: /work/netlab_cicd/other_vm/Vagrantfile
==> x1:  -- Domain type:       kvm
==> x1:  -- Cpus:              2
==> x1:  -- Feature:           acpi
==> x1:  -- Feature:           apic
==> x1:  -- Feature:           pae
==> x1:  -- Clock offset:      utc
==> x1:  -- Memory:            2048M
==> x1:  -- Management MAC:    ca:fe:00:01:00:00
==> x1:  -- Base box:          arista/veos
==> x1:  -- Storage pool:      default
==> x1:  -- Image(vda):        /var/lib/libvirt/images/ml-85_x1.img, ide, 5G
==> x1:  -- Disk driver opts:  cache='default'
==> x1:  -- Graphics Type:     vnc
==> x1:  -- Video Type:        cirrus
==> x1:  -- Video VRAM:        16384
==> x1:  -- Video 3D accel:    false
==> x1:  -- Keymap:            en-us
==> x1:  -- TPM Backend:       passthrough
==> x1:  -- INPUT:             type=mouse, bus=ps2
==> dut: Creating shared folders metadata...
==> dut: Starting domain.
==> dut: Domain launching with graphics connection settings...
==> x1: Creating shared folders metadata...
==> dut:  -- Graphics Port:      5900
==> dut:  -- Graphics IP:        127.0.0.1
==> x1: Starting domain.
==> dut:  -- Graphics Password:  Not defined
==> x1: Domain launching with graphics connection settings...
==> dut:  -- Graphics Websocket: 5700
==> x1:  -- Graphics Port:      5901
==> dut: Waiting for domain to get an IP address...
==> x1:  -- Graphics IP:        127.0.0.1
==> x1:  -- Graphics Password:  Not defined
==> x1:  -- Graphics Websocket: 5701
==> x1: Waiting for domain to get an IP address...
==> dut: Waiting for machine to boot. This may take a few minutes...
    dut: SSH address: 192.168.85.106:22
    dut: SSH username: vagrant
    dut: SSH auth method: private key
==> dut: Machine booted and ready!
==> x1: Waiting for machine to boot. This may take a few minutes...
    x1: SSH address: 192.168.85.101:22
    x1: SSH username: vagrant
    x1: SSH auth method: private key
    x1: Warning: Connection refused. Retrying...
==> x1: Machine booted and ready!
Starting clab nodes
Recreating clab-augment.yml configuration file for clab provider
Created provider configuration file: clab-augment.yml
provider clab: executing sudo -E containerlab deploy --reconfigure -t clab-augment.yml
16:35:12 INFO Containerlab started version=0.74.2
16:35:12 INFO Parsing & checking topology file=clab-augment.yml
16:35:12 INFO Removing directory path=/work/netlab_cicd/other_vm/clab-ml-85
16:35:12 INFO Creating docker network name=nl_mgmt_85 IPv4 subnet=192.168.85.0/24 IPv6 subnet="" MTU=0
16:35:12 INFO Creating lab directory path=/work/netlab_cicd/other_vm/clab-ml-85
16:35:12 INFO Creating container name=h1
16:35:12 INFO Creating container name=h3
16:35:12 INFO Creating container name=h4
16:35:12 INFO Creating container name=h2
16:35:12 INFO Created link: h3:eth1 ▪┄┄▪ virbr8:bni85n4i1
16:35:12 INFO Created link: h4:eth1 ▪┄┄▪ virbr9:bni85n5i1
16:35:12 INFO Created link: h1:eth1 ▪┄┄▪ virbr6:bni85n2i1
16:35:12 INFO Created link: h2:eth1 ▪┄┄▪ virbr7:bni85n3i1
16:35:13 INFO Adding host entries path=/etc/hosts
16:35:13 INFO Adding SSH config for nodes path=/etc/ssh/ssh_config.d/clab-ml-85.conf
16:35:13 INFO containerlab version
  🎉=
  │ A newer containerlab version (0.74.3) is available!
  │ Release notes: https://containerlab.dev/rn/0.74/#0743
  │ Run 'clab version upgrade' or see https://containerlab.dev/install/ for other installation options.
[1m╭[0m[1m───────────────[0m[1m┬[0m[1m────────────────────[0m[1m┬[0m[1m─────────[0m[1m┬[0m[1m────────────────[0m[1m╮[0m
[1m│[0m[1m      Name     [0m[1m│[0m[1m     Kind/Image     [0m[1m│[0m[1m  State  [0m[1m│[0m[1m IPv4/6 Address [0m[1m│[0m
[1m├[0m[1m───────────────[0m[1m┼[0m[1m────────────────────[0m[1m┼[0m[1m─────────[0m[1m┼[0m[1m────────────────[0m[1m┤[0m
│ clab-ml-85-h1 │ linux              │ running │ 192.168.85.102 │
│               │ python:3.13-alpine │         │ N/A            │
├───────────────┼────────────────────┼─────────┼────────────────┤
│ clab-ml-85-h2 │ linux              │ running │ 192.168.85.103 │
│               │ python:3.13-alpine │         │ N/A            │
├───────────────┼────────────────────┼─────────┼────────────────┤
│ clab-ml-85-h3 │ linux              │ running │ 192.168.85.104 │
│               │ python:3.13-alpine │         │ N/A            │
├───────────────┼────────────────────┼─────────┼────────────────┤
│ clab-ml-85-h4 │ linux              │ running │ 192.168.85.105 │
│               │ python:3.13-alpine │         │ N/A            │
╰───────────────┴────────────────────┴─────────┴────────────────╯

Initial configuration skipped, run 'netlab initial' to configure the devices
