Creating Device configuration snippets
[CREATED] dutc1: normalize,initial,dhcp
[CREATED] dutc2: normalize,initial,dhcp
[CREATED] server: initial,dhcp,routing
Config Normalizing device configurations
netmiko:  [INFO] Sent normalize configuration to dutc1
netmiko:  [INFO] Sent normalize configuration to dutc2
Config Deploying device configurations
 [INFO] Executing initial configuration for node server (namespace
          clab-ml-17-server)
 [INFO] Executing routing configuration for node server (namespace
          clab-ml-17-server)
netmiko:  [INFO] Sent initial configuration to dutc1
netmiko:  [INFO] Sent initial configuration to dutc2
netmiko:  [INFO] Sent dhcp configuration to dutc2
netmiko:  [INFO] Sent dhcp configuration to dutc1

Results of configuration script deployments
================================================================================
dutc1            Script:  normalize,initial,dhcp
dutc2            Script:  normalize,initial,dhcp
server           Script:  initial,routing


Use this topology to test the DHCPv4 client on your device. Use 'netlab
validate' to check whether your devices requested DHCP leases from the DHCP
server.

If your client suppors configurable 'router option' requests to generate
a default route, check that C1 has a default route but C2 does not.

