Creating Device configuration snippets
[CREATED] dut: normalize,initial,dhcp
[CREATED] c1: initial,dhcp
[CREATED] c2: initial,dhcp
[CREATED] c3: initial,dhcp
[CREATED] c4: initial,dhcp
[CREATED] s1: initial,dhcp,services,routing
[CREATED] s2: initial,dhcp,services,routing
Config Normalizing device configurations
netmiko:  [INFO] Sent normalize configuration to dut
Config Deploying device configurations
 [INFO] Executing initial configuration for node s1 (namespace clab-
          ml-17-s1)
 [INFO] Executing initial configuration for node s2 (namespace clab-
          ml-17-s2)
 [INFO] Executing routing configuration for node s2 (namespace clab-
          ml-17-s2)
 [INFO] Executing routing configuration for node s1 (namespace clab-
          ml-17-s1)
 [INFO] Executing initial configuration for node c3 (netmiko/script)
 [INFO] Executing initial configuration for node c4 (netmiko/script)
 [INFO] Executing initial configuration for node c1 (netmiko/script)
 [INFO] Executing initial configuration for node c2 (netmiko/script)
netmiko:  [INFO] Sent initial configuration to dut
netmiko:  [INFO] Sent dhcp configuration to dut
 [INFO] Executing dhcp configuration for node c4 (netmiko/script)
 [INFO] Executing dhcp configuration for node c2 (netmiko/script)
 [INFO] Executing dhcp configuration for node c3 (netmiko/script)
 [INFO] Executing dhcp configuration for node c1 (netmiko/script)

Results of configuration script deployments
================================================================================
dut              Script:  normalize,initial,dhcp
c1               Script:  initial,dhcp
c2               Script:  initial,dhcp
c3               Script:  initial,dhcp
c4               Script:  initial,dhcp
s1               Script:  initial,routing
s2               Script:  initial,routing


Use this topology to test the DHCPv4 relay functionality of your device. Use
'netlab validate' to check whether your device propagated DHCPv4 requests from
DHCP clients (Linux VMs) to DHCP servers.

