Using transformed lab topology from snapshot file netlab.snapshot.pickle
Checking virtualization provider installation
OK: libvirt installed and working correctly
OK: clab installed and working correctly
Starting libvirt nodes
creating libvirt management network nl_mgmt_17
provider libvirt: executing flock -E 42 /tmp/netlab.lock vagrant up --provider libvirt
Bringing machine 'relay' up with 'libvirt' provider...
Bringing machine 'c1' up with 'libvirt' provider...
Bringing machine 'c2' up with 'libvirt' provider...
Bringing machine 'c3' up with 'libvirt' provider...
Bringing machine 'c4' up with 'libvirt' provider...
==> relay: Checking if box 'arista/veos' version '4.34.2F' is up to date...
[fog][WARNING] Unrecognized arguments: libvirt_ip_command
==> relay: Creating image (snapshot of base box volume).
==> relay: Creating domain with the following settings...
==> relay:  -- Name:              ml-17_relay
==> relay:  -- Description:       Source: /work/netlab_cicd/Vagrantfile
==> relay:  -- Domain type:       kvm
==> relay:  -- Cpus:              2
==> relay:  -- Feature:           acpi
==> relay:  -- Feature:           apic
==> relay:  -- Feature:           pae
==> relay:  -- Clock offset:      utc
==> relay:  -- Memory:            2048M
==> relay:  -- Management MAC:    ca:fe:00:01:00:00
==> relay:  -- Base box:          arista/veos
==> relay:  -- Storage pool:      default
==> relay:  -- Image(vda):        /var/lib/libvirt/images/ml-17_relay.img, ide, 5G
==> relay:  -- Disk driver opts:  cache='default'
==> c1: Checking if box 'bento/ubuntu-24.04' version '202508.03.0' is up to date...
==> relay:  -- Graphics Type:     vnc
==> relay:  -- Video Type:        cirrus
==> relay:  -- Video VRAM:        16384
[fog][WARNING] Unrecognized arguments: libvirt_ip_command
==> relay:  -- Video 3D accel:    false
==> relay:  -- Keymap:            en-us
==> relay:  -- TPM Backend:       passthrough
==> relay:  -- INPUT:             type=mouse, bus=ps2
==> c1: Creating image (snapshot of base box volume).
==> c1: Creating domain with the following settings...
==> c1:  -- Name:              ml-17_c1
==> c1:  -- Description:       Source: /work/netlab_cicd/Vagrantfile
==> c1:  -- Domain type:       kvm
==> c1:  -- Cpus:              1
==> c1:  -- Feature:           acpi
==> c1:  -- Feature:           apic
==> c1:  -- Feature:           pae
==> c1:  -- Clock offset:      utc
==> c1:  -- Memory:            1024M
==> c1:  -- Management MAC:    ca:fe:00:02:00:00
==> c1:  -- Base box:          bento/ubuntu-24.04
==> c1:  -- Storage pool:      default
==> c3: Checking if box 'bento/ubuntu-24.04' version '202508.03.0' is up to date...
==> c1:  -- Image(vda):        /var/lib/libvirt/images/ml-17_c1.img, virtio, 64G
==> c1:  -- Disk driver opts:  cache='default'
==> c1:  -- Graphics Type:     vnc
[fog][WARNING] Unrecognized arguments: libvirt_ip_command
==> c1:  -- Video Type:        cirrus
==> c1:  -- Video VRAM:        16384
==> c1:  -- Video 3D accel:    false
==> c3: Creating image (snapshot of base box volume).
==> c1:  -- Keymap:            en-us
==> c3: Creating domain with the following settings...
==> c1:  -- TPM Backend:       passthrough
==> c3:  -- Name:              ml-17_c3
==> c1:  -- INPUT:             type=mouse, bus=ps2
==> c2: Checking if box 'bento/ubuntu-24.04' version '202508.03.0' is up to date...
==> c3:  -- Description:       Source: /work/netlab_cicd/Vagrantfile
==> c3:  -- Domain type:       kvm
==> c3:  -- Cpus:              1
[fog][WARNING] Unrecognized arguments: libvirt_ip_command
==> c3:  -- Feature:           acpi
==> c3:  -- Feature:           apic
==> c3:  -- Feature:           pae
==> c3:  -- Clock offset:      utc
==> c3:  -- Memory:            1024M
==> c3:  -- Management MAC:    ca:fe:00:04:00:00
==> c2: Creating image (snapshot of base box volume).
==> c3:  -- Base box:          bento/ubuntu-24.04
==> c2: Creating domain with the following settings...
==> c3:  -- Storage pool:      default
==> c2:  -- Name:              ml-17_c2
==> c3:  -- Image(vda):        /var/lib/libvirt/images/ml-17_c3.img, virtio, 64G
==> c2:  -- Description:       Source: /work/netlab_cicd/Vagrantfile
==> c3:  -- Disk driver opts:  cache='default'
==> c2:  -- Domain type:       kvm
==> c3:  -- Graphics Type:     vnc
==> c2:  -- Cpus:              1
==> c3:  -- Video Type:        cirrus
==> c2:  -- Feature:           acpi
==> c3:  -- Video VRAM:        16384
==> c2:  -- Feature:           apic
==> c3:  -- Video 3D accel:    false
==> c2:  -- Feature:           pae
==> c3:  -- Keymap:            en-us
==> c2:  -- Clock offset:      utc
==> c3:  -- TPM Backend:       passthrough
==> c2:  -- Memory:            1024M
==> c3:  -- INPUT:             type=mouse, bus=ps2
==> c2:  -- Management MAC:    ca:fe:00:03:00:00
==> c2:  -- Base box:          bento/ubuntu-24.04
==> c2:  -- Storage pool:      default
==> c2:  -- Image(vda):        /var/lib/libvirt/images/ml-17_c2.img, virtio, 64G
==> c2:  -- Disk driver opts:  cache='default'
==> c4: Checking if box 'bento/ubuntu-24.04' version '202508.03.0' is up to date...
==> c2:  -- Graphics Type:     vnc
==> c2:  -- Video Type:        cirrus
==> c2:  -- Video VRAM:        16384
[fog][WARNING] Unrecognized arguments: libvirt_ip_command
==> c2:  -- Video 3D accel:    false
==> relay: Creating shared folders metadata...
==> c2:  -- Keymap:            en-us
==> relay: Starting domain.
==> c2:  -- TPM Backend:       passthrough
==> relay: Domain launching with graphics connection settings...
==> c2:  -- INPUT:             type=mouse, bus=ps2
==> relay:  -- Graphics Port:      5900
==> c4: Creating image (snapshot of base box volume).
==> relay:  -- Graphics IP:        127.0.0.1
==> c4: Creating domain with the following settings...
==> relay:  -- Graphics Password:  Not defined
==> c4:  -- Name:              ml-17_c4
==> relay:  -- Graphics Websocket: 5700
==> c4:  -- Description:       Source: /work/netlab_cicd/Vagrantfile
==> relay: Waiting for domain to get an IP address...
==> c4:  -- Domain type:       kvm
==> c4:  -- Cpus:              1
==> c1: Creating shared folders metadata...
==> c4:  -- Feature:           acpi
==> c1: Starting domain.
==> c4:  -- Feature:           apic
==> c1: Domain launching with graphics connection settings...
==> c4:  -- Feature:           pae
==> c1:  -- Graphics Port:      5901
==> c4:  -- Clock offset:      utc
==> c1:  -- Graphics IP:        127.0.0.1
==> c4:  -- Memory:            1024M
==> c1:  -- Graphics Password:  Not defined
==> c4:  -- Management MAC:    ca:fe:00:05:00:00
==> c1:  -- Graphics Websocket: 5701
==> c4:  -- Base box:          bento/ubuntu-24.04
==> c1: Waiting for domain to get an IP address...
==> c4:  -- Storage pool:      default
==> c4:  -- Image(vda):        /var/lib/libvirt/images/ml-17_c4.img, virtio, 64G
==> c4:  -- Disk driver opts:  cache='default'
==> c4:  -- Graphics Type:     vnc
==> c4:  -- Video Type:        cirrus
==> c4:  -- Video VRAM:        16384
==> c4:  -- Video 3D accel:    false
==> c4:  -- Keymap:            en-us
==> c4:  -- TPM Backend:       passthrough
==> c4:  -- INPUT:             type=mouse, bus=ps2
==> c3: Creating shared folders metadata...
==> c3: Starting domain.
==> c3: Domain launching with graphics connection settings...
==> c3:  -- Graphics Port:      5903
==> c3:  -- Graphics IP:        127.0.0.1
==> c3:  -- Graphics Password:  Not defined
==> c3:  -- Graphics Websocket: 5703
==> c3: Waiting for domain to get an IP address...
==> c2: Creating shared folders metadata...
==> c2: Starting domain.
==> c2: Domain launching with graphics connection settings...
==> c2:  -- Graphics Port:      5904
==> c2:  -- Graphics IP:        127.0.0.1
==> c2:  -- Graphics Password:  Not defined
==> c2:  -- Graphics Websocket: 5704
==> c2: Waiting for domain to get an IP address...
==> c4: Creating shared folders metadata...
==> c4: Starting domain.
==> c4: Domain launching with graphics connection settings...
==> c4:  -- Graphics Port:      5905
==> c4:  -- Graphics IP:        127.0.0.1
==> c4:  -- Graphics Password:  Not defined
==> c4:  -- Graphics Websocket: 5705
==> c4: Waiting for domain to get an IP address...
==> c1: Waiting for machine to boot. This may take a few minutes...
    c1: SSH address: 192.168.17.102:22
    c1: SSH username: vagrant
    c1: SSH auth method: private key
    c1: 
    c1: Vagrant insecure key detected. Vagrant will automatically replace
    c1: this with a newly generated keypair for better security.
==> c3: Waiting for machine to boot. This may take a few minutes...
    c3: SSH address: 192.168.17.104:22
    c3: SSH username: vagrant
    c3: SSH auth method: private key
    c1: 
    c1: Inserting generated public key within guest...
    c3: 
    c3: Vagrant insecure key detected. Vagrant will automatically replace
    c3: this with a newly generated keypair for better security.
    c1: Removing insecure key from the guest if it's present...
    c1: Key inserted! Disconnecting and reconnecting using new SSH key...
    c3: 
    c3: Inserting generated public key within guest...
==> c2: Waiting for machine to boot. This may take a few minutes...
    c2: SSH address: 192.168.17.103:22
    c2: SSH username: vagrant
    c2: SSH auth method: private key
==> c1: Machine booted and ready!
    c3: Removing insecure key from the guest if it's present...
    c2: 
    c2: Vagrant insecure key detected. Vagrant will automatically replace
    c2: this with a newly generated keypair for better security.
==> c4: Waiting for machine to boot. This may take a few minutes...
    c4: SSH address: 192.168.17.105:22
    c4: SSH username: vagrant
    c4: SSH auth method: private key
    c3: Key inserted! Disconnecting and reconnecting using new SSH key...
    c4: 
    c4: Vagrant insecure key detected. Vagrant will automatically replace
    c4: this with a newly generated keypair for better security.
==> c3: Machine booted and ready!
    c2: 
    c2: Inserting generated public key within guest...
    c2: Removing insecure key from the guest if it's present...
    c4: 
    c4: Inserting generated public key within guest...
    c2: Key inserted! Disconnecting and reconnecting using new SSH key...
    c4: Removing insecure key from the guest if it's present...
    c4: Key inserted! Disconnecting and reconnecting using new SSH key...
==> c2: Machine booted and ready!
==> c4: Machine booted and ready!
==> relay: Waiting for machine to boot. This may take a few minutes...
    relay: SSH address: 192.168.17.101:22
    relay: SSH username: vagrant
    relay: SSH auth method: private key
==> relay: Machine booted and ready!
Starting clab nodes
Recreating clab-augment.yml configuration file for clab provider
Created provider configuration file: clab-augment.yml
provider clab: executing flock -E 42 /tmp/netlab.lock sudo -E containerlab deploy --reconfigure -t clab-augment.yml
17:39:12 INFO Containerlab started version=0.75.0
17:39:12 INFO Parsing & checking topology file=clab-augment.yml
17:39:12 INFO Removing directory path=/work/netlab_cicd/clab-ml-17
17:39:12 INFO Creating docker network name=nl_mgmt_17 IPv4 subnet=192.168.17.0/24 IPv6 subnet="" MTU=0
17:39:12 INFO Creating lab directory path=/work/netlab_cicd/clab-ml-17
17:39:12 INFO Creating container name=s1
17:39:12 INFO Creating container name=s2
17:39:12 INFO Created link: s1:eth1 ▪┄┄▪ virbr4:bni17n6i1
17:39:12 INFO Created link: s2:eth1 ▪┄┄▪ virbr3:bni17n7i1
17:39:12 INFO Adding host entries path=/etc/hosts
17:39:12 INFO Adding SSH config for nodes path=/etc/ssh/ssh_config.d/clab-ml-17.conf
17:39:15 INFO Failed fetching latest version information
[1m╭[0m[1m───────────────[0m[1m┬[0m[1m───────────────────────[0m[1m┬[0m[1m─────────[0m[1m┬[0m[1m────────────────[0m[1m╮[0m
[1m│[0m[1m      Name     [0m[1m│[0m[1m       Kind/Image      [0m[1m│[0m[1m  State  [0m[1m│[0m[1m IPv4/6 Address [0m[1m│[0m
[1m├[0m[1m───────────────[0m[1m┼[0m[1m───────────────────────[0m[1m┼[0m[1m─────────[0m[1m┼[0m[1m────────────────[0m[1m┤[0m
│ clab-ml-17-s1 │ linux                 │ running │ 192.168.17.106 │
│               │ netlab/dnsmasq:latest │         │ N/A            │
├───────────────┼───────────────────────┼─────────┼────────────────┤
│ clab-ml-17-s2 │ linux                 │ running │ 192.168.17.107 │
│               │ netlab/dnsmasq:latest │         │ N/A            │
╰───────────────┴───────────────────────┴─────────┴────────────────╯

Initial configuration skipped, run 'netlab initial' to configure the devices
