Creating Device configuration snippets
[CREATED] dut: normalize,initial,dhcp
[CREATED] c1: initial,dhcp
[CREATED] c2: initial,dhcp
[CREATED] c3: initial,dhcp
[CREATED] c4: initial,dhcp
[CREATED] s1: initial,dhcp,services
[CREATED] s2: initial,dhcp,services
Checking Are lab devices ready to be configured?
 [INFO] Checking SSH server(s) on c1,c2,c3,c4
[SSH]     SSH server on node c4 (device iol) is ready after 25.4 seconds
[SSH]     SSH server on node c1 (device iol) is ready after 25.5 seconds
[SSH]     SSH server on node c3 (device iol) is ready after 25.5 seconds
[SSH]     SSH server on node c2 (device iol) is ready after 25.6 seconds
Config Normalizing device configurations
netmiko:  [INFO] Sent normalize configuration to dut
Config Deploying device configurations
 [INFO] Executing initial configuration for node s1 (namespace clab-
          ml-17-s1)
 [INFO] Executing initial configuration for node s2 (namespace clab-
          ml-17-s2)
netmiko:  [INFO] Sent initial configuration to dut
netmiko:  [INFO] Sent dhcp configuration to dut
netmiko:  [INFO] Sent initial configuration to c1
netmiko:  [INFO] Sent initial configuration to c3
netmiko:  [INFO] Sent initial configuration to c2
netmiko:  [INFO] Sent dhcp configuration to c3
netmiko:  [INFO] Sent dhcp configuration to c1
netmiko:  [INFO] Sent initial configuration to c4
netmiko:  [INFO] Sent dhcp configuration to c2
netmiko:  [INFO] Sent dhcp configuration to c4

Results of configuration script deployments
================================================================================
dut              Script:  normalize,initial,dhcp
c1               Script:  initial,dhcp
c2               Script:  initial,dhcp
c3               Script:  initial,dhcp
c4               Script:  initial,dhcp
s1               Script:  initial
s2               Script:  initial


Use this topology to test the DHCPv6 relay functionality of your device. Use
'netlab validate' to check whether your device propagated DHCPv6 requests from
DHCP clients to DHCP servers.

