Creating Device configuration snippets
[CREATED] dut: normalize,initial,vrf,dhcp
[CREATED] c1: initial,dhcp
[CREATED] c2: initial,dhcp
[CREATED] server: initial,dhcp,routing
Checking Are lab devices ready to be configured?
 [INFO] Checking SSH server(s) on server
[SSH]     SSH server on node server (device iol) is ready after 28.4 seconds
Config Normalizing device configurations
netmiko:  [INFO] Sent normalize configuration to dut
Config Deploying device configurations
 [INFO] Executing initial configuration for node c2 (netmiko/script)
 [INFO] Executing initial configuration for node c1 (netmiko/script)
netmiko:  [INFO] Sent initial configuration to dut
netmiko:  [INFO] Sent vrf configuration to dut
netmiko:  [INFO] Sent dhcp configuration to dut
 [INFO] Executing dhcp configuration for node c1 (netmiko/script)
 [INFO] Executing dhcp configuration for node c2 (netmiko/script)
netmiko:  [INFO] Sent initial configuration to server
netmiko:  [INFO] Sent dhcp configuration to server
netmiko:  [INFO] Sent routing configuration to server

Results of configuration script deployments
================================================================================
dut              Script:  normalize,initial,vrf,dhcp
c1               Script:  initial,dhcp
c2               Script:  initial,dhcp
server           Script:  initial,dhcp,routing


Use this topology to test the inter-VRF DHCPv4 relay functionality of your
device. Use 'netlab validate' to check whether your device propagated DHCPv4
requests from DHCP clients (Linux VMs) in VRF c_vrf to DHCP servers in global
routing table.

