Creating Device configuration snippets
[CREATED] dut: normalize,initial,bgp
[CREATED] x1: initial,bgp
[CREATED] x2: initial,bgp
Checking Are lab devices ready to be configured?
 [INFO] Checking SSH server(s) on dut
Config Deploying device configurations
 [INFO] Executing normalize configuration for node dut
 [INFO] Executing initial configuration for node x1
 [INFO] Executing initial configuration for node x2
 [INFO] Executing initial configuration for node dut
 [INFO] Executing bgp configuration for node dut
 [INFO] Executing bgp configuration for node x1
 [INFO] Executing bgp configuration for node x2

Results of configuration script deployments
================================================================================
dut              Script:  normalize,initial,bgp
x1               Script:  initial,bgp
x2               Script:  initial,bgp


Use this topology to test the baseline IPv6 EBGP implementation and
propagation of routes between EBGP speakers.

