Using transformed lab topology from snapshot file netlab.snapshot.pickle
Checking virtualization provider installation
OK: clab installed and working correctly
Starting clab nodes
provider clab: executing sudo -E containerlab deploy --reconfigure -t clab.yml
09:58:44 INFO Containerlab started version=0.74.2
09:58:44 INFO Parsing & checking topology file=clab.yml
09:58:44 INFO Removing directory path=/work/netlab_cicd/other_c/clab-ml-85
09:58:44 INFO Creating docker network name=nl_mgmt_85 IPv4 subnet=192.168.85.0/24 IPv6 subnet="" MTU=0
09:58:44 INFO Creating lab directory path=/work/netlab_cicd/other_c/clab-ml-85
09:58:45 INFO Creating container name=x1
09:58:45 INFO Creating container name=x2
09:58:45 INFO Creating container name=r1
09:58:45 INFO Creating container name=dut
09:58:45 INFO Creating container name=dut2
09:58:46 INFO Created link: dut:et1 ▪┄┄▪ x1:eth1
09:58:46 INFO Created link: dut:et2 ▪┄┄▪ x2:eth1
09:58:46 INFO Created link: dut:et3 ▪┄┄▪ r1:eth1
09:58:46 INFO Running postdeploy actions for Arista cEOS 'dut2' node
09:58:46 INFO Created link: dut:et4 ▪┄┄▪ dut2:et1
09:58:46 INFO Running postdeploy actions for Arista cEOS 'dut' node
09:59:15 INFO Executed command node=x1 command="sleep 1" stdout=""
09:59:15 INFO Executed command node=x2 command="sleep 1" stdout=""
09:59:15 INFO Executed command node=r1 command="sleep 1" stdout=""
09:59:15 INFO Adding host entries path=/etc/hosts
09:59:15 INFO Adding SSH config for nodes path=/etc/ssh/ssh_config.d/clab-ml-85.conf
09:59:15 INFO containerlab version
  🎉=
  │ A newer containerlab version (0.74.3) is available!
  │ Release notes: https://containerlab.dev/rn/0.74/#0743
  │ Run 'clab version upgrade' or see https://containerlab.dev/install/ for other installation options.
[1m╭[0m[1m─────────────────[0m[1m┬[0m[1m──────────────────────────────[0m[1m┬[0m[1m─────────[0m[1m┬[0m[1m────────────────[0m[1m╮[0m
[1m│[0m[1m       Name      [0m[1m│[0m[1m          Kind/Image          [0m[1m│[0m[1m  State  [0m[1m│[0m[1m IPv4/6 Address [0m[1m│[0m
[1m├[0m[1m─────────────────[0m[1m┼[0m[1m──────────────────────────────[0m[1m┼[0m[1m─────────[0m[1m┼[0m[1m────────────────[0m[1m┤[0m
│ clab-ml-85-dut  │ ceos                         │ running │ 192.168.85.101 │
│                 │ ceos:4.35.2F                 │         │ N/A            │
├─────────────────┼──────────────────────────────┼─────────┼────────────────┤
│ clab-ml-85-dut2 │ ceos                         │ running │ 192.168.85.102 │
│                 │ ceos:4.35.2F                 │         │ N/A            │
├─────────────────┼──────────────────────────────┼─────────┼────────────────┤
│ clab-ml-85-r1   │ linux                        │ running │ 192.168.85.105 │
│                 │ quay.io/frrouting/frr:10.6.0 │         │ N/A            │
├─────────────────┼──────────────────────────────┼─────────┼────────────────┤
│ clab-ml-85-x1   │ linux                        │ running │ 192.168.85.103 │
│                 │ quay.io/frrouting/frr:10.6.0 │         │ N/A            │
├─────────────────┼──────────────────────────────┼─────────┼────────────────┤
│ clab-ml-85-x2   │ linux                        │ running │ 192.168.85.104 │
│                 │ quay.io/frrouting/frr:10.6.0 │         │ N/A            │
╰─────────────────┴──────────────────────────────┴─────────┴────────────────╯

Initial configuration skipped, run 'netlab initial' to configure the devices
