[CONFIG]  dut_a: initial,vlan,ospf,vrf
[CONFIG]  r2: initial,vlan,ospf,vrf,daemons,hosts,resolv
[CONFIG]  dut_b: initial,vlan,ospf,vrf
[CONFIG]  h1: initial,routing,hosts (shared),resolv
[CONFIG]  h2: initial,routing,hosts (shared),resolv
[CONFIG]  h3: initial,routing,hosts (shared),resolv
[CONFIG]  h4: initial,routing,hosts (shared),resolv
[CONFIG]  h5: initial,routing,hosts (shared),resolv
Created provider configuration file: clab.yml
Created pickled transformed topology data into netlab.snapshot.pickle
Created group_vars for all
Created group_vars for modules
Created group_vars for sonic
Created host_vars for dut_a, dut_b
Created group_vars for frr
Created host_vars for r2
Created group_vars for linux
Created host_vars for h1, h2, h3, h4, h5
Created minimized Ansible inventory hosts.yml
Created Ansible configuration file: ansible.cfg
