Creating Device configuration snippets
[CREATED] dut_a: initial,ospf
[CREATED] dut_c: initial,ospf,bgp
[CREATED] probe: initial,ospf
[CREATED] xf: initial,bgp
Config Deploying device configurations
 [INFO] Executing initial configuration for node probe
 [INFO] Executing initial configuration for node xf
 [INFO] Executing bgp configuration for node xf
 [INFO] Executing ospf configuration for node probe
 [INFO] Starting Ansible playbook to deploy the rest of the
          configurations
[WARNING]: Found variable using reserved name: hosts

PLAY [Deploy initial device configuration] *************************************

TASK [Set variables that cannot be set with VARS] ******************************
ok: [dut_a]
ok: [dut_c]

TASK [Normalize config on bridge-like devices] *********************************
included: /home/pipi/net101/tools/netsim/ansible/tasks/deploy-module.yml for dut_a, dut_c

TASK [Figure out whether to deploy the module normalize on current device] *****
ok: [dut_a]
ok: [dut_c]

TASK [Find configuration template for normalize] *******************************
ok: [dut_a]
ok: [dut_c]

TASK [fail] ********************************************************************
skipping: [dut_a]
skipping: [dut_c]

TASK [Find configuration deployment deploy_script for normalize] ***************
ok: [dut_a]
ok: [dut_c]

TASK [Print deployed configuration when running in verbose mode] ***************
skipping: [dut_a]
skipping: [dut_c]

TASK [Deploy normalize configuration] ******************************************
skipping: [dut_a]
skipping: [dut_c]

TASK [Deploy initial configuration] ********************************************
included: /home/pipi/net101/tools/netsim/ansible/tasks/deploy-module.yml for dut_a, dut_c

TASK [Figure out whether to deploy the module initial on current device] *******
ok: [dut_a]
ok: [dut_c]

TASK [Find configuration template for initial] *********************************
ok: [dut_a]
ok: [dut_c]

TASK [fail] ********************************************************************
skipping: [dut_a]
skipping: [dut_c]

TASK [Find configuration deployment deploy_script for initial] *****************
ok: [dut_a]
ok: [dut_c]

TASK [Print deployed configuration when running in verbose mode] ***************
ok: [dut_a] => {
    "msg": "initial configuration for dut_a\n=========================================\nhostname dut-a\n!\nlldp enable\n!\n!\nip host dutc 10.0.0.2\nip host probe 10.0.0.3\nip host xf 10.0.0.4\n!\n!\ndefault mtu 1532\n!\ninterface mgmt1/1/1\n no lldp transmit\n no lldp receive\n!\ninterface loopback0\n no shutdown\n ip address 10.0.0.1/32\n no ipv6 enable\n!\ninterface ethernet1/1/1\n no shutdown\n no switchport\n description \"dut_a -> probe\"\n ip address 10.1.0.2/30\n ip unreachables\n no ipv6 enable\n!\n"
}
ok: [dut_c] => {
    "msg": "initial configuration for dut_c\n=========================================\nhostname dut-c\n!\nlldp enable\n!\n!\nip host duta 10.0.0.1\nip host probe 10.0.0.3\nip host xf 10.0.0.4\n!\n!\ndefault mtu 1532\n!\ninterface mgmt1/1/1\n no lldp transmit\n no lldp receive\n!\ninterface loopback0\n no shutdown\n ip address 10.0.0.2/32\n no ipv6 enable\n!\ninterface ethernet1/1/1\n no shutdown\n no switchport\n description \"dut_c -> probe\"\n ip address 10.1.0.6/30\n ip unreachables\n no ipv6 enable\n!\ninterface ethernet1/1/2\n no shutdown\n no switchport\n description \"dut_c -> xf [external]\"\n ip address 10.1.0.9/30\n ip unreachables\n no ipv6 enable\n!\n"
}

TASK [Deploy initial configuration] ********************************************
included: /home/pipi/net101/tools/netsim/ansible/tasks/deploy-config/dellos10.yml for dut_a, dut_c

TASK [wait_for_connection] *****************************************************
skipping: [dut_a]
skipping: [dut_c]

TASK [dellos10_config: deploying initial from /work/netlab_cicd/other_vm/node_files/dut_a/initial, save to startup=yes] ***
changed: [dut_a]
changed: [dut_c]

PLAY [Deploy module-specific configurations] ***********************************

TASK [Set variables that cannot be set with VARS] ******************************
ok: [dut_a]
ok: [dut_c]

TASK [Deploy individual configuration modules] *********************************
included: /home/pipi/net101/tools/netsim/ansible/tasks/deploy-module.yml for dut_a, dut_c => (item=ospf)
included: /home/pipi/net101/tools/netsim/ansible/tasks/deploy-module.yml for dut_a, dut_c => (item=bgp)

TASK [Figure out whether to deploy the module ospf on current device] **********
ok: [dut_a]
ok: [dut_c]

TASK [Find configuration template for ospf] ************************************
ok: [dut_a]
ok: [dut_c]

TASK [fail] ********************************************************************
skipping: [dut_a]
skipping: [dut_c]

TASK [Find configuration deployment deploy_script for ospf] ********************
ok: [dut_a]
ok: [dut_c]

TASK [Print deployed configuration when running in verbose mode] ***************
ok: [dut_a] => {
    "msg": "ospf configuration for dut_a\n=========================================\n\nrouter ospf 1\n router-id 10.0.0.1\n\n default-information originate always\n\n timers lsa arrival 100\n timers spf 10 50 500\n timers throttle lsa all 100\n!\ninterface loopback0\n ip ospf 1 area 0.0.0.0\n ip ospf passive\n!\ninterface ethernet1/1/1\n! dut_a -> probe\n ip ospf 1 area 0.0.0.0\n ip ospf network point-to-point\n!\n\n"
}
ok: [dut_c] => {
    "msg": "ospf configuration for dut_c\n=========================================\n\nrouter ospf 1\n router-id 10.0.0.2\n\n default-information originate\n\n timers lsa arrival 100\n timers spf 10 50 500\n timers throttle lsa all 100\n!\ninterface loopback0\n ip ospf 1 area 0.0.0.0\n ip ospf passive\n!\ninterface ethernet1/1/1\n! dut_c -> probe\n ip ospf 1 area 0.0.0.0\n ip ospf network point-to-point\n ip ospf cost 10\n!\n\n"
}

TASK [Deploy ospf configuration] ***********************************************
included: /home/pipi/net101/tools/netsim/ansible/tasks/deploy-config/dellos10.yml for dut_a, dut_c

TASK [wait_for_connection] *****************************************************
skipping: [dut_a]
skipping: [dut_c]

TASK [dellos10_config: deploying ospf from /work/netlab_cicd/other_vm/node_files/dut_a/ospf, save to startup=yes] ***
changed: [dut_a]
changed: [dut_c]

TASK [Figure out whether to deploy the module bgp on current device] ***********
ok: [dut_a]
ok: [dut_c]

TASK [Find configuration template for bgp] *************************************
skipping: [dut_a]
ok: [dut_c]

TASK [fail] ********************************************************************
skipping: [dut_a]
skipping: [dut_c]

TASK [Find configuration deployment deploy_script for bgp] *********************
skipping: [dut_a]
ok: [dut_c]

TASK [Print deployed configuration when running in verbose mode] ***************
skipping: [dut_a]
ok: [dut_c] => {
    "msg": "bgp configuration for dut_c\n=========================================\n!\nrouter bgp 65000\n  log-neighbor-changes\n\n! define a generic unnumbered template to be used for eBGP unnumbered...\n! additionally, need to define link-local-only-nexthop as per Dell suggested \"Cumulus workaround\"\n! WTF Dell...\n  template unnumbered_ebgp\n    link-local-only-nexthop\n    exit\n\n  router-id 10.0.0.2\n!\n  neighbor 10.1.0.10\n    remote-as 65100\n    \n    description \"xf\"\n    send-community standard\n\n!\n    address-family ipv4 unicast\n      soft-reconfiguration inbound\n      activate\n    exit\n    address-family ipv6 unicast\n      no activate\n    exit\n\n    timers 3 9\n    advertisement-interval 1\n    no shutdown\n  exit\n!\n!\n address-family ipv4 unicast\n!\n\n  network 10.0.0.2/32\n!\n"
}

TASK [Deploy bgp configuration] ************************************************
skipping: [dut_a]
included: /home/pipi/net101/tools/netsim/ansible/tasks/deploy-config/dellos10.yml for dut_c

TASK [wait_for_connection] *****************************************************
skipping: [dut_c]

TASK [dellos10_config: deploying bgp from /work/netlab_cicd/other_vm/node_files/dut_c/bgp, save to startup=yes] ***
changed: [dut_c]

PLAY [Deploy custom deployment templates] **************************************
skipping: no hosts matched

PLAY RECAP *********************************************************************
dut_a                      : ok=22   changed=2    unreachable=0    failed=0    skipped=12   rescued=0    ignored=0   
dut_c                      : ok=27   changed=3    unreachable=0    failed=0    skipped=9    rescued=0    ignored=0   

Results of configuration script deployments
================================================================================
probe            Script:  initial,ospf
xf               Script:  initial,bgp


This lab tests the OSPF default route origination. The devices under test
should originate the default route, one always, the other one based one
BGP default route.

