Creating Device configuration snippets
[CREATED] dut: initial,ospf,bgp,vrf
[CREATED] p1: initial,ospf
[CREATED] p2: initial,ospf
[CREATED] xf: initial,bgp
Config Deploying device configurations
 [INFO] Executing initial configuration for node p1
 [INFO] Executing initial configuration for node p2
 [INFO] Executing initial configuration for node xf
 [INFO] Executing bgp configuration for node xf
 [INFO] Executing ospf configuration for node p1
 [INFO] Executing ospf configuration for node p2
 [INFO] Starting Ansible playbook to deploy the rest of the
          configurations
[WARNING]: Found variable using reserved name: hosts

PLAY [Deploy initial device configuration] *************************************

TASK [Set variables that cannot be set with VARS] ******************************
ok: [dut]

TASK [Normalize config on bridge-like devices] *********************************
included: /home/pipi/net101/tools/netsim/ansible/tasks/deploy-module.yml for dut

TASK [Figure out whether to deploy the module normalize on current device] *****
ok: [dut]

TASK [Find configuration template for normalize] *******************************
ok: [dut]

TASK [fail] ********************************************************************
skipping: [dut]

TASK [Find configuration deployment deploy_script for normalize] ***************
ok: [dut]

TASK [Print deployed configuration when running in verbose mode] ***************
skipping: [dut]

TASK [Deploy normalize configuration] ******************************************
skipping: [dut]

TASK [Deploy initial configuration] ********************************************
included: /home/pipi/net101/tools/netsim/ansible/tasks/deploy-module.yml for dut

TASK [Figure out whether to deploy the module initial on current device] *******
ok: [dut]

TASK [Find configuration template for initial] *********************************
ok: [dut]

TASK [fail] ********************************************************************
skipping: [dut]

TASK [Find configuration deployment deploy_script for initial] *****************
ok: [dut]

TASK [Print deployed configuration when running in verbose mode] ***************
ok: [dut] => {
    "msg": "initial configuration for dut\n=========================================\nhostname dut\n!\nlldp enable\n!\nip vrf d2\nexit\nip vrf d1\nexit\n!\nip host p1 10.0.0.2\nip host p2 10.0.0.3\nip host xf 10.0.0.4\n!\n!\ndefault mtu 1532\n!\ninterface mgmt1/1/1\n no lldp transmit\n no lldp receive\n!\ninterface loopback0\n no shutdown\n ip address 10.0.0.1/32\n no ipv6 enable\n!\ninterface ethernet1/1/1\n no shutdown\n no switchport\n ip vrf forwarding d1\n description \"dut -> p1\"\n ip address 10.1.0.1/30\n ip unreachables\n no ipv6 enable\n!\ninterface ethernet1/1/2\n no shutdown\n no switchport\n ip vrf forwarding d2\n description \"dut -> p2\"\n ip address 10.1.0.5/30\n ip unreachables\n no ipv6 enable\n!\ninterface ethernet1/1/3\n no shutdown\n no switchport\n ip vrf forwarding d2\n description \"dut -> xf [external]\"\n ip address 10.1.0.9/30\n ip unreachables\n no ipv6 enable\n!\ninterface loopback1\n no shutdown\n ip vrf forwarding d2\n description \"VRF Loopback d2\"\n ip address 192.168.43.1/32\n no ipv6 enable\n!\n"
}

TASK [Deploy initial configuration] ********************************************
included: /home/pipi/net101/tools/netsim/ansible/tasks/deploy-config/dellos10.yml for dut

TASK [wait_for_connection] *****************************************************
skipping: [dut]

TASK [dellos10_config: deploying initial from /work/netlab_cicd/other_vm/node_files/dut/initial, save to startup=yes] ***
changed: [dut]

PLAY [Deploy module-specific configurations] ***********************************

TASK [Set variables that cannot be set with VARS] ******************************
ok: [dut]

TASK [Deploy individual configuration modules] *********************************
included: /home/pipi/net101/tools/netsim/ansible/tasks/deploy-module.yml for dut => (item=ospf)
included: /home/pipi/net101/tools/netsim/ansible/tasks/deploy-module.yml for dut => (item=bgp)
included: /home/pipi/net101/tools/netsim/ansible/tasks/deploy-module.yml for dut => (item=vrf)

TASK [Figure out whether to deploy the module ospf on current device] **********
ok: [dut]

TASK [Find configuration template for ospf] ************************************
ok: [dut]

TASK [fail] ********************************************************************
skipping: [dut]

TASK [Find configuration deployment deploy_script for ospf] ********************
ok: [dut]

TASK [Print deployed configuration when running in verbose mode] ***************
ok: [dut] => {
    "msg": "ospf configuration for dut\n=========================================\n"
}

TASK [Deploy ospf configuration] ***********************************************
included: /home/pipi/net101/tools/netsim/ansible/tasks/deploy-config/dellos10.yml for dut

TASK [wait_for_connection] *****************************************************
skipping: [dut]

TASK [dellos10_config: deploying ospf from /work/netlab_cicd/other_vm/node_files/dut/ospf, save to startup=yes] ***
changed: [dut]

TASK [Figure out whether to deploy the module bgp on current device] ***********
ok: [dut]

TASK [Find configuration template for bgp] *************************************
ok: [dut]

TASK [fail] ********************************************************************
skipping: [dut]

TASK [Find configuration deployment deploy_script for bgp] *********************
ok: [dut]

TASK [Print deployed configuration when running in verbose mode] ***************
ok: [dut] => {
    "msg": "bgp configuration for dut\n=========================================\n!\nrouter bgp 65000\n  log-neighbor-changes\n\n! define a generic unnumbered template to be used for eBGP unnumbered...\n! additionally, need to define link-local-only-nexthop as per Dell suggested \"Cumulus workaround\"\n! WTF Dell...\n  template unnumbered_ebgp\n    link-local-only-nexthop\n    exit\n\n  router-id 10.0.0.1\n!\n!\n address-family ipv4 unicast\n!\n\n  network 10.0.0.1/32\n!\n"
}

TASK [Deploy bgp configuration] ************************************************
included: /home/pipi/net101/tools/netsim/ansible/tasks/deploy-config/dellos10.yml for dut

TASK [wait_for_connection] *****************************************************
skipping: [dut]

TASK [dellos10_config: deploying bgp from /work/netlab_cicd/other_vm/node_files/dut/bgp, save to startup=yes] ***
changed: [dut]

TASK [Figure out whether to deploy the module vrf on current device] ***********
ok: [dut]

TASK [Find configuration template for vrf] *************************************
ok: [dut]

TASK [fail] ********************************************************************
skipping: [dut]

TASK [Find configuration deployment deploy_script for vrf] *********************
ok: [dut]

TASK [Print deployed configuration when running in verbose mode] ***************
ok: [dut] => {
    "msg": "vrf configuration for dut\n=========================================\n\nrouter ospf 101 vrf d2\n router-id 10.0.0.1\n redistribute bgp 65000\n redistribute connected\n\n redistribute imported-ospf-routes\n\n default-information originate\n\n timers lsa arrival 100\n timers spf 10 50 500\n timers throttle lsa all 100\n!\ninterface ethernet1/1/2\n! dut -> p2\n ip ospf 101 area 0.0.0.0\n ip ospf network point-to-point\n!\n\ninterface loopback1\n! VRF Loopback d2\n ip ospf 101 area 0.0.0.0\n!\n\nexit\nrouter ospf 100 vrf d1\n router-id 10.0.0.1\n redistribute bgp 65000\n redistribute connected\n\n redistribute imported-ospf-routes\n\n default-information originate always\n\n timers lsa arrival 100\n timers spf 10 50 500\n timers throttle lsa all 100\n!\ninterface ethernet1/1/1\n! dut -> p1\n ip ospf 100 area 0.0.0.0\n ip ospf network point-to-point\n!\n\nexit\n!\nip vrf d2\n!\n! ip route-import | route-export xxx\n ip route-import 65000:2\n ip route-export 65000:2\n!\nexit\n\n!\nip vrf d1\n!\n! ip route-import | route-export xxx\n ip route-import 65000:1\n ip route-export 65000:1\n!\nexit\n!\n\nrouter bgp 65000\n!\n vrf d2\n  router-id 10.0.0.1\n! need to define unnumbered template also at vrf-level\n  template unnumbered_ebgp\n    link-local-only-nexthop\n    exit\n\n!\n  neighbor 10.1.0.10\n    remote-as 65100\n    \n    description \"xf\"\n    send-community standard\n\n!\n    address-family ipv4 unicast\n      soft-reconfiguration inbound\n      activate\n    exit\n    address-family ipv6 unicast\n      no activate\n    exit\n\n    timers 3 9\n    advertisement-interval 1\n    no shutdown\n  exit\n\n!\n address-family ipv4 unicast\n redistribute connected\n redistribute ospf 101\n\n   network 192.168.43.1/32\n\n!\n  neighbor 10.1.0.10\n     address-family ipv4 unicast\n       soft-reconfiguration inbound\n       activate\n     address-family ipv6 unicast\n       no activate\n\n!\n vrf d1\n  router-id 10.0.0.1\n! need to define unnumbered template also at vrf-level\n  template unnumbered_ebgp\n    link-local-only-nexthop\n    exit\n\n\n!\n address-family ipv4 unicast\n redistribute connected\n redistribute ospf 100\n\n\n\n"
}

TASK [Deploy vrf configuration] ************************************************
included: /home/pipi/net101/tools/netsim/ansible/tasks/deploy-config/dellos10.yml for dut

TASK [wait_for_connection] *****************************************************
skipping: [dut]

TASK [dellos10_config: deploying vrf from /work/netlab_cicd/other_vm/node_files/dut/vrf, save to startup=yes] ***
changed: [dut]

PLAY [Deploy custom deployment templates] **************************************
skipping: no hosts matched

PLAY RECAP *********************************************************************
dut                        : ok=34   changed=4    unreachable=0    failed=0    skipped=11   rescued=0    ignored=0   

Results of configuration script deployments
================================================================================
p1               Script:  initial,ospf
p2               Script:  initial,ospf
xf               Script:  initial,bgp


This lab tests the VRF OSPF default route origination. The device under test
should originate the default route in multiple VRFs, one always, the other one
based on BGP default route.

