Warning in cli: Lab topology source file /home/pipi/.netlab.yml has been modified
... after the snapshot netlab.snapshot.pickle has been created
... Set defaults.warnings.snapshot.modified to False to hide this warning
... netlab transforms lab topology into device- and platform data and stores the results
    in a snapshot file that is used by most netlab commands. Changes to source files
    (including lab topology or defaults) are not automatically reflected in the snapshot
    file. Use 'netlab create' or 'netlab up' to create a new snapshot file.
Checking virtualization provider installation
OK: libvirt installed and working correctly
OK: clab installed and working correctly
Stopping clab nodes
08:53:03 INFO Parsing & checking topology file=clab-augment.yml
08:53:03 INFO Parsing & checking topology file=clab-augment.yml
08:53:03 INFO Destroying lab name=ml-17
08:53:04 INFO Removed container name=clab-ml-17-x1
08:53:04 INFO Removed container name=clab-ml-17-x2
08:53:04 INFO Removed container name=clab-ml-17-x3
08:53:04 INFO Removing host entries path=/etc/hosts
08:53:04 INFO Removing SSH config path=/etc/ssh/ssh_config.d/clab-ml-17.conf

Stopping libvirt nodes
[fog][WARNING] Unrecognized arguments: libvirt_ip_command
==> dut: Removing domain...
==> dut: Deleting the machine folder
Cleanup configuration files
... removing Vagrantfile
... removing clab-augment.yml
... removing ansible.cfg
... removing hosts.yml
... removing directory tree group_vars
... removing directory tree host_vars
... removing directory tree node_files
... removing netlab.snapshot.pickle
