Creating Device configuration snippets
[CREATED] h1: initial,routing
[CREATED] h2: initial,routing
[CREATED] h3: initial,routing
[CREATED] h4: initial,routing
[CREATED] h1a: initial,routing
[CREATED] h3a: initial,routing
[CREATED] dut: initial,vlan,vxlan,ospf
[CREATED] s2: initial,vlan,vxlan,ospf
Config Deploying device configurations
 [INFO] Executing initial configuration for node h1 (namespace clab-
          ml-17-h1)
 [INFO] Executing initial configuration for node h2 (namespace clab-
          ml-17-h2)
 [INFO] Executing initial configuration for node h3 (namespace clab-
          ml-17-h3)
 [INFO] Executing initial configuration for node h4 (namespace clab-
          ml-17-h4)
 [INFO] Executing initial configuration for node h1a (namespace clab-
          ml-17-h1a)
 [INFO] Executing initial configuration for node h3a (namespace clab-
          ml-17-h3a)
 [INFO] Executing initial configuration for node s2
 [INFO] Executing routing configuration for node h1 (namespace clab-
          ml-17-h1)
 [INFO] Executing routing configuration for node h1a (namespace clab-
          ml-17-h1a)
 [INFO] Executing routing configuration for node h4 (namespace clab-
          ml-17-h4)
 [INFO] Executing routing configuration for node h2 (namespace clab-
          ml-17-h2)
 [INFO] Executing routing configuration for node h3 (namespace clab-
          ml-17-h3)
 [INFO] Executing routing configuration for node h3a (namespace clab-
          ml-17-h3a)
 [INFO] Executing vlan configuration for node s2
 [INFO] Executing vxlan configuration for node s2
 [INFO] Executing ospf configuration for node s2
 [INFO] Starting Ansible playbook to deploy the rest of the
          configurations
[WARNING]: Found variable using reserved name: hosts

PLAY [Deploy initial device configuration] *************************************

TASK [Set variables that cannot be set with VARS] ******************************
ok: [dut]

TASK [Deploy initial configuration] ********************************************
included: /home/pipi/netlab_gh/netsim/ansible/tasks/deploy-module.yml for dut

TASK [Figure out whether to deploy the module initial on current device] *******
ok: [dut]

TASK [Find configuration template for initial] *********************************
ok: [dut]

TASK [fail] ********************************************************************
skipping: [dut]

TASK [Find configuration deployment deploy_script for initial] *****************
ok: [dut]

TASK [Print deployed configuration when running in verbose mode] ***************
ok: [dut] => {
    "msg": "initial configuration for dut\n=========================================\n\n/system/identity set name=\"dut\"\n\n/interface/bridge add name=loopback protocol-mode=none\n\n# Host entries\n/ip/dns/static add name=h1 address=172.31.1.1\n/ip/dns/static add name=h1a address=172.31.1.5\n/ip/dns/static add name=h2 address=172.31.1.2\n/ip/dns/static add name=h3 address=172.31.1.3\n/ip/dns/static add name=h3a address=172.31.1.6\n/ip/dns/static add name=h4 address=172.31.1.4\n/ip/dns/static add name=s2 address=10.0.0.8\n\n/ip/address add interface=loopback address=10.0.0.7/32\n\n\n/interface/bridge add name=switch vlan-filtering=yes comment=\"Global Switch Bridge\"\n\n/interface/vlan add name=vlan1000 vlan-id=1000 interface=switch\n/interface/vlan add name=vlan1001 vlan-id=1001 interface=switch\n\n\n\n\n\n/interface/ethernet set comment=\"dut -> s2\" ether2\n/interface/ethernet set mtu=1600 ether2\n/ip/address add interface=ether2 address=10.1.0.1/30\n/ip/address set [find where interface=ether2] comment=\"dut -> s2\"\n\n/interface/ethernet set comment=\"[Access VLAN red] dut -> h1\" ether3\n\n/interface/ethernet set comment=\"[Access VLAN red] dut -> h1a\" ether4\n\n/interface/ethernet set comment=\"[Access VLAN blue] dut -> h3\" ether5\n\n/interface/ethernet set comment=\"[Access VLAN blue] dut -> h3a\" ether6\n\n/interface/vlan set comment=\"VLAN red (1000) -> [h1,h1a,h2,s2]\" vlan1000\n\n/interface/vlan set comment=\"VLAN blue (1001) -> [h3,h3a,h4,s2]\" vlan1001\n\n/ip/neighbor/discovery-settings set discover-interface-list=all\n"
}

TASK [Deploy initial configuration] ********************************************
included: /home/pipi/netlab_gh/netsim/ansible/tasks/deploy-config/routeros7.yml for dut

TASK [load initial from /work/netlab_cicd/node_files/dut/initial] **************
ok: [dut]

TASK [Run commands on CHR] *****************************************************
changed: [dut]

PLAY [Deploy module-specific configurations] ***********************************

TASK [Set variables that cannot be set with VARS] ******************************
ok: [dut]

TASK [Deploy individual configuration modules] *********************************
included: /home/pipi/netlab_gh/netsim/ansible/tasks/deploy-module.yml for dut => (item=vlan)
included: /home/pipi/netlab_gh/netsim/ansible/tasks/deploy-module.yml for dut => (item=vxlan)
included: /home/pipi/netlab_gh/netsim/ansible/tasks/deploy-module.yml for dut => (item=routing)
included: /home/pipi/netlab_gh/netsim/ansible/tasks/deploy-module.yml for dut => (item=ospf)

TASK [Figure out whether to deploy the module vlan on current device] **********
ok: [dut]

TASK [Find configuration template for vlan] ************************************
ok: [dut]

TASK [fail] ********************************************************************
skipping: [dut]

TASK [Find configuration deployment deploy_script for vlan] ********************
ok: [dut]

TASK [Print deployed configuration when running in verbose mode] ***************
ok: [dut] => {
    "msg": "vlan configuration for dut\n=========================================\n\n\n/interface/bridge/vlan add bridge=switch vlan-ids=1000 tagged=switch\n/interface/bridge/vlan add bridge=switch vlan-ids=1001 tagged=switch\n\n/interface/bridge/port add bridge=switch interface=ether3 pvid=1000\n/interface/bridge/vlan set untagged=([get value-name=untagged [find vlan-ids=1000]],\"ether3\") [find vlan-ids=1000]\n/interface/bridge/port add bridge=switch interface=ether4 pvid=1000\n/interface/bridge/vlan set untagged=([get value-name=untagged [find vlan-ids=1000]],\"ether4\") [find vlan-ids=1000]\n/interface/bridge/port add bridge=switch interface=ether5 pvid=1001\n/interface/bridge/vlan set untagged=([get value-name=untagged [find vlan-ids=1001]],\"ether5\") [find vlan-ids=1001]\n/interface/bridge/port add bridge=switch interface=ether6 pvid=1001\n/interface/bridge/vlan set untagged=([get value-name=untagged [find vlan-ids=1001]],\"ether6\") [find vlan-ids=1001]\n"
}

TASK [Deploy vlan configuration] ***********************************************
included: /home/pipi/netlab_gh/netsim/ansible/tasks/deploy-config/routeros7.yml for dut

TASK [load vlan from /work/netlab_cicd/node_files/dut/vlan] ********************
ok: [dut]

TASK [Run commands on CHR] *****************************************************
changed: [dut]

TASK [Figure out whether to deploy the module vxlan on current device] *********
ok: [dut]

TASK [Find configuration template for vxlan] ***********************************
ok: [dut]

TASK [fail] ********************************************************************
skipping: [dut]

TASK [Find configuration deployment deploy_script for vxlan] *******************
ok: [dut]

TASK [Print deployed configuration when running in verbose mode] ***************
ok: [dut] => {
    "msg": "vxlan configuration for dut\n=========================================\n/interface/vxlan add bridge=switch bridge-pvid=1000 local-address=10.0.0.7 name=vxlan-5000 vni=5000 learning=yes checksum=yes\n/interface/vxlan/vtep add interface=vxlan-5000 remote-ip=10.0.0.8\n/interface/vxlan add bridge=switch bridge-pvid=1001 local-address=10.0.0.7 name=vxlan-5001 vni=5001 learning=yes checksum=yes\n/interface/vxlan/vtep add interface=vxlan-5001 remote-ip=10.0.0.8\n"
}

TASK [Deploy vxlan configuration] **********************************************
included: /home/pipi/netlab_gh/netsim/ansible/tasks/deploy-config/routeros7.yml for dut

TASK [load vxlan from /work/netlab_cicd/node_files/dut/vxlan] ******************
ok: [dut]

TASK [Run commands on CHR] *****************************************************
changed: [dut]

TASK [Figure out whether to deploy the module routing on current device] *******
ok: [dut]

TASK [Find configuration template for routing] *********************************
skipping: [dut]

TASK [fail] ********************************************************************
skipping: [dut]

TASK [Find configuration deployment deploy_script for routing] *****************
skipping: [dut]

TASK [Print deployed configuration when running in verbose mode] ***************
skipping: [dut]

TASK [Deploy routing configuration] ********************************************
skipping: [dut]

TASK [Figure out whether to deploy the module ospf on current device] **********
ok: [dut]

TASK [Find configuration template for ospf] ************************************
ok: [dut]

TASK [fail] ********************************************************************
skipping: [dut]

TASK [Find configuration deployment deploy_script for ospf] ********************
ok: [dut]

TASK [Print deployed configuration when running in verbose mode] ***************
ok: [dut] => {
    "msg": "ospf configuration for dut\n=========================================\n\n\n/routing/ospf/instance add name=default4 version=2 router-id=10.0.0.7 vrf=main\n\n/routing/ospf/area add instance=default4 name=\"main_2_0.0.0.0\" area-id=0.0.0.0\n\n/routing/ospf/interface-template add area=[/routing ospf area find area-id=0.0.0.0 and instance=default4] interface=loopback \n/routing/ospf/interface-template add area=[/routing ospf area find area-id=0.0.0.0 and instance=default4] interface=ether2 type=ptp\n\n"
}

TASK [Deploy ospf configuration] ***********************************************
included: /home/pipi/netlab_gh/netsim/ansible/tasks/deploy-config/routeros7.yml for dut

TASK [load ospf from /work/netlab_cicd/node_files/dut/ospf] ********************
ok: [dut]

TASK [Run commands on CHR] *****************************************************
changed: [dut]

PLAY [Deploy custom deployment templates] **************************************
skipping: no hosts matched

PLAY RECAP *********************************************************************
dut                        : ok=36   changed=4    unreachable=0    failed=0    skipped=9    rescued=0    ignored=0   

Results of configuration script deployments
================================================================================
h1               Script:  initial,routing
h2               Script:  initial,routing
h3               Script:  initial,routing
h4               Script:  initial,routing
h1a              Script:  initial,routing
h3a              Script:  initial,routing
s2               Script:  initial,vlan,vxlan,ospf


The devices under test are VLAN-to-VXLAN bridges between two access VLANs
and two VXLAN VNIs. Both VLANs are using the same IP prefix to identify
potential inter-VLAN leaking.

* h1, h2 and h3 should be able to ping each other
* h4 and h5 should be able to ping each other
* h1 should not be able to reach h4 or h5

Please note it might take a while for the lab to work due to
STP learning phase

