[CONFIG]  h1: initial,routing,hosts,resolv
[CONFIG]  h2: initial,routing,hosts (shared),resolv
[CONFIG]  h3: initial,routing,hosts (shared),resolv
[CONFIG]  h4: initial,routing,hosts (shared),resolv
[CONFIG]  h5: initial,routing,hosts (shared),resolv
[CONFIG]  h6: initial,routing,hosts (shared),resolv
[CONFIG]  h1a: initial,routing,hosts (shared),resolv
[CONFIG]  h2a: initial,routing,hosts (shared),resolv
[CONFIG]  h4a: initial,routing,hosts (shared),resolv
[CONFIG]  h5a: initial,routing,hosts (shared),resolv
[CONFIG]  dut_s1: initial,vlan,vxlan,ospf
[CONFIG]  dut_s2: initial,vlan,vxlan,ospf
[CONFIG]  s3: initial,vlan,vxlan,ospf,daemons,hosts (shared),resolv
Created provider configuration file: Vagrantfile
Creating configuration file for secondary provider clab
Created provider configuration file: clab-augment.yml
Created pickled transformed topology data into netlab.snapshot.pickle
Created group_vars for all
Created group_vars for modules
Created group_vars for linux
Created host_vars for h1, h2, h3, h4, h5, h6, h1a, h2a, h4a, h5a
Created group_vars for routeros7
Created host_vars for dut_s1, dut_s2
Created group_vars for frr
Created host_vars for s3
Created minimized Ansible inventory hosts.yml
Created Ansible configuration file: ansible.cfg
