[CONFIG]  h1: initial,routing,hosts,resolv
[CONFIG]  h1a: initial,routing,hosts (shared),resolv
[CONFIG]  h2: initial,routing,hosts (shared),resolv
[CONFIG]  h3: initial,routing,hosts (shared),resolv
[CONFIG]  h3a: initial,routing,hosts (shared),resolv
[CONFIG]  h4: initial,routing,hosts (shared),resolv
[CONFIG]  dut: initial,vlan,ospf,vrf,vxlan
[CONFIG]  s2: initial,vlan,ospf,vrf,vxlan,daemons,hosts (shared),resolv
Created provider configuration file: Vagrantfile
Creating configuration file for secondary provider clab
Created provider configuration file: clab-augment.yml
Created pickled transformed topology data into netlab.snapshot.pickle
Created group_vars for all
Created group_vars for modules
Created group_vars for linux
Created host_vars for h1, h1a, h2, h3, h3a, h4
Created group_vars for routeros7
Created host_vars for dut
Created group_vars for frr
Created host_vars for s2
Created minimized Ansible inventory hosts.yml
Created Ansible configuration file: ansible.cfg
