Creating Device configuration snippets
[CREATED] dut: initial,vlan,ospf,vrf,vxlan
[CREATED] l2sw: initial,vlan,vxlan,ospf
[CREATED] h1: initial,routing
[CREATED] h2: initial,routing
Config Deploying device configurations
 [INFO] Executing initial configuration for node l2sw
 [INFO] Executing initial configuration for node h1 (namespace clab-
          ml-17-h1)
 [INFO] Executing initial configuration for node h2 (namespace clab-
          ml-17-h2)
 [INFO] Executing routing configuration for node h1 (namespace clab-
          ml-17-h1)
 [INFO] Executing routing configuration for node h2 (namespace clab-
          ml-17-h2)
 [INFO] Executing vlan configuration for node l2sw
 [INFO] Executing vxlan configuration for node l2sw
 [INFO] Executing ospf configuration for node l2sw
 [INFO] Starting Ansible playbook to deploy the rest of the
          configurations
[WARNING]: Found variable using reserved name: hosts

PLAY [Deploy initial device configuration] *************************************

TASK [Set variables that cannot be set with VARS] ******************************
ok: [dut]

TASK [Deploy initial configuration] ********************************************
included: /home/pipi/net101/tools/netsim/ansible/tasks/deploy-module.yml for dut

TASK [Figure out whether to deploy the module initial on current device] *******
ok: [dut]

TASK [Find configuration template for initial] *********************************
ok: [dut]

TASK [fail] ********************************************************************
skipping: [dut]

TASK [Find configuration deployment deploy_script for initial] *****************
ok: [dut]

TASK [Print deployed configuration when running in verbose mode] ***************
ok: [dut] => {
    "msg": "initial configuration for dut\n=========================================\n\n/system/identity set name=\"dut\"\n\n/interface/bridge add name=loopback protocol-mode=none\n\n/interface/bridge add name=loopback1 protocol-mode=none\n\n/ip/address add interface=loopback address=10.0.0.1/32\n\n\n/interface/bridge add name=switch vlan-filtering=yes comment=\"Global Switch Bridge\"\n\n/interface/vlan add name=vlan1000 vlan-id=1000 interface=switch\n/interface/vlan add name=vlan1001 vlan-id=1001 interface=switch\n\n\n\n\n\n/ip/vrf add place-before=0 name=tenant interfaces=vlan1000,vlan1001,loopback1\n\n\n\n/interface/ethernet set comment=\"dut -> l2sw\" ether2\n\n/interface/ethernet set mtu=1600 ether2\n/ip/address add interface=ether2 address=10.1.0.1/30\n/ip/address set [find where interface=ether2] comment=\"dut -> l2sw\"\n\n\n/interface/vlan set comment=\"VLAN red (1000) -> [h1,l2sw]\" vlan1000\n\n/ip/address add interface=vlan1000 address=172.16.0.1/24\n/ip/address set [find where interface=vlan1000] comment=\"VLAN red (1000) -> [h1,l2sw]\"\n\n\n/interface/vlan set comment=\"VLAN blue (1001) -> [h2,l2sw]\" vlan1001\n\n/ip/address add interface=vlan1001 address=172.16.1.1/24\n/ip/address set [find where interface=vlan1001] comment=\"VLAN blue (1001) -> [h2,l2sw]\"\n\n\n/interface/ethernet set comment=\"VRF Loopback tenant\" loopback1\n\n/ip/address add interface=loopback1 address=10.2.0.1/32\n/ip/address set [find where interface=loopback1] comment=\"VRF Loopback tenant\"\n\n\n/ip/neighbor/discovery-settings set discover-interface-list=all\n"
}

TASK [Deploy initial configuration] ********************************************
included: /home/pipi/net101/tools/netsim/ansible/tasks/deploy-config/routeros7.yml for dut

TASK [load initial from /work/netlab_cicd/node_files/dut/initial] **************
ok: [dut]

TASK [Run commands on CHR] *****************************************************
changed: [dut]

PLAY [Deploy module-specific configurations] ***********************************

TASK [Set variables that cannot be set with VARS] ******************************
ok: [dut]

TASK [Deploy individual configuration modules] *********************************
included: /home/pipi/net101/tools/netsim/ansible/tasks/deploy-module.yml for dut => (item=vlan)
included: /home/pipi/net101/tools/netsim/ansible/tasks/deploy-module.yml for dut => (item=routing)
included: /home/pipi/net101/tools/netsim/ansible/tasks/deploy-module.yml for dut => (item=ospf)
included: /home/pipi/net101/tools/netsim/ansible/tasks/deploy-module.yml for dut => (item=vrf)
included: /home/pipi/net101/tools/netsim/ansible/tasks/deploy-module.yml for dut => (item=vxlan)

TASK [Figure out whether to deploy the module vlan on current device] **********
ok: [dut]

TASK [Find configuration template for vlan] ************************************
ok: [dut]

TASK [fail] ********************************************************************
skipping: [dut]

TASK [Find configuration deployment deploy_script for vlan] ********************
ok: [dut]

TASK [Print deployed configuration when running in verbose mode] ***************
ok: [dut] => {
    "msg": "vlan configuration for dut\n=========================================\n\n\n/interface/bridge/vlan add bridge=switch vlan-ids=1000 tagged=switch\n/interface/bridge/vlan add bridge=switch vlan-ids=1001 tagged=switch\n\n"
}

TASK [Deploy vlan configuration] ***********************************************
included: /home/pipi/net101/tools/netsim/ansible/tasks/deploy-config/routeros7.yml for dut

TASK [load vlan from /work/netlab_cicd/node_files/dut/vlan] ********************
ok: [dut]

TASK [Run commands on CHR] *****************************************************
changed: [dut]

TASK [Figure out whether to deploy the module routing on current device] *******
ok: [dut]

TASK [Find configuration template for routing] *********************************
skipping: [dut]

TASK [fail] ********************************************************************
skipping: [dut]

TASK [Find configuration deployment deploy_script for routing] *****************
skipping: [dut]

TASK [Print deployed configuration when running in verbose mode] ***************
skipping: [dut]

TASK [Deploy routing configuration] ********************************************
skipping: [dut]

TASK [Figure out whether to deploy the module ospf on current device] **********
ok: [dut]

TASK [Find configuration template for ospf] ************************************
ok: [dut]

TASK [fail] ********************************************************************
skipping: [dut]

TASK [Find configuration deployment deploy_script for ospf] ********************
ok: [dut]

TASK [Print deployed configuration when running in verbose mode] ***************
ok: [dut] => {
    "msg": "ospf configuration for dut\n=========================================\n\n\n/routing/ospf/instance add name=default4 version=2 router-id=10.0.0.1 vrf=main\n\n/routing/ospf/area add instance=default4 name=\"main_2_0.0.0.0\" area-id=0.0.0.0\n\n/routing/ospf/interface-template add area=[/routing ospf area find area-id=0.0.0.0 and instance=default4] interface=loopback \n/routing/ospf/interface-template add area=[/routing ospf area find area-id=0.0.0.0 and instance=default4] interface=ether2 type=ptp\n\n"
}

TASK [Deploy ospf configuration] ***********************************************
included: /home/pipi/net101/tools/netsim/ansible/tasks/deploy-config/routeros7.yml for dut

TASK [load ospf from /work/netlab_cicd/node_files/dut/ospf] ********************
ok: [dut]

TASK [Run commands on CHR] *****************************************************
changed: [dut]

TASK [Figure out whether to deploy the module vrf on current device] ***********
ok: [dut]

TASK [Find configuration template for vrf] *************************************
ok: [dut]

TASK [fail] ********************************************************************
skipping: [dut]

TASK [Find configuration deployment deploy_script for vrf] *********************
ok: [dut]

TASK [Print deployed configuration when running in verbose mode] ***************
ok: [dut] => {
    "msg": "vrf configuration for dut\n=========================================\n\n"
}

TASK [Deploy vrf configuration] ************************************************
included: /home/pipi/net101/tools/netsim/ansible/tasks/deploy-config/routeros7.yml for dut

TASK [load vrf from /work/netlab_cicd/node_files/dut/vrf] **********************
ok: [dut]

TASK [Run commands on CHR] *****************************************************
changed: [dut]

TASK [Figure out whether to deploy the module vxlan on current device] *********
ok: [dut]

TASK [Find configuration template for vxlan] ***********************************
ok: [dut]

TASK [fail] ********************************************************************
skipping: [dut]

TASK [Find configuration deployment deploy_script for vxlan] *******************
ok: [dut]

TASK [Print deployed configuration when running in verbose mode] ***************
ok: [dut] => {
    "msg": "vxlan configuration for dut\n=========================================\n/interface/vxlan add bridge=switch bridge-pvid=1000 local-address=10.0.0.1 name=vxlan-5000 vni=5000 learning=yes\n/interface/vxlan/vtep add interface=vxlan-5000 remote-ip=10.0.0.2\n/interface/vxlan add bridge=switch bridge-pvid=1001 local-address=10.0.0.1 name=vxlan-5001 vni=5001 learning=yes\n/interface/vxlan/vtep add interface=vxlan-5001 remote-ip=10.0.0.2\n"
}

TASK [Deploy vxlan configuration] **********************************************
included: /home/pipi/net101/tools/netsim/ansible/tasks/deploy-config/routeros7.yml for dut

TASK [load vxlan from /work/netlab_cicd/node_files/dut/vxlan] ******************
ok: [dut]

TASK [Run commands on CHR] *****************************************************
changed: [dut]

PLAY [Deploy custom deployment templates] **************************************
skipping: no hosts matched

PLAY RECAP *********************************************************************
dut                        : ok=44   changed=5    unreachable=0    failed=0    skipped=10   rescued=0    ignored=0   

Results of configuration script deployments
================================================================================
l2sw             Script:  initial,vlan,vxlan,ospf
h1               Script:  initial,routing
h2               Script:  initial,routing


The device under test is a VXLAN router-on-a-stick. This tests check
VXLAN-to-VXLAN routing.

* h1 and h2 should be able to ping each other

