Creating Device configuration snippets
[CREATED] h1: initial,routing
[CREATED] h1a: initial,routing
[CREATED] h2: initial,routing
[CREATED] dut: initial,vlan,vxlan,ospf
[CREATED] s2: initial,vlan,vxlan,ospf
Config Deploying device configurations
 [INFO] Executing initial configuration for node h1 (namespace clab-
          ml-17-h1)
 [INFO] Executing initial configuration for node h1a (namespace clab-
          ml-17-h1a)
 [INFO] Executing initial configuration for node h2 (namespace clab-
          ml-17-h2)
 [INFO] Executing initial configuration for node s2
 [INFO] Executing routing configuration for node h1a (namespace clab-
          ml-17-h1a)
 [INFO] Executing routing configuration for node h1 (namespace clab-
          ml-17-h1)
 [INFO] Executing routing configuration for node h2 (namespace clab-
          ml-17-h2)
 [INFO] Executing vlan configuration for node s2
 [INFO] Executing vxlan configuration for node s2
 [INFO] Executing ospf configuration for node s2
 [INFO] Starting Ansible playbook to deploy the rest of the
          configurations
[WARNING]: Found variable using reserved name: hosts

PLAY [Deploy initial device configuration] *************************************

TASK [Set variables that cannot be set with VARS] ******************************
ok: [dut]

TASK [Deploy initial configuration] ********************************************
included: /home/pipi/netlab_gh/netsim/ansible/tasks/deploy-module.yml for dut

TASK [Figure out whether to deploy the module initial on current device] *******
ok: [dut]

TASK [Find configuration template for initial] *********************************
ok: [dut]

TASK [fail] ********************************************************************
skipping: [dut]

TASK [Find configuration deployment deploy_script for initial] *****************
ok: [dut]

TASK [Print deployed configuration when running in verbose mode] ***************
ok: [dut] => {
    "msg": "initial configuration for dut\n=========================================\n\n/system/identity set name=\"dut\"\n\n/interface/bridge add name=loopback protocol-mode=none\n\n\n/ipv6/address add interface=loopback address=2001:db8:0:4::1/64\n\n\n/interface/bridge add name=switch vlan-filtering=yes comment=\"Global Switch Bridge\"\n\n/interface/vlan add name=vlan1000 vlan-id=1000 interface=switch\n\n\n\n\n\n/interface/ethernet set comment=\"dut -> s2\" ether2\n\n/interface/ethernet set mtu=1600 ether2\n/ipv6/address add interface=ether2 address=2001:db8:f::4/64\n/ipv6/nd add interface=ether2 advertise-dns=no ra-interval=3s-30s\n\n\n/interface/ethernet set comment=\"[Access VLAN red] dut -> h1\" ether3\n\n\n\n/interface/ethernet set comment=\"[Access VLAN red] dut -> h1a\" ether4\n\n\n\n/interface/vlan set comment=\"VLAN red (1000) -> [h1,h1a,h2,s2]\" vlan1000\n\n\n\n/ip/neighbor/discovery-settings set discover-interface-list=all\n"
}

TASK [Deploy initial configuration] ********************************************
included: /home/pipi/netlab_gh/netsim/ansible/tasks/deploy-config/routeros7.yml for dut

TASK [load initial from /work/netlab_cicd/node_files/dut/initial] **************
ok: [dut]

TASK [Run commands on CHR] *****************************************************
changed: [dut]

PLAY [Deploy module-specific configurations] ***********************************

TASK [Set variables that cannot be set with VARS] ******************************
ok: [dut]

TASK [Deploy individual configuration modules] *********************************
included: /home/pipi/netlab_gh/netsim/ansible/tasks/deploy-module.yml for dut => (item=vlan)
included: /home/pipi/netlab_gh/netsim/ansible/tasks/deploy-module.yml for dut => (item=vxlan)
included: /home/pipi/netlab_gh/netsim/ansible/tasks/deploy-module.yml for dut => (item=routing)
included: /home/pipi/netlab_gh/netsim/ansible/tasks/deploy-module.yml for dut => (item=ospf)

TASK [Figure out whether to deploy the module vlan on current device] **********
ok: [dut]

TASK [Find configuration template for vlan] ************************************
ok: [dut]

TASK [fail] ********************************************************************
skipping: [dut]

TASK [Find configuration deployment deploy_script for vlan] ********************
ok: [dut]

TASK [Print deployed configuration when running in verbose mode] ***************
ok: [dut] => {
    "msg": "vlan configuration for dut\n=========================================\n\n\n/interface/bridge/vlan add bridge=switch vlan-ids=1000 tagged=switch\n\n/interface/bridge/port add bridge=switch interface=ether3 pvid=1000\n/interface/bridge/vlan set untagged=([get value-name=untagged [find vlan-ids=1000]],\"ether3\") [find vlan-ids=1000]\n/interface/bridge/port add bridge=switch interface=ether4 pvid=1000\n/interface/bridge/vlan set untagged=([get value-name=untagged [find vlan-ids=1000]],\"ether4\") [find vlan-ids=1000]\n"
}

TASK [Deploy vlan configuration] ***********************************************
included: /home/pipi/netlab_gh/netsim/ansible/tasks/deploy-config/routeros7.yml for dut

TASK [load vlan from /work/netlab_cicd/node_files/dut/vlan] ********************
ok: [dut]

TASK [Run commands on CHR] *****************************************************
changed: [dut]

TASK [Figure out whether to deploy the module vxlan on current device] *********
ok: [dut]

TASK [Find configuration template for vxlan] ***********************************
ok: [dut]

TASK [fail] ********************************************************************
skipping: [dut]

TASK [Find configuration deployment deploy_script for vxlan] *******************
ok: [dut]

TASK [Print deployed configuration when running in verbose mode] ***************
ok: [dut] => {
    "msg": "vxlan configuration for dut\n=========================================\n/interface/vxlan add bridge=switch bridge-pvid=1000 local-address=2001:db8:0:4::1 name=vxlan-5000 vni=5000 learning=yes checksum=yes\n/interface/vxlan/vtep add interface=vxlan-5000 remote-ip=2001:db8:0:5::1\n"
}

TASK [Deploy vxlan configuration] **********************************************
included: /home/pipi/netlab_gh/netsim/ansible/tasks/deploy-config/routeros7.yml for dut

TASK [load vxlan from /work/netlab_cicd/node_files/dut/vxlan] ******************
ok: [dut]

TASK [Run commands on CHR] *****************************************************
changed: [dut]

TASK [Figure out whether to deploy the module routing on current device] *******
ok: [dut]

TASK [Find configuration template for routing] *********************************
skipping: [dut]

TASK [fail] ********************************************************************
skipping: [dut]

TASK [Find configuration deployment deploy_script for routing] *****************
skipping: [dut]

TASK [Print deployed configuration when running in verbose mode] ***************
skipping: [dut]

TASK [Deploy routing configuration] ********************************************
skipping: [dut]

TASK [Figure out whether to deploy the module ospf on current device] **********
ok: [dut]

TASK [Find configuration template for ospf] ************************************
ok: [dut]

TASK [fail] ********************************************************************
skipping: [dut]

TASK [Find configuration deployment deploy_script for ospf] ********************
ok: [dut]

TASK [Print deployed configuration when running in verbose mode] ***************
ok: [dut] => {
    "msg": "ospf configuration for dut\n=========================================\n\n\n\n/routing/ospf/instance add name=default6 version=3 router-id=10.0.0.4 vrf=main\n\n/routing/ospf/area add instance=default6 name=\"main_3_0.0.0.0\" area-id=0.0.0.0\n\n/routing/ospf/interface-template add area=[/routing ospf area find area-id=0.0.0.0 and instance=default6] interface=loopback \n/routing/ospf/interface-template add area=[/routing ospf area find area-id=0.0.0.0 and instance=default6] interface=ether2 type=ptp\n"
}

TASK [Deploy ospf configuration] ***********************************************
included: /home/pipi/netlab_gh/netsim/ansible/tasks/deploy-config/routeros7.yml for dut

TASK [load ospf from /work/netlab_cicd/node_files/dut/ospf] ********************
ok: [dut]

TASK [Run commands on CHR] *****************************************************
changed: [dut]

PLAY [Deploy custom deployment templates] **************************************
skipping: no hosts matched

PLAY RECAP *********************************************************************
dut                        : ok=36   changed=4    unreachable=0    failed=0    skipped=9    rescued=0    ignored=0   

Results of configuration script deployments
================================================================================
h1               Script:  initial,routing
h1a              Script:  initial,routing
h2               Script:  initial,routing
s2               Script:  initial,vlan,vxlan,ospf


The devices under test are VLAN-to-VXLAN bridges running
VXLAN between IPv6 endpoints. A single VLAN with two
hosts is bridged between two switches

* h1 and h2 should be able to ping each other

Please note it might take a while for the lab to work due to
OSPF adjacency setup process and STP learning phase

