Using transformed lab topology from snapshot file netlab.snapshot.pickle
Checking virtualization provider installation
OK: clab installed and working correctly
Starting clab nodes
provider clab: executing flock -E 42 /tmp/netlab.lock sudo -E containerlab deploy --reconfigure -t clab.yml
07:00:58 INFO Containerlab started version=0.75.0
07:00:58 INFO Parsing & checking topology file=clab.yml
07:00:58 INFO Removing directory path=/work/netlab_cicd/clab-ml-17
07:00:58 INFO Creating docker network name=nl_mgmt_17 IPv4 subnet=192.168.17.0/24 IPv6 subnet="" MTU=0
07:00:58 INFO Creating lab directory path=/work/netlab_cicd/clab-ml-17
07:00:58 INFO Creating container name=l2
07:00:58 INFO Creating container name=h3
07:00:58 INFO Creating container name=h1
07:00:58 INFO Creating container name=h2
07:00:58 INFO Creating container name=h4
07:00:58 INFO Creating container name=l1
07:00:58 INFO Creating container name=spine
07:00:59 INFO Created link: h4:eth1 ▪┄┄▪ l2:eth3
07:00:59 INFO Created link: h2:eth1 ▪┄┄▪ l2:eth2
07:00:59 INFO Created link: h1:eth1 ▪┄┄▪ l1:e1-2
07:00:59 INFO Created link: h3:eth1 ▪┄┄▪ l1:e1-3
07:00:59 INFO Running postdeploy actions kind=srl node=l1
07:00:59 INFO Created link: l1:e1-1 ▪┄┄▪ spine:e1-1
07:01:00 INFO Created link: l2:eth1 ▪┄┄▪ spine:e1-2
07:01:00 INFO Running postdeploy actions kind=srl node=spine
07:01:12 INFO Executed command node=l2 command="sleep 1" stdout=""
07:01:12 INFO Adding host entries path=/etc/hosts
07:01:12 INFO Adding SSH config for nodes path=/etc/ssh/ssh_config.d/clab-ml-17.conf
07:01:12 INFO containerlab version
  🎉=
  │ A newer containerlab version (0.76.0) is available!
  │ Release notes: https://containerlab.dev/rn/0.76/
  │ Run 'clab version upgrade' or see https://containerlab.dev/install/ for other installation options.
[1m╭[0m[1m──────────────────[0m[1m┬[0m[1m──────────────────────────────[0m[1m┬[0m[1m─────────[0m[1m┬[0m[1m────────────────[0m[1m╮[0m
[1m│[0m[1m       Name       [0m[1m│[0m[1m          Kind/Image          [0m[1m│[0m[1m  State  [0m[1m│[0m[1m IPv4/6 Address [0m[1m│[0m
[1m├[0m[1m──────────────────[0m[1m┼[0m[1m──────────────────────────────[0m[1m┼[0m[1m─────────[0m[1m┼[0m[1m────────────────[0m[1m┤[0m
│ clab-ml-17-h1    │ linux                        │ running │ 192.168.17.101 │
│                  │ python:3.13-alpine           │         │ N/A            │
├──────────────────┼──────────────────────────────┼─────────┼────────────────┤
│ clab-ml-17-h2    │ linux                        │ running │ 192.168.17.102 │
│                  │ python:3.13-alpine           │         │ N/A            │
├──────────────────┼──────────────────────────────┼─────────┼────────────────┤
│ clab-ml-17-h3    │ linux                        │ running │ 192.168.17.103 │
│                  │ python:3.13-alpine           │         │ N/A            │
├──────────────────┼──────────────────────────────┼─────────┼────────────────┤
│ clab-ml-17-h4    │ linux                        │ running │ 192.168.17.104 │
│                  │ python:3.13-alpine           │         │ N/A            │
├──────────────────┼──────────────────────────────┼─────────┼────────────────┤
│ clab-ml-17-l1    │ srl                          │ running │ 192.168.17.105 │
│                  │ ghcr.io/nokia/srlinux:26.3.2 │         │ N/A            │
├──────────────────┼──────────────────────────────┼─────────┼────────────────┤
│ clab-ml-17-l2    │ linux                        │ running │ 192.168.17.106 │
│                  │ quay.io/frrouting/frr:10.6.1 │         │ N/A            │
├──────────────────┼──────────────────────────────┼─────────┼────────────────┤
│ clab-ml-17-spine │ srl                          │ running │ 192.168.17.107 │
│                  │ ghcr.io/nokia/srlinux:26.3.2 │         │ N/A            │
╰──────────────────┴──────────────────────────────┴─────────┴────────────────╯

Initial configuration skipped, run 'netlab initial' to configure the devices
