Using transformed lab topology from snapshot file netlab.snapshot.pickle
Checking virtualization provider installation
OK: clab installed and working correctly
Starting clab nodes
 [INFO] Setting containerlab runtime to docker
provider clab: executing flock -E 42 /tmp/netlab.lock containerlab deploy --reconfigure -t clab.yml
08:04:50 INFO Containerlab started version=0.79.0
08:04:50 INFO Parsing & checking topology file=clab.yml
08:04:50 INFO Removing directory path=/work/netlab_cicd/clab-ml-17
08:04:50 INFO Creating docker network name=nl_mgmt_17 IPv4 subnet=192.168.17.0/24 IPv6 subnet=fd00:df:1ab:17::/64 MTU=0
08:04:50 WARN Node name will not resolve via DNS name=clab-ml-17-dut_l1 reason="name contains invalid characters such as '.' and/or '_'"
08:04:50 WARN Node name will not resolve via DNS name=clab-ml-17-dut_spine reason="name contains invalid characters such as '.' and/or '_'"
08:04:50 INFO Creating lab directory path=/work/netlab_cicd/clab-ml-17
08:04:50 INFO Creating container name=h2
08:04:50 INFO Creating container name=l2
08:04:50 INFO Creating container name=h1
08:04:50 INFO Creating container name=dut_l1
08:04:50 INFO Creating container name=dut_spine
08:04:51 INFO Created link: dut_l1:e1-1 ▪┄┄▪ dut_spine:e1-1
08:04:51 INFO Created link: l2:eth1 ▪┄┄▪ dut_spine:e1-2
08:04:51 INFO Running postdeploy actions kind=srl node=dut_spine
08:04:51 INFO Created link: h2:eth1 ▪┄┄▪ l2:eth2
08:04:51 INFO Created link: h1:eth1 ▪┄┄▪ dut_l1:e1-2
08:04:51 INFO Running postdeploy actions kind=srl node=dut_l1
08:05:04 INFO Executed command node=l2 command="sleep 1" stdout=""
08:05:04 INFO Adding host entries path=/etc/hosts
08:05:04 INFO Adding SSH config for nodes path=/etc/ssh/ssh_config.d/clab-ml-17.conf
[1m╭[0m[1m──────────────────────[0m[1m┬[0m[1m──────────────────────────────[0m[1m┬[0m[1m─────────[0m[1m┬[0m[1m───────────────────[0m[1m╮[0m
[1m│[0m[1m         Name         [0m[1m│[0m[1m          Kind/Image          [0m[1m│[0m[1m  State  [0m[1m│[0m[1m   IPv4/6 Address  [0m[1m│[0m
[1m├[0m[1m──────────────────────[0m[1m┼[0m[1m──────────────────────────────[0m[1m┼[0m[1m─────────[0m[1m┼[0m[1m───────────────────[0m[1m┤[0m
│ clab-ml-17-dut_l1    │ srl                          │ running │ 192.168.17.103    │
│                      │ ghcr.io/nokia/srlinux:26.7.2 │         │ fd00:df:1ab:17::2 │
├──────────────────────┼──────────────────────────────┼─────────┼───────────────────┤
│ clab-ml-17-dut_spine │ srl                          │ running │ 192.168.17.105    │
│                      │ ghcr.io/nokia/srlinux:26.7.2 │         │ fd00:df:1ab:17::4 │
├──────────────────────┼──────────────────────────────┼─────────┼───────────────────┤
│ clab-ml-17-h1        │ linux                        │ running │ 192.168.17.101    │
│                      │ python:3.13-alpine           │         │ fd00:df:1ab:17::5 │
├──────────────────────┼──────────────────────────────┼─────────┼───────────────────┤
│ clab-ml-17-h2        │ linux                        │ running │ 192.168.17.102    │
│                      │ python:3.13-alpine           │         │ fd00:df:1ab:17::6 │
├──────────────────────┼──────────────────────────────┼─────────┼───────────────────┤
│ clab-ml-17-l2        │ linux                        │ running │ 192.168.17.104    │
│                      │ quay.io/frrouting/frr:10.6.1 │         │ fd00:df:1ab:17::3 │
╰──────────────────────┴──────────────────────────────┴─────────┴───────────────────╯

Initial configuration skipped, run 'netlab initial' to configure the devices
