Using transformed lab topology from snapshot file netlab.snapshot.pickle
Checking virtualization provider installation
OK: clab installed and working correctly
Starting clab nodes
provider clab: executing flock -E 42 /tmp/netlab.lock sudo -E containerlab deploy --reconfigure -t clab.yml
09:42:27 INFO Containerlab started version=0.75.0
09:42:27 INFO Parsing & checking topology file=clab.yml
09:42:27 INFO Removing directory path=/work/netlab_cicd/clab-ml-17
09:42:27 INFO Creating docker network name=nl_mgmt_17 IPv4 subnet=192.168.17.0/24 IPv6 subnet="" MTU=0
09:42:27 INFO Creating lab directory path=/work/netlab_cicd/clab-ml-17
09:42:27 INFO Creating container name=l2
09:42:27 INFO Creating container name=h2
09:42:27 INFO Creating container name=h1
09:42:27 INFO Creating container name=spine
09:42:27 INFO Creating container name=l1
09:42:27 INFO Created link: l2:eth2 ▪┄┄▪ h2:eth1
09:42:28 INFO Created link: spine:e1-2 ▪┄┄▪ l2:eth1
09:42:28 INFO Running postdeploy actions kind=srl node=spine
09:42:28 INFO Created link: spine:e1-1 ▪┄┄▪ l1:e1-1
09:42:28 INFO Created link: l1:e1-2 ▪┄┄▪ h1:eth1
09:42:28 INFO Running postdeploy actions kind=srl node=l1
09:42:40 INFO Executed command node=l2 command="sleep 1" stdout=""
09:42:40 INFO Adding host entries path=/etc/hosts
09:42:40 INFO Adding SSH config for nodes path=/etc/ssh/ssh_config.d/clab-ml-17.conf
09:42:40 INFO containerlab version
  🎉=
  │ A newer containerlab version (0.76.1) is available!
  │ Release notes: https://containerlab.dev/rn/0.76/#0761
  │ Run 'clab version upgrade' or see https://containerlab.dev/install/ for other installation options.
[1m╭[0m[1m──────────────────[0m[1m┬[0m[1m──────────────────────────────[0m[1m┬[0m[1m─────────[0m[1m┬[0m[1m────────────────[0m[1m╮[0m
[1m│[0m[1m       Name       [0m[1m│[0m[1m          Kind/Image          [0m[1m│[0m[1m  State  [0m[1m│[0m[1m IPv4/6 Address [0m[1m│[0m
[1m├[0m[1m──────────────────[0m[1m┼[0m[1m──────────────────────────────[0m[1m┼[0m[1m─────────[0m[1m┼[0m[1m────────────────[0m[1m┤[0m
│ clab-ml-17-h1    │ linux                        │ running │ 192.168.17.104 │
│                  │ python:3.13-alpine           │         │ N/A            │
├──────────────────┼──────────────────────────────┼─────────┼────────────────┤
│ clab-ml-17-h2    │ linux                        │ running │ 192.168.17.105 │
│                  │ python:3.13-alpine           │         │ N/A            │
├──────────────────┼──────────────────────────────┼─────────┼────────────────┤
│ clab-ml-17-l1    │ srl                          │ running │ 192.168.17.102 │
│                  │ ghcr.io/nokia/srlinux:26.3.2 │         │ N/A            │
├──────────────────┼──────────────────────────────┼─────────┼────────────────┤
│ clab-ml-17-l2    │ linux                        │ running │ 192.168.17.103 │
│                  │ quay.io/frrouting/frr:10.6.1 │         │ N/A            │
├──────────────────┼──────────────────────────────┼─────────┼────────────────┤
│ clab-ml-17-spine │ srl                          │ running │ 192.168.17.101 │
│                  │ ghcr.io/nokia/srlinux:26.3.2 │         │ N/A            │
╰──────────────────┴──────────────────────────────┴─────────┴────────────────╯

Initial configuration skipped, run 'netlab initial' to configure the devices
