Using transformed lab topology from snapshot file netlab.snapshot.pickle
Checking virtualization provider installation
OK: clab installed and working correctly
Starting clab nodes
provider clab: executing sudo -E containerlab deploy --reconfigure -t clab.yml
08:19:45 INFO Containerlab started version=0.74.2
08:19:45 INFO Parsing & checking topology file=clab.yml
08:19:45 INFO Removing directory path=/work/netlab_cicd/nokia_c/clab-ml-83
08:19:45 INFO Creating docker network name=nl_mgmt_83 IPv4 subnet=192.168.83.0/24 IPv6 subnet="" MTU=0
08:19:45 INFO Creating lab directory path=/work/netlab_cicd/nokia_c/clab-ml-83
08:19:45 INFO Creating container name=ce2
08:19:45 INFO Creating container name=s2
08:19:45 INFO Creating container name=ce1
08:19:45 INFO Creating container name=dut
08:19:46 INFO Created link: dut:e1-1 ▪┄┄▪ s2:eth1
08:19:46 INFO Created link: ce1:eth1 ▪┄┄▪ dut:e1-2
08:19:46 INFO Running postdeploy actions kind=srl node=dut
08:19:46 INFO Created link: ce2:eth1 ▪┄┄▪ s2:eth2
08:19:59 INFO Executed command node=ce2 command="sleep 1" stdout=""
08:19:59 INFO Executed command node=ce1 command="sleep 1" stdout=""
08:19:59 INFO Executed command node=s2 command="sleep 1" stdout=""
08:19:59 INFO Adding host entries path=/etc/hosts
08:19:59 INFO Adding SSH config for nodes path=/etc/ssh/ssh_config.d/clab-ml-83.conf
08:19:59 INFO containerlab version
  🎉=
  │ A newer containerlab version (0.74.3) is available!
  │ Release notes: https://containerlab.dev/rn/0.74/#0743
  │ Run 'clab version upgrade' or see https://containerlab.dev/install/ for other installation options.
[1m╭[0m[1m────────────────[0m[1m┬[0m[1m──────────────────────────────[0m[1m┬[0m[1m─────────[0m[1m┬[0m[1m────────────────[0m[1m╮[0m
[1m│[0m[1m      Name      [0m[1m│[0m[1m          Kind/Image          [0m[1m│[0m[1m  State  [0m[1m│[0m[1m IPv4/6 Address [0m[1m│[0m
[1m├[0m[1m────────────────[0m[1m┼[0m[1m──────────────────────────────[0m[1m┼[0m[1m─────────[0m[1m┼[0m[1m────────────────[0m[1m┤[0m
│ clab-ml-83-ce1 │ linux                        │ running │ 192.168.83.101 │
│                │ quay.io/frrouting/frr:10.6.0 │         │ N/A            │
├────────────────┼──────────────────────────────┼─────────┼────────────────┤
│ clab-ml-83-ce2 │ linux                        │ running │ 192.168.83.102 │
│                │ quay.io/frrouting/frr:10.6.0 │         │ N/A            │
├────────────────┼──────────────────────────────┼─────────┼────────────────┤
│ clab-ml-83-dut │ srl                          │ running │ 192.168.83.103 │
│                │ ghcr.io/nokia/srlinux:26.3.1 │         │ N/A            │
├────────────────┼──────────────────────────────┼─────────┼────────────────┤
│ clab-ml-83-s2  │ linux                        │ running │ 192.168.83.104 │
│                │ quay.io/frrouting/frr:10.6.0 │         │ N/A            │
╰────────────────┴──────────────────────────────┴─────────┴────────────────╯

Initial configuration skipped, run 'netlab initial' to configure the devices
