Creating Device configuration snippets
[CREATED] dut: initial,ospf,bgp
[CREATED] dut2: initial,bgp
[CREATED] x1: initial,bgp
[CREATED] x2: initial,bgp
[CREATED] r1: initial,ospf
Config Deploying device configurations
 [INFO] Executing initial configuration for node x1
 [INFO] Executing initial configuration for node x2
 [INFO] Executing initial configuration for node r1
 [INFO] Executing bgp configuration for node x2
 [INFO] Executing bgp configuration for node x1
 [INFO] Executing ospf configuration for node r1
 [INFO] Starting Ansible playbook to deploy the rest of the
          configurations
[WARNING]: Found variable using reserved name: hosts

PLAY [Deploy initial device configuration] *************************************

TASK [Set variables that cannot be set with VARS] ******************************
ok: [dut]
ok: [dut2]

TASK [Normalize config on bridge-like devices] *********************************
included: /home/pipi/netlab_gh/netsim/ansible/tasks/deploy-module.yml for dut, dut2

TASK [Figure out whether to deploy the module normalize on current device] *****
ok: [dut]
ok: [dut2]

TASK [Find configuration template for normalize] *******************************
ok: [dut]
ok: [dut2]

TASK [fail] ********************************************************************
skipping: [dut]
skipping: [dut2]

TASK [Find configuration deployment deploy_script for normalize] ***************
ok: [dut]
ok: [dut2]

TASK [Print deployed configuration when running in verbose mode] ***************
skipping: [dut]
skipping: [dut2]

TASK [Deploy normalize configuration] ******************************************
skipping: [dut]
skipping: [dut2]

TASK [Deploy initial configuration] ********************************************
included: /home/pipi/netlab_gh/netsim/ansible/tasks/deploy-module.yml for dut, dut2

TASK [Figure out whether to deploy the module initial on current device] *******
ok: [dut]
ok: [dut2]

TASK [Find configuration template for initial] *********************************
ok: [dut]
ok: [dut2]

TASK [fail] ********************************************************************
skipping: [dut]
skipping: [dut2]

TASK [Find configuration deployment deploy_script for initial] *****************
ok: [dut]
ok: [dut2]

TASK [Print deployed configuration when running in verbose mode] ***************
ok: [dut] => {
    "msg": "initial configuration for dut\n=========================================\n#!/bin/bash\n#\nset -e\n#\n# Create bash profile script\n#\ncat <<'SCRIPT' >/root/.bash_profile\n#!/bin/bash\n#\nexport PS1=\"\\h(bash)#\"\necho \"Use vtysh to connect to FRR daemon\"\necho\nSCRIPT\n#\n# Build hosts file\n#\necho \"INIT: setting hostname\"\nhostname dut\n#\n#\n# Build hosts file\n#\n#\ncat <<'SCRIPT' >/tmp/hosts\n#\n# Created by netlab initial\n#\n2001:db8:1::1 dut\n2001:db8:3::1 swp1.dut\n2001:db8:3:1::1 swp2.dut\n2001:db8:3:2::1 swp3.dut\n2001:db8:cafe:e01::1 swp4.dut\n2001:db8:cafe:e42::1 swp5.dut\n2001:db8:1::2 dut2\n2001:db8:cafe:e01::2 swp1.dut2\n2001:db8:1::5 r1\n2001:db8:3:2::5 eth1.r1\n2001:db8:bad:1::5 eth2.r1\n2001:db8:1::3 x1\n2001:db8:3::3 eth1.x1\n2001:db8:1::4 x2\n2001:db8:3:1::4 eth1.x2\nSCRIPT\ngrep \"Created by netlab\" /etc/hosts || uniq /tmp/hosts >>/etc/hosts\n#\n# Disable ZTP\n#\nztp --disable\n#\n#\n\necho \"INIT: Configuring system wide default MTU policy\"\ncat > /etc/network/ifupdown2/policy.d/mtu.json <<CONFIG\n{ \"address\": { \"defaults\": { \"mtu\": \"1500\" } } }\nCONFIG\n#\necho \"INIT: creating loopback interface\"\n#\n# Create loopback interface entry\n#\ncat >/etc/network/interfaces.d/10-loopback.intf <<CONFIG\nauto lo\niface lo inet6 loopback\n  address 2001:db8:1::1/128\n\nCONFIG\n#\nuntil ifreload -a; do\n  sleep 1\ndone\n#\necho \"INIT: creating other interface\"\ncat >/etc/network/interfaces.d/11-physical.intf <<CONFIG\nauto swp1\n\niface swp1 inet6 static\n  address 2001:db8:3::1/64\nauto swp2\n\niface swp2 inet6 static\n  address 2001:db8:3:1::1/64\nauto swp3\n\niface swp3 inet6 static\n  address 2001:db8:3:2::1/64\nauto swp4\n\niface swp4 inet6 static\n  address 2001:db8:cafe:e01::1/64\nauto swp5\n\niface swp5 inet6 static\n  address 2001:db8:cafe:e42::1/64\nCONFIG\n#\necho \"INIT: executing ifreload\"\nuntil ifreload -a; do\n  sleep 1\ndone\n#\n# For whatever crazy reason, I had to enable IPv6 in containers\n#\nsysctl -qw net.ipv6.conf.swp1.disable_ipv6=0\nsysctl -qw net.ipv6.conf.swp2.disable_ipv6=0\nsysctl -qw net.ipv6.conf.swp3.disable_ipv6=0\nsysctl -qw net.ipv6.conf.swp4.disable_ipv6=0\nsysctl -qw net.ipv6.conf.swp5.disable_ipv6=0\n#\n# Enable FRR modules for ['ospf', 'bgp']\n#\n#\n# Enable FRR daemons\n#\necho \"ospfd=yes\" >>/etc/frr/daemons\necho \"ospf6d=yes\" >>/etc/frr/daemons\necho \"bgpd=yes\" >>/etc/frr/daemons\n\nsystemctl enable frr.service\nsystemctl start frr.service\nsystemctl reload frr.service\n#\n# Rest of initial configuration done through VTYSH\n#\ncat >/tmp/config <<CONFIG\nipv6 forwarding\n!\ninterface swp1\n! no shutdown\n description dut -> x1 [external]\n ipv6 nd ra-interval 5\n no ipv6 nd suppress-ra\n!\ninterface swp2\n! no shutdown\n description dut -> x2 [external]\n ipv6 nd ra-interval 5\n no ipv6 nd suppress-ra\n!\ninterface swp3\n! no shutdown\n description dut -> r1\n ipv6 nd ra-interval 5\n no ipv6 nd suppress-ra\n!\ninterface swp4\n! no shutdown\n description dut -> dut2 [external]\n ipv6 nd ra-interval 5\n no ipv6 nd suppress-ra\n!\ninterface swp5\n! no shutdown\n description dut -> stub [stub]\n ipv6 nd ra-interval 5\n no ipv6 nd suppress-ra\n!\ndo write\nCONFIG\nvtysh -f /tmp/config\n#\n# Enable LLDP\n#\necho \"INIT: enabling LLDP\"\ncat <<'CONFIG' >/etc/lldpd.d/system.conf\nconfigure lldp tx-interval 30\nconfigure lldp tx-hold 3\nconfigure system interface pattern *,!eth0,swp*\nCONFIG\nservice lldpd restart\n"
}
ok: [dut2] => {
    "msg": "initial configuration for dut2\n=========================================\n#!/bin/bash\n#\nset -e\n#\n# Create bash profile script\n#\ncat <<'SCRIPT' >/root/.bash_profile\n#!/bin/bash\n#\nexport PS1=\"\\h(bash)#\"\necho \"Use vtysh to connect to FRR daemon\"\necho\nSCRIPT\n#\n# Build hosts file\n#\necho \"INIT: setting hostname\"\nhostname dut2\n#\n#\n# Build hosts file\n#\n#\ncat <<'SCRIPT' >/tmp/hosts\n#\n# Created by netlab initial\n#\n2001:db8:1::1 dut\n2001:db8:3::1 swp1.dut\n2001:db8:3:1::1 swp2.dut\n2001:db8:3:2::1 swp3.dut\n2001:db8:cafe:e01::1 swp4.dut\n2001:db8:cafe:e42::1 swp5.dut\n2001:db8:1::2 dut2\n2001:db8:cafe:e01::2 swp1.dut2\n2001:db8:1::5 r1\n2001:db8:3:2::5 eth1.r1\n2001:db8:bad:1::5 eth2.r1\n2001:db8:1::3 x1\n2001:db8:3::3 eth1.x1\n2001:db8:1::4 x2\n2001:db8:3:1::4 eth1.x2\nSCRIPT\ngrep \"Created by netlab\" /etc/hosts || uniq /tmp/hosts >>/etc/hosts\n#\n# Disable ZTP\n#\nztp --disable\n#\n#\n\necho \"INIT: Configuring system wide default MTU policy\"\ncat > /etc/network/ifupdown2/policy.d/mtu.json <<CONFIG\n{ \"address\": { \"defaults\": { \"mtu\": \"1500\" } } }\nCONFIG\n#\necho \"INIT: creating loopback interface\"\n#\n# Create loopback interface entry\n#\ncat >/etc/network/interfaces.d/10-loopback.intf <<CONFIG\nauto lo\niface lo inet6 loopback\n  address 2001:db8:1::2/128\n\nCONFIG\n#\nuntil ifreload -a; do\n  sleep 1\ndone\n#\necho \"INIT: creating other interface\"\ncat >/etc/network/interfaces.d/11-physical.intf <<CONFIG\nauto swp1\n\niface swp1 inet6 static\n  address 2001:db8:cafe:e01::2/64\nCONFIG\n#\necho \"INIT: executing ifreload\"\nuntil ifreload -a; do\n  sleep 1\ndone\n#\n# For whatever crazy reason, I had to enable IPv6 in containers\n#\nsysctl -qw net.ipv6.conf.swp1.disable_ipv6=0\n#\n# Enable FRR modules for ['bgp']\n#\n#\n# Enable FRR daemons\n#\necho \"bgpd=yes\" >>/etc/frr/daemons\n\nsystemctl enable frr.service\nsystemctl start frr.service\nsystemctl reload frr.service\n#\n# Rest of initial configuration done through VTYSH\n#\ncat >/tmp/config <<CONFIG\nipv6 forwarding\n!\ninterface swp1\n! no shutdown\n description dut2 -> dut [external]\n ipv6 nd ra-interval 5\n no ipv6 nd suppress-ra\n!\ndo write\nCONFIG\nvtysh -f /tmp/config\n#\n# Enable LLDP\n#\necho \"INIT: enabling LLDP\"\ncat <<'CONFIG' >/etc/lldpd.d/system.conf\nconfigure lldp tx-interval 30\nconfigure lldp tx-hold 3\nconfigure system interface pattern *,!eth0,swp*\nCONFIG\nservice lldpd restart\n"
}

TASK [Deploy initial configuration] ********************************************
included: /home/pipi/netlab_gh/netsim/ansible/tasks/deploy-config/cumulus.yml for dut, dut2

TASK [Render device configuration from /work/netlab_cicd/bgp/node_files/dut/initial] ***
ok: [dut]
ok: [dut2]

TASK [Create local temporary file] *********************************************
changed: [dut2 -> localhost]
changed: [dut -> localhost]

TASK [Create initial config script in local temporary file] ********************
changed: [dut2 -> localhost]
changed: [dut -> localhost]

TASK [Execute local config script on Cumulus node] *****************************
changed: [dut2]
changed: [dut]

TASK [Remove temporary file /tmp/ansible.dut.29vdpjsrtemp] *********************
changed: [dut -> localhost]
changed: [dut2 -> localhost]

PLAY [Deploy module-specific configurations] ***********************************

TASK [Set variables that cannot be set with VARS] ******************************
ok: [dut]
ok: [dut2]

TASK [Deploy individual configuration modules] *********************************
included: /home/pipi/netlab_gh/netsim/ansible/tasks/deploy-module.yml for dut, dut2 => (item=ospf)
included: /home/pipi/netlab_gh/netsim/ansible/tasks/deploy-module.yml for dut, dut2 => (item=bgp)

TASK [Figure out whether to deploy the module ospf on current device] **********
ok: [dut]
ok: [dut2]

TASK [Find configuration template for ospf] ************************************
skipping: [dut2]
ok: [dut]

TASK [fail] ********************************************************************
skipping: [dut]
skipping: [dut2]

TASK [Find configuration deployment deploy_script for ospf] ********************
skipping: [dut2]
ok: [dut]

TASK [Print deployed configuration when running in verbose mode] ***************
skipping: [dut2]
ok: [dut] => {
    "msg": "ospf configuration for dut\n=========================================\n!\nrouter ospf6\n ospf6 router-id 10.0.0.1\n timers lsa min-arrival 100\n timers throttle spf 10 50 500\n\n\n interface lo area 0.0.0.0\n interface swp3 area 0.0.0.0\n interface swp5 area 0.0.0.0\n!\ninterface swp3\n! dut -> r1\n ipv6 ospf6 network point-to-point\n!\ninterface swp5\n! dut -> stub\n ipv6 ospf6 passive\n!\n\ndo write\n"
}

TASK [Deploy ospf configuration] ***********************************************
skipping: [dut2]
included: /home/pipi/netlab_gh/netsim/ansible/tasks/deploy-config/cumulus.yml for dut

TASK [Render device configuration from /work/netlab_cicd/bgp/node_files/dut/ospf] ***
ok: [dut]

TASK [Create local temporary file] *********************************************
changed: [dut -> localhost]

TASK [Create ospf config script in local temporary file] ***********************
changed: [dut -> localhost]

TASK [Execute local config script on Cumulus node] *****************************
changed: [dut]

TASK [Remove temporary file /tmp/ansible.dut.762pvl04temp] *********************
changed: [dut -> localhost]

TASK [Figure out whether to deploy the module bgp on current device] ***********
ok: [dut]
ok: [dut2]

TASK [Find configuration template for bgp] *************************************
ok: [dut]
ok: [dut2]

TASK [fail] ********************************************************************
skipping: [dut]
skipping: [dut2]

TASK [Find configuration deployment deploy_script for bgp] *********************
ok: [dut]
ok: [dut2]

TASK [Print deployed configuration when running in verbose mode] ***************
ok: [dut] => {
    "msg": "bgp configuration for dut\n=========================================\n!\nrouter bgp 65000\n  no bgp ebgp-requires-policy\n  no bgp default ipv4-unicast\n  bgp default show-hostname\n  bgp default show-nexthop-hostname\n  ! Consider AS paths of same length but with different AS as ECMP candidates\n  bgp bestpath as-path multipath-relax\n\n  bgp router-id 10.0.0.1\n!\n  neighbor 2001:db8:3::3 remote-as 65100\n  neighbor 2001:db8:3::3 description x1\n!\n  neighbor 2001:db8:3:1::4 remote-as 65101\n  neighbor 2001:db8:3:1::4 description x2\n!\n  neighbor 2001:db8:cafe:e01::2 remote-as 65001\n  neighbor 2001:db8:cafe:e01::2 description dut2\n!\n address-family ipv6 unicast\n!\n\n  network 2001:db8:bad:1::/64\n  network 2001:db8:cafe:e42::/64\n!\n  neighbor 2001:db8:3::3 activate\n  no neighbor 2001:db8:3::3 send-community all\n  neighbor 2001:db8:3::3 send-community standard\n  neighbor 2001:db8:3::3 send-community large\n!\n  neighbor 2001:db8:3:1::4 activate\n  no neighbor 2001:db8:3:1::4 send-community all\n  neighbor 2001:db8:3:1::4 send-community standard\n  neighbor 2001:db8:3:1::4 send-community large\n!\n  neighbor 2001:db8:cafe:e01::2 activate\n  no neighbor 2001:db8:cafe:e01::2 send-community all\n  neighbor 2001:db8:cafe:e01::2 send-community standard\n  neighbor 2001:db8:cafe:e01::2 send-community large\n!\n!\n!\ndo write\n"
}
ok: [dut2] => {
    "msg": "bgp configuration for dut2\n=========================================\n!\nrouter bgp 65001\n  no bgp ebgp-requires-policy\n  no bgp default ipv4-unicast\n  bgp default show-hostname\n  bgp default show-nexthop-hostname\n  ! Consider AS paths of same length but with different AS as ECMP candidates\n  bgp bestpath as-path multipath-relax\n\n  bgp router-id 10.0.0.2\n!\n  neighbor 2001:db8:cafe:e01::1 remote-as 65000\n  neighbor 2001:db8:cafe:e01::1 description dut\n!\n address-family ipv6 unicast\n!\n\n  network 2001:db8:1::2/128\n!\n  neighbor 2001:db8:cafe:e01::1 activate\n  no neighbor 2001:db8:cafe:e01::1 send-community all\n  neighbor 2001:db8:cafe:e01::1 send-community standard\n  neighbor 2001:db8:cafe:e01::1 send-community large\n!\n!\n!\ndo write\n"
}

TASK [Deploy bgp configuration] ************************************************
included: /home/pipi/netlab_gh/netsim/ansible/tasks/deploy-config/cumulus.yml for dut, dut2

TASK [Render device configuration from /work/netlab_cicd/bgp/node_files/dut/bgp] ***
ok: [dut]
ok: [dut2]

TASK [Create local temporary file] *********************************************
changed: [dut2 -> localhost]
changed: [dut -> localhost]

TASK [Create bgp config script in local temporary file] ************************
changed: [dut -> localhost]
changed: [dut2 -> localhost]

TASK [Execute local config script on Cumulus node] *****************************
changed: [dut2]
changed: [dut]

TASK [Remove temporary file /tmp/ansible.dut.ptoa28uitemp] *********************
changed: [dut2 -> localhost]
changed: [dut -> localhost]

PLAY [Deploy custom deployment templates] **************************************
skipping: no hosts matched

PLAY RECAP *********************************************************************
dut                        : ok=39   changed=12   unreachable=0    failed=0    skipped=6    rescued=0    ignored=0   
dut2                       : ok=30   changed=8    unreachable=0    failed=0    skipped=10   rescued=0    ignored=0   

Results of configuration script deployments
================================================================================
x1               Script:  initial,bgp
x2               Script:  initial,bgp
r1               Script:  initial,ospf


Use this topology to test the origination and propagation
of IPv6 prefixes.

