Using transformed lab topology from snapshot file netlab.snapshot.pickle
Checking virtualization provider installation
OK: clab installed and working correctly
Starting clab nodes
provider clab: executing sudo -E containerlab deploy --reconfigure -t clab.yml
07:41:50 INFO Containerlab started version=0.74.2
07:41:50 INFO Parsing & checking topology file=clab.yml
07:41:50 INFO Removing directory path=/work/netlab_cicd/clab-ml-17
07:41:50 INFO Creating docker network name=nl_mgmt_17 IPv4 subnet=192.168.17.0/24 IPv6 subnet="" MTU=0
07:41:50 WARN Node name will not resolve via DNS name=clab-ml-17-p_global reason="name contains invalid characters such as '.' and/or '_'"
07:41:50 WARN Node name will not resolve via DNS name=clab-ml-17-p_vrf reason="name contains invalid characters such as '.' and/or '_'"
07:41:50 INFO Creating lab directory path=/work/netlab_cicd/clab-ml-17
07:41:50 INFO Creating container name=dut
07:41:50 INFO Creating container name=p_global
07:41:50 INFO Creating container name=p_vrf
07:41:50 INFO Created link: dut:eth2 ▪┄┄▪ p_vrf:eth1
07:41:51 INFO Created link: dut:eth1 ▪┄┄▪ p_global:eth1
07:41:52 INFO Executed command node=p_global command="sleep 1" stdout=""
07:41:52 INFO Executed command node=dut command="sleep 1" stdout=""
07:41:52 INFO Executed command node=p_vrf command="sleep 1" stdout=""
07:41:52 INFO Adding host entries path=/etc/hosts
07:41:52 INFO Adding SSH config for nodes path=/etc/ssh/ssh_config.d/clab-ml-17.conf
07:41:52 INFO containerlab version
  🎉=
  │ A newer containerlab version (0.74.3) is available!
  │ Release notes: https://containerlab.dev/rn/0.74/#0743
  │ Run 'clab version upgrade' or see https://containerlab.dev/install/ for other installation options.
[1m╭[0m[1m─────────────────────[0m[1m┬[0m[1m──────────────────────────────[0m[1m┬[0m[1m─────────[0m[1m┬[0m[1m────────────────[0m[1m╮[0m
[1m│[0m[1m         Name        [0m[1m│[0m[1m          Kind/Image          [0m[1m│[0m[1m  State  [0m[1m│[0m[1m IPv4/6 Address [0m[1m│[0m
[1m├[0m[1m─────────────────────[0m[1m┼[0m[1m──────────────────────────────[0m[1m┼[0m[1m─────────[0m[1m┼[0m[1m────────────────[0m[1m┤[0m
│ clab-ml-17-dut      │ linux                        │ running │ 192.168.17.101 │
│                     │ quay.io/frrouting/frr:10.6.0 │         │ N/A            │
├─────────────────────┼──────────────────────────────┼─────────┼────────────────┤
│ clab-ml-17-p_global │ linux                        │ running │ 192.168.17.102 │
│                     │ quay.io/frrouting/frr:10.6.0 │         │ N/A            │
├─────────────────────┼──────────────────────────────┼─────────┼────────────────┤
│ clab-ml-17-p_vrf    │ linux                        │ running │ 192.168.17.103 │
│                     │ quay.io/frrouting/frr:10.6.0 │         │ N/A            │
╰─────────────────────┴──────────────────────────────┴─────────┴────────────────╯

Initial configuration skipped, run 'netlab initial' to configure the devices
