Using transformed lab topology from snapshot file netlab.snapshot.pickle
Checking virtualization provider installation
OK: clab installed and working correctly
Starting clab nodes
 [INFO] Setting containerlab runtime to docker
provider clab: executing flock -E 42 /tmp/netlab.lock containerlab deploy --reconfigure -t clab.yml
17:11:26 INFO Containerlab started version=0.79.0
17:11:26 INFO Parsing & checking topology file=clab.yml
17:11:26 INFO Removing directory path=/work/netlab_cicd/clab-ml-17
17:11:26 INFO Creating docker network name=nl_mgmt_17 IPv4 subnet=192.168.17.0/24 IPv6 subnet=fd00:df:1ab:17::/64 MTU=0
17:11:27 INFO Creating lab directory path=/work/netlab_cicd/clab-ml-17
17:11:27 INFO Creating container name=dut
17:11:27 INFO Creating container name=p2
17:11:27 INFO Creating container name=x1
17:11:27 INFO Creating container name=p1
17:11:27 INFO Created link: dut:eth2 ▪┄┄▪ p1:eth1
17:11:27 INFO Created link: dut:eth1 ▪┄┄▪ x1:eth1
17:11:28 INFO Created link: dut:eth3 ▪┄┄▪ p2:eth1
17:11:29 INFO Executed command node=p1 command="sleep 1" stdout=""
17:11:29 INFO Executed command node=p2 command="sleep 1" stdout=""
17:11:29 INFO Executed command node=x1 command="sleep 1" stdout=""
17:11:29 INFO Executed command node=dut command="sleep 1" stdout=""
17:11:29 INFO Adding host entries path=/etc/hosts
17:11:29 INFO Adding SSH config for nodes path=/etc/ssh/ssh_config.d/clab-ml-17.conf
[1m╭[0m[1m────────────────[0m[1m┬[0m[1m──────────────────────────────[0m[1m┬[0m[1m─────────[0m[1m┬[0m[1m───────────────────[0m[1m╮[0m
[1m│[0m[1m      Name      [0m[1m│[0m[1m          Kind/Image          [0m[1m│[0m[1m  State  [0m[1m│[0m[1m   IPv4/6 Address  [0m[1m│[0m
[1m├[0m[1m────────────────[0m[1m┼[0m[1m──────────────────────────────[0m[1m┼[0m[1m─────────[0m[1m┼[0m[1m───────────────────[0m[1m┤[0m
│ clab-ml-17-dut │ linux                        │ running │ 192.168.17.101    │
│                │ quay.io/frrouting/frr:10.7.1 │         │ fd00:df:1ab:17::4 │
├────────────────┼──────────────────────────────┼─────────┼───────────────────┤
│ clab-ml-17-p1  │ linux                        │ running │ 192.168.17.102    │
│                │ quay.io/frrouting/frr:10.7.1 │         │ fd00:df:1ab:17::3 │
├────────────────┼──────────────────────────────┼─────────┼───────────────────┤
│ clab-ml-17-p2  │ linux                        │ running │ 192.168.17.103    │
│                │ quay.io/frrouting/frr:10.7.1 │         │ fd00:df:1ab:17::5 │
├────────────────┼──────────────────────────────┼─────────┼───────────────────┤
│ clab-ml-17-x1  │ linux                        │ running │ 192.168.17.104    │
│                │ quay.io/frrouting/frr:10.7.1 │         │ fd00:df:1ab:17::2 │
╰────────────────┴──────────────────────────────┴─────────┴───────────────────╯

Initial configuration skipped, run 'netlab initial' to configure the devices
