Using transformed lab topology from snapshot file netlab.snapshot.pickle
Checking virtualization provider installation
OK: libvirt installed and working correctly
OK: clab installed and working correctly
Starting libvirt nodes
creating libvirt management network nl_mgmt_85
provider libvirt: executing vagrant up --provider libvirt
Bringing machine 'dut' up with 'libvirt' provider...
==> dut: Checking if box 'mikrotik/chr7' version '7.18.2' is up to date...
[fog][WARNING] Unrecognized arguments: libvirt_ip_command
==> dut: Creating image (snapshot of base box volume).
==> dut: Creating domain with the following settings...
==> dut:  -- Name:              ml-85_dut
==> dut:  -- Description:       Source: /work/netlab_cicd/other_vm/Vagrantfile
==> dut:  -- Domain type:       kvm
==> dut:  -- Cpus:              2
==> dut:  -- Feature:           acpi
==> dut:  -- Feature:           apic
==> dut:  -- Feature:           pae
==> dut:  -- Clock offset:      utc
==> dut:  -- Memory:            256M
==> dut:  -- Management MAC:    ca:fe:00:05:00:00
==> dut:  -- Base box:          mikrotik/chr7
==> dut:  -- Storage pool:      default
==> dut:  -- Image(vda):        /var/lib/libvirt/images/ml-85_dut.img, virtio, 1G
==> dut:  -- Disk driver opts:  cache='default'
==> dut:  -- Graphics Type:     vnc
==> dut:  -- Video Type:        cirrus
==> dut:  -- Video VRAM:        16384
==> dut:  -- Video 3D accel:    false
==> dut:  -- Keymap:            en-us
==> dut:  -- TPM Backend:       passthrough
==> dut:  -- INPUT:             type=mouse, bus=ps2
==> dut: Creating shared folders metadata...
==> dut: Starting domain.
==> dut: Domain launching with graphics connection settings...
==> dut:  -- Graphics Port:      5900
==> dut:  -- Graphics IP:        127.0.0.1
==> dut:  -- Graphics Password:  Not defined
==> dut:  -- Graphics Websocket: 5700
==> dut: Waiting for domain to get an IP address...
==> dut: Waiting for machine to boot. This may take a few minutes...
    dut: SSH address: 192.168.85.105:22
    dut: SSH username: admin
    dut: SSH auth method: password
==> dut: Machine booted and ready!
Starting clab nodes
Recreating clab-augment.yml configuration file for clab provider
Created provider configuration file: clab-augment.yml
Loading Linux kernel modules mpls-router,mpls-iptunnel required by containers using mpls module
provider clab: executing sudo -E containerlab deploy --reconfigure -t clab-augment.yml
17:54:22 INFO Containerlab started version=0.74.2
17:54:22 INFO Parsing & checking topology file=clab-augment.yml
17:54:22 INFO Removing directory path=/work/netlab_cicd/other_vm/clab-ml-85
17:54:22 INFO Creating docker network name=nl_mgmt_85 IPv4 subnet=192.168.85.0/24 IPv6 subnet="" MTU=0
17:54:22 INFO Creating lab directory path=/work/netlab_cicd/other_vm/clab-ml-85
17:54:22 INFO Creating container name=p2
17:54:22 INFO Creating container name=ch
17:54:22 INFO Creating container name=pe2
17:54:22 INFO Creating container name=p1
17:54:22 INFO Creating container name=h2
17:54:22 INFO Creating container name=h1
17:54:22 INFO Creating container name=h3
17:54:23 INFO Created link: pe2:eth1 ▪┄┄▪ p2:eth2
17:54:24 INFO Created link: h2:eth1 ▪┄┄▪ pe2:eth2
17:54:24 INFO Created link: p1:eth2 ▪┄┄▪ p2:eth1
17:54:24 INFO Created link: h3:eth1 ▪┄┄▪ pe2:eth3
17:54:24 INFO Created link: p1:eth1 ▪┄┄▪ virbr2:bni85n7i1
17:54:24 INFO Created link: h1:eth1 ▪┄┄▪ virbr3:bni85n1i1
17:54:24 INFO Created link: ch:eth1 ▪┄┄▪ virbr8:bni85n4i1
17:54:25 INFO Executed command node=p1 command="sleep 1" stdout=""
17:54:25 INFO Executed command node=pe2 command="sleep 1" stdout=""
17:54:25 INFO Executed command node=p2 command="sleep 1" stdout=""
17:54:25 INFO Adding host entries path=/etc/hosts
17:54:25 INFO Adding SSH config for nodes path=/etc/ssh/ssh_config.d/clab-ml-85.conf
17:54:25 INFO containerlab version
  🎉=
  │ A newer containerlab version (0.74.3) is available!
  │ Release notes: https://containerlab.dev/rn/0.74/#0743
  │ Run 'clab version upgrade' or see https://containerlab.dev/install/ for other installation options.
[1m╭[0m[1m────────────────[0m[1m┬[0m[1m──────────────────────────────[0m[1m┬[0m[1m─────────[0m[1m┬[0m[1m────────────────[0m[1m╮[0m
[1m│[0m[1m      Name      [0m[1m│[0m[1m          Kind/Image          [0m[1m│[0m[1m  State  [0m[1m│[0m[1m IPv4/6 Address [0m[1m│[0m
[1m├[0m[1m────────────────[0m[1m┼[0m[1m──────────────────────────────[0m[1m┼[0m[1m─────────[0m[1m┼[0m[1m────────────────[0m[1m┤[0m
│ clab-ml-85-ch  │ linux                        │ running │ 192.168.85.104 │
│                │ python:3.13-alpine           │         │ N/A            │
├────────────────┼──────────────────────────────┼─────────┼────────────────┤
│ clab-ml-85-h1  │ linux                        │ running │ 192.168.85.101 │
│                │ python:3.13-alpine           │         │ N/A            │
├────────────────┼──────────────────────────────┼─────────┼────────────────┤
│ clab-ml-85-h2  │ linux                        │ running │ 192.168.85.102 │
│                │ python:3.13-alpine           │         │ N/A            │
├────────────────┼──────────────────────────────┼─────────┼────────────────┤
│ clab-ml-85-h3  │ linux                        │ running │ 192.168.85.103 │
│                │ python:3.13-alpine           │         │ N/A            │
├────────────────┼──────────────────────────────┼─────────┼────────────────┤
│ clab-ml-85-p1  │ linux                        │ running │ 192.168.85.107 │
│                │ quay.io/frrouting/frr:10.6.0 │         │ N/A            │
├────────────────┼──────────────────────────────┼─────────┼────────────────┤
│ clab-ml-85-p2  │ linux                        │ running │ 192.168.85.108 │
│                │ quay.io/frrouting/frr:10.6.0 │         │ N/A            │
├────────────────┼──────────────────────────────┼─────────┼────────────────┤
│ clab-ml-85-pe2 │ linux                        │ running │ 192.168.85.106 │
│                │ quay.io/frrouting/frr:10.6.0 │         │ N/A            │
╰────────────────┴──────────────────────────────┴─────────┴────────────────╯

Initial configuration skipped, run 'netlab initial' to configure the devices
