Creating Device configuration snippets
[CREATED] ce1: initial,ospf
[CREATED] ce2: initial,ospf
[CREATED] dut: initial,ospf,bgp,mpls,vrf
[CREATED] pe2: initial,ospf,bgp,mpls,vrf
[CREATED] p1: initial,ospf,mpls
[CREATED] p2: initial,ospf,mpls
Config Deploying device configurations
 [INFO] Executing initial configuration for node ce1
 [INFO] Executing initial configuration for node ce2
 [INFO] Executing initial configuration for node pe2
 [INFO] Executing initial configuration for node p1
 [INFO] Executing initial configuration for node p2
 [INFO] Executing ospf configuration for node ce2
 [INFO] Executing ospf configuration for node ce1
 [INFO] Executing ospf configuration for node pe2
 [INFO] Executing ospf configuration for node p1
 [INFO] Executing ospf configuration for node p2
 [INFO] Executing mpls configuration for node p1
 [INFO] Executing mpls configuration for node p2
 [INFO] Executing bgp configuration for node pe2
 [INFO] Executing mpls configuration for node pe2
 [INFO] Executing vrf configuration for node pe2
 [INFO] Starting Ansible playbook to deploy the rest of the
          configurations
[WARNING]: Found variable using reserved name: hosts

PLAY [Deploy initial device configuration] *************************************

TASK [Set variables that cannot be set with VARS] ******************************
ok: [dut]

TASK [Normalize config on bridge-like devices] *********************************
included: /home/pipi/net101/tools/netsim/ansible/tasks/deploy-module.yml for dut

TASK [Figure out whether to deploy the module normalize on current device] *****
ok: [dut]

TASK [Find configuration template for normalize] *******************************
ok: [dut]

TASK [fail] ********************************************************************
skipping: [dut]

TASK [Find configuration deployment deploy_script for normalize] ***************
ok: [dut]

TASK [Print deployed configuration when running in verbose mode] ***************
skipping: [dut]

TASK [Deploy normalize configuration] ******************************************
skipping: [dut]

TASK [Deploy initial configuration] ********************************************
included: /home/pipi/net101/tools/netsim/ansible/tasks/deploy-module.yml for dut

TASK [Figure out whether to deploy the module initial on current device] *******
ok: [dut]

TASK [Find configuration template for initial] *********************************
ok: [dut]

TASK [fail] ********************************************************************
skipping: [dut]

TASK [Find configuration deployment deploy_script for initial] *****************
ok: [dut]

TASK [Print deployed configuration when running in verbose mode] ***************
ok: [dut] => {
    "msg": "initial configuration for dut\n=========================================\n\n/system identity set name=\"dut\"\n\n/interface bridge add name=loopback protocol-mode=none\n\n\n/ip address add interface=loopback address=10.0.0.3/32\n\n\n\n\n/ip/vrf/add place-before=0 name=tenant interfaces=ether3\n\n\n\n/interface ethernet set comment=\"dut -> p1\" ether2\n\n/ip address add interface=ether2 address=10.1.0.1/30\n/ip address set [find where interface=ether2] comment=\"dut -> p1\"\n\n\n/interface ethernet set comment=\"dut -> ce1\" ether3\n\n/ip address add interface=ether3 address=10.1.0.14/30\n/ip address set [find where interface=ether3] comment=\"dut -> ce1\"\n\n\n/ip neighbor discovery-settings set discover-interface-list=all\n"
}

TASK [Deploy initial configuration] ********************************************
included: /home/pipi/net101/tools/netsim/ansible/tasks/deploy-config/routeros7.yml for dut

TASK [load initial from /work/netlab_cicd/other_vm/node_files/dut/initial] *****
ok: [dut]

TASK [Run commands on CHR] *****************************************************
changed: [dut]

PLAY [Deploy module-specific configurations] ***********************************

TASK [Set variables that cannot be set with VARS] ******************************
ok: [dut]

TASK [Deploy individual configuration modules] *********************************
included: /home/pipi/net101/tools/netsim/ansible/tasks/deploy-module.yml for dut => (item=ospf)
included: /home/pipi/net101/tools/netsim/ansible/tasks/deploy-module.yml for dut => (item=bgp)
included: /home/pipi/net101/tools/netsim/ansible/tasks/deploy-module.yml for dut => (item=mpls)
included: /home/pipi/net101/tools/netsim/ansible/tasks/deploy-module.yml for dut => (item=vrf)

TASK [Figure out whether to deploy the module ospf on current device] **********
ok: [dut]

TASK [Find configuration template for ospf] ************************************
ok: [dut]

TASK [fail] ********************************************************************
skipping: [dut]

TASK [Find configuration deployment deploy_script for ospf] ********************
ok: [dut]

TASK [Print deployed configuration when running in verbose mode] ***************
ok: [dut] => {
    "msg": "ospf configuration for dut\n=========================================\n\n\n\n/routing/ospf/instance add name=default4 version=2 router-id=10.0.0.3 vrf=main\n\n/routing/ospf/area add instance=default4 name=\"main_2_0.0.0.0\" area-id=0.0.0.0\n\n\n\n\n\n\n\n\n/routing/ospf/interface-template add area=[/routing ospf area find area-id=0.0.0.0 and instance=default4] interface=loopback \n\n\n\n\n\n\n\n\n\n/routing/ospf/interface-template add area=[/routing ospf area find area-id=0.0.0.0 and instance=default4] interface=ether2 type=ptp\n\n\n\n"
}

TASK [Deploy ospf configuration] ***********************************************
included: /home/pipi/net101/tools/netsim/ansible/tasks/deploy-config/routeros7.yml for dut

TASK [load ospf from /work/netlab_cicd/other_vm/node_files/dut/ospf] ***********
ok: [dut]

TASK [Run commands on CHR] *****************************************************
changed: [dut]

TASK [Figure out whether to deploy the module bgp on current device] ***********
ok: [dut]

TASK [Find configuration template for bgp] *************************************
ok: [dut]

TASK [fail] ********************************************************************
skipping: [dut]

TASK [Find configuration deployment deploy_script for bgp] *********************
ok: [dut]

TASK [Print deployed configuration when running in verbose mode] ***************
ok: [dut] => {
    "msg": "bgp configuration for dut\n=========================================\n\n/routing/bgp/template add name=main as=65001 output.network=bgp-networks\n\n/routing/bgp/template set main router-id=10.0.0.3\n\n\n/routing/bgp/connection add template=main name=10_0_0_4 remote.address=10.0.0.4 remote.as=65001 comment=\"pe2\" local.role=ebgp\n\n/routing/bgp/connection set [/routing/bgp/connection find name=10_0_0_4] local.role=ibgp local.address=loopback\n\n\n\n\n/routing/bgp/connection set [/routing/bgp/connection find name=10_0_0_4] nexthop-choice=force-self\n\n\n# BGP Network now is controlled by simple ACL\n/ip/firewall/address-list/ add list=bgp-networks address=10.0.0.3/32\n\n\n\n"
}

TASK [Deploy bgp configuration] ************************************************
included: /home/pipi/net101/tools/netsim/ansible/tasks/deploy-config/routeros7.yml for dut

TASK [load bgp from /work/netlab_cicd/other_vm/node_files/dut/bgp] *************
ok: [dut]

TASK [Run commands on CHR] *****************************************************
changed: [dut]

TASK [Figure out whether to deploy the module mpls on current device] **********
ok: [dut]

TASK [Find configuration template for mpls] ************************************
ok: [dut]

TASK [fail] ********************************************************************
skipping: [dut]

TASK [Find configuration deployment deploy_script for mpls] ********************
ok: [dut]

TASK [Print deployed configuration when running in verbose mode] ***************
ok: [dut] => {
    "msg": "mpls configuration for dut\n=========================================\n/mpls/interface/add interface=all input=yes\n\n\n/mpls/ldp add lsr-id=10.0.0.3 afi=ip\n\n/mpls/ldp set 0 transport-address=10.0.0.3\n\n\n/mpls/ldp/interface add interface=ether2\n\n\n/routing/bgp/connection set [find remote.address=10.0.0.4] address-families=ip,vpnv4\n\n\n"
}

TASK [Deploy mpls configuration] ***********************************************
included: /home/pipi/net101/tools/netsim/ansible/tasks/deploy-config/routeros7.yml for dut

TASK [load mpls from /work/netlab_cicd/other_vm/node_files/dut/mpls] ***********
ok: [dut]

TASK [Run commands on CHR] *****************************************************
changed: [dut]

TASK [Figure out whether to deploy the module vrf on current device] ***********
ok: [dut]

TASK [Find configuration template for vrf] *************************************
ok: [dut]

TASK [fail] ********************************************************************
skipping: [dut]

TASK [Find configuration deployment deploy_script for vrf] *********************
ok: [dut]

TASK [Print deployed configuration when running in verbose mode] ***************
ok: [dut] => {
    "msg": "vrf configuration for dut\n=========================================\n\n/routing/bgp/vpn add label-allocation-policy=per-vrf vrf=tenant route-distinguisher=65000:1 import.route-targets=65000:1 export.route-targets=65000:1 export.redistribute=bgp,connected,ospf,static,vpn\n\n/routing/bgp/template add name=vrf_tenant as=65001 output.network=bgp-networks-tenant vrf=tenant routing-table=tenant output.redistribute=connected,bgp,bgp-mpls-vpn,vpn\n\n/routing/bgp/template set vrf_tenant router-id=10.0.0.3\n\n/routing/bgp/template set vrf_tenant output.redistribute=([get vrf_tenant output.redistribute],\"ospf\")\n\n\n\n\n\n\n\n/routing/ospf/instance add name=default4_tenant version=2 router-id=10.0.0.3 vrf=tenant\n\n/routing/ospf/area add instance=default4_tenant name=\"tenant_2_0.0.0.0\" area-id=0.0.0.0\n\n\n\n\n\n\n\n\n/routing/ospf/interface-template add area=[/routing ospf area find area-id=0.0.0.0 and instance=default4_tenant] interface=ether3 type=ptp\n\n\n\n/routing/ospf/instance set [/routing/ospf/instance find name=default4_tenant] redistribute=bgp,bgp-mpls-vpn,vpn,connected,static routing-table=tenant\n"
}

TASK [Deploy vrf configuration] ************************************************
included: /home/pipi/net101/tools/netsim/ansible/tasks/deploy-config/routeros7.yml for dut

TASK [load vrf from /work/netlab_cicd/other_vm/node_files/dut/vrf] *************
ok: [dut]

TASK [Run commands on CHR] *****************************************************
changed: [dut]

PLAY [Deploy custom deployment templates] **************************************
skipping: no hosts matched

PLAY RECAP *********************************************************************
dut                        : ok=46   changed=5    unreachable=0    failed=0    skipped=8    rescued=0    ignored=0   

Results of configuration script deployments
================================================================================
ce1              Script:  initial,ospf
ce2              Script:  initial,ospf
pe2              Script:  initial,ospf,bgp,mpls,vrf
p1               Script:  initial,ospf,mpls
p2               Script:  initial,ospf,mpls


The tested device (DUT) is a PE-router running MPLS/VPN with a simple VRF. Two OSPF-speaking CE-routers are attached to the VRF (one per PE-router)
The PE-router has to run OSPF and LDP with a P-router, exchange IPv4 routes via OSPF with the CE-router, do two-way redistribution of OSPF and VPNv4 routes, and pass VPNv4 routes to another PE-router.
The validation tests check OSPF prefixes on the CE-routers and perform end-to-end connectivity tests between CE-router loopbacks.
