[CONFIG]  h1: initial,routing,hosts
[CONFIG]  h2: initial,routing,hosts (shared)
[CONFIG]  pe1: initial,ospf,bgp,mpls,vrf,daemons,hosts (shared)
[CONFIG]  pe2: initial,ospf,bgp,mpls,vrf,daemons,hosts (shared)
[CONFIG]  core: initial,ospf,mpls,daemons,hosts (shared)
[CONFIG]  dut: initial,ospf,bgp,mpls
Created provider configuration file: Vagrantfile
Creating configuration file for secondary provider clab
Created provider configuration file: clab-augment.yml
Created pickled transformed topology data into netlab.snapshot.pickle
Created group_vars for all
Created group_vars for modules
Created group_vars for linux
Created host_vars for h1, h2
Created group_vars for frr
Created host_vars for pe1, pe2, core
Created group_vars for routeros7
Created host_vars for dut
Created minimized Ansible inventory hosts.yml
Created Ansible configuration file: ansible.cfg
