Creating Device configuration snippets
[CREATED] h1: initial,routing
[CREATED] h2: initial,routing
[CREATED] pe1: initial,ospf,bgp,mpls,vrf
[CREATED] pe2: initial,ospf,bgp,mpls,vrf
[CREATED] core: initial,ospf,mpls
[CREATED] dut: initial,ospf,bgp,mpls
Config Deploying device configurations
 [INFO] Executing initial configuration for node h1 (namespace clab-
          ml-17-h1)
 [INFO] Executing initial configuration for node h2 (namespace clab-
          ml-17-h2)
 [INFO] Executing initial configuration for node pe1
 [INFO] Executing initial configuration for node pe2
 [INFO] Executing initial configuration for node core
 [INFO] Executing routing configuration for node h1 (namespace clab-
          ml-17-h1)
 [INFO] Executing routing configuration for node h2 (namespace clab-
          ml-17-h2)
 [INFO] Executing ospf configuration for node pe2
 [INFO] Executing ospf configuration for node core
 [INFO] Executing ospf configuration for node pe1
 [INFO] Executing bgp configuration for node pe1
 [INFO] Executing bgp configuration for node pe2
 [INFO] Executing mpls configuration for node core
 [INFO] Executing mpls configuration for node pe1
 [INFO] Executing mpls configuration for node pe2
 [INFO] Executing vrf configuration for node pe2
 [INFO] Executing vrf configuration for node pe1
 [INFO] Starting Ansible playbook to deploy the rest of the
          configurations
[WARNING]: Found variable using reserved name: hosts

PLAY [Deploy initial device configuration] *************************************

TASK [Set variables that cannot be set with VARS] ******************************
ok: [dut]

TASK [Deploy initial configuration] ********************************************
included: /home/pipi/netlab_gh/netsim/ansible/tasks/deploy-module.yml for dut

TASK [Figure out whether to deploy the module initial on current device] *******
ok: [dut]

TASK [Find configuration template for initial] *********************************
ok: [dut]

TASK [fail] ********************************************************************
skipping: [dut]

TASK [Find configuration deployment deploy_script for initial] *****************
ok: [dut]

TASK [Print deployed configuration when running in verbose mode] ***************
ok: [dut] => {
    "msg": "initial configuration for dut\n=========================================\n\n/system identity set name=\"dut\"\n\n/interface bridge add name=loopback protocol-mode=none\n\n\n/ip address add interface=loopback address=10.0.0.6/32\n\n\n\n\n/interface ethernet set comment=\"dut -> core\" ether2\n\n/ip address add interface=ether2 address=10.1.0.1/30\n/ip address set [find where interface=ether2] comment=\"dut -> core\"\n\n\n/ip neighbor discovery-settings set discover-interface-list=all\n"
}

TASK [Deploy initial configuration] ********************************************
included: /home/pipi/netlab_gh/netsim/ansible/tasks/deploy-config/routeros7.yml for dut

TASK [load initial from /work/netlab_cicd/node_files/dut/initial] **************
ok: [dut]

TASK [Run commands on CHR] *****************************************************
changed: [dut]

PLAY [Deploy module-specific configurations] ***********************************

TASK [Set variables that cannot be set with VARS] ******************************
ok: [dut]

TASK [Deploy individual configuration modules] *********************************
included: /home/pipi/netlab_gh/netsim/ansible/tasks/deploy-module.yml for dut => (item=routing)
included: /home/pipi/netlab_gh/netsim/ansible/tasks/deploy-module.yml for dut => (item=ospf)
included: /home/pipi/netlab_gh/netsim/ansible/tasks/deploy-module.yml for dut => (item=bgp)
included: /home/pipi/netlab_gh/netsim/ansible/tasks/deploy-module.yml for dut => (item=mpls)
included: /home/pipi/netlab_gh/netsim/ansible/tasks/deploy-module.yml for dut => (item=vrf)

TASK [Figure out whether to deploy the module routing on current device] *******
ok: [dut]

TASK [Find configuration template for routing] *********************************
skipping: [dut]

TASK [fail] ********************************************************************
skipping: [dut]

TASK [Find configuration deployment deploy_script for routing] *****************
skipping: [dut]

TASK [Print deployed configuration when running in verbose mode] ***************
skipping: [dut]

TASK [Deploy routing configuration] ********************************************
skipping: [dut]

TASK [Figure out whether to deploy the module ospf on current device] **********
ok: [dut]

TASK [Find configuration template for ospf] ************************************
ok: [dut]

TASK [fail] ********************************************************************
skipping: [dut]

TASK [Find configuration deployment deploy_script for ospf] ********************
ok: [dut]

TASK [Print deployed configuration when running in verbose mode] ***************
ok: [dut] => {
    "msg": "ospf configuration for dut\n=========================================\n\n\n\n/routing/ospf/instance add name=default4 version=2 router-id=10.0.0.6 vrf=main\n\n/routing/ospf/area add instance=default4 name=\"main_2_0.0.0.0\" area-id=0.0.0.0\n\n\n\n\n\n\n\n\n/routing/ospf/interface-template add area=[/routing ospf area find area-id=0.0.0.0 and instance=default4] interface=loopback \n\n\n\n\n\n\n\n\n\n/routing/ospf/interface-template add area=[/routing ospf area find area-id=0.0.0.0 and instance=default4] interface=ether2 type=ptp\n\n\n\n"
}

TASK [Deploy ospf configuration] ***********************************************
included: /home/pipi/netlab_gh/netsim/ansible/tasks/deploy-config/routeros7.yml for dut

TASK [load ospf from /work/netlab_cicd/node_files/dut/ospf] ********************
ok: [dut]

TASK [Run commands on CHR] *****************************************************
changed: [dut]

TASK [Figure out whether to deploy the module bgp on current device] ***********
ok: [dut]

TASK [Find configuration template for bgp] *************************************
ok: [dut]

TASK [fail] ********************************************************************
skipping: [dut]

TASK [Find configuration deployment deploy_script for bgp] *********************
ok: [dut]

TASK [Print deployed configuration when running in verbose mode] ***************
ok: [dut] => {
    "msg": "bgp configuration for dut\n=========================================\n\n/routing/bgp/template add name=main as=65001 output.network=bgp-networks\n/routing/bgp/instance add name=main as=65001\n\n/routing/bgp/instance set [/routing/bgp/instance find name=main] router-id=10.0.0.6\n/routing/bgp/instance set [/routing/bgp/instance find name=main] cluster-id=10.0.0.6\n\n\n/routing/filter/rule add chain=filter_rr_self_ebgp rule=\"return;\"\n\n/routing/filter/rule/add chain=rm_extended_communities rule=\"delete bgp-ext-communities rt; delete bgp-ext-communities soo; delete bgp-ext-communities other;\"\n/routing/filter/rule/add chain=rm_extended_communities rule=\"return;\"\n/routing/filter/rule/add chain=rm_large_communities rule=\"delete bgp-lrg-communities all;\"\n/routing/filter/rule/add chain=rm_large_communities rule=\"return;\"\n/routing/filter/rule/add chain=rm_standard_communities rule=\"delete bgp-std-communities other; delete bgp-ext-communities wk;\"\n/routing/filter/rule/add chain=rm_standard_communities rule=\"jump rm_large_communities;\"\n/routing/filter/rule/add chain=rm_standard_communities rule=\"return;\"\n\n\n/routing/bgp/connection add template=main instance=main name=10_0_0_3 remote.address=10.0.0.3 remote.as=65001 comment=\"pe1\" local.role=ebgp\n/routing/bgp/connection set [/routing/bgp/connection find name=10_0_0_3] afi=ip\n\n/routing/filter/rule add chain=filter_10_0_0_3 rule=\"accept;\"\n\n/routing/bgp/connection set [/routing/bgp/connection find name=10_0_0_3] output.filter-chain=filter_10_0_0_3\n/routing/bgp/connection set [/routing/bgp/connection find name=10_0_0_3] local.role=ibgp-rr\n/routing/filter/rule add chain=filter_10_0_0_3 rule=\"jump filter_rr_self_ebgp;\" place-before=0\n\n/routing/filter/rule/add chain=filter_10_0_0_3 rule=\"jump rm_large_communities;\" place-before=0\n\n/routing/bgp/connection add template=main instance=main name=10_0_0_4 remote.address=10.0.0.4 remote.as=65001 comment=\"pe2\" local.role=ebgp\n/routing/bgp/connection set [/routing/bgp/connection find name=10_0_0_4] afi=ip\n\n/routing/filter/rule add chain=filter_10_0_0_4 rule=\"accept;\"\n\n/routing/bgp/connection set [/routing/bgp/connection find name=10_0_0_4] output.filter-chain=filter_10_0_0_4\n/routing/bgp/connection set [/routing/bgp/connection find name=10_0_0_4] local.role=ibgp-rr\n/routing/filter/rule add chain=filter_10_0_0_4 rule=\"jump filter_rr_self_ebgp;\" place-before=0\n\n/routing/filter/rule/add chain=filter_10_0_0_4 rule=\"jump rm_large_communities;\" place-before=0\n\n\n\n# BGP Network now is controlled by simple ACL\n/ip/firewall/address-list add list=bgp-networks address=10.0.0.6/32\n\n\n\n"
}

TASK [Deploy bgp configuration] ************************************************
included: /home/pipi/netlab_gh/netsim/ansible/tasks/deploy-config/routeros7.yml for dut

TASK [load bgp from /work/netlab_cicd/node_files/dut/bgp] **********************
ok: [dut]

TASK [Run commands on CHR] *****************************************************
changed: [dut]

TASK [Figure out whether to deploy the module mpls on current device] **********
ok: [dut]

TASK [Find configuration template for mpls] ************************************
ok: [dut]

TASK [fail] ********************************************************************
skipping: [dut]

TASK [Find configuration deployment deploy_script for mpls] ********************
ok: [dut]

TASK [Print deployed configuration when running in verbose mode] ***************
ok: [dut] => {
    "msg": "mpls configuration for dut\n=========================================\n/mpls/interface/add interface=all input=yes\n\n\n/mpls/ldp add lsr-id=10.0.0.6 afi=ip\n\n/mpls/ldp set 0 transport-address=10.0.0.6\n\n\n/mpls/ldp/interface add interface=ether2\n\n/routing/bgp/connection set [find remote.address=10.0.0.3] afi=ip,vpnv4\n/routing/bgp/connection set [find remote.address=10.0.0.4] afi=ip,vpnv4\n\n"
}

TASK [Deploy mpls configuration] ***********************************************
included: /home/pipi/netlab_gh/netsim/ansible/tasks/deploy-config/routeros7.yml for dut

TASK [load mpls from /work/netlab_cicd/node_files/dut/mpls] ********************
ok: [dut]

TASK [Run commands on CHR] *****************************************************
changed: [dut]

TASK [Figure out whether to deploy the module vrf on current device] ***********
ok: [dut]

TASK [Find configuration template for vrf] *************************************
skipping: [dut]

TASK [fail] ********************************************************************
skipping: [dut]

TASK [Find configuration deployment deploy_script for vrf] *********************
skipping: [dut]

TASK [Print deployed configuration when running in verbose mode] ***************
skipping: [dut]

TASK [Deploy vrf configuration] ************************************************
skipping: [dut]

PLAY [Deploy custom deployment templates] **************************************
skipping: no hosts matched

PLAY RECAP *********************************************************************
dut                        : ok=38   changed=4    unreachable=0    failed=0    skipped=14   rescued=0    ignored=0   

Results of configuration script deployments
================================================================================
h1               Script:  initial,routing
h2               Script:  initial,routing
pe1              Script:  initial,ospf,bgp,mpls,vrf
pe2              Script:  initial,ospf,bgp,mpls,vrf
core             Script:  initial,ospf,mpls


The tested device (DUT) is a BGP route reflector for the VPNv4 addres family
It runs OSPF with the P-router and exchanges VPNv4 prefixes with PE-routers.
The validation tests check VRF IPv4 prefixes on the PE-routers and perform end-to-end connectivity tests.
