Checking virtualization provider installation
OK: clab installed and working correctly
Stopping clab nodes
06:17:42 INFO Parsing & checking topology file=clab.yml
06:17:42 INFO Parsing & checking topology file=clab.yml
06:17:42 INFO Destroying lab name=ml-32
06:17:43 INFO Removed container name=clab-ml-32-x2
06:17:43 INFO Removed container name=clab-ml-32-x1
06:17:43 INFO Removed container name=clab-ml-32-dut2
06:17:43 INFO Removed container name=clab-ml-32-r1
06:17:43 INFO Removed container name=clab-ml-32-dut
06:17:43 INFO Removing host entries path=/etc/hosts
06:17:43 INFO Removing SSH config path=/etc/ssh/ssh_config.d/clab-ml-32.conf
Cleanup configuration files
... removing clab.yml
... removing ansible.cfg
... removing hosts.yml
... removing directory tree group_vars
... removing directory tree host_vars
... removing directory tree node_files
... removing netlab.snapshot.pickle
