Creating Device configuration snippets
[CREATED] dut: initial,routing,ospf,bgp,vrf,bgp.policy
[CREATED] probe: initial,routing,ospf,bgp
[CREATED] x1: initial,routing,bgp
[CREATED] x2: initial,routing,bgp
[CREATED] v1: initial,routing,bgp
[CREATED] v2: initial,routing,bgp,bgp.policy
[CREATED] vp: initial,routing,bgp
Checking Are lab devices ready to be configured?
 [INFO] Checking SSH server(s) on dut
[SSH]     SSH server on node dut (device vjunos-switch) is ready after 102.7 seconds
 [INFO] Checking lab devices with an Ansible playbook
[WARNING]: Found variable using reserved name: hosts

PLAY [Wait for SSH servers] ****************************************************

PLAY [Wait for device-specific conditions] *************************************

TASK [Set variables that cannot be set with VARS] ******************************
ok: [dut]

TASK [Find device readiness script] ********************************************
ok: [dut]

TASK [Wait for device to become ready] *****************************************
included: /home/pipi/netlab_gh/netsim/ansible/tasks/readiness-check/junos.yml for dut

TASK [set_fact] ****************************************************************
ok: [dut]

TASK [Wait for first interface (ge-0/0/0)] *************************************
ok: [dut]

PLAY RECAP *********************************************************************
dut                        : ok=5    changed=0    unreachable=0    failed=0    skipped=0    rescued=0    ignored=0   

Config Deploying device configurations
 [INFO] Executing initial configuration for node probe
 [INFO] Executing initial configuration for node x1
 [INFO] Executing initial configuration for node x2
 [INFO] Executing initial configuration for node v1
 [INFO] Executing initial configuration for node v2
 [INFO] Executing initial configuration for node vp
 [INFO] Executing routing configuration for node x1
 [INFO] Executing routing configuration for node probe
 [INFO] Executing routing configuration for node v1
 [INFO] Executing routing configuration for node vp
 [INFO] Executing routing configuration for node v2
 [INFO] Executing routing configuration for node x2
 [INFO] Executing ospf configuration for node probe
 [INFO] Executing bgp configuration for node x1
 [INFO] Executing bgp configuration for node v1
 [INFO] Executing bgp configuration for node v2
 [INFO] Executing bgp configuration for node vp
 [INFO] Executing bgp configuration for node x2
 [INFO] Executing bgp configuration for node probe
 [INFO] Executing bgp.policy configuration for node v2
 [INFO] Starting Ansible playbook to deploy the rest of the
          configurations
[WARNING]: Found variable using reserved name: hosts

PLAY [Deploy initial device configuration] *************************************

TASK [Set variables that cannot be set with VARS] ******************************
ok: [dut]

TASK [Normalize config on bridge-like devices] *********************************
included: /home/pipi/netlab_gh/netsim/ansible/tasks/deploy-module.yml for dut

TASK [Figure out whether to deploy the module normalize on current device] *****
ok: [dut]

TASK [Find configuration template for normalize] *******************************
ok: [dut]

TASK [fail] ********************************************************************
skipping: [dut]

TASK [Find configuration deployment deploy_script for normalize] ***************
ok: [dut]

TASK [Print deployed configuration when running in verbose mode] ***************
skipping: [dut]

TASK [Deploy normalize configuration] ******************************************
skipping: [dut]

TASK [Deploy initial configuration] ********************************************
included: /home/pipi/netlab_gh/netsim/ansible/tasks/deploy-module.yml for dut

TASK [Figure out whether to deploy the module initial on current device] *******
ok: [dut]

TASK [Find configuration template for initial] *********************************
ok: [dut]

TASK [fail] ********************************************************************
skipping: [dut]

TASK [Find configuration deployment deploy_script for initial] *****************
ok: [dut]

TASK [Print deployed configuration when running in verbose mode] ***************
ok: [dut] => {
    "msg": "initial configuration for dut\n=========================================\nsystem {\n  host-name dut;\n  static-host-mapping {\n    probe inet 10.0.0.2;\n    x1 inet 172.42.42.1;\n    x2 inet 172.42.43.1;\n    v1 inet 172.42.29.1;\n    v2 inet 172.42.29.1;\n    vp inet 10.0.0.7;\n  }\n}\n\n\n\n\npolicy-options {\n  community tg_65000_1 members target:65000:1;\n}\n\n\n\npolicy-options {\n  policy-statement vrf-customer-rt-export {\n    term 1 {\n      then {\n        community add tg_65000_1;\n        accept;\n      }\n    }\n  }\n\n\n  policy-statement vrf-customer-rt-import {\n    term 1 {\n      from community [ tg_65000_1 ];\n      then accept;\n    }\n    term default {\n      then reject;\n    }\n  }\n}\n\nrouting-instances {\n\n  customer {\n    instance-type vrf;\n    route-distinguisher 65000:1;\n\n    vrf-import vrf-customer-rt-import;\n    vrf-export vrf-customer-rt-export;\n\n    routing-options {\n      auto-export;\n    }\n\n    interface ge-0/0/3.0;\n    interface ge-0/0/4.0;\n    interface ge-0/0/5.0;\n\n  }\n\n}\ninterfaces {\n  ge-0/0/0 {\n    mtu 1514;\n  }\n  ge-0/0/1 {\n    mtu 1514;\n  }\n  ge-0/0/2 {\n    mtu 1514;\n  }\n  ge-0/0/3 {\n    mtu 1514;\n  }\n  ge-0/0/4 {\n    mtu 1514;\n  }\n  ge-0/0/5 {\n    mtu 1514;\n  }\n\n  lo0.0 {\n    \n      family inet {\n        address 10.0.0.1/32;\n      }\n      family inet6 {\n        address 2001:db8:1:1::1/64;\n      }\n    \n  }\n  ge-0/0/0.0 {\n    description \"dut -> x1 [external]\";\n    \n      family inet {\n        address 10.1.0.1/30;\n      }\n      family inet6 {\n        address 2001:db8:3::1/64;\n      }\n    \n  }\n  ge-0/0/1.0 {\n    description \"dut -> x2 [external]\";\n    \n      family inet {\n        address 10.1.0.5/30;\n      }\n      family inet6 {\n        address 2001:db8:3:1::1/64;\n      }\n    \n  }\n  ge-0/0/2.0 {\n    description \"dut -> probe\";\n    \n      family inet {\n        address 10.1.0.9/30;\n      }\n      family inet6 {\n        address 2001:db8:3:2::1/64;\n      }\n    \n  }\n  ge-0/0/3.0 {\n    description \"dut -> v1 [external]\";\n    \n      family inet {\n        address 10.1.0.13/30;\n      }\n      family inet6 {\n        address 2001:db8:3:3::1/64;\n      }\n    \n  }\n  ge-0/0/4.0 {\n    description \"dut -> v2 [external]\";\n    \n      family inet {\n        address 10.1.0.17/30;\n      }\n      family inet6 {\n        address 2001:db8:3:4::1/64;\n      }\n    \n  }\n  ge-0/0/5.0 {\n    description \"dut -> vp [external]\";\n    \n      family inet {\n        address 10.1.0.21/30;\n      }\n      family inet6 {\n        address 2001:db8:3:5::1/64;\n      }\n    \n  }\n}\nprotocols {\n  lldp {\n    interface fxp0 {\n      disable;\n    }\n    interface all;\n  }\n  router-advertisement {\n    interface ge-0/0/0.0;\n    interface ge-0/0/1.0;\n    interface ge-0/0/2.0;\n    interface ge-0/0/3.0;\n    interface ge-0/0/4.0;\n    interface ge-0/0/5.0;\n  }\n}\n"
}

TASK [Deploy initial configuration] ********************************************
included: /home/pipi/netlab_gh/netsim/ansible/tasks/deploy-config/junos.yml for dut

TASK [junos_config: deploying initial from /work/netlab_cicd/junos_c/node_files/dut/initial] ***
changed: [dut]

PLAY [Deploy module-specific configurations] ***********************************

TASK [Set variables that cannot be set with VARS] ******************************
ok: [dut]

TASK [Deploy individual configuration modules] *********************************
included: /home/pipi/netlab_gh/netsim/ansible/tasks/deploy-module.yml for dut => (item=routing)
included: /home/pipi/netlab_gh/netsim/ansible/tasks/deploy-module.yml for dut => (item=ospf)
included: /home/pipi/netlab_gh/netsim/ansible/tasks/deploy-module.yml for dut => (item=bgp)
included: /home/pipi/netlab_gh/netsim/ansible/tasks/deploy-module.yml for dut => (item=vrf)

TASK [Figure out whether to deploy the module routing on current device] *******
ok: [dut]

TASK [Find configuration template for routing] *********************************
ok: [dut]

TASK [fail] ********************************************************************
skipping: [dut]

TASK [Find configuration deployment deploy_script for routing] *****************
ok: [dut]

TASK [Print deployed configuration when running in verbose mode] ***************
ok: [dut] => {
    "msg": "routing configuration for dut\n=========================================\npolicy-options community x-route-permit-mark members large:65535:0:65536;\n\npolicy-options {\n  delete: policy-statement lp_17;\n}\n\npolicy-options {\n  policy-statement lp_17 {\n    term seq10 {\n      then local-preference 17;\n\n      then {\n        community add x-route-permit-mark;\n        next policy;\n      }\n    }\n\n\n    term default-reject {\n      then {\n        reject;\n      }\n    }\n\n  }\n}\npolicy-options {\n  delete: policy-statement lp_42;\n}\n\npolicy-options {\n  policy-statement lp_42 {\n    term seq10 {\n      then local-preference 42;\n\n      then {\n        community add x-route-permit-mark;\n        next policy;\n      }\n    }\n\n\n    term default-reject {\n      then {\n        reject;\n      }\n    }\n\n  }\n}\n\n"
}

TASK [Deploy routing configuration] ********************************************
included: /home/pipi/netlab_gh/netsim/ansible/tasks/deploy-config/junos.yml for dut

TASK [junos_config: deploying routing from /work/netlab_cicd/junos_c/node_files/dut/routing] ***
[WARNING]:  statement not found
changed: [dut]

TASK [Figure out whether to deploy the module ospf on current device] **********
ok: [dut]

TASK [Find configuration template for ospf] ************************************
ok: [dut]

TASK [fail] ********************************************************************
skipping: [dut]

TASK [Find configuration deployment deploy_script for ospf] ********************
ok: [dut]

TASK [Print deployed configuration when running in verbose mode] ***************
ok: [dut] => {
    "msg": "ospf configuration for dut\n=========================================\nrouting-options {\n  router-id 10.0.0.1\n}\nprotocols {\n  delete: ospf;\n}\n\nprotocols {\n  ospf {\n    area 0.0.0.0 {\n      interface lo0.0 {\n      }\n    }\n    area 0.0.0.0 {\n      interface ge-0/0/2.0 {\n        interface-type p2p;\n      }\n    }\n  }\n}\n\nprotocols {\n  delete: ospf3;\n}\n\nprotocols {\n  ospf3 {\n    area 0.0.0.0 {\n      interface lo0.0 {\n      }\n    }\n    area 0.0.0.0 {\n      interface ge-0/0/2.0 {\n        interface-type p2p;\n      }\n    }\n  }\n}\n\n"
}

TASK [Deploy ospf configuration] ***********************************************
included: /home/pipi/netlab_gh/netsim/ansible/tasks/deploy-config/junos.yml for dut

TASK [junos_config: deploying ospf from /work/netlab_cicd/junos_c/node_files/dut/ospf] ***
changed: [dut]

TASK [Figure out whether to deploy the module bgp on current device] ***********
ok: [dut]

TASK [Find configuration template for bgp] *************************************
ok: [dut]

TASK [fail] ********************************************************************
skipping: [dut]

TASK [Find configuration deployment deploy_script for bgp] *********************
ok: [dut]

TASK [Print deployed configuration when running in verbose mode] ***************
ok: [dut] => {
    "msg": "bgp configuration for dut\n=========================================\n\nrouting-options {\n  autonomous-system 65000;\n  router-id 10.0.0.1\n}\n\n\npolicy-options {\n  delete: policy-statement next-hop-ebgp-ipv4;\n  delete: policy-statement next-hop-all-ipv4;\n  delete: policy-statement next-hop-ebgp-ipv6;\n  delete: policy-statement next-hop-all-ipv6;\n\n  delete: policy-statement bgp-default-redistribute;\n  delete: route-filter-list bgp-default-announce-ipv4;\n  delete: route-filter-list bgp-default-announce-ipv6;\n\n  community x-route-permit-mark members large:65535:0:65536;\n\n  policy-statement bgp-final {\n    term final-option {\n      from community x-route-permit-mark;\n      then {\n        community delete x-route-permit-mark;\n        accept;\n      }\n    }\n    term default-reject {\n      then reject;\n    }\n  }\n\n  route-filter-list bgp-default-announce-ipv4 {\n    10.0.0.1/32 exact;\n  }\n  route-filter-list bgp-default-announce-ipv6 {\n    2001:db8:1:1::/64 exact;\n  }\n\n  policy-statement bgp-default-redistribute {\n    term advertise-ipv4 {\n      from {\n        route-filter-list bgp-default-announce-ipv4;\n      }\n      then {\n        community add x-route-permit-mark;\n        next policy;\n      }\n    }\n    term advertise-ipv6 {\n      from {\n        route-filter-list bgp-default-announce-ipv6;\n      }\n      then {\n        community add x-route-permit-mark;\n        next policy;\n      }\n    }\n\n    term redis_bgp {\n      from protocol bgp;\n      then {\n        community add x-route-permit-mark;\n        next policy;\n      }\n    }\n\n    term default {\n      then reject;\n    }\n  }\n\n\n  policy-statement next-hop-ebgp-ipv4 {\n    term next-hop-self-ipv4 {\n      from {\n        family inet;\n        route-type external;\n      }\n      then {\n        next-hop self;\n      }\n    }\n  }\n  policy-statement next-hop-all-ipv4 {\n    term next-hop-self-ipv4 {\n      from {\n        family inet;\n      }\n      then {\n        next-hop self;\n      }\n    }\n  }\n  policy-statement next-hop-ebgp-ipv6 {\n    term next-hop-self-ipv6 {\n      from {\n        family inet6;\n        route-type external;\n      }\n      then {\n        next-hop self;\n      }\n    }\n  }\n  policy-statement next-hop-all-ipv6 {\n    term next-hop-self-ipv6 {\n      from {\n        family inet6;\n      }\n      then {\n        next-hop self;\n      }\n    }\n  }\n\n  policy-statement bgp-initial {\n    term initial-cleanup {\n      from community x-route-permit-mark;\n      then {\n        community delete x-route-permit-mark;\n        next policy;\n      }\n    }\n  }\n\n}\nprotocols {\n  delete: bgp;\n}\nprotocols {\n  bgp {\n    group ibgp-peers-ipv4 {\n      type internal;\n      export [ \n          next-hop-ebgp-ipv4 next-hop-ebgp-ipv6 bgp-default-redistribute bgp-final\n        ];\n      advertise-inactive;\n      neighbor 10.0.0.2 {\n\n        local-address 10.0.0.1;\n        description probe;\n        family inet {\n          unicast;\n        }\n      }\n    }\n    group ibgp-peers-ipv6 {\n      type internal;\n      export [ \n          next-hop-ebgp-ipv4 next-hop-ebgp-ipv6 bgp-default-redistribute bgp-final\n        ];\n      advertise-inactive;\n      neighbor 2001:db8:1:2::1 {\n\n        local-address 2001:db8:1:1::1;\n        description probe;\n        family inet6 {\n          unicast;\n        }\n      }\n    }\n    group ebgp-peers {\n      export [ \n          bgp-default-redistribute bgp-final\n        ];\n      advertise-inactive;\n      neighbor 10.1.0.2 {\n        import [ bgp-initial lp_17 bgp-final ];\n\n        peer-as 65100;\n        description x1;\n        family inet {\n          unicast;\n        }\n      }\n      neighbor 2001:db8:3::2 {\n        import [ bgp-initial lp_17 bgp-final ];\n\n        peer-as 65100;\n        description x1;\n        family inet6 {\n          unicast;\n        }\n      }\n      neighbor 10.1.0.6 {\n        import [ bgp-initial lp_42 bgp-final ];\n\n        peer-as 65101;\n        description x2;\n        family inet {\n          unicast;\n        }\n      }\n      neighbor 2001:db8:3:1::2 {\n        import [ bgp-initial lp_42 bgp-final ];\n\n        peer-as 65101;\n        description x2;\n        family inet6 {\n          unicast;\n        }\n      }\n    }\n  }\n}\n"
}

TASK [Deploy bgp configuration] ************************************************
included: /home/pipi/netlab_gh/netsim/ansible/tasks/deploy-config/junos.yml for dut

TASK [junos_config: deploying bgp from /work/netlab_cicd/junos_c/node_files/dut/bgp] ***
changed: [dut]

TASK [Figure out whether to deploy the module vrf on current device] ***********
ok: [dut]

TASK [Find configuration template for vrf] *************************************
ok: [dut]

TASK [fail] ********************************************************************
skipping: [dut]

TASK [Find configuration deployment deploy_script for vrf] *********************
ok: [dut]

TASK [Print deployed configuration when running in verbose mode] ***************
ok: [dut] => {
    "msg": "vrf configuration for dut\n=========================================\n\n\npolicy-options {\n  delete: policy-statement bgp-customer-redistribute;\n  delete: route-filter-list bgp-customer-announce-ipv4;\n  delete: route-filter-list bgp-customer-announce-ipv6;\n\n  community x-route-permit-mark members large:65535:0:65536;\n\n  policy-statement bgp-final {\n    term final-option {\n      from community x-route-permit-mark;\n      then {\n        community delete x-route-permit-mark;\n        accept;\n      }\n    }\n    term default-reject {\n      then reject;\n    }\n  }\n\n\n  policy-statement bgp-customer-redistribute {\n\n    term redis_bgp {\n      from protocol bgp;\n      then {\n        community add x-route-permit-mark;\n        next policy;\n      }\n    }\n    term redist_connected {\n      from {\n        protocol direct;\n      }\n      then {\n        community add x-route-permit-mark;\n        next policy;\n      }\n    }\n\n    term default {\n      then reject;\n    }\n  }\n\n\n}\n\n\nrouting-instances {\n\n  customer {\n    routing-options {\n      autonomous-system 65000;\n      router-id 10.0.0.1\n    }\n\n    protocols {\n      bgp {\n\n        group ebgp-peers {\n          export [ bgp-customer-redistribute bgp-final ];\n          advertise-inactive;\n          neighbor 10.1.0.14 {\n        import [ bgp-initial lp_17 bgp-final ];\n\n            peer-as 65200;\n            description v1;\n          }\n          neighbor 2001:db8:3:3::2 {\n        import [ bgp-initial lp_17 bgp-final ];\n\n            peer-as 65200;\n            description v1;\n          }\n          neighbor 10.1.0.18 {\n        import [ bgp-initial lp_42 bgp-final ];\n\n            peer-as 65201;\n            description v2;\n          }\n          neighbor 2001:db8:3:4::2 {\n        import [ bgp-initial lp_42 bgp-final ];\n\n            peer-as 65201;\n            description v2;\n          }\n          neighbor 10.1.0.22 {\n\n            peer-as 65202;\n            description vp;\n          }\n          neighbor 2001:db8:3:5::2 {\n\n            peer-as 65202;\n            description vp;\n          }\n        }\n      }\n    }\n  }\n\n}\n"
}

TASK [Deploy vrf configuration] ************************************************
included: /home/pipi/netlab_gh/netsim/ansible/tasks/deploy-config/junos.yml for dut

TASK [junos_config: deploying vrf from /work/netlab_cicd/junos_c/node_files/dut/vrf] ***
changed: [dut]

PLAY [Deploy custom deployment templates] **************************************

TASK [Run custom configuration deployment scripts] *****************************
included: /home/pipi/netlab_gh/netsim/ansible/tasks/deploy-custom-config.yml for dut => (item=bgp.policy)

TASK [Find configuration template] *********************************************
ok: [dut]

TASK [fail] ********************************************************************
skipping: [dut]

TASK [Check is the configuration template is a file] ***************************
ok: [dut -> localhost]

TASK [fail] ********************************************************************
skipping: [dut]

TASK [Process template /work/netlab_cicd/junos_c/node_files/dut/bgp.policy for dut] ***
skipping: [dut]

TASK [debug] *******************************************************************
skipping: [dut]

TASK [debug] *******************************************************************
skipping: [dut]

TASK [Find custom configuration deployment script] *****************************
ok: [dut]

TASK [Run the configuration deployment script] *********************************
included: /home/pipi/netlab_gh/netsim/ansible/tasks/deploy-config/junos.yml for dut

TASK [junos_config: deploying bgp.policy from /work/netlab_cicd/junos_c/node_files/dut/bgp.policy] ***
ok: [dut]

PLAY RECAP *********************************************************************
dut                        : ok=47   changed=5    unreachable=0    failed=0    skipped=13   rescued=0    ignored=0   

Results of configuration script deployments
================================================================================
probe            Script:  initial,routing,ospf,bgp
x1               Script:  initial,routing,bgp
x2               Script:  initial,routing,bgp
v1               Script:  initial,routing,bgp
v2               Script:  initial,routing,bgp,bgp.policy
vp               Script:  initial,routing,bgp


Use this topology to test BGP local preference on IPv4 and IPv6 prefixes. DUT
has to set node-wide local preference on prefixes received from X1 and
neighbor-specific local preference on prefixes received from X2.

