Using transformed lab topology from snapshot file netlab.snapshot.pickle
Checking virtualization provider installation
OK: clab installed and working correctly
Starting clab nodes
provider clab: executing flock -E 42 /tmp/netlab.lock sudo -E containerlab deploy --reconfigure -t clab.yml
16:51:24 INFO Containerlab started version=0.75.0
16:51:24 INFO Parsing & checking topology file=clab.yml
16:51:24 INFO Removing directory path=/work/netlab_cicd/junos/clab-ml-31
16:51:24 INFO Creating docker network name=nl_mgmt_31 IPv4 subnet=192.168.31.0/24 IPv6 subnet="" MTU=0
16:51:24 WARN Node name will not resolve via DNS name=clab-ml-31-p_global reason="name contains invalid characters such as '.' and/or '_'"
16:51:24 WARN Node name will not resolve via DNS name=clab-ml-31-p_vrf reason="name contains invalid characters such as '.' and/or '_'"
16:51:25 INFO Creating lab directory path=/work/netlab_cicd/junos/clab-ml-31
16:51:25 INFO Creating container name=p_global
16:51:25 INFO Creating container name=p_vrf
16:51:25 INFO Creating container name=dut
16:51:25 INFO Created link: dut:eth1 ▪┄┄▪ p_global:eth1
16:51:25 INFO Created link: dut:eth2 ▪┄┄▪ p_vrf:eth1
16:51:26 INFO Executed command node=p_global command="sleep 1" stdout=""
16:51:26 INFO Executed command node=p_vrf command="sleep 1" stdout=""
16:51:26 INFO Adding host entries path=/etc/hosts
16:51:26 INFO Adding SSH config for nodes path=/etc/ssh/ssh_config.d/clab-ml-31.conf
[1m╭[0m[1m─────────────────────[0m[1m┬[0m[1m────────────────────────────────────────────[0m[1m┬[0m[1m────────────────────[0m[1m┬[0m[1m────────────────[0m[1m╮[0m
[1m│[0m[1m         Name        [0m[1m│[0m[1m                 Kind/Image                 [0m[1m│[0m[1m        State       [0m[1m│[0m[1m IPv4/6 Address [0m[1m│[0m
[1m├[0m[1m─────────────────────[0m[1m┼[0m[1m────────────────────────────────────────────[0m[1m┼[0m[1m────────────────────[0m[1m┼[0m[1m────────────────[0m[1m┤[0m
│ clab-ml-31-dut      │ juniper_vjunosswitch                       │ running            │ 192.168.31.101 │
│                     │ vrnetlab/juniper_vjunos-switch:23.4R2-S2.1 │ (health: starting) │ N/A            │
├─────────────────────┼────────────────────────────────────────────┼────────────────────┼────────────────┤
│ clab-ml-31-p_global │ linux                                      │ running            │ 192.168.31.102 │
│                     │ quay.io/frrouting/frr:10.6.1               │                    │ N/A            │
├─────────────────────┼────────────────────────────────────────────┼────────────────────┼────────────────┤
│ clab-ml-31-p_vrf    │ linux                                      │ running            │ 192.168.31.103 │
│                     │ quay.io/frrouting/frr:10.6.1               │                    │ N/A            │
╰─────────────────────┴────────────────────────────────────────────┴────────────────────┴────────────────╯

Initial configuration skipped, run 'netlab initial' to configure the devices
