Creating Device configuration snippets
[CREATED] dut: initial,routing,vrf
[CREATED] h1: initial,routing
[CREATED] h2: initial,routing
[CREATED] h3: initial,routing
[CREATED] v1: initial,routing
[CREATED] v2: initial,routing
[CREATED] v3: initial,routing
Checking Are lab devices ready to be configured?
 [INFO] Checking SSH server(s) on dut
[SSH]     SSH server on node dut (device vjunos-switch) is ready after 117.9 seconds
 [INFO] Checking lab devices with an Ansible playbook
[WARNING]: Found variable using reserved name: hosts

PLAY [Wait for SSH servers] ****************************************************

PLAY [Wait for device-specific conditions] *************************************

TASK [Set variables that cannot be set with VARS] ******************************
ok: [dut]

TASK [Find device readiness script] ********************************************
ok: [dut]

TASK [Wait for device to become ready] *****************************************
included: /home/pipi/netlab_gh/netsim/ansible/tasks/readiness-check/junos.yml for dut

TASK [set_fact] ****************************************************************
ok: [dut]

TASK [Wait for first interface (ge-0/0/0)] *************************************
ok: [dut]

PLAY RECAP *********************************************************************
dut                        : ok=5    changed=0    unreachable=0    failed=0    skipped=0    rescued=0    ignored=0   

Config Deploying device configurations
 [INFO] Executing initial configuration for node h1 (namespace clab-
          ml-81-h1)
 [INFO] Executing initial configuration for node h2 (namespace clab-
          ml-81-h2)
 [INFO] Executing initial configuration for node h3 (namespace clab-
          ml-81-h3)
 [INFO] Executing initial configuration for node v1 (namespace clab-
          ml-81-v1)
 [INFO] Executing initial configuration for node v2 (namespace clab-
          ml-81-v2)
 [INFO] Executing initial configuration for node v3 (namespace clab-
          ml-81-v3)
 [INFO] Executing routing configuration for node h1 (namespace clab-
          ml-81-h1)
 [INFO] Executing routing configuration for node h3 (namespace clab-
          ml-81-h3)
 [INFO] Executing routing configuration for node h2 (namespace clab-
          ml-81-h2)
 [INFO] Executing routing configuration for node v3 (namespace clab-
          ml-81-v3)
 [INFO] Executing routing configuration for node v1 (namespace clab-
          ml-81-v1)
 [INFO] Executing routing configuration for node v2 (namespace clab-
          ml-81-v2)
 [INFO] Starting Ansible playbook to deploy the rest of the
          configurations
[WARNING]: Found variable using reserved name: hosts

PLAY [Deploy initial device configuration] *************************************

TASK [Set variables that cannot be set with VARS] ******************************
ok: [dut]

TASK [Normalize config on bridge-like devices] *********************************
included: /home/pipi/netlab_gh/netsim/ansible/tasks/deploy-module.yml for dut

TASK [Figure out whether to deploy the module normalize on current device] *****
ok: [dut]

TASK [Find configuration template for normalize] *******************************
ok: [dut]

TASK [fail] ********************************************************************
skipping: [dut]

TASK [Find configuration deployment deploy_script for normalize] ***************
ok: [dut]

TASK [Print deployed configuration when running in verbose mode] ***************
skipping: [dut]

TASK [Deploy normalize configuration] ******************************************
skipping: [dut]

TASK [Deploy initial configuration] ********************************************
included: /home/pipi/netlab_gh/netsim/ansible/tasks/deploy-module.yml for dut

TASK [Figure out whether to deploy the module initial on current device] *******
ok: [dut]

TASK [Find configuration template for initial] *********************************
ok: [dut]

TASK [fail] ********************************************************************
skipping: [dut]

TASK [Find configuration deployment deploy_script for initial] *****************
ok: [dut]

TASK [Print deployed configuration when running in verbose mode] ***************
ok: [dut] => {
    "msg": "initial configuration for dut\n=========================================\nsystem {\n  host-name dut;\n  static-host-mapping {\n    h1 inet 172.16.0.2;\n    h2 inet 172.16.42.3;\n    h3 inet 172.16.42.42;\n    v1 inet 172.16.1.4;\n    v2 inet 172.16.42.5;\n    v3 inet 172.16.42.64;\n  }\n}\n\n\n\n\npolicy-options {\n  community tg_65000_1 members target:65000:1;\n}\n\n\n\npolicy-options {\n  policy-statement vrf-tenant-rt-export {\n    term 1 {\n      then {\n        community add tg_65000_1;\n        accept;\n      }\n    }\n  }\n\n\n  policy-statement vrf-tenant-rt-import {\n    term 1 {\n      from community [ tg_65000_1 ];\n      then accept;\n    }\n    term default {\n      then reject;\n    }\n  }\n}\n\nrouting-instances {\n\n  tenant {\n    instance-type vrf;\n    route-distinguisher 65000:1;\n\n    vrf-import vrf-tenant-rt-import;\n    vrf-export vrf-tenant-rt-export;\n\n    routing-options {\n      auto-export;\n    }\n\n    interface ge-0/0/2.0;\n    interface ge-0/0/3.0;\n\n  }\n\n}\ninterfaces {\n  ge-0/0/0 {\n    mtu 1514;\n  }\n  ge-0/0/1 {\n    mtu 1514;\n  }\n  ge-0/0/2 {\n    mtu 1514;\n  }\n  ge-0/0/3 {\n    mtu 1514;\n  }\n\n  lo0.0 {\n    \n      family inet {\n        address 10.0.0.1/32;\n      }\n      family inet6 {\n        address 2001:db8:1:1::1/64;\n      }\n    \n  }\n  ge-0/0/0.0 {\n    description \"dut -> h1 [stub]\";\n    \n      family inet {\n        address 172.16.0.1/24;\n      }\n      family inet6 {\n        address 2001:db8:2::1/64;\n      }\n    \n  }\n  ge-0/0/1.0 {\n    description \"dut -> [h2,h3] [stub]\";\n    \n      family inet {\n        address 172.16.42.1/24;\n      }\n      family inet6 {\n        address 2001:db8:cafe:42::1/64;\n      }\n    \n  }\n  ge-0/0/2.0 {\n    description \"dut -> v1 [stub]\";\n    \n      family inet {\n        address 172.16.1.1/24;\n      }\n      family inet6 {\n        address 2001:db8:2:1::1/64;\n      }\n    \n  }\n  ge-0/0/3.0 {\n    description \"dut -> [v2,v3] [stub]\";\n    \n      family inet {\n        address 172.16.42.1/24;\n      }\n      family inet6 {\n        address 2001:db8:cafe:42::1/64;\n      }\n    \n  }\n}\nprotocols {\n  lldp {\n    interface fxp0 {\n      disable;\n    }\n    interface all;\n  }\n  router-advertisement {\n    interface ge-0/0/0.0;\n    interface ge-0/0/1.0;\n    interface ge-0/0/2.0;\n    interface ge-0/0/3.0;\n  }\n}\n"
}

TASK [Deploy initial configuration] ********************************************
included: /home/pipi/netlab_gh/netsim/ansible/tasks/deploy-config/junos.yml for dut

TASK [junos_config: deploying initial from /work/netlab_cicd/junos_c/node_files/dut/initial] ***
changed: [dut]

PLAY [Deploy module-specific configurations] ***********************************

TASK [Set variables that cannot be set with VARS] ******************************
ok: [dut]

TASK [Deploy individual configuration modules] *********************************
included: /home/pipi/netlab_gh/netsim/ansible/tasks/deploy-module.yml for dut => (item=routing)
included: /home/pipi/netlab_gh/netsim/ansible/tasks/deploy-module.yml for dut => (item=vrf)

TASK [Figure out whether to deploy the module routing on current device] *******
ok: [dut]

TASK [Find configuration template for routing] *********************************
ok: [dut]

TASK [fail] ********************************************************************
skipping: [dut]

TASK [Find configuration deployment deploy_script for routing] *****************
ok: [dut]

TASK [Print deployed configuration when running in verbose mode] ***************
ok: [dut] => {
    "msg": "routing configuration for dut\n=========================================\npolicy-options community x-route-permit-mark members large:65535:0:65536;\n\n\n    routing-options {\n      static route 172.16.42.42/32 {\n        discard;\n      }\n        rib inet6.0 static route 2001:db8:cafe:42::2a/128 {\n          discard;\n        }\n    }\n\nrouting-instances {\n  tenant {\n\n    routing-options {\n      static route 172.16.42.64/32 {\n        discard;\n      }\n        rib tenant.inet6.0 static route 2001:db8:cafe:42::40/128 {\n          discard;\n        }\n    }\n\n  }\n}\n"
}

TASK [Deploy routing configuration] ********************************************
included: /home/pipi/netlab_gh/netsim/ansible/tasks/deploy-config/junos.yml for dut

TASK [junos_config: deploying routing from /work/netlab_cicd/junos_c/node_files/dut/routing] ***
changed: [dut]

TASK [Figure out whether to deploy the module vrf on current device] ***********
ok: [dut]

TASK [Find configuration template for vrf] *************************************
ok: [dut]

TASK [fail] ********************************************************************
skipping: [dut]

TASK [Find configuration deployment deploy_script for vrf] *********************
ok: [dut]

TASK [Print deployed configuration when running in verbose mode] ***************
ok: [dut] => {
    "msg": "vrf configuration for dut\n=========================================\n\n"
}

TASK [Deploy vrf configuration] ************************************************
included: /home/pipi/netlab_gh/netsim/ansible/tasks/deploy-config/junos.yml for dut

TASK [junos_config: deploying vrf from /work/netlab_cicd/junos_c/node_files/dut/vrf] ***
ok: [dut]

PLAY [Deploy custom deployment templates] **************************************
skipping: no hosts matched

PLAY RECAP *********************************************************************
dut                        : ok=27   changed=2    unreachable=0    failed=0    skipped=6    rescued=0    ignored=0   

Results of configuration script deployments
================================================================================
h1               Script:  initial,routing
h2               Script:  initial,routing
h3               Script:  initial,routing
v1               Script:  initial,routing
v2               Script:  initial,routing
v3               Script:  initial,routing


Use this topology to test 'discard' IPv4 and IPv6 static routes.
H1 should be able to reach H2 but not H3 (due to a discard static route)

