Using transformed lab topology from snapshot file netlab.snapshot.pickle
Checking virtualization provider installation
OK: clab installed and working correctly
Starting clab nodes
provider clab: executing sudo -E containerlab deploy --reconfigure -t clab.yml
11:52:57 INFO Containerlab started version=0.74.2
11:52:57 INFO Parsing & checking topology file=clab.yml
11:52:57 INFO Removing directory path=/work/netlab_cicd/junos_c/clab-ml-81
11:52:57 INFO Creating docker network name=nl_mgmt_81 IPv4 subnet=192.168.81.0/24 IPv6 subnet="" MTU=0
11:52:57 INFO Creating lab directory path=/work/netlab_cicd/junos_c/clab-ml-81
11:52:57 INFO Creating container name=h3
11:52:57 INFO Creating container name=v1
11:52:57 INFO Creating container name=v2
11:52:57 INFO Creating container name=dut
11:52:57 INFO Creating container name=v3
11:52:57 INFO Creating container name=h1
11:52:57 INFO Creating container name=h2
11:52:58 INFO Created link: dut:eth1 ▪┄┄▪ h1:eth1
11:52:59 INFO Created link: dut:eth2 ▪┄┄▪ ml-81_2:bni81n1i1
11:52:59 INFO Created link: h2:eth1 ▪┄┄▪ ml-81_2:bni81n3i1
11:52:59 INFO Created link: dut:eth3 ▪┄┄▪ v1:eth1
11:52:59 INFO Created link: h3:eth1 ▪┄┄▪ ml-81_2:bni81n42i1
11:52:59 INFO Created link: dut:eth4 ▪┄┄▪ ml-81_4:bni81n1i3
11:52:59 INFO Created link: v2:eth1 ▪┄┄▪ ml-81_4:bni81n5i1
11:52:59 INFO Created link: v3:eth1 ▪┄┄▪ ml-81_4:bni81n64i1
11:52:59 INFO Adding host entries path=/etc/hosts
11:52:59 INFO Adding SSH config for nodes path=/etc/ssh/ssh_config.d/clab-ml-81.conf
11:52:59 INFO containerlab version
  🎉=
  │ A newer containerlab version (0.74.3) is available!
  │ Release notes: https://containerlab.dev/rn/0.74/#0743
  │ Run 'clab version upgrade' or see https://containerlab.dev/install/ for other installation options.
[1m╭[0m[1m────────────────[0m[1m┬[0m[1m────────────────────────────────────────────[0m[1m┬[0m[1m────────────────────[0m[1m┬[0m[1m────────────────[0m[1m╮[0m
[1m│[0m[1m      Name      [0m[1m│[0m[1m                 Kind/Image                 [0m[1m│[0m[1m        State       [0m[1m│[0m[1m IPv4/6 Address [0m[1m│[0m
[1m├[0m[1m────────────────[0m[1m┼[0m[1m────────────────────────────────────────────[0m[1m┼[0m[1m────────────────────[0m[1m┼[0m[1m────────────────[0m[1m┤[0m
│ clab-ml-81-dut │ juniper_vjunosswitch                       │ running            │ 192.168.81.101 │
│                │ vrnetlab/juniper_vjunos-switch:23.4R2-S2.1 │ (health: starting) │ N/A            │
├────────────────┼────────────────────────────────────────────┼────────────────────┼────────────────┤
│ clab-ml-81-h1  │ linux                                      │ running            │ 192.168.81.102 │
│                │ python:3.13-alpine                         │                    │ N/A            │
├────────────────┼────────────────────────────────────────────┼────────────────────┼────────────────┤
│ clab-ml-81-h2  │ linux                                      │ running            │ 192.168.81.103 │
│                │ python:3.13-alpine                         │                    │ N/A            │
├────────────────┼────────────────────────────────────────────┼────────────────────┼────────────────┤
│ clab-ml-81-h3  │ linux                                      │ running            │ 192.168.81.142 │
│                │ python:3.13-alpine                         │                    │ N/A            │
├────────────────┼────────────────────────────────────────────┼────────────────────┼────────────────┤
│ clab-ml-81-v1  │ linux                                      │ running            │ 192.168.81.104 │
│                │ python:3.13-alpine                         │                    │ N/A            │
├────────────────┼────────────────────────────────────────────┼────────────────────┼────────────────┤
│ clab-ml-81-v2  │ linux                                      │ running            │ 192.168.81.105 │
│                │ python:3.13-alpine                         │                    │ N/A            │
├────────────────┼────────────────────────────────────────────┼────────────────────┼────────────────┤
│ clab-ml-81-v3  │ linux                                      │ running            │ 192.168.81.164 │
│                │ python:3.13-alpine                         │                    │ N/A            │
╰────────────────┴────────────────────────────────────────────┴────────────────────┴────────────────╯

Initial configuration skipped, run 'netlab initial' to configure the devices
