Creating Device configuration snippets
[CREATED] dut: normalize,initial,vlan
[CREATED] h1: initial,routing
[CREATED] h2: initial,routing
[CREATED] h3: initial,routing
Config Normalizing device configurations
[WARNING]: Found variable using reserved name: hosts

PLAY [Normalize device configurations] *****************************************

TASK [Set variables that cannot be set with VARS] ******************************
ok: [dut]

TASK [Normalize config on bridge-like devices] *********************************
included: /home/pipi/netlab_gh/netsim/ansible/tasks/deploy-module.yml for dut

TASK [Figure out whether to deploy the module normalize on current device] *****
ok: [dut]

TASK [Find configuration template for normalize] *******************************
ok: [dut]

TASK [fail] ********************************************************************
skipping: [dut]

TASK [Find configuration deployment deploy_script for normalize] ***************
ok: [dut]

TASK [Print deployed configuration when running in verbose mode] ***************
ok: [dut] => {
    "msg": "normalize configuration for dut\n=========================================\nconfigure vlan Default delete ports all\ndisable port 1\ndisable port 2\ndisable port 3\n"
}

TASK [Deploy normalize configuration] ******************************************
included: /home/pipi/netlab_gh/netsim/ansible/tasks/deploy-config/exos.yml for dut

TASK [exos_config: deploying normalize from /work/netlab_cicd/node_files/dut/normalize] ***
changed: [dut]

PLAY RECAP *********************************************************************
dut                        : ok=8    changed=1    unreachable=0    failed=0    skipped=1    rescued=0    ignored=0   

Config Deploying device configurations
 [INFO] Executing initial configuration for node h1 (namespace clab-
          ml-17-h1)
 [INFO] Executing initial configuration for node h2 (namespace clab-
          ml-17-h2)
 [INFO] Executing initial configuration for node h3 (namespace clab-
          ml-17-h3)
 [INFO] Executing routing configuration for node h2 (namespace clab-
          ml-17-h2)
 [INFO] Executing routing configuration for node h3 (namespace clab-
          ml-17-h3)
 [INFO] Executing routing configuration for node h1 (namespace clab-
          ml-17-h1)
 [INFO] Starting Ansible playbook to deploy the rest of the
          configurations
[WARNING]: Found variable using reserved name: hosts

PLAY [Deploy initial device configuration] *************************************

TASK [Set variables that cannot be set with VARS] ******************************
ok: [dut]

TASK [Deploy initial configuration] ********************************************
included: /home/pipi/netlab_gh/netsim/ansible/tasks/deploy-module.yml for dut

TASK [Figure out whether to deploy the module initial on current device] *******
ok: [dut]

TASK [Find configuration template for initial] *********************************
ok: [dut]

TASK [fail] ********************************************************************
skipping: [dut]

TASK [Find configuration deployment deploy_script for initial] *****************
ok: [dut]

TASK [Print deployed configuration when running in verbose mode] ***************
ok: [dut] => {
    "msg": "initial configuration for dut\n=========================================\nconfigure snmp sysName dut\n\nenable lldp ports all\ndisable lldp ports Mgmt\n\n\ncreate vlan \"red\" tag 700\n\ncreate vlan \"VLAN_LO0\"\nenable loopback-mode vlan VLAN_LO0\nconfigure vlan VLAN_LO0 ipaddress 10.0.0.132 255.255.255.255\nenable ipforwarding vlan VLAN_LO0\nconfigure vlan VLAN_LO0 ipaddress 2001:DB8:E001:84::1/64\nenable ipforwarding ipv6 vlan VLAN_LO0\ncreate vlan \"VLAN_P1\"\nconfigure vlan VLAN_P1 add ports 1 untagged\nconfigure ports 1 display-string dut_to_h3-stub\nenable router-discovery ipv6 vlan VLAN_P1\nconfigure vlan VLAN_P1 router-discovery ipv6 max-interval 5\nconfigure vlan VLAN_P1 router-discovery ipv6 min-interval 3\nconfigure vlan VLAN_P1 router-discovery ipv6 add prefix 2001:db8:cafe:1::/64\nconfigure vlan VLAN_P1 ipaddress 172.16.1.132 255.255.255.0\nenable ipforwarding vlan VLAN_P1\nconfigure vlan VLAN_P1 ipaddress 2001:DB8:CAFE:1::84/64\nenable ipforwarding ipv6 vlan VLAN_P1\nenable ports 1\nconfigure ports 2 display-string [Access_VLAN_red]_dut_to_h1\nenable ports 2\nconfigure ports 3 display-string [Access_VLAN_red]_dut_to_h2\nenable ports 3\nenable router-discovery ipv6 vlan red\nconfigure vlan red router-discovery ipv6 max-interval 5\nconfigure vlan red router-discovery ipv6 min-interval 3\nconfigure vlan red router-discovery ipv6 add prefix 2001:db8:cafe::/64\nconfigure vlan red ipaddress 172.16.0.132 255.255.255.0\nenable ipforwarding vlan red\nconfigure vlan red ipaddress 2001:DB8:CAFE::84/64\nenable ipforwarding ipv6 vlan red\n"
}

TASK [Deploy initial configuration] ********************************************
included: /home/pipi/netlab_gh/netsim/ansible/tasks/deploy-config/exos.yml for dut

TASK [exos_config: deploying initial from /work/netlab_cicd/node_files/dut/initial] ***
changed: [dut]

PLAY [Deploy module-specific configurations] ***********************************

TASK [Set variables that cannot be set with VARS] ******************************
ok: [dut]

TASK [Deploy individual configuration modules] *********************************
included: /home/pipi/netlab_gh/netsim/ansible/tasks/deploy-module.yml for dut => (item=vlan)
included: /home/pipi/netlab_gh/netsim/ansible/tasks/deploy-module.yml for dut => (item=routing)

TASK [Figure out whether to deploy the module vlan on current device] **********
ok: [dut]

TASK [Find configuration template for vlan] ************************************
ok: [dut]

TASK [fail] ********************************************************************
skipping: [dut]

TASK [Find configuration deployment deploy_script for vlan] ********************
ok: [dut]

TASK [Print deployed configuration when running in verbose mode] ***************
ok: [dut] => {
    "msg": "vlan configuration for dut\n=========================================\nconfigure vlan Default delete ports all\nconfigure vlan red add ports 2 untagged\nconfigure vlan red add ports 3 untagged\n"
}

TASK [Deploy vlan configuration] ***********************************************
included: /home/pipi/netlab_gh/netsim/ansible/tasks/deploy-config/exos.yml for dut

TASK [exos_config: deploying vlan from /work/netlab_cicd/node_files/dut/vlan] ***
changed: [dut]

TASK [Figure out whether to deploy the module routing on current device] *******
ok: [dut]

TASK [Find configuration template for routing] *********************************
skipping: [dut]

TASK [fail] ********************************************************************
skipping: [dut]

TASK [Find configuration deployment deploy_script for routing] *****************
skipping: [dut]

TASK [Print deployed configuration when running in verbose mode] ***************
skipping: [dut]

TASK [Deploy routing configuration] ********************************************
skipping: [dut]

PLAY [Deploy custom deployment templates] **************************************
skipping: no hosts matched

PLAY RECAP *********************************************************************
dut                        : ok=18   changed=2    unreachable=0    failed=0    skipped=7    rescued=0    ignored=0   

Results of configuration script deployments
================================================================================
h1               Script:  initial,routing
h2               Script:  initial,routing
h3               Script:  initial,routing


The device under test is a layer-3 switch bridging VLAN
between ports and having an IP address in the red VLAN

h1 and h2 should be able to ping dut and each other

