 [INFO] Adding native VLAN 1 to interface Ethernet1 on node s2
Warning in exos: Extreme EXOS reserves VLAN ID 1 for the built-in Default VLAN
... Renaming VLAN untagged to Default on node s1
... Set defaults.devices.exos.warnings.vlan.default_1 to False to hide this warning
[CONFIG]  h1: initial,routing,hosts
[CONFIG]  h2: initial,routing,hosts (shared)
[CONFIG]  h3: initial,routing,hosts (shared)
[CONFIG]  h4: initial,routing,hosts (shared)
[CONFIG]  h5: initial,routing,hosts (shared)
[CONFIG]  h6: initial,routing,hosts (shared)
[CONFIG]  s1: initial,vlan
[CONFIG]  s2: normalize,initial,vlan
Created provider configuration file: Vagrantfile
Creating configuration file for secondary provider clab
Created provider configuration file: clab-augment.yml
Created pickled transformed topology data into netlab.snapshot.pickle
Created group_vars for all
Created group_vars for modules
Created group_vars for linux
Created host_vars for h1, h2, h3, h4, h5, h6
Created group_vars for exos
Created host_vars for s1
Created group_vars for eos
Created host_vars for s2
Created minimized Ansible inventory hosts.yml
Created Ansible configuration file: ansible.cfg
