Creating Device configuration snippets
[CREATED] h1: initial,routing
[CREATED] h2: initial,routing
[CREATED] dut_s1: normalize,initial,vlan
[CREATED] dut_s2: normalize,initial,vlan
[CREATED] r1: initial
Config Normalizing device configurations
[WARNING]: Found variable using reserved name: hosts

PLAY [Normalize device configurations] *****************************************

TASK [Set variables that cannot be set with VARS] ******************************
ok: [dut_s1]
ok: [dut_s2]

TASK [Normalize config on bridge-like devices] *********************************
included: /home/pipi/netlab_gh/netsim/ansible/tasks/deploy-module.yml for dut_s1, dut_s2

TASK [Figure out whether to deploy the module normalize on current device] *****
ok: [dut_s1]
ok: [dut_s2]

TASK [Find configuration template for normalize] *******************************
ok: [dut_s1]
ok: [dut_s2]

TASK [fail] ********************************************************************
skipping: [dut_s1]
skipping: [dut_s2]

TASK [Find configuration deployment deploy_script for normalize] ***************
ok: [dut_s1]
ok: [dut_s2]

TASK [Print deployed configuration when running in verbose mode] ***************
ok: [dut_s1] => {
    "msg": "normalize configuration for dut_s1\n=========================================\nconfigure vlan Default delete ports all\ndisable port 1\ndisable port 2\ndisable port 3\n"
}
ok: [dut_s2] => {
    "msg": "normalize configuration for dut_s2\n=========================================\nconfigure vlan Default delete ports all\ndisable port 1\ndisable port 2\ndisable port 3\n"
}

TASK [Deploy normalize configuration] ******************************************
included: /home/pipi/netlab_gh/netsim/ansible/tasks/deploy-config/exos.yml for dut_s1, dut_s2

TASK [exos_config: deploying normalize from /work/netlab_cicd/node_files/dut_s1/normalize] ***
changed: [dut_s1]
changed: [dut_s2]

PLAY RECAP *********************************************************************
dut_s1                     : ok=8    changed=1    unreachable=0    failed=0    skipped=1    rescued=0    ignored=0   
dut_s2                     : ok=8    changed=1    unreachable=0    failed=0    skipped=1    rescued=0    ignored=0   

Config Deploying device configurations
 [INFO] Executing initial configuration for node h1 (namespace clab-
          ml-17-h1)
 [INFO] Executing initial configuration for node h2 (namespace clab-
          ml-17-h2)
 [INFO] Executing initial configuration for node r1
 [INFO] Executing routing configuration for node h2 (namespace clab-
          ml-17-h2)
 [INFO] Executing routing configuration for node h1 (namespace clab-
          ml-17-h1)
 [INFO] Starting Ansible playbook to deploy the rest of the
          configurations
[WARNING]: Found variable using reserved name: hosts

PLAY [Deploy initial device configuration] *************************************

TASK [Set variables that cannot be set with VARS] ******************************
ok: [dut_s1]
ok: [dut_s2]

TASK [Deploy initial configuration] ********************************************
included: /home/pipi/netlab_gh/netsim/ansible/tasks/deploy-module.yml for dut_s1, dut_s2

TASK [Figure out whether to deploy the module initial on current device] *******
ok: [dut_s2]
ok: [dut_s1]

TASK [Find configuration template for initial] *********************************
ok: [dut_s1]
ok: [dut_s2]

TASK [fail] ********************************************************************
skipping: [dut_s1]
skipping: [dut_s2]

TASK [Find configuration deployment deploy_script for initial] *****************
ok: [dut_s1]
ok: [dut_s2]

TASK [Print deployed configuration when running in verbose mode] ***************
ok: [dut_s2] => {
    "msg": "initial configuration for dut_s2\n=========================================\nconfigure snmp sysName dut-s2\n\nenable lldp ports all\ndisable lldp ports Mgmt\n\n\ncreate vlan \"red\" tag 700\ncreate vlan \"blue\" tag 701\n\ncreate vlan \"VLAN_LO0\"\nenable loopback-mode vlan VLAN_LO0\nconfigure vlan VLAN_LO0 ipaddress 10.0.0.4 255.255.255.255\nenable ipforwarding vlan VLAN_LO0\nconfigure ports 1 display-string dut_s2_to_dut_s1\nenable ports 1\nconfigure ports 2 display-string [Access_VLAN_red]_dut_s2_to_r1\nenable ports 2\nconfigure ports 3 display-string [Access_VLAN_blue]_dut_s2_to_r1\nenable ports 3\n"
}
ok: [dut_s1] => {
    "msg": "initial configuration for dut_s1\n=========================================\nconfigure snmp sysName dut-s1\n\nenable lldp ports all\ndisable lldp ports Mgmt\n\n\ncreate vlan \"red\" tag 700\ncreate vlan \"blue\" tag 701\n\ncreate vlan \"VLAN_LO0\"\nenable loopback-mode vlan VLAN_LO0\nconfigure vlan VLAN_LO0 ipaddress 10.0.0.3 255.255.255.255\nenable ipforwarding vlan VLAN_LO0\nconfigure ports 1 display-string dut_s1_to_dut_s2\nenable ports 1\nconfigure ports 2 display-string [Access_VLAN_red]_dut_s1_to_h1\nenable ports 2\nconfigure ports 3 display-string [Access_VLAN_blue]_dut_s1_to_h2\nenable ports 3\n"
}

TASK [Deploy initial configuration] ********************************************
included: /home/pipi/netlab_gh/netsim/ansible/tasks/deploy-config/exos.yml for dut_s1, dut_s2

TASK [exos_config: deploying initial from /work/netlab_cicd/node_files/dut_s1/initial] ***
changed: [dut_s2]
changed: [dut_s1]

PLAY [Deploy module-specific configurations] ***********************************

TASK [Set variables that cannot be set with VARS] ******************************
ok: [dut_s1]
ok: [dut_s2]

TASK [Deploy individual configuration modules] *********************************
included: /home/pipi/netlab_gh/netsim/ansible/tasks/deploy-module.yml for dut_s1, dut_s2 => (item=vlan)
included: /home/pipi/netlab_gh/netsim/ansible/tasks/deploy-module.yml for dut_s1, dut_s2 => (item=routing)

TASK [Figure out whether to deploy the module vlan on current device] **********
ok: [dut_s1]
ok: [dut_s2]

TASK [Find configuration template for vlan] ************************************
ok: [dut_s1]
ok: [dut_s2]

TASK [fail] ********************************************************************
skipping: [dut_s1]
skipping: [dut_s2]

TASK [Find configuration deployment deploy_script for vlan] ********************
ok: [dut_s1]
ok: [dut_s2]

TASK [Print deployed configuration when running in verbose mode] ***************
ok: [dut_s1] => {
    "msg": "vlan configuration for dut_s1\n=========================================\nconfigure vlan Default delete ports all\nconfigure vlan blue add ports 1 tagged\nconfigure vlan red add ports 1 tagged\nconfigure vlan red add ports 2 untagged\nconfigure vlan blue add ports 3 untagged\n"
}
ok: [dut_s2] => {
    "msg": "vlan configuration for dut_s2\n=========================================\nconfigure vlan Default delete ports all\nconfigure vlan blue add ports 1 tagged\nconfigure vlan red add ports 1 tagged\nconfigure vlan red add ports 2 untagged\nconfigure vlan blue add ports 3 untagged\n"
}

TASK [Deploy vlan configuration] ***********************************************
included: /home/pipi/netlab_gh/netsim/ansible/tasks/deploy-config/exos.yml for dut_s1, dut_s2

TASK [exos_config: deploying vlan from /work/netlab_cicd/node_files/dut_s1/vlan] ***
changed: [dut_s2]
changed: [dut_s1]

TASK [Figure out whether to deploy the module routing on current device] *******
ok: [dut_s1]
ok: [dut_s2]

TASK [Find configuration template for routing] *********************************
skipping: [dut_s1]
skipping: [dut_s2]

TASK [fail] ********************************************************************
skipping: [dut_s1]
skipping: [dut_s2]

TASK [Find configuration deployment deploy_script for routing] *****************
skipping: [dut_s1]
skipping: [dut_s2]

TASK [Print deployed configuration when running in verbose mode] ***************
skipping: [dut_s1]
skipping: [dut_s2]

TASK [Deploy routing configuration] ********************************************
skipping: [dut_s1]
skipping: [dut_s2]

PLAY [Deploy custom deployment templates] **************************************
skipping: no hosts matched

PLAY RECAP *********************************************************************
dut_s1                     : ok=18   changed=2    unreachable=0    failed=0    skipped=7    rescued=0    ignored=0   
dut_s2                     : ok=18   changed=2    unreachable=0    failed=0    skipped=7    rescued=0    ignored=0   

Results of configuration script deployments
================================================================================
h1               Script:  initial,routing
h2               Script:  initial,routing
r1               Script:  initial


The devices under test are simple bridges with a VLAN trunk between them.
An external router with two interfaces (one per VLAN) is attached to one of them.

* h1 and h2 should be able to ping each other

Please note it might take a while for the lab to work due to
STP learning phase

