Using transformed lab topology from snapshot file netlab.snapshot.pickle
Checking virtualization provider installation
OK: libvirt installed and working correctly
OK: clab installed and working correctly
Starting libvirt nodes
creating libvirt management network nl_mgmt_17
provider libvirt: executing vagrant up --provider libvirt
Bringing machine 's1' up with 'libvirt' provider...
Bringing machine 's2' up with 'libvirt' provider...
Bringing machine 's3' up with 'libvirt' provider...
Bringing machine 's4' up with 'libvirt' provider...
==> s2: Checking if box 'netlab/frr' version '10.5.1' is up to date...
[fog][WARNING] Unrecognized arguments: libvirt_ip_command
==> s2: Creating image (snapshot of base box volume).
==> s2: Creating domain with the following settings...
==> s2:  -- Name:              ml-17_s2
==> s1: Checking if box 'netlab/exos' version '33.1.1' is up to date...
==> s2:  -- Description:       Source: /work/netlab_cicd/Vagrantfile
==> s2:  -- Domain type:       kvm
[fog][WARNING] Unrecognized arguments: libvirt_ip_command
==> s2:  -- Cpus:              1
==> s1: Creating image (snapshot of base box volume).
==> s2:  -- Feature:           acpi
==> s1: Creating domain with the following settings...
==> s1:  -- Name:              ml-17_s1
==> s2:  -- Feature:           apic
==> s1:  -- Description:       Source: /work/netlab_cicd/Vagrantfile
==> s2:  -- Feature:           pae
==> s1:  -- Domain type:       kvm
==> s2:  -- Clock offset:      utc
==> s1:  -- Cpus:              1
==> s2:  -- Memory:            1024M
==> s1:  -- Feature:           acpi
==> s1:  -- Feature:           apic
==> s1:  -- Feature:           pae
==> s1:  -- Clock offset:      utc
==> s1:  -- Memory:            512M
==> s2:  -- Management MAC:    ca:fe:00:02:00:00
==> s1:  -- Management MAC:    ca:fe:00:01:00:00
==> s2:  -- Base box:          netlab/frr
==> s1:  -- Base box:          netlab/exos
==> s2:  -- Storage pool:      default
==> s1:  -- Storage pool:      default
==> s2:  -- Image(vda):        /var/lib/libvirt/images/ml-17_s2.img, virtio, 3G
==> s1:  -- Image(vda):        /var/lib/libvirt/images/ml-17_s1.img, virtio, 4G
==> s2:  -- Disk driver opts:  cache='default'
==> s2:  -- Graphics Type:     vnc
==> s1:  -- Disk driver opts:  cache='default'
==> s2:  -- Video Type:        cirrus
==> s1:  -- Graphics Type:     vnc
==> s2:  -- Video VRAM:        16384
==> s1:  -- Video Type:        cirrus
==> s2:  -- Video 3D accel:    false
==> s1:  -- Video VRAM:        16384
==> s2:  -- Keymap:            en-us
==> s1:  -- Video 3D accel:    false
==> s2:  -- TPM Backend:       passthrough
==> s1:  -- Keymap:            en-us
==> s2:  -- INPUT:             type=mouse, bus=ps2
==> s1:  -- TPM Backend:       passthrough
==> s1:  -- INPUT:             type=mouse, bus=ps2
==> s4: Checking if box 'netlab/frr' version '10.5.1' is up to date...
[fog][WARNING] Unrecognized arguments: libvirt_ip_command
==> s4: Creating image (snapshot of base box volume).
==> s4: Creating domain with the following settings...
==> s4:  -- Name:              ml-17_s4
==> s4:  -- Description:       Source: /work/netlab_cicd/Vagrantfile
==> s3: Checking if box 'netlab/frr' version '10.5.1' is up to date...
==> s4:  -- Domain type:       kvm
==> s4:  -- Cpus:              1
[fog][WARNING] Unrecognized arguments: libvirt_ip_command
==> s4:  -- Feature:           acpi
==> s3: Creating image (snapshot of base box volume).
==> s4:  -- Feature:           apic
==> s3: Creating domain with the following settings...
==> s4:  -- Feature:           pae
==> s3:  -- Name:              ml-17_s3
==> s4:  -- Clock offset:      utc
==> s3:  -- Description:       Source: /work/netlab_cicd/Vagrantfile
==> s4:  -- Memory:            1024M
==> s3:  -- Domain type:       kvm
==> s4:  -- Management MAC:    ca:fe:00:04:00:00
==> s3:  -- Cpus:              1
==> s4:  -- Base box:          netlab/frr
==> s3:  -- Feature:           acpi
==> s4:  -- Storage pool:      default
==> s3:  -- Feature:           apic
==> s4:  -- Image(vda):        /var/lib/libvirt/images/ml-17_s4.img, virtio, 3G
==> s3:  -- Feature:           pae
==> s4:  -- Disk driver opts:  cache='default'
==> s3:  -- Clock offset:      utc
==> s4:  -- Graphics Type:     vnc
==> s3:  -- Memory:            1024M
==> s4:  -- Video Type:        cirrus
==> s3:  -- Management MAC:    ca:fe:00:03:00:00
==> s4:  -- Video VRAM:        16384
==> s3:  -- Base box:          netlab/frr
==> s4:  -- Video 3D accel:    false
==> s3:  -- Storage pool:      default
==> s4:  -- Keymap:            en-us
==> s3:  -- Image(vda):        /var/lib/libvirt/images/ml-17_s3.img, virtio, 3G
==> s4:  -- TPM Backend:       passthrough
==> s3:  -- Disk driver opts:  cache='default'
==> s4:  -- INPUT:             type=mouse, bus=ps2
==> s3:  -- Graphics Type:     vnc
==> s3:  -- Video Type:        cirrus
==> s3:  -- Video VRAM:        16384
==> s3:  -- Video 3D accel:    false
==> s3:  -- Keymap:            en-us
==> s3:  -- TPM Backend:       passthrough
==> s3:  -- INPUT:             type=mouse, bus=ps2
==> s2: Creating shared folders metadata...
==> s1: Creating shared folders metadata...
==> s2: Starting domain.
==> s1: Starting domain.
==> s2: Domain launching with graphics connection settings...
==> s1: Domain launching with graphics connection settings...
==> s2:  -- Graphics Port:      5900
==> s1:  -- Graphics Port:      5901
==> s2:  -- Graphics IP:        127.0.0.1
==> s1:  -- Graphics IP:        127.0.0.1
==> s2:  -- Graphics Password:  Not defined
==> s1:  -- Graphics Password:  Not defined
==> s2:  -- Graphics Websocket: 5700
==> s1:  -- Graphics Websocket: 5701
==> s2: Waiting for domain to get an IP address...
==> s1: Waiting for domain to get an IP address...
==> s4: Creating shared folders metadata...
==> s4: Starting domain.
==> s4: Domain launching with graphics connection settings...
==> s4:  -- Graphics Port:      5902
==> s4:  -- Graphics IP:        127.0.0.1
==> s4:  -- Graphics Password:  Not defined
==> s4:  -- Graphics Websocket: 5702
==> s4: Waiting for domain to get an IP address...
==> s3: Creating shared folders metadata...
==> s3: Starting domain.
==> s3: Domain launching with graphics connection settings...
==> s3:  -- Graphics Port:      5903
==> s3:  -- Graphics IP:        127.0.0.1
==> s3:  -- Graphics Password:  Not defined
==> s3:  -- Graphics Websocket: 5703
==> s3: Waiting for domain to get an IP address...
==> s2: Waiting for machine to boot. This may take a few minutes...
    s2: SSH address: 192.168.17.102:22
    s2: SSH username: vagrant
    s2: SSH auth method: private key
    s2: Warning: Connection refused. Retrying...
    s2: 
    s2: Vagrant insecure key detected. Vagrant will automatically replace
    s2: this with a newly generated keypair for better security.
==> s4: Waiting for machine to boot. This may take a few minutes...
    s4: SSH address: 192.168.17.104:22
    s4: SSH username: vagrant
    s4: SSH auth method: private key
    s4: Warning: Connection refused. Retrying...
    s4: 
    s4: Vagrant insecure key detected. Vagrant will automatically replace
    s4: this with a newly generated keypair for better security.
==> s3: Waiting for machine to boot. This may take a few minutes...
    s3: SSH address: 192.168.17.103:22
    s3: SSH username: vagrant
    s3: SSH auth method: private key
    s3: Warning: Connection refused. Retrying...
    s3: 
    s3: Vagrant insecure key detected. Vagrant will automatically replace
    s3: this with a newly generated keypair for better security.
    s2: 
    s2: Inserting generated public key within guest...
    s2: Removing insecure key from the guest if it's present...
    s2: Key inserted! Disconnecting and reconnecting using new SSH key...
    s4: 
    s4: Inserting generated public key within guest...
==> s2: Machine booted and ready!
    s4: Removing insecure key from the guest if it's present...
    s3: 
    s3: Inserting generated public key within guest...
==> s2: Running provisioner: shell...
    s4: Key inserted! Disconnecting and reconnecting using new SSH key...
    s2: Running: inline script
    s3: Removing insecure key from the guest if it's present...
    s2: Setting password for user Vagrant
    s2: Enabling SSH password authentication
    s2: /usr/lib/frr/frrinit.sh
    s2: FRR already installed, skipping installation
==> s4: Machine booted and ready!
    s3: Key inserted! Disconnecting and reconnecting using new SSH key...
==> s4: Running provisioner: shell...
    s4: Running: inline script
    s4: Setting password for user Vagrant
    s4: Enabling SSH password authentication
==> s3: Machine booted and ready!
    s4: /usr/lib/frr/frrinit.sh
    s4: FRR already installed, skipping installation
==> s3: Running provisioner: shell...
    s3: Running: inline script
    s3: Setting password for user Vagrant
    s3: Enabling SSH password authentication
    s3: /usr/lib/frr/frrinit.sh
    s3: FRR already installed, skipping installation
==> s1: Waiting for machine to boot. This may take a few minutes...
    s1: SSH address: 192.168.17.101:22
    s1: SSH username: admin
    s1: SSH auth method: password
==> s1: Machine booted and ready!
Starting clab nodes
Recreating clab-augment.yml configuration file for clab provider
Created provider configuration file: clab-augment.yml
provider clab: executing sudo -E containerlab deploy --reconfigure -t clab-augment.yml
09:58:49 INFO Containerlab started version=0.74.2
09:58:49 INFO Parsing & checking topology file=clab-augment.yml
09:58:49 INFO Removing directory path=/work/netlab_cicd/clab-ml-17
09:58:49 INFO Creating docker network name=nl_mgmt_17 IPv4 subnet=192.168.17.0/24 IPv6 subnet="" MTU=0
09:58:49 INFO Creating lab directory path=/work/netlab_cicd/clab-ml-17
09:58:49 INFO Creating container name=r2
09:58:49 INFO Creating container name=r4
09:58:49 INFO Creating container name=d1
09:58:49 INFO Creating container name=d3
09:58:49 INFO Creating container name=r1
09:58:49 INFO Creating container name=r3
09:58:49 INFO Creating container name=d2
09:58:49 INFO Creating container name=d4
09:58:50 INFO Created link: r1:eth1 ▪┄┄▪ virbr6:bni17n5i1
09:58:50 INFO Created link: r2:eth1 ▪┄┄▪ virbr2:bni17n6i1
09:58:50 INFO Created link: r4:eth1 ▪┄┄▪ virbr8:bni17n8i1
09:58:50 INFO Created link: d2:eth1 ▪┄┄▪ virbr3:bni17n10i1
09:58:50 INFO Created link: r3:eth1 ▪┄┄▪ virbr10:bni17n7i1
09:58:51 INFO Created link: d4:eth1 ▪┄┄▪ virbr9:bni17n12i1
09:58:51 INFO Created link: d3:eth1 ▪┄┄▪ virbr11:bni17n11i1
09:58:51 INFO Created link: d1:eth1 ▪┄┄▪ virbr7:bni17n9i1
09:58:51 INFO Adding host entries path=/etc/hosts
09:58:51 INFO Adding SSH config for nodes path=/etc/ssh/ssh_config.d/clab-ml-17.conf
09:58:51 INFO containerlab version
  🎉=
  │ A newer containerlab version (0.74.3) is available!
  │ Release notes: https://containerlab.dev/rn/0.74/#0743
  │ Run 'clab version upgrade' or see https://containerlab.dev/install/ for other installation options.
[1m╭[0m[1m───────────────[0m[1m┬[0m[1m────────────────────[0m[1m┬[0m[1m─────────[0m[1m┬[0m[1m────────────────[0m[1m╮[0m
[1m│[0m[1m      Name     [0m[1m│[0m[1m     Kind/Image     [0m[1m│[0m[1m  State  [0m[1m│[0m[1m IPv4/6 Address [0m[1m│[0m
[1m├[0m[1m───────────────[0m[1m┼[0m[1m────────────────────[0m[1m┼[0m[1m─────────[0m[1m┼[0m[1m────────────────[0m[1m┤[0m
│ clab-ml-17-d1 │ linux              │ running │ 192.168.17.109 │
│               │ python:3.13-alpine │         │ N/A            │
├───────────────┼────────────────────┼─────────┼────────────────┤
│ clab-ml-17-d2 │ linux              │ running │ 192.168.17.110 │
│               │ python:3.13-alpine │         │ N/A            │
├───────────────┼────────────────────┼─────────┼────────────────┤
│ clab-ml-17-d3 │ linux              │ running │ 192.168.17.111 │
│               │ python:3.13-alpine │         │ N/A            │
├───────────────┼────────────────────┼─────────┼────────────────┤
│ clab-ml-17-d4 │ linux              │ running │ 192.168.17.112 │
│               │ python:3.13-alpine │         │ N/A            │
├───────────────┼────────────────────┼─────────┼────────────────┤
│ clab-ml-17-r1 │ linux              │ running │ 192.168.17.105 │
│               │ python:3.13-alpine │         │ N/A            │
├───────────────┼────────────────────┼─────────┼────────────────┤
│ clab-ml-17-r2 │ linux              │ running │ 192.168.17.106 │
│               │ python:3.13-alpine │         │ N/A            │
├───────────────┼────────────────────┼─────────┼────────────────┤
│ clab-ml-17-r3 │ linux              │ running │ 192.168.17.107 │
│               │ python:3.13-alpine │         │ N/A            │
├───────────────┼────────────────────┼─────────┼────────────────┤
│ clab-ml-17-r4 │ linux              │ running │ 192.168.17.108 │
│               │ python:3.13-alpine │         │ N/A            │
╰───────────────┴────────────────────┴─────────┴────────────────╯

Initial configuration skipped, run 'netlab initial' to configure the devices
