Checking virtualization provider installation
OK: libvirt installed and working correctly
OK: clab installed and working correctly
Stopping clab nodes
09:58:56 INFO Parsing & checking topology file=clab-augment.yml
09:58:56 INFO Parsing & checking topology file=clab-augment.yml
09:58:56 INFO Destroying lab name=ml-17
09:58:57 INFO Removed container name=clab-ml-17-d3
09:58:57 INFO Removed container name=clab-ml-17-d1
09:58:57 INFO Removed container name=clab-ml-17-r4
09:58:58 INFO Removed container name=clab-ml-17-r1
09:58:58 INFO Removed container name=clab-ml-17-r2
09:58:58 INFO Removed container name=clab-ml-17-d4
09:58:58 INFO Removed container name=clab-ml-17-d2
09:58:58 INFO Removed container name=clab-ml-17-r3
09:58:58 INFO Removing host entries path=/etc/hosts
09:58:58 INFO Removing SSH config path=/etc/ssh/ssh_config.d/clab-ml-17.conf

Stopping libvirt nodes
[fog][WARNING] Unrecognized arguments: libvirt_ip_command
[fog][WARNING] Unrecognized arguments: libvirt_ip_command
[fog][WARNING] Unrecognized arguments: libvirt_ip_command
[fog][WARNING] Unrecognized arguments: libvirt_ip_command
==> s4: Removing domain...
==> s4: Deleting the machine folder
==> s3: Removing domain...
==> s3: Deleting the machine folder
==> s2: Removing domain...
==> s2: Deleting the machine folder
==> s1: Removing domain...
==> s1: Deleting the machine folder
Cleanup configuration files
... removing Vagrantfile
... removing clab-augment.yml
... removing ansible.cfg
... removing hosts.yml
... removing directory tree group_vars
... removing directory tree host_vars
... removing directory tree node_files
... removing netlab.snapshot.pickle
