Creating Device configuration snippets
[CREATED] dut: normalize,initial,ripv2
[CREATED] x1: initial,ripv2
[CREATED] x2: initial,ripv2
Checking Are lab devices ready to be configured?
 [INFO] Checking SSH server(s) on dut
[SSH]     SSH server on node dut (device ioll2) is ready after 7.3 seconds
Config Normalizing device configurations
netmiko:  [INFO] Sent normalize configuration to dut
Config Deploying device configurations
 [INFO] Executing initial configuration for node x1
 [INFO] Executing initial configuration for node x2
 [INFO] Executing ripv2 configuration for node x2
 [INFO] Executing ripv2 configuration for node x1
netmiko:  [INFO] Sent initial configuration to dut
netmiko:  [INFO] Sent ripv2 configuration to dut

Results of configuration script deployments
================================================================================
dut              Script:  normalize,initial,ripv2
x1               Script:  initial,ripv2
x2               Script:  initial,ripv2


This lab tests the basic RIPng deployment. The device under test has two
RIPng interfaces and has to exchange RIPng routes over both of them.

