Creating Device configuration snippets
[CREATED] dut: normalize,initial,routing,ripv2,ospf,bgp
[CREATED] x1: initial,bgp
[CREATED] r2: initial,ospf
[CREATED] r3: initial,ripv2
Checking Are lab devices ready to be configured?
 [INFO] Checking SSH server(s) on dut
[SSH]     SSH server on node dut (device ioll2) is ready after 7.4 seconds
Config Normalizing device configurations
netmiko:  [INFO] Sent normalize configuration to dut
Config Deploying device configurations
 [INFO] Executing initial configuration for node x1
 [INFO] Executing initial configuration for node r2
 [INFO] Executing initial configuration for node r3
 [INFO] Executing ospf configuration for node r2
 [INFO] Executing bgp configuration for node x1
 [INFO] Executing ripv2 configuration for node r3
netmiko:  [INFO] Sent initial configuration to dut
netmiko:  [INFO] Sent routing configuration to dut
netmiko:  [INFO] Sent ripv2 configuration to dut
netmiko:  [INFO] Sent ospf configuration to dut
netmiko:  [INFO] Sent bgp configuration to dut

Results of configuration script deployments
================================================================================
dut              Script:  normalize,initial,routing,ripv2,ospf,bgp
x1               Script:  initial,bgp
r2               Script:  initial,ospf
r3               Script:  initial,ripv2


Use this topology to test the two-way redistribution between RIPv2 and
OSPFv2/OSPFv3/BGP The topology also tests redistribution of static routes into
RIPv2 (when supported by the device-under-test)

