Checking virtualization provider installation
OK: clab installed and working correctly
Stopping clab nodes
 [INFO] Setting containerlab runtime to docker
provider clab: executing flock -E 42 /tmp/netlab.lock containerlab destroy --cleanup -t clab.yml
07:49:37 INFO Parsing & checking topology file=clab.yml
07:49:37 INFO Parsing & checking topology file=clab.yml
07:49:37 INFO Destroying lab name=ml-17
07:49:37 INFO Removed container name=clab-ml-17-r2
07:49:37 INFO Removed container name=clab-ml-17-r1
07:49:37 INFO Removed container name=clab-ml-17-r4
07:49:37 INFO Removed container name=clab-ml-17-r3
07:49:38 INFO Removed container name=clab-ml-17-dut
07:49:38 INFO Removing host entries path=/etc/hosts
07:49:38 INFO Removing SSH config path=/etc/ssh/ssh_config.d/clab-ml-17.conf
Cleanup configuration files
... removing clab.yml
... removing ansible.cfg
... removing hosts.yml
... removing directory tree group_vars
... removing directory tree host_vars
... removing directory tree node_files
... removing netlab.snapshot.pickle
