Creating Device configuration snippets
[CREATED] dut_r1: initial,ospf,vrf,tunnel.gre
[CREATED] dut_r2: initial,ospf,vrf,tunnel.gre
[CREATED] r3: initial,ospf
Config Deploying device configurations
 [INFO] Executing initial configuration for node dut_r1
 [INFO] Executing initial configuration for node dut_r2
 [INFO] Executing initial configuration for node r3
 [INFO] Executing ospf configuration for node dut_r2
 [INFO] Executing vrf configuration for node dut_r2
 [INFO] Executing tunnel.gre configuration for node dut_r2
 [INFO] Executing ospf configuration for node r3
 [INFO] Executing ospf configuration for node dut_r1
 [INFO] Executing vrf configuration for node dut_r1
 [INFO] Executing tunnel.gre configuration for node dut_r1

Results of configuration script deployments
================================================================================
dut_r1           Script:  initial,ospf,vrf,tunnel.gre
dut_r2           Script:  initial,ospf,vrf,tunnel.gre
r3               Script:  initial,ospf


Test the GRE tunnels. The two tested devices have a GRE tunnel in a
transport VRF and run (global) OSPF over it. The probe should receive
an OSPF route advertised from the remote device (DUT_R1) and be able
to ping its loopback.

