Creating Device configuration snippets
[CREATED] dut_r1: initial,ospf,vrf,tunnel.wireguard
[CREATED] dut_r2: initial,ospf,vrf,tunnel.wireguard
[CREATED] r3: initial,ospf
Config Deploying device configurations
 [INFO] Executing initial configuration for node dut_r1
 [INFO] Executing initial configuration for node dut_r2
 [INFO] Executing initial configuration for node r3
 [INFO] Executing ospf configuration for node dut_r1
 [INFO] Executing vrf configuration for node dut_r1
 [INFO] Executing tunnel.wireguard configuration for node dut_r1
 [INFO] Executing ospf configuration for node dut_r2
 [INFO] Executing vrf configuration for node dut_r2
 [INFO] Executing tunnel.wireguard configuration for node dut_r2
 [INFO] Executing ospf configuration for node r3

Results of configuration script deployments
================================================================================
dut_r1           Script:  initial,ospf,vrf,tunnel.wireguard
dut_r2           Script:  initial,ospf,vrf,tunnel.wireguard
r3               Script:  initial,ospf


Test dual-stack WireGuard tunnels in a transport VRF. The two tested devices
have a WireGuard tunnel in the transport VRF carrying both IPv4 and IPv6 and
run (global) OSPFv2 and OSPFv3 over it. The probe should receive the routes
advertised from the remote device (DUT_R1) and be able to ping its loopback
over both address families.

