Using transformed lab topology from snapshot file netlab.snapshot.pickle
Checking virtualization provider installation
OK: clab installed and working correctly
Starting clab nodes
Loading Linux kernel modules mpls-router,mpls-iptunnel required by containers using sr module
provider clab: executing flock -E 42 /tmp/netlab.lock sudo -E containerlab deploy --reconfigure -t clab.yml
20:16:51 INFO Containerlab started version=0.75.0
20:16:51 INFO Parsing & checking topology file=clab.yml
20:16:51 INFO Removing directory path=/work/netlab_cicd/clab-ml-17
20:16:51 INFO Creating docker network name=nl_mgmt_17 IPv4 subnet=192.168.17.0/24 IPv6 subnet="" MTU=0
20:16:51 INFO Creating lab directory path=/work/netlab_cicd/clab-ml-17
20:16:51 INFO Creating container name=h2
20:16:51 INFO Creating container name=pe2
20:16:51 INFO Creating container name=p1
20:16:51 INFO Creating container name=h1
20:16:51 INFO Creating container name=p2
20:16:51 INFO Creating container name=dut
20:16:52 INFO Created link: p1:eth2 ▪┄┄▪ p2:eth1
20:16:52 INFO Created link: pe2:eth1 ▪┄┄▪ p2:eth2
20:16:52 INFO Created link: h1:eth1 ▪┄┄▪ dut:e1-1
20:16:52 INFO Created link: h2:eth1 ▪┄┄▪ pe2:eth2
20:16:52 INFO Created link: dut:e1-2 ▪┄┄▪ p1:eth1
20:16:52 INFO Running postdeploy actions kind=srl node=dut
20:17:04 INFO Executed command node=p1 command="sleep 1" stdout=""
20:17:04 INFO Executed command node=pe2 command="sleep 1" stdout=""
20:17:04 INFO Executed command node=p2 command="sleep 1" stdout=""
20:17:04 INFO Adding host entries path=/etc/hosts
20:17:04 INFO Adding SSH config for nodes path=/etc/ssh/ssh_config.d/clab-ml-17.conf
20:17:04 INFO containerlab version
  🎉=
  │ A newer containerlab version (0.76.0) is available!
  │ Release notes: https://containerlab.dev/rn/0.76/
  │ Run 'clab version upgrade' or see https://containerlab.dev/install/ for other installation options.
[1m╭[0m[1m────────────────[0m[1m┬[0m[1m──────────────────────────────[0m[1m┬[0m[1m─────────[0m[1m┬[0m[1m────────────────[0m[1m╮[0m
[1m│[0m[1m      Name      [0m[1m│[0m[1m          Kind/Image          [0m[1m│[0m[1m  State  [0m[1m│[0m[1m IPv4/6 Address [0m[1m│[0m
[1m├[0m[1m────────────────[0m[1m┼[0m[1m──────────────────────────────[0m[1m┼[0m[1m─────────[0m[1m┼[0m[1m────────────────[0m[1m┤[0m
│ clab-ml-17-dut │ srl                          │ running │ 192.168.17.103 │
│                │ ghcr.io/nokia/srlinux:26.3.2 │         │ N/A            │
├────────────────┼──────────────────────────────┼─────────┼────────────────┤
│ clab-ml-17-h1  │ linux                        │ running │ 192.168.17.101 │
│                │ python:3.13-alpine           │         │ N/A            │
├────────────────┼──────────────────────────────┼─────────┼────────────────┤
│ clab-ml-17-h2  │ linux                        │ running │ 192.168.17.102 │
│                │ python:3.13-alpine           │         │ N/A            │
├────────────────┼──────────────────────────────┼─────────┼────────────────┤
│ clab-ml-17-p1  │ linux                        │ running │ 192.168.17.105 │
│                │ quay.io/frrouting/frr:10.6.1 │         │ N/A            │
├────────────────┼──────────────────────────────┼─────────┼────────────────┤
│ clab-ml-17-p2  │ linux                        │ running │ 192.168.17.106 │
│                │ quay.io/frrouting/frr:10.6.1 │         │ N/A            │
├────────────────┼──────────────────────────────┼─────────┼────────────────┤
│ clab-ml-17-pe2 │ linux                        │ running │ 192.168.17.104 │
│                │ quay.io/frrouting/frr:10.6.1 │         │ N/A            │
╰────────────────┴──────────────────────────────┴─────────┴────────────────╯

Initial configuration skipped, run 'netlab initial' to configure the devices
