Checking virtualization provider installation
OK: clab installed and working correctly
Stopping clab nodes
provider clab: executing flock -E 42 /tmp/netlab.lock sudo -E containerlab destroy --cleanup -t clab.yml
12:48:53 INFO Parsing & checking topology file=clab.yml
12:48:53 WARN Deprecation notice
  notice=
  │ You are using a deprecated SR Linux node type name. Consider using a new format with dashes. Example: ixr-d2l, ixr-h5-64d, etc.
  │ Deprecated type format will be removed after January 2026
 deprecated type=ixr6
12:48:53 INFO Parsing & checking topology file=clab.yml
12:48:53 WARN Deprecation notice
  notice=
  │ You are using a deprecated SR Linux node type name. Consider using a new format with dashes. Example: ixr-d2l, ixr-h5-64d, etc.
  │ Deprecated type format will be removed after January 2026
 deprecated type=ixr6
12:48:53 INFO Destroying lab name=ml-17
12:48:54 INFO Removed container name=clab-ml-17-h1
12:48:54 INFO Removed container name=clab-ml-17-h2
12:48:54 INFO Removed container name=clab-ml-17-dut
12:48:54 INFO Removed container name=clab-ml-17-p1
12:48:54 INFO Removed container name=clab-ml-17-pe2
12:48:54 INFO Removed container name=clab-ml-17-p2
12:48:54 INFO Removing host entries path=/etc/hosts
12:48:54 INFO Removing SSH config path=/etc/ssh/ssh_config.d/clab-ml-17.conf
Cleanup configuration files
... removing clab.yml
... removing ansible.cfg
... removing hosts.yml
... removing directory tree group_vars
... removing directory tree host_vars
... removing directory tree node_files
... removing netlab.snapshot.pickle
