Checking virtualization provider installation
OK: clab installed and working correctly
Stopping clab nodes
05:00:09 INFO Parsing & checking topology file=clab.yml
05:00:09 INFO Parsing & checking topology file=clab.yml
05:00:09 INFO Destroying lab name=ml-17
05:00:10 INFO Removed container name=clab-ml-17-pe2
05:00:11 INFO Removed container name=clab-ml-17-p2
05:00:11 INFO Removed container name=clab-ml-17-pe1
05:00:11 INFO Removed container name=clab-ml-17-h2
05:00:11 INFO Removed container name=clab-ml-17-h1
05:00:11 INFO Removed container name=clab-ml-17-dut
05:00:11 INFO Removing host entries path=/etc/hosts
05:00:11 INFO Removing SSH config path=/etc/ssh/ssh_config.d/clab-ml-17.conf
Cleanup configuration files
... removing clab.yml
... removing ansible.cfg
... removing hosts.yml
... removing directory tree group_vars
... removing directory tree host_vars
... removing directory tree node_files
... removing netlab.snapshot.pickle
