bird:  [INFO] Control-plane daemon on node dut will have to wait for
          vxlan data-plane configuration
... Set defaults.devices.bird.warnings.dataplane_config to False to hide this message
[CONFIG]  h1: initial,routing,hosts
[CONFIG]  h2: initial,routing,hosts (shared)
[CONFIG]  h3: initial,routing,hosts (shared)
[CONFIG]  h4: initial,routing,hosts (shared)
[CONFIG]  h1a: initial,routing,hosts (shared)
[CONFIG]  h3a: initial,routing,hosts (shared)
[CONFIG]  dut: initial,vlan,vxlan,bird,ospf,hosts (shared),dataplane-wait
[CONFIG]  s2: initial,vlan,vxlan,ospf,daemons,hosts (shared)
Created provider configuration file: clab.yml
Created pickled transformed topology data into netlab.snapshot.pickle
Created group_vars for all
Created group_vars for modules
Created group_vars for linux
Created host_vars for h1, h2, h3, h4, h1a, h3a
Created group_vars for bird
Created host_vars for dut
Created group_vars for frr
Created host_vars for s2
Created minimized Ansible inventory hosts.yml
Created Ansible configuration file: ansible.cfg
