bird:  [INFO] Control-plane daemon on node s1 will have to wait for
          vxlan data-plane configuration
... Set defaults.devices.bird.warnings.dataplane_config to False to hide this message
bird:  [INFO] Control-plane daemon on node s2 will have to wait for
          vxlan data-plane configuration
... Set defaults.devices.bird.warnings.dataplane_config to False to hide this message
[CONFIG]  h1: initial,routing,hosts
[CONFIG]  h2: initial,routing,hosts (shared)
[CONFIG]  h3: initial,routing,hosts (shared)
[CONFIG]  h4: initial,routing,hosts (shared)
[CONFIG]  h5: initial,routing,hosts (shared)
[CONFIG]  h6: initial,routing,hosts (shared)
[CONFIG]  h1a: initial,routing,hosts (shared)
[CONFIG]  h2a: initial,routing,hosts (shared)
[CONFIG]  h4a: initial,routing,hosts (shared)
[CONFIG]  h5a: initial,routing,hosts (shared)
[CONFIG]  s1: initial,vlan,vxlan,bird,ospf,hosts (shared),dataplane-wait
[CONFIG]  s2: initial,vlan,vxlan,bird,ospf,hosts (shared),dataplane-wait
[CONFIG]  s3: initial,vlan,vxlan,ospf,daemons,hosts (shared)
Created provider configuration file: clab.yml
Created pickled transformed topology data into netlab.snapshot.pickle
Created group_vars for all
Created group_vars for modules
Created group_vars for linux
Created host_vars for h1, h2, h3, h4, h5, h6, h1a, h2a, h4a, h5a
Created group_vars for bird
Created host_vars for s1, s2
Created group_vars for frr
Created host_vars for s3
Created minimized Ansible inventory hosts.yml
Created Ansible configuration file: ansible.cfg
