Creating Device configuration snippets
[CREATED] dut: initial,vlan,ospf,vrf,vxlan
[CREATED] l2sw: initial,vlan,vxlan,ospf
[CREATED] h1: initial,routing
[CREATED] h2: initial,routing
Config Deploying device configurations
 [INFO] Executing initial configuration for node dut (namespace clab-
          ml-17-dut)
 [INFO] Executing initial configuration for node l2sw
 [INFO] Executing initial configuration for node h1 (namespace clab-
          ml-17-h1)
 [INFO] Executing initial configuration for node h2 (namespace clab-
          ml-17-h2)
 [INFO] Executing routing configuration for node h1 (namespace clab-
          ml-17-h1)
 [INFO] Executing routing configuration for node h2 (namespace clab-
          ml-17-h2)
 [INFO] Executing vlan configuration for node dut (namespace clab-
          ml-17-dut)
 [INFO] Executing vrf configuration for node dut
 [INFO] Executing vlan configuration for node l2sw
 [INFO] Executing vxlan configuration for node dut
 [INFO] Executing vxlan configuration for node l2sw
 [INFO] Executing ospf configuration for node l2sw

Results of configuration script deployments
================================================================================
dut              Script:  initial,vlan,vrf,vxlan
l2sw             Script:  initial,vlan,vxlan,ospf
h1               Script:  initial,routing
h2               Script:  initial,routing


The device under test is a VXLAN router-on-a-stick. This tests check
VXLAN-to-VXLAN routing.

* h1 and h2 should be able to ping each other

