Creating Device configuration snippets
[CREATED] dut: initial,ospf
[CREATED] x1: initial,ospf
[CREATED] x2: initial,ospf
[CREATED] x3: initial,ospf
Config Deploying device configurations
 [INFO] Executing initial configuration for node x1
 [INFO] Executing initial configuration for node x2
 [INFO] Executing initial configuration for node x3
 [INFO] Executing ospf configuration for node x1
 [INFO] Executing ospf configuration for node x2
 [INFO] Executing ospf configuration for node x3
 [INFO] Starting Ansible playbook to deploy the rest of the
          configurations
[WARNING]: Found variable using reserved name: hosts

PLAY [Deploy initial device configuration] *************************************

TASK [Set variables that cannot be set with VARS] ******************************
ok: [dut]

TASK [Deploy initial configuration] ********************************************
included: /home/pipi/netlab_gh/netsim/ansible/tasks/deploy-module.yml for dut

TASK [Figure out whether to deploy the module initial on current device] *******
ok: [dut]

TASK [Find configuration template for initial] *********************************
ok: [dut]

TASK [fail] ********************************************************************
skipping: [dut]

TASK [Find configuration deployment deploy_script for initial] *****************
ok: [dut]

TASK [Print deployed configuration when running in verbose mode] ***************
ok: [dut] => {
    "msg": "initial configuration for dut\n=========================================\n\n/system/identity set name=\"dut\"\n\n/interface/bridge add name=loopback protocol-mode=none\n\n# Host entries\n/ip/dns/static add name=x1 address=10.0.0.2\n/ip/dns/static add name=x2 address=10.0.0.3\n/ip/dns/static add name=x3 address=10.0.0.4\n\n/ip/address add interface=loopback address=10.0.0.1/32\n\n\n\n\n/interface/ethernet set comment=\"dut -> x1\" ether2\n/interface/ethernet set mtu=1500 ether2\n/ip/address add interface=ether2 address=10.1.0.1/30\n/ip/address set [find where interface=ether2] comment=\"dut -> x1\"\n\n/interface/ethernet set comment=\"dut -> x2\" ether3\n/interface/ethernet set mtu=1500 ether3\n/ip/address add interface=ether3 address=10.1.0.5/30\n/ip/address set [find where interface=ether3] comment=\"dut -> x2\"\n\n/interface/ethernet set comment=\"dut -> x3\" ether4\n/interface/ethernet set mtu=1500 ether4\n/ip/address add interface=ether4 address=10.1.0.9/30\n/ip/address set [find where interface=ether4] comment=\"dut -> x3\"\n\n/ip/neighbor/discovery-settings set discover-interface-list=all\n"
}

TASK [Deploy initial configuration] ********************************************
included: /home/pipi/netlab_gh/netsim/ansible/tasks/deploy-config/routeros7.yml for dut

TASK [load initial from /work/netlab_cicd/node_files/dut/initial] **************
ok: [dut]

TASK [Run commands on CHR] *****************************************************
changed: [dut]

PLAY [Deploy module-specific configurations] ***********************************

TASK [Set variables that cannot be set with VARS] ******************************
ok: [dut]

TASK [Deploy individual configuration modules] *********************************
included: /home/pipi/netlab_gh/netsim/ansible/tasks/deploy-module.yml for dut => (item=ospf)

TASK [Figure out whether to deploy the module ospf on current device] **********
ok: [dut]

TASK [Find configuration template for ospf] ************************************
ok: [dut]

TASK [fail] ********************************************************************
skipping: [dut]

TASK [Find configuration deployment deploy_script for ospf] ********************
ok: [dut]

TASK [Print deployed configuration when running in verbose mode] ***************
ok: [dut] => {
    "msg": "ospf configuration for dut\n=========================================\n\n\n/routing/ospf/instance add name=default4 version=2 router-id=10.0.0.1 vrf=main\n\n/routing/ospf/area add instance=default4 name=\"main_2_0.0.0.0\" area-id=0.0.0.0\n/routing/ospf/area add instance=default4 name=\"main_2_0.0.0.2\" area-id=0.0.0.2\n/routing/ospf/area add instance=default4 name=\"main_2_0.0.0.3\" area-id=0.0.0.3\n\n/routing/ospf/interface-template add area=[/routing ospf area find area-id=0.0.0.2 and instance=default4] interface=loopback \n/routing/ospf/interface-template add area=[/routing ospf area find area-id=0.0.0.0 and instance=default4] interface=ether2 type=ptp\n/routing/ospf/interface-template add area=[/routing ospf area find area-id=0.0.0.2 and instance=default4] interface=ether3 type=ptp\n/routing/ospf/interface-template add area=[/routing ospf area find area-id=0.0.0.3 and instance=default4] interface=ether4 type=ptp\n\n"
}

TASK [Deploy ospf configuration] ***********************************************
included: /home/pipi/netlab_gh/netsim/ansible/tasks/deploy-config/routeros7.yml for dut

TASK [load ospf from /work/netlab_cicd/node_files/dut/ospf] ********************
ok: [dut]

TASK [Run commands on CHR] *****************************************************
changed: [dut]

PLAY [Deploy custom deployment templates] **************************************
skipping: no hosts matched

PLAY RECAP *********************************************************************
dut                        : ok=18   changed=2    unreachable=0    failed=0    skipped=2    rescued=0    ignored=0   

Results of configuration script deployments
================================================================================
x1               Script:  initial,ospf
x2               Script:  initial,ospf
x3               Script:  initial,ospf


This lab tests the OSPF areas. The device under test has three interfaces
in three different areas and the loopback interface in one of those areas.

