Using transformed lab topology from snapshot file netlab.snapshot.pickle
Checking virtualization provider installation
OK: clab installed and working correctly
Starting clab nodes
provider clab: executing flock -E 42 /tmp/netlab.lock sudo -E containerlab deploy --reconfigure -t clab.yml
05:49:02 INFO Containerlab started version=0.75.0
05:49:02 INFO Parsing & checking topology file=clab.yml
05:49:02 INFO Removing directory path=/work/netlab_cicd/clab-ml-17
05:49:02 INFO Creating docker network name=nl_mgmt_17 IPv4 subnet=192.168.17.0/24 IPv6 subnet="" MTU=0
05:49:02 WARN Node name will not resolve via DNS name=clab-ml-17-dut_a reason="name contains invalid characters such as '.' and/or '_'"
05:49:02 WARN Node name will not resolve via DNS name=clab-ml-17-dut_c reason="name contains invalid characters such as '.' and/or '_'"
05:49:02 INFO Creating lab directory path=/work/netlab_cicd/clab-ml-17
05:49:03 INFO Creating container name=probe
05:49:03 INFO Creating container name=xf
05:49:03 INFO Creating container name=dut_c
05:49:03 INFO Creating container name=dut_a
05:49:03 INFO Created link: dut_c:et1 ▪┄┄▪ probe:eth2
05:49:03 INFO Created link: dut_c:et2 ▪┄┄▪ xf:eth1
05:49:03 INFO Running postdeploy actions for Arista cEOS 'dut_c' node
05:49:04 INFO Created link: dut_a:et1 ▪┄┄▪ probe:eth1
05:49:04 INFO Running postdeploy actions for Arista cEOS 'dut_a' node
05:49:28 INFO Executed command node=xf command="sleep 1" stdout=""
05:49:28 INFO Executed command node=probe command="sleep 1" stdout=""
05:49:28 INFO Adding host entries path=/etc/hosts
05:49:28 INFO Adding SSH config for nodes path=/etc/ssh/ssh_config.d/clab-ml-17.conf
05:49:28 INFO containerlab version
  🎉=
  │ A newer containerlab version (0.76.0) is available!
  │ Release notes: https://containerlab.dev/rn/0.76/
  │ Run 'clab version upgrade' or see https://containerlab.dev/install/ for other installation options.
[1m╭[0m[1m──────────────────[0m[1m┬[0m[1m──────────────────────────────[0m[1m┬[0m[1m─────────[0m[1m┬[0m[1m────────────────[0m[1m╮[0m
[1m│[0m[1m       Name       [0m[1m│[0m[1m          Kind/Image          [0m[1m│[0m[1m  State  [0m[1m│[0m[1m IPv4/6 Address [0m[1m│[0m
[1m├[0m[1m──────────────────[0m[1m┼[0m[1m──────────────────────────────[0m[1m┼[0m[1m─────────[0m[1m┼[0m[1m────────────────[0m[1m┤[0m
│ clab-ml-17-dut_a │ ceos                         │ running │ 192.168.17.101 │
│                  │ ceos:4.35.2F                 │         │ N/A            │
├──────────────────┼──────────────────────────────┼─────────┼────────────────┤
│ clab-ml-17-dut_c │ ceos                         │ running │ 192.168.17.102 │
│                  │ ceos:4.35.2F                 │         │ N/A            │
├──────────────────┼──────────────────────────────┼─────────┼────────────────┤
│ clab-ml-17-probe │ linux                        │ running │ 192.168.17.103 │
│                  │ quay.io/frrouting/frr:10.6.1 │         │ N/A            │
├──────────────────┼──────────────────────────────┼─────────┼────────────────┤
│ clab-ml-17-xf    │ linux                        │ running │ 192.168.17.104 │
│                  │ quay.io/frrouting/frr:10.6.1 │         │ N/A            │
╰──────────────────┴──────────────────────────────┴─────────┴────────────────╯

Initial configuration skipped, run 'netlab initial' to configure the devices
