Using transformed lab topology from snapshot file netlab.snapshot.pickle
Checking virtualization provider installation
OK: clab installed and working correctly
Starting clab nodes
provider clab: executing flock -E 42 /tmp/netlab.lock sudo -E containerlab deploy --reconfigure -t clab.yml
05:51:51 INFO Containerlab started version=0.75.0
05:51:51 INFO Parsing & checking topology file=clab.yml
05:51:51 INFO Removing directory path=/work/netlab_cicd/clab-ml-17
05:51:51 INFO Creating docker network name=nl_mgmt_17 IPv4 subnet=192.168.17.0/24 IPv6 subnet="" MTU=0
05:51:51 INFO Creating lab directory path=/work/netlab_cicd/clab-ml-17
05:51:51 INFO Creating container name=x1
05:51:51 INFO Creating container name=x2
05:51:51 INFO Creating container name=dut
05:51:52 INFO Created link: dut:et2 ▪┄┄▪ ml-17_2:bni17n1i2
05:51:52 INFO Running postdeploy actions for Arista cEOS 'dut' node
05:51:52 INFO Created link: x1:eth2 ▪┄┄▪ ml-17_2:bni17n2i2
05:51:52 INFO Created link: dut:et1 ▪┄┄▪ ml-17_1:bni17n1i1
05:51:52 INFO Created link: x1:eth1 ▪┄┄▪ ml-17_1:bni17n2i1
05:51:52 INFO Created link: x2:eth2 ▪┄┄▪ ml-17_2:bni17n3i2
05:51:52 INFO Created link: x2:eth1 ▪┄┄▪ ml-17_1:bni17n3i1
05:52:07 INFO Executed command node=x2 command="sleep 1" stdout=""
05:52:07 INFO Executed command node=x1 command="sleep 1" stdout=""
05:52:07 INFO Adding host entries path=/etc/hosts
05:52:07 INFO Adding SSH config for nodes path=/etc/ssh/ssh_config.d/clab-ml-17.conf
05:52:07 INFO containerlab version
  🎉=
  │ A newer containerlab version (0.76.0) is available!
  │ Release notes: https://containerlab.dev/rn/0.76/
  │ Run 'clab version upgrade' or see https://containerlab.dev/install/ for other installation options.
[1m╭[0m[1m────────────────[0m[1m┬[0m[1m──────────────────────────────[0m[1m┬[0m[1m─────────[0m[1m┬[0m[1m────────────────[0m[1m╮[0m
[1m│[0m[1m      Name      [0m[1m│[0m[1m          Kind/Image          [0m[1m│[0m[1m  State  [0m[1m│[0m[1m IPv4/6 Address [0m[1m│[0m
[1m├[0m[1m────────────────[0m[1m┼[0m[1m──────────────────────────────[0m[1m┼[0m[1m─────────[0m[1m┼[0m[1m────────────────[0m[1m┤[0m
│ clab-ml-17-dut │ ceos                         │ running │ 192.168.17.101 │
│                │ ceos:4.35.2F                 │         │ N/A            │
├────────────────┼──────────────────────────────┼─────────┼────────────────┤
│ clab-ml-17-x1  │ linux                        │ running │ 192.168.17.102 │
│                │ quay.io/frrouting/frr:10.6.1 │         │ N/A            │
├────────────────┼──────────────────────────────┼─────────┼────────────────┤
│ clab-ml-17-x2  │ linux                        │ running │ 192.168.17.103 │
│                │ quay.io/frrouting/frr:10.6.1 │         │ N/A            │
╰────────────────┴──────────────────────────────┴─────────┴────────────────╯

Initial configuration skipped, run 'netlab initial' to configure the devices
