Using transformed lab topology from snapshot file netlab.snapshot.pickle
Checking virtualization provider installation
OK: clab installed and working correctly
Starting clab nodes
provider clab: executing sudo -E containerlab deploy --reconfigure -t clab.yml
09:31:37 INFO Containerlab started version=0.74.2
09:31:37 INFO Parsing & checking topology file=clab.yml
09:31:37 INFO Removing directory path=/work/netlab_cicd/other_c/clab-ml-85
09:31:37 INFO Creating docker network name=nl_mgmt_85 IPv4 subnet=192.168.85.0/24 IPv6 subnet="" MTU=0
09:31:37 INFO Creating lab directory path=/work/netlab_cicd/other_c/clab-ml-85
09:31:37 INFO Creating container name=v2
09:31:37 INFO Creating container name=r11
09:31:37 INFO Creating container name=r22
09:31:37 INFO Creating container name=v1
09:31:37 INFO Creating container name=rb
09:31:37 INFO Creating container name=r12
09:31:37 INFO Creating container name=r21
09:31:37 INFO Creating container name=dut
09:31:39 INFO Created link: dut:et1 ▪┄┄▪ r11:eth1
09:31:39 INFO Created link: dut:et2 ▪┄┄▪ r12:eth1
09:31:39 INFO Created link: dut:et3 ▪┄┄▪ r21:eth1
09:31:39 INFO Created link: dut:et4 ▪┄┄▪ r22:eth1
09:31:39 INFO Created link: dut:et5 ▪┄┄▪ rb:eth1
09:31:39 INFO Created link: dut:et6 ▪┄┄▪ v1:eth1
09:31:39 INFO Created link: dut:et7 ▪┄┄▪ v2:eth1
09:31:39 INFO Running postdeploy actions for Arista cEOS 'dut' node
09:31:59 INFO Executed command node=r12 command="sleep 1" stdout=""
09:31:59 INFO Executed command node=r21 command="sleep 1" stdout=""
09:31:59 INFO Executed command node=v2 command="sleep 1" stdout=""
09:31:59 INFO Executed command node=v1 command="sleep 1" stdout=""
09:31:59 INFO Executed command node=r22 command="sleep 1" stdout=""
09:31:59 INFO Executed command node=r11 command="sleep 1" stdout=""
09:31:59 INFO Executed command node=rb command="sleep 1" stdout=""
09:31:59 INFO Adding host entries path=/etc/hosts
09:31:59 INFO Adding SSH config for nodes path=/etc/ssh/ssh_config.d/clab-ml-85.conf
09:31:59 INFO containerlab version
  🎉=
  │ A newer containerlab version (0.74.3) is available!
  │ Release notes: https://containerlab.dev/rn/0.74/#0743
  │ Run 'clab version upgrade' or see https://containerlab.dev/install/ for other installation options.
[1m╭[0m[1m────────────────[0m[1m┬[0m[1m──────────────────────────────[0m[1m┬[0m[1m─────────[0m[1m┬[0m[1m────────────────[0m[1m╮[0m
[1m│[0m[1m      Name      [0m[1m│[0m[1m          Kind/Image          [0m[1m│[0m[1m  State  [0m[1m│[0m[1m IPv4/6 Address [0m[1m│[0m
[1m├[0m[1m────────────────[0m[1m┼[0m[1m──────────────────────────────[0m[1m┼[0m[1m─────────[0m[1m┼[0m[1m────────────────[0m[1m┤[0m
│ clab-ml-85-dut │ ceos                         │ running │ 192.168.85.101 │
│                │ ceos:4.35.2F                 │         │ N/A            │
├────────────────┼──────────────────────────────┼─────────┼────────────────┤
│ clab-ml-85-r11 │ linux                        │ running │ 192.168.85.103 │
│                │ quay.io/frrouting/frr:10.2.2 │         │ N/A            │
├────────────────┼──────────────────────────────┼─────────┼────────────────┤
│ clab-ml-85-r12 │ linux                        │ running │ 192.168.85.104 │
│                │ quay.io/frrouting/frr:10.2.2 │         │ N/A            │
├────────────────┼──────────────────────────────┼─────────┼────────────────┤
│ clab-ml-85-r21 │ linux                        │ running │ 192.168.85.105 │
│                │ quay.io/frrouting/frr:10.2.2 │         │ N/A            │
├────────────────┼──────────────────────────────┼─────────┼────────────────┤
│ clab-ml-85-r22 │ linux                        │ running │ 192.168.85.106 │
│                │ quay.io/frrouting/frr:10.2.2 │         │ N/A            │
├────────────────┼──────────────────────────────┼─────────┼────────────────┤
│ clab-ml-85-rb  │ linux                        │ running │ 192.168.85.102 │
│                │ quay.io/frrouting/frr:10.2.2 │         │ N/A            │
├────────────────┼──────────────────────────────┼─────────┼────────────────┤
│ clab-ml-85-v1  │ linux                        │ running │ 192.168.85.107 │
│                │ quay.io/frrouting/frr:10.2.2 │         │ N/A            │
├────────────────┼──────────────────────────────┼─────────┼────────────────┤
│ clab-ml-85-v2  │ linux                        │ running │ 192.168.85.108 │
│                │ quay.io/frrouting/frr:10.2.2 │         │ N/A            │
╰────────────────┴──────────────────────────────┴─────────┴────────────────╯

Initial configuration skipped, run 'netlab initial' to configure the devices
