Checking virtualization provider installation
OK: clab installed and working correctly
Stopping clab nodes
provider clab: executing flock -E 42 /tmp/netlab.lock sudo -E containerlab destroy --cleanup -t clab.yml
05:54:23 INFO Parsing & checking topology file=clab.yml
05:54:23 INFO Parsing & checking topology file=clab.yml
05:54:23 INFO Destroying lab name=ml-17
05:54:24 INFO Removed container name=clab-ml-17-v1
05:54:24 INFO Removed container name=clab-ml-17-rb
05:54:24 INFO Removed container name=clab-ml-17-r12
05:54:24 INFO Removed container name=clab-ml-17-v2
05:54:24 INFO Removed container name=clab-ml-17-r22
05:54:25 INFO Removed container name=clab-ml-17-r21
05:54:25 INFO Removed container name=clab-ml-17-r11
05:54:25 INFO Removed container name=clab-ml-17-dut
05:54:25 INFO Removing host entries path=/etc/hosts
05:54:25 INFO Removing SSH config path=/etc/ssh/ssh_config.d/clab-ml-17.conf
Cleanup configuration files
... removing clab.yml
... removing ansible.cfg
... removing hosts.yml
... removing directory tree group_vars
... removing directory tree host_vars
... removing directory tree node_files
... removing netlab.snapshot.pickle
