Using transformed lab topology from snapshot file netlab.snapshot.pickle
Checking virtualization provider installation
OK: clab installed and working correctly
Starting clab nodes
 [INFO] Setting containerlab runtime to docker
provider clab: executing flock -E 42 /tmp/netlab.lock containerlab deploy --reconfigure -t clab.yml
14:09:31 INFO Containerlab started version=0.75.0
14:09:31 INFO Parsing & checking topology file=clab.yml
14:09:31 INFO Removing directory path=/work/netlab_cicd/clab-ml-17
14:09:31 INFO Creating docker network name=nl_mgmt_17 IPv4 subnet=192.168.17.0/24 IPv6 subnet="" MTU=0
14:09:31 INFO Creating lab directory path=/work/netlab_cicd/clab-ml-17
14:09:31 INFO Creating container name=dut
14:09:31 INFO Creating container name=xp
14:09:31 INFO Creating container name=xgr
14:09:31 INFO Created link: dut:eth1 ▪┄┄▪ xgr:eth1
14:09:31 INFO Created link: dut:eth2 ▪┄┄▪ xp:eth1
14:09:33 INFO Executed command node=xp command="sleep 1" stdout=""
14:09:33 INFO Executed command node=xgr command="sleep 1" stdout=""
14:09:33 INFO Adding host entries path=/etc/hosts
14:09:33 INFO Adding SSH config for nodes path=/etc/ssh/ssh_config.d/clab-ml-17.conf
14:09:33 INFO containerlab version
  🎉=
  │ A newer containerlab version (0.77.0) is available!
  │ Release notes: https://containerlab.dev/rn/0.77/
  │ Run 'clab version upgrade' or see https://containerlab.dev/install/ for other installation options.
[1m╭[0m[1m────────────────[0m[1m┬[0m[1m──────────────────────────────[0m[1m┬[0m[1m─────────[0m[1m┬[0m[1m────────────────[0m[1m╮[0m
[1m│[0m[1m      Name      [0m[1m│[0m[1m          Kind/Image          [0m[1m│[0m[1m  State  [0m[1m│[0m[1m IPv4/6 Address [0m[1m│[0m
[1m├[0m[1m────────────────[0m[1m┼[0m[1m──────────────────────────────[0m[1m┼[0m[1m─────────[0m[1m┼[0m[1m────────────────[0m[1m┤[0m
│ clab-ml-17-dut │ linux                        │ running │ 192.168.17.101 │
│                │ netlab/vpp:latest            │         │ N/A            │
├────────────────┼──────────────────────────────┼─────────┼────────────────┤
│ clab-ml-17-xgr │ linux                        │ running │ 192.168.17.102 │
│                │ quay.io/frrouting/frr:10.6.1 │         │ N/A            │
├────────────────┼──────────────────────────────┼─────────┼────────────────┤
│ clab-ml-17-xp  │ linux                        │ running │ 192.168.17.103 │
│                │ quay.io/frrouting/frr:10.6.1 │         │ N/A            │
╰────────────────┴──────────────────────────────┴─────────┴────────────────╯

Initial configuration skipped, run 'netlab initial' to configure the devices
