Creating Device configuration snippets
[CREATED] h1: initial,routing,_n_h1
[CREATED] h2: initial,routing
[CREATED] h3: initial,routing,_n_h3
[CREATED] r1: normalize,initial,ospf,_n_r1
[CREATED] r2: initial,ospf,_n_r2
[CREATED] r3: initial,ospf
[CREATED] r4: initial,routing,ospf,_n_r4
[CREATED] r5: initial,ospf
Checking Are lab devices ready to be configured?
 [INFO] Checking SSH server(s) on r1
Config Normalizing device configurations
netmiko:  [INFO] Sent normalize configuration to r1
Config Deploying device configurations
 [INFO] Executing initial configuration for node h1 (namespace clab-
          ml-17-h1)
 [INFO] Executing initial configuration for node h3 (namespace clab-
          ml-17-h3)
 [INFO] Executing initial configuration for node r2
 [INFO] Executing initial configuration for node r4 (namespace clab-
          ml-17-r4)
 [INFO] Executing routing configuration for node h1 (namespace clab-
          ml-17-h1)
 [INFO] Executing routing configuration for node h3 (namespace clab-
          ml-17-h3)
 [INFO] Executing _n_r4 configuration for node r4
 [INFO] Executing _n_h3 configuration for node h3
 [INFO] Executing ospf configuration for node r2
 [INFO] Executing _n_r2 configuration for node r2
 [INFO] Executing initial configuration for node r3 (netmiko/script)
 [INFO] Executing initial configuration for node h2 (netmiko/script)
netmiko:  [INFO] Sent initial configuration to r1
 [INFO] Executing ospf configuration for node r3 (netmiko/script)
netmiko:  [INFO] Sent ospf configuration to r1
netmiko:  [INFO] Sent _n_r1 configuration to r1
 [INFO] Executing routing configuration for node h2 (netmiko/script)
 [INFO] Starting Ansible playbook to deploy the rest of the
          configurations
[WARNING]: Found variable using reserved name: hosts

PLAY [Deploy initial device configuration] *************************************

TASK [Set variables that cannot be set with VARS] ******************************
ok: [h1]
ok: [r5]

TASK [Deploy initial configuration] ********************************************
included: /home/pipi/netlab_gh/netsim/ansible/tasks/deploy-module.yml for h1, r5

TASK [Figure out whether to deploy the module initial on current device] *******
ok: [h1]
ok: [r5]

TASK [Find configuration template for initial] *********************************
skipping: [h1]
ok: [r5]

TASK [fail] ********************************************************************
skipping: [h1]
skipping: [r5]

TASK [Find configuration deployment deploy_script for initial] *****************
skipping: [h1]
ok: [r5]

TASK [Print deployed configuration when running in verbose mode] ***************
skipping: [h1]
skipping: [r5]

TASK [Deploy initial configuration] ********************************************
skipping: [h1]
included: /home/pipi/netlab_gh/netsim/ansible/tasks/deploy-config/srlinux.yml for r5

TASK [Generate JSON-RPC YAML configuration] ************************************
ok: [r5]

TASK [Update SRL initial node configuration (template=/work/netlab_cicd/node_files/r5/initial)] ***
changed: [r5]

TASK [debug] *******************************************************************
skipping: [r5]

PLAY [Deploy module-specific configurations] ***********************************

TASK [Set variables that cannot be set with VARS] ******************************
ok: [h1]
ok: [r5]

TASK [Deploy individual configuration modules] *********************************
included: /home/pipi/netlab_gh/netsim/ansible/tasks/deploy-module.yml for h1, r5 => (item=routing)
included: /home/pipi/netlab_gh/netsim/ansible/tasks/deploy-module.yml for h1, r5 => (item=ospf)

TASK [Figure out whether to deploy the module routing on current device] *******
ok: [h1]
ok: [r5]

TASK [Find configuration template for routing] *********************************
skipping: [h1]
skipping: [r5]

TASK [fail] ********************************************************************
skipping: [h1]
skipping: [r5]

TASK [Find configuration deployment deploy_script for routing] *****************
skipping: [h1]
skipping: [r5]

TASK [Print deployed configuration when running in verbose mode] ***************
skipping: [h1]
skipping: [r5]

TASK [Deploy routing configuration] ********************************************
skipping: [h1]
skipping: [r5]

TASK [Figure out whether to deploy the module ospf on current device] **********
ok: [h1]
ok: [r5]

TASK [Find configuration template for ospf] ************************************
skipping: [h1]
ok: [r5]

TASK [fail] ********************************************************************
skipping: [h1]
skipping: [r5]

TASK [Find configuration deployment deploy_script for ospf] ********************
skipping: [h1]
ok: [r5]

TASK [Print deployed configuration when running in verbose mode] ***************
skipping: [h1]
skipping: [r5]

TASK [Deploy ospf configuration] ***********************************************
skipping: [h1]
included: /home/pipi/netlab_gh/netsim/ansible/tasks/deploy-config/srlinux.yml for r5

TASK [Generate JSON-RPC YAML configuration] ************************************
ok: [r5]

TASK [Update SRL ospf node configuration (template=/work/netlab_cicd/node_files/r5/ospf)] ***
changed: [r5]

TASK [debug] *******************************************************************
skipping: [r5]

PLAY [Deploy custom deployment templates] **************************************

TASK [Run custom configuration deployment scripts] *****************************
skipping: [h1] => (item=_n_h3) 
skipping: [h1] => (item=_n_r4) 
skipping: [h1] => (item=_n_r2) 
skipping: [h1] => (item=_n_r1) 
included: /home/pipi/netlab_gh/netsim/ansible/tasks/deploy-custom-config.yml for h1 => (item=_n_h1)

TASK [Find configuration template] *********************************************
ok: [h1]

TASK [fail] ********************************************************************
skipping: [h1]

TASK [Check is the configuration template is a file] ***************************
ok: [h1 -> localhost]

TASK [fail] ********************************************************************
skipping: [h1]

TASK [Process template /work/netlab_cicd/node_files/h1/_n_h1 for h1] ***********
skipping: [h1]

TASK [debug] *******************************************************************
skipping: [h1]

TASK [debug] *******************************************************************
skipping: [h1]

TASK [Find custom configuration deployment script] *****************************
ok: [h1]

TASK [Run the configuration deployment script] *********************************
included: /home/pipi/netlab_gh/netsim/ansible/tasks/deploy-config/linux-clab.yml for h1

TASK [Define script filename and determine whether to execute in netns] ********
ok: [h1]

TASK [Create a temporary file for the rendered script] *************************
changed: [h1 -> localhost]

TASK [Create container setup script from /work/netlab_cicd/node_files/h1/_n_h1] ***
changed: [h1 -> localhost]

TASK [Copy script into running container at /tmp/config-h1__n_h1.sh] ***********
changed: [h1 -> localhost]

TASK [Execute /tmp/config-h1__n_h1.sh to deploy _n_h1 config based on /work/netlab_cicd/node_files/h1/_n_h1] ***
changed: [h1]

TASK [Container configuration for _n_h1 based on /work/netlab_cicd/node_files/h1/_n_h1 executed in netns] ***
skipping: [h1]

TASK [Remove temporary file /tmp/h1__n_h1-6yjj0b6g.sh] *************************
changed: [h1 -> localhost]

PLAY RECAP *********************************************************************
h1                         : ok=19   changed=5    unreachable=0    failed=0    skipped=21   rescued=0    ignored=0   
r5                         : ok=18   changed=2    unreachable=0    failed=0    skipped=11   rescued=0    ignored=0   

Results of configuration script deployments
================================================================================
h1               Script:  initial,routing
h2               Script:  initial,routing
h3               Script:  initial,routing,_n_h3
r1               Script:  normalize,initial,ospf,_n_r1
r2               Script:  initial,ospf,_n_r2
r3               Script:  initial,ospf
r4               Script:  initial,_n_r4


This topology tests various device configuration mechanisms

