Using transformed lab topology from snapshot file netlab.snapshot.pickle
Checking virtualization provider installation
OK: clab installed and working correctly
Starting clab nodes
 [INFO] Setting containerlab runtime to docker
provider clab: executing flock -E 42 /tmp/netlab.lock containerlab deploy --reconfigure -t clab.yml
07:38:04 INFO Containerlab started version=0.79.0
07:38:04 INFO Parsing & checking topology file=clab.yml
07:38:04 INFO Removing directory path=/work/netlab_cicd/clab-ml-17
07:38:04 INFO Creating docker network name=nl_mgmt_17 IPv4 subnet=192.168.17.0/24 IPv6 subnet=fd00:df:1ab:17::/64 MTU=0
07:38:05 INFO Creating lab directory path=/work/netlab_cicd/clab-ml-17
07:38:05 INFO Creating container name=r1
07:38:05 INFO Creating container name=h1
07:38:05 INFO Creating container name=r3
07:38:05 INFO Creating container name=r2
07:38:05 INFO Creating container name=r4
07:38:05 INFO Running postdeploy actions for Arista cEOS 'r4' node
07:38:06 INFO Created link: r1:eth1 ▪┄┄▪ r2:et1
07:38:06 INFO Created link: r1:eth2 ▪┄┄▪ r4:et2
07:38:06 INFO Created link: r3:eth2 ▪┄┄▪ r4:et1
07:38:06 INFO Created link: r2:et2 ▪┄┄▪ r3:eth1
07:38:06 INFO Running postdeploy actions for Arista cEOS 'r2' node
07:38:25 INFO Executed command node=r1 command="sleep 1" stdout=""
07:38:25 INFO Executed command node=r3 command="sleep 1" stdout=""
07:38:25 INFO Adding host entries path=/etc/hosts
07:38:25 INFO Adding SSH config for nodes path=/etc/ssh/ssh_config.d/clab-ml-17.conf
[1m╭[0m[1m───────────────[0m[1m┬[0m[1m──────────────────────────────[0m[1m┬[0m[1m─────────[0m[1m┬[0m[1m───────────────────[0m[1m╮[0m
[1m│[0m[1m      Name     [0m[1m│[0m[1m          Kind/Image          [0m[1m│[0m[1m  State  [0m[1m│[0m[1m   IPv4/6 Address  [0m[1m│[0m
[1m├[0m[1m───────────────[0m[1m┼[0m[1m──────────────────────────────[0m[1m┼[0m[1m─────────[0m[1m┼[0m[1m───────────────────[0m[1m┤[0m
│ clab-ml-17-h1 │ linux                        │ running │ 192.168.17.105    │
│               │ python:3.13-alpine           │         │ fd00:df:1ab:17::4 │
├───────────────┼──────────────────────────────┼─────────┼───────────────────┤
│ clab-ml-17-r1 │ linux                        │ running │ 192.168.17.101    │
│               │ quay.io/frrouting/frr:10.7.1 │         │ fd00:df:1ab:17::2 │
├───────────────┼──────────────────────────────┼─────────┼───────────────────┤
│ clab-ml-17-r2 │ ceos                         │ running │ 192.168.17.102    │
│               │ ceos:4.35.2F                 │         │ fd00:df:1ab:17::5 │
├───────────────┼──────────────────────────────┼─────────┼───────────────────┤
│ clab-ml-17-r3 │ linux                        │ running │ 192.168.17.103    │
│               │ quay.io/frrouting/frr:10.7.1 │         │ fd00:df:1ab:17::3 │
├───────────────┼──────────────────────────────┼─────────┼───────────────────┤
│ clab-ml-17-r4 │ ceos                         │ running │ 192.168.17.104    │
│               │ ceos:4.35.2F                 │         │ fd00:df:1ab:17::6 │
╰───────────────┴──────────────────────────────┴─────────┴───────────────────╯

Initial configuration skipped, run 'netlab initial' to configure the devices
