Checking virtualization provider installation
OK: libvirt installed and working correctly
OK: clab installed and working correctly
Stopping clab nodes
13:41:29 INFO Parsing & checking topology file=clab-augment.yml
13:41:29 INFO Parsing & checking topology file=clab-augment.yml
13:41:29 INFO Destroying lab name=ml-17
13:41:30 INFO Removed container name=clab-ml-17-r2
13:41:30 INFO Removed container name=clab-ml-17-r4
13:41:31 INFO Removed container name=clab-ml-17-r1
13:41:31 INFO Removed container name=clab-ml-17-r3
13:41:31 INFO Removing host entries path=/etc/hosts
13:41:31 INFO Removing SSH config path=/etc/ssh/ssh_config.d/clab-ml-17.conf

Stopping libvirt nodes
[fog][WARNING] Unrecognized arguments: libvirt_ip_command
==> dut: Removing domain...
==> dut: Deleting the machine folder
Cleanup configuration files
... removing Vagrantfile
... removing clab-augment.yml
... removing ansible.cfg
... removing hosts.yml
... removing directory tree group_vars
... removing directory tree host_vars
... removing directory tree node_files
... removing netlab.snapshot.pickle
