Using transformed lab topology from snapshot file netlab.snapshot.pickle
Checking virtualization provider installation
OK: clab installed and working correctly
Starting clab nodes
 [INFO] Setting containerlab runtime to docker
provider clab: executing flock -E 42 /tmp/netlab.lock containerlab deploy --reconfigure -t clab.yml
16:53:07 INFO Containerlab started version=0.79.0
16:53:07 INFO Parsing & checking topology file=clab.yml
16:53:07 INFO Removing directory path=/work/netlab_cicd/clab-ml-17
16:53:07 INFO Creating docker network name=nl_mgmt_17 IPv4 subnet=192.168.17.0/24 IPv6 subnet=fd00:df:1ab:17::/64 MTU=0
16:53:07 INFO Creating lab directory path=/work/netlab_cicd/clab-ml-17
16:53:07 INFO Creating container name=h2
16:53:07 INFO Creating container name=dut
16:53:07 INFO Creating container name=h1
16:53:07 INFO Creating container name=h4
16:53:07 INFO Creating container name=h3
16:53:07 INFO Creating container name=s2
16:53:08 INFO Created link: h1:eth1 ▪┄┄▪ dut:eth2
16:53:08 INFO Created link: h3:eth1 ▪┄┄▪ dut:eth3
16:53:09 INFO Created link: dut:eth1 ▪┄┄▪ s2:et1
16:53:09 INFO Created link: h2:eth1 ▪┄┄▪ s2:et2
16:53:09 INFO Created link: h4:eth1 ▪┄┄▪ s2:et3
16:53:09 INFO Running postdeploy actions for Arista cEOS 's2' node
16:53:23 INFO Executed command node=dut command="sleep 1" stdout=""
16:53:23 INFO Adding host entries path=/etc/hosts
16:53:23 INFO Adding SSH config for nodes path=/etc/ssh/ssh_config.d/clab-ml-17.conf
[1m╭[0m[1m────────────────[0m[1m┬[0m[1m──────────────────────────────[0m[1m┬[0m[1m─────────[0m[1m┬[0m[1m───────────────────[0m[1m╮[0m
[1m│[0m[1m      Name      [0m[1m│[0m[1m          Kind/Image          [0m[1m│[0m[1m  State  [0m[1m│[0m[1m   IPv4/6 Address  [0m[1m│[0m
[1m├[0m[1m────────────────[0m[1m┼[0m[1m──────────────────────────────[0m[1m┼[0m[1m─────────[0m[1m┼[0m[1m───────────────────[0m[1m┤[0m
│ clab-ml-17-dut │ linux                        │ running │ 192.168.17.105    │
│                │ quay.io/frrouting/frr:10.7.1 │         │ fd00:df:1ab:17::4 │
├────────────────┼──────────────────────────────┼─────────┼───────────────────┤
│ clab-ml-17-h1  │ linux                        │ running │ 192.168.17.101    │
│                │ python:3.13-alpine           │         │ fd00:df:1ab:17::5 │
├────────────────┼──────────────────────────────┼─────────┼───────────────────┤
│ clab-ml-17-h2  │ linux                        │ running │ 192.168.17.102    │
│                │ python:3.13-alpine           │         │ fd00:df:1ab:17::6 │
├────────────────┼──────────────────────────────┼─────────┼───────────────────┤
│ clab-ml-17-h3  │ linux                        │ running │ 192.168.17.103    │
│                │ python:3.13-alpine           │         │ fd00:df:1ab:17::2 │
├────────────────┼──────────────────────────────┼─────────┼───────────────────┤
│ clab-ml-17-h4  │ linux                        │ running │ 192.168.17.104    │
│                │ python:3.13-alpine           │         │ fd00:df:1ab:17::3 │
├────────────────┼──────────────────────────────┼─────────┼───────────────────┤
│ clab-ml-17-s2  │ ceos                         │ running │ 192.168.17.106    │
│                │ ceos:4.35.2F                 │         │ fd00:df:1ab:17::7 │
╰────────────────┴──────────────────────────────┴─────────┴───────────────────╯

Initial configuration skipped, run 'netlab initial' to configure the devices
