Using transformed lab topology from snapshot file netlab.snapshot.pickle
Checking virtualization provider installation
OK: clab installed and working correctly
Starting clab nodes
provider clab: executing sudo -E containerlab deploy --reconfigure -t clab.yml
09:48:02 INFO Containerlab started version=0.74.2
09:48:02 INFO Parsing & checking topology file=clab.yml
09:48:02 INFO Removing directory path=/work/netlab_cicd/clab-ml-17
09:48:02 INFO Creating docker network name=nl_mgmt_17 IPv4 subnet=192.168.17.0/24 IPv6 subnet="" MTU=0
09:48:03 INFO Creating lab directory path=/work/netlab_cicd/clab-ml-17
09:48:03 INFO Creating container name=x2
09:48:03 INFO Creating container name=x1
09:48:03 WARN node "dut": kind is nokia_srsim but the provided image does not have the correct labels; please use a valid SR-SIM container image or run a more recent version of the SR-SIM container image to suppress this warning
09:48:03 WARN Failed to write chassis_info.json to lab dir node=dut path=/work/netlab_cicd/clab-ml-17/dut error="/opt/nokia/chassis_info.json not found in image graph driver (UpperDir/MergedDir)"
09:48:03 INFO Retrieved SR OS version from image node=dut version=25.7.R1
09:48:03 INFO Creating container name=dut
09:48:03 INFO Created link: dut:e1-1-c1-1 (1/1/c1/1) ▪┄┄▪ x1:eth1
09:48:03 INFO Running postdeploy actions kind=nokia_srsim node=dut
09:48:03 INFO Created link: dut:e1-1-c2-1 (1/1/c2/1) ▪┄┄▪ x2:eth1
09:48:09 INFO Saving node "clab-ml-17-dut" config as startup...
09:48:10 INFO Saved running configuration node=dut addr=192.168.17.101 config-mode=model-driven
09:48:10 INFO Executed command node=x1 command="sleep 1" stdout=""
09:48:10 INFO Executed command node=x2 command="sleep 1" stdout=""
09:48:10 INFO Adding host entries path=/etc/hosts
09:48:10 INFO Adding SSH config for nodes path=/etc/ssh/ssh_config.d/clab-ml-17.conf
09:48:13 INFO Failed fetching latest version information
[1m╭[0m[1m────────────────[0m[1m┬[0m[1m──────────────────────────────[0m[1m┬[0m[1m─────────[0m[1m┬[0m[1m────────────────[0m[1m╮[0m
[1m│[0m[1m      Name      [0m[1m│[0m[1m          Kind/Image          [0m[1m│[0m[1m  State  [0m[1m│[0m[1m IPv4/6 Address [0m[1m│[0m
[1m├[0m[1m────────────────[0m[1m┼[0m[1m──────────────────────────────[0m[1m┼[0m[1m─────────[0m[1m┼[0m[1m────────────────[0m[1m┤[0m
│ clab-ml-17-dut │ nokia_srsim                  │ running │ 192.168.17.101 │
│                │ nokia_srsim:25.7.R1          │         │ N/A            │
├────────────────┼──────────────────────────────┼─────────┼────────────────┤
│ clab-ml-17-x1  │ linux                        │ running │ 192.168.17.102 │
│                │ quay.io/frrouting/frr:10.6.0 │         │ N/A            │
├────────────────┼──────────────────────────────┼─────────┼────────────────┤
│ clab-ml-17-x2  │ linux                        │ running │ 192.168.17.103 │
│                │ quay.io/frrouting/frr:10.6.0 │         │ N/A            │
╰────────────────┴──────────────────────────────┴─────────┴────────────────╯

Initial configuration skipped, run 'netlab initial' to configure the devices
