Checking virtualization provider installation
OK: clab installed and working correctly
Stopping clab nodes
15:48:20 INFO Parsing & checking topology file=clab.yml
15:48:20 INFO Parsing & checking topology file=clab.yml
15:48:20 INFO Destroying lab name=ml-32
15:48:21 INFO Removed container name=clab-ml-32-x1
15:48:21 INFO Removed container name=clab-ml-32-dut
15:48:21 INFO Removed container name=clab-ml-32-x2
15:48:21 INFO Removed container name=clab-ml-32-dut2
15:48:21 INFO Removed container name=clab-ml-32-r1
15:48:21 INFO Removing host entries path=/etc/hosts
15:48:21 INFO Removing SSH config path=/etc/ssh/ssh_config.d/clab-ml-32.conf
Cleanup configuration files
... removing clab.yml
... removing ansible.cfg
... removing hosts.yml
... removing directory tree group_vars
... removing directory tree host_vars
... removing directory tree node_files
... removing netlab.snapshot.pickle
