Creating Device configuration snippets
[CREATED] dut: initial,ripv2,bgp,vrf
[CREATED] r1: initial,ripv2
[CREATED] r2: initial,bgp
[CREATED] r3: initial,ripv2
[CREATED] r4: initial,bgp
Checking Are lab devices ready to be configured?
 [INFO] Checking SSH server(s) on dut
[SSH]     SSH server on node dut (device iol) is ready after 25.4 seconds
Config Deploying device configurations
 [INFO] Executing initial configuration for node r1
 [INFO] Executing initial configuration for node r2
 [INFO] Executing initial configuration for node r3
 [INFO] Executing initial configuration for node r4
 [INFO] Executing bgp configuration for node r4
 [INFO] Executing bgp configuration for node r2
 [INFO] Executing ripv2 configuration for node r1
 [INFO] Executing ripv2 configuration for node r3
netmiko:  [INFO] Sent initial configuration to dut
netmiko:  [INFO] Sent ripv2 configuration to dut
netmiko:  [INFO] Sent bgp configuration to dut
Errors encountered while processing 32-vrf-ipv6.yml
UserWarning in netmiko: vrf configuration failed on dut
... Invalid input detected at command: ipv6 rip vrf-mode enable
... , matched error: %
... Inspect the session log file node_files/dut/netmiko.log for more details
FatalError in initial: Configuration deployment failed

Results of configuration script deployments
================================================================================
dut              Failed:  vrf
                 Script:  initial,ripv2,bgp
r1               Script:  initial,ripv2
r2               Script:  initial,bgp
r3               Script:  initial,ripv2
r4               Script:  initial,bgp

