Creating Device configuration snippets
[CREATED] dut: initial,routing,bgp,bgp.policy
[CREATED] x1: initial,routing,bgp
[CREATED] x2: initial,routing,bgp
Checking Are lab devices ready to be configured?
 [INFO] Checking lab devices with an Ansible playbook
[WARNING]: Could not match supplied host pattern, ignoring: netlab_ready_ssh
[WARNING]: Found variable using reserved name: hosts

PLAY [Wait for SSH servers] ****************************************************
skipping: no hosts matched

PLAY [Wait for device-specific conditions] *************************************

TASK [Set variables that cannot be set with VARS] ******************************
ok: [dut]

TASK [Find device readiness script] ********************************************
ok: [dut]

TASK [Wait for device to become ready] *****************************************
included: /home/pipi/netlab_gh/netsim/ansible/tasks/readiness-check/vyos-clab.yml for dut

TASK [wait_for_connection] *****************************************************
ok: [dut]

TASK [wait_for] ****************************************************************
ok: [dut]

PLAY RECAP *********************************************************************
dut                        : ok=5    changed=0    unreachable=0    failed=0    skipped=0    rescued=0    ignored=0   

Config Deploying device configurations
 [INFO] Executing initial configuration for node x1
 [INFO] Executing initial configuration for node x2
 [INFO] Executing routing configuration for node x1
 [INFO] Executing routing configuration for node x2
 [INFO] Executing bgp configuration for node x1
 [INFO] Executing bgp configuration for node x2
 [INFO] Starting Ansible playbook to deploy the rest of the
          configurations
[WARNING]: Found variable using reserved name: hosts

PLAY [Deploy initial device configuration] *************************************

TASK [Set variables that cannot be set with VARS] ******************************
ok: [dut]

TASK [Normalize config on bridge-like devices] *********************************
included: /home/pipi/netlab_gh/netsim/ansible/tasks/deploy-module.yml for dut

TASK [Figure out whether to deploy the module normalize on current device] *****
ok: [dut]

TASK [Find configuration template for normalize] *******************************
ok: [dut]

TASK [fail] ********************************************************************
skipping: [dut]

TASK [Find configuration deployment deploy_script for normalize] ***************
ok: [dut]

TASK [Print deployed configuration when running in verbose mode] ***************
skipping: [dut]

TASK [Deploy normalize configuration] ******************************************
skipping: [dut]

TASK [Deploy initial configuration] ********************************************
included: /home/pipi/netlab_gh/netsim/ansible/tasks/deploy-module.yml for dut

TASK [Figure out whether to deploy the module initial on current device] *******
ok: [dut]

TASK [Find configuration template for initial] *********************************
ok: [dut]

TASK [fail] ********************************************************************
skipping: [dut]

TASK [Find configuration deployment deploy_script for initial] *****************
ok: [dut]

TASK [Print deployed configuration when running in verbose mode] ***************
ok: [dut] => {
    "msg": "initial configuration for dut\n=========================================\nset system host-name 'dut'\n\n\nset interfaces dummy dum0 address 10.0.0.1/32\n\n\n\nset interfaces ethernet eth1 description 'dut -> x1 [external]'\n\nset interfaces ethernet eth1 mtu 1500\n\nset interfaces ethernet eth1 address 10.1.0.1/30\n\n\n\n\n\nset interfaces ethernet eth2 description 'dut -> x2 [external]'\n\nset interfaces ethernet eth2 mtu 1500\n\nset interfaces ethernet eth2 address 10.1.0.5/30\n\n\n\n\nset service lldp interface all\n>/dev/null 2>/dev/null set service lldp interface eth0 disable\n>/dev/null 2>/dev/null set service lldp interface eth0 mode disable\n\n\nset service ssh\n\ncommit\n\n# Restart FRR to pick up the new hostname\nsudo service frr restart\n"
}

TASK [Deploy initial configuration] ********************************************
included: /home/pipi/netlab_gh/netsim/ansible/tasks/deploy-config/vyos.yml for dut

TASK [set_fact] ****************************************************************
ok: [dut]

TASK [template] ****************************************************************
changed: [dut]

TASK [execute config-initial.sh to deploy initial config from /work/netlab_cicd/other_c/node_files/dut/initial] ***
changed: [dut]

PLAY [Deploy module-specific configurations] ***********************************

TASK [Set variables that cannot be set with VARS] ******************************
ok: [dut]

TASK [Deploy individual configuration modules] *********************************
included: /home/pipi/netlab_gh/netsim/ansible/tasks/deploy-module.yml for dut => (item=routing)
included: /home/pipi/netlab_gh/netsim/ansible/tasks/deploy-module.yml for dut => (item=bgp)

TASK [Figure out whether to deploy the module routing on current device] *******
ok: [dut]

TASK [Find configuration template for routing] *********************************
ok: [dut]

TASK [fail] ********************************************************************
skipping: [dut]

TASK [Find configuration deployment deploy_script for routing] *****************
ok: [dut]

TASK [Print deployed configuration when running in verbose mode] ***************
ok: [dut] => {
    "msg": "routing configuration for dut\n=========================================\n\n\n\nset policy route-map p_count-ipv4 rule 10 action permit\n\nedit policy route-map p_count-ipv4 rule 10\nset set as-path prepend 65000 \n\n\ntop\n\n\nset policy route-map p_path-ipv4 rule 10 action permit\n\nedit policy route-map p_path-ipv4 rule 10\nset set as-path prepend 64999 64998\n\n\ntop\n\n\n\n\n# Static routing\n\n"
}

TASK [Deploy routing configuration] ********************************************
included: /home/pipi/netlab_gh/netsim/ansible/tasks/deploy-config/vyos.yml for dut

TASK [set_fact] ****************************************************************
ok: [dut]

TASK [template] ****************************************************************
changed: [dut]

TASK [execute config-routing.sh to deploy routing config from /work/netlab_cicd/other_c/node_files/dut/routing] ***
fatal: [dut]: FAILED! => {"changed": true, "cmd": ["/bin/vbash", "/tmp/config-routing.sh"], "delta": "0:00:01.298241", "end": "2026-04-10 14:43:26.128272", "failed_when_result": true, "msg": "", "rc": 0, "start": "2026-04-10 14:43:24.830031", "stderr": "\n  Configuration path: set as-path prepend 64999 [64998] is not valid\n  Set failed", "stderr_lines": ["", "  Configuration path: set as-path prepend 64999 [64998] is not valid", "  Set failed"], "stdout": "", "stdout_lines": []}

PLAY RECAP *********************************************************************
dut                        : ok=24   changed=3    unreachable=0    failed=1    skipped=5    rescued=0    ignored=0   

FatalError in initial: Configuration deployment failed
Results of configuration script deployments
================================================================================
x1               Script:  initial,routing,bgp
x2               Script:  initial,routing,bgp

