[CONFIG]  h1: initial,routing,hosts,resolv
[CONFIG]  h2: initial,routing,hosts (shared),resolv
[CONFIG]  h3: initial,routing,hosts (shared),resolv
[CONFIG]  ch: initial,routing,hosts (shared),resolv
[CONFIG]  dut: normalize,initial,ospf,bgp,mpls,vrf,ifstate
[CONFIG]  pe2: initial,ospf,bgp,mpls,vrf,daemons,hosts (shared),resolv
[CONFIG]  p1: initial,ospf,mpls,daemons,hosts (shared),resolv
[CONFIG]  p2: initial,ospf,mpls,daemons,hosts (shared),resolv
Created provider configuration file: clab.yml
Created pickled transformed topology data into netlab.snapshot.pickle
Created group_vars for all
Created group_vars for modules
Created group_vars for linux
Created host_vars for h1, h2, h3, ch
Created group_vars for ioll2
Created host_vars for dut
Created group_vars for frr
Created host_vars for pe2, p1, p2
Created minimized Ansible inventory hosts.yml
Created Ansible configuration file: ansible.cfg
