iol:  [INFO] Adjusted wait time in 'pfx_ce1' validation test to 30
iol:  [INFO] Adjusted wait time in 'pfx_ce2' validation test to 30
[CONFIG]  ce1: initial,bgp,daemons,hosts,resolv
[CONFIG]  ce2: initial,bgp,daemons,hosts (shared),resolv
[CONFIG]  dut: normalize,initial,ospf,bgp,mpls,vrf,ifstate
[CONFIG]  pe2: normalize,initial,ospf,bgp,mpls,vrf
[CONFIG]  p1: initial,ospf,mpls,daemons,hosts (shared),resolv
[CONFIG]  p2: initial,ospf,mpls,daemons,hosts (shared),resolv
Created provider configuration file: clab.yml
Created pickled transformed topology data into netlab.snapshot.pickle
Created group_vars for all
Created group_vars for modules
Created group_vars for frr
Created host_vars for ce1, ce2, p1, p2
Created group_vars for ioll2
Created host_vars for dut
Created group_vars for eos
Created host_vars for pe2
Created minimized Ansible inventory hosts.yml
Created Ansible configuration file: ansible.cfg
