Creating Device configuration snippets
[CREATED] dut: initial,vrf,services
[CREATED] dnssrv: initial,dhcp,services,routing
[CREATED] t1: initial,routing
Checking Are lab devices ready to be configured?
 [INFO] Checking SSH server(s) on dut
[SSH]     SSH server on node dut (device iol) is ready after 27.3 seconds
Config Deploying device configurations
 [INFO] Executing initial configuration for node dnssrv (namespace
          clab-ml-30-dnssrv)
 [INFO] Executing initial configuration for node t1 (namespace clab-
          ml-30-t1)
 [INFO] Executing routing configuration for node dnssrv (namespace
          clab-ml-30-dnssrv)
 [INFO] Executing routing configuration for node t1 (namespace clab-
          ml-30-t1)
 [INFO] Starting Ansible playbook to deploy the rest of the
          configurations
[WARNING]: Found variable using reserved name: hosts

PLAY [Deploy initial device configuration] *************************************

TASK [Set variables that cannot be set with VARS] ******************************
ok: [dut]

TASK [Deploy initial configuration] ********************************************
included: /home/pipi/netlab_gh/netsim/ansible/tasks/deploy-module.yml for dut

TASK [Figure out whether to deploy the module initial on current device] *******
ok: [dut]

TASK [Find configuration template for initial] *********************************
ok: [dut]

TASK [fail] ********************************************************************
skipping: [dut]

TASK [Find configuration deployment deploy_script for initial] *****************
ok: [dut]

TASK [Print deployed configuration when running in verbose mode] ***************
ok: [dut] => {
    "msg": "initial configuration for dut\n=========================================\nhostname dut\n!\nno ip domain lookup\nlogging buffered 256000\n\n!\nlldp run\n!\n!\nip routing\n!\nno ipv6 unicast-routing\n!\nvrf definition oob_nms\n rd 65000:1\n route-target import 65000:1\n route-target export 65000:1\n!\n address-family ipv4\n exit-address-family\n!\n\n!\n!\ninterface Loopback0\n ip address 10.0.0.1 255.255.255.255\n!\ninterface Ethernet0/0\n no lldp transmit\n no lldp receive\n!\ninterface Ethernet0/1\n vrf forwarding oob_nms\n description dut -> dnssrv\n ip address 172.16.0.1 255.255.255.0\n no shutdown\n!\ninterface Ethernet0/2\n description dut -> t1 [stub]\n ip address 172.16.1.1 255.255.255.0\n no shutdown\n!\n!\n! Configure DHCP client - has to be done before routing protocol config, but after generic interface config\n!\n\n!\nline vty 0 4\n exec-timeout 0 0 \n!\nno banner exec\nno banner login\nno banner incoming\n"
}

TASK [Deploy initial configuration] ********************************************
included: /home/pipi/netlab_gh/netsim/ansible/tasks/deploy-config/ios.yml for dut

TASK [ios_config: deploying initial from /work/netlab_cicd/cisco/node_files/dut/initial] ***
[WARNING]: To ensure idempotency and correct diff the input configuration lines
should be similar to how they appear if present in the running configuration on
device including the indentation
changed: [dut]

PLAY [Deploy module-specific configurations] ***********************************

TASK [Set variables that cannot be set with VARS] ******************************
ok: [dut]

TASK [Deploy individual configuration modules] *********************************
included: /home/pipi/netlab_gh/netsim/ansible/tasks/deploy-module.yml for dut => (item=vrf)
included: /home/pipi/netlab_gh/netsim/ansible/tasks/deploy-module.yml for dut => (item=routing)
included: /home/pipi/netlab_gh/netsim/ansible/tasks/deploy-module.yml for dut => (item=dhcp)
included: /home/pipi/netlab_gh/netsim/ansible/tasks/deploy-module.yml for dut => (item=services)

TASK [Figure out whether to deploy the module vrf on current device] ***********
ok: [dut]

TASK [Find configuration template for vrf] *************************************
ok: [dut]

TASK [fail] ********************************************************************
skipping: [dut]

TASK [Find configuration deployment deploy_script for vrf] *********************
ok: [dut]

TASK [Print deployed configuration when running in verbose mode] ***************
ok: [dut] => {
    "msg": "vrf configuration for dut\n=========================================\n!\n!\n"
}

TASK [Deploy vrf configuration] ************************************************
included: /home/pipi/netlab_gh/netsim/ansible/tasks/deploy-config/ios.yml for dut

TASK [ios_config: deploying vrf from /work/netlab_cicd/cisco/node_files/dut/vrf] ***
ok: [dut]

TASK [Figure out whether to deploy the module routing on current device] *******
ok: [dut]

TASK [Find configuration template for routing] *********************************
skipping: [dut]

TASK [fail] ********************************************************************
skipping: [dut]

TASK [Find configuration deployment deploy_script for routing] *****************
skipping: [dut]

TASK [Print deployed configuration when running in verbose mode] ***************
skipping: [dut]

TASK [Deploy routing configuration] ********************************************
skipping: [dut]

TASK [Figure out whether to deploy the module dhcp on current device] **********
ok: [dut]

TASK [Find configuration template for dhcp] ************************************
skipping: [dut]

TASK [fail] ********************************************************************
skipping: [dut]

TASK [Find configuration deployment deploy_script for dhcp] ********************
skipping: [dut]

TASK [Print deployed configuration when running in verbose mode] ***************
skipping: [dut]

TASK [Deploy dhcp configuration] ***********************************************
skipping: [dut]

TASK [Figure out whether to deploy the module services on current device] ******
ok: [dut]

TASK [Find configuration template for services] ********************************
ok: [dut]

TASK [fail] ********************************************************************
skipping: [dut]

TASK [Find configuration deployment deploy_script for services] ****************
ok: [dut]

TASK [Print deployed configuration when running in verbose mode] ***************
ok: [dut] => {
    "msg": "services configuration for dut\n=========================================\nip domain lookup\nip dns view default\n domain name-server vrf oob_nms 172.16.0.2\n domain name cicd.local\n"
}

TASK [Deploy services configuration] *******************************************
included: /home/pipi/netlab_gh/netsim/ansible/tasks/deploy-config/ios.yml for dut

TASK [ios_config: deploying services from /work/netlab_cicd/cisco/node_files/dut/services] ***
changed: [dut]

PLAY [Deploy custom deployment templates] **************************************
skipping: no hosts matched

PLAY RECAP *********************************************************************
dut                        : ok=27   changed=2    unreachable=0    failed=0    skipped=13   rescued=0    ignored=0   

Results of configuration script deployments
================================================================================
dnssrv           Script:  initial,routing
t1               Script:  initial,routing


The test checks the DNS client in a VRF. The validate.ping entry must
specify the "ping" command for all supported devices; the test
performs the ping, checks for the presence of remote IP address in the
output (= name resolution works), and then checks for the DNS query on
the DNS server (= DNS client works).

