Checking virtualization provider installation
OK: clab installed and working correctly
Stopping clab nodes
 [INFO] Setting containerlab runtime to docker
provider clab: executing flock -E 42 /tmp/netlab.lock containerlab destroy --cleanup -t clab.yml
17:27:13 INFO Parsing & checking topology file=clab.yml
17:27:13 INFO Parsing & checking topology file=clab.yml
17:27:14 INFO Destroying lab name=ml-30
17:27:14 INFO Removed container name=clab-ml-30-nms
17:27:14 INFO Removed container name=clab-ml-30-x1
17:27:14 INFO Removed container name=clab-ml-30-dut
17:27:14 INFO Removing host entries path=/etc/hosts
17:27:14 INFO Removing SSH config path=/etc/ssh/ssh_config.d/clab-ml-30.conf
Cleanup configuration files
... removing clab.yml
... removing ansible.cfg
... removing hosts.yml
... removing directory tree group_vars
... removing directory tree host_vars
... removing directory tree node_files
... removing netlab.snapshot.pickle
