Checking virtualization provider installation
OK: clab installed and working correctly
Stopping clab nodes
provider clab: executing flock -E 42 /tmp/netlab.lock sudo -E containerlab destroy --cleanup -t clab.yml
15:07:15 INFO Parsing & checking topology file=clab.yml
15:07:15 INFO Parsing & checking topology file=clab.yml
15:07:15 INFO Destroying lab name=ml-31
15:07:16 INFO Removed container name=clab-ml-31-c1
15:07:16 INFO Removed container name=clab-ml-31-pe2
15:07:16 INFO Removed container name=clab-ml-31-ce1
15:07:17 INFO Removed container name=clab-ml-31-dut
15:07:17 INFO Removing host entries path=/etc/hosts
15:07:17 INFO Removing SSH config path=/etc/ssh/ssh_config.d/clab-ml-31.conf
Cleanup configuration files
... removing clab.yml
... removing ansible.cfg
... removing hosts.yml
... removing directory tree group_vars
... removing directory tree host_vars
... removing directory tree node_files
... removing netlab.snapshot.pickle
