Creating Device configuration snippets
[CREATED] h1: initial,routing
[CREATED] h2: initial,routing
[CREATED] pe1: initial,ospf,bgp,mpls
[CREATED] pe2: initial,ospf,bgp,mpls
[CREATED] dut: initial,ospf,mpls
[CREATED] p2: initial,ospf,mpls
Config Deploying device configurations
 [INFO] Executing initial configuration for node h1 (namespace clab-
          ml-17-h1)
 [INFO] Executing initial configuration for node h2 (namespace clab-
          ml-17-h2)
 [INFO] Executing initial configuration for node pe1
 [INFO] Executing initial configuration for node pe2
 [INFO] Executing initial configuration for node p2
 [INFO] Executing routing configuration for node h1 (namespace clab-
          ml-17-h1)
 [INFO] Executing routing configuration for node h2 (namespace clab-
          ml-17-h2)
 [INFO] Executing ospf configuration for node pe2
 [INFO] Executing ospf configuration for node pe1
 [INFO] Executing ospf configuration for node p2
 [INFO] Executing bgp configuration for node pe2
 [INFO] Executing mpls configuration for node p2
 [INFO] Executing bgp configuration for node pe1
 [INFO] Executing mpls configuration for node pe1
 [INFO] Executing mpls configuration for node pe2
 [INFO] Starting Ansible playbook to deploy the rest of the
          configurations
[WARNING]: Found variable using reserved name: hosts

PLAY [Deploy initial device configuration] *************************************

TASK [Set variables that cannot be set with VARS] ******************************
ok: [dut]

TASK [Deploy initial configuration] ********************************************
included: /home/pipi/netlab_gh/netsim/ansible/tasks/deploy-module.yml for dut

TASK [Figure out whether to deploy the module initial on current device] *******
ok: [dut]

TASK [Find configuration template for initial] *********************************
ok: [dut]

TASK [fail] ********************************************************************
skipping: [dut]

TASK [Find configuration deployment deploy_script for initial] *****************
ok: [dut]

TASK [Print deployed configuration when running in verbose mode] ***************
ok: [dut] => {
    "msg": "initial configuration for dut\n=========================================\n\nupdates:\n\n- path: /interface[name=system0]/subinterface[index=0]\n  value:\n   description: \"No description\"\n   admin-state: enable\n   ipv4:\n    admin-state: enable\n    address:\n    - ip-prefix: \"10.0.0.5/32\"\n\n- path: /interface[name=ethernet-1/1]\n  value:\n   description: \"dut ~ pe1\"\n   subinterface:\n    index: 0\n    description: \"dut ~ pe1\"\n\n- path: /interface[name=ethernet-1/1]/subinterface[index=0]\n  value:\n   description: \"dut ~ pe1\"\n   admin-state: enable\n   ipv4:\n    admin-state: enable\n    address:\n    - ip-prefix: \"10.1.0.1/30\"\n      primary: [null]\n\n- path: /interface[name=ethernet-1/2]\n  value:\n   description: \"dut ~ p2\"\n   subinterface:\n    index: 0\n    description: \"dut ~ p2\"\n\n- path: /interface[name=ethernet-1/2]/subinterface[index=0]\n  value:\n   description: \"dut ~ p2\"\n   admin-state: enable\n   ipv4:\n    admin-state: enable\n    address:\n    - ip-prefix: \"10.1.0.5/30\"\n      primary: [null]\n\n\n\n- path: /network-instance[name=default]\n  value:\n   type: default\n   interface:\n   - name: system0.0\n\n- path: /network-instance[name=default]\n  value:\n   type: default\n   interface:\n   - name: ethernet-1/1.0\n- path: /network-instance[name=default]\n  value:\n   type: default\n   interface:\n   - name: ethernet-1/2.0\n\n\n"
}

TASK [Deploy initial configuration] ********************************************
included: /home/pipi/netlab_gh/netsim/ansible/tasks/deploy-config/srlinux.yml for dut

TASK [Generate JSON-RPC YAML configuration] ************************************
ok: [dut]

TASK [Update SRL initial node configuration (template=/work/netlab_cicd/node_files/dut/initial)] ***
changed: [dut]

TASK [debug] *******************************************************************
skipping: [dut]

PLAY [Deploy module-specific configurations] ***********************************

TASK [Set variables that cannot be set with VARS] ******************************
ok: [dut]

TASK [Deploy individual configuration modules] *********************************
included: /home/pipi/netlab_gh/netsim/ansible/tasks/deploy-module.yml for dut => (item=routing)
included: /home/pipi/netlab_gh/netsim/ansible/tasks/deploy-module.yml for dut => (item=ospf)
included: /home/pipi/netlab_gh/netsim/ansible/tasks/deploy-module.yml for dut => (item=bgp)
included: /home/pipi/netlab_gh/netsim/ansible/tasks/deploy-module.yml for dut => (item=mpls)

TASK [Figure out whether to deploy the module routing on current device] *******
ok: [dut]

TASK [Find configuration template for routing] *********************************
skipping: [dut]

TASK [fail] ********************************************************************
skipping: [dut]

TASK [Find configuration deployment deploy_script for routing] *****************
skipping: [dut]

TASK [Print deployed configuration when running in verbose mode] ***************
skipping: [dut]

TASK [Deploy routing configuration] ********************************************
skipping: [dut]

TASK [Figure out whether to deploy the module ospf on current device] **********
ok: [dut]

TASK [Find configuration template for ospf] ************************************
ok: [dut]

TASK [fail] ********************************************************************
skipping: [dut]

TASK [Find configuration deployment deploy_script for ospf] ********************
ok: [dut]

TASK [Print deployed configuration when running in verbose mode] ***************
ok: [dut] => {
    "msg": "ospf configuration for dut\n=========================================\nupdates:\n\n\n- path: /network-instance[name=default]\n  value:\n    router-id: 10.0.0.5\n    protocols:\n      ospf:\n        instance:\n        - name: \"0\"\n          version: ospf-v2\n          admin-state: enable\n          max-ecmp-paths: 64\n          ldp-synchronization: { }\n          area:\n          - area-id: 0.0.0.0\n            interface:\n            - interface-name: system0.0\n              passive: True\n          - area-id: 0.0.0.0\n            interface:\n            - interface-name: ethernet-1/1.0\n              interface-type: \"point-to-point\"\n              failure-detection:\n                enable-bfd: False\n          - area-id: 0.0.0.0\n            interface:\n            - interface-name: ethernet-1/2.0\n              interface-type: \"point-to-point\"\n              failure-detection:\n                enable-bfd: False\n\n"
}

TASK [Deploy ospf configuration] ***********************************************
included: /home/pipi/netlab_gh/netsim/ansible/tasks/deploy-config/srlinux.yml for dut

TASK [Generate JSON-RPC YAML configuration] ************************************
ok: [dut]

TASK [Update SRL ospf node configuration (template=/work/netlab_cicd/node_files/dut/ospf)] ***
changed: [dut]

TASK [debug] *******************************************************************
skipping: [dut]

TASK [Figure out whether to deploy the module bgp on current device] ***********
ok: [dut]

TASK [Find configuration template for bgp] *************************************
skipping: [dut]

TASK [fail] ********************************************************************
skipping: [dut]

TASK [Find configuration deployment deploy_script for bgp] *********************
skipping: [dut]

TASK [Print deployed configuration when running in verbose mode] ***************
skipping: [dut]

TASK [Deploy bgp configuration] ************************************************
skipping: [dut]

TASK [Figure out whether to deploy the module mpls on current device] **********
ok: [dut]

TASK [Find configuration template for mpls] ************************************
ok: [dut]

TASK [fail] ********************************************************************
skipping: [dut]

TASK [Find configuration deployment deploy_script for mpls] ********************
ok: [dut]

TASK [Print deployed configuration when running in verbose mode] ***************
ok: [dut] => {
    "msg": "mpls configuration for dut\n=========================================\nupdates:\n- path: /system/mpls/label-ranges/dynamic[name=ldp]\n  value:\n    start-label: 10000\n    end-label: 15000\n\n- path: /network-instance[name=default]/mpls\n  value:\n    icmp-tunneling: true\n\n- path: /network-instance[name=default]/protocols/ldp\n  value:\n    admin-state: enable\n    dynamic-label-block: ldp\n\n    discovery:\n      interfaces:\n        interface:\n        - name: \"ethernet-1/1.0\"\n          ipv4:\n            admin-state: enable\n        - name: \"ethernet-1/2.0\"\n          ipv4:\n            admin-state: enable\n\n"
}

TASK [Deploy mpls configuration] ***********************************************
included: /home/pipi/netlab_gh/netsim/ansible/tasks/deploy-config/srlinux.yml for dut

TASK [Generate JSON-RPC YAML configuration] ************************************
ok: [dut]

TASK [Update SRL mpls node configuration (template=/work/netlab_cicd/node_files/dut/mpls)] ***
changed: [dut]

TASK [debug] *******************************************************************
skipping: [dut]

PLAY [Deploy custom deployment templates] **************************************
skipping: no hosts matched

PLAY RECAP *********************************************************************
dut                        : ok=30   changed=3    unreachable=0    failed=0    skipped=16   rescued=0    ignored=0   

Results of configuration script deployments
================================================================================
h1               Script:  initial,routing
h2               Script:  initial,routing
pe1              Script:  initial,ospf,bgp,mpls
pe2              Script:  initial,ospf,bgp,mpls
p2               Script:  initial,ospf,mpls


The tested device (DUT) is a P-router. It runs OSPF and LDP with another
P-router and a PE-router, and performs label switching. The validation test
checks end-to-end connectivity across a BGP-free MPLS core.

