Creating Device configuration snippets
[CREATED] h1: initial,routing
[CREATED] h2: initial,routing
[CREATED] dut: initial,ospf,bgp,mpls
[CREATED] pe2: initial,ospf,bgp,mpls
[CREATED] p1: initial,ospf,mpls
[CREATED] p2: initial,ospf,mpls
Config Deploying device configurations
 [INFO] Executing initial configuration for node h1 (namespace clab-
          ml-17-h1)
 [INFO] Executing initial configuration for node h2 (namespace clab-
          ml-17-h2)
 [INFO] Executing initial configuration for node pe2
 [INFO] Executing initial configuration for node p1
 [INFO] Executing initial configuration for node p2
 [INFO] Executing routing configuration for node h1 (namespace clab-
          ml-17-h1)
 [INFO] Executing routing configuration for node h2 (namespace clab-
          ml-17-h2)
 [INFO] Executing ospf configuration for node p2
 [INFO] Executing ospf configuration for node p1
 [INFO] Executing ospf configuration for node pe2
 [INFO] Executing bgp configuration for node pe2
 [INFO] Executing mpls configuration for node p1
 [INFO] Executing mpls configuration for node p2
 [INFO] Executing mpls configuration for node pe2
 [INFO] Starting Ansible playbook to deploy the rest of the
          configurations
[WARNING]: Found variable using reserved name: hosts

PLAY [Deploy initial device configuration] *************************************

TASK [Set variables that cannot be set with VARS] ******************************
ok: [dut]

TASK [Deploy initial configuration] ********************************************
included: /home/pipi/netlab_gh/netsim/ansible/tasks/deploy-module.yml for dut

TASK [Figure out whether to deploy the module initial on current device] *******
ok: [dut]

TASK [Find configuration template for initial] *********************************
ok: [dut]

TASK [fail] ********************************************************************
skipping: [dut]

TASK [Find configuration deployment deploy_script for initial] *****************
ok: [dut]

TASK [Print deployed configuration when running in verbose mode] ***************
ok: [dut] => {
    "msg": "initial configuration for dut\n=========================================\n\nupdates:\n\n- path: /interface[name=system0]/subinterface[index=0]\n  value:\n   description: \"No description\"\n   admin-state: enable\n   ipv4:\n    admin-state: enable\n    address:\n    - ip-prefix: \"10.0.0.3/32\"\n\n- path: /interface[name=ethernet-1/1]\n  value:\n   description: \"dut ~ h1\"\n   subinterface:\n    index: 0\n    description: \"dut ~ h1\"\n\n- path: /interface[name=ethernet-1/1]/subinterface[index=0]\n  value:\n   description: \"dut ~ h1\"\n   admin-state: enable\n   ipv4:\n    admin-state: enable\n    address:\n    - ip-prefix: \"172.16.0.3/24\"\n      primary: [null]\n\n- path: /interface[name=ethernet-1/2]\n  value:\n   description: \"dut ~ p1\"\n   subinterface:\n    index: 0\n    description: \"dut ~ p1\"\n\n- path: /interface[name=ethernet-1/2]/subinterface[index=0]\n  value:\n   description: \"dut ~ p1\"\n   admin-state: enable\n   ipv4:\n    admin-state: enable\n    address:\n    - ip-prefix: \"10.1.0.1/30\"\n      primary: [null]\n\n\n\n- path: /network-instance[name=default]\n  value:\n   type: default\n   interface:\n   - name: system0.0\n\n- path: /network-instance[name=default]\n  value:\n   type: default\n   interface:\n   - name: ethernet-1/1.0\n- path: /network-instance[name=default]\n  value:\n   type: default\n   interface:\n   - name: ethernet-1/2.0\n\n\n"
}

TASK [Deploy initial configuration] ********************************************
included: /home/pipi/netlab_gh/netsim/ansible/tasks/deploy-config/srlinux.yml for dut

TASK [Generate JSON-RPC YAML configuration] ************************************
ok: [dut]

TASK [Update SRL initial node configuration (template=/work/netlab_cicd/node_files/dut/initial)] ***
changed: [dut]

TASK [debug] *******************************************************************
skipping: [dut]

PLAY [Deploy module-specific configurations] ***********************************

TASK [Set variables that cannot be set with VARS] ******************************
ok: [dut]

TASK [Deploy individual configuration modules] *********************************
included: /home/pipi/netlab_gh/netsim/ansible/tasks/deploy-module.yml for dut => (item=routing)
included: /home/pipi/netlab_gh/netsim/ansible/tasks/deploy-module.yml for dut => (item=ospf)
included: /home/pipi/netlab_gh/netsim/ansible/tasks/deploy-module.yml for dut => (item=bgp)
included: /home/pipi/netlab_gh/netsim/ansible/tasks/deploy-module.yml for dut => (item=mpls)

TASK [Figure out whether to deploy the module routing on current device] *******
ok: [dut]

TASK [Find configuration template for routing] *********************************
skipping: [dut]

TASK [fail] ********************************************************************
skipping: [dut]

TASK [Find configuration deployment deploy_script for routing] *****************
skipping: [dut]

TASK [Print deployed configuration when running in verbose mode] ***************
skipping: [dut]

TASK [Deploy routing configuration] ********************************************
skipping: [dut]

TASK [Figure out whether to deploy the module ospf on current device] **********
ok: [dut]

TASK [Find configuration template for ospf] ************************************
ok: [dut]

TASK [fail] ********************************************************************
skipping: [dut]

TASK [Find configuration deployment deploy_script for ospf] ********************
ok: [dut]

TASK [Print deployed configuration when running in verbose mode] ***************
ok: [dut] => {
    "msg": "ospf configuration for dut\n=========================================\nupdates:\n\n\n- path: /network-instance[name=default]\n  value:\n    router-id: 10.0.0.3\n    protocols:\n      ospf:\n        instance:\n        - name: \"0\"\n          version: ospf-v2\n          admin-state: enable\n          max-ecmp-paths: 64\n          ldp-synchronization: { }\n          area:\n          - area-id: 0.0.0.0\n            interface:\n            - interface-name: system0.0\n              passive: True\n       # OSPF not configured on external interface ethernet-1/1\n          - area-id: 0.0.0.0\n            interface:\n            - interface-name: ethernet-1/2.0\n              interface-type: \"point-to-point\"\n              failure-detection:\n                enable-bfd: False\n\n"
}

TASK [Deploy ospf configuration] ***********************************************
included: /home/pipi/netlab_gh/netsim/ansible/tasks/deploy-config/srlinux.yml for dut

TASK [Generate JSON-RPC YAML configuration] ************************************
ok: [dut]

TASK [Update SRL ospf node configuration (template=/work/netlab_cicd/node_files/dut/ospf)] ***
changed: [dut]

TASK [debug] *******************************************************************
skipping: [dut]

TASK [Figure out whether to deploy the module bgp on current device] ***********
ok: [dut]

TASK [Find configuration template for bgp] *************************************
ok: [dut]

TASK [fail] ********************************************************************
skipping: [dut]

TASK [Find configuration deployment deploy_script for bgp] *********************
ok: [dut]

TASK [Print deployed configuration when running in verbose mode] ***************
ok: [dut] => {
    "msg": "bgp configuration for dut\n=========================================\nupdates:\n\n- path: /routing-policy/policy[name=accept_all]\n  value:\n    default-action:\n      policy-result: accept\n\n- path: /routing-policy/community-set[name=ibgp-mark]\n  value:\n    member: [ \"65536:0:65536\" ]\n\n- path: /routing-policy/policy[name=ibgp-mark]\n  value:\n    default-action:\n      policy-result: reject\n    statement:\n    - name: mark-ibgp-routes\n      action:\n        bgp:\n          communities:\n            add: ibgp-mark\n        policy-result: accept\n\n- path: /routing-policy/prefix-set[name=default_bgp_advertise]\n  value:\n    prefix: [] # Make sure it exists\n\n- path: /routing-policy/policy[name=default_bgp_export]\n  value:\n    default-action:\n      policy-result: reject\n    statement:\n    - name: prefixes\n      match:\n       prefix:\n        prefix-set: default_bgp_advertise\n      action:\n        policy-result: next-policy\n    - name: bgp\n      match:\n        protocol: bgp\n      action:\n        policy-result: next-policy\n        bgp:\n          communities:\n            remove:\n              ibgp-mark\n\n\n- path: /network-instance[name=default]/protocols/bgp\n  value:\n    admin-state: enable\n    autonomous-system: 65001\n    router-id: 10.0.0.3\n    ebgp-default-policy:\n      export-reject-all: False\n      import-reject-all: False\n\n    afi-safi:\n    - afi-safi-name: ipv4-unicast\n      admin-state: enable\n\n- path: /routing-policy/prefix-set[name=default_bgp_advertise]\n  value:\n    prefix:\n    - ip-prefix: 10.0.0.3/32\n      mask-length-range: exact\n\n- path: /routing-policy/prefix-set[name=default_bgp_advertise]\n  value:\n    prefix:\n    - ip-prefix: 172.16.0.0/24\n      mask-length-range: exact\n\n\n\n- path: /network-instance[name=default]/protocols/bgp/group[group-name=ibgp-ipv4]\n  value:\n    admin-state: enable\n# neighbor: {'name': 'pe2', 'as': 65001, 'type': 'ibgp', 'ipv4': '10.0.0.4', '_source_intf': {'type': 'loopback', 'neighbors': [], 'virtual_interface': True, 'ifindex': 0, 'ifname': 'lo0.0', 'ipv4': '10.0.0.3/32', 'ospf': {'area': '0.0.0.0', 'passive': False}}, 'next_hop_self': 'ebgp', 'activate': {'ipv4': True}}\n# ipv4: True\n# ipv6: True\n    afi-safi:\n    - afi-safi-name: ipv4-unicast\n      admin-state: enable\n      send-community-type: ['standard', 'large', 'extended']\n\n      import-policy: ['accept_all']\n      export-policy: ['default_bgp_export', 'accept_all']\n    - afi-safi-name: ipv6-unicast\n      admin-state: disable\n      send-community-type: ['standard', 'large', 'extended']\n\n      import-policy: ['accept_all']\n      export-policy: ['default_bgp_export', 'accept_all']\n\n    timers:\n      connect-retry: 10\n      _annotate_connect-retry: \"Reduce default 120s to 10s\"\n      minimum-advertisement-interval: 1\n    peer-as: 65001\n    transport:\n      local-address: 10.0.0.3\n    next-hop-self: True\n\n\n- path: /network-instance[name=default]/protocols/bgp\n  value:\n    neighbor:\n    - peer-address: \"10.0.0.4\"\n      description: pe2\n      peer-group: ibgp-ipv4\n  # neighbor: {'name': 'pe2', 'as': 65001, 'type': 'ibgp', 'ipv4': '10.0.0.4', '_source_intf': {'type': 'loopback', 'neighbors': [], 'virtual_interface': True, 'ifindex': 0, 'ifname': 'lo0.0', 'ipv4': '10.0.0.3/32', 'ospf': {'area': '0.0.0.0', 'passive': False}}, 'next_hop_self': 'ebgp', 'activate': {'ipv4': True}}\n  # ipv4: True\n  # ipv6: False\n      afi-safi:\n      - afi-safi-name: ipv4-unicast\n        admin-state: enable\n        send-community-type: ['standard', 'large', 'extended']\n\n      - afi-safi-name: ipv6-unicast\n        admin-state: disable\n\n\n- path: /network-instance[name=default]/protocols/bgp/afi-safi[afi-safi-name=ipv4-unicast]/ipv4-unicast/next-hop-resolution\n  value:\n    ipv4-next-hops:\n      tunnel-resolution:\n        mode: prefer\n        _annotate_mode: \"tunnel-table lookup over FIB\"\n        allowed-tunnel-types: [ ldp ]\n    \n"
}

TASK [Deploy bgp configuration] ************************************************
included: /home/pipi/netlab_gh/netsim/ansible/tasks/deploy-config/srlinux.yml for dut

TASK [Generate JSON-RPC YAML configuration] ************************************
ok: [dut]

TASK [Update SRL bgp node configuration (template=/work/netlab_cicd/node_files/dut/bgp)] ***
changed: [dut]

TASK [debug] *******************************************************************
skipping: [dut]

TASK [Figure out whether to deploy the module mpls on current device] **********
ok: [dut]

TASK [Find configuration template for mpls] ************************************
ok: [dut]

TASK [fail] ********************************************************************
skipping: [dut]

TASK [Find configuration deployment deploy_script for mpls] ********************
ok: [dut]

TASK [Print deployed configuration when running in verbose mode] ***************
ok: [dut] => {
    "msg": "mpls configuration for dut\n=========================================\nupdates:\n- path: /system/mpls/label-ranges/dynamic[name=ldp]\n  value:\n    start-label: 10000\n    end-label: 15000\n\n- path: /network-instance[name=default]/mpls\n  value:\n    icmp-tunneling: true\n\n- path: /network-instance[name=default]/protocols/ldp\n  value:\n    admin-state: enable\n    dynamic-label-block: ldp\n\n    discovery:\n      interfaces:\n        interface:\n        - name: \"ethernet-1/2.0\"\n          ipv4:\n            admin-state: enable\n\n"
}

TASK [Deploy mpls configuration] ***********************************************
included: /home/pipi/netlab_gh/netsim/ansible/tasks/deploy-config/srlinux.yml for dut

TASK [Generate JSON-RPC YAML configuration] ************************************
ok: [dut]

TASK [Update SRL mpls node configuration (template=/work/netlab_cicd/node_files/dut/mpls)] ***
changed: [dut]

TASK [debug] *******************************************************************
skipping: [dut]

PLAY [Deploy custom deployment templates] **************************************
skipping: no hosts matched

PLAY RECAP *********************************************************************
dut                        : ok=36   changed=4    unreachable=0    failed=0    skipped=13   rescued=0    ignored=0   

Results of configuration script deployments
================================================================================
h1               Script:  initial,routing
h2               Script:  initial,routing
pe2              Script:  initial,ospf,bgp,mpls
p1               Script:  initial,ospf,mpls
p2               Script:  initial,ospf,mpls


The tested device (DUT) is a PE-router. It runs OSPF and LDP with a P-router
and an IBGP session with another PE-router. It has to perform IP-to-MPLS
encapsulation to get the traffic across the BGP-free MPLS core.

The validation test checks end-to-end connectivity across a BGP-free MPLS core
between a set of linux hosts attached to the PE-routers.

