Using transformed lab topology from snapshot file netlab.snapshot.pickle
Checking virtualization provider installation
OK: clab installed and working correctly
Starting clab nodes
Loading Linux kernel modules mpls-router,mpls-iptunnel required by containers using mpls module
provider clab: executing flock -E 42 /tmp/netlab.lock sudo -E containerlab deploy --reconfigure -t clab.yml
09:50:42 INFO Containerlab started version=0.75.0
09:50:42 INFO Parsing & checking topology file=clab.yml
09:50:42 INFO Removing directory path=/work/netlab_cicd/clab-ml-17
09:50:42 INFO Creating docker network name=nl_mgmt_17 IPv4 subnet=192.168.17.0/24 IPv6 subnet="" MTU=0
09:50:42 INFO Creating lab directory path=/work/netlab_cicd/clab-ml-17
09:50:42 INFO Creating container name=pe2
09:50:42 INFO Creating container name=h1
09:50:42 INFO Creating container name=core
09:50:42 INFO Creating container name=pe1
09:50:42 INFO Creating container name=h2
09:50:42 INFO Creating container name=dut
09:50:43 INFO Created link: core:eth1 ▪┄┄▪ dut:e1-1
09:50:43 INFO Running postdeploy actions kind=srl node=dut
09:50:43 INFO Created link: h2:eth1 ▪┄┄▪ pe2:eth2
09:50:43 INFO Created link: pe2:eth1 ▪┄┄▪ core:eth3
09:50:43 INFO Created link: pe1:eth1 ▪┄┄▪ core:eth2
09:50:43 INFO Created link: h1:eth1 ▪┄┄▪ pe1:eth2
09:50:55 INFO Executed command node=pe1 command="sleep 1" stdout=""
09:50:55 INFO Executed command node=pe2 command="sleep 1" stdout=""
09:50:55 INFO Executed command node=core command="sleep 1" stdout=""
09:50:55 INFO Adding host entries path=/etc/hosts
09:50:55 INFO Adding SSH config for nodes path=/etc/ssh/ssh_config.d/clab-ml-17.conf
09:50:55 INFO containerlab version
  🎉=
  │ A newer containerlab version (0.76.1) is available!
  │ Release notes: https://containerlab.dev/rn/0.76/#0761
  │ Run 'clab version upgrade' or see https://containerlab.dev/install/ for other installation options.
[1m╭[0m[1m─────────────────[0m[1m┬[0m[1m──────────────────────────────[0m[1m┬[0m[1m─────────[0m[1m┬[0m[1m────────────────[0m[1m╮[0m
[1m│[0m[1m       Name      [0m[1m│[0m[1m          Kind/Image          [0m[1m│[0m[1m  State  [0m[1m│[0m[1m IPv4/6 Address [0m[1m│[0m
[1m├[0m[1m─────────────────[0m[1m┼[0m[1m──────────────────────────────[0m[1m┼[0m[1m─────────[0m[1m┼[0m[1m────────────────[0m[1m┤[0m
│ clab-ml-17-core │ linux                        │ running │ 192.168.17.105 │
│                 │ quay.io/frrouting/frr:10.6.1 │         │ N/A            │
├─────────────────┼──────────────────────────────┼─────────┼────────────────┤
│ clab-ml-17-dut  │ srl                          │ running │ 192.168.17.106 │
│                 │ ghcr.io/nokia/srlinux:26.3.2 │         │ N/A            │
├─────────────────┼──────────────────────────────┼─────────┼────────────────┤
│ clab-ml-17-h1   │ linux                        │ running │ 192.168.17.101 │
│                 │ python:3.13-alpine           │         │ N/A            │
├─────────────────┼──────────────────────────────┼─────────┼────────────────┤
│ clab-ml-17-h2   │ linux                        │ running │ 192.168.17.102 │
│                 │ python:3.13-alpine           │         │ N/A            │
├─────────────────┼──────────────────────────────┼─────────┼────────────────┤
│ clab-ml-17-pe1  │ linux                        │ running │ 192.168.17.103 │
│                 │ quay.io/frrouting/frr:10.6.1 │         │ N/A            │
├─────────────────┼──────────────────────────────┼─────────┼────────────────┤
│ clab-ml-17-pe2  │ linux                        │ running │ 192.168.17.104 │
│                 │ quay.io/frrouting/frr:10.6.1 │         │ N/A            │
╰─────────────────┴──────────────────────────────┴─────────┴────────────────╯

Initial configuration skipped, run 'netlab initial' to configure the devices
