Creating Device configuration snippets
[CREATED] dut: initial,services,ospf
[CREATED] nms: initial,dhcp,services,routing
[CREATED] x1: initial,services,ospf
Config Deploying device configurations
 [INFO] Executing initial configuration for node nms (namespace clab-
          ml-17-nms)
 [INFO] Executing initial configuration for node x1
 [INFO] Executing routing configuration for node nms (namespace clab-
          ml-17-nms)
 [INFO] Executing services configuration for node x1
 [INFO] Executing ospf configuration for node x1
 [INFO] Starting Ansible playbook to deploy the rest of the
          configurations
[WARNING]: Found variable using reserved name: hosts

PLAY [Deploy initial device configuration] *************************************

TASK [Set variables that cannot be set with VARS] ******************************
ok: [dut]

TASK [Deploy initial configuration] ********************************************
included: /home/pipi/net101/tools/netsim/ansible/tasks/deploy-module.yml for dut

TASK [Figure out whether to deploy the module initial on current device] *******
ok: [dut]

TASK [Find configuration template for initial] *********************************
ok: [dut]

TASK [fail] ********************************************************************
skipping: [dut]

TASK [Find configuration deployment deploy_script for initial] *****************
ok: [dut]

TASK [Print deployed configuration when running in verbose mode] ***************
ok: [dut] => {
    "msg": "initial configuration for dut\n=========================================\n\nupdates:\n\n- path: /interface[name=system0]/subinterface[index=0]\n  value:\n   description: \"No description\"\n   admin-state: enable\n   ipv4:\n    admin-state: enable\n    address:\n    - ip-prefix: \"10.0.0.1/32\"\n\n- path: /interface[name=ethernet-1/1]\n  value:\n   description: \"dut ~ nms,x1\"\n   subinterface:\n    index: 0\n    description: \"dut ~ nms,x1\"\n\n- path: /interface[name=ethernet-1/1]/subinterface[index=0]\n  value:\n   description: \"dut ~ nms,x1\"\n   admin-state: enable\n   ipv4:\n    admin-state: enable\n    address:\n    - ip-prefix: \"172.16.0.1/24\"\n      primary: [null]\n\n\n\n- path: /network-instance[name=default]\n  value:\n    type: default\n    interface:\n    - name: system0.0\n\n- path: /network-instance[name=default]\n  value:\n    type: default\n    interface:\n    - name: ethernet-1/1.0\n\n\n\n- path: /system/dns-instance[name=default]\n  value:\n    network-instance: default\n    host-entry:\n    - name: \"nms\"\n      ipv4-address: ['172.16.0.2']\n    - name: \"x1\"\n      ipv4-address: ['10.0.0.3', '172.16.0.3']\n"
}

TASK [Deploy initial configuration] ********************************************
included: /home/pipi/net101/tools/netsim/ansible/tasks/deploy-config/srlinux.yml for dut

TASK [Generate JSON-RPC YAML configuration] ************************************
ok: [dut]

TASK [Update SRL initial node configuration (template=/work/netlab_cicd/node_files/dut/initial)] ***
changed: [dut]

TASK [debug] *******************************************************************
skipping: [dut]

PLAY [Deploy module-specific configurations] ***********************************

TASK [Set variables that cannot be set with VARS] ******************************
ok: [dut]

TASK [Deploy individual configuration modules] *********************************
included: /home/pipi/net101/tools/netsim/ansible/tasks/deploy-module.yml for dut => (item=services)
included: /home/pipi/net101/tools/netsim/ansible/tasks/deploy-module.yml for dut => (item=dhcp)
included: /home/pipi/net101/tools/netsim/ansible/tasks/deploy-module.yml for dut => (item=routing)
included: /home/pipi/net101/tools/netsim/ansible/tasks/deploy-module.yml for dut => (item=ospf)

TASK [Figure out whether to deploy the module services on current device] ******
ok: [dut]

TASK [Find configuration template for services] ********************************
ok: [dut]

TASK [fail] ********************************************************************
skipping: [dut]

TASK [Find configuration deployment deploy_script for services] ****************
ok: [dut]

TASK [Print deployed configuration when running in verbose mode] ***************
ok: [dut] => {
    "msg": "services configuration for dut\n=========================================\nupdates:\n- path: /system/logging\n  value:\n    remote-server:\n    - host: 172.16.0.2\n      network-instance: default\n      transport: udp\n      facility:\n      - facility-name: all\n        priority:\n          match-above: informational\n"
}

TASK [Deploy services configuration] *******************************************
included: /home/pipi/net101/tools/netsim/ansible/tasks/deploy-config/srlinux.yml for dut

TASK [Generate JSON-RPC YAML configuration] ************************************
ok: [dut]

TASK [Update SRL services node configuration (template=/work/netlab_cicd/node_files/dut/services)] ***
changed: [dut]

TASK [debug] *******************************************************************
skipping: [dut]

TASK [Figure out whether to deploy the module dhcp on current device] **********
ok: [dut]

TASK [Find configuration template for dhcp] ************************************
skipping: [dut]

TASK [fail] ********************************************************************
skipping: [dut]

TASK [Find configuration deployment deploy_script for dhcp] ********************
skipping: [dut]

TASK [Print deployed configuration when running in verbose mode] ***************
skipping: [dut]

TASK [Deploy dhcp configuration] ***********************************************
skipping: [dut]

TASK [Figure out whether to deploy the module routing on current device] *******
ok: [dut]

TASK [Find configuration template for routing] *********************************
skipping: [dut]

TASK [fail] ********************************************************************
skipping: [dut]

TASK [Find configuration deployment deploy_script for routing] *****************
skipping: [dut]

TASK [Print deployed configuration when running in verbose mode] ***************
skipping: [dut]

TASK [Deploy routing configuration] ********************************************
skipping: [dut]

TASK [Figure out whether to deploy the module ospf on current device] **********
ok: [dut]

TASK [Find configuration template for ospf] ************************************
ok: [dut]

TASK [fail] ********************************************************************
skipping: [dut]

TASK [Find configuration deployment deploy_script for ospf] ********************
ok: [dut]

TASK [Print deployed configuration when running in verbose mode] ***************
ok: [dut] => {
    "msg": "ospf configuration for dut\n=========================================\nupdates:\n\n\n- path: /network-instance[name=default]\n  value:\n    router-id: 10.0.0.1\n    protocols:\n      ospf:\n        instance:\n        - name: \"0\"\n          version: ospf-v2\n          admin-state: enable\n          max-ecmp-paths: 64\n          area:\n          - area-id: 0.0.0.0\n            interface:\n            - interface-name: system0.0\n              passive: True\n          - area-id: 0.0.0.0\n            interface:\n            - interface-name: ethernet-1/1.0\n              interface-type: \"point-to-point\"\n              failure-detection:\n                enable-bfd: False\n\n"
}

TASK [Deploy ospf configuration] ***********************************************
included: /home/pipi/net101/tools/netsim/ansible/tasks/deploy-config/srlinux.yml for dut

TASK [Generate JSON-RPC YAML configuration] ************************************
ok: [dut]

TASK [Update SRL ospf node configuration (template=/work/netlab_cicd/node_files/dut/ospf)] ***
changed: [dut]

TASK [debug] *******************************************************************
skipping: [dut]

PLAY [Deploy custom deployment templates] **************************************
skipping: no hosts matched

PLAY RECAP *********************************************************************
dut                        : ok=30   changed=3    unreachable=0    failed=0    skipped=16   rescued=0    ignored=0   

Results of configuration script deployments
================================================================================
nms              Script:  initial,routing
x1               Script:  initial,services,ospf


The test checks the syslog client configuration on DUT. An OSPFv2
session is established between X1 and DUT, and we expect DUT to log it
to the syslog server.

