Using transformed lab topology from snapshot file netlab.snapshot.pickle
Checking virtualization provider installation
OK: clab installed and working correctly
Starting clab nodes
 [INFO] Setting containerlab runtime to docker
provider clab: executing flock -E 42 /tmp/netlab.lock containerlab deploy --reconfigure -t clab.yml
08:19:03 INFO Containerlab started version=0.79.0
08:19:03 INFO Parsing & checking topology file=clab.yml
08:19:03 INFO Removing directory path=/work/netlab_cicd/clab-ml-17
08:19:03 INFO Creating docker network name=nl_mgmt_17 IPv4 subnet=192.168.17.0/24 IPv6 subnet=fd00:df:1ab:17::/64 MTU=0
08:19:04 INFO Creating lab directory path=/work/netlab_cicd/clab-ml-17
08:19:04 INFO Creating container name=nms
08:19:04 INFO Creating container name=x1
08:19:04 INFO Creating container name=dut
08:19:04 INFO Created link: dut:e1-2 ▪┄┄▪ x1:eth1
08:19:04 INFO Running postdeploy actions kind=srl node=dut
08:19:04 INFO Created link: dut:e1-1 ▪┄┄▪ nms:eth1
08:19:15 INFO Executed command node=x1 command="sleep 1" stdout=""
08:19:15 INFO Adding host entries path=/etc/hosts
08:19:15 INFO Adding SSH config for nodes path=/etc/ssh/ssh_config.d/clab-ml-17.conf
[1m╭[0m[1m────────────────[0m[1m┬[0m[1m──────────────────────────────[0m[1m┬[0m[1m─────────[0m[1m┬[0m[1m───────────────────[0m[1m╮[0m
[1m│[0m[1m      Name      [0m[1m│[0m[1m          Kind/Image          [0m[1m│[0m[1m  State  [0m[1m│[0m[1m   IPv4/6 Address  [0m[1m│[0m
[1m├[0m[1m────────────────[0m[1m┼[0m[1m──────────────────────────────[0m[1m┼[0m[1m─────────[0m[1m┼[0m[1m───────────────────[0m[1m┤[0m
│ clab-ml-17-dut │ srl                          │ running │ 192.168.17.101    │
│                │ ghcr.io/nokia/srlinux:26.7.2 │         │ fd00:df:1ab:17::3 │
├────────────────┼──────────────────────────────┼─────────┼───────────────────┤
│ clab-ml-17-nms │ linux                        │ running │ 192.168.17.102    │
│                │ netlab/dnsmasq:latest        │         │ fd00:df:1ab:17::4 │
├────────────────┼──────────────────────────────┼─────────┼───────────────────┤
│ clab-ml-17-x1  │ linux                        │ running │ 192.168.17.103    │
│                │ quay.io/frrouting/frr:10.6.1 │         │ fd00:df:1ab:17::2 │
╰────────────────┴──────────────────────────────┴─────────┴───────────────────╯

Initial configuration skipped, run 'netlab initial' to configure the devices
