Using transformed lab topology from snapshot file netlab.snapshot.pickle
Checking virtualization provider installation
OK: clab installed and working correctly
Starting clab nodes
Loading Linux kernel modules mpls-router,mpls-iptunnel required by containers using mpls module
provider clab: executing sudo -E containerlab deploy --reconfigure -t clab.yml
04:53:16 INFO Containerlab started version=0.74.2
04:53:16 INFO Parsing & checking topology file=clab.yml
04:53:16 INFO Removing directory path=/work/netlab_cicd/clab-ml-17
04:53:16 INFO Creating docker network name=nl_mgmt_17 IPv4 subnet=192.168.17.0/24 IPv6 subnet="" MTU=0
04:53:16 INFO Creating lab directory path=/work/netlab_cicd/clab-ml-17
04:53:16 INFO Creating container name=dut
04:53:16 INFO Creating container name=core
04:53:16 INFO Creating container name=h2
04:53:16 INFO Creating container name=h1
04:53:16 INFO Creating container name=pe2
04:53:17 INFO Created link: dut:FH0_0_0_0 ▪┄┄▪ core:eth1
04:53:17 INFO Created link: h1:eth1 ▪┄┄▪ dut:FH0_0_0_1
04:53:18 INFO Created link: pe2:et1 ▪┄┄▪ core:eth2
04:53:18 INFO Created link: h2:eth1 ▪┄┄▪ pe2:et2
04:53:18 INFO Running postdeploy actions for Arista cEOS 'pe2' node
04:53:38 INFO Executed command node=core command="sleep 1" stdout=""
04:53:38 INFO Adding host entries path=/etc/hosts
04:53:38 INFO Adding SSH config for nodes path=/etc/ssh/ssh_config.d/clab-ml-17.conf
04:53:38 INFO containerlab version
  🎉=
  │ A newer containerlab version (0.74.3) is available!
  │ Release notes: https://containerlab.dev/rn/0.74/#0743
  │ Run 'clab version upgrade' or see https://containerlab.dev/install/ for other installation options.
[1m╭[0m[1m─────────────────[0m[1m┬[0m[1m──────────────────────────────[0m[1m┬[0m[1m─────────[0m[1m┬[0m[1m────────────────[0m[1m╮[0m
[1m│[0m[1m       Name      [0m[1m│[0m[1m          Kind/Image          [0m[1m│[0m[1m  State  [0m[1m│[0m[1m IPv4/6 Address [0m[1m│[0m
[1m├[0m[1m─────────────────[0m[1m┼[0m[1m──────────────────────────────[0m[1m┼[0m[1m─────────[0m[1m┼[0m[1m────────────────[0m[1m┤[0m
│ clab-ml-17-core │ linux                        │ running │ 192.168.17.105 │
│                 │ quay.io/frrouting/frr:10.6.0 │         │ N/A            │
├─────────────────┼──────────────────────────────┼─────────┼────────────────┤
│ clab-ml-17-dut  │ cisco_c8000                  │ running │ 192.168.17.103 │
│                 │ cisco/cisco-8201-32fh:24.4.1 │         │ N/A            │
├─────────────────┼──────────────────────────────┼─────────┼────────────────┤
│ clab-ml-17-h1   │ linux                        │ running │ 192.168.17.101 │
│                 │ python:3.13-alpine           │         │ N/A            │
├─────────────────┼──────────────────────────────┼─────────┼────────────────┤
│ clab-ml-17-h2   │ linux                        │ running │ 192.168.17.102 │
│                 │ python:3.13-alpine           │         │ N/A            │
├─────────────────┼──────────────────────────────┼─────────┼────────────────┤
│ clab-ml-17-pe2  │ ceos                         │ running │ 192.168.17.104 │
│                 │ ceos:4.35.2F                 │         │ N/A            │
╰─────────────────┴──────────────────────────────┴─────────┴────────────────╯

Initial configuration skipped, run 'netlab initial' to configure the devices
