Checking virtualization provider installation
OK: clab installed and working correctly
Stopping clab nodes
04:56:44 INFO Parsing & checking topology file=clab.yml
04:56:44 INFO Parsing & checking topology file=clab.yml
04:56:44 INFO Destroying lab name=ml-17
04:56:45 INFO Removed container name=clab-ml-17-h2
04:56:45 INFO Removed container name=clab-ml-17-h1
04:56:46 INFO Removed container name=clab-ml-17-core
04:56:46 INFO Removed container name=clab-ml-17-dut
04:56:46 INFO Removed container name=clab-ml-17-pe2
04:56:46 INFO Removing host entries path=/etc/hosts
04:56:46 INFO Removing SSH config path=/etc/ssh/ssh_config.d/clab-ml-17.conf
Cleanup configuration files
... removing clab.yml
... removing ansible.cfg
... removing hosts.yml
... removing directory tree group_vars
... removing directory tree host_vars
... removing directory tree node_files
... removing netlab.snapshot.pickle
