Creating Device configuration snippets
[CREATED] dut: normalize,initial,ospf
[CREATED] x1: initial,ospf
[CREATED] x2: initial,ospf
Checking Are lab devices ready to be configured?
 [INFO] Checking SSH server(s) on dut
Config Normalizing device configurations
 [INFO] Executing normalize configuration for node dut
Config Deploying device configurations
 [INFO] Executing initial configuration for node dut
 [INFO] Executing initial configuration for node x1
 [INFO] Executing initial configuration for node x2
 [INFO] Executing ospf configuration for node x1
 [INFO] Executing ospf configuration for node x2
 [INFO] Executing ospf configuration for node dut
FatalError in initial: ospf configuration in namespace clab-ml-17-dut failed for node dut
... Executed command: docker exec clab-ml-17-dut /mnt/flash/03-ospf.sh
FatalError in initial: Configuration deployment failed
  >  passive-interface Ethernet3

  % OSPF3 instance not enabled or configuration mismatch on interface
  Ethernet3 for IPV6 AF at line 68

Results of configuration script deployments
================================================================================
dut              Failed:  ospf
                 Script:  normalize,initial
x1               Script:  initial,ospf
x2               Script:  initial,ospf

