Creating Device configuration snippets
[CREATED] dut: normalize,initial,routing,ospf,bgp
[CREATED] probe: initial,ospf
[CREATED] xf: initial,bgp
Checking Are lab devices ready to be configured?
 [INFO] Checking SSH server(s) on dut
Config Normalizing device configurations
netmiko:  [INFO] Sent normalize configuration to dut
Config Deploying device configurations
 [INFO] Executing initial configuration for node probe
 [INFO] Executing initial configuration for node xf
 [INFO] Executing bgp configuration for node xf
 [INFO] Executing ospf configuration for node probe
netmiko:  [INFO] Sent initial configuration to dut
netmiko:  [INFO] Sent routing configuration to dut
netmiko:  [INFO] Sent ospf configuration to dut
netmiko:  [INFO] Sent bgp configuration to dut

Results of configuration script deployments
================================================================================
dut              Script:  normalize,initial,routing,ospf,bgp
probe            Script:  initial,ospf
xf               Script:  initial,bgp


This lab tests the conditional OSPFv3 default route origination. The device
under test should originate the default route if the external router
advertises its loopback interface.

