Creating Device configuration snippets
[CREATED] dut: normalize,initial,ospf,vrf
[CREATED] x1: initial,ospf
[CREATED] x2: initial,ospf
Checking Are lab devices ready to be configured?
 [INFO] Checking SSH server(s) on dut
Config Deploying device configurations
 [INFO] Executing normalize configuration for node dut
 [INFO] Executing initial configuration for node x1
 [INFO] Executing initial configuration for node x2
 [INFO] Executing ospf configuration for node x2
 [INFO] Executing ospf configuration for node x1
 [INFO] Executing initial configuration for node dut
 [INFO] Executing ospf configuration for node dut
 [INFO] Executing vrf configuration for node dut

Results of configuration script deployments
================================================================================
dut              Script:  normalize,initial,ospf,vrf
x1               Script:  initial,ospf
x2               Script:  initial,ospf


This lab tests the OSPF interface timers. The device under test must establish
an OSPF adjacency with the probe having custom OSPF hello/dead timers.

The test assumes the device under test supports OSPFv2 in VRFs and configurable
OSPF router ID.

