Using transformed lab topology from snapshot file netlab.snapshot.pickle
Checking virtualization provider installation
OK: clab installed and working correctly
Starting clab nodes
provider clab: executing sudo -E containerlab deploy --reconfigure -t clab.yml
08:04:49 INFO Containerlab started version=0.74.2
08:04:49 INFO Parsing & checking topology file=clab.yml
08:04:49 INFO Removing directory path=/work/netlab_cicd/cisco_c/clab-ml-84
08:04:49 INFO Creating docker network name=nl_mgmt_84 IPv4 subnet=192.168.84.0/24 IPv6 subnet="" MTU=0
08:04:50 INFO Creating lab directory path=/work/netlab_cicd/cisco_c/clab-ml-84
08:04:50 INFO Creating container name=x1
08:04:50 INFO Creating container name=dut
08:04:50 INFO Created link: dut:eth1 (Ethernet0/1) ▪┄┄▪ x1:eth1
08:04:50 INFO Running postdeploy actions for Cisco IOL 'dut' node
08:04:51 INFO Executed command node=x1 command="sleep 1" stdout=""
08:04:51 INFO Adding host entries path=/etc/hosts
08:04:51 INFO Adding SSH config for nodes path=/etc/ssh/ssh_config.d/clab-ml-84.conf
08:04:51 INFO containerlab version
  🎉=
  │ A newer containerlab version (0.74.3) is available!
  │ Release notes: https://containerlab.dev/rn/0.74/#0743
  │ Run 'clab version upgrade' or see https://containerlab.dev/install/ for other installation options.
[1m╭[0m[1m────────────────[0m[1m┬[0m[1m──────────────────────────────[0m[1m┬[0m[1m─────────[0m[1m┬[0m[1m────────────────[0m[1m╮[0m
[1m│[0m[1m      Name      [0m[1m│[0m[1m          Kind/Image          [0m[1m│[0m[1m  State  [0m[1m│[0m[1m IPv4/6 Address [0m[1m│[0m
[1m├[0m[1m────────────────[0m[1m┼[0m[1m──────────────────────────────[0m[1m┼[0m[1m─────────[0m[1m┼[0m[1m────────────────[0m[1m┤[0m
│ clab-ml-84-dut │ cisco_iol                    │ running │ 192.168.84.117 │
│                │ vrnetlab/cisco_iol:17.16.01a │         │ N/A            │
├────────────────┼──────────────────────────────┼─────────┼────────────────┤
│ clab-ml-84-x1  │ linux                        │ running │ 192.168.84.101 │
│                │ quay.io/frrouting/frr:10.6.0 │         │ N/A            │
╰────────────────┴──────────────────────────────┴─────────┴────────────────╯

Initial configuration skipped, run 'netlab initial' to configure the devices
