Creating Device configuration snippets
[CREATED] dut: initial,bgp,vrf,bgp.session
[CREATED] x1: initial,bgp,bgp.session
[CREATED] v1: initial,bgp,bgp.session
Checking Are lab devices ready to be configured?
 [INFO] Checking SSH server(s) on dut
[SSH]     SSH server on node dut (device iol) is ready after 25.4 seconds
Config Deploying device configurations
 [INFO] Executing initial configuration for node x1
 [INFO] Executing initial configuration for node v1
 [INFO] Executing bgp configuration for node v1
 [INFO] Executing bgp configuration for node x1
 [INFO] Executing bgp.session configuration for node x1
 [INFO] Executing bgp.session configuration for node v1
netmiko:  [INFO] Sent initial configuration to dut
netmiko:  [INFO] Sent bgp configuration to dut
netmiko:  [INFO] Sent vrf configuration to dut
netmiko:  [INFO] Sent bgp.session configuration to dut

Results of configuration script deployments
================================================================================
dut              Script:  initial,bgp,vrf,bgp.session
x1               Script:  initial,bgp,bgp.session
v1               Script:  initial,bgp,bgp.session


This lab tests the BGP MD5 password functionality. The EBGP session between the probe and the lab device should be established.
