Creating Device configuration snippets
[CREATED] dut: initial,bgp,bgp.session
[CREATED] r1: initial,bgp,bgp.session
[CREATED] r2: initial,bgp,bgp.session
Checking Are lab devices ready to be configured?
 [INFO] Checking SSH server(s) on dut
[SSH]     SSH server on node dut (device iol) is ready after 25.4 seconds
Config Deploying device configurations
 [INFO] Executing initial configuration for node r1
 [INFO] Executing initial configuration for node r2
 [INFO] Executing bgp configuration for node r1
 [INFO] Executing bgp configuration for node r2
 [INFO] Executing bgp.session configuration for node r1
 [INFO] Executing bgp.session configuration for node r2
netmiko:  [INFO] Sent initial configuration to dut
netmiko:  [INFO] Sent bgp configuration to dut
netmiko:  [INFO] Sent bgp.session configuration to dut

Results of configuration script deployments
================================================================================
dut              Script:  initial,bgp,bgp.session
r1               Script:  initial,bgp,bgp.session
r2               Script:  initial,bgp,bgp.session


Use this topology to test the 'route server' functionality. The DUT has to act
as a route server, propagating routes without adding its AS number to the AS path.

