Checking virtualization provider installation
OK: clab installed and working correctly
Stopping clab nodes
provider clab: executing flock -E 42 /tmp/netlab.lock sudo -E containerlab destroy --cleanup -t clab.yml
01:01:13 INFO Parsing & checking topology file=clab.yml
01:01:13 INFO Parsing & checking topology file=clab.yml
01:01:13 INFO Destroying lab name=ml-31
01:01:13 INFO Removed container name=clab-ml-31-v1
01:01:13 INFO Removed container name=clab-ml-31-r12
01:01:14 INFO Removed container name=clab-ml-31-v2
01:01:14 INFO Removed container name=clab-ml-31-r21
01:01:14 INFO Removed container name=clab-ml-31-rb
01:01:14 INFO Removed container name=clab-ml-31-r22
01:01:14 INFO Removed container name=clab-ml-31-dut
01:01:14 INFO Removed container name=clab-ml-31-r11
01:01:14 INFO Removing host entries path=/etc/hosts
01:01:14 INFO Removing SSH config path=/etc/ssh/ssh_config.d/clab-ml-31.conf
Cleanup configuration files
... removing clab.yml
... removing ansible.cfg
... removing hosts.yml
... removing directory tree group_vars
... removing directory tree host_vars
... removing directory tree node_files
... removing netlab.snapshot.pickle
