Checking virtualization provider installation
OK: clab installed and working correctly
Stopping clab nodes
 [INFO] Setting containerlab runtime to docker
provider clab: executing flock -E 42 /tmp/netlab.lock containerlab destroy --cleanup -t clab.yml
15:20:46 INFO Parsing & checking topology file=clab.yml
15:20:46 INFO Parsing & checking topology file=clab.yml
15:20:46 INFO Destroying lab name=ml-17
15:20:47 INFO Removed container name=clab-ml-17-x1
15:20:47 INFO Removed container name=clab-ml-17-nms
15:20:47 INFO Removed container name=clab-ml-17-dut
15:20:47 INFO Removing host entries path=/etc/hosts
15:20:47 INFO Removing SSH config path=/etc/ssh/ssh_config.d/clab-ml-17.conf
Cleanup configuration files
... removing clab.yml
... removing ansible.cfg
... removing hosts.yml
... removing directory tree group_vars
... removing directory tree host_vars
... removing directory tree node_files
... removing netlab.snapshot.pickle
