Using transformed lab topology from snapshot file netlab.snapshot.pickle
Checking virtualization provider installation
OK: clab installed and working correctly
Starting clab nodes
provider clab: executing sudo -E containerlab deploy --reconfigure -t clab.yml
23:13:13 INFO Containerlab started version=0.74.2
23:13:13 INFO Parsing & checking topology file=clab.yml
23:13:13 INFO Removing directory path=/work/netlab_cicd/cisco_c/clab-ml-84
23:13:13 INFO Creating docker network name=nl_mgmt_84 IPv4 subnet=192.168.84.0/24 IPv6 subnet="" MTU=0
23:13:13 WARN Node name will not resolve via DNS name=clab-ml-84-br_a reason="name contains invalid characters such as '.' and/or '_'"
23:13:13 INFO Creating lab directory path=/work/netlab_cicd/cisco_c/clab-ml-84
23:13:14 INFO Creating container name=br_a
23:13:14 INFO Creating container name=h1
23:13:14 INFO Creating container name=h2
23:13:14 INFO Creating container name=r2
23:13:14 INFO Creating container name=dut
23:13:14 INFO Created link: h1:eth1 ▪┄┄▪ br_a:eth1
23:13:14 INFO Created link: r2:eth2 ▪┄┄▪ br_a:eth3
23:13:15 INFO Created link: dut:eth1 ▪┄┄▪ ml-84_2:bni84n1i1
23:13:15 INFO Created link: dut:eth2 ▪┄┄▪ br_a:eth2
23:13:15 INFO Created link: r2:eth1 ▪┄┄▪ ml-84_2:bni84n2i1
23:13:15 INFO Created link: h2:eth1 ▪┄┄▪ ml-84_2:bni84n4i1
23:13:15 INFO Executed command node=r2 command="sleep 1" stdout=""
23:13:15 INFO Adding host entries path=/etc/hosts
23:13:15 INFO Adding SSH config for nodes path=/etc/ssh/ssh_config.d/clab-ml-84.conf
23:13:16 INFO containerlab version
  🎉=
  │ A newer containerlab version (0.74.3) is available!
  │ Release notes: https://containerlab.dev/rn/0.74/#0743
  │ Run 'clab version upgrade' or see https://containerlab.dev/install/ for other installation options.
[1m╭[0m[1m─────────────────[0m[1m┬[0m[1m──────────────────────────────[0m[1m┬[0m[1m────────────────────[0m[1m┬[0m[1m────────────────[0m[1m╮[0m
[1m│[0m[1m       Name      [0m[1m│[0m[1m          Kind/Image          [0m[1m│[0m[1m        State       [0m[1m│[0m[1m IPv4/6 Address [0m[1m│[0m
[1m├[0m[1m─────────────────[0m[1m┼[0m[1m──────────────────────────────[0m[1m┼[0m[1m────────────────────[0m[1m┼[0m[1m────────────────[0m[1m┤[0m
│ clab-ml-84-br_a │ linux                        │ running            │ 192.168.84.105 │
│                 │ python:3.13-alpine           │                    │ N/A            │
├─────────────────┼──────────────────────────────┼────────────────────┼────────────────┤
│ clab-ml-84-dut  │ cisco_n9kv                   │ running            │ 192.168.84.101 │
│                 │ vrnetlab/vr-n9kv:9.3.10      │ (health: starting) │ N/A            │
├─────────────────┼──────────────────────────────┼────────────────────┼────────────────┤
│ clab-ml-84-h1   │ linux                        │ running            │ 192.168.84.103 │
│                 │ python:3.13-alpine           │                    │ N/A            │
├─────────────────┼──────────────────────────────┼────────────────────┼────────────────┤
│ clab-ml-84-h2   │ linux                        │ running            │ 192.168.84.104 │
│                 │ python:3.13-alpine           │                    │ N/A            │
├─────────────────┼──────────────────────────────┼────────────────────┼────────────────┤
│ clab-ml-84-r2   │ linux                        │ running            │ 192.168.84.102 │
│                 │ quay.io/frrouting/frr:10.6.0 │                    │ N/A            │
╰─────────────────┴──────────────────────────────┴────────────────────┴────────────────╯

Initial configuration skipped, run 'netlab initial' to configure the devices
