Using transformed lab topology from snapshot file netlab.snapshot.pickle
Checking virtualization provider installation
OK: clab installed and working correctly
Starting clab nodes
 [INFO] Setting containerlab runtime to docker
provider clab: executing flock -E 42 /tmp/netlab.lock containerlab deploy --reconfigure -t clab.yml
18:20:50 INFO Containerlab started version=0.75.0
18:20:50 INFO Parsing & checking topology file=clab.yml
18:20:50 INFO Removing directory path=/work/netlab_cicd/clab-ml-17
18:20:50 INFO Creating docker network name=nl_mgmt_17 IPv4 subnet=192.168.17.0/24 IPv6 subnet=fd00:df:1ab:17::/64 MTU=0
18:20:50 INFO Creating lab directory path=/work/netlab_cicd/clab-ml-17
18:20:50 INFO Creating container name=hr1
18:20:50 INFO Creating container name=hb2
18:20:50 INFO Creating container name=hb1
18:20:50 INFO Creating container name=s2
18:20:50 INFO Creating container name=hr2
18:20:50 INFO Creating container name=dut
18:20:51 INFO Created link: hb2:eth1 ▪┄┄▪ s2:eth3
18:20:51 INFO Created link: hr2:eth1 ▪┄┄▪ s2:eth2
18:20:51 INFO Created link: dut:eth1 (Ethernet0/1) ▪┄┄▪ s2:eth1
18:20:51 INFO Created link: hr1:eth1 ▪┄┄▪ dut:eth2 (Ethernet0/2)
18:20:51 INFO Created link: hb1:eth1 ▪┄┄▪ dut:eth3 (Ethernet0/3)
18:20:51 INFO Running postdeploy actions for Cisco IOL 'dut' node
18:20:52 INFO Executed command node=s2 command="sleep 1" stdout=""
18:20:52 INFO Adding host entries path=/etc/hosts
18:20:52 INFO Adding SSH config for nodes path=/etc/ssh/ssh_config.d/clab-ml-17.conf
18:20:52 INFO containerlab version
  🎉=
  │ A newer containerlab version (0.79.0) is available!
  │ Release notes: https://containerlab.dev/rn/0.79/
  │ Run 'clab version upgrade' or see https://containerlab.dev/install/ for other installation options.
[1m╭[0m[1m────────────────[0m[1m┬[0m[1m──────────────────────────────[0m[1m┬[0m[1m─────────[0m[1m┬[0m[1m───────────────────[0m[1m╮[0m
[1m│[0m[1m      Name      [0m[1m│[0m[1m          Kind/Image          [0m[1m│[0m[1m  State  [0m[1m│[0m[1m   IPv4/6 Address  [0m[1m│[0m
[1m├[0m[1m────────────────[0m[1m┼[0m[1m──────────────────────────────[0m[1m┼[0m[1m─────────[0m[1m┼[0m[1m───────────────────[0m[1m┤[0m
│ clab-ml-17-dut │ cisco_iol                    │ running │ 192.168.17.105    │
│                │ vrnetlab/cisco_iol:17.18.02  │         │ fd00:df:1ab:17::3 │
├────────────────┼──────────────────────────────┼─────────┼───────────────────┤
│ clab-ml-17-hb1 │ linux                        │ running │ 192.168.17.103    │
│                │ python:3.13-alpine           │         │ fd00:df:1ab:17::7 │
├────────────────┼──────────────────────────────┼─────────┼───────────────────┤
│ clab-ml-17-hb2 │ linux                        │ running │ 192.168.17.104    │
│                │ python:3.13-alpine           │         │ fd00:df:1ab:17::6 │
├────────────────┼──────────────────────────────┼─────────┼───────────────────┤
│ clab-ml-17-hr1 │ linux                        │ running │ 192.168.17.101    │
│                │ python:3.13-alpine           │         │ fd00:df:1ab:17::5 │
├────────────────┼──────────────────────────────┼─────────┼───────────────────┤
│ clab-ml-17-hr2 │ linux                        │ running │ 192.168.17.102    │
│                │ python:3.13-alpine           │         │ fd00:df:1ab:17::4 │
├────────────────┼──────────────────────────────┼─────────┼───────────────────┤
│ clab-ml-17-s2  │ linux                        │ running │ 192.168.17.106    │
│                │ quay.io/frrouting/frr:10.6.1 │         │ fd00:df:1ab:17::2 │
╰────────────────┴──────────────────────────────┴─────────┴───────────────────╯

Initial configuration skipped, run 'netlab initial' to configure the devices
