Creating Device configuration snippets
[CREATED] dut: initial,ospf,bgp,evpn
[CREATED] s1: normalize,initial,vlan,ospf,bgp,vxlan,evpn,_n_s1
[CREATED] s2: normalize,initial,vlan,ospf,bgp,vxlan,evpn
[CREATED] h1: initial,routing
[CREATED] h2: initial,routing
Checking Are lab devices ready to be configured?
 [INFO] Checking SSH server(s) on dut,s1,s2
[SSH]     SSH server on node dut (device iol) is ready after 6.3 seconds
Config Normalizing device configurations
 [INFO] Executing normalize configuration for node s1
 [INFO] Executing normalize configuration for node s2
Config Deploying device configurations
 [INFO] Executing initial configuration for node s1
 [INFO] Executing initial configuration for node s2
 [INFO] Executing initial configuration for node h1 (namespace clab-
          ml-17-h1)
 [INFO] Executing initial configuration for node h2 (namespace clab-
          ml-17-h2)
 [INFO] Executing routing configuration for node h1 (namespace clab-
          ml-17-h1)
 [INFO] Executing routing configuration for node h2 (namespace clab-
          ml-17-h2)
 [INFO] Executing vlan configuration for node s2
 [INFO] Executing vlan configuration for node s1
 [INFO] Executing ospf configuration for node s2
 [INFO] Executing ospf configuration for node s1
 [INFO] Executing bgp configuration for node s2
 [INFO] Executing bgp configuration for node s1
 [INFO] Executing vxlan configuration for node s2
 [INFO] Executing vxlan configuration for node s1
 [INFO] Executing evpn configuration for node s1
 [INFO] Executing evpn configuration for node s2
 [INFO] Executing _n_s1 configuration for node s1
netmiko:  [INFO] Sent initial configuration to dut
netmiko:  [INFO] Sent ospf configuration to dut
netmiko:  [INFO] Sent bgp configuration to dut
Errors encountered while processing 10-vxlan-rr.yml
UserWarning in netmiko: evpn configuration failed on dut
... Invalid input detected at command:   neighbor 10.0.0.2 encap vxlan
... , matched error: %
... Inspect the session log file node_files/dut/netmiko.log for more details
FatalError in initial: Configuration deployment failed

Results of configuration script deployments
================================================================================
dut              Failed:  evpn
                 Script:  initial,ospf,bgp
s1               Script:  normalize,initial,vlan,ospf,bgp,vxlan,evpn,_n_s1
s2               Script:  normalize,initial,vlan,ospf,bgp,vxlan,evpn
h1               Script:  initial,routing
h2               Script:  initial,routing

