Using transformed lab topology from snapshot file netlab.snapshot.pickle
Checking virtualization provider installation
OK: clab installed and working correctly
Starting clab nodes
provider clab: executing sudo -E containerlab deploy --reconfigure -t clab.yml
09:48:40 INFO Containerlab started version=0.74.2
09:48:40 INFO Parsing & checking topology file=clab.yml
09:48:40 INFO Removing directory path=/work/netlab_cicd/cisco_c/clab-ml-84
09:48:40 INFO Creating docker network name=nl_mgmt_84 IPv4 subnet=192.168.84.0/24 IPv6 subnet="" MTU=0
09:48:41 INFO Creating lab directory path=/work/netlab_cicd/cisco_c/clab-ml-84
09:48:41 INFO Creating container name=h2
09:48:41 INFO Creating container name=h1
09:48:41 INFO Creating container name=dut
09:48:41 INFO Creating container name=s1
09:48:41 INFO Creating container name=s2
09:48:42 INFO Created link: dut:eth1 (Ethernet0/1) ▪┄┄▪ s1:et2
09:48:42 INFO Running postdeploy actions for Cisco IOL 'dut' node
09:48:42 INFO Created link: s1:et1 ▪┄┄▪ s2:et1
09:48:42 INFO Created link: s1:et3 ▪┄┄▪ h1:eth1
09:48:42 INFO Running postdeploy actions for Arista cEOS 's1' node
09:48:42 INFO Created link: dut:eth2 (Ethernet0/2) ▪┄┄▪ s2:et2
09:48:42 INFO Created link: s2:et3 ▪┄┄▪ h2:eth1
09:48:42 INFO Running postdeploy actions for Arista cEOS 's2' node
09:49:15 INFO Adding host entries path=/etc/hosts
09:49:15 INFO Adding SSH config for nodes path=/etc/ssh/ssh_config.d/clab-ml-84.conf
09:49:15 INFO containerlab version
  🎉=
  │ A newer containerlab version (0.74.3) is available!
  │ Release notes: https://containerlab.dev/rn/0.74/#0743
  │ Run 'clab version upgrade' or see https://containerlab.dev/install/ for other installation options.
[1m╭[0m[1m────────────────[0m[1m┬[0m[1m──────────────────────────────[0m[1m┬[0m[1m─────────[0m[1m┬[0m[1m────────────────[0m[1m╮[0m
[1m│[0m[1m      Name      [0m[1m│[0m[1m          Kind/Image          [0m[1m│[0m[1m  State  [0m[1m│[0m[1m IPv4/6 Address [0m[1m│[0m
[1m├[0m[1m────────────────[0m[1m┼[0m[1m──────────────────────────────[0m[1m┼[0m[1m─────────[0m[1m┼[0m[1m────────────────[0m[1m┤[0m
│ clab-ml-84-dut │ cisco_iol                    │ running │ 192.168.84.101 │
│                │ vrnetlab/cisco_iol:17.16.01a │         │ N/A            │
├────────────────┼──────────────────────────────┼─────────┼────────────────┤
│ clab-ml-84-h1  │ linux                        │ running │ 192.168.84.104 │
│                │ python:3.13-alpine           │         │ N/A            │
├────────────────┼──────────────────────────────┼─────────┼────────────────┤
│ clab-ml-84-h2  │ linux                        │ running │ 192.168.84.105 │
│                │ python:3.13-alpine           │         │ N/A            │
├────────────────┼──────────────────────────────┼─────────┼────────────────┤
│ clab-ml-84-s1  │ ceos                         │ running │ 192.168.84.102 │
│                │ ceos:4.35.2F                 │         │ N/A            │
├────────────────┼──────────────────────────────┼─────────┼────────────────┤
│ clab-ml-84-s2  │ ceos                         │ running │ 192.168.84.103 │
│                │ ceos:4.35.2F                 │         │ N/A            │
╰────────────────┴──────────────────────────────┴─────────┴────────────────╯

Initial configuration skipped, run 'netlab initial' to configure the devices
