Warning in mtu: Device iol (node dut_l1) does not support MTU 1600. MTU on links[1] changed to 1500
Warning in mtu: Device iol (node dut_spine) does not support MTU 1600. MTU on links[1] changed to 1500
Warning in mtu: Device iol (node dut_spine) does not support MTU 1600. MTU on links[2] changed to 1500
[CONFIG]  h1: initial,routing,hosts,resolv
[CONFIG]  h2: initial,routing,hosts (shared),resolv
[CONFIG]  dut_l1: initial,vlan,bgp,vxlan,evpn,ifstate
[CONFIG]  l2: initial,vlan,bgp,vxlan,evpn,daemons,hosts (shared),resolv
[CONFIG]  dut_spine: initial,bgp,evpn,ifstate
Created provider configuration file: clab.yml
Created pickled transformed topology data into netlab.snapshot.pickle
Created group_vars for all
Created group_vars for modules
Created group_vars for linux
Created host_vars for h1, h2
Created group_vars for iol
Created host_vars for dut_l1, dut_spine
Created group_vars for frr
Created host_vars for l2
Created minimized Ansible inventory hosts.yml
Created Ansible configuration file: ansible.cfg
