Using transformed lab topology from snapshot file netlab.snapshot.pickle
Checking virtualization provider installation
OK: clab installed and working correctly
Starting clab nodes
 [INFO] Setting containerlab runtime to docker
provider clab: executing flock -E 42 /tmp/netlab.lock containerlab deploy --reconfigure -t clab.yml
18:24:22 INFO Containerlab started version=0.75.0
18:24:22 INFO Parsing & checking topology file=clab.yml
18:24:22 INFO Removing directory path=/work/netlab_cicd/clab-ml-17
18:24:22 INFO Creating docker network name=nl_mgmt_17 IPv4 subnet=192.168.17.0/24 IPv6 subnet=fd00:df:1ab:17::/64 MTU=0
18:24:22 WARN Node name will not resolve via DNS name=clab-ml-17-dut_l1 reason="name contains invalid characters such as '.' and/or '_'"
18:24:22 WARN Node name will not resolve via DNS name=clab-ml-17-dut_spine reason="name contains invalid characters such as '.' and/or '_'"
18:24:22 INFO Creating lab directory path=/work/netlab_cicd/clab-ml-17
18:24:23 INFO Creating container name=h2
18:24:23 INFO Creating container name=l2
18:24:23 INFO Creating container name=h1
18:24:23 INFO Creating container name=dut_l1
18:24:23 INFO Creating container name=dut_spine
18:24:24 INFO Created link: dut_spine:eth1 (Ethernet0/1) ▪┄┄▪ dut_l1:eth1 (Ethernet0/1)
18:24:24 INFO Created link: dut_spine:eth2 (Ethernet0/2) ▪┄┄▪ l2:eth1
18:24:24 INFO Running postdeploy actions for Cisco IOL 'dut_spine' node
18:24:24 INFO Created link: l2:eth2 ▪┄┄▪ h2:eth1
18:24:24 INFO Created link: dut_l1:eth2 (Ethernet0/2) ▪┄┄▪ h1:eth1
18:24:24 INFO Running postdeploy actions for Cisco IOL 'dut_l1' node
18:24:25 INFO Executed command node=l2 command="sleep 1" stdout=""
18:24:25 INFO Adding host entries path=/etc/hosts
18:24:25 INFO Adding SSH config for nodes path=/etc/ssh/ssh_config.d/clab-ml-17.conf
18:24:25 INFO containerlab version
  🎉=
  │ A newer containerlab version (0.79.0) is available!
  │ Release notes: https://containerlab.dev/rn/0.79/
  │ Run 'clab version upgrade' or see https://containerlab.dev/install/ for other installation options.
[1m╭[0m[1m──────────────────────[0m[1m┬[0m[1m──────────────────────────────[0m[1m┬[0m[1m─────────[0m[1m┬[0m[1m───────────────────[0m[1m╮[0m
[1m│[0m[1m         Name         [0m[1m│[0m[1m          Kind/Image          [0m[1m│[0m[1m  State  [0m[1m│[0m[1m   IPv4/6 Address  [0m[1m│[0m
[1m├[0m[1m──────────────────────[0m[1m┼[0m[1m──────────────────────────────[0m[1m┼[0m[1m─────────[0m[1m┼[0m[1m───────────────────[0m[1m┤[0m
│ clab-ml-17-dut_l1    │ cisco_iol                    │ running │ 192.168.17.102    │
│                      │ vrnetlab/cisco_iol:17.18.02  │         │ fd00:df:1ab:17::4 │
├──────────────────────┼──────────────────────────────┼─────────┼───────────────────┤
│ clab-ml-17-dut_spine │ cisco_iol                    │ running │ 192.168.17.101    │
│                      │ vrnetlab/cisco_iol:17.18.02  │         │ fd00:df:1ab:17::3 │
├──────────────────────┼──────────────────────────────┼─────────┼───────────────────┤
│ clab-ml-17-h1        │ linux                        │ running │ 192.168.17.104    │
│                      │ python:3.13-alpine           │         │ fd00:df:1ab:17::2 │
├──────────────────────┼──────────────────────────────┼─────────┼───────────────────┤
│ clab-ml-17-h2        │ linux                        │ running │ 192.168.17.105    │
│                      │ python:3.13-alpine           │         │ fd00:df:1ab:17::6 │
├──────────────────────┼──────────────────────────────┼─────────┼───────────────────┤
│ clab-ml-17-l2        │ linux                        │ running │ 192.168.17.103    │
│                      │ quay.io/frrouting/frr:10.6.1 │         │ fd00:df:1ab:17::5 │
╰──────────────────────┴──────────────────────────────┴─────────┴───────────────────╯

Initial configuration skipped, run 'netlab initial' to configure the devices
