Creating Device configuration snippets
[CREATED] dut_s1: initial,vlan,ospf,bgp,vrf,vxlan,evpn
[CREATED] dut_s2: initial,vlan,ospf,bgp,vrf,vxlan,evpn
[CREATED] h1: initial,routing
[CREATED] h2: initial,routing
[CREATED] h3: initial,routing
[CREATED] h4: initial,routing
Checking Are lab devices ready to be configured?
 [INFO] Checking SSH server(s) on dut_s1,dut_s2
[SSH]     SSH server on node dut_s1 (device iol) is ready after 25.4 seconds
[SSH]     SSH server on node dut_s2 (device iol) is ready after 25.5 seconds
Config Deploying device configurations
 [INFO] Executing initial configuration for node h1 (namespace clab-
          ml-17-h1)
 [INFO] Executing initial configuration for node h2 (namespace clab-
          ml-17-h2)
 [INFO] Executing initial configuration for node h3 (namespace clab-
          ml-17-h3)
 [INFO] Executing initial configuration for node h4 (namespace clab-
          ml-17-h4)
 [INFO] Executing routing configuration for node h1 (namespace clab-
          ml-17-h1)
 [INFO] Executing routing configuration for node h2 (namespace clab-
          ml-17-h2)
 [INFO] Executing routing configuration for node h3 (namespace clab-
          ml-17-h3)
 [INFO] Executing routing configuration for node h4 (namespace clab-
          ml-17-h4)
netmiko:  [INFO] Sent initial configuration to dut_s2
netmiko:  [INFO] Sent initial configuration to dut_s1
netmiko:  [INFO] Sent vlan configuration to dut_s2
netmiko:  [INFO] Sent vlan configuration to dut_s1
netmiko:  [INFO] Sent ospf configuration to dut_s2
netmiko:  [INFO] Sent ospf configuration to dut_s1
netmiko:  [INFO] Sent bgp configuration to dut_s2
netmiko:  [INFO] Sent bgp configuration to dut_s1
netmiko:  [INFO] Sent vrf configuration to dut_s2
netmiko:  [INFO] Sent vrf configuration to dut_s1
netmiko:  [INFO] Sent vxlan configuration to dut_s2
netmiko:  [INFO] Sent vxlan configuration to dut_s1
Errors encountered while processing 20-vxlan-irb-ospf.yml
UserWarning in netmiko: evpn configuration failed on dut_s2
... Invalid input detected at command:  rd 10.0.0.2:1000
... , matched error: %
... Inspect the session log file node_files/dut_s2/netmiko.log for more details
UserWarning in netmiko: evpn configuration failed on dut_s1
... Invalid input detected at command:  rd 10.0.0.1:1000
... , matched error: %
... Inspect the session log file node_files/dut_s1/netmiko.log for more details
FatalError in initial: Configuration deployment failed

Results of configuration script deployments
================================================================================
dut_s1           Failed:  evpn
                 Script:  initial,vlan,ospf,bgp,vrf,vxlan
dut_s2           Failed:  evpn
                 Script:  initial,vlan,ospf,bgp,vrf,vxlan
h1               Script:  initial,routing
h2               Script:  initial,routing
h3               Script:  initial,routing
h4               Script:  initial,routing

