Creating Device configuration snippets
[CREATED] ce1: initial,bgp
[CREATED] ce2: initial,bgp
[CREATED] ce3: initial,bgp
[CREATED] ce4: initial,bgp
[CREATED] dut: initial,vlan,ospf,bgp,vrf,vxlan,evpn
[CREATED] s2: initial,vlan,ospf,bgp,vrf,vxlan,evpn
Checking Are lab devices ready to be configured?
 [INFO] Checking SSH server(s) on dut
[SSH]     SSH server on node dut (device iol) is ready after 25.4 seconds
Config Deploying device configurations
 [INFO] Executing initial configuration for node ce1
 [INFO] Executing initial configuration for node ce2
 [INFO] Executing initial configuration for node ce3
 [INFO] Executing initial configuration for node ce4
 [INFO] Executing initial configuration for node s2
 [INFO] Executing bgp configuration for node ce2
 [INFO] Executing bgp configuration for node ce3
 [INFO] Executing bgp configuration for node ce1
 [INFO] Executing bgp configuration for node ce4
 [INFO] Executing vlan configuration for node s2
 [INFO] Executing ospf configuration for node s2
 [INFO] Executing bgp configuration for node s2
 [INFO] Executing vrf configuration for node s2
 [INFO] Executing vxlan configuration for node s2
 [INFO] Executing evpn configuration for node s2
netmiko:  [INFO] Sent initial configuration to dut
netmiko:  [INFO] Sent vlan configuration to dut
netmiko:  [INFO] Sent ospf configuration to dut
netmiko:  [INFO] Sent bgp configuration to dut
netmiko:  [INFO] Sent vrf configuration to dut
netmiko:  [INFO] Sent vxlan configuration to dut
netmiko:  [INFO] Sent evpn configuration to dut

Results of configuration script deployments
================================================================================
ce1              Script:  initial,bgp
ce2              Script:  initial,bgp
ce3              Script:  initial,bgp
ce4              Script:  initial,bgp
dut              Script:  initial,vlan,ospf,bgp,vrf,vxlan,evpn
s2               Script:  initial,vlan,ospf,bgp,vrf,vxlan,evpn


The devices under test are layer-3 EVPN/VXLAN routers
running BGP with external devices.

External devices should be able to ping each other

