Using transformed lab topology from snapshot file netlab.snapshot.pickle
Checking virtualization provider installation
OK: clab installed and working correctly
Starting clab nodes
Loading Linux kernel modules mpls-router,mpls-iptunnel required by containers using mpls module
provider clab: executing sudo -E containerlab deploy --reconfigure -t clab.yml
10:02:31 INFO Containerlab started version=0.74.2
10:02:31 INFO Parsing & checking topology file=clab.yml
10:02:31 INFO Removing directory path=/work/netlab_cicd/cisco_c/clab-ml-84
10:02:31 INFO Creating docker network name=nl_mgmt_84 IPv4 subnet=192.168.84.0/24 IPv6 subnet="" MTU=0
10:02:31 INFO Creating lab directory path=/work/netlab_cicd/cisco_c/clab-ml-84
10:02:31 INFO Creating container name=hr2
10:02:31 INFO Creating container name=hb2
10:02:31 INFO Creating container name=hb1
10:02:31 INFO Creating container name=p
10:02:31 INFO Creating container name=dut
10:02:31 INFO Creating container name=hr1
10:02:31 INFO Creating container name=s2
10:02:33 INFO Created link: hr2:eth1 ▪┄┄▪ s2:eth2 (Ethernet0/2)
10:02:33 INFO Created link: hr1:eth1 ▪┄┄▪ dut:eth2 (Ethernet0/2)
10:02:33 INFO Created link: hb1:eth1 ▪┄┄▪ dut:eth3 (Ethernet0/3)
10:02:33 INFO Running postdeploy actions for Cisco IOL 'dut' node
10:02:33 INFO Created link: hb2:eth1 ▪┄┄▪ s2:eth3 (Ethernet0/3)
10:02:33 INFO Running postdeploy actions for Cisco IOL 's2' node
10:02:33 INFO Created link: dut:eth1 (Ethernet0/1) ▪┄┄▪ p:eth1
10:02:33 INFO Created link: s2:eth1 (Ethernet0/1) ▪┄┄▪ p:eth2
10:02:34 INFO Executed command node=p command="sleep 1" stdout=""
10:02:34 INFO Adding host entries path=/etc/hosts
10:02:34 INFO Adding SSH config for nodes path=/etc/ssh/ssh_config.d/clab-ml-84.conf
10:02:34 INFO containerlab version
  🎉=
  │ A newer containerlab version (0.74.3) is available!
  │ Release notes: https://containerlab.dev/rn/0.74/#0743
  │ Run 'clab version upgrade' or see https://containerlab.dev/install/ for other installation options.
[1m╭[0m[1m────────────────[0m[1m┬[0m[1m──────────────────────────────[0m[1m┬[0m[1m─────────[0m[1m┬[0m[1m────────────────[0m[1m╮[0m
[1m│[0m[1m      Name      [0m[1m│[0m[1m          Kind/Image          [0m[1m│[0m[1m  State  [0m[1m│[0m[1m IPv4/6 Address [0m[1m│[0m
[1m├[0m[1m────────────────[0m[1m┼[0m[1m──────────────────────────────[0m[1m┼[0m[1m─────────[0m[1m┼[0m[1m────────────────[0m[1m┤[0m
│ clab-ml-84-dut │ cisco_iol                    │ running │ 192.168.84.105 │
│                │ vrnetlab/cisco_iol:17.16.01a │         │ N/A            │
├────────────────┼──────────────────────────────┼─────────┼────────────────┤
│ clab-ml-84-hb1 │ linux                        │ running │ 192.168.84.103 │
│                │ python:3.13-alpine           │         │ N/A            │
├────────────────┼──────────────────────────────┼─────────┼────────────────┤
│ clab-ml-84-hb2 │ linux                        │ running │ 192.168.84.104 │
│                │ python:3.13-alpine           │         │ N/A            │
├────────────────┼──────────────────────────────┼─────────┼────────────────┤
│ clab-ml-84-hr1 │ linux                        │ running │ 192.168.84.101 │
│                │ python:3.13-alpine           │         │ N/A            │
├────────────────┼──────────────────────────────┼─────────┼────────────────┤
│ clab-ml-84-hr2 │ linux                        │ running │ 192.168.84.102 │
│                │ python:3.13-alpine           │         │ N/A            │
├────────────────┼──────────────────────────────┼─────────┼────────────────┤
│ clab-ml-84-p   │ linux                        │ running │ 192.168.84.107 │
│                │ quay.io/frrouting/frr:10.6.0 │         │ N/A            │
├────────────────┼──────────────────────────────┼─────────┼────────────────┤
│ clab-ml-84-s2  │ cisco_iol                    │ running │ 192.168.84.106 │
│                │ vrnetlab/cisco_iol:17.16.01a │         │ N/A            │
╰────────────────┴──────────────────────────────┴─────────┴────────────────╯

Initial configuration skipped, run 'netlab initial' to configure the devices
