Using transformed lab topology from snapshot file netlab.snapshot.pickle
Checking virtualization provider installation
OK: clab installed and working correctly
Starting clab nodes
Loading Linux kernel modules mpls-router,mpls-iptunnel required by containers using mpls module
provider clab: executing sudo -E containerlab deploy --reconfigure -t clab.yml
11:47:02 INFO Containerlab started version=0.74.2
11:47:02 INFO Parsing & checking topology file=clab.yml
11:47:02 INFO Removing directory path=/work/netlab_cicd/clab-ml-17
11:47:02 INFO Creating docker network name=nl_mgmt_17 IPv4 subnet=192.168.17.0/24 IPv6 subnet="" MTU=0
11:47:02 INFO Creating lab directory path=/work/netlab_cicd/clab-ml-17
11:47:02 INFO Creating container name=ce1b
11:47:02 INFO Creating container name=ce2o
11:47:02 INFO Creating container name=p
11:47:02 INFO Creating container name=ce2b
11:47:02 INFO Creating container name=ce1o
11:47:02 INFO Creating container name=dut
11:47:02 INFO Creating container name=s2
11:47:03 INFO Created link: dut:eth1 (Ethernet0/1) ▪┄┄▪ p:eth1
11:47:03 INFO Created link: ce1o:eth1 ▪┄┄▪ dut:eth2 (Ethernet0/2)
11:47:03 INFO Created link: ce1b:eth1 ▪┄┄▪ dut:eth3 (Ethernet0/3)
11:47:03 INFO Running postdeploy actions for Cisco IOL 'dut' node
11:47:04 INFO Created link: s2:eth1 (Ethernet0/1) ▪┄┄▪ p:eth2
11:47:04 INFO Created link: ce2o:eth1 ▪┄┄▪ s2:eth2 (Ethernet0/2)
11:47:04 INFO Created link: ce2b:eth1 ▪┄┄▪ s2:eth3 (Ethernet0/3)
11:47:04 INFO Running postdeploy actions for Cisco IOL 's2' node
11:47:04 INFO Executed command node=ce2b command="sleep 1" stdout=""
11:47:04 INFO Executed command node=ce2o command="sleep 1" stdout=""
11:47:04 INFO Executed command node=ce1b command="sleep 1" stdout=""
11:47:04 INFO Executed command node=ce1o command="sleep 1" stdout=""
11:47:04 INFO Executed command node=p command="sleep 1" stdout=""
11:47:04 INFO Adding host entries path=/etc/hosts
11:47:04 INFO Adding SSH config for nodes path=/etc/ssh/ssh_config.d/clab-ml-17.conf
11:47:05 INFO containerlab version
  🎉=
  │ A newer containerlab version (0.74.3) is available!
  │ Release notes: https://containerlab.dev/rn/0.74/#0743
  │ Run 'clab version upgrade' or see https://containerlab.dev/install/ for other installation options.
[1m╭[0m[1m─────────────────[0m[1m┬[0m[1m──────────────────────────────[0m[1m┬[0m[1m─────────[0m[1m┬[0m[1m────────────────[0m[1m╮[0m
[1m│[0m[1m       Name      [0m[1m│[0m[1m          Kind/Image          [0m[1m│[0m[1m  State  [0m[1m│[0m[1m IPv4/6 Address [0m[1m│[0m
[1m├[0m[1m─────────────────[0m[1m┼[0m[1m──────────────────────────────[0m[1m┼[0m[1m─────────[0m[1m┼[0m[1m────────────────[0m[1m┤[0m
│ clab-ml-17-ce1b │ linux                        │ running │ 192.168.17.101 │
│                 │ quay.io/frrouting/frr:10.6.0 │         │ N/A            │
├─────────────────┼──────────────────────────────┼─────────┼────────────────┤
│ clab-ml-17-ce1o │ linux                        │ running │ 192.168.17.103 │
│                 │ quay.io/frrouting/frr:10.6.0 │         │ N/A            │
├─────────────────┼──────────────────────────────┼─────────┼────────────────┤
│ clab-ml-17-ce2b │ linux                        │ running │ 192.168.17.102 │
│                 │ quay.io/frrouting/frr:10.6.0 │         │ N/A            │
├─────────────────┼──────────────────────────────┼─────────┼────────────────┤
│ clab-ml-17-ce2o │ linux                        │ running │ 192.168.17.104 │
│                 │ quay.io/frrouting/frr:10.6.0 │         │ N/A            │
├─────────────────┼──────────────────────────────┼─────────┼────────────────┤
│ clab-ml-17-dut  │ cisco_iol                    │ running │ 192.168.17.105 │
│                 │ vrnetlab/cisco_iol:17.16.01a │         │ N/A            │
├─────────────────┼──────────────────────────────┼─────────┼────────────────┤
│ clab-ml-17-p    │ linux                        │ running │ 192.168.17.107 │
│                 │ quay.io/frrouting/frr:10.6.0 │         │ N/A            │
├─────────────────┼──────────────────────────────┼─────────┼────────────────┤
│ clab-ml-17-s2   │ cisco_iol                    │ running │ 192.168.17.106 │
│                 │ vrnetlab/cisco_iol:17.16.01a │         │ N/A            │
╰─────────────────┴──────────────────────────────┴─────────┴────────────────╯

Initial configuration skipped, run 'netlab initial' to configure the devices
