Creating Device configuration snippets
[CREATED] ce1b: initial,bgp
[CREATED] ce2b: initial,bgp
[CREATED] ce1o: initial,ospf
[CREATED] ce2o: initial,ospf
[CREATED] dut: initial,ospf,bgp,mpls,vrf,evpn
[CREATED] s2: initial,ospf,bgp,mpls,vrf,evpn
[CREATED] p: initial,ospf,mpls
Checking Are lab devices ready to be configured?
 [INFO] Checking SSH server(s) on dut,s2
[SSH]     SSH server on node dut (device iol) is ready after 24.3 seconds
[SSH]     SSH server on node s2 (device iol) is ready after 24.3 seconds
Config Deploying device configurations
 [INFO] Executing initial configuration for node ce1b
 [INFO] Executing initial configuration for node ce2b
 [INFO] Executing initial configuration for node ce1o
 [INFO] Executing initial configuration for node ce2o
 [INFO] Executing initial configuration for node p
 [INFO] Executing bgp configuration for node ce2b
 [INFO] Executing bgp configuration for node ce1b
 [INFO] Executing ospf configuration for node ce1o
 [INFO] Executing ospf configuration for node p
 [INFO] Executing ospf configuration for node ce2o
 [INFO] Executing mpls configuration for node p
netmiko:  [INFO] Sent initial configuration to s2
netmiko:  [INFO] Sent initial configuration to dut
netmiko:  [INFO] Sent ospf configuration to s2
netmiko:  [INFO] Sent ospf configuration to dut
netmiko:  [INFO] Sent bgp configuration to dut
netmiko:  [INFO] Sent bgp configuration to s2
netmiko:  [INFO] Sent mpls configuration to dut
netmiko:  [INFO] Sent mpls configuration to s2
netmiko:  [INFO] Sent vrf configuration to dut
netmiko:  [INFO] Sent vrf configuration to s2
netmiko:  [INFO] Sent evpn configuration to dut
netmiko:  [INFO] Sent evpn configuration to s2

Results of configuration script deployments
================================================================================
ce1b             Script:  initial,bgp
ce2b             Script:  initial,bgp
ce1o             Script:  initial,ospf
ce2o             Script:  initial,ospf
dut              Script:  initial,ospf,bgp,mpls,vrf,evpn
s2               Script:  initial,ospf,bgp,mpls,vrf,evpn
p                Script:  initial,ospf,mpls


The devices under test are layer-3 EVPN/VXLAN routers implementing L3VPN with
EVPN control plane and running OSPF and BGP with external devices.

Assuming the 53-evpn-l3only test passed, this test checks the propagation of
VRF BGP routes into EVPN type-5 routes and the propagation of EVPN type-5
routes into VRF BGP table and the redistribution into VRF OSPF instances

External devices should be able to ping each other

