Creating Device configuration snippets
[CREATED] dut: initial,ospf
[CREATED] x1: initial,ospf
[CREATED] x2: initial,ospf
Checking Are lab devices ready to be configured?
 [INFO] Checking SSH server(s) on dut
[SSH]     SSH server on node dut (device cisco8000v) is ready after 166.1 seconds
Config Deploying device configurations
 [INFO] Executing initial configuration for node x1
 [INFO] Executing initial configuration for node x2
 [INFO] Executing ospf configuration for node x1
 [INFO] Executing ospf configuration for node x2
 [INFO] Starting Ansible playbook to deploy the rest of the
          configurations
[WARNING]: Found variable using reserved name: hosts

PLAY [Deploy initial device configuration] *************************************

TASK [Set variables that cannot be set with VARS] ******************************
ok: [dut]

TASK [Deploy initial configuration] ********************************************
included: /home/pipi/net101/tools/netsim/ansible/tasks/deploy-module.yml for dut

TASK [Figure out whether to deploy the module initial on current device] *******
ok: [dut]

TASK [Find configuration template for initial] *********************************
ok: [dut]

TASK [fail] ********************************************************************
skipping: [dut]

TASK [Find configuration deployment deploy_script for initial] *****************
ok: [dut]

TASK [Print deployed configuration when running in verbose mode] ***************
ok: [dut] => {
    "msg": "initial configuration for dut\n=========================================\nhostname dut\n!\ndomain lookup disable\n!\nlldp\n no management enable\n!\ndomain ipv4 host x1 10.1.0.2\ndomain ipv4 host x2 10.1.0.6\ndomain ipv6 host x1 2001:db8:1:2::1\ndomain ipv6 host x2 2001:db8:1:3::1\n!\ninterface Loopback0\n no shutdown\n ipv6 address 2001:db8:1:1::1/64\n!\ninterface FourHundredGigE0/0/0/0\n no shutdown\n description dut -> x1\n mtu 1514\n ipv4 address 10.1.0.1 255.255.255.252\n!\ninterface FourHundredGigE0/0/0/1\n no shutdown\n description dut -> x2\n mtu 1514\n ipv4 address 10.1.0.5 255.255.255.252\n ipv6 enable\n ipv6 nd ra-interval 5\n!\ninterface FourHundredGigE0/0/0/2\n no shutdown\n description dut -> stub [stub]\n ipv4 address 10.42.1.1 255.255.255.0\n!\ninterface FourHundredGigE0/0/0/3\n no shutdown\n description dut -> stub [stub]\n ipv6 address 2001:db8:cafe:2::1/64\n ipv6 nd ra-interval 5\n!\ninterface FourHundredGigE0/0/0/4\n no shutdown\n description dut -> stub [stub]\n ipv4 address 10.42.2.1 255.255.255.0\n ipv6 address 2001:db8:cafe:3::1/64\n ipv6 nd ra-interval 5\n!\n"
}

TASK [Deploy initial configuration] ********************************************
included: /home/pipi/net101/tools/netsim/ansible/tasks/deploy-config/iosxr.yml for dut

TASK [iosxr_config: deploying initial from /work/netlab_cicd/node_files/dut/initial] ***
[WARNING]: To ensure idempotency and correct diff the input configuration lines
should be similar to how they appear if present in the running configuration on
device including the indentation
changed: [dut]

PLAY [Deploy module-specific configurations] ***********************************

TASK [Set variables that cannot be set with VARS] ******************************
ok: [dut]

TASK [Deploy individual configuration modules] *********************************
included: /home/pipi/net101/tools/netsim/ansible/tasks/deploy-module.yml for dut => (item=ospf)

TASK [Figure out whether to deploy the module ospf on current device] **********
ok: [dut]

TASK [Find configuration template for ospf] ************************************
ok: [dut]

TASK [fail] ********************************************************************
skipping: [dut]

TASK [Find configuration deployment deploy_script for ospf] ********************
ok: [dut]

TASK [Print deployed configuration when running in verbose mode] ***************
ok: [dut] => {
    "msg": "ospf configuration for dut\n=========================================\n!\nrouter ospf 1\n!\n! These throttle timers are probably too aggressive for a production network but\n! make labs run better ;)\n!\n timers throttle spf 10 20 100\n timers throttle lsa all 10 20 100\n router-id 10.0.0.1\n\n loopback stub-network enable\n area 0.0.0.0\n  interface FourHundredGigE0/0/0/0\n   network point-to-point\n  interface FourHundredGigE0/0/0/2\n   passive enable\n  interface FourHundredGigE0/0/0/4\n   passive enable\n area 0.0.0.2\n  interface FourHundredGigE0/0/0/1\n   network point-to-point\n\nrouter ospfv3 1\n!\n! These throttle timers are probably too aggressive for a production network but\n! make labs run better ;)\n!\n timers throttle spf 10 20 100\n timers throttle lsa all 10 20 100\n router-id 10.0.0.1\n\n area 0.0.0.0\n  interface Loopback0\n  interface FourHundredGigE0/0/0/3\n   passive\n  interface FourHundredGigE0/0/0/4\n   passive\n area 0.0.0.2\n  interface FourHundredGigE0/0/0/1\n   network point-to-point\n\n"
}

TASK [Deploy ospf configuration] ***********************************************
included: /home/pipi/net101/tools/netsim/ansible/tasks/deploy-config/iosxr.yml for dut

TASK [iosxr_config: deploying ospf from /work/netlab_cicd/node_files/dut/ospf] ***
changed: [dut]

PLAY [Deploy custom deployment templates] **************************************
skipping: no hosts matched

PLAY RECAP *********************************************************************
dut                        : ok=16   changed=2    unreachable=0    failed=0    skipped=2    rescued=0    ignored=0   

Results of configuration script deployments
================================================================================
x1               Script:  initial,ospf
x2               Script:  initial,ospf


This lab tests the dual-stack multi-area OSPFv2/OSPFv3 deployments. The device under test has
an IPv4 stub interface, an IPv6 stub interface, a dual-stack stub interface, an IPv4-only link,
and a dual-stack link.

