Creating Device configuration snippets
[CREATED] dut: normalize,initial,vlan,ospf,vrf,vxlan
[CREATED] l2sw: initial,vlan,vxlan,ospf
[CREATED] h1: initial,routing
[CREATED] h2: initial,routing
Checking Are lab devices ready to be configured?
 [INFO] Checking SSH server(s) on dut
Config Normalizing device configurations
netmiko:  [INFO] Sent normalize configuration to dut
Config Deploying device configurations
 [INFO] Executing initial configuration for node l2sw
 [INFO] Executing initial configuration for node h1 (namespace clab-
          ml-17-h1)
 [INFO] Executing initial configuration for node h2 (namespace clab-
          ml-17-h2)
 [INFO] Executing routing configuration for node h2 (namespace clab-
          ml-17-h2)
 [INFO] Executing routing configuration for node h1 (namespace clab-
          ml-17-h1)
 [INFO] Executing vlan configuration for node l2sw
 [INFO] Executing vxlan configuration for node l2sw
 [INFO] Executing ospf configuration for node l2sw
netmiko:  [INFO] Sent initial configuration to dut
netmiko:  [INFO] Sent vlan configuration to dut
netmiko:  [INFO] Sent ospf configuration to dut
netmiko:  [INFO] Sent vrf configuration to dut
netmiko:  [INFO] Sent vxlan configuration to dut

Results of configuration script deployments
================================================================================
dut              Script:  normalize,initial,vlan,ospf,vrf,vxlan
l2sw             Script:  initial,vlan,vxlan,ospf
h1               Script:  initial,routing
h2               Script:  initial,routing


The device under test is a VXLAN router-on-a-stick. This tests check
VXLAN-to-VXLAN routing.

* h1 and h2 should be able to ping each other

