Using transformed lab topology from snapshot file netlab.snapshot.pickle
Checking virtualization provider installation
OK: clab installed and working correctly
Starting clab nodes
provider clab: executing sudo -E containerlab deploy --reconfigure -t clab.yml
08:52:06 INFO Containerlab started version=0.74.2
08:52:06 INFO Parsing & checking topology file=clab.yml
08:52:06 INFO Removing directory path=/work/netlab_cicd/cisco_c/clab-ml-84
08:52:06 INFO Creating docker network name=nl_mgmt_84 IPv4 subnet=192.168.84.0/24 IPv6 subnet="" MTU=0
08:52:06 INFO Creating lab directory path=/work/netlab_cicd/cisco_c/clab-ml-84
08:52:06 INFO Creating container name=r4
08:52:06 INFO Creating container name=r1
08:52:06 INFO Creating container name=dut
08:52:06 INFO Creating container name=r2
08:52:06 INFO Creating container name=r3
08:52:07 INFO Created link: dut:eth1 (Ethernet0/1) ▪┄┄▪ r1:eth1
08:52:07 INFO Created link: dut:eth2 (Ethernet0/2) ▪┄┄▪ r2:eth1
08:52:07 INFO Created link: dut:eth3 (Ethernet0/3) ▪┄┄▪ r3:eth1
08:52:08 INFO Created link: dut:eth4 (Ethernet1/0) ▪┄┄▪ r4:eth1
08:52:08 INFO Running postdeploy actions for Cisco IOL 'dut' node
08:52:08 INFO Executed command node=r1 command="sleep 1" stdout=""
08:52:08 INFO Executed command node=r3 command="sleep 1" stdout=""
08:52:08 INFO Executed command node=r2 command="sleep 1" stdout=""
08:52:08 INFO Executed command node=r4 command="sleep 1" stdout=""
08:52:08 INFO Adding host entries path=/etc/hosts
08:52:08 INFO Adding SSH config for nodes path=/etc/ssh/ssh_config.d/clab-ml-84.conf
08:52:09 INFO containerlab version
  🎉=
  │ A newer containerlab version (0.74.3) is available!
  │ Release notes: https://containerlab.dev/rn/0.74/#0743
  │ Run 'clab version upgrade' or see https://containerlab.dev/install/ for other installation options.
[1m╭[0m[1m────────────────[0m[1m┬[0m[1m──────────────────────────────[0m[1m┬[0m[1m─────────[0m[1m┬[0m[1m────────────────[0m[1m╮[0m
[1m│[0m[1m      Name      [0m[1m│[0m[1m          Kind/Image          [0m[1m│[0m[1m  State  [0m[1m│[0m[1m IPv4/6 Address [0m[1m│[0m
[1m├[0m[1m────────────────[0m[1m┼[0m[1m──────────────────────────────[0m[1m┼[0m[1m─────────[0m[1m┼[0m[1m────────────────[0m[1m┤[0m
│ clab-ml-84-dut │ cisco_iol                    │ running │ 192.168.84.101 │
│                │ vrnetlab/cisco_iol:17.16.01a │         │ N/A            │
├────────────────┼──────────────────────────────┼─────────┼────────────────┤
│ clab-ml-84-r1  │ linux                        │ running │ 192.168.84.102 │
│                │ quay.io/frrouting/frr:10.6.0 │         │ N/A            │
├────────────────┼──────────────────────────────┼─────────┼────────────────┤
│ clab-ml-84-r2  │ linux                        │ running │ 192.168.84.103 │
│                │ quay.io/frrouting/frr:10.6.0 │         │ N/A            │
├────────────────┼──────────────────────────────┼─────────┼────────────────┤
│ clab-ml-84-r3  │ linux                        │ running │ 192.168.84.104 │
│                │ quay.io/frrouting/frr:10.6.0 │         │ N/A            │
├────────────────┼──────────────────────────────┼─────────┼────────────────┤
│ clab-ml-84-r4  │ linux                        │ running │ 192.168.84.105 │
│                │ quay.io/frrouting/frr:10.6.0 │         │ N/A            │
╰────────────────┴──────────────────────────────┴─────────┴────────────────╯

Initial configuration skipped, run 'netlab initial' to configure the devices
