Creating Device configuration snippets
[CREATED] dut_c1: normalize,initial,dhcp
[CREATED] dut_c2: normalize,initial,dhcp
[CREATED] server: initial,dhcp
Config Normalizing device configurations
[WARNING]: Found variable using reserved name: hosts

PLAY [Normalize device configurations] *****************************************

TASK [Set variables that cannot be set with VARS] ******************************
ok: [dut_c1]
ok: [dut_c2]

TASK [Normalize config on bridge-like devices] *********************************
included: /home/pipi/netlab_gh/netsim/ansible/tasks/deploy-module.yml for dut_c1, dut_c2

TASK [Figure out whether to deploy the module normalize on current device] *****
ok: [dut_c1]
ok: [dut_c2]

TASK [Find configuration template for normalize] *******************************
ok: [dut_c1]
ok: [dut_c2]

TASK [fail] ********************************************************************
skipping: [dut_c1]
skipping: [dut_c2]

TASK [Find configuration deployment deploy_script for normalize] ***************
ok: [dut_c1]
ok: [dut_c2]

TASK [Print deployed configuration when running in verbose mode] ***************
ok: [dut_c1] => {
    "msg": "normalize configuration for dut_c1\n=========================================\n!\ninterface GigabitEthernet0/1\n shutdown\n"
}
ok: [dut_c2] => {
    "msg": "normalize configuration for dut_c2\n=========================================\n!\ninterface GigabitEthernet0/1\n shutdown\n"
}

TASK [Deploy normalize configuration] ******************************************
included: /home/pipi/netlab_gh/netsim/ansible/tasks/deploy-config/ios.yml for dut_c1, dut_c2

TASK [ios_config: deploying normalize from /work/netlab_cicd/node_files/dut_c1/normalize] ***
[WARNING]: To ensure idempotency and correct diff the input configuration lines
should be similar to how they appear if present in the running configuration on
device including the indentation
changed: [dut_c1]
changed: [dut_c2]

PLAY RECAP *********************************************************************
dut_c1                     : ok=8    changed=1    unreachable=0    failed=0    skipped=1    rescued=0    ignored=0   
dut_c2                     : ok=8    changed=1    unreachable=0    failed=0    skipped=1    rescued=0    ignored=0   

Config Deploying device configurations
 [INFO] Executing initial configuration for node server (namespace
          clab-ml-17-server)
 [INFO] Starting Ansible playbook to deploy the rest of the
          configurations
[WARNING]: Found variable using reserved name: hosts

PLAY [Deploy initial device configuration] *************************************

TASK [Set variables that cannot be set with VARS] ******************************
ok: [dut_c1]
ok: [dut_c2]

TASK [Deploy initial configuration] ********************************************
included: /home/pipi/netlab_gh/netsim/ansible/tasks/deploy-module.yml for dut_c1, dut_c2

TASK [Figure out whether to deploy the module initial on current device] *******
ok: [dut_c1]
ok: [dut_c2]

TASK [Find configuration template for initial] *********************************
ok: [dut_c1]
ok: [dut_c2]

TASK [fail] ********************************************************************
skipping: [dut_c1]
skipping: [dut_c2]

TASK [Find configuration deployment deploy_script for initial] *****************
ok: [dut_c1]
ok: [dut_c2]

TASK [Print deployed configuration when running in verbose mode] ***************
ok: [dut_c1] => {
    "msg": "initial configuration for dut_c1\n=========================================\nhostname dut_c1\n!\nno ip domain lookup\nlogging buffered 256000\n\n!\nlldp run\n!\nip host dut_c2 10.0.0.2\n!\nip routing\n!\nipv6 unicast-routing\n!\n!\ninterface Loopback0\n ip address 10.0.0.1 255.255.255.255\n!\ninterface GigabitEthernet0/0\n no lldp transmit\n no lldp receive\n!\ninterface GigabitEthernet0/1\n no switchport\n description dut_c1 -> [dut_c2,server]\n mac-address caf0.0001.0001\n no shutdown\n!\n!\n! Configure DHCP client - has to be done before routing protocol config, but after generic interface config\n!\ninterface GigabitEthernet0/1\n ipv6 enable\n ipv6 address dhcp\n\n!\nline vty 0 4\n exec-timeout 0 0 \n!\nno banner exec\nno banner login\nno banner incoming\n"
}
ok: [dut_c2] => {
    "msg": "initial configuration for dut_c2\n=========================================\nhostname dut_c2\n!\nno ip domain lookup\nlogging buffered 256000\n\n!\nlldp run\n!\nip host dut_c1 10.0.0.1\n!\nip routing\n!\nipv6 unicast-routing\n!\n!\ninterface Loopback0\n ip address 10.0.0.2 255.255.255.255\n!\ninterface GigabitEthernet0/0\n no lldp transmit\n no lldp receive\n!\ninterface GigabitEthernet0/1\n no switchport\n description dut_c2 -> [dut_c1,server]\n mac-address caf0.0002.0001\n no shutdown\n!\n!\n! Configure DHCP client - has to be done before routing protocol config, but after generic interface config\n!\ninterface GigabitEthernet0/1\n ipv6 enable\n ipv6 address dhcp\n\n!\nline vty 0 4\n exec-timeout 0 0 \n!\nno banner exec\nno banner login\nno banner incoming\n"
}

TASK [Deploy initial configuration] ********************************************
included: /home/pipi/netlab_gh/netsim/ansible/tasks/deploy-config/ios.yml for dut_c1, dut_c2

TASK [ios_config: deploying initial from /work/netlab_cicd/node_files/dut_c1/initial] ***
[WARNING]: To ensure idempotency and correct diff the input configuration lines
should be similar to how they appear if present in the running configuration on
device including the indentation
changed: [dut_c2]
changed: [dut_c1]

PLAY [Deploy module-specific configurations] ***********************************

TASK [Set variables that cannot be set with VARS] ******************************
ok: [dut_c1]
ok: [dut_c2]

TASK [Deploy individual configuration modules] *********************************
included: /home/pipi/netlab_gh/netsim/ansible/tasks/deploy-module.yml for dut_c1, dut_c2 => (item=dhcp)

TASK [Figure out whether to deploy the module dhcp on current device] **********
ok: [dut_c1]
ok: [dut_c2]

TASK [Find configuration template for dhcp] ************************************
ok: [dut_c1]
ok: [dut_c2]

TASK [fail] ********************************************************************
skipping: [dut_c1]
skipping: [dut_c2]

TASK [Find configuration deployment deploy_script for dhcp] ********************
ok: [dut_c1]
ok: [dut_c2]

TASK [Print deployed configuration when running in verbose mode] ***************
ok: [dut_c1] => {
    "msg": "dhcp configuration for dut_c1\n=========================================\n"
}
ok: [dut_c2] => {
    "msg": "dhcp configuration for dut_c2\n=========================================\n"
}

TASK [Deploy dhcp configuration] ***********************************************
included: /home/pipi/netlab_gh/netsim/ansible/tasks/deploy-config/ios.yml for dut_c1, dut_c2

TASK [ios_config: deploying dhcp from /work/netlab_cicd/node_files/dut_c1/dhcp] ***
ok: [dut_c1]
ok: [dut_c2]

PLAY [Deploy custom deployment templates] **************************************
skipping: no hosts matched

PLAY RECAP *********************************************************************
dut_c1                     : ok=16   changed=1    unreachable=0    failed=0    skipped=2    rescued=0    ignored=0   
dut_c2                     : ok=16   changed=1    unreachable=0    failed=0    skipped=2    rescued=0    ignored=0   

Results of configuration script deployments
================================================================================
server           Script:  initial


Use this topology to test the DHCPv6 client on your device. Use 'netlab
validate' to check whether your devices requested DHCPv6 leases from the
DHCPv6 server.

