Using transformed lab topology from snapshot file netlab.snapshot.pickle
Checking virtualization provider installation
OK: libvirt installed and working correctly
OK: clab installed and working correctly
Starting libvirt nodes
creating libvirt management network nl_mgmt_17
provider libvirt: executing flock -E 42 /tmp/netlab.lock vagrant up --provider libvirt
Bringing machine 'dutc1' up with 'libvirt' provider...
Bringing machine 'dutc2' up with 'libvirt' provider...
==> dutc1: Checking if box 'cisco/iosvl2' version '2024' is up to date...
[fog][WARNING] Unrecognized arguments: libvirt_ip_command
==> dutc1: Creating image (snapshot of base box volume).
==> dutc1: Creating domain with the following settings...
==> dutc1:  -- Name:              ml-17_dutc1
==> dutc1:  -- Description:       Source: /work/netlab_cicd/Vagrantfile
==> dutc1:  -- Domain type:       kvm
==> dutc1:  -- Cpus:              1
==> dutc1:  -- Feature:           acpi
==> dutc1:  -- Feature:           apic
==> dutc1:  -- Feature:           pae
==> dutc1:  -- Clock offset:      utc
==> dutc1:  -- Memory:            1024M
==> dutc1:  -- Management MAC:    ca:fe:00:02:00:00
==> dutc1:  -- Base box:          cisco/iosvl2
==> dutc1:  -- Storage pool:      default
==> dutc1:  -- Image(vda):        /var/lib/libvirt/images/ml-17_dutc1.img, virtio, 4G
==> dutc1:  -- Disk driver opts:  cache='default'
==> dutc1:  -- Graphics Type:     vnc
==> dutc1:  -- Video Type:        cirrus
==> dutc1:  -- Video VRAM:        16384
==> dutc1:  -- Video 3D accel:    false
==> dutc1:  -- Keymap:            en-us
==> dutc1:  -- TPM Backend:       passthrough
==> dutc1:  -- INPUT:             type=mouse, bus=ps2
==> dutc2: Checking if box 'cisco/iosvl2' version '2024' is up to date...
[fog][WARNING] Unrecognized arguments: libvirt_ip_command
==> dutc2: Creating image (snapshot of base box volume).
==> dutc2: Creating domain with the following settings...
==> dutc2:  -- Name:              ml-17_dutc2
==> dutc2:  -- Description:       Source: /work/netlab_cicd/Vagrantfile
==> dutc2:  -- Domain type:       kvm
==> dutc2:  -- Cpus:              1
==> dutc2:  -- Feature:           acpi
==> dutc2:  -- Feature:           apic
==> dutc2:  -- Feature:           pae
==> dutc2:  -- Clock offset:      utc
==> dutc2:  -- Memory:            1024M
==> dutc2:  -- Management MAC:    ca:fe:00:03:00:00
==> dutc2:  -- Base box:          cisco/iosvl2
==> dutc2:  -- Storage pool:      default
==> dutc2:  -- Image(vda):        /var/lib/libvirt/images/ml-17_dutc2.img, virtio, 4G
==> dutc2:  -- Disk driver opts:  cache='default'
==> dutc2:  -- Graphics Type:     vnc
==> dutc2:  -- Video Type:        cirrus
==> dutc2:  -- Video VRAM:        16384
==> dutc2:  -- Video 3D accel:    false
==> dutc2:  -- Keymap:            en-us
==> dutc2:  -- TPM Backend:       passthrough
==> dutc2:  -- INPUT:             type=mouse, bus=ps2
==> dutc1: Creating shared folders metadata...
==> dutc1: Starting domain.
==> dutc1: Domain launching with graphics connection settings...
==> dutc1:  -- Graphics Port:      5900
==> dutc1:  -- Graphics IP:        127.0.0.1
==> dutc1:  -- Graphics Password:  Not defined
==> dutc1:  -- Graphics Websocket: 5700
==> dutc1: Waiting for domain to get an IP address...
==> dutc2: Creating shared folders metadata...
==> dutc2: Starting domain.
==> dutc2: Domain launching with graphics connection settings...
==> dutc2:  -- Graphics Port:      5901
==> dutc2:  -- Graphics IP:        127.0.0.1
==> dutc2:  -- Graphics Password:  Not defined
==> dutc2:  -- Graphics Websocket: 5701
==> dutc2: Waiting for domain to get an IP address...
==> dutc1: Waiting for machine to boot. This may take a few minutes...
    dutc1: SSH address: 192.168.17.102:22
    dutc1: SSH username: vagrant
    dutc1: SSH auth method: private key
==> dutc2: Waiting for machine to boot. This may take a few minutes...
    dutc2: SSH address: 192.168.17.103:22
    dutc2: SSH username: vagrant
    dutc2: SSH auth method: private key
==> dutc1: Machine booted and ready!
==> dutc2: Machine booted and ready!
Starting clab nodes
Recreating clab-augment.yml configuration file for clab provider
Created provider configuration file: clab-augment.yml
provider clab: executing flock -E 42 /tmp/netlab.lock sudo -E containerlab deploy --reconfigure -t clab-augment.yml
09:16:50 INFO Containerlab started version=0.75.0
09:16:50 INFO Parsing & checking topology file=clab-augment.yml
09:16:50 INFO Removing directory path=/work/netlab_cicd/clab-ml-17
09:16:50 INFO Creating docker network name=nl_mgmt_17 IPv4 subnet=192.168.17.0/24 IPv6 subnet="" MTU=0
09:16:50 INFO Creating lab directory path=/work/netlab_cicd/clab-ml-17
09:16:50 INFO Creating container name=server
09:16:51 INFO Creating container name=relay
09:16:51 INFO Created link: relay:et1 ▪┄┄▪ virbr1:bni17n1i1
09:16:51 INFO Created link: relay:et2 ▪┄┄▪ server:eth1
09:16:51 INFO Running postdeploy actions for Arista cEOS 'relay' node
09:17:06 INFO Adding host entries path=/etc/hosts
09:17:06 INFO Adding SSH config for nodes path=/etc/ssh/ssh_config.d/clab-ml-17.conf
09:17:06 INFO containerlab version
  🎉=
  │ A newer containerlab version (0.77.0) is available!
  │ Release notes: https://containerlab.dev/rn/0.77/
  │ Run 'clab version upgrade' or see https://containerlab.dev/install/ for other installation options.
[1m╭[0m[1m───────────────────[0m[1m┬[0m[1m───────────────────────[0m[1m┬[0m[1m─────────[0m[1m┬[0m[1m────────────────[0m[1m╮[0m
[1m│[0m[1m        Name       [0m[1m│[0m[1m       Kind/Image      [0m[1m│[0m[1m  State  [0m[1m│[0m[1m IPv4/6 Address [0m[1m│[0m
[1m├[0m[1m───────────────────[0m[1m┼[0m[1m───────────────────────[0m[1m┼[0m[1m─────────[0m[1m┼[0m[1m────────────────[0m[1m┤[0m
│ clab-ml-17-relay  │ ceos                  │ running │ 192.168.17.101 │
│                   │ ceos:4.35.2F          │         │ N/A            │
├───────────────────┼───────────────────────┼─────────┼────────────────┤
│ clab-ml-17-server │ linux                 │ running │ 192.168.17.104 │
│                   │ netlab/dnsmasq:latest │         │ N/A            │
╰───────────────────┴───────────────────────┴─────────┴────────────────╯

Initial configuration skipped, run 'netlab initial' to configure the devices
