Using transformed lab topology from snapshot file netlab.snapshot.pickle
Checking virtualization provider installation
OK: clab installed and working correctly
Starting clab nodes
provider clab: executing flock -E 42 /tmp/netlab.lock sudo -E containerlab deploy --reconfigure -t clab.yml
19:24:43 INFO Containerlab started version=0.75.0
19:24:43 INFO Parsing & checking topology file=clab.yml
19:24:43 INFO Removing directory path=/work/netlab_cicd/junos/clab-ml-31
19:24:43 INFO Creating docker network name=nl_mgmt_31 IPv4 subnet=192.168.31.0/24 IPv6 subnet="" MTU=0
19:24:43 INFO Creating lab directory path=/work/netlab_cicd/junos/clab-ml-31
19:24:43 INFO Creating container name=dut
19:24:43 INFO Creating container name=r22
19:24:43 INFO Creating container name=v1
19:24:43 INFO Creating container name=rb
19:24:43 INFO Creating container name=v2
19:24:43 INFO Creating container name=r11
19:24:43 INFO Creating container name=r12
19:24:43 INFO Creating container name=r21
19:24:44 INFO Created link: dut:eth2 ▪┄┄▪ r12:eth1
19:24:44 INFO Created link: dut:eth1 ▪┄┄▪ r11:eth1
19:24:44 INFO Created link: dut:eth3 ▪┄┄▪ r21:eth1
19:24:44 INFO Created link: dut:eth4 ▪┄┄▪ r22:eth1
19:24:44 INFO Created link: dut:eth5 ▪┄┄▪ rb:eth1
19:24:44 INFO Created link: dut:eth6 ▪┄┄▪ v1:eth1
19:24:45 INFO Created link: dut:eth7 ▪┄┄▪ v2:eth1
19:24:46 INFO Executed command node=v2 command="sleep 1" stdout=""
19:24:46 INFO Executed command node=r21 command="sleep 1" stdout=""
19:24:46 INFO Executed command node=rb command="sleep 1" stdout=""
19:24:46 INFO Executed command node=r22 command="sleep 1" stdout=""
19:24:46 INFO Executed command node=r11 command="sleep 1" stdout=""
19:24:46 INFO Executed command node=v1 command="sleep 1" stdout=""
19:24:46 INFO Executed command node=r12 command="sleep 1" stdout=""
19:24:46 INFO Adding host entries path=/etc/hosts
19:24:46 INFO Adding SSH config for nodes path=/etc/ssh/ssh_config.d/clab-ml-31.conf
[1m╭[0m[1m────────────────[0m[1m┬[0m[1m────────────────────────────────────────────[0m[1m┬[0m[1m────────────────────[0m[1m┬[0m[1m────────────────[0m[1m╮[0m
[1m│[0m[1m      Name      [0m[1m│[0m[1m                 Kind/Image                 [0m[1m│[0m[1m        State       [0m[1m│[0m[1m IPv4/6 Address [0m[1m│[0m
[1m├[0m[1m────────────────[0m[1m┼[0m[1m────────────────────────────────────────────[0m[1m┼[0m[1m────────────────────[0m[1m┼[0m[1m────────────────[0m[1m┤[0m
│ clab-ml-31-dut │ juniper_vjunosrouter                       │ running            │ 192.168.31.101 │
│                │ vrnetlab/juniper_vjunos-router:23.4R2-S2.1 │ (health: starting) │ N/A            │
├────────────────┼────────────────────────────────────────────┼────────────────────┼────────────────┤
│ clab-ml-31-r11 │ linux                                      │ running            │ 192.168.31.103 │
│                │ quay.io/frrouting/frr:10.2.2               │                    │ N/A            │
├────────────────┼────────────────────────────────────────────┼────────────────────┼────────────────┤
│ clab-ml-31-r12 │ linux                                      │ running            │ 192.168.31.104 │
│                │ quay.io/frrouting/frr:10.2.2               │                    │ N/A            │
├────────────────┼────────────────────────────────────────────┼────────────────────┼────────────────┤
│ clab-ml-31-r21 │ linux                                      │ running            │ 192.168.31.105 │
│                │ quay.io/frrouting/frr:10.2.2               │                    │ N/A            │
├────────────────┼────────────────────────────────────────────┼────────────────────┼────────────────┤
│ clab-ml-31-r22 │ linux                                      │ running            │ 192.168.31.106 │
│                │ quay.io/frrouting/frr:10.2.2               │                    │ N/A            │
├────────────────┼────────────────────────────────────────────┼────────────────────┼────────────────┤
│ clab-ml-31-rb  │ linux                                      │ running            │ 192.168.31.102 │
│                │ quay.io/frrouting/frr:10.2.2               │                    │ N/A            │
├────────────────┼────────────────────────────────────────────┼────────────────────┼────────────────┤
│ clab-ml-31-v1  │ linux                                      │ running            │ 192.168.31.107 │
│                │ quay.io/frrouting/frr:10.2.2               │                    │ N/A            │
├────────────────┼────────────────────────────────────────────┼────────────────────┼────────────────┤
│ clab-ml-31-v2  │ linux                                      │ running            │ 192.168.31.108 │
│                │ quay.io/frrouting/frr:10.2.2               │                    │ N/A            │
╰────────────────┴────────────────────────────────────────────┴────────────────────┴────────────────╯

Initial configuration skipped, run 'netlab initial' to configure the devices
