Creating Device configuration snippets
[CREATED] dut: normalize,initial,ospf,bgp
[CREATED] x1: initial,ospf,bgp,bgp.session
[CREATED] x2: initial,bgp
Checking Are lab devices ready to be configured?
 [INFO] Checking SSH server(s) on dut
[SSH]     SSH server on node dut (device ioll2) is ready after 7.4 seconds
Config Normalizing device configurations
netmiko:  [INFO] Sent normalize configuration to dut
Config Deploying device configurations
 [INFO] Executing initial configuration for node x1
 [INFO] Executing initial configuration for node x2
 [INFO] Executing ospf configuration for node x1
 [INFO] Executing bgp configuration for node x2
 [INFO] Executing bgp configuration for node x1
 [INFO] Executing bgp.session configuration for node x1
netmiko:  [INFO] Sent initial configuration to dut
netmiko:  [INFO] Sent ospf configuration to dut
netmiko:  [INFO] Sent bgp configuration to dut

Results of configuration script deployments
================================================================================
dut              Script:  normalize,initial,ospf,bgp
x1               Script:  initial,ospf,bgp,bgp.session
x2               Script:  initial,bgp


Use this topology to test the baseline IPv4 IBGP and EBGP implementation
and next-hop-self on IBGP sessions.

DUT has the default device role (router or host) and thus might have to
establish IBGP session from the LAN interface.

