Creating Device configuration snippets
[CREATED] dut: normalize,initial,routing,bgp
[CREATED] x1: initial,bgp
[CREATED] x2: initial,bgp
Checking Are lab devices ready to be configured?
 [INFO] Checking SSH server(s) on dut
[SSH]     SSH server on node dut (device ioll2) is ready after 7.4 seconds
Config Normalizing device configurations
netmiko:  [INFO] Sent normalize configuration to dut
Config Deploying device configurations
 [INFO] Executing initial configuration for node x1
 [INFO] Executing initial configuration for node x2
 [INFO] Executing bgp configuration for node x1
 [INFO] Executing bgp configuration for node x2
netmiko:  [INFO] Sent initial configuration to dut
netmiko:  [INFO] Sent routing configuration to dut
netmiko:  [INFO] Sent bgp configuration to dut

Results of configuration script deployments
================================================================================
dut              Script:  normalize,initial,routing,bgp
x1               Script:  initial,bgp
x2               Script:  initial,bgp


Use this topology to test the 'local AS' functionality on EBGP sessions. The
device under test uses a different AS on DUT-X1 session and shall still
propagate routes between X1 and X2

