Creating Device configuration snippets
[CREATED] dut: normalize,initial,ospf,bgp
[CREATED] rr2: initial,ospf,bgp
[CREATED] r1: initial,ospf,bgp
[CREATED] r2: initial,ospf,bgp
[CREATED] x1: initial,bgp
Checking Are lab devices ready to be configured?
 [INFO] Checking SSH server(s) on dut
[SSH]     SSH server on node dut (device ioll2) is ready after 7.4 seconds
Config Deploying device configurations
 [INFO] Executing initial configuration for node rr2
 [INFO] Executing initial configuration for node r1
 [INFO] Executing initial configuration for node r2
 [INFO] Executing initial configuration for node x1
 [INFO] Executing ospf configuration for node r2
 [INFO] Executing bgp configuration for node x1
 [INFO] Executing ospf configuration for node rr2
 [INFO] Executing ospf configuration for node r1
 [INFO] Executing bgp configuration for node r2
 [INFO] Executing bgp configuration for node rr2
 [INFO] Executing bgp configuration for node r1
 [INFO] Starting Ansible playbook to deploy the rest of the
          configurations
[WARNING]: Found variable using reserved name: hosts

PLAY [Deploy initial device configuration] *************************************

TASK [Set variables that cannot be set with VARS] ******************************
ok: [dut]

TASK [Normalize config on bridge-like devices] *********************************
included: /home/pipi/netlab_gh/netsim/ansible/tasks/deploy-module.yml for dut

TASK [Figure out whether to deploy the module normalize on current device] *****
ok: [dut]

TASK [Find configuration template for normalize] *******************************
ok: [dut]

TASK [fail] ********************************************************************
skipping: [dut]

TASK [Find configuration deployment deploy_script for normalize] ***************
ok: [dut]

TASK [Print deployed configuration when running in verbose mode] ***************
ok: [dut] => {
    "msg": "normalize configuration for dut\n=========================================\n!\ninterface Ethernet0/1\n shutdown\n!\ninterface Ethernet0/2\n shutdown\n"
}

TASK [Deploy normalize configuration] ******************************************
included: /home/pipi/netlab_gh/netsim/ansible/tasks/deploy-config/ios.yml for dut

TASK [ios_config: deploying normalize from /work/netlab_cicd/cisco_c/node_files/dut/normalize] ***
[WARNING]: To ensure idempotency and correct diff the input configuration lines
should be similar to how they appear if present in the running configuration on
device including the indentation
changed: [dut]

TASK [Deploy initial configuration] ********************************************
included: /home/pipi/netlab_gh/netsim/ansible/tasks/deploy-module.yml for dut

TASK [Figure out whether to deploy the module initial on current device] *******
ok: [dut]

TASK [Find configuration template for initial] *********************************
ok: [dut]

TASK [fail] ********************************************************************
skipping: [dut]

TASK [Find configuration deployment deploy_script for initial] *****************
ok: [dut]

TASK [Print deployed configuration when running in verbose mode] ***************
ok: [dut] => {
    "msg": "initial configuration for dut\n=========================================\nhostname dut\n!\nno ip domain lookup\nlogging buffered 256000\n\n!\nlldp run\n!\n!\nip routing\n!\nipv6 unicast-routing\n!\n!\ninterface Loopback0\n ipv6 address 2001:DB8:1::1/128\n!\ninterface Ethernet0/0\n no lldp transmit\n no lldp receive\n!\ninterface Ethernet0/1\n no switchport\n description dut -> r1\n ipv6 mtu 1500\n ipv6 nd ra interval 5\n ipv6 address 2001:DB8:3::1/64\n mac-address caf0.0001.0001\n no shutdown\n!\ninterface Ethernet0/2\n no switchport\n description dut -> x1 [external]\n ipv6 mtu 1500\n ipv6 nd ra interval 5\n ipv6 address 2001:DB8:3:3::1/64\n mac-address caf0.0001.0002\n no shutdown\n!\n!\nline vty 0 4\n exec-timeout 0 0 \n!\nno banner exec\nno banner login\nno banner incoming\n"
}

TASK [Deploy initial configuration] ********************************************
included: /home/pipi/netlab_gh/netsim/ansible/tasks/deploy-config/ios.yml for dut

TASK [ios_config: deploying initial from /work/netlab_cicd/cisco_c/node_files/dut/initial] ***
changed: [dut]

PLAY [Deploy module-specific configurations] ***********************************

TASK [Set variables that cannot be set with VARS] ******************************
ok: [dut]

TASK [Deploy individual configuration modules] *********************************
included: /home/pipi/netlab_gh/netsim/ansible/tasks/deploy-module.yml for dut => (item=ospf)
included: /home/pipi/netlab_gh/netsim/ansible/tasks/deploy-module.yml for dut => (item=bgp)

TASK [Figure out whether to deploy the module ospf on current device] **********
ok: [dut]

TASK [Find configuration template for ospf] ************************************
ok: [dut]

TASK [fail] ********************************************************************
skipping: [dut]

TASK [Find configuration deployment deploy_script for ospf] ********************
ok: [dut]

TASK [Print deployed configuration when running in verbose mode] ***************
ok: [dut] => {
    "msg": "ospf configuration for dut\n=========================================\nrouter ospfv3 1\n router-id 10.0.0.1\n address-family ipv6 unicast\n!\ninterface Loopback0\n! \n ospfv3 1 ipv6 area 0.0.0.0\n!\ninterface Ethernet0/1\n! dut -> r1\n ospfv3 1 ipv6 area 0.0.0.0\n ospfv3 network point-to-point\n!\n\n"
}

TASK [Deploy ospf configuration] ***********************************************
included: /home/pipi/netlab_gh/netsim/ansible/tasks/deploy-config/ios.yml for dut

TASK [ios_config: deploying ospf from /work/netlab_cicd/cisco_c/node_files/dut/ospf] ***
changed: [dut]

TASK [Figure out whether to deploy the module bgp on current device] ***********
ok: [dut]

TASK [Find configuration template for bgp] *************************************
ok: [dut]

TASK [fail] ********************************************************************
skipping: [dut]

TASK [Find configuration deployment deploy_script for bgp] *********************
ok: [dut]

TASK [Print deployed configuration when running in verbose mode] ***************
ok: [dut] => {
    "msg": "bgp configuration for dut\n=========================================\n!\nip bgp-community new-format\n!\nrouter bgp 65000\n no bgp default ipv4-unicast\n bgp update-delay 5\n bgp nopeerup-delay cold-boot 1\n bgp nopeerup-delay user-initiated 1\n bgp router-id 10.0.0.1\n bgp cluster-id 10.0.0.42\n  neighbor 2001:db8:1::2 remote-as 65000\n  neighbor 2001:db8:1::2 description rr2\n  neighbor 2001:db8:1::2 update-source Loopback0\n\n  neighbor 2001:db8:1::a remote-as 65000\n  neighbor 2001:db8:1::a description r1\n  neighbor 2001:db8:1::a update-source Loopback0\n\n  neighbor 2001:db8:1::3 remote-as 65000\n  neighbor 2001:db8:1::3 description r2\n  neighbor 2001:db8:1::3 update-source Loopback0\n\n  neighbor 2001:db8:3:3::2 remote-as 65101\n  neighbor 2001:db8:3:3::2 description x1\n\n!\n address-family ipv6\n  bgp scan-time 5\n!\n  network 2001:db8:1::1/128\n\n!\n  neighbor 2001:db8:1::2 activate\n  neighbor 2001:db8:1::2 advertisement-interval 0\n  neighbor 2001:db8:1::2 next-hop-self\n  neighbor 2001:db8:1::2 send-community both\n\n  neighbor 2001:db8:1::a activate\n  neighbor 2001:db8:1::a advertisement-interval 0\n  neighbor 2001:db8:1::a next-hop-self\n  neighbor 2001:db8:1::a route-reflector-client\n  neighbor 2001:db8:1::a send-community both\n\n  neighbor 2001:db8:1::3 activate\n  neighbor 2001:db8:1::3 advertisement-interval 0\n  neighbor 2001:db8:1::3 next-hop-self\n  neighbor 2001:db8:1::3 route-reflector-client\n  neighbor 2001:db8:1::3 send-community both\n\n  neighbor 2001:db8:3:3::2 activate\n  neighbor 2001:db8:3:3::2 advertisement-interval 0\n  neighbor 2001:db8:3:3::2 send-community standard\n\n"
}

TASK [Deploy bgp configuration] ************************************************
included: /home/pipi/netlab_gh/netsim/ansible/tasks/deploy-config/ios.yml for dut

TASK [ios_config: deploying bgp from /work/netlab_cicd/cisco_c/node_files/dut/bgp] ***
changed: [dut]

PLAY [Deploy custom deployment templates] **************************************
skipping: no hosts matched

PLAY RECAP *********************************************************************
dut                        : ok=30   changed=4    unreachable=0    failed=0    skipped=4    rescued=0    ignored=0   

Results of configuration script deployments
================================================================================
rr2              Script:  initial,ospf,bgp
r1               Script:  initial,ospf,bgp
r2               Script:  initial,ospf,bgp
x1               Script:  initial,bgp


Use this topology to test the IBGP RR implementation (rr-clients and
cluster-id) and next-hop handling (change next hop on EBGP but not on
reflected route) on IPv6 IBGP sessions.

