Creating Device configuration snippets
[CREATED] dut: normalize,initial,ospf,bgp
[CREATED] x1: initial,ospf,bgp,bgp-xact
[CREATED] x2: initial,bgp,bgp-xact
Checking Are lab devices ready to be configured?
 [INFO] Checking SSH server(s) on dut
[SSH]     SSH server on node dut (device ioll2) is ready after 7.4 seconds
Config Normalizing device configurations
netmiko:  [INFO] Sent normalize configuration to dut
Config Deploying device configurations
 [INFO] Executing initial configuration for node x1
 [INFO] Executing initial configuration for node x2
 [INFO] Executing bgp configuration for node x2
 [INFO] Executing ospf configuration for node x1
 [INFO] Executing bgp-xact configuration for node x2
 [INFO] Executing bgp configuration for node x1
 [INFO] Executing bgp-xact configuration for node x1
netmiko:  [INFO] Sent initial configuration to dut
netmiko:  [INFO] Sent ospf configuration to dut
netmiko:  [INFO] Sent bgp configuration to dut

Results of configuration script deployments
================================================================================
dut              Script:  normalize,initial,ospf,bgp
x1               Script:  initial,ospf,bgp,bgp-xact
x2               Script:  initial,bgp,bgp-xact


Use this topology to test the selective activation of IPv4 and IPv6 address
families on IPv4 and IPv6 IBGP and EBGP sessions.

The 'session should not be established' error could be triggered by overly
generous activation of address families on the tested device.

