Using transformed lab topology from snapshot file netlab.snapshot.pickle
Checking virtualization provider installation
OK: clab installed and working correctly
Starting clab nodes
Loading Linux kernel modules mpls-router,mpls-iptunnel required by containers using mpls module
provider clab: executing sudo -E containerlab deploy --reconfigure -t clab.yml
15:07:39 INFO Containerlab started version=0.74.2
15:07:39 INFO Parsing & checking topology file=clab.yml
15:07:39 INFO Removing directory path=/work/netlab_cicd/other_c/clab-ml-85
15:07:39 INFO Creating docker network name=nl_mgmt_85 IPv4 subnet=192.168.85.0/24 IPv6 subnet="" MTU=0
15:07:39 INFO Creating lab directory path=/work/netlab_cicd/other_c/clab-ml-85
15:07:39 INFO Creating container name=h2
15:07:39 INFO Creating container name=pe2
15:07:39 INFO Creating container name=p2
15:07:39 INFO Creating container name=ch
15:07:39 INFO Creating container name=dut
15:07:39 INFO Creating container name=p1
15:07:39 INFO Creating container name=h1
15:07:39 INFO Creating container name=h3
15:07:41 INFO Created link: h1:eth1 ▪┄┄▪ dut:eth2
15:07:42 INFO Created link: h2:eth1 ▪┄┄▪ pe2:eth2
15:07:42 INFO Created link: pe2:eth1 ▪┄┄▪ p2:eth2
15:07:42 INFO Created link: h3:eth1 ▪┄┄▪ pe2:eth3
15:07:43 INFO Created link: ch:eth1 ▪┄┄▪ dut:eth3
15:07:43 INFO Created link: dut:eth1 ▪┄┄▪ p1:eth1
15:07:43 INFO Created link: p1:eth2 ▪┄┄▪ p2:eth1
15:07:44 INFO Executed command node=pe2 command="sleep 1" stdout=""
15:07:44 INFO Executed command node=p2 command="sleep 1" stdout=""
15:07:44 INFO Executed command node=p1 command="sleep 1" stdout=""
15:07:44 INFO Adding host entries path=/etc/hosts
15:07:44 INFO Adding SSH config for nodes path=/etc/ssh/ssh_config.d/clab-ml-85.conf
15:07:44 INFO containerlab version
  🎉=
  │ A newer containerlab version (0.74.3) is available!
  │ Release notes: https://containerlab.dev/rn/0.74/#0743
  │ Run 'clab version upgrade' or see https://containerlab.dev/install/ for other installation options.
[1m╭[0m[1m────────────────[0m[1m┬[0m[1m────────────────────────────────[0m[1m┬[0m[1m─────────[0m[1m┬[0m[1m────────────────[0m[1m╮[0m
[1m│[0m[1m      Name      [0m[1m│[0m[1m           Kind/Image           [0m[1m│[0m[1m  State  [0m[1m│[0m[1m IPv4/6 Address [0m[1m│[0m
[1m├[0m[1m────────────────[0m[1m┼[0m[1m────────────────────────────────[0m[1m┼[0m[1m─────────[0m[1m┼[0m[1m────────────────[0m[1m┤[0m
│ clab-ml-85-ch  │ linux                          │ running │ 192.168.85.104 │
│                │ python:3.13-alpine             │         │ N/A            │
├────────────────┼────────────────────────────────┼─────────┼────────────────┤
│ clab-ml-85-dut │ linux                          │ running │ 192.168.85.105 │
│                │ ghcr.io/sysoleg/vyos-container │         │ N/A            │
├────────────────┼────────────────────────────────┼─────────┼────────────────┤
│ clab-ml-85-h1  │ linux                          │ running │ 192.168.85.101 │
│                │ python:3.13-alpine             │         │ N/A            │
├────────────────┼────────────────────────────────┼─────────┼────────────────┤
│ clab-ml-85-h2  │ linux                          │ running │ 192.168.85.102 │
│                │ python:3.13-alpine             │         │ N/A            │
├────────────────┼────────────────────────────────┼─────────┼────────────────┤
│ clab-ml-85-h3  │ linux                          │ running │ 192.168.85.103 │
│                │ python:3.13-alpine             │         │ N/A            │
├────────────────┼────────────────────────────────┼─────────┼────────────────┤
│ clab-ml-85-p1  │ linux                          │ running │ 192.168.85.107 │
│                │ quay.io/frrouting/frr:10.6.0   │         │ N/A            │
├────────────────┼────────────────────────────────┼─────────┼────────────────┤
│ clab-ml-85-p2  │ linux                          │ running │ 192.168.85.108 │
│                │ quay.io/frrouting/frr:10.6.0   │         │ N/A            │
├────────────────┼────────────────────────────────┼─────────┼────────────────┤
│ clab-ml-85-pe2 │ linux                          │ running │ 192.168.85.106 │
│                │ quay.io/frrouting/frr:10.6.0   │         │ N/A            │
╰────────────────┴────────────────────────────────┴─────────┴────────────────╯

Initial configuration skipped, run 'netlab initial' to configure the devices
