bird:  [INFO] Control-plane daemon on node l1 will have to wait for
          vxlan data-plane configuration
... Set defaults.devices.bird.warnings.dataplane_config to False to hide this message
[CONFIG]  h1: initial,routing,hosts
[CONFIG]  h2: initial,routing,hosts (shared)
[CONFIG]  l1: initial,vlan,vxlan,bird,bgp,evpn,hosts (shared),dataplane-wait
[CONFIG]  l2: initial,vlan,bgp,vxlan,evpn,daemons,hosts (shared)
[CONFIG]  spine: initial,bird,bgp,evpn,hosts (shared)
Created provider configuration file: clab.yml
Created pickled transformed topology data into netlab.snapshot.pickle
Created group_vars for all
Created group_vars for modules
Created group_vars for linux
Created host_vars for h1, h2
Created group_vars for bird
Created host_vars for l1, spine
Created group_vars for frr
Created host_vars for l2
Created minimized Ansible inventory hosts.yml
Created Ansible configuration file: ansible.cfg
