Using transformed lab topology from snapshot file netlab.snapshot.pickle
Checking virtualization provider installation
OK: clab installed and working correctly
Starting clab nodes
provider clab: executing flock -E 42 /tmp/netlab.lock sudo -E containerlab deploy --reconfigure -t clab.yml
18:11:51 INFO Containerlab started version=0.75.0
18:11:51 INFO Parsing & checking topology file=clab.yml
18:11:51 INFO Removing directory path=/work/netlab_cicd/clab-ml-17
18:11:51 INFO Creating docker network name=nl_mgmt_17 IPv4 subnet=192.168.17.0/24 IPv6 subnet="" MTU=0
18:11:51 WARN Node name will not resolve via DNS name=clab-ml-17-dut_l1 reason="name contains invalid characters such as '.' and/or '_'"
18:11:51 WARN Node name will not resolve via DNS name=clab-ml-17-dut_spine reason="name contains invalid characters such as '.' and/or '_'"
18:11:51 INFO Creating lab directory path=/work/netlab_cicd/clab-ml-17
18:11:51 INFO Creating container name=dut_l1
18:11:51 INFO Creating container name=h1
18:11:51 INFO Creating container name=h2
18:11:51 INFO Creating container name=dut_spine
18:11:51 INFO Creating container name=l2
18:11:51 INFO Created link: l2:eth1 ▪┄┄▪ dut_spine:eth2
18:11:52 INFO Created link: h2:eth1 ▪┄┄▪ l2:eth2
18:11:52 INFO Created link: dut_l1:eth1 ▪┄┄▪ dut_spine:eth1
18:11:52 INFO Created link: h1:eth1 ▪┄┄▪ dut_l1:eth2
18:11:53 INFO Executed command node=l2 command="sleep 1" stdout=""
18:11:53 INFO Adding host entries path=/etc/hosts
18:11:53 INFO Adding SSH config for nodes path=/etc/ssh/ssh_config.d/clab-ml-17.conf
18:11:53 INFO containerlab version
  🎉=
  │ A newer containerlab version (0.77.0) is available!
  │ Release notes: https://containerlab.dev/rn/0.77/
  │ Run 'clab version upgrade' or see https://containerlab.dev/install/ for other installation options.
[1m╭[0m[1m──────────────────────[0m[1m┬[0m[1m──────────────────────────────[0m[1m┬[0m[1m─────────[0m[1m┬[0m[1m────────────────[0m[1m╮[0m
[1m│[0m[1m         Name         [0m[1m│[0m[1m          Kind/Image          [0m[1m│[0m[1m  State  [0m[1m│[0m[1m IPv4/6 Address [0m[1m│[0m
[1m├[0m[1m──────────────────────[0m[1m┼[0m[1m──────────────────────────────[0m[1m┼[0m[1m─────────[0m[1m┼[0m[1m────────────────[0m[1m┤[0m
│ clab-ml-17-dut_l1    │ linux                        │ running │ 192.168.17.103 │
│                      │ netlab/bird:3.3.1            │         │ N/A            │
├──────────────────────┼──────────────────────────────┼─────────┼────────────────┤
│ clab-ml-17-dut_spine │ linux                        │ running │ 192.168.17.105 │
│                      │ netlab/bird:3.3.1            │         │ N/A            │
├──────────────────────┼──────────────────────────────┼─────────┼────────────────┤
│ clab-ml-17-h1        │ linux                        │ running │ 192.168.17.101 │
│                      │ python:3.13-alpine           │         │ N/A            │
├──────────────────────┼──────────────────────────────┼─────────┼────────────────┤
│ clab-ml-17-h2        │ linux                        │ running │ 192.168.17.102 │
│                      │ python:3.13-alpine           │         │ N/A            │
├──────────────────────┼──────────────────────────────┼─────────┼────────────────┤
│ clab-ml-17-l2        │ linux                        │ running │ 192.168.17.104 │
│                      │ quay.io/frrouting/frr:10.6.1 │         │ N/A            │
╰──────────────────────┴──────────────────────────────┴─────────┴────────────────╯

Initial configuration skipped, run 'netlab initial' to configure the devices
