Checking virtualization provider installation
OK: clab installed and working correctly
Stopping clab nodes
provider clab: executing flock -E 42 /tmp/netlab.lock sudo -E containerlab destroy --cleanup -t clab.yml
18:12:00 INFO Parsing & checking topology file=clab.yml
18:12:00 INFO Parsing & checking topology file=clab.yml
18:12:00 INFO Destroying lab name=ml-17
18:12:01 INFO Removed container name=clab-ml-17-h2
18:12:01 INFO Removed container name=clab-ml-17-h1
18:12:01 INFO Removed container name=clab-ml-17-l2
18:12:01 INFO Removed container name=clab-ml-17-dut_spine
18:12:01 INFO Removed container name=clab-ml-17-dut_l1
18:12:01 INFO Removing host entries path=/etc/hosts
18:12:01 INFO Removing SSH config path=/etc/ssh/ssh_config.d/clab-ml-17.conf
Cleanup configuration files
... removing clab.yml
... removing ansible.cfg
... removing hosts.yml
... removing directory tree group_vars
... removing directory tree host_vars
... removing directory tree node_files
... removing netlab.snapshot.pickle
