Creating Device configuration snippets
[CREATED] dut: normalize,initial,routing,bgp,vrf,bgp.policy
[CREATED] p_global: initial,bgp
[CREATED] p_vrf: initial,bgp
Checking Are lab devices ready to be configured?
 [INFO] Checking SSH server(s) on dut
[SSH]     SSH server on node dut (device ioll2) is ready after 7.3 seconds
Config Normalizing device configurations
netmiko:  [INFO] Sent normalize configuration to dut
Config Deploying device configurations
 [INFO] Executing initial configuration for node p_global
 [INFO] Executing initial configuration for node p_vrf
 [INFO] Executing bgp configuration for node p_global
 [INFO] Executing bgp configuration for node p_vrf
netmiko:  [INFO] Sent initial configuration to dut
netmiko:  [INFO] Sent routing configuration to dut
netmiko:  [INFO] Sent bgp configuration to dut
netmiko:  [INFO] Sent vrf configuration to dut
netmiko:  [INFO] Sent bgp.policy configuration to dut

Results of configuration script deployments
================================================================================
dut              Script:  normalize,initial,routing,bgp,vrf,bgp.policy
p_global         Script:  initial,bgp
p_vrf            Script:  initial,bgp


Use this topology to test BGP MED on IPv4 and IPv6 prefixes. DUT
has to set MED on outgoing EBGP updates.

