iol:  [INFO] Adjusted wait time in 'pfx_o2_v4' validation test to 30
iol:  [INFO] Adjusted wait time in 'pfx_o3_v6' validation test to 30
iol:  [INFO] Adjusted wait time in 'pfx_o1_miss' validation test to 30
iol:  [INFO] Adjusted wait time in 'x2_pfx_o3_miss' validation test to
          30
[CONFIG]  dut: normalize,initial,routing,bgp,vrf,bgp.policy,ifstate
[CONFIG]  x1: initial,routing,bgp,daemons,hosts,resolv
[CONFIG]  x2: initial,bgp,daemons,hosts (shared),resolv
[CONFIG]  x3: initial,bgp,daemons,hosts (shared),resolv
[CONFIG]  vx1: initial,routing,bgp,daemons,hosts (shared),resolv
[CONFIG]  vx2: initial,bgp,daemons,hosts (shared),resolv
[CONFIG]  vx3: initial,bgp,daemons,hosts (shared),resolv
Created provider configuration file: clab.yml
Created pickled transformed topology data into netlab.snapshot.pickle
Created group_vars for all
Created group_vars for modules
Created group_vars for custom_configs
Created group_vars for ioll2
Created host_vars for dut
Created group_vars for frr
Created host_vars for x1, x2, x3, vx1, vx2, vx3
Created minimized Ansible inventory hosts.yml
Created Ansible configuration file: ansible.cfg
