Creating Device configuration snippets
[CREATED] dut: normalize,initial,routing,vrf
[CREATED] x1: initial,ospf
[CREATED] x2: initial,ospf
Checking Are lab devices ready to be configured?
 [INFO] Checking SSH server(s) on dut
[SSH]     SSH server on node dut (device ioll2) is ready after 7.3 seconds
Config Normalizing device configurations
netmiko:  [INFO] Sent normalize configuration to dut
Config Deploying device configurations
 [INFO] Executing initial configuration for node x1
 [INFO] Executing initial configuration for node x2
 [INFO] Executing ospf configuration for node x2
 [INFO] Executing ospf configuration for node x1
netmiko:  [INFO] Sent initial configuration to dut
netmiko:  [INFO] Sent routing configuration to dut
netmiko:  [INFO] Sent vrf configuration to dut

Results of configuration script deployments
================================================================================
dut              Script:  normalize,initial,routing,vrf
x1               Script:  initial,ospf
x2               Script:  initial,ospf


Use this topology to test VRF IPv4 and IPv6 static routes. DUT has
to have static routes for loopback addresses of X1 and X2.

