Using transformed lab topology from snapshot file netlab.snapshot.pickle
Checking virtualization provider installation
OK: clab installed and working correctly
Starting clab nodes
 [INFO] Setting containerlab runtime to docker
provider clab: executing flock -E 42 /tmp/netlab.lock containerlab deploy --reconfigure -t clab.yml
13:03:59 INFO Containerlab started version=0.75.0
13:03:59 INFO Parsing & checking topology file=clab.yml
13:03:59 INFO Removing directory path=/work/netlab_cicd/clab-ml-17
13:03:59 INFO Creating docker network name=nl_mgmt_17 IPv4 subnet=192.168.17.0/24 IPv6 subnet="" MTU=0
13:03:59 INFO Creating lab directory path=/work/netlab_cicd/clab-ml-17
13:04:00 INFO Creating container name=h2
13:04:00 INFO Creating container name=h1
13:04:00 INFO Creating container name=dut
13:04:00 INFO Created link: h1:eth1 ▪┄┄▪ dut:eth1 (Ethernet0/1)
13:04:00 INFO Created link: h2:eth1 ▪┄┄▪ dut:eth2 (Ethernet0/2)
13:04:00 INFO Running postdeploy actions for Cisco IOL 'dut' node
13:04:01 INFO Executed command node=h2 command="apk add netcat-openbsd"
  stdout=
  │ (1/3) Installing libmd (1.2.0-r0)
  │ (2/3) Installing libbsd (0.12.2-r0)
  │ (3/3) Installing netcat-openbsd (1.234.1-r0)
  │ Executing busybox-1.37.0-r31.trigger
  │ OK: 11.5 MiB in 32 packages

13:04:01 INFO Executed command node=h1 command="apk add netcat-openbsd"
  stdout=
  │ (1/3) Installing libmd (1.2.0-r0)
  │ (2/3) Installing libbsd (0.12.2-r0)
  │ (3/3) Installing netcat-openbsd (1.234.1-r0)
  │ Executing busybox-1.37.0-r31.trigger
  │ OK: 11.5 MiB in 32 packages

13:04:01 INFO Adding host entries path=/etc/hosts
13:04:01 INFO Adding SSH config for nodes path=/etc/ssh/ssh_config.d/clab-ml-17.conf
13:04:01 INFO containerlab version
  🎉=
  │ A newer containerlab version (0.77.0) is available!
  │ Release notes: https://containerlab.dev/rn/0.77/
  │ Run 'clab version upgrade' or see https://containerlab.dev/install/ for other installation options.
[1m╭[0m[1m────────────────[0m[1m┬[0m[1m────────────────────────────────[0m[1m┬[0m[1m─────────[0m[1m┬[0m[1m────────────────[0m[1m╮[0m
[1m│[0m[1m      Name      [0m[1m│[0m[1m           Kind/Image           [0m[1m│[0m[1m  State  [0m[1m│[0m[1m IPv4/6 Address [0m[1m│[0m
[1m├[0m[1m────────────────[0m[1m┼[0m[1m────────────────────────────────[0m[1m┼[0m[1m─────────[0m[1m┼[0m[1m────────────────[0m[1m┤[0m
│ clab-ml-17-dut │ cisco_iol                      │ running │ 192.168.17.103 │
│                │ vrnetlab/cisco_iol:L2-17.18.02 │         │ N/A            │
├────────────────┼────────────────────────────────┼─────────┼────────────────┤
│ clab-ml-17-h1  │ linux                          │ running │ 192.168.17.101 │
│                │ python:3.13-alpine             │         │ N/A            │
├────────────────┼────────────────────────────────┼─────────┼────────────────┤
│ clab-ml-17-h2  │ linux                          │ running │ 192.168.17.102 │
│                │ python:3.13-alpine             │         │ N/A            │
╰────────────────┴────────────────────────────────┴─────────┴────────────────╯

Initial configuration skipped, run 'netlab initial' to configure the devices
