Creating Device configuration snippets
[CREATED] dut: initial,ospf
[CREATED] x1: initial,ospf
[CREATED] x2: initial,ospf
Config Deploying device configurations
 [INFO] Executing initial configuration for node dut (namespace clab-
          ml-85-dut)
 [INFO] Executing initial configuration for node x1
 [INFO] Executing initial configuration for node x2
 [INFO] Executing ospf configuration for node x1
 [INFO] Executing ospf configuration for node x2

Results of configuration script deployments
================================================================================
dut              Script:  initial
x1               Script:  initial,ospf
x2               Script:  initial,ospf


This lab tests the OSPF interface timers. The device under test must establish
an OSPF adjacency with the probe having custom OSPF hello/dead timers.

The test assumes the device under test supports OSPFv2 in VRFs and configurable
OSPF router ID.

