Using transformed lab topology from snapshot file netlab.snapshot.pickle
Checking virtualization provider installation
OK: clab installed and working correctly
Starting clab nodes
 [INFO] Setting containerlab runtime to docker
provider clab: executing flock -E 42 /tmp/netlab.lock containerlab deploy --reconfigure -t clab.yml
06:12:35 INFO Containerlab started version=0.75.0
06:12:35 INFO Parsing & checking topology file=clab.yml
06:12:35 INFO Removing directory path=/work/netlab_cicd/clab-ml-17
06:12:35 INFO Creating docker network name=nl_mgmt_17 IPv4 subnet=192.168.17.0/24 IPv6 subnet=fd00:df:1ab:17::/64 MTU=0
06:12:35 WARN Node name will not resolve via DNS name=clab-ml-17-dut_dns reason="name contains invalid characters such as '.' and/or '_'"
06:12:35 WARN Node name will not resolve via DNS name=clab-ml-17-dut_hosts reason="name contains invalid characters such as '.' and/or '_'"
06:12:35 INFO Creating lab directory path=/work/netlab_cicd/clab-ml-17
06:12:35 INFO Creating container name=t1
06:12:35 INFO Creating container name=dut_dns
06:12:35 INFO Creating container name=dnssrv
06:12:35 INFO Creating container name=dut_hosts
06:12:36 INFO Created link: dut_dns:eth1 ▪┄┄▪ ml-17_1:bni17n1i1
06:12:36 INFO Created link: dut_hosts:eth1 ▪┄┄▪ ml-17_1:bni17n2i1
06:12:36 INFO Created link: dnssrv:eth1 ▪┄┄▪ ml-17_1:bni17n3i1
06:12:36 INFO Created link: t1:eth1 ▪┄┄▪ ml-17_1:bni17n4i1
06:12:37 INFO Executed command node=dut_dns command="sleep 1" stdout=""
06:12:37 INFO Executed command node=dut_hosts command="sleep 1" stdout=""
06:12:37 INFO Adding host entries path=/etc/hosts
06:12:37 INFO Adding SSH config for nodes path=/etc/ssh/ssh_config.d/clab-ml-17.conf
06:12:37 INFO containerlab version
  🎉=
  │ A newer containerlab version (0.78.0) is available!
  │ Release notes: https://containerlab.dev/rn/0.78/
  │ Run 'clab version upgrade' or see https://containerlab.dev/install/ for other installation options.
[1m╭[0m[1m──────────────────────[0m[1m┬[0m[1m──────────────────────────────[0m[1m┬[0m[1m─────────[0m[1m┬[0m[1m───────────────────[0m[1m╮[0m
[1m│[0m[1m         Name         [0m[1m│[0m[1m          Kind/Image          [0m[1m│[0m[1m  State  [0m[1m│[0m[1m   IPv4/6 Address  [0m[1m│[0m
[1m├[0m[1m──────────────────────[0m[1m┼[0m[1m──────────────────────────────[0m[1m┼[0m[1m─────────[0m[1m┼[0m[1m───────────────────[0m[1m┤[0m
│ clab-ml-17-dnssrv    │ linux                        │ running │ 192.168.17.103    │
│                      │ netlab/dnsmasq:latest        │         │ fd00:df:1ab:17::5 │
├──────────────────────┼──────────────────────────────┼─────────┼───────────────────┤
│ clab-ml-17-dut_dns   │ linux                        │ running │ 192.168.17.101    │
│                      │ quay.io/frrouting/frr:10.6.1 │         │ fd00:df:1ab:17::2 │
├──────────────────────┼──────────────────────────────┼─────────┼───────────────────┤
│ clab-ml-17-dut_hosts │ linux                        │ running │ 192.168.17.102    │
│                      │ quay.io/frrouting/frr:10.6.1 │         │ fd00:df:1ab:17::3 │
├──────────────────────┼──────────────────────────────┼─────────┼───────────────────┤
│ clab-ml-17-t1        │ linux                        │ running │ 192.168.17.104    │
│                      │ python:3.13-alpine           │         │ fd00:df:1ab:17::4 │
╰──────────────────────┴──────────────────────────────┴─────────┴───────────────────╯

Initial configuration skipped, run 'netlab initial' to configure the devices
