Creating Device configuration snippets
[CREATED] dut_a: initial,ospf
[CREATED] dut_c: initial,ospf,bgp
[CREATED] probe: initial,ospf
[CREATED] xf: initial,bgp
Config Deploying device configurations
 [INFO] Executing initial configuration for node probe
 [INFO] Executing initial configuration for node xf
 [INFO] Executing ospf configuration for node probe
 [INFO] Executing bgp configuration for node xf
 [INFO] Starting Ansible playbook to deploy the rest of the
          configurations
[WARNING]: Found variable using reserved name: hosts

PLAY [Deploy initial device configuration] *************************************

TASK [Set variables that cannot be set with VARS] ******************************
ok: [dut_a]
ok: [dut_c]

TASK [Normalize config on bridge-like devices] *********************************
included: /home/pipi/net101/tools/netsim/ansible/tasks/deploy-module.yml for dut_a, dut_c

TASK [Figure out whether to deploy the module normalize on current device] *****
ok: [dut_a]
ok: [dut_c]

TASK [Find configuration template for normalize] *******************************
ok: [dut_c]
ok: [dut_a]

TASK [fail] ********************************************************************
skipping: [dut_a]
skipping: [dut_c]

TASK [Find configuration deployment deploy_script for normalize] ***************
ok: [dut_a]
ok: [dut_c]

TASK [Print deployed configuration when running in verbose mode] ***************
skipping: [dut_a]
skipping: [dut_c]

TASK [Deploy normalize configuration] ******************************************
skipping: [dut_a]
skipping: [dut_c]

TASK [Deploy initial configuration] ********************************************
included: /home/pipi/net101/tools/netsim/ansible/tasks/deploy-module.yml for dut_a, dut_c

TASK [Figure out whether to deploy the module initial on current device] *******
ok: [dut_c]
ok: [dut_a]

TASK [Find configuration template for initial] *********************************
ok: [dut_a]
ok: [dut_c]

TASK [fail] ********************************************************************
skipping: [dut_a]
skipping: [dut_c]

TASK [Find configuration deployment deploy_script for initial] *****************
ok: [dut_a]
ok: [dut_c]

TASK [Print deployed configuration when running in verbose mode] ***************
ok: [dut_a] => {
    "msg": "initial configuration for dut_a\n=========================================\nhostname dut-a\n!\nlldp\n!\n\n\n\ninterface mgmt\n    no lldp transmit\n    no lldp receive\n!\n\n\ninterface loopback 0\n    ipv6 address 2001:db8:1:1::1/64\n    no ipv6 nd suppress-ra\n    ipv6 nd ra min-interval 3\n    ipv6 nd ra max-interval 4\n    no shutdown\n!\n\ninterface 1/1/1\n    shutdown\n    mtu 9198\n    description dut_a -> probe\n    ipv6 address 2001:db8:3::1/64\n    no ipv6 nd suppress-ra\n    ipv6 nd ra min-interval 3\n    ipv6 nd ra max-interval 4\n    no shutdown\n!\n!\n"
}
ok: [dut_c] => {
    "msg": "initial configuration for dut_c\n=========================================\nhostname dut-c\n!\nlldp\n!\n\n\n\ninterface mgmt\n    no lldp transmit\n    no lldp receive\n!\n\n\ninterface loopback 0\n    ipv6 address 2001:db8:1:2::1/64\n    no ipv6 nd suppress-ra\n    ipv6 nd ra min-interval 3\n    ipv6 nd ra max-interval 4\n    no shutdown\n!\n\ninterface 1/1/1\n    shutdown\n    mtu 9198\n    description dut_c -> probe\n    ipv6 address 2001:db8:3:1::2/64\n    no ipv6 nd suppress-ra\n    ipv6 nd ra min-interval 3\n    ipv6 nd ra max-interval 4\n    no shutdown\n!\n\ninterface 1/1/2\n    shutdown\n    mtu 9198\n    description dut_c -> xf [external]\n    ipv6 address 2001:db8:3:2::2/64\n    no ipv6 nd suppress-ra\n    ipv6 nd ra min-interval 3\n    ipv6 nd ra max-interval 4\n    no shutdown\n!\n!\n"
}

TASK [Deploy initial configuration] ********************************************
included: /home/pipi/net101/tools/netsim/ansible/tasks/deploy-config/arubacx.yml for dut_a, dut_c

TASK [tempfile] ****************************************************************
changed: [dut_c -> localhost]
changed: [dut_a -> localhost]

TASK [template] ****************************************************************
changed: [dut_a -> localhost]
changed: [dut_c -> localhost]

TASK [aoscx_config: deploying initial from /work/netlab_cicd/other_vm/node_files/dut_a/initial] ***
changed: [dut_a]
changed: [dut_c]

TASK [file] ********************************************************************
changed: [dut_a -> localhost]
changed: [dut_c -> localhost]

PLAY [Deploy module-specific configurations] ***********************************

TASK [Set variables that cannot be set with VARS] ******************************
ok: [dut_a]
ok: [dut_c]

TASK [Deploy individual configuration modules] *********************************
included: /home/pipi/net101/tools/netsim/ansible/tasks/deploy-module.yml for dut_a, dut_c => (item=ospf)
included: /home/pipi/net101/tools/netsim/ansible/tasks/deploy-module.yml for dut_a, dut_c => (item=bgp)

TASK [Figure out whether to deploy the module ospf on current device] **********
ok: [dut_a]
ok: [dut_c]

TASK [Find configuration template for ospf] ************************************
ok: [dut_a]
ok: [dut_c]

TASK [fail] ********************************************************************
skipping: [dut_a]
skipping: [dut_c]

TASK [Find configuration deployment deploy_script for ospf] ********************
ok: [dut_a]
ok: [dut_c]

TASK [Print deployed configuration when running in verbose mode] ***************
ok: [dut_a] => {
    "msg": "ospf configuration for dut_a\n=========================================\n!\nrouter ospfv3 1\n    router-id 10.0.0.1\n\n default-information originate always metric 40\n\n\n\n    area 0.0.0.0\n    area 0.0.0.0\n\n!\ninterface loopback 0\n ipv6 ospfv3 1 area 0.0.0.0\n!\ninterface 1/1/1\n! dut_a -> probe\n    ipv6 ospfv3 1 area 0.0.0.0\n    ipv6 ospfv3 network point-to-point\n!\n"
}
ok: [dut_c] => {
    "msg": "ospf configuration for dut_c\n=========================================\n!\nrouter ospfv3 1\n    router-id 10.0.0.2\n\n default-information originate metric 20\n\n\n\n    area 0.0.0.0\n    area 0.0.0.0\n\n!\ninterface loopback 0\n ipv6 ospfv3 1 area 0.0.0.0\n!\ninterface 1/1/1\n! dut_c -> probe\n    ipv6 ospfv3 1 area 0.0.0.0\n    ipv6 ospfv3 network point-to-point\n    ipv6 ospfv3 cost 10\n!\n"
}

TASK [Deploy ospf configuration] ***********************************************
included: /home/pipi/net101/tools/netsim/ansible/tasks/deploy-config/arubacx.yml for dut_a, dut_c

TASK [tempfile] ****************************************************************
changed: [dut_a -> localhost]
changed: [dut_c -> localhost]

TASK [template] ****************************************************************
changed: [dut_a -> localhost]
changed: [dut_c -> localhost]

TASK [aoscx_config: deploying ospf from /work/netlab_cicd/other_vm/node_files/dut_a/ospf] ***
changed: [dut_a]
changed: [dut_c]

TASK [file] ********************************************************************
changed: [dut_c -> localhost]
changed: [dut_a -> localhost]

TASK [Figure out whether to deploy the module bgp on current device] ***********
ok: [dut_c]
ok: [dut_a]

TASK [Find configuration template for bgp] *************************************
skipping: [dut_a]
ok: [dut_c]

TASK [fail] ********************************************************************
skipping: [dut_a]
skipping: [dut_c]

TASK [Find configuration deployment deploy_script for bgp] *********************
skipping: [dut_a]
ok: [dut_c]

TASK [Print deployed configuration when running in verbose mode] ***************
skipping: [dut_a]
ok: [dut_c] => {
    "msg": "bgp configuration for dut_c\n=========================================\n!\n!\nrouter bgp 65000\n  bgp log-neighbor-changes\n  timers bgp connect-retry 10\n  bgp router-id 10.0.0.2\n  neighbor 2001:db8:3:2::4 remote-as 65100\n  neighbor 2001:db8:3:2::4 description xf\n\n!\n  address-family ipv6 unicast\n!\n  network 2001:db8:1:2::/64\n!\n    neighbor 2001:db8:3:2::4 activate\n    neighbor 2001:db8:3:2::4 advertisement-interval 1\n    neighbor 2001:db8:3:2::4 send-community standard\n\n"
}

TASK [Deploy bgp configuration] ************************************************
skipping: [dut_a]
included: /home/pipi/net101/tools/netsim/ansible/tasks/deploy-config/arubacx.yml for dut_c

TASK [tempfile] ****************************************************************
changed: [dut_c -> localhost]

TASK [template] ****************************************************************
changed: [dut_c -> localhost]

TASK [aoscx_config: deploying bgp from /work/netlab_cicd/other_vm/node_files/dut_c/bgp] ***
changed: [dut_c]

TASK [file] ********************************************************************
changed: [dut_c -> localhost]

PLAY [Deploy custom deployment templates] **************************************
skipping: no hosts matched

PLAY RECAP *********************************************************************
dut_a                      : ok=28   changed=8    unreachable=0    failed=0    skipped=10   rescued=0    ignored=0   
dut_c                      : ok=36   changed=12   unreachable=0    failed=0    skipped=6    rescued=0    ignored=0   

Results of configuration script deployments
================================================================================
probe            Script:  initial,ospf
xf               Script:  initial,bgp


This lab tests the OSPF default route origination. The devices under test
should originate the default route, one always, the other one based one
BGP default route.

