Creating Device configuration snippets
[CREATED] dut: initial,ospf,bfd
[CREATED] bb: initial,ospf,bfd
[CREATED] r1: initial,ospf,bfd
Config Deploying device configurations
 [INFO] Executing initial configuration for node bb
 [INFO] Executing initial configuration for node r1
 [INFO] Executing ospf configuration for node bb
 [INFO] Executing ospf configuration for node r1
 [INFO] Executing bfd configuration for node bb
 [INFO] Executing bfd configuration for node r1
 [INFO] Starting Ansible playbook to deploy the rest of the
          configurations
[WARNING]: Found variable using reserved name: hosts

PLAY [Deploy initial device configuration] *************************************

TASK [Set variables that cannot be set with VARS] ******************************
ok: [dut]

TASK [Deploy initial configuration] ********************************************
included: /home/pipi/net101/tools/netsim/ansible/tasks/deploy-module.yml for dut

TASK [Figure out whether to deploy the module initial on current device] *******
ok: [dut]

TASK [Find configuration template for initial] *********************************
ok: [dut]

TASK [fail] ********************************************************************
skipping: [dut]

TASK [Find configuration deployment deploy_script for initial] *****************
ok: [dut]

TASK [Print deployed configuration when running in verbose mode] ***************
ok: [dut] => {
    "msg": "initial configuration for dut\n=========================================\nhostname dut\n!\nlldp\n!\n\n\n\ninterface mgmt\n    no lldp transmit\n    no lldp receive\n!\n\n\ninterface loopback 0\n    ipv6 address 2001:db8:1:1::1/64\n    no ipv6 nd suppress-ra\n    ipv6 nd ra min-interval 3\n    ipv6 nd ra max-interval 4\n    no shutdown\n!\n\ninterface 1/1/1\n    shutdown\n    mtu 9198\n    description dut -> bb\n    ipv6 address 2001:db8:3::1/64\n    no ipv6 nd suppress-ra\n    ipv6 nd ra min-interval 3\n    ipv6 nd ra max-interval 4\n    no shutdown\n!\n\ninterface 1/1/2\n    shutdown\n    mtu 9198\n    description dut -> r1\n    ipv6 address 2001:db8:3:1::1/64\n    no ipv6 nd suppress-ra\n    ipv6 nd ra min-interval 3\n    ipv6 nd ra max-interval 4\n    no shutdown\n!\n\ninterface 1/1/3\n    shutdown\n    mtu 9198\n    description dut -> stub [stub]\n    ipv6 address 2001:db8:2::1/64\n    no ipv6 nd suppress-ra\n    ipv6 nd ra min-interval 3\n    ipv6 nd ra max-interval 4\n    no shutdown\n!\n!\n"
}

TASK [Deploy initial configuration] ********************************************
included: /home/pipi/net101/tools/netsim/ansible/tasks/deploy-config/arubacx.yml for dut

TASK [tempfile] ****************************************************************
changed: [dut -> localhost]

TASK [template] ****************************************************************
changed: [dut -> localhost]

TASK [aoscx_config: deploying initial from /work/netlab_cicd/node_files/dut/initial] ***
changed: [dut]

TASK [file] ********************************************************************
changed: [dut -> localhost]

PLAY [Deploy module-specific configurations] ***********************************

TASK [Set variables that cannot be set with VARS] ******************************
ok: [dut]

TASK [Deploy individual configuration modules] *********************************
included: /home/pipi/net101/tools/netsim/ansible/tasks/deploy-module.yml for dut => (item=bfd)
included: /home/pipi/net101/tools/netsim/ansible/tasks/deploy-module.yml for dut => (item=ospf)

TASK [Figure out whether to deploy the module bfd on current device] ***********
ok: [dut]

TASK [Find configuration template for bfd] *************************************
ok: [dut]

TASK [fail] ********************************************************************
skipping: [dut]

TASK [Find configuration deployment deploy_script for bfd] *********************
ok: [dut]

TASK [Print deployed configuration when running in verbose mode] ***************
ok: [dut] => {
    "msg": "bfd configuration for dut\n=========================================\n!\nbfd\n!\ninterface 1/1/1\n bfd detect-multiplier 3\n bfd min-receive-interval 500\n bfd min-transmit-interval 500\n!\ninterface 1/1/2\n bfd detect-multiplier 3\n bfd min-receive-interval 500\n bfd min-transmit-interval 500\n!\ninterface 1/1/3\n bfd detect-multiplier 3\n bfd min-receive-interval 500\n bfd min-transmit-interval 500\n!\n"
}

TASK [Deploy bfd configuration] ************************************************
included: /home/pipi/net101/tools/netsim/ansible/tasks/deploy-config/arubacx.yml for dut

TASK [tempfile] ****************************************************************
changed: [dut -> localhost]

TASK [template] ****************************************************************
changed: [dut -> localhost]

TASK [aoscx_config: deploying bfd from /work/netlab_cicd/node_files/dut/bfd] ***
changed: [dut]

TASK [file] ********************************************************************
changed: [dut -> localhost]

TASK [Figure out whether to deploy the module ospf on current device] **********
ok: [dut]

TASK [Find configuration template for ospf] ************************************
ok: [dut]

TASK [fail] ********************************************************************
skipping: [dut]

TASK [Find configuration deployment deploy_script for ospf] ********************
ok: [dut]

TASK [Print deployed configuration when running in verbose mode] ***************
ok: [dut] => {
    "msg": "ospf configuration for dut\n=========================================\n!\nrouter ospfv3 1\n    router-id 10.0.0.1\n\n\n\n\n    area 0.0.0.0\n    area 0.0.0.0\n    area 0.0.0.1\n    area 0.0.0.0\n\n!\ninterface loopback 0\n ipv6 ospfv3 1 area 0.0.0.0\n!\ninterface 1/1/1\n! dut -> bb\n    ipv6 ospfv3 1 area 0.0.0.0\n    ipv6 ospfv3 network point-to-point\n    ipv6 ospfv3 bfd\n!\ninterface 1/1/2\n! dut -> r1\n    ipv6 ospfv3 1 area 0.0.0.1\n    ipv6 ospfv3 network broadcast\n    ipv6 ospfv3 cost 42\n    ipv6 ospfv3 bfd\n!\ninterface 1/1/3\n! dut -> stub\n    ipv6 ospfv3 1 area 0.0.0.0\n    ipv6 ospfv3 bfd\n    ipv6 ospfv3 passive\n!\n"
}

TASK [Deploy ospf configuration] ***********************************************
included: /home/pipi/net101/tools/netsim/ansible/tasks/deploy-config/arubacx.yml for dut

TASK [tempfile] ****************************************************************
changed: [dut -> localhost]

TASK [template] ****************************************************************
changed: [dut -> localhost]

TASK [aoscx_config: deploying ospf from /work/netlab_cicd/node_files/dut/ospf] ***
changed: [dut]

TASK [file] ********************************************************************
changed: [dut -> localhost]

PLAY [Deploy custom deployment templates] **************************************
skipping: no hosts matched

PLAY RECAP *********************************************************************
dut                        : ok=32   changed=12   unreachable=0    failed=0    skipped=3    rescued=0    ignored=0   

Results of configuration script deployments
================================================================================
bb               Script:  initial,ospf,bfd
r1               Script:  initial,ospf,bfd


This topology tests the OSPFv3 with BFD

* Multiple OSPF areas on ABR
* BFD enabled on all interfaces

