Using transformed lab topology from snapshot file netlab.snapshot.pickle
Checking virtualization provider installation
OK: libvirt installed and working correctly
OK: clab installed and working correctly
Starting libvirt nodes
creating libvirt management network nl_mgmt_85
provider libvirt: executing vagrant up --provider libvirt
Bringing machine 'r' up with 'libvirt' provider...
==> r: Checking if box 'dell/os10' version '5.6.6' is up to date...
[fog][WARNING] Unrecognized arguments: libvirt_ip_command
==> r: Creating image (snapshot of base box volume).
==> r: Creating domain with the following settings...
==> r:  -- Name:              ml-85_r
==> r:  -- Description:       Source: /work/netlab_cicd/other_vm/Vagrantfile
==> r:  -- Domain type:       kvm
==> r:  -- Cpus:              2
==> r:  -- Feature:           acpi
==> r:  -- Feature:           apic
==> r:  -- Feature:           pae
==> r:  -- Clock offset:      utc
==> r:  -- Memory:            4096M
==> r:  -- Management MAC:    ca:fe:00:84:00:00
==> r:  -- Base box:          dell/os10
==> r:  -- Storage pool:      default
==> r:  -- Image(vda):        /var/lib/libvirt/images/ml-85_r.img, ide, 50G
==> r:  -- Disk driver opts:  cache='default'
==> r:  -- Graphics Type:     vnc
==> r:  -- Video Type:        cirrus
==> r:  -- Video VRAM:        16384
==> r:  -- Video 3D accel:    false
==> r:  -- Keymap:            en-us
==> r:  -- TPM Backend:       passthrough
==> r:  -- INPUT:             type=mouse, bus=ps2
==> r: Creating shared folders metadata...
==> r: Starting domain.
==> r: Domain launching with graphics connection settings...
==> r:  -- Graphics Port:      5900
==> r:  -- Graphics IP:        127.0.0.1
==> r:  -- Graphics Password:  Not defined
==> r:  -- Graphics Websocket: 5700
==> r: Waiting for domain to get an IP address...
==> r: Waiting for machine to boot. This may take a few minutes...
    r: SSH address: 192.168.85.232:22
    r: SSH username: vagrant
    r: SSH auth method: private key
==> r: Machine booted and ready!
Starting clab nodes
Recreating clab-augment.yml configuration file for clab provider
Created provider configuration file: clab-augment.yml
provider clab: executing sudo -E containerlab deploy --reconfigure -t clab-augment.yml
11:53:05 INFO Containerlab started version=0.74.2
11:53:05 INFO Parsing & checking topology file=clab-augment.yml
11:53:05 INFO Removing directory path=/work/netlab_cicd/other_vm/clab-ml-85
11:53:05 INFO Creating docker network name=nl_mgmt_85 IPv4 subnet=192.168.85.0/24 IPv6 subnet="" MTU=0
11:53:05 INFO Creating lab directory path=/work/netlab_cicd/other_vm/clab-ml-85
11:53:05 INFO Creating container name=h1
11:53:05 INFO Creating container name=h2
11:53:05 INFO Created link: h1:eth1 ▪┄┄▪ virbr2:bni85n1i1
11:53:05 INFO Created link: h2:eth1 ▪┄┄▪ virbr3:bni85n2i1
11:53:05 INFO Adding host entries path=/etc/hosts
11:53:05 INFO Adding SSH config for nodes path=/etc/ssh/ssh_config.d/clab-ml-85.conf
11:53:06 INFO containerlab version
  🎉=
  │ A newer containerlab version (0.74.3) is available!
  │ Release notes: https://containerlab.dev/rn/0.74/#0743
  │ Run 'clab version upgrade' or see https://containerlab.dev/install/ for other installation options.
[1m╭[0m[1m───────────────[0m[1m┬[0m[1m────────────────────[0m[1m┬[0m[1m─────────[0m[1m┬[0m[1m────────────────[0m[1m╮[0m
[1m│[0m[1m      Name     [0m[1m│[0m[1m     Kind/Image     [0m[1m│[0m[1m  State  [0m[1m│[0m[1m IPv4/6 Address [0m[1m│[0m
[1m├[0m[1m───────────────[0m[1m┼[0m[1m────────────────────[0m[1m┼[0m[1m─────────[0m[1m┼[0m[1m────────────────[0m[1m┤[0m
│ clab-ml-85-h1 │ linux              │ running │ 192.168.85.101 │
│               │ python:3.13-alpine │         │ N/A            │
├───────────────┼────────────────────┼─────────┼────────────────┤
│ clab-ml-85-h2 │ linux              │ running │ 192.168.85.102 │
│               │ python:3.13-alpine │         │ N/A            │
╰───────────────┴────────────────────┴─────────┴────────────────╯

Initial configuration skipped, run 'netlab initial' to configure the devices
