Creating Device configuration snippets
[CREATED] dut: normalize,initial
[CREATED] h1: initial,routing
[CREATED] h2: initial,routing
Config Normalizing device configurations
[WARNING]: Found variable using reserved name: hosts

PLAY [Normalize device configurations] *****************************************

TASK [Set variables that cannot be set with VARS] ******************************
ok: [dut]

TASK [Normalize config on bridge-like devices] *********************************
included: /home/pipi/netlab_gh/netsim/ansible/tasks/deploy-module.yml for dut

TASK [Figure out whether to deploy the module normalize on current device] *****
ok: [dut]

TASK [Find configuration template for normalize] *******************************
ok: [dut]

TASK [fail] ********************************************************************
skipping: [dut]

TASK [Find configuration deployment deploy_script for normalize] ***************
ok: [dut]

TASK [Print deployed configuration when running in verbose mode] ***************
ok: [dut] => {
    "msg": "normalize configuration for dut\n=========================================\n!\ninterface ethernet1/1/1\n shutdown\n!\ninterface ethernet1/1/2\n shutdown\n"
}

TASK [Deploy normalize configuration] ******************************************
included: /home/pipi/netlab_gh/netsim/ansible/tasks/deploy-config/dellos10.yml for dut

TASK [wait_for_connection] *****************************************************
skipping: [dut]

TASK [dellos10_config: deploying normalize from /work/netlab_cicd/node_files/dut/normalize, save to startup=yes] ***
changed: [dut]

PLAY RECAP *********************************************************************
dut                        : ok=8    changed=1    unreachable=0    failed=0    skipped=2    rescued=0    ignored=0   

Config Deploying device configurations
 [INFO] Executing initial configuration for node h1 (namespace clab-
          ml-17-h1)
 [INFO] Executing initial configuration for node h2 (namespace clab-
          ml-17-h2)
 [INFO] Executing routing configuration for node h2 (namespace clab-
          ml-17-h2)
 [INFO] Executing routing configuration for node h1 (namespace clab-
          ml-17-h1)
 [INFO] Starting Ansible playbook to deploy the rest of the
          configurations
[WARNING]: Found variable using reserved name: hosts

PLAY [Deploy initial device configuration] *************************************

TASK [Set variables that cannot be set with VARS] ******************************
ok: [dut]

TASK [Deploy initial configuration] ********************************************
included: /home/pipi/netlab_gh/netsim/ansible/tasks/deploy-module.yml for dut

TASK [Figure out whether to deploy the module initial on current device] *******
ok: [dut]

TASK [Find configuration template for initial] *********************************
ok: [dut]

TASK [fail] ********************************************************************
skipping: [dut]

TASK [Find configuration deployment deploy_script for initial] *****************
ok: [dut]

TASK [Print deployed configuration when running in verbose mode] ***************
ok: [dut] => {
    "msg": "initial configuration for dut\n=========================================\nhostname dut\n!\nlldp enable\n!\n!\n!\n!\ndefault mtu 1532\n!\ninterface mgmt1/1/1\n no lldp transmit\n no lldp receive\n!\ninterface loopback0\n no shutdown\n ip address 10.0.0.132/32\n ipv6 address 2001:db8:0:84::1/64\n!\ninterface ethernet1/1/1\n no shutdown\n no switchport\n description \"dut -> h1 [stub]\"\n ip address 172.16.0.132/24\n ip unreachables\n ipv6 nd max-ra-interval 4\n ipv6 nd min-ra-interval 3\n ipv6 nd send-ra\n ipv6 address 2001:db8:1::84/64\n ipv6 unreachables\n!\ninterface ethernet1/1/2\n no shutdown\n no switchport\n description \"dut -> h2 [stub]\"\n ip address 172.16.1.132/24\n ip unreachables\n ipv6 nd max-ra-interval 4\n ipv6 nd min-ra-interval 3\n ipv6 nd send-ra\n ipv6 address 2001:db8:1:1::84/64\n ipv6 unreachables\n!\n"
}

TASK [Deploy initial configuration] ********************************************
included: /home/pipi/netlab_gh/netsim/ansible/tasks/deploy-config/dellos10.yml for dut

TASK [wait_for_connection] *****************************************************
skipping: [dut]

TASK [dellos10_config: deploying initial from /work/netlab_cicd/node_files/dut/initial, save to startup=yes] ***
changed: [dut]

PLAY [Deploy module-specific configurations] ***********************************
skipping: no hosts matched

PLAY [Deploy custom deployment templates] **************************************
skipping: no hosts matched

PLAY RECAP *********************************************************************
dut                        : ok=8    changed=1    unreachable=0    failed=0    skipped=2    rescued=0    ignored=0   

Results of configuration script deployments
================================================================================
h1               Script:  initial,routing
h2               Script:  initial,routing


This scenario tests basic interface, IPv4, and IPv6 configuration, including generation of IPv6 Router Advertisements
