Using transformed lab topology from snapshot file netlab.snapshot.pickle
Checking virtualization provider installation
OK: libvirt installed and working correctly
OK: clab installed and working correctly
Starting libvirt nodes
creating libvirt management network nl_mgmt_85
provider libvirt: executing vagrant up --provider libvirt
Bringing machine 'dut' up with 'libvirt' provider...
==> dut: Checking if box 'cisco/cat8000v' version '17.16.01a' is up to date...
[fog][WARNING] Unrecognized arguments: libvirt_ip_command
==> dut: Creating image (snapshot of base box volume).
==> dut: Creating domain with the following settings...
==> dut:  -- Name:              ml-85_dut
==> dut:  -- Description:       Source: /work/netlab_cicd/other_vm/Vagrantfile
==> dut:  -- Domain type:       kvm
==> dut:  -- Cpus:              2
==> dut:  -- Feature:           acpi
==> dut:  -- Feature:           apic
==> dut:  -- Feature:           pae
==> dut:  -- Clock offset:      utc
==> dut:  -- Memory:            4096M
==> dut:  -- Management MAC:    ca:fe:00:01:00:00
==> dut:  -- Base box:          cisco/cat8000v
==> dut:  -- Storage pool:      default
==> dut:  -- Image(vda):        /var/lib/libvirt/images/ml-85_dut.img, virtio, 8G
==> dut:  -- Disk driver opts:  cache='default'
==> dut:  -- Graphics Type:     vnc
==> dut:  -- Video Type:        cirrus
==> dut:  -- Video VRAM:        16384
==> dut:  -- Video 3D accel:    false
==> dut:  -- Keymap:            en-us
==> dut:  -- TPM Backend:       passthrough
==> dut:  -- INPUT:             type=mouse, bus=ps2
==> dut: Creating shared folders metadata...
==> dut: Starting domain.
==> dut: Domain launching with graphics connection settings...
==> dut:  -- Graphics Port:      5900
==> dut:  -- Graphics IP:        127.0.0.1
==> dut:  -- Graphics Password:  Not defined
==> dut:  -- Graphics Websocket: 5700
==> dut: Waiting for domain to get an IP address...
==> dut: Waiting for machine to boot. This may take a few minutes...
    dut: SSH address: 192.168.85.101:22
    dut: SSH username: vagrant
    dut: SSH auth method: private key
==> dut: Machine booted and ready!
Starting clab nodes
Recreating clab-augment.yml configuration file for clab provider
Created provider configuration file: clab-augment.yml
provider clab: executing sudo -E containerlab deploy --reconfigure -t clab-augment.yml
21:39:12 INFO Containerlab started version=0.74.2
21:39:12 INFO Parsing & checking topology file=clab-augment.yml
21:39:12 INFO Removing directory path=/work/netlab_cicd/other_vm/clab-ml-85
21:39:12 INFO Creating docker network name=nl_mgmt_85 IPv4 subnet=192.168.85.0/24 IPv6 subnet="" MTU=0
21:39:12 INFO Creating lab directory path=/work/netlab_cicd/other_vm/clab-ml-85
21:39:12 INFO Creating container name=r12
21:39:12 INFO Creating container name=v2
21:39:12 INFO Creating container name=r22
21:39:12 INFO Creating container name=r11
21:39:12 INFO Creating container name=r21
21:39:12 INFO Creating container name=v1
21:39:12 INFO Creating container name=rb
21:39:14 INFO Created link: r21:eth1 ▪┄┄▪ virbr4:bni85n4i1
21:39:14 INFO Created link: v1:eth1 ▪┄┄▪ virbr7:bni85n6i1
21:39:14 INFO Created link: rb:eth1 ▪┄┄▪ virbr6:bni85n8i1
21:39:14 INFO Created link: r11:eth1 ▪┄┄▪ virbr2:bni85n2i1
21:39:14 INFO Created link: r12:eth1 ▪┄┄▪ virbr3:bni85n3i1
21:39:14 INFO Created link: r22:eth1 ▪┄┄▪ virbr5:bni85n5i1
21:39:14 INFO Created link: v2:eth1 ▪┄┄▪ virbr8:bni85n7i1
21:39:15 INFO Executed command node=v2 command="sleep 1" stdout=""
21:39:15 INFO Executed command node=rb command="sleep 1" stdout=""
21:39:15 INFO Executed command node=v1 command="sleep 1" stdout=""
21:39:15 INFO Executed command node=r21 command="sleep 1" stdout=""
21:39:15 INFO Executed command node=r11 command="sleep 1" stdout=""
21:39:15 INFO Executed command node=r22 command="sleep 1" stdout=""
21:39:15 INFO Executed command node=r12 command="sleep 1" stdout=""
21:39:15 INFO Adding host entries path=/etc/hosts
21:39:15 INFO Adding SSH config for nodes path=/etc/ssh/ssh_config.d/clab-ml-85.conf
21:39:15 INFO containerlab version
  🎉=
  │ A newer containerlab version (0.74.3) is available!
  │ Release notes: https://containerlab.dev/rn/0.74/#0743
  │ Run 'clab version upgrade' or see https://containerlab.dev/install/ for other installation options.
[1m╭[0m[1m────────────────[0m[1m┬[0m[1m──────────────────────────────[0m[1m┬[0m[1m─────────[0m[1m┬[0m[1m────────────────[0m[1m╮[0m
[1m│[0m[1m      Name      [0m[1m│[0m[1m          Kind/Image          [0m[1m│[0m[1m  State  [0m[1m│[0m[1m IPv4/6 Address [0m[1m│[0m
[1m├[0m[1m────────────────[0m[1m┼[0m[1m──────────────────────────────[0m[1m┼[0m[1m─────────[0m[1m┼[0m[1m────────────────[0m[1m┤[0m
│ clab-ml-85-r11 │ linux                        │ running │ 192.168.85.102 │
│                │ quay.io/frrouting/frr:10.2.2 │         │ N/A            │
├────────────────┼──────────────────────────────┼─────────┼────────────────┤
│ clab-ml-85-r12 │ linux                        │ running │ 192.168.85.103 │
│                │ quay.io/frrouting/frr:10.2.2 │         │ N/A            │
├────────────────┼──────────────────────────────┼─────────┼────────────────┤
│ clab-ml-85-r21 │ linux                        │ running │ 192.168.85.104 │
│                │ quay.io/frrouting/frr:10.2.2 │         │ N/A            │
├────────────────┼──────────────────────────────┼─────────┼────────────────┤
│ clab-ml-85-r22 │ linux                        │ running │ 192.168.85.105 │
│                │ quay.io/frrouting/frr:10.2.2 │         │ N/A            │
├────────────────┼──────────────────────────────┼─────────┼────────────────┤
│ clab-ml-85-rb  │ linux                        │ running │ 192.168.85.108 │
│                │ quay.io/frrouting/frr:10.2.2 │         │ N/A            │
├────────────────┼──────────────────────────────┼─────────┼────────────────┤
│ clab-ml-85-v1  │ linux                        │ running │ 192.168.85.106 │
│                │ quay.io/frrouting/frr:10.2.2 │         │ N/A            │
├────────────────┼──────────────────────────────┼─────────┼────────────────┤
│ clab-ml-85-v2  │ linux                        │ running │ 192.168.85.107 │
│                │ quay.io/frrouting/frr:10.2.2 │         │ N/A            │
╰────────────────┴──────────────────────────────┴─────────┴────────────────╯

Initial configuration skipped, run 'netlab initial' to configure the devices
