Creating Device configuration snippets
[CREATED] h1: initial,routing
[CREATED] h2: initial,routing
[CREATED] h3: initial,routing
[CREATED] h4: initial,routing
[CREATED] rtr: initial,vrf
Config Deploying device configurations
 [INFO] Executing initial configuration for node h1 (namespace clab-
          ml-85-h1)
 [INFO] Executing initial configuration for node h2 (namespace clab-
          ml-85-h2)
 [INFO] Executing initial configuration for node h3 (namespace clab-
          ml-85-h3)
 [INFO] Executing initial configuration for node h4 (namespace clab-
          ml-85-h4)
 [INFO] Executing routing configuration for node h1 (namespace clab-
          ml-85-h1)
 [INFO] Executing routing configuration for node h2 (namespace clab-
          ml-85-h2)
 [INFO] Executing routing configuration for node h3 (namespace clab-
          ml-85-h3)
 [INFO] Executing routing configuration for node h4 (namespace clab-
          ml-85-h4)
 [INFO] Starting Ansible playbook to deploy the rest of the
          configurations
[WARNING]: Found variable using reserved name: hosts

PLAY [Deploy initial device configuration] *************************************

TASK [Set variables that cannot be set with VARS] ******************************
ok: [rtr]

TASK [Normalize config on bridge-like devices] *********************************
included: /home/pipi/net101/tools/netsim/ansible/tasks/deploy-module.yml for rtr

TASK [Figure out whether to deploy the module normalize on current device] *****
ok: [rtr]

TASK [Find configuration template for normalize] *******************************
ok: [rtr]

TASK [fail] ********************************************************************
skipping: [rtr]

TASK [Find configuration deployment deploy_script for normalize] ***************
ok: [rtr]

TASK [Print deployed configuration when running in verbose mode] ***************
skipping: [rtr]

TASK [Deploy normalize configuration] ******************************************
skipping: [rtr]

TASK [Deploy initial configuration] ********************************************
included: /home/pipi/net101/tools/netsim/ansible/tasks/deploy-module.yml for rtr

TASK [Figure out whether to deploy the module initial on current device] *******
ok: [rtr]

TASK [Find configuration template for initial] *********************************
ok: [rtr]

TASK [fail] ********************************************************************
skipping: [rtr]

TASK [Find configuration deployment deploy_script for initial] *****************
ok: [rtr]

TASK [Print deployed configuration when running in verbose mode] ***************
ok: [rtr] => {
    "msg": "initial configuration for rtr\n=========================================\nhostname rtr\n!\nlldp enable\n!\nip vrf red\nexit\nip vrf blue\nexit\n!\n!\n!\ndefault mtu 1532\n!\ninterface mgmt1/1/1\n no lldp transmit\n no lldp receive\n!\ninterface loopback0\n no shutdown\n ip address 10.0.0.5/32\n no ipv6 enable\n!\ninterface ethernet1/1/1\n no shutdown\n no switchport\n ip vrf forwarding red\n description \"rtr -> h1 [stub]\"\n ip address 172.16.0.5/24\n ip unreachables\n no ipv6 enable\n!\ninterface ethernet1/1/2\n no shutdown\n no switchport\n ip vrf forwarding red\n description \"rtr -> h3 [stub]\"\n ip address 172.16.1.5/24\n ip unreachables\n no ipv6 enable\n!\ninterface ethernet1/1/3\n no shutdown\n no switchport\n ip vrf forwarding blue\n description \"rtr -> h2 [stub]\"\n ip address 172.16.2.5/24\n ip unreachables\n no ipv6 enable\n!\ninterface ethernet1/1/4\n no shutdown\n no switchport\n ip vrf forwarding blue\n description \"rtr -> h4 [stub]\"\n ip address 172.16.3.5/24\n ip unreachables\n no ipv6 enable\n!\n"
}

TASK [Deploy initial configuration] ********************************************
included: /home/pipi/net101/tools/netsim/ansible/tasks/deploy-config/dellos10.yml for rtr

TASK [wait_for_connection] *****************************************************
skipping: [rtr]

TASK [dellos10_config: deploying initial from /work/netlab_cicd/other_vm/node_files/rtr/initial, save to startup=yes] ***
changed: [rtr]

PLAY [Deploy module-specific configurations] ***********************************

TASK [Set variables that cannot be set with VARS] ******************************
ok: [rtr]

TASK [Deploy individual configuration modules] *********************************
included: /home/pipi/net101/tools/netsim/ansible/tasks/deploy-module.yml for rtr => (item=vrf)
included: /home/pipi/net101/tools/netsim/ansible/tasks/deploy-module.yml for rtr => (item=routing)

TASK [Figure out whether to deploy the module vrf on current device] ***********
ok: [rtr]

TASK [Find configuration template for vrf] *************************************
ok: [rtr]

TASK [fail] ********************************************************************
skipping: [rtr]

TASK [Find configuration deployment deploy_script for vrf] *********************
ok: [rtr]

TASK [Print deployed configuration when running in verbose mode] ***************
ok: [rtr] => {
    "msg": "vrf configuration for rtr\n=========================================\n"
}

TASK [Deploy vrf configuration] ************************************************
included: /home/pipi/net101/tools/netsim/ansible/tasks/deploy-config/dellos10.yml for rtr

TASK [wait_for_connection] *****************************************************
skipping: [rtr]

TASK [dellos10_config: deploying vrf from /work/netlab_cicd/other_vm/node_files/rtr/vrf, save to startup=yes] ***
changed: [rtr]

TASK [Figure out whether to deploy the module routing on current device] *******
ok: [rtr]

TASK [Find configuration template for routing] *********************************
skipping: [rtr]

TASK [fail] ********************************************************************
skipping: [rtr]

TASK [Find configuration deployment deploy_script for routing] *****************
skipping: [rtr]

TASK [Print deployed configuration when running in verbose mode] ***************
skipping: [rtr]

TASK [Deploy routing configuration] ********************************************
skipping: [rtr]

PLAY [Deploy custom deployment templates] **************************************
skipping: no hosts matched

PLAY RECAP *********************************************************************
rtr                        : ok=22   changed=2    unreachable=0    failed=0    skipped=12   rescued=0    ignored=0   

Results of configuration script deployments
================================================================================
h1               Script:  initial,routing
h2               Script:  initial,routing
h3               Script:  initial,routing
h4               Script:  initial,routing


The lab tests the basic VRF lite functionality: the device under
test has two VRFs with two interfaces in each VRF.

* h1 and h2 should be able to ping each other
* h3 and h4 should be able to ping each other
* h1 should not be able to reach h3

