Creating Device configuration snippets
[CREATED] dut: initial,ospf,vrf
[CREATED] r1: initial,ospf
[CREATED] r2: initial,ospf
[CREATED] srv: initial,ospf
Config Deploying device configurations
 [INFO] Executing initial configuration for node r1
 [INFO] Executing initial configuration for node r2
 [INFO] Executing initial configuration for node srv
 [INFO] Executing ospf configuration for node srv
 [INFO] Executing ospf configuration for node r2
 [INFO] Executing ospf configuration for node r1
 [INFO] Starting Ansible playbook to deploy the rest of the
          configurations
[WARNING]: Found variable using reserved name: hosts

PLAY [Deploy initial device configuration] *************************************

TASK [Set variables that cannot be set with VARS] ******************************
ok: [dut]

TASK [Normalize config on bridge-like devices] *********************************
included: /home/pipi/net101/tools/netsim/ansible/tasks/deploy-module.yml for dut

TASK [Figure out whether to deploy the module normalize on current device] *****
ok: [dut]

TASK [Find configuration template for normalize] *******************************
ok: [dut]

TASK [fail] ********************************************************************
skipping: [dut]

TASK [Find configuration deployment deploy_script for normalize] ***************
ok: [dut]

TASK [Print deployed configuration when running in verbose mode] ***************
skipping: [dut]

TASK [Deploy normalize configuration] ******************************************
skipping: [dut]

TASK [Deploy initial configuration] ********************************************
included: /home/pipi/net101/tools/netsim/ansible/tasks/deploy-module.yml for dut

TASK [Figure out whether to deploy the module initial on current device] *******
ok: [dut]

TASK [Find configuration template for initial] *********************************
ok: [dut]

TASK [fail] ********************************************************************
skipping: [dut]

TASK [Find configuration deployment deploy_script for initial] *****************
ok: [dut]

TASK [Print deployed configuration when running in verbose mode] ***************
ok: [dut] => {
    "msg": "initial configuration for dut\n=========================================\nhostname dut\n!\nlldp enable\n!\nip vrf red\nexit\nip vrf blue\nexit\nip vrf common\nexit\n!\nip host r1 10.0.0.2\nip host r2 10.0.0.3\nip host srv 10.0.0.4\n!\n!\ndefault mtu 1532\n!\ninterface mgmt1/1/1\n no lldp transmit\n no lldp receive\n!\ninterface loopback0\n no shutdown\n ip address 10.0.0.1/32\n no ipv6 enable\n!\ninterface ethernet1/1/1\n no shutdown\n no switchport\n ip vrf forwarding red\n description \"dut -> r1\"\n ip address 10.1.0.1/30\n ip unreachables\n no ipv6 enable\n!\ninterface ethernet1/1/2\n no shutdown\n no switchport\n ip vrf forwarding blue\n description \"dut -> r2\"\n ip address 10.1.0.5/30\n ip unreachables\n no ipv6 enable\n!\ninterface ethernet1/1/3\n no shutdown\n no switchport\n ip vrf forwarding common\n description \"dut -> srv\"\n ip address 10.1.0.9/30\n ip unreachables\n no ipv6 enable\n!\n"
}

TASK [Deploy initial configuration] ********************************************
included: /home/pipi/net101/tools/netsim/ansible/tasks/deploy-config/dellos10.yml for dut

TASK [wait_for_connection] *****************************************************
skipping: [dut]

TASK [dellos10_config: deploying initial from /work/netlab_cicd/other_vm/node_files/dut/initial, save to startup=yes] ***
changed: [dut]

PLAY [Deploy module-specific configurations] ***********************************

TASK [Set variables that cannot be set with VARS] ******************************
ok: [dut]

TASK [Deploy individual configuration modules] *********************************
included: /home/pipi/net101/tools/netsim/ansible/tasks/deploy-module.yml for dut => (item=ospf)
included: /home/pipi/net101/tools/netsim/ansible/tasks/deploy-module.yml for dut => (item=vrf)

TASK [Figure out whether to deploy the module ospf on current device] **********
ok: [dut]

TASK [Find configuration template for ospf] ************************************
ok: [dut]

TASK [fail] ********************************************************************
skipping: [dut]

TASK [Find configuration deployment deploy_script for ospf] ********************
ok: [dut]

TASK [Print deployed configuration when running in verbose mode] ***************
ok: [dut] => {
    "msg": "ospf configuration for dut\n=========================================\n"
}

TASK [Deploy ospf configuration] ***********************************************
included: /home/pipi/net101/tools/netsim/ansible/tasks/deploy-config/dellos10.yml for dut

TASK [wait_for_connection] *****************************************************
skipping: [dut]

TASK [dellos10_config: deploying ospf from /work/netlab_cicd/other_vm/node_files/dut/ospf, save to startup=yes] ***
changed: [dut]

TASK [Figure out whether to deploy the module vrf on current device] ***********
ok: [dut]

TASK [Find configuration template for vrf] *************************************
ok: [dut]

TASK [fail] ********************************************************************
skipping: [dut]

TASK [Find configuration deployment deploy_script for vrf] *********************
ok: [dut]

TASK [Print deployed configuration when running in verbose mode] ***************
ok: [dut] => {
    "msg": "vrf configuration for dut\n=========================================\n\nrouter ospf 100 vrf red\n router-id 10.100.0.100\n redistribute bgp 65000\n redistribute connected\n\n redistribute imported-ospf-routes\n\n\n\n timers lsa arrival 100\n timers spf 10 50 500\n timers throttle lsa all 100\n!\ninterface ethernet1/1/1\n! dut -> r1\n ip ospf 100 area 0.0.0.0\n ip ospf network point-to-point\n!\n\nexit\nrouter ospf 101 vrf blue\n router-id 10.100.0.101\n redistribute bgp 65000\n redistribute connected\n\n redistribute imported-ospf-routes\n\n\n\n timers lsa arrival 100\n timers spf 10 50 500\n timers throttle lsa all 100\n!\ninterface ethernet1/1/2\n! dut -> r2\n ip ospf 101 area 0.0.0.0\n ip ospf network point-to-point\n!\n\nexit\nrouter ospf 102 vrf common\n router-id 10.100.0.102\n redistribute bgp 65000\n redistribute connected\n\n redistribute imported-ospf-routes\n\n\n\n timers lsa arrival 100\n timers spf 10 50 500\n timers throttle lsa all 100\n!\ninterface ethernet1/1/3\n! dut -> srv\n ip ospf 102 area 0.0.0.0\n ip ospf network point-to-point\n!\n\nexit\n!\nip vrf red\n!\n! ip route-import | route-export xxx\n ip route-import 65000:1\n ip route-import 65000:3\n ip route-export 65000:1\n!\nexit\n\n!\nip vrf blue\n!\n! ip route-import | route-export xxx\n ip route-import 65000:2\n ip route-import 65000:3\n ip route-export 65000:2\n!\nexit\n\n!\nip vrf common\n!\n! ip route-import | route-export xxx\n ip route-import 65000:1\n ip route-import 65000:2\n ip route-import 65000:3\n ip route-export 65000:3\n!\nexit\n!\n\nrouter bgp 65000\n!\n vrf red\n  router-id 10.0.0.1\n! need to define unnumbered template also at vrf-level\n  template unnumbered_ebgp\n    link-local-only-nexthop\n    exit\n\n\n!\n address-family ipv4 unicast\n redistribute connected\n redistribute ospf 100\n\n\n\n!\n vrf blue\n  router-id 10.0.0.1\n! need to define unnumbered template also at vrf-level\n  template unnumbered_ebgp\n    link-local-only-nexthop\n    exit\n\n\n!\n address-family ipv4 unicast\n redistribute connected\n redistribute ospf 101\n\n\n\n!\n vrf common\n  router-id 10.0.0.1\n! need to define unnumbered template also at vrf-level\n  template unnumbered_ebgp\n    link-local-only-nexthop\n    exit\n\n\n!\n address-family ipv4 unicast\n redistribute connected\n redistribute ospf 102\n\n\n\n"
}

TASK [Deploy vrf configuration] ************************************************
included: /home/pipi/net101/tools/netsim/ansible/tasks/deploy-config/dellos10.yml for dut

TASK [wait_for_connection] *****************************************************
skipping: [dut]

TASK [dellos10_config: deploying vrf from /work/netlab_cicd/other_vm/node_files/dut/vrf, save to startup=yes] ***
changed: [dut]

PLAY [Deploy custom deployment templates] **************************************
skipping: no hosts matched

PLAY RECAP *********************************************************************
dut                        : ok=27   changed=3    unreachable=0    failed=0    skipped=9    rescued=0    ignored=0   

Results of configuration script deployments
================================================================================
r1               Script:  initial,ospf
r2               Script:  initial,ospf
srv              Script:  initial,ospf


The device under test has two user VRFs and a common services VRF.
Routers are attached to those interfaces and run OSPF with device under test.

* r1 and r2 should be able to ping srv but not each other

