Using transformed lab topology from snapshot file netlab.snapshot.pickle
Checking virtualization provider installation
OK: clab installed and working correctly
Starting clab nodes
provider clab: executing sudo -E containerlab deploy --reconfigure -t clab.yml
13:31:52 INFO Containerlab started version=0.74.2
13:31:52 INFO Parsing & checking topology file=clab.yml
13:31:52 INFO Removing directory path=/work/netlab_cicd/other_c/clab-ml-85
13:31:52 INFO Creating docker network name=nl_mgmt_85 IPv4 subnet=192.168.85.0/24 IPv6 subnet="" MTU=0
13:31:52 INFO Creating lab directory path=/work/netlab_cicd/other_c/clab-ml-85
13:31:52 INFO Creating container name=h1
13:31:52 INFO Creating container name=dut
13:31:52 INFO Creating container name=h2
13:31:53 INFO Creating container name=r2
13:31:53 INFO Created link: dut:eth2 ▪┄┄▪ ml-85_2:bni85n1i2
13:31:53 INFO Created link: dut:eth1 ▪┄┄▪ r2:et1
13:31:53 INFO Created link: h2:eth1 ▪┄┄▪ ml-85_2:bni85n4i1
13:31:53 INFO Created link: r2:et2 ▪┄┄▪ ml-85_2:bni85n2i2
13:31:54 INFO Created link: r2:et3 ▪┄┄▪ h1:eth1
13:31:54 INFO Running postdeploy actions for Arista cEOS 'r2' node
13:32:15 INFO Executed command node=dut command="sleep 1" stdout=""
13:32:15 INFO Adding host entries path=/etc/hosts
13:32:15 INFO Adding SSH config for nodes path=/etc/ssh/ssh_config.d/clab-ml-85.conf
13:32:15 INFO containerlab version
  🎉=
  │ A newer containerlab version (0.74.3) is available!
  │ Release notes: https://containerlab.dev/rn/0.74/#0743
  │ Run 'clab version upgrade' or see https://containerlab.dev/install/ for other installation options.
[1m╭[0m[1m────────────────[0m[1m┬[0m[1m──────────────────────────────[0m[1m┬[0m[1m─────────[0m[1m┬[0m[1m────────────────[0m[1m╮[0m
[1m│[0m[1m      Name      [0m[1m│[0m[1m          Kind/Image          [0m[1m│[0m[1m  State  [0m[1m│[0m[1m IPv4/6 Address [0m[1m│[0m
[1m├[0m[1m────────────────[0m[1m┼[0m[1m──────────────────────────────[0m[1m┼[0m[1m─────────[0m[1m┼[0m[1m────────────────[0m[1m┤[0m
│ clab-ml-85-dut │ linux                        │ running │ 192.168.85.101 │
│                │ quay.io/frrouting/frr:10.6.0 │         │ N/A            │
├────────────────┼──────────────────────────────┼─────────┼────────────────┤
│ clab-ml-85-h1  │ linux                        │ running │ 192.168.85.103 │
│                │ python:3.13-alpine           │         │ N/A            │
├────────────────┼──────────────────────────────┼─────────┼────────────────┤
│ clab-ml-85-h2  │ linux                        │ running │ 192.168.85.104 │
│                │ python:3.13-alpine           │         │ N/A            │
├────────────────┼──────────────────────────────┼─────────┼────────────────┤
│ clab-ml-85-r2  │ ceos                         │ running │ 192.168.85.102 │
│                │ ceos:4.35.2F                 │         │ N/A            │
╰────────────────┴──────────────────────────────┴─────────┴────────────────╯

Initial configuration skipped, run 'netlab initial' to configure the devices
