Creating Device configuration snippets
[CREATED] dut: initial,routing,ospf,bgp,vrf,bgp.policy
[CREATED] probe: initial,routing,ospf,bgp
[CREATED] x1: initial,routing,bgp
[CREATED] x2: initial,routing,bgp
[CREATED] v1: initial,routing,bgp
[CREATED] v2: initial,routing,bgp,bgp.policy
[CREATED] vp: initial,routing,bgp
Config Deploying device configurations
 [INFO] Executing initial configuration for node probe
 [INFO] Executing initial configuration for node x1
 [INFO] Executing initial configuration for node x2
 [INFO] Executing initial configuration for node v1
 [INFO] Executing initial configuration for node v2
 [INFO] Executing initial configuration for node vp
 [INFO] Executing routing configuration for node x1
 [INFO] Executing routing configuration for node probe
 [INFO] Executing routing configuration for node x2
 [INFO] Executing routing configuration for node v1
 [INFO] Executing routing configuration for node vp
 [INFO] Executing routing configuration for node v2
 [INFO] Executing bgp configuration for node x1
 [INFO] Executing ospf configuration for node probe
 [INFO] Executing bgp configuration for node x2
 [INFO] Executing bgp configuration for node vp
 [INFO] Executing bgp configuration for node v1
 [INFO] Executing bgp configuration for node v2
 [INFO] Executing bgp.policy configuration for node v2
 [INFO] Executing bgp configuration for node probe
 [INFO] Starting Ansible playbook to deploy the rest of the
          configurations
[WARNING]: Found variable using reserved name: hosts

PLAY [Deploy initial device configuration] *************************************

TASK [Set variables that cannot be set with VARS] ******************************
ok: [dut]

TASK [Normalize config on bridge-like devices] *********************************
included: /home/pipi/net101/tools/netsim/ansible/tasks/deploy-module.yml for dut

TASK [Figure out whether to deploy the module normalize on current device] *****
ok: [dut]

TASK [Find configuration template for normalize] *******************************
ok: [dut]

TASK [fail] ********************************************************************
skipping: [dut]

TASK [Find configuration deployment deploy_script for normalize] ***************
ok: [dut]

TASK [Print deployed configuration when running in verbose mode] ***************
skipping: [dut]

TASK [Deploy normalize configuration] ******************************************
skipping: [dut]

TASK [Deploy initial configuration] ********************************************
included: /home/pipi/net101/tools/netsim/ansible/tasks/deploy-module.yml for dut

TASK [Figure out whether to deploy the module initial on current device] *******
ok: [dut]

TASK [Find configuration template for initial] *********************************
ok: [dut]

TASK [fail] ********************************************************************
skipping: [dut]

TASK [Find configuration deployment deploy_script for initial] *****************
ok: [dut]

TASK [Print deployed configuration when running in verbose mode] ***************
ok: [dut] => {
    "msg": "initial configuration for dut\n=========================================\nhostname dut\n!\nlldp enable\n!\nip vrf customer\nexit\n!\nip host probe 10.0.0.2\nip host x1 172.42.42.1\nip host x2 172.42.43.1\nip host v1 172.42.29.1\nip host v2 172.42.29.1\nip host vp 10.0.0.7\n!\n!\ndefault mtu 1532\n!\ninterface mgmt1/1/1\n no lldp transmit\n no lldp receive\n!\ninterface loopback0\n no shutdown\n ip address 10.0.0.1/32\n ipv6 address 2001:db8:1:1::1/64\n!\ninterface ethernet1/1/1\n no shutdown\n no switchport\n description \"dut -> x1 [external]\"\n ip address 10.1.0.1/30\n ip unreachables\n ipv6 nd max-ra-interval 4\n ipv6 nd min-ra-interval 3\n ipv6 nd send-ra\n ipv6 address 2001:db8:3::1/64\n ipv6 unreachables\n!\ninterface ethernet1/1/2\n no shutdown\n no switchport\n description \"dut -> x2 [external]\"\n ip address 10.1.0.5/30\n ip unreachables\n ipv6 nd max-ra-interval 4\n ipv6 nd min-ra-interval 3\n ipv6 nd send-ra\n ipv6 address 2001:db8:3:1::1/64\n ipv6 unreachables\n!\ninterface ethernet1/1/3\n no shutdown\n no switchport\n description \"dut -> probe\"\n ip address 10.1.0.9/30\n ip unreachables\n ipv6 nd max-ra-interval 4\n ipv6 nd min-ra-interval 3\n ipv6 nd send-ra\n ipv6 address 2001:db8:3:2::1/64\n ipv6 unreachables\n!\ninterface ethernet1/1/4\n no shutdown\n no switchport\n ip vrf forwarding customer\n description \"dut -> v1 [external]\"\n ip address 10.1.0.13/30\n ip unreachables\n ipv6 nd max-ra-interval 4\n ipv6 nd min-ra-interval 3\n ipv6 nd send-ra\n ipv6 address 2001:db8:3:3::1/64\n ipv6 unreachables\n!\ninterface ethernet1/1/5\n no shutdown\n no switchport\n ip vrf forwarding customer\n description \"dut -> v2 [external]\"\n ip address 10.1.0.17/30\n ip unreachables\n ipv6 nd max-ra-interval 4\n ipv6 nd min-ra-interval 3\n ipv6 nd send-ra\n ipv6 address 2001:db8:3:4::1/64\n ipv6 unreachables\n!\ninterface ethernet1/1/6\n no shutdown\n no switchport\n ip vrf forwarding customer\n description \"dut -> vp [external]\"\n ip address 10.1.0.21/30\n ip unreachables\n ipv6 nd max-ra-interval 4\n ipv6 nd min-ra-interval 3\n ipv6 nd send-ra\n ipv6 address 2001:db8:3:5::1/64\n ipv6 unreachables\n!\n"
}

TASK [Deploy initial configuration] ********************************************
included: /home/pipi/net101/tools/netsim/ansible/tasks/deploy-config/dellos10.yml for dut

TASK [wait_for_connection] *****************************************************
skipping: [dut]

TASK [dellos10_config: deploying initial from /work/netlab_cicd/other_vm/node_files/dut/initial, save to startup=yes] ***
changed: [dut]

PLAY [Deploy module-specific configurations] ***********************************

TASK [Set variables that cannot be set with VARS] ******************************
ok: [dut]

TASK [Deploy individual configuration modules] *********************************
included: /home/pipi/net101/tools/netsim/ansible/tasks/deploy-module.yml for dut => (item=routing)
included: /home/pipi/net101/tools/netsim/ansible/tasks/deploy-module.yml for dut => (item=ospf)
included: /home/pipi/net101/tools/netsim/ansible/tasks/deploy-module.yml for dut => (item=bgp)
included: /home/pipi/net101/tools/netsim/ansible/tasks/deploy-module.yml for dut => (item=vrf)

TASK [Figure out whether to deploy the module routing on current device] *******
ok: [dut]

TASK [Find configuration template for routing] *********************************
ok: [dut]

TASK [fail] ********************************************************************
skipping: [dut]

TASK [Find configuration deployment deploy_script for routing] *****************
ok: [dut]

TASK [Print deployed configuration when running in verbose mode] ***************
ok: [dut] => {
    "msg": "routing configuration for dut\n=========================================\n!\n!\nroute-map lp_17-ipv4 permit 10\n  set local-preference 17\n!\nroute-map lp_17-ipv6 permit 10\n  set local-preference 17\n!\nroute-map lp_17-vpnv4 permit 10\n  set local-preference 17\n!\nroute-map lp_17-vpnv6 permit 10\n  set local-preference 17\n!\nroute-map lp_42-ipv4 permit 10\n  set local-preference 42\n!\nroute-map lp_42-ipv6 permit 10\n  set local-preference 42\n!\nroute-map lp_42-vpnv4 permit 10\n  set local-preference 42\n!\nroute-map lp_42-vpnv6 permit 10\n  set local-preference 42\n \n"
}

TASK [Deploy routing configuration] ********************************************
included: /home/pipi/net101/tools/netsim/ansible/tasks/deploy-config/dellos10.yml for dut

TASK [wait_for_connection] *****************************************************
skipping: [dut]

TASK [dellos10_config: deploying routing from /work/netlab_cicd/other_vm/node_files/dut/routing, save to startup=yes] ***
changed: [dut]

TASK [Figure out whether to deploy the module ospf on current device] **********
ok: [dut]

TASK [Find configuration template for ospf] ************************************
ok: [dut]

TASK [fail] ********************************************************************
skipping: [dut]

TASK [Find configuration deployment deploy_script for ospf] ********************
ok: [dut]

TASK [Print deployed configuration when running in verbose mode] ***************
ok: [dut] => {
    "msg": "ospf configuration for dut\n=========================================\n\nrouter ospf 1\n router-id 10.0.0.1\n\n\n\n timers lsa arrival 100\n timers spf 10 50 500\n timers throttle lsa all 100\n!\ninterface loopback0\n ip ospf 1 area 0.0.0.0\n ip ospf passive\n!\ninterface ethernet1/1/3\n! dut -> probe\n ip ospf 1 area 0.0.0.0\n ip ospf network point-to-point\n!\n\n\nrouter ospfv3 1\n router-id 10.0.0.1\n\n\n\ntimers spf 10 50 500\n!\ninterface loopback0\n ipv6 ospf 1 area 0.0.0.0\n ipv6 ospf passive\n!\ninterface ethernet1/1/3\n! dut -> probe\n ipv6 ospf 1 area 0.0.0.0\n ipv6 ospf network point-to-point\n!\n\n"
}

TASK [Deploy ospf configuration] ***********************************************
included: /home/pipi/net101/tools/netsim/ansible/tasks/deploy-config/dellos10.yml for dut

TASK [wait_for_connection] *****************************************************
skipping: [dut]

TASK [dellos10_config: deploying ospf from /work/netlab_cicd/other_vm/node_files/dut/ospf, save to startup=yes] ***
changed: [dut]

TASK [Figure out whether to deploy the module bgp on current device] ***********
ok: [dut]

TASK [Find configuration template for bgp] *************************************
ok: [dut]

TASK [fail] ********************************************************************
skipping: [dut]

TASK [Find configuration deployment deploy_script for bgp] *********************
ok: [dut]

TASK [Print deployed configuration when running in verbose mode] ***************
ok: [dut] => {
    "msg": "bgp configuration for dut\n=========================================\n!\nrouter bgp 65000\n  log-neighbor-changes\n\n! define a generic unnumbered template to be used for eBGP unnumbered...\n! additionally, need to define link-local-only-nexthop as per Dell suggested \"Cumulus workaround\"\n! WTF Dell...\n  template unnumbered_ebgp\n    link-local-only-nexthop\n    exit\n\n  router-id 10.0.0.1\n!\n  neighbor 10.0.0.2\n    remote-as 65000\n    \n    description \"probe\"\n    update-source loopback0\n!\n    address-family ipv4 unicast\n      next-hop-self\n    exit\n    send-community standard\n    send-community extended\n\n!\n    address-family ipv4 unicast\n      soft-reconfiguration inbound\n      activate\n    exit\n    address-family ipv6 unicast\n      no activate\n    exit\n\n    timers 3 9\n    advertisement-interval 1\n    no shutdown\n  exit\n!\n  neighbor 2001:db8:1:2::1\n    remote-as 65000\n    \n    description \"probe\"\n    update-source loopback0\n!\n    address-family ipv6 unicast\n      next-hop-self\n    exit\n    send-community standard\n    send-community extended\n\n    address-family ipv4 unicast\n      no activate\n    exit\n!\n    address-family ipv6 unicast\n      soft-reconfiguration inbound\n      activate\n    exit\n\n    timers 3 9\n    advertisement-interval 1\n    no shutdown\n  exit\n!\n  neighbor 10.1.0.2\n    remote-as 65100\n    \n    description \"x1\"\n    send-community standard\n\n!\n    address-family ipv4 unicast\n      soft-reconfiguration inbound\n      activate\n    exit\n    address-family ipv6 unicast\n      no activate\n    exit\n\n    timers 3 9\n    advertisement-interval 1\n    no shutdown\n  exit\n!\n  neighbor 2001:db8:3::3\n    remote-as 65100\n    \n    description \"x1\"\n    send-community standard\n\n    address-family ipv4 unicast\n      no activate\n    exit\n!\n    address-family ipv6 unicast\n      soft-reconfiguration inbound\n      activate\n    exit\n\n    timers 3 9\n    advertisement-interval 1\n    no shutdown\n  exit\n!\n  neighbor 10.1.0.6\n    remote-as 65101\n    \n    description \"x2\"\n    send-community standard\n\n!\n    address-family ipv4 unicast\n      soft-reconfiguration inbound\n      activate\n    exit\n    address-family ipv6 unicast\n      no activate\n    exit\n\n    timers 3 9\n    advertisement-interval 1\n    no shutdown\n  exit\n!\n  neighbor 2001:db8:3:1::4\n    remote-as 65101\n    \n    description \"x2\"\n    send-community standard\n\n    address-family ipv4 unicast\n      no activate\n    exit\n!\n    address-family ipv6 unicast\n      soft-reconfiguration inbound\n      activate\n    exit\n\n    timers 3 9\n    advertisement-interval 1\n    no shutdown\n  exit\n!\n!\n address-family ipv4 unicast\n!\n\n  network 10.0.0.1/32\n!\n!\n address-family ipv6 unicast\n!\n\n  network 2001:db8:1:1::/64\n!\n"
}

TASK [Deploy bgp configuration] ************************************************
included: /home/pipi/net101/tools/netsim/ansible/tasks/deploy-config/dellos10.yml for dut

TASK [wait_for_connection] *****************************************************
skipping: [dut]

TASK [dellos10_config: deploying bgp from /work/netlab_cicd/other_vm/node_files/dut/bgp, save to startup=yes] ***
changed: [dut]

TASK [Figure out whether to deploy the module vrf on current device] ***********
ok: [dut]

TASK [Find configuration template for vrf] *************************************
ok: [dut]

TASK [fail] ********************************************************************
skipping: [dut]

TASK [Find configuration deployment deploy_script for vrf] *********************
ok: [dut]

TASK [Print deployed configuration when running in verbose mode] ***************
ok: [dut] => {
    "msg": "vrf configuration for dut\n=========================================\n\n!\nip vrf customer\n!\n! ip route-import | route-export xxx\n ip route-import 65000:1\n ip route-export 65000:1\n! ipv6 route-import | route-export xxx\n ipv6 route-import 65000:1\n ipv6 route-export 65000:1\n!\nexit\n!\n\nrouter bgp 65000\n!\n vrf customer\n  router-id 10.0.0.1\n! need to define unnumbered template also at vrf-level\n  template unnumbered_ebgp\n    link-local-only-nexthop\n    exit\n\n!\n  neighbor 10.1.0.14\n    remote-as 65200\n    \n    description \"v1\"\n    send-community standard\n\n!\n    address-family ipv4 unicast\n      soft-reconfiguration inbound\n      activate\n    exit\n    address-family ipv6 unicast\n      no activate\n    exit\n\n    timers 3 9\n    advertisement-interval 1\n    no shutdown\n  exit\n!\n  neighbor 2001:db8:3:3::5\n    remote-as 65200\n    \n    description \"v1\"\n    send-community standard\n\n    address-family ipv4 unicast\n      no activate\n    exit\n!\n    address-family ipv6 unicast\n      soft-reconfiguration inbound\n      activate\n    exit\n\n    timers 3 9\n    advertisement-interval 1\n    no shutdown\n  exit\n!\n  neighbor 10.1.0.18\n    remote-as 65201\n    \n    description \"v2\"\n    send-community standard\n\n!\n    address-family ipv4 unicast\n      soft-reconfiguration inbound\n      activate\n    exit\n    address-family ipv6 unicast\n      no activate\n    exit\n\n    timers 3 9\n    advertisement-interval 1\n    no shutdown\n  exit\n!\n  neighbor 2001:db8:3:4::6\n    remote-as 65201\n    \n    description \"v2\"\n    send-community standard\n\n    address-family ipv4 unicast\n      no activate\n    exit\n!\n    address-family ipv6 unicast\n      soft-reconfiguration inbound\n      activate\n    exit\n\n    timers 3 9\n    advertisement-interval 1\n    no shutdown\n  exit\n!\n  neighbor 10.1.0.22\n    remote-as 65202\n    \n    description \"vp\"\n    send-community standard\n\n!\n    address-family ipv4 unicast\n      soft-reconfiguration inbound\n      activate\n    exit\n    address-family ipv6 unicast\n      no activate\n    exit\n\n    timers 3 9\n    advertisement-interval 1\n    no shutdown\n  exit\n!\n  neighbor 2001:db8:3:5::7\n    remote-as 65202\n    \n    description \"vp\"\n    send-community standard\n\n    address-family ipv4 unicast\n      no activate\n    exit\n!\n    address-family ipv6 unicast\n      soft-reconfiguration inbound\n      activate\n    exit\n\n    timers 3 9\n    advertisement-interval 1\n    no shutdown\n  exit\n\n!\n address-family ipv4 unicast\n redistribute connected\n\n!\n address-family ipv6 unicast\n redistribute connected\n\n\n!\n  neighbor 10.1.0.14\n     address-family ipv4 unicast\n       soft-reconfiguration inbound\n       activate\n     address-family ipv6 unicast\n       no activate\n!\n  neighbor 2001:db8:3:3::5\n     address-family ipv6 unicast\n       soft-reconfiguration inbound\n       activate\n     address-family ipv4 unicast\n       no activate\n!\n  neighbor 10.1.0.18\n     address-family ipv4 unicast\n       soft-reconfiguration inbound\n       activate\n     address-family ipv6 unicast\n       no activate\n!\n  neighbor 2001:db8:3:4::6\n     address-family ipv6 unicast\n       soft-reconfiguration inbound\n       activate\n     address-family ipv4 unicast\n       no activate\n!\n  neighbor 10.1.0.22\n     address-family ipv4 unicast\n       soft-reconfiguration inbound\n       activate\n     address-family ipv6 unicast\n       no activate\n!\n  neighbor 2001:db8:3:5::7\n     address-family ipv6 unicast\n       soft-reconfiguration inbound\n       activate\n     address-family ipv4 unicast\n       no activate\n\n"
}

TASK [Deploy vrf configuration] ************************************************
included: /home/pipi/net101/tools/netsim/ansible/tasks/deploy-config/dellos10.yml for dut

TASK [wait_for_connection] *****************************************************
skipping: [dut]

TASK [dellos10_config: deploying vrf from /work/netlab_cicd/other_vm/node_files/dut/vrf, save to startup=yes] ***
changed: [dut]

PLAY [Deploy custom deployment templates] **************************************

TASK [Run custom configuration deployment scripts] *****************************
included: /home/pipi/net101/tools/netsim/ansible/tasks/deploy-custom-config.yml for dut => (item=bgp.policy)

TASK [Find configuration template] *********************************************
ok: [dut]

TASK [fail] ********************************************************************
skipping: [dut]

TASK [Check is the configuration template is a file] ***************************
ok: [dut -> localhost]

TASK [fail] ********************************************************************
skipping: [dut]

TASK [Process template /work/netlab_cicd/other_vm/node_files/dut/bgp.policy for dut] ***
skipping: [dut]

TASK [debug] *******************************************************************
skipping: [dut]

TASK [debug] *******************************************************************
skipping: [dut]

TASK [Find custom configuration deployment script] *****************************
ok: [dut]

TASK [Run the configuration deployment script] *********************************
included: /home/pipi/net101/tools/netsim/ansible/tasks/deploy-config/dellos10.yml for dut

TASK [wait_for_connection] *****************************************************
skipping: [dut]

TASK [dellos10_config: deploying bgp.policy from /work/netlab_cicd/other_vm/node_files/dut/bgp.policy, save to startup=yes] ***
changed: [dut]

PLAY RECAP *********************************************************************
dut                        : ok=47   changed=6    unreachable=0    failed=0    skipped=19   rescued=0    ignored=0   

Results of configuration script deployments
================================================================================
probe            Script:  initial,routing,ospf,bgp
x1               Script:  initial,routing,bgp
x2               Script:  initial,routing,bgp
v1               Script:  initial,routing,bgp
v2               Script:  initial,routing,bgp,bgp.policy
vp               Script:  initial,routing,bgp


Use this topology to test BGP local preference on IPv4 and IPv6 prefixes. DUT
has to set node-wide local preference on prefixes received from X1 and
neighbor-specific local preference on prefixes received from X2.

