Creating Device configuration snippets
[CREATED] dut: initial,routing,bgp,vrf,bgp.policy
[CREATED] x1: initial,routing,bgp
[CREATED] x2: initial,bgp
[CREATED] x3: initial,bgp
[CREATED] vx1: initial,routing,bgp
[CREATED] vx2: initial,bgp
[CREATED] vx3: initial,bgp
Config Deploying device configurations
 [INFO] Executing initial configuration for node x1
 [INFO] Executing initial configuration for node x2
 [INFO] Executing initial configuration for node x3
 [INFO] Executing initial configuration for node vx1
 [INFO] Executing initial configuration for node vx2
 [INFO] Executing initial configuration for node vx3
 [INFO] Executing bgp configuration for node vx3
 [INFO] Executing bgp configuration for node vx2
 [INFO] Executing bgp configuration for node x3
 [INFO] Executing bgp configuration for node x2
 [INFO] Executing routing configuration for node vx1
 [INFO] Executing routing configuration for node x1
 [INFO] Executing bgp configuration for node x1
 [INFO] Executing bgp configuration for node vx1
 [INFO] Starting Ansible playbook to deploy the rest of the
          configurations
[WARNING]: Found variable using reserved name: hosts

PLAY [Deploy initial device configuration] *************************************

TASK [Set variables that cannot be set with VARS] ******************************
ok: [dut]

TASK [Normalize config on bridge-like devices] *********************************
included: /home/pipi/net101/tools/netsim/ansible/tasks/deploy-module.yml for dut

TASK [Figure out whether to deploy the module normalize on current device] *****
ok: [dut]

TASK [Find configuration template for normalize] *******************************
ok: [dut]

TASK [fail] ********************************************************************
skipping: [dut]

TASK [Find configuration deployment deploy_script for normalize] ***************
ok: [dut]

TASK [Print deployed configuration when running in verbose mode] ***************
skipping: [dut]

TASK [Deploy normalize configuration] ******************************************
skipping: [dut]

TASK [Deploy initial configuration] ********************************************
included: /home/pipi/net101/tools/netsim/ansible/tasks/deploy-module.yml for dut

TASK [Figure out whether to deploy the module initial on current device] *******
ok: [dut]

TASK [Find configuration template for initial] *********************************
ok: [dut]

TASK [fail] ********************************************************************
skipping: [dut]

TASK [Find configuration deployment deploy_script for initial] *****************
ok: [dut]

TASK [Print deployed configuration when running in verbose mode] ***************
ok: [dut] => {
    "msg": "initial configuration for dut\n=========================================\nhostname dut\n!\nlldp enable\n!\nip vrf tenant\nexit\n!\nip host x1 10.0.0.2\nip host x2 10.0.0.3\nip host x3 10.0.0.4\nip host vx1 10.0.0.5\nip host vx2 10.0.0.6\nip host vx3 10.0.0.7\n!\n!\ndefault mtu 1532\n!\ninterface mgmt1/1/1\n no lldp transmit\n no lldp receive\n!\ninterface loopback0\n no shutdown\n ip address 10.0.0.1/32\n ipv6 address 2001:db8:1:1::1/64\n!\ninterface ethernet1/1/1\n no shutdown\n no switchport\n description \"dut -> x1 [external]\"\n ip address 10.1.0.1/30\n ip unreachables\n ipv6 nd max-ra-interval 4\n ipv6 nd min-ra-interval 3\n ipv6 nd send-ra\n ipv6 address 2001:db8:3::1/64\n ipv6 unreachables\n!\ninterface ethernet1/1/2\n no shutdown\n no switchport\n description \"dut -> x2 [external]\"\n ip address 10.1.0.5/30\n ip unreachables\n ipv6 nd max-ra-interval 4\n ipv6 nd min-ra-interval 3\n ipv6 nd send-ra\n ipv6 address 2001:db8:3:1::1/64\n ipv6 unreachables\n!\ninterface ethernet1/1/3\n no shutdown\n no switchport\n description \"dut -> x3 [external]\"\n ip address 10.1.0.9/30\n ip unreachables\n ipv6 nd max-ra-interval 4\n ipv6 nd min-ra-interval 3\n ipv6 nd send-ra\n ipv6 address 2001:db8:3:2::1/64\n ipv6 unreachables\n!\ninterface ethernet1/1/4\n no shutdown\n no switchport\n ip vrf forwarding tenant\n description \"dut -> vx1 [external]\"\n ip address 10.1.0.13/30\n ip unreachables\n ipv6 nd max-ra-interval 4\n ipv6 nd min-ra-interval 3\n ipv6 nd send-ra\n ipv6 address 2001:db8:3:3::1/64\n ipv6 unreachables\n!\ninterface ethernet1/1/5\n no shutdown\n no switchport\n ip vrf forwarding tenant\n description \"dut -> vx2 [external]\"\n ip address 10.1.0.17/30\n ip unreachables\n ipv6 nd max-ra-interval 4\n ipv6 nd min-ra-interval 3\n ipv6 nd send-ra\n ipv6 address 2001:db8:3:4::1/64\n ipv6 unreachables\n!\ninterface ethernet1/1/6\n no shutdown\n no switchport\n ip vrf forwarding tenant\n description \"dut -> vx3 [external]\"\n ip address 10.1.0.21/30\n ip unreachables\n ipv6 nd max-ra-interval 4\n ipv6 nd min-ra-interval 3\n ipv6 nd send-ra\n ipv6 address 2001:db8:3:5::1/64\n ipv6 unreachables\n!\n"
}

TASK [Deploy initial configuration] ********************************************
included: /home/pipi/net101/tools/netsim/ansible/tasks/deploy-config/dellos10.yml for dut

TASK [wait_for_connection] *****************************************************
skipping: [dut]

TASK [dellos10_config: deploying initial from /work/netlab_cicd/other_vm/node_files/dut/initial, save to startup=yes] ***
changed: [dut]

PLAY [Deploy module-specific configurations] ***********************************

TASK [Set variables that cannot be set with VARS] ******************************
ok: [dut]

TASK [Deploy individual configuration modules] *********************************
included: /home/pipi/net101/tools/netsim/ansible/tasks/deploy-module.yml for dut => (item=routing)
included: /home/pipi/net101/tools/netsim/ansible/tasks/deploy-module.yml for dut => (item=bgp)
included: /home/pipi/net101/tools/netsim/ansible/tasks/deploy-module.yml for dut => (item=vrf)

TASK [Figure out whether to deploy the module routing on current device] *******
ok: [dut]

TASK [Find configuration template for routing] *********************************
ok: [dut]

TASK [fail] ********************************************************************
skipping: [dut]

TASK [Find configuration deployment deploy_script for routing] *****************
ok: [dut]

TASK [Print deployed configuration when running in verbose mode] ***************
ok: [dut] => {
    "msg": "routing configuration for dut\n=========================================\n!\n!\nroute-map out_x2-ipv4 permit 10\n  match ip address prefix-list lb_only-ipv4\n!\nroute-map out_x2-ipv6 permit 10\n  match ipv6 address prefix-list lb_only-ipv6\n!\nroute-map out_x2-vpnv4 permit 10\n  match ipv6 address prefix-list lb_only-vpnv4\n!\nroute-map out_x2-vpnv6 permit 10\n  match ipv6 address prefix-list lb_only-vpnv6\n!\nroute-map in_x1-ipv4 deny 10\n  match ip address prefix-list orig_1-ipv4\n!\nroute-map in_x1-ipv4 permit 20\n!\nroute-map in_x1-ipv6 deny 10\n  match ipv6 address prefix-list orig_1-ipv6\n!\nroute-map in_x1-ipv6 permit 20\n!\nroute-map in_x1-vpnv4 deny 10\n  match ipv6 address prefix-list orig_1-vpnv4\n!\nroute-map in_x1-vpnv4 permit 20\n!\nroute-map in_x1-vpnv6 deny 10\n  match ipv6 address prefix-list orig_1-vpnv6\n!\nroute-map in_x1-vpnv6 permit 20\n \n!\nip prefix-list lb_only-ipv4 seq 10 permit 10.0.0.0/24 ge 32 le 32\n!\nip prefix-list orig_1-ipv4 seq 10 deny 172.42.43.0/24\nip prefix-list orig_1-ipv4 seq 20 permit 172.42.42.0/24\n!\nipv6 prefix-list lb_only-ipv6 seq 10 permit 2001:db8:1::/48 ge 64 le 64\n!\nipv6 prefix-list orig_1-ipv6 seq 30 deny 2001:db8:dead:beef::/64\n"
}

TASK [Deploy routing configuration] ********************************************
included: /home/pipi/net101/tools/netsim/ansible/tasks/deploy-config/dellos10.yml for dut

TASK [wait_for_connection] *****************************************************
skipping: [dut]

TASK [dellos10_config: deploying routing from /work/netlab_cicd/other_vm/node_files/dut/routing, save to startup=yes] ***
changed: [dut]

TASK [Figure out whether to deploy the module bgp on current device] ***********
ok: [dut]

TASK [Find configuration template for bgp] *************************************
ok: [dut]

TASK [fail] ********************************************************************
skipping: [dut]

TASK [Find configuration deployment deploy_script for bgp] *********************
ok: [dut]

TASK [Print deployed configuration when running in verbose mode] ***************
ok: [dut] => {
    "msg": "bgp configuration for dut\n=========================================\n!\nrouter bgp 65000\n  log-neighbor-changes\n\n! define a generic unnumbered template to be used for eBGP unnumbered...\n! additionally, need to define link-local-only-nexthop as per Dell suggested \"Cumulus workaround\"\n! WTF Dell...\n  template unnumbered_ebgp\n    link-local-only-nexthop\n    exit\n\n  router-id 10.0.0.1\n!\n  neighbor 10.1.0.2\n    remote-as 65100\n    \n    description \"x1\"\n    send-community standard\n\n!\n    address-family ipv4 unicast\n      soft-reconfiguration inbound\n      activate\n    exit\n    address-family ipv6 unicast\n      no activate\n    exit\n\n    timers 3 9\n    advertisement-interval 1\n    no shutdown\n  exit\n!\n  neighbor 2001:db8:3::2\n    remote-as 65100\n    \n    description \"x1\"\n    send-community standard\n\n    address-family ipv4 unicast\n      no activate\n    exit\n!\n    address-family ipv6 unicast\n      soft-reconfiguration inbound\n      activate\n    exit\n\n    timers 3 9\n    advertisement-interval 1\n    no shutdown\n  exit\n!\n  neighbor 10.1.0.6\n    remote-as 65101\n    \n    description \"x2\"\n    send-community standard\n\n!\n    address-family ipv4 unicast\n      soft-reconfiguration inbound\n      activate\n    exit\n    address-family ipv6 unicast\n      no activate\n    exit\n\n    timers 3 9\n    advertisement-interval 1\n    no shutdown\n  exit\n!\n  neighbor 2001:db8:3:1::3\n    remote-as 65101\n    \n    description \"x2\"\n    send-community standard\n\n    address-family ipv4 unicast\n      no activate\n    exit\n!\n    address-family ipv6 unicast\n      soft-reconfiguration inbound\n      activate\n    exit\n\n    timers 3 9\n    advertisement-interval 1\n    no shutdown\n  exit\n!\n  neighbor 10.1.0.10\n    remote-as 65102\n    \n    description \"x3\"\n    send-community standard\n\n!\n    address-family ipv4 unicast\n      soft-reconfiguration inbound\n      activate\n    exit\n    address-family ipv6 unicast\n      no activate\n    exit\n\n    timers 3 9\n    advertisement-interval 1\n    no shutdown\n  exit\n!\n  neighbor 2001:db8:3:2::4\n    remote-as 65102\n    \n    description \"x3\"\n    send-community standard\n\n    address-family ipv4 unicast\n      no activate\n    exit\n!\n    address-family ipv6 unicast\n      soft-reconfiguration inbound\n      activate\n    exit\n\n    timers 3 9\n    advertisement-interval 1\n    no shutdown\n  exit\n!\n!\n address-family ipv4 unicast\n!\n\n  network 10.0.0.1/32\n!\n!\n address-family ipv6 unicast\n!\n\n  network 2001:db8:1:1::/64\n!\n"
}

TASK [Deploy bgp configuration] ************************************************
included: /home/pipi/net101/tools/netsim/ansible/tasks/deploy-config/dellos10.yml for dut

TASK [wait_for_connection] *****************************************************
skipping: [dut]

TASK [dellos10_config: deploying bgp from /work/netlab_cicd/other_vm/node_files/dut/bgp, save to startup=yes] ***
changed: [dut]

TASK [Figure out whether to deploy the module vrf on current device] ***********
ok: [dut]

TASK [Find configuration template for vrf] *************************************
ok: [dut]

TASK [fail] ********************************************************************
skipping: [dut]

TASK [Find configuration deployment deploy_script for vrf] *********************
ok: [dut]

TASK [Print deployed configuration when running in verbose mode] ***************
ok: [dut] => {
    "msg": "vrf configuration for dut\n=========================================\n\n!\nip vrf tenant\n!\n! ip route-import | route-export xxx\n ip route-import 65000:1\n ip route-export 65000:1\n! ipv6 route-import | route-export xxx\n ipv6 route-import 65000:1\n ipv6 route-export 65000:1\n!\nexit\n!\n\nrouter bgp 65000\n!\n vrf tenant\n  router-id 10.0.0.1\n! need to define unnumbered template also at vrf-level\n  template unnumbered_ebgp\n    link-local-only-nexthop\n    exit\n\n!\n  neighbor 10.1.0.14\n    remote-as 65100\n    \n    description \"vx1\"\n    send-community standard\n\n!\n    address-family ipv4 unicast\n      soft-reconfiguration inbound\n      activate\n    exit\n    address-family ipv6 unicast\n      no activate\n    exit\n\n    timers 3 9\n    advertisement-interval 1\n    no shutdown\n  exit\n!\n  neighbor 2001:db8:3:3::5\n    remote-as 65100\n    \n    description \"vx1\"\n    send-community standard\n\n    address-family ipv4 unicast\n      no activate\n    exit\n!\n    address-family ipv6 unicast\n      soft-reconfiguration inbound\n      activate\n    exit\n\n    timers 3 9\n    advertisement-interval 1\n    no shutdown\n  exit\n!\n  neighbor 10.1.0.18\n    remote-as 65101\n    \n    description \"vx2\"\n    send-community standard\n\n!\n    address-family ipv4 unicast\n      soft-reconfiguration inbound\n      activate\n    exit\n    address-family ipv6 unicast\n      no activate\n    exit\n\n    timers 3 9\n    advertisement-interval 1\n    no shutdown\n  exit\n!\n  neighbor 2001:db8:3:4::6\n    remote-as 65101\n    \n    description \"vx2\"\n    send-community standard\n\n    address-family ipv4 unicast\n      no activate\n    exit\n!\n    address-family ipv6 unicast\n      soft-reconfiguration inbound\n      activate\n    exit\n\n    timers 3 9\n    advertisement-interval 1\n    no shutdown\n  exit\n!\n  neighbor 10.1.0.22\n    remote-as 65102\n    \n    description \"vx3\"\n    send-community standard\n\n!\n    address-family ipv4 unicast\n      soft-reconfiguration inbound\n      activate\n    exit\n    address-family ipv6 unicast\n      no activate\n    exit\n\n    timers 3 9\n    advertisement-interval 1\n    no shutdown\n  exit\n!\n  neighbor 2001:db8:3:5::7\n    remote-as 65102\n    \n    description \"vx3\"\n    send-community standard\n\n    address-family ipv4 unicast\n      no activate\n    exit\n!\n    address-family ipv6 unicast\n      soft-reconfiguration inbound\n      activate\n    exit\n\n    timers 3 9\n    advertisement-interval 1\n    no shutdown\n  exit\n\n!\n address-family ipv4 unicast\n redistribute connected\n\n!\n address-family ipv6 unicast\n redistribute connected\n\n\n!\n  neighbor 10.1.0.14\n     address-family ipv4 unicast\n       soft-reconfiguration inbound\n       activate\n     address-family ipv6 unicast\n       no activate\n!\n  neighbor 2001:db8:3:3::5\n     address-family ipv6 unicast\n       soft-reconfiguration inbound\n       activate\n     address-family ipv4 unicast\n       no activate\n!\n  neighbor 10.1.0.18\n     address-family ipv4 unicast\n       soft-reconfiguration inbound\n       activate\n     address-family ipv6 unicast\n       no activate\n!\n  neighbor 2001:db8:3:4::6\n     address-family ipv6 unicast\n       soft-reconfiguration inbound\n       activate\n     address-family ipv4 unicast\n       no activate\n!\n  neighbor 10.1.0.22\n     address-family ipv4 unicast\n       soft-reconfiguration inbound\n       activate\n     address-family ipv6 unicast\n       no activate\n!\n  neighbor 2001:db8:3:5::7\n     address-family ipv6 unicast\n       soft-reconfiguration inbound\n       activate\n     address-family ipv4 unicast\n       no activate\n\n"
}

TASK [Deploy vrf configuration] ************************************************
included: /home/pipi/net101/tools/netsim/ansible/tasks/deploy-config/dellos10.yml for dut

TASK [wait_for_connection] *****************************************************
skipping: [dut]

TASK [dellos10_config: deploying vrf from /work/netlab_cicd/other_vm/node_files/dut/vrf, save to startup=yes] ***
changed: [dut]

PLAY [Deploy custom deployment templates] **************************************

TASK [Run custom configuration deployment scripts] *****************************
included: /home/pipi/net101/tools/netsim/ansible/tasks/deploy-custom-config.yml for dut => (item=bgp.policy)

TASK [Find configuration template] *********************************************
ok: [dut]

TASK [fail] ********************************************************************
skipping: [dut]

TASK [Check is the configuration template is a file] ***************************
ok: [dut -> localhost]

TASK [fail] ********************************************************************
skipping: [dut]

TASK [Process template /work/netlab_cicd/other_vm/node_files/dut/bgp.policy for dut] ***
skipping: [dut]

TASK [debug] *******************************************************************
skipping: [dut]

TASK [debug] *******************************************************************
skipping: [dut]

TASK [Find custom configuration deployment script] *****************************
ok: [dut]

TASK [Run the configuration deployment script] *********************************
included: /home/pipi/net101/tools/netsim/ansible/tasks/deploy-config/dellos10.yml for dut

TASK [wait_for_connection] *****************************************************
skipping: [dut]

TASK [dellos10_config: deploying bgp.policy from /work/netlab_cicd/other_vm/node_files/dut/bgp.policy, save to startup=yes] ***
changed: [dut]

PLAY RECAP *********************************************************************
dut                        : ok=40   changed=5    unreachable=0    failed=0    skipped=17   rescued=0    ignored=0   

Results of configuration script deployments
================================================================================
x1               Script:  initial,routing,bgp
x2               Script:  initial,bgp
x3               Script:  initial,bgp
vx1              Script:  initial,routing,bgp
vx2              Script:  initial,bgp
vx3              Script:  initial,bgp


Use this topology to test route maps with prefix lists for IPv4 and IPv6

