Creating Device configuration snippets
[CREATED] dut: initial,routing,vrf
[CREATED] x1: initial,ospf
[CREATED] x2: initial,ospf
Config Deploying device configurations
 [INFO] Executing initial configuration for node x1
 [INFO] Executing initial configuration for node x2
 [INFO] Executing ospf configuration for node x2
 [INFO] Executing ospf configuration for node x1
 [INFO] Starting Ansible playbook to deploy the rest of the
          configurations
[WARNING]: Found variable using reserved name: hosts

PLAY [Deploy initial device configuration] *************************************

TASK [Set variables that cannot be set with VARS] ******************************
ok: [dut]

TASK [Normalize config on bridge-like devices] *********************************
included: /home/pipi/net101/tools/netsim/ansible/tasks/deploy-module.yml for dut

TASK [Figure out whether to deploy the module normalize on current device] *****
ok: [dut]

TASK [Find configuration template for normalize] *******************************
ok: [dut]

TASK [fail] ********************************************************************
skipping: [dut]

TASK [Find configuration deployment deploy_script for normalize] ***************
ok: [dut]

TASK [Print deployed configuration when running in verbose mode] ***************
skipping: [dut]

TASK [Deploy normalize configuration] ******************************************
skipping: [dut]

TASK [Deploy initial configuration] ********************************************
included: /home/pipi/net101/tools/netsim/ansible/tasks/deploy-module.yml for dut

TASK [Figure out whether to deploy the module initial on current device] *******
ok: [dut]

TASK [Find configuration template for initial] *********************************
ok: [dut]

TASK [fail] ********************************************************************
skipping: [dut]

TASK [Find configuration deployment deploy_script for initial] *****************
ok: [dut]

TASK [Print deployed configuration when running in verbose mode] ***************
ok: [dut] => {
    "msg": "initial configuration for dut\n=========================================\nhostname dut\n!\nlldp enable\n!\nip vrf transport\nexit\n!\nip host x1 10.0.0.2\nip host x2 10.0.0.3\n!\n!\ndefault mtu 1532\n!\ninterface mgmt1/1/1\n no lldp transmit\n no lldp receive\n!\ninterface loopback0\n no shutdown\n ip address 10.0.0.1/32\n ipv6 address 2001:db8:1:1::1/64\n!\ninterface ethernet1/1/1\n no shutdown\n no switchport\n description \"dut -> x1\"\n ip address 10.1.0.1/30\n ip unreachables\n ipv6 nd max-ra-interval 4\n ipv6 nd min-ra-interval 3\n ipv6 nd send-ra\n ipv6 address 2001:db8:3::1/64\n ipv6 unreachables\n!\ninterface ethernet1/1/2\n no shutdown\n no switchport\n ip vrf forwarding transport\n description \"dut -> x1\"\n ip address 10.1.0.9/30\n ip unreachables\n ipv6 nd max-ra-interval 4\n ipv6 nd min-ra-interval 3\n ipv6 nd send-ra\n ipv6 address 2001:db8:3:2::1/64\n ipv6 unreachables\n!\ninterface ethernet1/1/3\n no shutdown\n no switchport\n ip vrf forwarding transport\n description \"dut -> x1\"\n ip address 10.1.0.13/30\n ip unreachables\n ipv6 nd max-ra-interval 4\n ipv6 nd min-ra-interval 3\n ipv6 nd send-ra\n ipv6 address 2001:db8:3:3::1/64\n ipv6 unreachables\n!\n"
}

TASK [Deploy initial configuration] ********************************************
included: /home/pipi/net101/tools/netsim/ansible/tasks/deploy-config/dellos10.yml for dut

TASK [wait_for_connection] *****************************************************
skipping: [dut]

TASK [dellos10_config: deploying initial from /work/netlab_cicd/other_vm/node_files/dut/initial, save to startup=yes] ***
changed: [dut]

PLAY [Deploy module-specific configurations] ***********************************

TASK [Set variables that cannot be set with VARS] ******************************
ok: [dut]

TASK [Deploy individual configuration modules] *********************************
included: /home/pipi/net101/tools/netsim/ansible/tasks/deploy-module.yml for dut => (item=routing)
included: /home/pipi/net101/tools/netsim/ansible/tasks/deploy-module.yml for dut => (item=ospf)
included: /home/pipi/net101/tools/netsim/ansible/tasks/deploy-module.yml for dut => (item=vrf)

TASK [Figure out whether to deploy the module routing on current device] *******
ok: [dut]

TASK [Find configuration template for routing] *********************************
ok: [dut]

TASK [fail] ********************************************************************
skipping: [dut]

TASK [Find configuration deployment deploy_script for routing] *****************
ok: [dut]

TASK [Print deployed configuration when running in verbose mode] ***************
ok: [dut] => {
    "msg": "routing configuration for dut\n=========================================\n!\n!\n! Static routes (dual routes for each entry, in entry VRF and next hop VRF)\n!\nip route vrf transport 10.0.0.2/32 interface ethernet1/1/2 10.1.0.10\nip route 10.0.0.2/32 interface ethernet1/1/2 10.1.0.10\nip route vrf transport 10.0.0.2/32 interface ethernet1/1/3 10.1.0.14\nip route 10.0.0.2/32 interface ethernet1/1/3 10.1.0.14\nipv6 route vrf transport 2001:db8:cafe:42::/64 interface ethernet1/1/2 2001:db8:3:2::2\nipv6 route 2001:db8:cafe:42::/64 interface ethernet1/1/2 2001:db8:3:2::2\nipv6 route vrf transport 2001:db8:cafe:42::/64 interface ethernet1/1/3 2001:db8:3:3::2\nipv6 route 2001:db8:cafe:42::/64 interface ethernet1/1/3 2001:db8:3:3::2\nip route vrf transport 10.0.0.3/32 interface ethernet1/1/2 10.1.0.10\nip route 10.0.0.3/32 interface ethernet1/1/2 10.1.0.10\nip route vrf transport 10.0.0.3/32 interface ethernet1/1/3 10.1.0.14\nip route 10.0.0.3/32 interface ethernet1/1/3 10.1.0.14\nipv6 route vrf transport 2001:db8:cafe:43::/64 interface ethernet1/1/2 2001:db8:3:2::2\nipv6 route 2001:db8:cafe:43::/64 interface ethernet1/1/2 2001:db8:3:2::2\nipv6 route vrf transport 2001:db8:cafe:43::/64 interface ethernet1/1/3 2001:db8:3:3::2\nipv6 route 2001:db8:cafe:43::/64 interface ethernet1/1/3 2001:db8:3:3::2\n"
}

TASK [Deploy routing configuration] ********************************************
included: /home/pipi/net101/tools/netsim/ansible/tasks/deploy-config/dellos10.yml for dut

TASK [wait_for_connection] *****************************************************
skipping: [dut]

TASK [dellos10_config: deploying routing from /work/netlab_cicd/other_vm/node_files/dut/routing, save to startup=yes] ***
changed: [dut]

TASK [Figure out whether to deploy the module ospf on current device] **********
ok: [dut]

TASK [Find configuration template for ospf] ************************************
skipping: [dut]

TASK [fail] ********************************************************************
skipping: [dut]

TASK [Find configuration deployment deploy_script for ospf] ********************
skipping: [dut]

TASK [Print deployed configuration when running in verbose mode] ***************
skipping: [dut]

TASK [Deploy ospf configuration] ***********************************************
skipping: [dut]

TASK [Figure out whether to deploy the module vrf on current device] ***********
ok: [dut]

TASK [Find configuration template for vrf] *************************************
ok: [dut]

TASK [fail] ********************************************************************
skipping: [dut]

TASK [Find configuration deployment deploy_script for vrf] *********************
ok: [dut]

TASK [Print deployed configuration when running in verbose mode] ***************
ok: [dut] => {
    "msg": "vrf configuration for dut\n=========================================\n"
}

TASK [Deploy vrf configuration] ************************************************
included: /home/pipi/net101/tools/netsim/ansible/tasks/deploy-config/dellos10.yml for dut

TASK [wait_for_connection] *****************************************************
skipping: [dut]

TASK [dellos10_config: deploying vrf from /work/netlab_cicd/other_vm/node_files/dut/vrf, save to startup=yes] ***
changed: [dut]

PLAY [Deploy custom deployment templates] **************************************
skipping: no hosts matched

PLAY RECAP *********************************************************************
dut                        : ok=29   changed=3    unreachable=0    failed=0    skipped=14   rescued=0    ignored=0   

Results of configuration script deployments
================================================================================
x1               Script:  initial,ospf
x2               Script:  initial,ospf


Use this topology to test VRF IPv4 and IPv6 static routes. DUT has
to have static routes for loopback addresses of X1 and X2.

