Using transformed lab topology from snapshot file netlab.snapshot.pickle
Checking virtualization provider installation
OK: clab installed and working correctly
Starting clab nodes
Loading Linux kernel modules mpls-router,mpls-iptunnel required by containers using mpls module
provider clab: executing flock -E 42 /tmp/netlab.lock sudo -E containerlab deploy --reconfigure -t clab.yml
07:25:38 INFO Containerlab started version=0.74.2
07:25:38 INFO Parsing & checking topology file=clab.yml
07:25:38 INFO Removing directory path=/work/netlab_cicd/clab-ml-17
07:25:38 INFO Creating docker network name=nl_mgmt_17 IPv4 subnet=192.168.17.0/24 IPv6 subnet="" MTU=0
07:25:38 INFO Creating lab directory path=/work/netlab_cicd/clab-ml-17
07:25:38 INFO Creating container name=dut
07:25:38 INFO Creating container name=p1
07:25:38 INFO Creating container name=pe2
07:25:38 INFO Creating container name=p2
07:25:38 INFO Creating container name=h2
07:25:38 INFO Creating container name=h3
07:25:38 INFO Creating container name=ch
07:25:38 INFO Creating container name=h1
07:25:39 INFO Created link: pe2:eth1 ▪┄┄▪ p2:eth2
07:25:39 INFO Created link: h2:eth1 ▪┄┄▪ pe2:eth2
07:25:40 INFO Created link: h3:eth1 ▪┄┄▪ pe2:eth3
07:25:40 INFO Created link: p1:eth2 ▪┄┄▪ p2:eth1
07:25:40 INFO Created link: dut:eth1 ▪┄┄▪ p1:eth1
07:25:40 INFO Created link: h1:eth1 ▪┄┄▪ dut:eth2
07:25:40 INFO Created link: ch:eth1 ▪┄┄▪ dut:eth3
07:25:41 INFO Executed command node=dut command="sleep 1" stdout=""
07:25:41 INFO Executed command node=p2 command="sleep 1" stdout=""
07:25:41 INFO Executed command node=pe2 command="sleep 1" stdout=""
07:25:41 INFO Executed command node=p1 command="sleep 1" stdout=""
07:25:41 INFO Adding host entries path=/etc/hosts
07:25:41 INFO Adding SSH config for nodes path=/etc/ssh/ssh_config.d/clab-ml-17.conf
07:25:41 INFO containerlab version
  🎉=
  │ A newer containerlab version (0.75.0) is available!
  │ Release notes: https://containerlab.dev/rn/0.75/
  │ Run 'clab version upgrade' or see https://containerlab.dev/install/ for other installation options.
[1m╭[0m[1m────────────────[0m[1m┬[0m[1m──────────────────────────────[0m[1m┬[0m[1m─────────[0m[1m┬[0m[1m────────────────[0m[1m╮[0m
[1m│[0m[1m      Name      [0m[1m│[0m[1m          Kind/Image          [0m[1m│[0m[1m  State  [0m[1m│[0m[1m IPv4/6 Address [0m[1m│[0m
[1m├[0m[1m────────────────[0m[1m┼[0m[1m──────────────────────────────[0m[1m┼[0m[1m─────────[0m[1m┼[0m[1m────────────────[0m[1m┤[0m
│ clab-ml-17-ch  │ linux                        │ running │ 192.168.17.104 │
│                │ python:3.13-alpine           │         │ N/A            │
├────────────────┼──────────────────────────────┼─────────┼────────────────┤
│ clab-ml-17-dut │ linux                        │ running │ 192.168.17.105 │
│                │ quay.io/frrouting/frr:10.6.1 │         │ N/A            │
├────────────────┼──────────────────────────────┼─────────┼────────────────┤
│ clab-ml-17-h1  │ linux                        │ running │ 192.168.17.101 │
│                │ python:3.13-alpine           │         │ N/A            │
├────────────────┼──────────────────────────────┼─────────┼────────────────┤
│ clab-ml-17-h2  │ linux                        │ running │ 192.168.17.102 │
│                │ python:3.13-alpine           │         │ N/A            │
├────────────────┼──────────────────────────────┼─────────┼────────────────┤
│ clab-ml-17-h3  │ linux                        │ running │ 192.168.17.103 │
│                │ python:3.13-alpine           │         │ N/A            │
├────────────────┼──────────────────────────────┼─────────┼────────────────┤
│ clab-ml-17-p1  │ linux                        │ running │ 192.168.17.107 │
│                │ quay.io/frrouting/frr:10.6.1 │         │ N/A            │
├────────────────┼──────────────────────────────┼─────────┼────────────────┤
│ clab-ml-17-p2  │ linux                        │ running │ 192.168.17.108 │
│                │ quay.io/frrouting/frr:10.6.1 │         │ N/A            │
├────────────────┼──────────────────────────────┼─────────┼────────────────┤
│ clab-ml-17-pe2 │ linux                        │ running │ 192.168.17.106 │
│                │ quay.io/frrouting/frr:10.6.1 │         │ N/A            │
╰────────────────┴──────────────────────────────┴─────────┴────────────────╯

Initial configuration skipped, run 'netlab initial' to configure the devices
