Using transformed lab topology from snapshot file netlab.snapshot.pickle
Checking virtualization provider installation
OK: libvirt installed and working correctly
OK: clab installed and working correctly
Starting libvirt nodes
creating libvirt management network nl_mgmt_31
provider libvirt: executing vagrant up --provider libvirt
Bringing machine 'dut' up with 'libvirt' provider...
==> dut: Checking if box 'juniper/vptx' version '25.2R1.8' is up to date...
[fog][WARNING] Unrecognized arguments: libvirt_ip_command
==> dut: Creating image (snapshot of base box volume).
==> dut: Creating domain with the following settings...
==> dut:  -- Name:              ml-31_dut
==> dut:  -- Description:       Source: /work/netlab_cicd/junos/Vagrantfile
==> dut:  -- Domain type:       kvm
==> dut:  -- Cpus:              4
==> dut:  -- Feature:           acpi
==> dut:  -- Feature:           apic
==> dut:  -- Feature:           pae
==> dut:  -- Clock offset:      utc
==> dut:  -- Memory:            8192M
==> dut:  -- Management MAC:    ca:fe:00:01:00:00
==> dut:  -- Loader:            /usr/share/OVMF/OVMF_CODE_4M.fd
==> dut:  -- Nvram:             /var/lib/libvirt/qemu/nvram/dut.fd
==> dut:  -- Base box:          juniper/vptx
==> dut:  -- Storage pool:      default
==> dut:  -- Image(vda):        /var/lib/libvirt/images/ml-31_dut.img, virtio, 40G
==> dut:  -- Disk driver opts:  cache='default'
==> dut:  -- Graphics Type:     none
==> dut:  -- Video Type:        none
==> dut:  -- Video VRAM:        16384
==> dut:  -- Video 3D accel:    false
==> dut:  -- Keymap:            en-us
==> dut:  -- TPM Backend:       passthrough
==> dut:  -- Sysinfo:
==> dut:    -- BIOS:
==> dut:     -> vendor: Bochs
==> dut:     -> version: Bochs
==> dut:    -- System:
==> dut:     -> manufacturer: Bochs
==> dut:     -> product: Bochs
==> dut:     -> serial: chassis_no=0:slot=0:type=1:assembly_id=0x0D20:platform=251:master=0:channelized=no
==> dut:    -- Chassis:
==> dut:     -> manufacturer: Bochs
==> dut:  -- INPUT:             type=mouse, bus=ps2
==> dut: Creating shared folders metadata...
==> dut: Updating domain definition due to configuration change
==> dut: Starting domain.
==> dut: Waiting for domain to get an IP address...
==> dut: Waiting for machine to boot. This may take a few minutes...
    dut: SSH address: 192.168.31.101:22
    dut: SSH username: vagrant
    dut: SSH auth method: private key
==> dut: Machine booted and ready!
Starting clab nodes
Recreating clab-augment.yml configuration file for clab provider
Created provider configuration file: clab-augment.yml
provider clab: executing sudo -E containerlab deploy --reconfigure -t clab-augment.yml
18:47:13 INFO Containerlab started version=0.74.2
18:47:13 INFO Parsing & checking topology file=clab-augment.yml
18:47:13 INFO Removing directory path=/work/netlab_cicd/junos/clab-ml-31
18:47:13 INFO Creating docker network name=nl_mgmt_31 IPv4 subnet=192.168.31.0/24 IPv6 subnet="" MTU=0
18:47:13 INFO Creating lab directory path=/work/netlab_cicd/junos/clab-ml-31
18:47:13 INFO Creating container name=r1
18:47:13 INFO Creating container name=r3
18:47:13 INFO Creating container name=r4
18:47:13 INFO Creating container name=r2
18:47:14 INFO Running postdeploy actions for Arista cEOS 'r1' node
18:47:14 INFO Running postdeploy actions for Arista cEOS 'r3' node
18:47:14 INFO Running postdeploy actions for Arista cEOS 'r4' node
18:47:14 INFO Created link: r1:et1 ▪┄┄▪ virbr2:bni31n11i1
18:47:14 INFO Created link: r4:et1 ▪┄┄▪ virbr5:bni31n24i1
18:47:14 INFO Running postdeploy actions for Arista cEOS 'r2' node
18:47:14 INFO Created link: r3:et1 ▪┄┄▪ virbr4:bni31n23i1
18:47:14 INFO Created link: r2:et1 ▪┄┄▪ virbr3:bni31n12i1
18:47:44 INFO Adding host entries path=/etc/hosts
18:47:44 INFO Adding SSH config for nodes path=/etc/ssh/ssh_config.d/clab-ml-31.conf
18:47:44 INFO containerlab version
  🎉=
  │ A newer containerlab version (0.74.3) is available!
  │ Release notes: https://containerlab.dev/rn/0.74/#0743
  │ Run 'clab version upgrade' or see https://containerlab.dev/install/ for other installation options.
[1m╭[0m[1m───────────────[0m[1m┬[0m[1m──────────────[0m[1m┬[0m[1m─────────[0m[1m┬[0m[1m────────────────[0m[1m╮[0m
[1m│[0m[1m      Name     [0m[1m│[0m[1m  Kind/Image  [0m[1m│[0m[1m  State  [0m[1m│[0m[1m IPv4/6 Address [0m[1m│[0m
[1m├[0m[1m───────────────[0m[1m┼[0m[1m──────────────[0m[1m┼[0m[1m─────────[0m[1m┼[0m[1m────────────────[0m[1m┤[0m
│ clab-ml-31-r1 │ ceos         │ running │ 192.168.31.111 │
│               │ ceos:4.35.2F │         │ N/A            │
├───────────────┼──────────────┼─────────┼────────────────┤
│ clab-ml-31-r2 │ ceos         │ running │ 192.168.31.112 │
│               │ ceos:4.35.2F │         │ N/A            │
├───────────────┼──────────────┼─────────┼────────────────┤
│ clab-ml-31-r3 │ ceos         │ running │ 192.168.31.123 │
│               │ ceos:4.35.2F │         │ N/A            │
├───────────────┼──────────────┼─────────┼────────────────┤
│ clab-ml-31-r4 │ ceos         │ running │ 192.168.31.124 │
│               │ ceos:4.35.2F │         │ N/A            │
╰───────────────┴──────────────┴─────────┴────────────────╯

Initial configuration skipped, run 'netlab initial' to configure the devices
