Checking virtualization provider installation
OK: clab installed and working correctly
Stopping clab nodes
05:57:38 INFO Parsing & checking topology file=clab.yml
05:57:38 INFO Parsing & checking topology file=clab.yml
05:57:38 INFO Destroying lab name=ml-32
05:57:38 INFO Removed container name=clab-ml-32-dut2
05:57:38 INFO Removed container name=clab-ml-32-x1
05:57:38 INFO Removed container name=clab-ml-32-dut
05:57:38 INFO Removed container name=clab-ml-32-x2
05:57:39 INFO Removed container name=clab-ml-32-r1
05:57:39 INFO Removing host entries path=/etc/hosts
05:57:39 INFO Removing SSH config path=/etc/ssh/ssh_config.d/clab-ml-32.conf
Cleanup configuration files
... removing clab.yml
... removing ansible.cfg
... removing hosts.yml
... removing directory tree group_vars
... removing directory tree host_vars
... removing directory tree node_files
... removing netlab.snapshot.pickle
