Using transformed lab topology from snapshot file netlab.snapshot.pickle
Checking virtualization provider installation
OK: clab installed and working correctly
Starting clab nodes
provider clab: executing flock -E 42 /tmp/netlab.lock sudo -E containerlab deploy --reconfigure -t clab.yml
01:18:23 INFO Containerlab started version=0.75.0
01:18:23 INFO Parsing & checking topology file=clab.yml
01:18:23 INFO Removing directory path=/work/netlab_cicd/junos/clab-ml-31
01:18:23 INFO Creating docker network name=nl_mgmt_31 IPv4 subnet=192.168.31.0/24 IPv6 subnet="" MTU=0
01:18:23 INFO Creating lab directory path=/work/netlab_cicd/junos/clab-ml-31
01:18:23 INFO Creating container name=r1
01:18:23 INFO Creating container name=r3
01:18:23 INFO Creating container name=r2
01:18:23 INFO Creating container name=r4
01:18:23 INFO Creating container name=dut
01:18:24 INFO Created link: dut:eth1 ▪┄┄▪ r1:eth1
01:18:24 INFO Created link: dut:eth2 ▪┄┄▪ r2:eth1
01:18:24 INFO Created link: dut:eth3 ▪┄┄▪ r3:eth1
01:18:24 INFO Created link: dut:eth4 ▪┄┄▪ r4:eth1
01:18:29 INFO Executed command node=r1 command="sleep 1" stdout=""
01:18:29 INFO Executed command node=r4 command="sleep 1" stdout=""
01:18:29 INFO Executed command node=r2 command="sleep 1" stdout=""
01:18:29 INFO Executed command node=r3 command="sleep 1" stdout=""
01:18:29 INFO Adding host entries path=/etc/hosts
01:18:29 INFO Adding SSH config for nodes path=/etc/ssh/ssh_config.d/clab-ml-31.conf
[1m╭[0m[1m────────────────[0m[1m┬[0m[1m──────────────────────────────[0m[1m┬[0m[1m─────────[0m[1m┬[0m[1m────────────────[0m[1m╮[0m
[1m│[0m[1m      Name      [0m[1m│[0m[1m          Kind/Image          [0m[1m│[0m[1m  State  [0m[1m│[0m[1m IPv4/6 Address [0m[1m│[0m
[1m├[0m[1m────────────────[0m[1m┼[0m[1m──────────────────────────────[0m[1m┼[0m[1m─────────[0m[1m┼[0m[1m────────────────[0m[1m┤[0m
│ clab-ml-31-dut │ juniper_crpd                 │ running │ 192.168.31.101 │
│                │ crpd:25.2R1-S1.4             │         │ N/A            │
├────────────────┼──────────────────────────────┼─────────┼────────────────┤
│ clab-ml-31-r1  │ linux                        │ running │ 192.168.31.102 │
│                │ quay.io/frrouting/frr:10.2.2 │         │ N/A            │
├────────────────┼──────────────────────────────┼─────────┼────────────────┤
│ clab-ml-31-r2  │ linux                        │ running │ 192.168.31.103 │
│                │ quay.io/frrouting/frr:10.2.2 │         │ N/A            │
├────────────────┼──────────────────────────────┼─────────┼────────────────┤
│ clab-ml-31-r3  │ linux                        │ running │ 192.168.31.104 │
│                │ quay.io/frrouting/frr:10.2.2 │         │ N/A            │
├────────────────┼──────────────────────────────┼─────────┼────────────────┤
│ clab-ml-31-r4  │ linux                        │ running │ 192.168.31.105 │
│                │ quay.io/frrouting/frr:10.2.2 │         │ N/A            │
╰────────────────┴──────────────────────────────┴─────────┴────────────────╯

Initial configuration skipped, run 'netlab initial' to configure the devices
