Using transformed lab topology from snapshot file netlab.snapshot.pickle
Checking virtualization provider installation
OK: clab installed and working correctly
Starting clab nodes
provider clab: executing flock -E 42 /tmp/netlab.lock sudo -E containerlab deploy --reconfigure -t clab.yml
13:44:02 INFO Containerlab started version=0.75.0
13:44:02 INFO Parsing & checking topology file=clab.yml
13:44:02 INFO Removing directory path=/work/netlab_cicd/clab-ml-17
13:44:02 INFO Creating docker network name=nl_mgmt_17 IPv4 subnet=192.168.17.0/24 IPv6 subnet="" MTU=0
13:44:02 INFO Creating lab directory path=/work/netlab_cicd/clab-ml-17
13:44:02 INFO Creating container name=h2
13:44:02 INFO Creating container name=l1
13:44:02 INFO Creating container name=spine
13:44:02 INFO Creating container name=h3
13:44:02 INFO Creating container name=h1
13:44:02 INFO Creating container name=h4
13:44:02 INFO Creating container name=l2
13:44:03 INFO Created link: h1:eth1 ▪┄┄▪ l1:eth2
13:44:03 INFO Created link: h4:eth1 ▪┄┄▪ l2:eth3
13:44:03 INFO Created link: h2:eth1 ▪┄┄▪ l2:eth2
13:44:03 INFO Created link: h3:eth1 ▪┄┄▪ l1:eth3
13:44:04 INFO Created link: l1:eth1 ▪┄┄▪ spine:eth1
13:44:04 INFO Created link: l2:eth1 ▪┄┄▪ spine:eth2
13:44:04 INFO Executed command node=l2 command="sleep 1" stdout=""
13:44:04 INFO Adding host entries path=/etc/hosts
13:44:04 INFO Adding SSH config for nodes path=/etc/ssh/ssh_config.d/clab-ml-17.conf
13:44:04 INFO containerlab version
  🎉=
  │ A newer containerlab version (0.76.1) is available!
  │ Release notes: https://containerlab.dev/rn/0.76/#0761
  │ Run 'clab version upgrade' or see https://containerlab.dev/install/ for other installation options.
[1m╭[0m[1m──────────────────[0m[1m┬[0m[1m────────────────────────────────[0m[1m┬[0m[1m─────────[0m[1m┬[0m[1m────────────────[0m[1m╮[0m
[1m│[0m[1m       Name       [0m[1m│[0m[1m           Kind/Image           [0m[1m│[0m[1m  State  [0m[1m│[0m[1m IPv4/6 Address [0m[1m│[0m
[1m├[0m[1m──────────────────[0m[1m┼[0m[1m────────────────────────────────[0m[1m┼[0m[1m─────────[0m[1m┼[0m[1m────────────────[0m[1m┤[0m
│ clab-ml-17-h1    │ linux                          │ running │ 192.168.17.101 │
│                  │ python:3.13-alpine             │         │ N/A            │
├──────────────────┼────────────────────────────────┼─────────┼────────────────┤
│ clab-ml-17-h2    │ linux                          │ running │ 192.168.17.102 │
│                  │ python:3.13-alpine             │         │ N/A            │
├──────────────────┼────────────────────────────────┼─────────┼────────────────┤
│ clab-ml-17-h3    │ linux                          │ running │ 192.168.17.103 │
│                  │ python:3.13-alpine             │         │ N/A            │
├──────────────────┼────────────────────────────────┼─────────┼────────────────┤
│ clab-ml-17-h4    │ linux                          │ running │ 192.168.17.104 │
│                  │ python:3.13-alpine             │         │ N/A            │
├──────────────────┼────────────────────────────────┼─────────┼────────────────┤
│ clab-ml-17-l1    │ linux                          │ running │ 192.168.17.105 │
│                  │ ghcr.io/sysoleg/vyos-container │         │ N/A            │
├──────────────────┼────────────────────────────────┼─────────┼────────────────┤
│ clab-ml-17-l2    │ linux                          │ running │ 192.168.17.106 │
│                  │ quay.io/frrouting/frr:10.6.1   │         │ N/A            │
├──────────────────┼────────────────────────────────┼─────────┼────────────────┤
│ clab-ml-17-spine │ linux                          │ running │ 192.168.17.107 │
│                  │ ghcr.io/sysoleg/vyos-container │         │ N/A            │
╰──────────────────┴────────────────────────────────┴─────────┴────────────────╯

Initial configuration skipped, run 'netlab initial' to configure the devices
