Checking virtualization provider installation
OK: clab installed and working correctly
Stopping clab nodes
15:27:56 INFO Parsing & checking topology file=clab.yml
15:27:56 INFO Parsing & checking topology file=clab.yml
15:27:56 INFO Destroying lab name=ml-17
15:27:57 INFO Removed container name=clab-ml-17-ce2
15:27:57 INFO Removed container name=clab-ml-17-s2
15:27:57 INFO Removed container name=clab-ml-17-ce4
15:27:57 INFO Removed container name=clab-ml-17-ce1
15:27:57 INFO Removed container name=clab-ml-17-ce3
15:27:57 INFO Removed container name=clab-ml-17-dut
15:27:57 INFO Removing host entries path=/etc/hosts
15:27:57 INFO Removing SSH config path=/etc/ssh/ssh_config.d/clab-ml-17.conf
Cleanup configuration files
... removing clab.yml
... removing ansible.cfg
... removing hosts.yml
... removing directory tree group_vars
... removing directory tree host_vars
... removing directory tree node_files
... removing netlab.snapshot.pickle
