Checking virtualization provider installation
OK: clab installed and working correctly
Stopping clab nodes
13:40:28 INFO Parsing & checking topology file=clab.yml
13:40:28 INFO Parsing & checking topology file=clab.yml
13:40:28 INFO Destroying lab name=ml-85
13:40:29 INFO Removed container name=clab-ml-85-r4
13:40:29 INFO Removed container name=clab-ml-85-d1
13:40:29 INFO Removed container name=clab-ml-85-d3
13:40:30 INFO Removed container name=clab-ml-85-r3
13:40:30 INFO Removed container name=clab-ml-85-s3
13:40:30 INFO Removed container name=clab-ml-85-d4
13:40:30 INFO Removed container name=clab-ml-85-r1
13:40:30 INFO Removed container name=clab-ml-85-d2
13:40:30 INFO Removed container name=clab-ml-85-s4
13:40:30 INFO Removed container name=clab-ml-85-s1
13:40:30 INFO Removed container name=clab-ml-85-s2
13:40:30 INFO Removed container name=clab-ml-85-r2
13:40:30 INFO Removing host entries path=/etc/hosts
13:40:30 INFO Removing SSH config path=/etc/ssh/ssh_config.d/clab-ml-85.conf
Cleanup configuration files
... removing clab.yml
... removing ansible.cfg
... removing hosts.yml
... removing directory tree group_vars
... removing directory tree host_vars
... removing directory tree node_files
... removing netlab.snapshot.pickle
