Creating Device configuration snippets
[CREATED] r1: initial,ospf
[CREATED] r2: initial,ospf
[CREATED] r3: initial,ospf
[CREATED] r4: initial,ospf
[CREATED] r5: initial,ospf
Config Deploying device configurations
 [INFO] Executing initial configuration for node r3 (netmiko/script)
 [INFO] Executing initial configuration for node r5 (netmiko/script)
 [INFO] Executing initial configuration for node r4 (netmiko/script)
 [INFO] Executing initial configuration for node r2 (netmiko/script)
 [INFO] Executing initial configuration for node r1 (netmiko/script)
 [INFO] Executing ospf configuration for node r3 (netmiko/script)
 [INFO] Executing ospf configuration for node r5 (netmiko/script)
 [INFO] Executing ospf configuration for node r4 (netmiko/script)
 [INFO] Executing ospf configuration for node r1 (netmiko/script)
 [INFO] Executing ospf configuration for node r2 (netmiko/script)

Results of configuration script deployments
================================================================================
r1               Script:  initial,ospf
r2               Script:  initial,ospf
r3               Script:  initial,ospf
r4               Script:  initial,ospf
r5               Script:  initial,ospf


The test creates all three types of libvirt links (stub, p2p, multi-access) and checks that we can run OSPF on FRR over them.
