Using transformed lab topology from snapshot file netlab.snapshot.pickle
Checking virtualization provider installation
OK: clab installed and working correctly
Starting clab nodes
 [INFO] Setting containerlab runtime to docker
Loading Linux kernel modules mpls-router,mpls-iptunnel required by containers using sr module
provider clab: executing flock -E 42 /tmp/netlab.lock containerlab deploy --reconfigure -t clab.yml
17:44:31 INFO Containerlab started version=0.75.0
17:44:31 INFO Parsing & checking topology file=clab.yml
17:44:31 INFO Removing directory path=/work/netlab_cicd/clab-ml-17
17:44:31 INFO Creating docker network name=nl_mgmt_17 IPv4 subnet=192.168.17.0/24 IPv6 subnet=fd00:df:1ab:17::/64 MTU=0
17:44:31 INFO Creating lab directory path=/work/netlab_cicd/clab-ml-17
17:44:31 INFO Creating container name=dut
17:44:31 INFO Creating container name=p2
17:44:31 INFO Creating container name=h1
17:44:31 INFO Creating container name=h2
17:44:31 INFO Creating container name=pe1
17:44:31 INFO Creating container name=pe2
17:44:32 INFO Running postdeploy actions for Cisco IOL 'dut' node
17:44:32 INFO Created link: dut:eth2 (Ethernet0/2) ▪┄┄▪ p2:eth1
17:44:32 INFO Created link: h1:eth1 ▪┄┄▪ pe1:eth1
17:44:32 INFO Created link: dut:eth1 (Ethernet0/1) ▪┄┄▪ pe1:eth2
17:44:32 INFO Created link: pe2:et1 ▪┄┄▪ p2:eth2
17:44:32 INFO Created link: h2:eth1 ▪┄┄▪ pe2:et2
17:44:32 INFO Running postdeploy actions for Arista cEOS 'pe2' node
17:44:47 INFO Executed command node=pe1 command="sleep 1" stdout=""
17:44:47 INFO Executed command node=p2 command="sleep 1" stdout=""
17:44:47 INFO Adding host entries path=/etc/hosts
17:44:47 INFO Adding SSH config for nodes path=/etc/ssh/ssh_config.d/clab-ml-17.conf
17:44:47 INFO containerlab version
  🎉=
  │ A newer containerlab version (0.78.0) is available!
  │ Release notes: https://containerlab.dev/rn/0.78/
  │ Run 'clab version upgrade' or see https://containerlab.dev/install/ for other installation options.
[1m╭[0m[1m────────────────[0m[1m┬[0m[1m──────────────────────────────[0m[1m┬[0m[1m─────────[0m[1m┬[0m[1m───────────────────[0m[1m╮[0m
[1m│[0m[1m      Name      [0m[1m│[0m[1m          Kind/Image          [0m[1m│[0m[1m  State  [0m[1m│[0m[1m   IPv4/6 Address  [0m[1m│[0m
[1m├[0m[1m────────────────[0m[1m┼[0m[1m──────────────────────────────[0m[1m┼[0m[1m─────────[0m[1m┼[0m[1m───────────────────[0m[1m┤[0m
│ clab-ml-17-dut │ cisco_iol                    │ running │ 192.168.17.101    │
│                │ vrnetlab/cisco_iol:17.18.02  │         │ fd00:df:1ab:17::2 │
├────────────────┼──────────────────────────────┼─────────┼───────────────────┤
│ clab-ml-17-h1  │ linux                        │ running │ 192.168.17.102    │
│                │ python:3.13-alpine           │         │ fd00:df:1ab:17::4 │
├────────────────┼──────────────────────────────┼─────────┼───────────────────┤
│ clab-ml-17-h2  │ linux                        │ running │ 192.168.17.103    │
│                │ python:3.13-alpine           │         │ fd00:df:1ab:17::3 │
├────────────────┼──────────────────────────────┼─────────┼───────────────────┤
│ clab-ml-17-p2  │ linux                        │ running │ 192.168.17.106    │
│                │ quay.io/frrouting/frr:10.6.1 │         │ fd00:df:1ab:17::6 │
├────────────────┼──────────────────────────────┼─────────┼───────────────────┤
│ clab-ml-17-pe1 │ linux                        │ running │ 192.168.17.104    │
│                │ quay.io/frrouting/frr:10.6.1 │         │ fd00:df:1ab:17::5 │
├────────────────┼──────────────────────────────┼─────────┼───────────────────┤
│ clab-ml-17-pe2 │ ceos                         │ running │ 192.168.17.105    │
│                │ ceos:4.35.2F                 │         │ fd00:df:1ab:17::7 │
╰────────────────┴──────────────────────────────┴─────────┴───────────────────╯

Initial configuration skipped, run 'netlab initial' to configure the devices
