Creating Device configuration snippets
[CREATED] dut: initial,isis,sr
[CREATED] h1: initial,routing
[CREATED] h2: initial,routing
[CREATED] pe1: initial,isis,bgp,sr
[CREATED] pe2: normalize,initial,isis,bgp,sr
[CREATED] p2: initial,isis,sr
Checking Are lab devices ready to be configured?
 [INFO] Checking SSH server(s) on dut,pe2
[SSH]     SSH server on node pe2 (device eos) is ready after 6.2 seconds
[SSH]     SSH server on node dut (device iol) is ready after 12.3 seconds
Config Normalizing device configurations
 [INFO] Executing normalize configuration for node pe2
Config Deploying device configurations
 [INFO] Executing initial configuration for node h1 (namespace clab-
          ml-17-h1)
 [INFO] Executing initial configuration for node h2 (namespace clab-
          ml-17-h2)
 [INFO] Executing initial configuration for node pe1
 [INFO] Executing initial configuration for node pe2
 [INFO] Executing initial configuration for node p2
 [INFO] Executing routing configuration for node h1 (namespace clab-
          ml-17-h1)
 [INFO] Executing routing configuration for node h2 (namespace clab-
          ml-17-h2)
 [INFO] Executing isis configuration for node pe1
 [INFO] Executing isis configuration for node p2
 [INFO] Executing isis configuration for node pe2
 [INFO] Executing bgp configuration for node pe1
 [INFO] Executing sr configuration for node pe1
 [INFO] Executing bgp configuration for node pe2
 [INFO] Executing sr configuration for node p2
 [INFO] Executing sr configuration for node pe2
netmiko:  [INFO] Sent initial configuration to dut
netmiko:  [INFO] Sent isis configuration to dut
netmiko:  [INFO] Sent sr configuration to dut

Results of configuration script deployments
================================================================================
dut              Script:  initial,isis,sr
h1               Script:  initial,routing
h2               Script:  initial,routing
pe1              Script:  initial,isis,bgp,sr
pe2              Script:  normalize,initial,isis,bgp,sr
p2               Script:  initial,isis,sr


The tested device (DUT) is a P-router running IS-IS and SR-MPLS in an
IPv4-only network. The validation test checks end-to-end connectivity across a
BGP-free MPLS core.

