Checking virtualization provider installation
OK: clab installed and working correctly
Stopping clab nodes
10:28:00 INFO Parsing & checking topology file=clab.yml
10:28:00 INFO Parsing & checking topology file=clab.yml
10:28:00 INFO Destroying lab name=ml-84
10:28:01 INFO Removed container name=clab-ml-84-p2
10:28:01 INFO Removed container name=clab-ml-84-h1
10:28:01 INFO Removed container name=clab-ml-84-p1
10:28:02 INFO Removed container name=clab-ml-84-h2
10:28:02 INFO Removed container name=clab-ml-84-dut
10:28:02 INFO Removed container name=clab-ml-84-pe2
10:28:02 INFO Removing host entries path=/etc/hosts
10:28:02 INFO Removing SSH config path=/etc/ssh/ssh_config.d/clab-ml-84.conf
Cleanup configuration files
... removing clab.yml
... removing ansible.cfg
... removing hosts.yml
... removing directory tree group_vars
... removing directory tree host_vars
... removing directory tree node_files
... removing netlab.snapshot.pickle
