Creating Device configuration snippets
[CREATED] dut: initial,bgp,bgp.session
[CREATED] x1: initial,bgp
[CREATED] x2: initial,bgp
[CREATED] r1: initial,bgp
[CREATED] r2: initial,bgp
Config Deploying device configurations
 [INFO] Executing initial configuration for node x1
 [INFO] Executing initial configuration for node x2
 [INFO] Executing initial configuration for node r1
 [INFO] Executing initial configuration for node r2
 [INFO] Executing bgp configuration for node x1
 [INFO] Executing bgp configuration for node r2
 [INFO] Executing bgp configuration for node x2
 [INFO] Executing bgp configuration for node r1
 [INFO] Starting Ansible playbook to deploy the rest of the
          configurations
[WARNING]: Found variable using reserved name: hosts

PLAY [Deploy initial device configuration] *************************************

TASK [Set variables that cannot be set with VARS] ******************************
ok: [dut]

TASK [Deploy initial configuration] ********************************************
included: /home/pipi/netlab_gh/netsim/ansible/tasks/deploy-module.yml for dut

TASK [Figure out whether to deploy the module initial on current device] *******
ok: [dut]

TASK [Find configuration template for initial] *********************************
ok: [dut]

TASK [fail] ********************************************************************
skipping: [dut]

TASK [Find configuration deployment deploy_script for initial] *****************
ok: [dut]

TASK [Print deployed configuration when running in verbose mode] ***************
ok: [dut] => {
    "msg": "initial configuration for dut\n=========================================\n#!/bin/sh\n\nset -e # Exit immediately when any command fails\nset -x # Track commands for troubleshooting\n\nhostname dut\n#\n# Build hosts file\n#\n#\ncat <<'SCRIPT' >/tmp/hosts\n#\n# Created by netlab initial\n#\n10.0.0.1 dut\n10.1.0.1 vio1.dut\n2001:db8:3::1 vio1.dut\n10.1.0.5 vio2.dut\n2001:db8:3:1::1 vio2.dut\n10.1.0.9 vio3.dut\n2001:db8:3:2::1 vio3.dut\n10.1.0.13 vio4.dut\n2001:db8:3:3::1 vio4.dut\n10.0.0.4 r1\n10.1.0.10 eth1.r1\n2001:db8:3:2::4 eth1.r1\n10.0.0.5 r2\n10.1.0.14 eth1.r2\n2001:db8:3:3::5 eth1.r2\n172.17.0.1 x1\n2001:db8:cafe::1 x1\n10.1.0.2 eth1.x1\n2001:db8:3::2 eth1.x1\n172.17.0.2 x2\n2001:db8:cafe::2 x2\n10.1.0.6 eth1.x2\n2001:db8:3:1::3 eth1.x2\nSCRIPT\ngrep \"Created by netlab\" /etc/hosts || uniq /tmp/hosts >>/etc/hosts\n\n#\n# Enable forwarding\n#\nsysctl net.inet.ip.forwarding=1\nsysctl net.inet6.ip6.forwarding=1\necho -n > /etc/rad.conf\n\n#\n# Interface configuration\n#\nifconfig lo0 inet 10.0.0.1/32 alias\nifconfig lo0 up\n\n\n\n\nifconfig vio1 -inet\nifconfig vio1 -inet6\nifconfig vio1 inet 10.1.0.1/30 \necho interface vio1 >> /etc/rad.conf\nifconfig vio1 inet6 2001:db8:3::1/64\nifconfig vio1 mtu 1500\nifconfig vio1 description \"dut -> x1\"\nifconfig vio1 up\n\nifconfig vio2 -inet\nifconfig vio2 -inet6\nifconfig vio2 inet 10.1.0.5/30 \necho interface vio2 >> /etc/rad.conf\nifconfig vio2 inet6 2001:db8:3:1::1/64\nifconfig vio2 mtu 1500\nifconfig vio2 description \"dut -> x2\"\nifconfig vio2 up\n\nifconfig vio3 -inet\nifconfig vio3 -inet6\nifconfig vio3 inet 10.1.0.9/30 \necho interface vio3 >> /etc/rad.conf\nifconfig vio3 inet6 2001:db8:3:2::1/64\nifconfig vio3 mtu 1500\nifconfig vio3 description \"dut -> r1\"\nifconfig vio3 up\n\nifconfig vio4 -inet\nifconfig vio4 -inet6\nifconfig vio4 inet 10.1.0.13/30 \necho interface vio4 >> /etc/rad.conf\nifconfig vio4 inet6 2001:db8:3:3::1/64\nifconfig vio4 mtu 1500\nifconfig vio4 description \"dut -> r2\"\nifconfig vio4 up\n\n\n#\n# (re-)start RA daemon\n#\npkill -q rad || true\nrad\n"
}

TASK [Deploy initial configuration] ********************************************
included: /home/pipi/netlab_gh/netsim/ansible/tasks/deploy-config/openbsd.yml for dut

TASK [template] ****************************************************************
changed: [dut]

TASK [Execute /tmp/config.sh to deploy initial config from /work/netlab_cicd/node_files/dut/initial] ***
changed: [dut]

PLAY [Deploy module-specific configurations] ***********************************

TASK [Set variables that cannot be set with VARS] ******************************
ok: [dut]

TASK [Deploy individual configuration modules] *********************************
included: /home/pipi/netlab_gh/netsim/ansible/tasks/deploy-module.yml for dut => (item=bgp)

TASK [Figure out whether to deploy the module bgp on current device] ***********
ok: [dut]

TASK [Find configuration template for bgp] *************************************
ok: [dut]

TASK [fail] ********************************************************************
skipping: [dut]

TASK [Find configuration deployment deploy_script for bgp] *********************
ok: [dut]

TASK [Print deployed configuration when running in verbose mode] ***************
ok: [dut] => {
    "msg": "bgp configuration for dut\n=========================================\n#!/bin/sh\n\ncat <<BGPD_CONF >/etc/bgpd.conf\nAS 65000\nrouter-id 10.0.0.1\nlog updates\n\n## network announcements\n\n\n## neighbors and groups\n\nneighbor 10.1.0.2 {\n    remote-as 65100\n    descr \"x1\"\n    export default-route\n}\nneighbor 2001:db8:3::2 {\n    remote-as 65100\n    descr \"x1\"\n    export default-route\n}\nneighbor 10.1.0.6 {\n    remote-as 65200\n    descr \"x2\"\n    export default-route\n}\nneighbor 2001:db8:3:1::3 {\n    remote-as 65200\n    descr \"x2\"\n    export default-route\n}\nneighbor 10.1.0.10 {\n    remote-as 65101\n    descr \"r1\"\n}\nneighbor 2001:db8:3:2::4 {\n    remote-as 65101\n    descr \"r1\"\n}\nneighbor 10.1.0.14 {\n    remote-as 65102\n    descr \"r2\"\n}\nneighbor 2001:db8:3:3::5 {\n    remote-as 65102\n    descr \"r2\"\n}\n\n## rules\n\nmatch from ebgp set { nexthop self }\nmatch to ebgp set { ext-community delete * * }\n\nallow from any\nallow to any\n\nBGPD_CONF\n\nchmod 640 /etc/bgpd.conf\nrcctl enable bgpd\nrcctl restart bgpd\n\n"
}

TASK [Deploy bgp configuration] ************************************************
included: /home/pipi/netlab_gh/netsim/ansible/tasks/deploy-config/openbsd.yml for dut

TASK [template] ****************************************************************
changed: [dut]

TASK [Execute /tmp/config.sh to deploy bgp config from /work/netlab_cicd/node_files/dut/bgp] ***
changed: [dut]

PLAY [Deploy custom deployment templates] **************************************

TASK [Run custom configuration deployment scripts] *****************************
included: /home/pipi/netlab_gh/netsim/ansible/tasks/deploy-custom-config.yml for dut => (item=bgp.session)

TASK [Find configuration template] *********************************************
ok: [dut]

TASK [fail] ********************************************************************
skipping: [dut]

TASK [Check is the configuration template is a file] ***************************
ok: [dut -> localhost]

TASK [fail] ********************************************************************
skipping: [dut]

TASK [Process template /work/netlab_cicd/node_files/dut/bgp.session for dut] ***
skipping: [dut]

TASK [debug] *******************************************************************
skipping: [dut]

TASK [debug] *******************************************************************
skipping: [dut]

TASK [Find custom configuration deployment script] *****************************
ok: [dut]

TASK [Run the configuration deployment script] *********************************
included: /home/pipi/netlab_gh/netsim/ansible/tasks/deploy-config/openbsd.yml for dut

TASK [template] ****************************************************************
changed: [dut]

TASK [Execute /tmp/config.sh to deploy bgp.session config from /work/netlab_cicd/node_files/dut/bgp.session] ***
changed: [dut]

PLAY RECAP *********************************************************************
dut                        : ok=25   changed=6    unreachable=0    failed=0    skipped=7    rescued=0    ignored=0   

Results of configuration script deployments
================================================================================
x1               Script:  initial,bgp
x2               Script:  initial,bgp
r1               Script:  initial,bgp
r2               Script:  initial,bgp


This lab tests the BGP default route origination. The DUT should advertise a default route to X1.
