Warning in vrf_check: Device openbsd/dut does not support VRFs
 [INFO] Removing vrf from topology modules
 [INFO] Removing vrf from node dut modules
 [INFO] Removing vrfs from lab topology
 [INFO] Removing vrf from link links[2]
[CONFIG]  dut: initial,bgp,bgp.session
[CONFIG]  x1: initial,bgp,bgp.session,daemons,hosts,resolv
[CONFIG]  v1: initial,bgp,bgp.session,daemons,hosts (shared),resolv
Created provider configuration file: Vagrantfile
Creating configuration file for secondary provider clab
Created provider configuration file: clab-augment.yml
Created pickled transformed topology data into netlab.snapshot.pickle
Created group_vars for all
Created group_vars for modules
Created group_vars for custom_configs
Created group_vars for openbsd
Created host_vars for dut
Created group_vars for frr
Created host_vars for x1, v1
Created minimized Ansible inventory hosts.yml
Created Ansible configuration file: ansible.cfg
