Using transformed lab topology from snapshot file netlab.snapshot.pickle
Checking virtualization provider installation
OK: clab installed and working correctly
Starting clab nodes
provider clab: executing sudo -E containerlab deploy --reconfigure -t clab.yml
09:40:17 INFO Containerlab started version=0.74.2
09:40:17 INFO Parsing & checking topology file=clab.yml
09:40:17 INFO Removing directory path=/work/netlab_cicd/junos_c/clab-ml-81
09:40:17 INFO Creating docker network name=nl_mgmt_81 IPv4 subnet=192.168.81.0/24 IPv6 subnet="" MTU=0
09:40:17 INFO Creating lab directory path=/work/netlab_cicd/junos_c/clab-ml-81
09:40:17 INFO Creating container name=h3
09:40:17 INFO Creating container name=h1
09:40:17 INFO Creating container name=h2
09:40:17 INFO Creating container name=h4
09:40:17 INFO Creating container name=h5
09:40:17 INFO Creating container name=h6
09:40:17 INFO Creating container name=s1
09:40:17 INFO Creating container name=s2
09:40:19 INFO Created link: s1:eth1 ▪┄┄▪ s2:et1
09:40:19 INFO Created link: h1:eth1 ▪┄┄▪ s1:eth2
09:40:19 INFO Created link: h2:eth1 ▪┄┄▪ s2:et2
09:40:19 INFO Created link: h3:eth1 ▪┄┄▪ s1:eth3
09:40:19 INFO Created link: h4:eth1 ▪┄┄▪ s2:et3
09:40:20 INFO Created link: h5:eth1 ▪┄┄▪ s1:eth4
09:40:20 INFO Created link: h6:eth1 ▪┄┄▪ s2:et4
09:40:20 INFO Running postdeploy actions for Arista cEOS 's2' node
09:40:52 INFO Adding host entries path=/etc/hosts
09:40:52 INFO Adding SSH config for nodes path=/etc/ssh/ssh_config.d/clab-ml-81.conf
09:40:52 INFO containerlab version
  🎉=
  │ A newer containerlab version (0.74.3) is available!
  │ Release notes: https://containerlab.dev/rn/0.74/#0743
  │ Run 'clab version upgrade' or see https://containerlab.dev/install/ for other installation options.
[1m╭[0m[1m───────────────[0m[1m┬[0m[1m────────────────────────────────────────────[0m[1m┬[0m[1m────────────────────[0m[1m┬[0m[1m────────────────[0m[1m╮[0m
[1m│[0m[1m      Name     [0m[1m│[0m[1m                 Kind/Image                 [0m[1m│[0m[1m        State       [0m[1m│[0m[1m IPv4/6 Address [0m[1m│[0m
[1m├[0m[1m───────────────[0m[1m┼[0m[1m────────────────────────────────────────────[0m[1m┼[0m[1m────────────────────[0m[1m┼[0m[1m────────────────[0m[1m┤[0m
│ clab-ml-81-h1 │ linux                                      │ running            │ 192.168.81.101 │
│               │ python:3.13-alpine                         │                    │ N/A            │
├───────────────┼────────────────────────────────────────────┼────────────────────┼────────────────┤
│ clab-ml-81-h2 │ linux                                      │ running            │ 192.168.81.102 │
│               │ python:3.13-alpine                         │                    │ N/A            │
├───────────────┼────────────────────────────────────────────┼────────────────────┼────────────────┤
│ clab-ml-81-h3 │ linux                                      │ running            │ 192.168.81.103 │
│               │ python:3.13-alpine                         │                    │ N/A            │
├───────────────┼────────────────────────────────────────────┼────────────────────┼────────────────┤
│ clab-ml-81-h4 │ linux                                      │ running            │ 192.168.81.104 │
│               │ python:3.13-alpine                         │                    │ N/A            │
├───────────────┼────────────────────────────────────────────┼────────────────────┼────────────────┤
│ clab-ml-81-h5 │ linux                                      │ running            │ 192.168.81.105 │
│               │ python:3.13-alpine                         │                    │ N/A            │
├───────────────┼────────────────────────────────────────────┼────────────────────┼────────────────┤
│ clab-ml-81-h6 │ linux                                      │ running            │ 192.168.81.106 │
│               │ python:3.13-alpine                         │                    │ N/A            │
├───────────────┼────────────────────────────────────────────┼────────────────────┼────────────────┤
│ clab-ml-81-s1 │ juniper_vjunosswitch                       │ running            │ 192.168.81.107 │
│               │ vrnetlab/juniper_vjunos-switch:23.4R2-S2.1 │ (health: starting) │ N/A            │
├───────────────┼────────────────────────────────────────────┼────────────────────┼────────────────┤
│ clab-ml-81-s2 │ ceos                                       │ running            │ 192.168.81.108 │
│               │ ceos:4.35.2F                               │                    │ N/A            │
╰───────────────┴────────────────────────────────────────────┴────────────────────┴────────────────╯

Initial configuration skipped, run 'netlab initial' to configure the devices
