Using transformed lab topology from snapshot file netlab.snapshot.pickle
Checking virtualization provider installation
OK: clab installed and working correctly
Starting clab nodes
provider clab: executing flock -E 42 /tmp/netlab.lock sudo -E containerlab deploy --reconfigure -t clab.yml
15:41:12 INFO Containerlab started version=0.75.0
15:41:12 INFO Parsing & checking topology file=clab.yml
15:41:12 INFO Removing directory path=/work/netlab_cicd/junos/clab-ml-31
15:41:12 INFO Creating docker network name=nl_mgmt_31 IPv4 subnet=192.168.31.0/24 IPv6 subnet="" MTU=0
15:41:12 INFO Creating lab directory path=/work/netlab_cicd/junos/clab-ml-31
15:41:12 INFO Creating container name=h1
15:41:12 INFO Creating container name=r1
15:41:12 INFO Creating container name=h2
15:41:12 INFO Creating container name=s1
15:41:12 INFO Creating container name=s2
15:41:13 INFO Created link: s2:eth2 ▪┄┄▪ r1:eth1
15:41:13 INFO Created link: s2:eth3 ▪┄┄▪ r1:eth2
15:41:13 INFO Created link: s1:eth1 ▪┄┄▪ s2:eth1
15:41:13 INFO Created link: h1:eth1 ▪┄┄▪ s1:eth2
15:41:14 INFO Created link: h2:eth1 ▪┄┄▪ s1:eth3
15:41:14 INFO Executed command node=r1 command="sleep 1" stdout=""
15:41:14 INFO Adding host entries path=/etc/hosts
15:41:14 INFO Adding SSH config for nodes path=/etc/ssh/ssh_config.d/clab-ml-31.conf
[1m╭[0m[1m───────────────[0m[1m┬[0m[1m────────────────────────────────────────────[0m[1m┬[0m[1m────────────────────[0m[1m┬[0m[1m────────────────[0m[1m╮[0m
[1m│[0m[1m      Name     [0m[1m│[0m[1m                 Kind/Image                 [0m[1m│[0m[1m        State       [0m[1m│[0m[1m IPv4/6 Address [0m[1m│[0m
[1m├[0m[1m───────────────[0m[1m┼[0m[1m────────────────────────────────────────────[0m[1m┼[0m[1m────────────────────[0m[1m┼[0m[1m────────────────[0m[1m┤[0m
│ clab-ml-31-h1 │ linux                                      │ running            │ 192.168.31.101 │
│               │ python:3.13-alpine                         │                    │ N/A            │
├───────────────┼────────────────────────────────────────────┼────────────────────┼────────────────┤
│ clab-ml-31-h2 │ linux                                      │ running            │ 192.168.31.102 │
│               │ python:3.13-alpine                         │                    │ N/A            │
├───────────────┼────────────────────────────────────────────┼────────────────────┼────────────────┤
│ clab-ml-31-r1 │ linux                                      │ running            │ 192.168.31.105 │
│               │ quay.io/frrouting/frr:10.6.1               │                    │ N/A            │
├───────────────┼────────────────────────────────────────────┼────────────────────┼────────────────┤
│ clab-ml-31-s1 │ juniper_vjunosswitch                       │ running            │ 192.168.31.103 │
│               │ vrnetlab/juniper_vjunos-switch:23.4R2-S2.1 │ (health: starting) │ N/A            │
├───────────────┼────────────────────────────────────────────┼────────────────────┼────────────────┤
│ clab-ml-31-s2 │ juniper_vjunosswitch                       │ running            │ 192.168.31.104 │
│               │ vrnetlab/juniper_vjunos-switch:23.4R2-S2.1 │ (health: starting) │ N/A            │
╰───────────────┴────────────────────────────────────────────┴────────────────────┴────────────────╯

Initial configuration skipped, run 'netlab initial' to configure the devices
