Creating Device configuration snippets
[CREATED] ros: initial,vlan,ospf
[CREATED] s1: initial,vlan
[CREATED] s2: initial,vlan
[CREATED] r1: initial,ospf
[CREATED] r2: initial,ospf
Checking Are lab devices ready to be configured?
 [INFO] Checking SSH server(s) on ros
[SSH]     SSH server on node ros (device vjunos-switch) is ready after 110.7 seconds
 [INFO] Checking lab devices with an Ansible playbook
[WARNING]: Found variable using reserved name: hosts

PLAY [Wait for SSH servers] ****************************************************

PLAY [Wait for device-specific conditions] *************************************

TASK [Set variables that cannot be set with VARS] ******************************
ok: [ros]

TASK [Find device readiness script] ********************************************
ok: [ros]

TASK [Wait for device to become ready] *****************************************
included: /home/pipi/netlab_gh/netsim/ansible/tasks/readiness-check/junos.yml for ros

TASK [set_fact] ****************************************************************
ok: [ros]

TASK [Wait for first interface (ge-0/0/0)] *************************************
ok: [ros]

PLAY RECAP *********************************************************************
ros                        : ok=5    changed=0    unreachable=0    failed=0    skipped=0    rescued=0    ignored=0   

Config Deploying device configurations
 [INFO] Executing initial configuration for node s1
 [INFO] Executing initial configuration for node s2
 [INFO] Executing initial configuration for node r1
 [INFO] Executing initial configuration for node r2
 [INFO] Executing vlan configuration for node s2
 [INFO] Executing vlan configuration for node s1
 [INFO] Executing ospf configuration for node r2
 [INFO] Executing ospf configuration for node r1
 [INFO] Starting Ansible playbook to deploy the rest of the
          configurations
[WARNING]: Found variable using reserved name: hosts

PLAY [Deploy initial device configuration] *************************************

TASK [Set variables that cannot be set with VARS] ******************************
ok: [ros]

TASK [Normalize config on bridge-like devices] *********************************
included: /home/pipi/netlab_gh/netsim/ansible/tasks/deploy-module.yml for ros

TASK [Figure out whether to deploy the module normalize on current device] *****
ok: [ros]

TASK [Find configuration template for normalize] *******************************
ok: [ros]

TASK [fail] ********************************************************************
skipping: [ros]

TASK [Find configuration deployment deploy_script for normalize] ***************
ok: [ros]

TASK [Print deployed configuration when running in verbose mode] ***************
skipping: [ros]

TASK [Deploy normalize configuration] ******************************************
skipping: [ros]

TASK [Deploy initial configuration] ********************************************
included: /home/pipi/netlab_gh/netsim/ansible/tasks/deploy-module.yml for ros

TASK [Figure out whether to deploy the module initial on current device] *******
ok: [ros]

TASK [Find configuration template for initial] *********************************
ok: [ros]

TASK [fail] ********************************************************************
skipping: [ros]

TASK [Find configuration deployment deploy_script for initial] *****************
ok: [ros]

TASK [Print deployed configuration when running in verbose mode] ***************
ok: [ros] => {
    "msg": "initial configuration for ros\n=========================================\nsystem {\n  host-name ros;\n  static-host-mapping {\n    s1 inet 10.0.0.2;\n    s2 inet 10.0.0.3;\n    r1 inet 10.0.0.4;\n    r2 inet 10.0.0.5;\n  }\n}\n\n\ninterfaces {\n\n\n\n\n\n  ge-0/0/0 {\n    flexible-vlan-tagging;\n    native-vlan-id 700;\n  }\n\n  ge-0/0/0.0 {\n    vlan-id 700;\n  }\n\n\n\n\n\n\n  ge-0/0/0 {\n    flexible-vlan-tagging;\n  }\n\n  ge-0/0/0.701 {\n    vlan-id 701;\n  }\n\n\n\n\n\n}\ninterfaces {\n  ge-0/0/0 {\n    mtu 1522;\n  }\n\n  lo0.0 {\n    \n      family inet {\n        address 10.0.0.1/32;\n      }\n    \n  }\n  ge-0/0/0.0 {\n    description \"ros -> [r1,s1,s2]\";\n    \n      family inet {\n        address 172.16.0.1/24;\n      }\n    \n  }\n  ge-0/0/0.701 {\n    description \"ros -> [r2,s1,s2]\";\n    \n      family inet {\n        address 172.16.1.1/24;\n      }\n    \n  }\n}\nprotocols {\n  lldp {\n    interface fxp0 {\n      disable;\n    }\n    interface all;\n  }\n}\n"
}

TASK [Deploy initial configuration] ********************************************
included: /home/pipi/netlab_gh/netsim/ansible/tasks/deploy-config/junos.yml for ros

TASK [junos_config: deploying initial from /work/netlab_cicd/junos_c/node_files/ros/initial] ***
changed: [ros]

PLAY [Deploy module-specific configurations] ***********************************

TASK [Set variables that cannot be set with VARS] ******************************
ok: [ros]

TASK [Deploy individual configuration modules] *********************************
included: /home/pipi/netlab_gh/netsim/ansible/tasks/deploy-module.yml for ros => (item=vlan)
included: /home/pipi/netlab_gh/netsim/ansible/tasks/deploy-module.yml for ros => (item=ospf)

TASK [Figure out whether to deploy the module vlan on current device] **********
ok: [ros]

TASK [Find configuration template for vlan] ************************************
ok: [ros]

TASK [fail] ********************************************************************
skipping: [ros]

TASK [Find configuration deployment deploy_script for vlan] ********************
ok: [ros]

TASK [Print deployed configuration when running in verbose mode] ***************
ok: [ros] => {
    "msg": "vlan configuration for ros\n=========================================\n\nvlans {\n}\n\ninterfaces {\n\n}\n"
}

TASK [Deploy vlan configuration] ***********************************************
included: /home/pipi/netlab_gh/netsim/ansible/tasks/deploy-config/junos.yml for ros

TASK [junos_config: deploying vlan from /work/netlab_cicd/junos_c/node_files/ros/vlan] ***
[WARNING]: mgd: statement has no contents; ignored
ok: [ros]

TASK [Figure out whether to deploy the module ospf on current device] **********
ok: [ros]

TASK [Find configuration template for ospf] ************************************
ok: [ros]

TASK [fail] ********************************************************************
skipping: [ros]

TASK [Find configuration deployment deploy_script for ospf] ********************
ok: [ros]

TASK [Print deployed configuration when running in verbose mode] ***************
ok: [ros] => {
    "msg": "ospf configuration for ros\n=========================================\nrouting-options {\n  router-id 10.0.0.1\n}\nprotocols {\n  delete: ospf;\n}\n\nprotocols {\n  ospf {\n    area 0.0.0.0 {\n      interface lo0.0 {\n      }\n    }\n    area 0.0.0.0 {\n      interface ge-0/0/0.0 {\n      }\n    }\n    area 0.0.0.0 {\n      interface ge-0/0/0.701 {\n      }\n    }\n  }\n}\n\n"
}

TASK [Deploy ospf configuration] ***********************************************
included: /home/pipi/netlab_gh/netsim/ansible/tasks/deploy-config/junos.yml for ros

TASK [junos_config: deploying ospf from /work/netlab_cicd/junos_c/node_files/ros/ospf] ***
[WARNING]:  statement not found
changed: [ros]

PLAY [Deploy custom deployment templates] **************************************
skipping: no hosts matched

PLAY RECAP *********************************************************************
ros                        : ok=27   changed=2    unreachable=0    failed=0    skipped=6    rescued=0    ignored=0   

Results of configuration script deployments
================================================================================
s1               Script:  initial,vlan
s2               Script:  initial,vlan
r1               Script:  initial,ospf
r2               Script:  initial,ospf


A router-on-a-stick is attached to a VLAN trunk and runs OSPF on all attached
VLANs. One of the VLANs is a native VLAN between router-on-stick and switch.

* r1, r2, and ros should be able to ping each other

Please note it might take a while for the lab to work due to
STP and OSPF setup phase

