Using transformed lab topology from snapshot file netlab.snapshot.pickle
Checking virtualization provider installation
OK: clab installed and working correctly
Starting clab nodes
provider clab: executing flock -E 42 /tmp/netlab.lock sudo -E containerlab deploy --reconfigure -t clab.yml
15:58:22 INFO Containerlab started version=0.75.0
15:58:22 INFO Parsing & checking topology file=clab.yml
15:58:22 INFO Removing directory path=/work/netlab_cicd/junos/clab-ml-31
15:58:22 INFO Creating docker network name=nl_mgmt_31 IPv4 subnet=192.168.31.0/24 IPv6 subnet="" MTU=0
15:58:22 INFO Creating lab directory path=/work/netlab_cicd/junos/clab-ml-31
15:58:22 INFO Creating container name=s1
15:58:22 INFO Creating container name=d1
15:58:22 INFO Creating container name=d2
15:58:22 INFO Creating container name=s3
15:58:22 INFO Creating container name=s4
15:58:22 INFO Creating container name=r1
15:58:22 INFO Creating container name=s2
15:58:22 INFO Creating container name=d4
15:58:22 INFO Creating container name=d3
15:58:22 INFO Creating container name=r4
15:58:22 INFO Creating container name=r2
15:58:22 INFO Creating container name=r3
15:58:23 INFO Created link: s2:eth2 ▪┄┄▪ r2:eth1
15:58:24 INFO Created link: s3:eth2 ▪┄┄▪ r3:eth1
15:58:24 INFO Created link: s3:eth3 ▪┄┄▪ d3:eth1
15:58:24 INFO Created link: s1:eth1 ▪┄┄▪ s2:eth1
15:58:24 INFO Created link: s1:eth2 ▪┄┄▪ s3:eth1
15:58:24 INFO Created link: s1:eth3 ▪┄┄▪ s4:eth1
15:58:24 INFO Created link: s1:eth5 ▪┄┄▪ d1:eth1
15:58:25 INFO Created link: s2:eth3 ▪┄┄▪ d2:eth1
15:58:25 INFO Created link: s4:eth2 ▪┄┄▪ r4:eth1
15:58:25 INFO Created link: s1:eth4 ▪┄┄▪ r1:eth1
15:58:25 INFO Created link: s4:eth3 ▪┄┄▪ d4:eth1
15:58:26 INFO Executed command node=s2 command="sleep 1" stdout=""
15:58:26 INFO Executed command node=s3 command="sleep 1" stdout=""
15:58:26 INFO Executed command node=s4 command="sleep 1" stdout=""
15:58:26 INFO Adding host entries path=/etc/hosts
15:58:26 INFO Adding SSH config for nodes path=/etc/ssh/ssh_config.d/clab-ml-31.conf
[1m╭[0m[1m───────────────[0m[1m┬[0m[1m────────────────────────────────────────────[0m[1m┬[0m[1m────────────────────[0m[1m┬[0m[1m────────────────[0m[1m╮[0m
[1m│[0m[1m      Name     [0m[1m│[0m[1m                 Kind/Image                 [0m[1m│[0m[1m        State       [0m[1m│[0m[1m IPv4/6 Address [0m[1m│[0m
[1m├[0m[1m───────────────[0m[1m┼[0m[1m────────────────────────────────────────────[0m[1m┼[0m[1m────────────────────[0m[1m┼[0m[1m────────────────[0m[1m┤[0m
│ clab-ml-31-d1 │ linux                                      │ running            │ 192.168.31.109 │
│               │ python:3.13-alpine                         │                    │ N/A            │
├───────────────┼────────────────────────────────────────────┼────────────────────┼────────────────┤
│ clab-ml-31-d2 │ linux                                      │ running            │ 192.168.31.110 │
│               │ python:3.13-alpine                         │                    │ N/A            │
├───────────────┼────────────────────────────────────────────┼────────────────────┼────────────────┤
│ clab-ml-31-d3 │ linux                                      │ running            │ 192.168.31.111 │
│               │ python:3.13-alpine                         │                    │ N/A            │
├───────────────┼────────────────────────────────────────────┼────────────────────┼────────────────┤
│ clab-ml-31-d4 │ linux                                      │ running            │ 192.168.31.112 │
│               │ python:3.13-alpine                         │                    │ N/A            │
├───────────────┼────────────────────────────────────────────┼────────────────────┼────────────────┤
│ clab-ml-31-r1 │ linux                                      │ running            │ 192.168.31.105 │
│               │ python:3.13-alpine                         │                    │ N/A            │
├───────────────┼────────────────────────────────────────────┼────────────────────┼────────────────┤
│ clab-ml-31-r2 │ linux                                      │ running            │ 192.168.31.106 │
│               │ python:3.13-alpine                         │                    │ N/A            │
├───────────────┼────────────────────────────────────────────┼────────────────────┼────────────────┤
│ clab-ml-31-r3 │ linux                                      │ running            │ 192.168.31.107 │
│               │ python:3.13-alpine                         │                    │ N/A            │
├───────────────┼────────────────────────────────────────────┼────────────────────┼────────────────┤
│ clab-ml-31-r4 │ linux                                      │ running            │ 192.168.31.108 │
│               │ python:3.13-alpine                         │                    │ N/A            │
├───────────────┼────────────────────────────────────────────┼────────────────────┼────────────────┤
│ clab-ml-31-s1 │ juniper_vjunosswitch                       │ running            │ 192.168.31.101 │
│               │ vrnetlab/juniper_vjunos-switch:23.4R2-S2.1 │ (health: starting) │ N/A            │
├───────────────┼────────────────────────────────────────────┼────────────────────┼────────────────┤
│ clab-ml-31-s2 │ linux                                      │ running            │ 192.168.31.102 │
│               │ quay.io/frrouting/frr:10.6.1               │                    │ N/A            │
├───────────────┼────────────────────────────────────────────┼────────────────────┼────────────────┤
│ clab-ml-31-s3 │ linux                                      │ running            │ 192.168.31.103 │
│               │ quay.io/frrouting/frr:10.6.1               │                    │ N/A            │
├───────────────┼────────────────────────────────────────────┼────────────────────┼────────────────┤
│ clab-ml-31-s4 │ linux                                      │ running            │ 192.168.31.104 │
│               │ quay.io/frrouting/frr:10.6.1               │                    │ N/A            │
╰───────────────┴────────────────────────────────────────────┴────────────────────┴────────────────╯

Initial configuration skipped, run 'netlab initial' to configure the devices
