Using transformed lab topology from snapshot file netlab.snapshot.pickle
Checking virtualization provider installation
OK: libvirt installed and working correctly
OK: clab installed and working correctly
Starting libvirt nodes
creating libvirt management network nl_mgmt_85
provider libvirt: executing vagrant up --provider libvirt
Bringing machine 'l1' up with 'libvirt' provider...
Bringing machine 'spine' up with 'libvirt' provider...
==> l1: Checking if box 'aruba/cx' version '10.15' is up to date...
[fog][WARNING] Unrecognized arguments: libvirt_ip_command
==> l1: Creating image (snapshot of base box volume).
==> l1: Creating domain with the following settings...
==> l1:  -- Name:              ml-85_l1
==> l1:  -- Description:       Source: /work/netlab_cicd/other_vm/Vagrantfile
==> l1:  -- Domain type:       kvm
==> l1:  -- Cpus:              2
==> l1:  -- Feature:           acpi
==> l1:  -- Feature:           apic
==> l1:  -- Feature:           pae
==> l1:  -- Clock offset:      utc
==> l1:  -- Memory:            4096M
==> l1:  -- Management MAC:    ca:fe:00:05:00:00
==> l1:  -- Base box:          aruba/cx
==> l1:  -- Storage pool:      default
==> l1:  -- Image(vda):        /var/lib/libvirt/images/ml-85_l1.img, virtio, 11G
==> l1:  -- Disk driver opts:  cache='default'
==> l1:  -- Graphics Type:     vnc
==> l1:  -- Video Type:        cirrus
==> l1:  -- Video VRAM:        16384
==> l1:  -- Video 3D accel:    false
==> l1:  -- Keymap:            en-us
==> l1:  -- TPM Backend:       passthrough
==> l1:  -- INPUT:             type=mouse, bus=ps2
==> spine: Checking if box 'aruba/cx' version '10.15' is up to date...
[fog][WARNING] Unrecognized arguments: libvirt_ip_command
==> spine: Creating image (snapshot of base box volume).
==> spine: Creating domain with the following settings...
==> spine:  -- Name:              ml-85_spine
==> spine:  -- Description:       Source: /work/netlab_cicd/other_vm/Vagrantfile
==> spine:  -- Domain type:       kvm
==> spine:  -- Cpus:              2
==> spine:  -- Feature:           acpi
==> spine:  -- Feature:           apic
==> spine:  -- Feature:           pae
==> spine:  -- Clock offset:      utc
==> spine:  -- Memory:            4096M
==> spine:  -- Management MAC:    ca:fe:00:07:00:00
==> spine:  -- Base box:          aruba/cx
==> spine:  -- Storage pool:      default
==> spine:  -- Image(vda):        /var/lib/libvirt/images/ml-85_spine.img, virtio, 11G
==> spine:  -- Disk driver opts:  cache='default'
==> spine:  -- Graphics Type:     vnc
==> spine:  -- Video Type:        cirrus
==> spine:  -- Video VRAM:        16384
==> spine:  -- Video 3D accel:    false
==> spine:  -- Keymap:            en-us
==> spine:  -- TPM Backend:       passthrough
==> spine:  -- INPUT:             type=mouse, bus=ps2
==> l1: Creating shared folders metadata...
==> l1: Starting domain.
==> l1: Domain launching with graphics connection settings...
==> l1:  -- Graphics Port:      5900
==> l1:  -- Graphics IP:        127.0.0.1
==> l1:  -- Graphics Password:  Not defined
==> l1:  -- Graphics Websocket: 5700
==> l1: Waiting for domain to get an IP address...
==> spine: Creating shared folders metadata...
==> spine: Starting domain.
==> spine: Domain launching with graphics connection settings...
==> spine:  -- Graphics Port:      5901
==> spine:  -- Graphics IP:        127.0.0.1
==> spine:  -- Graphics Password:  Not defined
==> spine:  -- Graphics Websocket: 5701
==> spine: Waiting for domain to get an IP address...
==> spine: Waiting for machine to boot. This may take a few minutes...
    spine: SSH address: 192.168.85.107:22
    spine: SSH username: netlab
    spine: SSH auth method: private key
==> l1: Waiting for machine to boot. This may take a few minutes...
    l1: SSH address: 192.168.85.105:22
    l1: SSH username: netlab
    l1: SSH auth method: private key
==> spine: Machine booted and ready!
==> l1: Machine booted and ready!
Starting clab nodes
Recreating clab-augment.yml configuration file for clab provider
Created provider configuration file: clab-augment.yml
provider clab: executing sudo -E containerlab deploy --reconfigure -t clab-augment.yml
19:03:18 INFO Containerlab started version=0.74.2
19:03:18 INFO Parsing & checking topology file=clab-augment.yml
19:03:18 INFO Removing directory path=/work/netlab_cicd/other_vm/clab-ml-85
19:03:18 INFO Creating docker network name=nl_mgmt_85 IPv4 subnet=192.168.85.0/24 IPv6 subnet="" MTU=0
19:03:18 INFO Creating lab directory path=/work/netlab_cicd/other_vm/clab-ml-85
19:03:18 INFO Creating container name=h4
19:03:18 INFO Creating container name=h3
19:03:18 INFO Creating container name=l2
19:03:18 INFO Creating container name=h1
19:03:18 INFO Creating container name=h2
19:03:19 INFO Created link: h2:eth1 ▪┄┄▪ l2:eth2
19:03:19 INFO Created link: h4:eth1 ▪┄┄▪ l2:eth3
19:03:19 INFO Created link: h3:eth1 ▪┄┄▪ virbr3:bni85n3i1
19:03:19 INFO Created link: l2:eth1 ▪┄┄▪ virbr4:bni85n6i1
19:03:19 INFO Created link: h1:eth1 ▪┄┄▪ virbr2:bni85n1i1
19:03:20 INFO Executed command node=l2 command="sleep 1" stdout=""
19:03:20 INFO Adding host entries path=/etc/hosts
19:03:20 INFO Adding SSH config for nodes path=/etc/ssh/ssh_config.d/clab-ml-85.conf
19:03:20 INFO containerlab version
  🎉=
  │ A newer containerlab version (0.74.3) is available!
  │ Release notes: https://containerlab.dev/rn/0.74/#0743
  │ Run 'clab version upgrade' or see https://containerlab.dev/install/ for other installation options.
[1m╭[0m[1m───────────────[0m[1m┬[0m[1m──────────────────────────────[0m[1m┬[0m[1m─────────[0m[1m┬[0m[1m────────────────[0m[1m╮[0m
[1m│[0m[1m      Name     [0m[1m│[0m[1m          Kind/Image          [0m[1m│[0m[1m  State  [0m[1m│[0m[1m IPv4/6 Address [0m[1m│[0m
[1m├[0m[1m───────────────[0m[1m┼[0m[1m──────────────────────────────[0m[1m┼[0m[1m─────────[0m[1m┼[0m[1m────────────────[0m[1m┤[0m
│ clab-ml-85-h1 │ linux                        │ running │ 192.168.85.101 │
│               │ python:3.13-alpine           │         │ N/A            │
├───────────────┼──────────────────────────────┼─────────┼────────────────┤
│ clab-ml-85-h2 │ linux                        │ running │ 192.168.85.102 │
│               │ python:3.13-alpine           │         │ N/A            │
├───────────────┼──────────────────────────────┼─────────┼────────────────┤
│ clab-ml-85-h3 │ linux                        │ running │ 192.168.85.103 │
│               │ python:3.13-alpine           │         │ N/A            │
├───────────────┼──────────────────────────────┼─────────┼────────────────┤
│ clab-ml-85-h4 │ linux                        │ running │ 192.168.85.104 │
│               │ python:3.13-alpine           │         │ N/A            │
├───────────────┼──────────────────────────────┼─────────┼────────────────┤
│ clab-ml-85-l2 │ linux                        │ running │ 192.168.85.106 │
│               │ quay.io/frrouting/frr:10.6.0 │         │ N/A            │
╰───────────────┴──────────────────────────────┴─────────┴────────────────╯

Initial configuration skipped, run 'netlab initial' to configure the devices
