Creating Device configuration snippets
[CREATED] dut: initial,ospf,bgp,evpn
[CREATED] s1: normalize,initial,vlan,ospf,bgp,vxlan,evpn,_n_s1
[CREATED] s2: normalize,initial,vlan,ospf,bgp,vxlan,evpn
[CREATED] h1: initial,routing
[CREATED] h2: initial,routing
Checking Are lab devices ready to be configured?
 [INFO] Checking SSH server(s) on s1,s2
Config Deploying device configurations
 [INFO] Executing normalize configuration for node s1
 [INFO] Executing normalize configuration for node s2
 [INFO] Executing initial configuration for node h1 (namespace clab-
          ml-85-h1)
 [INFO] Executing initial configuration for node h2 (namespace clab-
          ml-85-h2)
 [INFO] Executing routing configuration for node h2 (namespace clab-
          ml-85-h2)
 [INFO] Executing routing configuration for node h1 (namespace clab-
          ml-85-h1)
 [INFO] Executing initial configuration for node s1
 [INFO] Executing initial configuration for node s2
 [INFO] Executing vlan configuration for node s1
 [INFO] Executing vlan configuration for node s2
 [INFO] Executing ospf configuration for node s1
 [INFO] Executing ospf configuration for node s2
 [INFO] Executing bgp configuration for node s1
 [INFO] Executing bgp configuration for node s2
 [INFO] Executing vxlan configuration for node s1
 [INFO] Executing vxlan configuration for node s2
 [INFO] Executing evpn configuration for node s1
 [INFO] Executing evpn configuration for node s2
 [INFO] Executing _n_s1 configuration for node s1
 [INFO] Starting Ansible playbook to deploy the rest of the
          configurations
[WARNING]: Found variable using reserved name: hosts

PLAY [Deploy initial device configuration] *************************************

TASK [Set variables that cannot be set with VARS] ******************************
ok: [dut]

TASK [Normalize config on bridge-like devices] *********************************
included: /home/pipi/net101/tools/netsim/ansible/tasks/deploy-module.yml for dut

TASK [Figure out whether to deploy the module normalize on current device] *****
ok: [dut]

TASK [Find configuration template for normalize] *******************************
ok: [dut]

TASK [fail] ********************************************************************
skipping: [dut]

TASK [Find configuration deployment deploy_script for normalize] ***************
ok: [dut]

TASK [Print deployed configuration when running in verbose mode] ***************
skipping: [dut]

TASK [Deploy normalize configuration] ******************************************
skipping: [dut]

TASK [Deploy initial configuration] ********************************************
included: /home/pipi/net101/tools/netsim/ansible/tasks/deploy-module.yml for dut

TASK [Figure out whether to deploy the module initial on current device] *******
ok: [dut]

TASK [Find configuration template for initial] *********************************
ok: [dut]

TASK [fail] ********************************************************************
skipping: [dut]

TASK [Find configuration deployment deploy_script for initial] *****************
ok: [dut]

TASK [Print deployed configuration when running in verbose mode] ***************
ok: [dut] => {
    "msg": "initial configuration for dut\n=========================================\nhostname dut\n!\nlldp\n!\n\n\n\ninterface mgmt\n    no lldp transmit\n    no lldp receive\n!\n\n\ninterface loopback 0\n    ip address 10.0.0.1/32\n    ipv6 address 2001:db8:cafe:1::1/64\n    no ipv6 nd suppress-ra\n    ipv6 nd ra min-interval 3\n    ipv6 nd ra max-interval 4\n    no shutdown\n!\n\ninterface 1/1/1\n    shutdown\n    mtu 9198\n    ip mtu 1600\n    description dut -> s1\n    ip address 10.1.0.5/30\n    ipv6 address 2001:db8:1:1::1/64\n    no ipv6 nd suppress-ra\n    ipv6 nd ra min-interval 3\n    ipv6 nd ra max-interval 4\n    no shutdown\n!\n\ninterface 1/1/2\n    shutdown\n    mtu 9198\n    ip mtu 1600\n    description dut -> s2\n    ip address 10.1.0.10/30\n    ipv6 address 2001:db8:1:2::1/64\n    no ipv6 nd suppress-ra\n    ipv6 nd ra min-interval 3\n    ipv6 nd ra max-interval 4\n    no shutdown\n!\n!\n"
}

TASK [Deploy initial configuration] ********************************************
included: /home/pipi/net101/tools/netsim/ansible/tasks/deploy-config/arubacx.yml for dut

TASK [tempfile] ****************************************************************
changed: [dut -> localhost]

TASK [template] ****************************************************************
changed: [dut -> localhost]

TASK [aoscx_config: deploying initial from /work/netlab_cicd/other_vm/node_files/dut/initial] ***
changed: [dut]

TASK [file] ********************************************************************
changed: [dut -> localhost]

PLAY [Deploy module-specific configurations] ***********************************

TASK [Set variables that cannot be set with VARS] ******************************
ok: [dut]

TASK [Deploy individual configuration modules] *********************************
included: /home/pipi/net101/tools/netsim/ansible/tasks/deploy-module.yml for dut => (item=vlan)
included: /home/pipi/net101/tools/netsim/ansible/tasks/deploy-module.yml for dut => (item=routing)
included: /home/pipi/net101/tools/netsim/ansible/tasks/deploy-module.yml for dut => (item=ospf)
included: /home/pipi/net101/tools/netsim/ansible/tasks/deploy-module.yml for dut => (item=bgp)
included: /home/pipi/net101/tools/netsim/ansible/tasks/deploy-module.yml for dut => (item=vxlan)
included: /home/pipi/net101/tools/netsim/ansible/tasks/deploy-module.yml for dut => (item=evpn)

TASK [Figure out whether to deploy the module vlan on current device] **********
ok: [dut]

TASK [Find configuration template for vlan] ************************************
skipping: [dut]

TASK [fail] ********************************************************************
skipping: [dut]

TASK [Find configuration deployment deploy_script for vlan] ********************
skipping: [dut]

TASK [Print deployed configuration when running in verbose mode] ***************
skipping: [dut]

TASK [Deploy vlan configuration] ***********************************************
skipping: [dut]

TASK [Figure out whether to deploy the module routing on current device] *******
ok: [dut]

TASK [Find configuration template for routing] *********************************
skipping: [dut]

TASK [fail] ********************************************************************
skipping: [dut]

TASK [Find configuration deployment deploy_script for routing] *****************
skipping: [dut]

TASK [Print deployed configuration when running in verbose mode] ***************
skipping: [dut]

TASK [Deploy routing configuration] ********************************************
skipping: [dut]

TASK [Figure out whether to deploy the module ospf on current device] **********
ok: [dut]

TASK [Find configuration template for ospf] ************************************
ok: [dut]

TASK [fail] ********************************************************************
skipping: [dut]

TASK [Find configuration deployment deploy_script for ospf] ********************
ok: [dut]

TASK [Print deployed configuration when running in verbose mode] ***************
ok: [dut] => {
    "msg": "ospf configuration for dut\n=========================================\n!\nrouter ospf 1\n    router-id 10.0.0.1\n\n\n\n\n\n    area 0.0.0.0\n    area 0.0.0.0\n    area 0.0.0.0\n\n!\ninterface loopback 0\n    ip ospf 1 area 0.0.0.0\n!\ninterface 1/1/1\n! dut -> s1\n    ip ospf 1 area 0.0.0.0\n    ip ospf network point-to-point\n!\ninterface 1/1/2\n! dut -> s2\n    ip ospf 1 area 0.0.0.0\n    ip ospf network point-to-point\n!\n!\nrouter ospfv3 1\n    router-id 10.0.0.1\n\n\n\n\n    area 0.0.0.0\n    area 0.0.0.0\n    area 0.0.0.0\n\n!\ninterface loopback 0\n ipv6 ospfv3 1 area 0.0.0.0\n!\ninterface 1/1/1\n! dut -> s1\n    ipv6 ospfv3 1 area 0.0.0.0\n    ipv6 ospfv3 network point-to-point\n!\ninterface 1/1/2\n! dut -> s2\n    ipv6 ospfv3 1 area 0.0.0.0\n    ipv6 ospfv3 network point-to-point\n!\n"
}

TASK [Deploy ospf configuration] ***********************************************
included: /home/pipi/net101/tools/netsim/ansible/tasks/deploy-config/arubacx.yml for dut

TASK [tempfile] ****************************************************************
changed: [dut -> localhost]

TASK [template] ****************************************************************
changed: [dut -> localhost]

TASK [aoscx_config: deploying ospf from /work/netlab_cicd/other_vm/node_files/dut/ospf] ***
changed: [dut]

TASK [file] ********************************************************************
changed: [dut -> localhost]

TASK [Figure out whether to deploy the module bgp on current device] ***********
ok: [dut]

TASK [Find configuration template for bgp] *************************************
ok: [dut]

TASK [fail] ********************************************************************
skipping: [dut]

TASK [Find configuration deployment deploy_script for bgp] *********************
ok: [dut]

TASK [Print deployed configuration when running in verbose mode] ***************
ok: [dut] => {
    "msg": "bgp configuration for dut\n=========================================\n!\n!\nrouter bgp 65000\n  bgp log-neighbor-changes\n  timers bgp connect-retry 10\n  bgp router-id 10.0.0.1\n  bgp cluster-id 10.0.0.1\n  neighbor 10.0.0.2 remote-as 65000\n  neighbor 10.0.0.2 description s1\n  neighbor 10.0.0.2 update-source loopback 0\n\n  neighbor 2001:db8:cafe:2::1 remote-as 65000\n  neighbor 2001:db8:cafe:2::1 description s1\n  neighbor 2001:db8:cafe:2::1 update-source loopback 0\n\n  neighbor 10.0.0.3 remote-as 65000\n  neighbor 10.0.0.3 description s2\n  neighbor 10.0.0.3 update-source loopback 0\n\n  neighbor 2001:db8:cafe:3::1 remote-as 65000\n  neighbor 2001:db8:cafe:3::1 description s2\n  neighbor 2001:db8:cafe:3::1 update-source loopback 0\n\n!\n  address-family ipv4 unicast\n!\n  network 10.0.0.1/32\n!\n    neighbor 10.0.0.2 activate\n    neighbor 10.0.0.2 advertisement-interval 1\n    neighbor 10.0.0.2 send-community both\n    neighbor 10.0.0.2 next-hop-self\n    neighbor 10.0.0.2 route-reflector-client\n\n    neighbor 10.0.0.3 activate\n    neighbor 10.0.0.3 advertisement-interval 1\n    neighbor 10.0.0.3 send-community both\n    neighbor 10.0.0.3 next-hop-self\n    neighbor 10.0.0.3 route-reflector-client\n\n  address-family ipv6 unicast\n!\n  network 2001:db8:cafe:1::/64\n!\n    neighbor 2001:db8:cafe:2::1 activate\n    neighbor 2001:db8:cafe:2::1 advertisement-interval 1\n    neighbor 2001:db8:cafe:2::1 send-community both\n    neighbor 2001:db8:cafe:2::1 next-hop-self\n    neighbor 2001:db8:cafe:2::1 route-reflector-client\n\n    neighbor 2001:db8:cafe:3::1 activate\n    neighbor 2001:db8:cafe:3::1 advertisement-interval 1\n    neighbor 2001:db8:cafe:3::1 send-community both\n    neighbor 2001:db8:cafe:3::1 next-hop-self\n    neighbor 2001:db8:cafe:3::1 route-reflector-client\n\n"
}

TASK [Deploy bgp configuration] ************************************************
included: /home/pipi/net101/tools/netsim/ansible/tasks/deploy-config/arubacx.yml for dut

TASK [tempfile] ****************************************************************
changed: [dut -> localhost]

TASK [template] ****************************************************************
changed: [dut -> localhost]

TASK [aoscx_config: deploying bgp from /work/netlab_cicd/other_vm/node_files/dut/bgp] ***
changed: [dut]

TASK [file] ********************************************************************
changed: [dut -> localhost]

TASK [Figure out whether to deploy the module vxlan on current device] *********
ok: [dut]

TASK [Find configuration template for vxlan] ***********************************
skipping: [dut]

TASK [fail] ********************************************************************
skipping: [dut]

TASK [Find configuration deployment deploy_script for vxlan] *******************
skipping: [dut]

TASK [Print deployed configuration when running in verbose mode] ***************
skipping: [dut]

TASK [Deploy vxlan configuration] **********************************************
skipping: [dut]

TASK [Figure out whether to deploy the module evpn on current device] **********
ok: [dut]

TASK [Find configuration template for evpn] ************************************
ok: [dut]

TASK [fail] ********************************************************************
skipping: [dut]

TASK [Find configuration deployment deploy_script for evpn] ********************
ok: [dut]

TASK [Print deployed configuration when running in verbose mode] ***************
ok: [dut] => {
    "msg": "evpn configuration for dut\n=========================================\n!\nrouter bgp 65000\n!\n address-family l2vpn evpn\n  neighbor 10.0.0.2 activate\n  neighbor 10.0.0.2 send-community extended\n  neighbor 10.0.0.2 route-reflector-client\n  neighbor 10.0.0.3 activate\n  neighbor 10.0.0.3 send-community extended\n  neighbor 10.0.0.3 route-reflector-client\n!\n\n\n"
}

TASK [Deploy evpn configuration] ***********************************************
included: /home/pipi/net101/tools/netsim/ansible/tasks/deploy-config/arubacx.yml for dut

TASK [tempfile] ****************************************************************
changed: [dut -> localhost]

TASK [template] ****************************************************************
changed: [dut -> localhost]

TASK [aoscx_config: deploying evpn from /work/netlab_cicd/other_vm/node_files/dut/evpn] ***
changed: [dut]

TASK [file] ********************************************************************
changed: [dut -> localhost]

PLAY [Deploy custom deployment templates] **************************************
skipping: no hosts matched

PLAY RECAP *********************************************************************
dut                        : ok=52   changed=16   unreachable=0    failed=0    skipped=22   rescued=0    ignored=0   

Results of configuration script deployments
================================================================================
s1               Script:  normalize,initial,vlan,ospf,bgp,vxlan,evpn,_n_s1
s2               Script:  normalize,initial,vlan,ospf,bgp,vxlan,evpn
h1               Script:  initial,routing
h2               Script:  initial,routing


The device under test is an EVPN route reflector. It should propagate
EVPN AF routes between PE-devices, resulting in VXLAN-based VLAN
extension.

* h1 and h2 should be able to ping each other

Please note it might take a while for the lab to work due to
STP learning phase

