Creating Device configuration snippets
[CREATED] spine: initial,bgp,evpn
[CREATED] dut: initial,vlan,bgp,vxlan,evpn,bgp.session
[CREATED] l2: initial,vlan,bgp,vxlan,evpn,bgp.session
[CREATED] h1: initial,routing
[CREATED] h2: initial,routing
Config Deploying device configurations
 [INFO] Executing initial configuration for node spine
 [INFO] Executing initial configuration for node l2
 [INFO] Executing initial configuration for node h1 (namespace clab-
          ml-85-h1)
 [INFO] Executing initial configuration for node h2 (namespace clab-
          ml-85-h2)
 [INFO] Executing routing configuration for node h1 (namespace clab-
          ml-85-h1)
 [INFO] Executing routing configuration for node h2 (namespace clab-
          ml-85-h2)
 [INFO] Executing bgp configuration for node spine
 [INFO] Executing vlan configuration for node l2
 [INFO] Executing bgp configuration for node l2
 [INFO] Executing evpn configuration for node spine
 [INFO] Executing vxlan configuration for node l2
 [INFO] Executing evpn configuration for node l2
 [INFO] Executing bgp.session configuration for node l2
 [INFO] Starting Ansible playbook to deploy the rest of the
          configurations
[WARNING]: Found variable using reserved name: hosts

PLAY [Deploy initial device configuration] *************************************

TASK [Set variables that cannot be set with VARS] ******************************
ok: [dut]

TASK [Normalize config on bridge-like devices] *********************************
included: /home/pipi/net101/tools/netsim/ansible/tasks/deploy-module.yml for dut

TASK [Figure out whether to deploy the module normalize on current device] *****
ok: [dut]

TASK [Find configuration template for normalize] *******************************
ok: [dut]

TASK [fail] ********************************************************************
skipping: [dut]

TASK [Find configuration deployment deploy_script for normalize] ***************
ok: [dut]

TASK [Print deployed configuration when running in verbose mode] ***************
skipping: [dut]

TASK [Deploy normalize configuration] ******************************************
skipping: [dut]

TASK [Deploy initial configuration] ********************************************
included: /home/pipi/net101/tools/netsim/ansible/tasks/deploy-module.yml for dut

TASK [Figure out whether to deploy the module initial on current device] *******
ok: [dut]

TASK [Find configuration template for initial] *********************************
ok: [dut]

TASK [fail] ********************************************************************
skipping: [dut]

TASK [Find configuration deployment deploy_script for initial] *****************
ok: [dut]

TASK [Print deployed configuration when running in verbose mode] ***************
ok: [dut] => {
    "msg": "initial configuration for dut\n=========================================\nhostname dut\n!\nlldp\n!\n\n\n!\nvlan 1000\n name red\n!\n\n!\n\n!\ninterface mgmt\n    no lldp transmit\n    no lldp receive\n!\n\n\ninterface loopback 0\n    ip address 10.0.0.2/32\n    no shutdown\n!\n\ninterface 1/1/1\n    shutdown\n    mtu 9198\n    ip mtu 1600\n    description dut -> spine [external]\n    ip address 10.1.0.2/30\n    no shutdown\n!\n\ninterface 1/1/2\n    shutdown\n    mtu 9198\n    description [Access VLAN red] dut -> h1\n    no shutdown\n!\n\ninterface vlan1000\n    description VLAN red (1000) -> [h1,h2,l2]\n    no shutdown\n!\n!\n"
}

TASK [Deploy initial configuration] ********************************************
included: /home/pipi/net101/tools/netsim/ansible/tasks/deploy-config/arubacx.yml for dut

TASK [tempfile] ****************************************************************
changed: [dut -> localhost]

TASK [template] ****************************************************************
changed: [dut -> localhost]

TASK [aoscx_config: deploying initial from /work/netlab_cicd/other_vm/node_files/dut/initial] ***
changed: [dut]

TASK [file] ********************************************************************
changed: [dut -> localhost]

PLAY [Deploy module-specific configurations] ***********************************

TASK [Set variables that cannot be set with VARS] ******************************
ok: [dut]

TASK [Deploy individual configuration modules] *********************************
included: /home/pipi/net101/tools/netsim/ansible/tasks/deploy-module.yml for dut => (item=vlan)
included: /home/pipi/net101/tools/netsim/ansible/tasks/deploy-module.yml for dut => (item=routing)
included: /home/pipi/net101/tools/netsim/ansible/tasks/deploy-module.yml for dut => (item=bgp)
included: /home/pipi/net101/tools/netsim/ansible/tasks/deploy-module.yml for dut => (item=vxlan)
included: /home/pipi/net101/tools/netsim/ansible/tasks/deploy-module.yml for dut => (item=evpn)

TASK [Figure out whether to deploy the module vlan on current device] **********
ok: [dut]

TASK [Find configuration template for vlan] ************************************
ok: [dut]

TASK [fail] ********************************************************************
skipping: [dut]

TASK [Find configuration deployment deploy_script for vlan] ********************
ok: [dut]

TASK [Print deployed configuration when running in verbose mode] ***************
ok: [dut] => {
    "msg": "vlan configuration for dut\n=========================================\n!\n!\ninterface 1/1/2\n no routing\n vlan access 1000\n!\ninterface vlan1000\n"
}

TASK [Deploy vlan configuration] ***********************************************
included: /home/pipi/net101/tools/netsim/ansible/tasks/deploy-config/arubacx.yml for dut

TASK [tempfile] ****************************************************************
changed: [dut -> localhost]

TASK [template] ****************************************************************
changed: [dut -> localhost]

TASK [aoscx_config: deploying vlan from /work/netlab_cicd/other_vm/node_files/dut/vlan] ***
changed: [dut]

TASK [file] ********************************************************************
changed: [dut -> localhost]

TASK [Figure out whether to deploy the module routing on current device] *******
ok: [dut]

TASK [Find configuration template for routing] *********************************
skipping: [dut]

TASK [fail] ********************************************************************
skipping: [dut]

TASK [Find configuration deployment deploy_script for routing] *****************
skipping: [dut]

TASK [Print deployed configuration when running in verbose mode] ***************
skipping: [dut]

TASK [Deploy routing configuration] ********************************************
skipping: [dut]

TASK [Figure out whether to deploy the module bgp on current device] ***********
ok: [dut]

TASK [Find configuration template for bgp] *************************************
ok: [dut]

TASK [fail] ********************************************************************
skipping: [dut]

TASK [Find configuration deployment deploy_script for bgp] *********************
ok: [dut]

TASK [Print deployed configuration when running in verbose mode] ***************
ok: [dut] => {
    "msg": "bgp configuration for dut\n=========================================\n!\n!\nrouter bgp 65200\n  bgp log-neighbor-changes\n  timers bgp connect-retry 10\n  bgp router-id 10.0.0.2\n  neighbor 10.1.0.1 remote-as 65100\n  neighbor 10.1.0.1 description spine\n\n!\n  address-family ipv4 unicast\n!\n  network 10.0.0.2/32\n!\n    neighbor 10.1.0.1 activate\n    neighbor 10.1.0.1 advertisement-interval 1\n    neighbor 10.1.0.1 send-community both\n\n"
}

TASK [Deploy bgp configuration] ************************************************
included: /home/pipi/net101/tools/netsim/ansible/tasks/deploy-config/arubacx.yml for dut

TASK [tempfile] ****************************************************************
changed: [dut -> localhost]

TASK [template] ****************************************************************
changed: [dut -> localhost]

TASK [aoscx_config: deploying bgp from /work/netlab_cicd/other_vm/node_files/dut/bgp] ***
changed: [dut]

TASK [file] ********************************************************************
changed: [dut -> localhost]

TASK [Figure out whether to deploy the module vxlan on current device] *********
ok: [dut]

TASK [Find configuration template for vxlan] ***********************************
ok: [dut]

TASK [fail] ********************************************************************
skipping: [dut]

TASK [Find configuration deployment deploy_script for vxlan] *******************
ok: [dut]

TASK [Print deployed configuration when running in verbose mode] ***************
ok: [dut] => {
    "msg": "vxlan configuration for dut\n=========================================\n!\ninterface vxlan 1\n  source ip 10.0.0.2\n  no shutdown\n  vni 6000\n    vlan 1000\n"
}

TASK [Deploy vxlan configuration] **********************************************
included: /home/pipi/net101/tools/netsim/ansible/tasks/deploy-config/arubacx.yml for dut

TASK [tempfile] ****************************************************************
changed: [dut -> localhost]

TASK [template] ****************************************************************
changed: [dut -> localhost]

TASK [aoscx_config: deploying vxlan from /work/netlab_cicd/other_vm/node_files/dut/vxlan] ***
changed: [dut]

TASK [file] ********************************************************************
changed: [dut -> localhost]

TASK [Figure out whether to deploy the module evpn on current device] **********
ok: [dut]

TASK [Find configuration template for evpn] ************************************
ok: [dut]

TASK [fail] ********************************************************************
skipping: [dut]

TASK [Find configuration deployment deploy_script for evpn] ********************
ok: [dut]

TASK [Print deployed configuration when running in verbose mode] ***************
ok: [dut] => {
    "msg": "evpn configuration for dut\n=========================================\n!\nrouter bgp 65200\n!\n address-family l2vpn evpn\n  neighbor 10.1.0.1 activate\n  neighbor 10.1.0.1 send-community extended\n  neighbor 10.1.0.1 next-hop-unchanged\n!\n\nevpn\n arp-suppression\n redistribute local-mac\n redistribute local-svi\n vlan 1000\n  rd 10.0.0.2:1000\n  route-target import 65000:1000\n  route-target export 65000:1000\n  route-target both 65000:1000\n\n\n"
}

TASK [Deploy evpn configuration] ***********************************************
included: /home/pipi/net101/tools/netsim/ansible/tasks/deploy-config/arubacx.yml for dut

TASK [tempfile] ****************************************************************
changed: [dut -> localhost]

TASK [template] ****************************************************************
changed: [dut -> localhost]

TASK [aoscx_config: deploying evpn from /work/netlab_cicd/other_vm/node_files/dut/evpn] ***
changed: [dut]

TASK [file] ********************************************************************
changed: [dut -> localhost]

PLAY [Deploy custom deployment templates] **************************************

TASK [Run custom configuration deployment scripts] *****************************
included: /home/pipi/net101/tools/netsim/ansible/tasks/deploy-custom-config.yml for dut => (item=bgp.session)

TASK [Find configuration template] *********************************************
ok: [dut]

TASK [fail] ********************************************************************
skipping: [dut]

TASK [Check is the configuration template is a file] ***************************
ok: [dut -> localhost]

TASK [fail] ********************************************************************
skipping: [dut]

TASK [Process template /work/netlab_cicd/other_vm/node_files/dut/bgp.session for dut] ***
skipping: [dut]

TASK [debug] *******************************************************************
skipping: [dut]

TASK [debug] *******************************************************************
skipping: [dut]

TASK [Find custom configuration deployment script] *****************************
ok: [dut]

TASK [Run the configuration deployment script] *********************************
included: /home/pipi/net101/tools/netsim/ansible/tasks/deploy-config/arubacx.yml for dut

TASK [tempfile] ****************************************************************
changed: [dut -> localhost]

TASK [template] ****************************************************************
changed: [dut -> localhost]

TASK [aoscx_config: deploying bgp.session from /work/netlab_cicd/other_vm/node_files/dut/bgp.session] ***
changed: [dut]

TASK [file] ********************************************************************
changed: [dut -> localhost]

PLAY RECAP *********************************************************************
dut                        : ok=67   changed=24   unreachable=0    failed=0    skipped=18   rescued=0    ignored=0   

Results of configuration script deployments
================================================================================
spine            Script:  initial,bgp,evpn
l2               Script:  initial,vlan,bgp,vxlan,evpn,bgp.session
h1               Script:  initial,routing
h2               Script:  initial,routing


The device under test is an EVPN leaf device using EVPN-over-EBGP. It should
generate EVPN AF routes and accepts EBGP EVPN AF routes with the same AS.

* h1 and h2 should be able to ping each other

Please note it might take a while for the lab to work due to
STP learning phase

