Creating Device configuration snippets
[CREATED] spine: initial,bgp,evpn,ebgp.multihop
[CREATED] l1: initial,vlan,bgp,vxlan,evpn,ebgp.multihop
[CREATED] l2: initial,vlan,bgp,vxlan,evpn,ebgp.multihop
[CREATED] h1: initial,routing
[CREATED] h2: initial,routing
Config Deploying device configurations
 [INFO] Executing initial configuration for node l2
 [INFO] Executing initial configuration for node h1 (namespace clab-
          ml-85-h1)
 [INFO] Executing initial configuration for node h2 (namespace clab-
          ml-85-h2)
 [INFO] Executing routing configuration for node h1 (namespace clab-
          ml-85-h1)
 [INFO] Executing routing configuration for node h2 (namespace clab-
          ml-85-h2)
 [INFO] Executing vlan configuration for node l2
 [INFO] Executing bgp configuration for node l2
 [INFO] Executing vxlan configuration for node l2
 [INFO] Executing evpn configuration for node l2
 [INFO] Executing ebgp.multihop configuration for node l2
 [INFO] Starting Ansible playbook to deploy the rest of the
          configurations
[WARNING]: Found variable using reserved name: hosts

PLAY [Deploy initial device configuration] *************************************

TASK [Set variables that cannot be set with VARS] ******************************
ok: [spine]
ok: [l1]

TASK [Normalize config on bridge-like devices] *********************************
included: /home/pipi/net101/tools/netsim/ansible/tasks/deploy-module.yml for spine, l1

TASK [Figure out whether to deploy the module normalize on current device] *****
ok: [spine]
ok: [l1]

TASK [Find configuration template for normalize] *******************************
ok: [spine]
ok: [l1]

TASK [fail] ********************************************************************
skipping: [spine]
skipping: [l1]

TASK [Find configuration deployment deploy_script for normalize] ***************
ok: [spine]
ok: [l1]

TASK [Print deployed configuration when running in verbose mode] ***************
skipping: [spine]
skipping: [l1]

TASK [Deploy normalize configuration] ******************************************
skipping: [spine]
skipping: [l1]

TASK [Deploy initial configuration] ********************************************
included: /home/pipi/net101/tools/netsim/ansible/tasks/deploy-module.yml for spine, l1

TASK [Figure out whether to deploy the module initial on current device] *******
ok: [spine]
ok: [l1]

TASK [Find configuration template for initial] *********************************
ok: [spine]
ok: [l1]

TASK [fail] ********************************************************************
skipping: [spine]
skipping: [l1]

TASK [Find configuration deployment deploy_script for initial] *****************
ok: [spine]
ok: [l1]

TASK [Print deployed configuration when running in verbose mode] ***************
ok: [spine] => {
    "msg": "initial configuration for spine\n=========================================\nhostname spine\n!\nlldp\n!\n\n\n\ninterface mgmt\n    no lldp transmit\n    no lldp receive\n!\n\n\ninterface loopback 0\n    ip address 10.0.0.1/32\n    no shutdown\n!\n\ninterface 1/1/1\n    shutdown\n    mtu 9198\n    ip mtu 1600\n    description spine -> l1 [external]\n    ip address 10.1.0.2/30\n    no shutdown\n!\n\ninterface 1/1/2\n    shutdown\n    mtu 9198\n    ip mtu 1600\n    description spine -> l2 [external]\n    ip address 10.1.0.6/30\n    no shutdown\n!\n!\n"
}
ok: [l1] => {
    "msg": "initial configuration for l1\n=========================================\nhostname l1\n!\nlldp\n!\n\n\n!\nvlan 1000\n name red\n!\n\n!\n\n!\ninterface mgmt\n    no lldp transmit\n    no lldp receive\n!\n\n\ninterface loopback 0\n    ip address 10.0.0.2/32\n    no shutdown\n!\n\ninterface 1/1/1\n    shutdown\n    mtu 9198\n    ip mtu 1600\n    description l1 -> spine [external]\n    ip address 10.1.0.1/30\n    no shutdown\n!\n\ninterface 1/1/2\n    shutdown\n    mtu 9198\n    description [Access VLAN red] l1 -> h1\n    no shutdown\n!\n\ninterface vlan1000\n    description VLAN red (1000) -> [h1,h2,l2] [external]\n    no shutdown\n!\n!\n"
}

TASK [Deploy initial configuration] ********************************************
included: /home/pipi/net101/tools/netsim/ansible/tasks/deploy-config/arubacx.yml for spine, l1

TASK [tempfile] ****************************************************************
changed: [l1 -> localhost]
changed: [spine -> localhost]

TASK [template] ****************************************************************
changed: [spine -> localhost]
changed: [l1 -> localhost]

TASK [aoscx_config: deploying initial from /work/netlab_cicd/other_vm/node_files/spine/initial] ***
changed: [spine]
changed: [l1]

TASK [file] ********************************************************************
changed: [spine -> localhost]
changed: [l1 -> localhost]

PLAY [Deploy module-specific configurations] ***********************************

TASK [Set variables that cannot be set with VARS] ******************************
ok: [spine]
ok: [l1]

TASK [Deploy individual configuration modules] *********************************
included: /home/pipi/net101/tools/netsim/ansible/tasks/deploy-module.yml for spine, l1 => (item=vlan)
included: /home/pipi/net101/tools/netsim/ansible/tasks/deploy-module.yml for spine, l1 => (item=routing)
included: /home/pipi/net101/tools/netsim/ansible/tasks/deploy-module.yml for spine, l1 => (item=bgp)
included: /home/pipi/net101/tools/netsim/ansible/tasks/deploy-module.yml for spine, l1 => (item=vxlan)
included: /home/pipi/net101/tools/netsim/ansible/tasks/deploy-module.yml for spine, l1 => (item=evpn)

TASK [Figure out whether to deploy the module vlan on current device] **********
ok: [spine]
ok: [l1]

TASK [Find configuration template for vlan] ************************************
skipping: [spine]
ok: [l1]

TASK [fail] ********************************************************************
skipping: [spine]
skipping: [l1]

TASK [Find configuration deployment deploy_script for vlan] ********************
skipping: [spine]
ok: [l1]

TASK [Print deployed configuration when running in verbose mode] ***************
skipping: [spine]
ok: [l1] => {
    "msg": "vlan configuration for l1\n=========================================\n!\n!\ninterface 1/1/2\n no routing\n vlan access 1000\n!\ninterface vlan1000\n"
}

TASK [Deploy vlan configuration] ***********************************************
skipping: [spine]
included: /home/pipi/net101/tools/netsim/ansible/tasks/deploy-config/arubacx.yml for l1

TASK [tempfile] ****************************************************************
changed: [l1 -> localhost]

TASK [template] ****************************************************************
changed: [l1 -> localhost]

TASK [aoscx_config: deploying vlan from /work/netlab_cicd/other_vm/node_files/l1/vlan] ***
changed: [l1]

TASK [file] ********************************************************************
changed: [l1 -> localhost]

TASK [Figure out whether to deploy the module routing on current device] *******
ok: [spine]
ok: [l1]

TASK [Find configuration template for routing] *********************************
skipping: [spine]
skipping: [l1]

TASK [fail] ********************************************************************
skipping: [spine]
skipping: [l1]

TASK [Find configuration deployment deploy_script for routing] *****************
skipping: [spine]
skipping: [l1]

TASK [Print deployed configuration when running in verbose mode] ***************
skipping: [spine]
skipping: [l1]

TASK [Deploy routing configuration] ********************************************
skipping: [spine]
skipping: [l1]

TASK [Figure out whether to deploy the module bgp on current device] ***********
ok: [spine]
ok: [l1]

TASK [Find configuration template for bgp] *************************************
ok: [spine]
ok: [l1]

TASK [fail] ********************************************************************
skipping: [spine]
skipping: [l1]

TASK [Find configuration deployment deploy_script for bgp] *********************
ok: [spine]
ok: [l1]

TASK [Print deployed configuration when running in verbose mode] ***************
ok: [l1] => {
    "msg": "bgp configuration for l1\n=========================================\n!\n!\nrouter bgp 65200\n  bgp log-neighbor-changes\n  timers bgp connect-retry 10\n  bgp router-id 10.0.0.2\n  neighbor 10.1.0.2 remote-as 65100\n  neighbor 10.1.0.2 description spine\n\n  neighbor 10.0.0.1 remote-as 65100\n  neighbor 10.0.0.1 description spine\n  neighbor 10.0.0.1 update-source loopback 0\n\n!\n  address-family ipv4 unicast\n!\n  network 10.0.0.2/32\n!\n    neighbor 10.1.0.2 activate\n    neighbor 10.1.0.2 advertisement-interval 1\n    neighbor 10.1.0.2 send-community both\n\n"
}
ok: [spine] => {
    "msg": "bgp configuration for spine\n=========================================\n!\n!\nrouter bgp 65100\n  bgp log-neighbor-changes\n  timers bgp connect-retry 10\n  bgp router-id 10.0.0.1\n  neighbor 10.1.0.1 remote-as 65200\n  neighbor 10.1.0.1 description l1\n\n  neighbor 10.1.0.5 remote-as 65201\n  neighbor 10.1.0.5 description l2\n\n  neighbor 10.0.0.2 remote-as 65200\n  neighbor 10.0.0.2 description l1\n  neighbor 10.0.0.2 update-source loopback 0\n\n  neighbor 10.0.0.3 remote-as 65201\n  neighbor 10.0.0.3 description l2\n  neighbor 10.0.0.3 update-source loopback 0\n\n!\n  address-family ipv4 unicast\n!\n  network 10.0.0.1/32\n!\n    neighbor 10.1.0.1 activate\n    neighbor 10.1.0.1 advertisement-interval 1\n    neighbor 10.1.0.1 send-community both\n\n    neighbor 10.1.0.5 activate\n    neighbor 10.1.0.5 advertisement-interval 1\n    neighbor 10.1.0.5 send-community both\n\n"
}

TASK [Deploy bgp configuration] ************************************************
included: /home/pipi/net101/tools/netsim/ansible/tasks/deploy-config/arubacx.yml for spine, l1

TASK [tempfile] ****************************************************************
changed: [spine -> localhost]
changed: [l1 -> localhost]

TASK [template] ****************************************************************
changed: [l1 -> localhost]
changed: [spine -> localhost]

TASK [aoscx_config: deploying bgp from /work/netlab_cicd/other_vm/node_files/spine/bgp] ***
changed: [l1]
changed: [spine]

TASK [file] ********************************************************************
changed: [spine -> localhost]
changed: [l1 -> localhost]

TASK [Figure out whether to deploy the module vxlan on current device] *********
ok: [spine]
ok: [l1]

TASK [Find configuration template for vxlan] ***********************************
skipping: [spine]
ok: [l1]

TASK [fail] ********************************************************************
skipping: [spine]
skipping: [l1]

TASK [Find configuration deployment deploy_script for vxlan] *******************
skipping: [spine]
ok: [l1]

TASK [Print deployed configuration when running in verbose mode] ***************
skipping: [spine]
ok: [l1] => {
    "msg": "vxlan configuration for l1\n=========================================\n!\ninterface vxlan 1\n  source ip 10.0.0.2\n  no shutdown\n  vni 6000\n    vlan 1000\n"
}

TASK [Deploy vxlan configuration] **********************************************
skipping: [spine]
included: /home/pipi/net101/tools/netsim/ansible/tasks/deploy-config/arubacx.yml for l1

TASK [tempfile] ****************************************************************
changed: [l1 -> localhost]

TASK [template] ****************************************************************
changed: [l1 -> localhost]

TASK [aoscx_config: deploying vxlan from /work/netlab_cicd/other_vm/node_files/l1/vxlan] ***
changed: [l1]

TASK [file] ********************************************************************
changed: [l1 -> localhost]

TASK [Figure out whether to deploy the module evpn on current device] **********
ok: [l1]
ok: [spine]

TASK [Find configuration template for evpn] ************************************
ok: [l1]
ok: [spine]

TASK [fail] ********************************************************************
skipping: [spine]
skipping: [l1]

TASK [Find configuration deployment deploy_script for evpn] ********************
ok: [l1]
ok: [spine]

TASK [Print deployed configuration when running in verbose mode] ***************
ok: [spine] => {
    "msg": "evpn configuration for spine\n=========================================\n!\nrouter bgp 65100\n!\n address-family l2vpn evpn\n  neighbor 10.0.0.2 activate\n  neighbor 10.0.0.2 send-community extended\n  neighbor 10.0.0.2 next-hop-unchanged\n  neighbor 10.0.0.3 activate\n  neighbor 10.0.0.3 send-community extended\n  neighbor 10.0.0.3 next-hop-unchanged\n!\n\n\n"
}
ok: [l1] => {
    "msg": "evpn configuration for l1\n=========================================\n!\nrouter bgp 65200\n!\n address-family l2vpn evpn\n  neighbor 10.0.0.1 activate\n  neighbor 10.0.0.1 send-community extended\n  neighbor 10.0.0.1 next-hop-unchanged\n!\n\nevpn\n arp-suppression\n redistribute local-mac\n redistribute local-svi\n vlan 1000\n  rd 10.0.0.2:1000\n  route-target import 65000:1000\n  route-target export 65000:1000\n  route-target both 65000:1000\n\n\n"
}

TASK [Deploy evpn configuration] ***********************************************
included: /home/pipi/net101/tools/netsim/ansible/tasks/deploy-config/arubacx.yml for spine, l1

TASK [tempfile] ****************************************************************
changed: [spine -> localhost]
changed: [l1 -> localhost]

TASK [template] ****************************************************************
changed: [spine -> localhost]
changed: [l1 -> localhost]

TASK [aoscx_config: deploying evpn from /work/netlab_cicd/other_vm/node_files/spine/evpn] ***
changed: [spine]
changed: [l1]

TASK [file] ********************************************************************
changed: [spine -> localhost]
changed: [l1 -> localhost]

PLAY [Deploy custom deployment templates] **************************************

TASK [Run custom configuration deployment scripts] *****************************
included: /home/pipi/net101/tools/netsim/ansible/tasks/deploy-custom-config.yml for spine, l1 => (item=ebgp.multihop)

TASK [Find configuration template] *********************************************
ok: [spine]
ok: [l1]

TASK [fail] ********************************************************************
skipping: [spine]
skipping: [l1]

TASK [Check is the configuration template is a file] ***************************
ok: [spine -> localhost]
ok: [l1 -> localhost]

TASK [fail] ********************************************************************
skipping: [spine]
skipping: [l1]

TASK [Process template /work/netlab_cicd/other_vm/node_files/spine/ebgp.multihop for spine] ***
skipping: [spine]
skipping: [l1]

TASK [debug] *******************************************************************
skipping: [spine]
skipping: [l1]

TASK [debug] *******************************************************************
skipping: [spine]
skipping: [l1]

TASK [Find custom configuration deployment script] *****************************
ok: [spine]
ok: [l1]

TASK [Run the configuration deployment script] *********************************
included: /home/pipi/net101/tools/netsim/ansible/tasks/deploy-config/arubacx.yml for spine, l1

TASK [tempfile] ****************************************************************
changed: [spine -> localhost]
changed: [l1 -> localhost]

TASK [template] ****************************************************************
changed: [spine -> localhost]
changed: [l1 -> localhost]

TASK [aoscx_config: deploying ebgp.multihop from /work/netlab_cicd/other_vm/node_files/spine/ebgp.multihop] ***
changed: [l1]
changed: [spine]

TASK [file] ********************************************************************
changed: [spine -> localhost]
changed: [l1 -> localhost]

PLAY RECAP *********************************************************************
l1                         : ok=67   changed=24   unreachable=0    failed=0    skipped=18   rescued=0    ignored=0   
spine                      : ok=51   changed=16   unreachable=0    failed=0    skipped=26   rescued=0    ignored=0   

Results of configuration script deployments
================================================================================
l2               Script:  initial,vlan,bgp,vxlan,evpn,ebgp.multihop
h1               Script:  initial,routing
h2               Script:  initial,routing


The devices under test are EVPN switches (leaf and spine) using
EVPN-over-multihop-EBGP. The leaf switch should generate and accept EVPN AF
routes, and the spine switch should propagate them without changing the BGP
next hop.

* h1 and h2 should be able to ping each other

Please note it might take a while for the lab to work due to
STP learning phase

