Using transformed lab topology from snapshot file netlab.snapshot.pickle
Checking virtualization provider installation
OK: libvirt installed and working correctly
OK: clab installed and working correctly
Starting libvirt nodes
creating libvirt management network nl_mgmt_17
provider libvirt: executing flock -E 42 /tmp/netlab.lock vagrant up --provider libvirt
Bringing machine 'dut' up with 'libvirt' provider...
Bringing machine 'xs' up with 'libvirt' provider...
==> xs: Checking if box 'netlab/frr' version '10.5.1' is up to date...
[fog][WARNING] Unrecognized arguments: libvirt_ip_command
==> dut: Checking if box 'arista/veos' version '4.34.2F' is up to date...
[fog][WARNING] Unrecognized arguments: libvirt_ip_command
==> xs: Creating image (snapshot of base box volume).
==> dut: Creating image (snapshot of base box volume).
==> xs: Creating domain with the following settings...
==> dut: Creating domain with the following settings...
==> xs:  -- Name:              ml-17_xs
==> dut:  -- Name:              ml-17_dut
==> xs:  -- Description:       Source: /work/netlab_cicd/Vagrantfile
==> dut:  -- Description:       Source: /work/netlab_cicd/Vagrantfile
==> xs:  -- Domain type:       kvm
==> dut:  -- Domain type:       kvm
==> xs:  -- Cpus:              1
==> dut:  -- Cpus:              2
==> xs:  -- Feature:           acpi
==> dut:  -- Feature:           acpi
==> xs:  -- Feature:           apic
==> dut:  -- Feature:           apic
==> xs:  -- Feature:           pae
==> dut:  -- Feature:           pae
==> xs:  -- Clock offset:      utc
==> dut:  -- Clock offset:      utc
==> xs:  -- Memory:            1024M
==> dut:  -- Memory:            2048M
==> xs:  -- Management MAC:    ca:fe:00:06:00:00
==> dut:  -- Management MAC:    ca:fe:00:05:00:00
==> xs:  -- Base box:          netlab/frr
==> dut:  -- Base box:          arista/veos
==> xs:  -- Storage pool:      default
==> dut:  -- Storage pool:      default
==> xs:  -- Image(vda):        /var/lib/libvirt/images/ml-17_xs.img, virtio, 3G
==> dut:  -- Image(vda):        /var/lib/libvirt/images/ml-17_dut.img, ide, 5G
==> xs:  -- Disk driver opts:  cache='default'
==> dut:  -- Disk driver opts:  cache='default'
==> xs:  -- Graphics Type:     vnc
==> dut:  -- Graphics Type:     vnc
==> xs:  -- Video Type:        cirrus
==> dut:  -- Video Type:        cirrus
==> xs:  -- Video VRAM:        16384
==> dut:  -- Video VRAM:        16384
==> xs:  -- Video 3D accel:    false
==> dut:  -- Video 3D accel:    false
==> xs:  -- Keymap:            en-us
==> dut:  -- Keymap:            en-us
==> xs:  -- TPM Backend:       passthrough
==> dut:  -- TPM Backend:       passthrough
==> xs:  -- INPUT:             type=mouse, bus=ps2
==> dut:  -- INPUT:             type=mouse, bus=ps2
==> dut: Creating shared folders metadata...
==> xs: Creating shared folders metadata...
==> dut: Starting domain.
==> xs: Starting domain.
==> xs: Domain launching with graphics connection settings...
==> dut: Domain launching with graphics connection settings...
==> xs:  -- Graphics Port:      5900
==> dut:  -- Graphics Port:      5901
==> xs:  -- Graphics IP:        127.0.0.1
==> dut:  -- Graphics IP:        127.0.0.1
==> xs:  -- Graphics Password:  Not defined
==> dut:  -- Graphics Password:  Not defined
==> xs:  -- Graphics Websocket: 5700
==> dut:  -- Graphics Websocket: 5701
==> xs: Waiting for domain to get an IP address...
==> dut: Waiting for domain to get an IP address...
==> xs: Waiting for machine to boot. This may take a few minutes...
    xs: SSH address: 192.168.17.106:22
    xs: SSH username: vagrant
    xs: SSH auth method: private key
    xs: 
    xs: Vagrant insecure key detected. Vagrant will automatically replace
    xs: this with a newly generated keypair for better security.
    xs: 
    xs: Inserting generated public key within guest...
    xs: Removing insecure key from the guest if it's present...
    xs: Key inserted! Disconnecting and reconnecting using new SSH key...
==> xs: Machine booted and ready!
==> xs: Running provisioner: shell...
    xs: Running: inline script
    xs: Setting password for user Vagrant
    xs: Enabling SSH password authentication
    xs: /usr/lib/frr/frrinit.sh
    xs: FRR already installed, skipping installation
==> dut: Waiting for machine to boot. This may take a few minutes...
    dut: SSH address: 192.168.17.105:22
    dut: SSH username: vagrant
    dut: SSH auth method: private key
    dut: Warning: Connection refused. Retrying...
==> dut: Machine booted and ready!
Starting clab nodes
Recreating clab-augment.yml configuration file for clab provider
Created provider configuration file: clab-augment.yml
provider clab: executing flock -E 42 /tmp/netlab.lock sudo -E containerlab deploy --reconfigure -t clab-augment.yml
17:48:29 INFO Containerlab started version=0.75.0
17:48:29 INFO Parsing & checking topology file=clab-augment.yml
17:48:29 INFO Removing directory path=/work/netlab_cicd/clab-ml-17
17:48:29 INFO Creating docker network name=nl_mgmt_17 IPv4 subnet=192.168.17.0/24 IPv6 subnet="" MTU=0
17:48:29 INFO Creating lab directory path=/work/netlab_cicd/clab-ml-17
17:48:29 INFO Creating container name=h2
17:48:29 INFO Creating container name=h3
17:48:29 INFO Creating container name=h4
17:48:29 INFO Creating container name=h1
17:48:30 INFO Created link: h1:eth1 ▪┄┄▪ virbr3:bni17n1i1
17:48:30 INFO Created link: h3:eth1 ▪┄┄▪ virbr1:bni17n3i1
17:48:30 INFO Created link: h2:eth1 ▪┄┄▪ virbr2:bni17n2i1
17:48:30 INFO Created link: h4:eth1 ▪┄┄▪ virbr4:bni17n4i1
17:48:30 INFO Adding host entries path=/etc/hosts
17:48:30 INFO Adding SSH config for nodes path=/etc/ssh/ssh_config.d/clab-ml-17.conf
17:48:30 INFO containerlab version
  🎉=
  │ A newer containerlab version (0.76.0) is available!
  │ Release notes: https://containerlab.dev/rn/0.76/
  │ Run 'clab version upgrade' or see https://containerlab.dev/install/ for other installation options.
[1m╭[0m[1m───────────────[0m[1m┬[0m[1m────────────────────[0m[1m┬[0m[1m─────────[0m[1m┬[0m[1m────────────────[0m[1m╮[0m
[1m│[0m[1m      Name     [0m[1m│[0m[1m     Kind/Image     [0m[1m│[0m[1m  State  [0m[1m│[0m[1m IPv4/6 Address [0m[1m│[0m
[1m├[0m[1m───────────────[0m[1m┼[0m[1m────────────────────[0m[1m┼[0m[1m─────────[0m[1m┼[0m[1m────────────────[0m[1m┤[0m
│ clab-ml-17-h1 │ linux              │ running │ 192.168.17.101 │
│               │ python:3.13-alpine │         │ N/A            │
├───────────────┼────────────────────┼─────────┼────────────────┤
│ clab-ml-17-h2 │ linux              │ running │ 192.168.17.102 │
│               │ python:3.13-alpine │         │ N/A            │
├───────────────┼────────────────────┼─────────┼────────────────┤
│ clab-ml-17-h3 │ linux              │ running │ 192.168.17.103 │
│               │ python:3.13-alpine │         │ N/A            │
├───────────────┼────────────────────┼─────────┼────────────────┤
│ clab-ml-17-h4 │ linux              │ running │ 192.168.17.104 │
│               │ python:3.13-alpine │         │ N/A            │
╰───────────────┴────────────────────┴─────────┴────────────────╯

Initial configuration skipped, run 'netlab initial' to configure the devices
