Using transformed lab topology from snapshot file netlab.snapshot.pickle
Checking virtualization provider installation
OK: libvirt installed and working correctly
OK: clab installed and working correctly
Starting libvirt nodes
creating libvirt management network nl_mgmt_17
provider libvirt: executing flock -E 42 /tmp/netlab.lock vagrant up --provider libvirt
Bringing machine 'dut' up with 'libvirt' provider...
Bringing machine 'xr' up with 'libvirt' provider...
==> dut: Checking if box 'arista/veos' version '4.34.2F' is up to date...
[fog][WARNING] Unrecognized arguments: libvirt_ip_command
==> dut: Creating image (snapshot of base box volume).
==> dut: Creating domain with the following settings...
==> dut:  -- Name:              ml-17_dut
==> xr: Checking if box 'netlab/frr' version '10.5.1' is up to date...
==> dut:  -- Description:       Source: /work/netlab_cicd/Vagrantfile
==> dut:  -- Domain type:       kvm
[fog][WARNING] Unrecognized arguments: libvirt_ip_command
==> dut:  -- Cpus:              2
==> xr: Creating image (snapshot of base box volume).
==> xr: Creating domain with the following settings...
==> dut:  -- Feature:           acpi
==> xr:  -- Name:              ml-17_xr
==> dut:  -- Feature:           apic
==> xr:  -- Description:       Source: /work/netlab_cicd/Vagrantfile
==> dut:  -- Feature:           pae
==> xr:  -- Domain type:       kvm
==> dut:  -- Clock offset:      utc
==> xr:  -- Cpus:              1
==> dut:  -- Memory:            2048M
==> xr:  -- Feature:           acpi
==> dut:  -- Management MAC:    ca:fe:00:03:00:00
==> xr:  -- Feature:           apic
==> dut:  -- Base box:          arista/veos
==> xr:  -- Feature:           pae
==> dut:  -- Storage pool:      default
==> xr:  -- Clock offset:      utc
==> dut:  -- Image(vda):        /var/lib/libvirt/images/ml-17_dut.img, ide, 5G
==> xr:  -- Memory:            1024M
==> dut:  -- Disk driver opts:  cache='default'
==> xr:  -- Management MAC:    ca:fe:00:04:00:00
==> dut:  -- Graphics Type:     vnc
==> xr:  -- Base box:          netlab/frr
==> dut:  -- Video Type:        cirrus
==> xr:  -- Storage pool:      default
==> dut:  -- Video VRAM:        16384
==> xr:  -- Image(vda):        /var/lib/libvirt/images/ml-17_xr.img, virtio, 3G
==> dut:  -- Video 3D accel:    false
==> xr:  -- Disk driver opts:  cache='default'
==> dut:  -- Keymap:            en-us
==> xr:  -- Graphics Type:     vnc
==> dut:  -- TPM Backend:       passthrough
==> xr:  -- Video Type:        cirrus
==> dut:  -- INPUT:             type=mouse, bus=ps2
==> xr:  -- Video VRAM:        16384
==> xr:  -- Video 3D accel:    false
==> xr:  -- Keymap:            en-us
==> xr:  -- TPM Backend:       passthrough
==> xr:  -- INPUT:             type=mouse, bus=ps2
==> dut: Creating shared folders metadata...
==> xr: Creating shared folders metadata...
==> xr: Starting domain.
==> dut: Starting domain.
==> xr: Domain launching with graphics connection settings...
==> dut: Domain launching with graphics connection settings...
==> xr:  -- Graphics Port:      5900
==> dut:  -- Graphics Port:      5901
==> xr:  -- Graphics IP:        127.0.0.1
==> dut:  -- Graphics IP:        127.0.0.1
==> xr:  -- Graphics Password:  Not defined
==> dut:  -- Graphics Password:  Not defined
==> xr:  -- Graphics Websocket: 5700
==> dut:  -- Graphics Websocket: 5701
==> xr: Waiting for domain to get an IP address...
==> dut: Waiting for domain to get an IP address...
==> xr: Waiting for machine to boot. This may take a few minutes...
    xr: SSH address: 192.168.17.104:22
    xr: SSH username: vagrant
    xr: SSH auth method: private key
    xr: 
    xr: Vagrant insecure key detected. Vagrant will automatically replace
    xr: this with a newly generated keypair for better security.
    xr: 
    xr: Inserting generated public key within guest...
    xr: Removing insecure key from the guest if it's present...
    xr: Key inserted! Disconnecting and reconnecting using new SSH key...
==> xr: Machine booted and ready!
==> xr: Running provisioner: shell...
    xr: Running: inline script
    xr: Setting password for user Vagrant
    xr: Enabling SSH password authentication
    xr: /usr/lib/frr/frrinit.sh
    xr: FRR already installed, skipping installation
==> dut: Waiting for machine to boot. This may take a few minutes...
    dut: SSH address: 192.168.17.103:22
    dut: SSH username: vagrant
    dut: SSH auth method: private key
==> dut: Machine booted and ready!
Starting clab nodes
Recreating clab-augment.yml configuration file for clab provider
Created provider configuration file: clab-augment.yml
provider clab: executing flock -E 42 /tmp/netlab.lock sudo -E containerlab deploy --reconfigure -t clab-augment.yml
17:52:49 INFO Containerlab started version=0.75.0
17:52:49 INFO Parsing & checking topology file=clab-augment.yml
17:52:49 INFO Removing directory path=/work/netlab_cicd/clab-ml-17
17:52:49 INFO Creating docker network name=nl_mgmt_17 IPv4 subnet=192.168.17.0/24 IPv6 subnet="" MTU=0
17:52:49 INFO Creating lab directory path=/work/netlab_cicd/clab-ml-17
17:52:49 INFO Creating container name=h1
17:52:49 INFO Creating container name=h2
17:52:50 INFO Created link: h2:eth1 ▪┄┄▪ virbr1:bni17n2i1
17:52:50 INFO Created link: h1:eth1 ▪┄┄▪ virbr3:bni17n1i1
17:52:50 INFO Adding host entries path=/etc/hosts
17:52:50 INFO Adding SSH config for nodes path=/etc/ssh/ssh_config.d/clab-ml-17.conf
17:52:53 INFO Failed fetching latest version information
[1m╭[0m[1m───────────────[0m[1m┬[0m[1m────────────────────[0m[1m┬[0m[1m─────────[0m[1m┬[0m[1m────────────────[0m[1m╮[0m
[1m│[0m[1m      Name     [0m[1m│[0m[1m     Kind/Image     [0m[1m│[0m[1m  State  [0m[1m│[0m[1m IPv4/6 Address [0m[1m│[0m
[1m├[0m[1m───────────────[0m[1m┼[0m[1m────────────────────[0m[1m┼[0m[1m─────────[0m[1m┼[0m[1m────────────────[0m[1m┤[0m
│ clab-ml-17-h1 │ linux              │ running │ 192.168.17.101 │
│               │ python:3.13-alpine │         │ N/A            │
├───────────────┼────────────────────┼─────────┼────────────────┤
│ clab-ml-17-h2 │ linux              │ running │ 192.168.17.102 │
│               │ python:3.13-alpine │         │ N/A            │
╰───────────────┴────────────────────┴─────────┴────────────────╯

Initial configuration skipped, run 'netlab initial' to configure the devices
