Creating Device configuration snippets
[CREATED] dut_s1: normalize,initial,lag,vlan
[CREATED] dut_s2: normalize,initial,lag,vlan
[CREATED] x1: normalize,initial,lag,vlan
[CREATED] h1: initial,routing
[CREATED] h2: initial,routing
[CREATED] h3: initial,routing
Config Normalizing device configurations
[WARNING]: Found variable using reserved name: hosts

PLAY [Normalize device configurations] *****************************************

TASK [Set variables that cannot be set with VARS] ******************************
ok: [dut_s1]
ok: [dut_s2]
ok: [x1]

TASK [Normalize config on bridge-like devices] *********************************
included: /home/pipi/netlab_gh/netsim/ansible/tasks/deploy-module.yml for dut_s1, dut_s2, x1

TASK [Figure out whether to deploy the module normalize on current device] *****
ok: [dut_s1]
ok: [x1]
ok: [dut_s2]

TASK [Find configuration template for normalize] *******************************
ok: [dut_s1]
ok: [dut_s2]
ok: [x1]

TASK [fail] ********************************************************************
skipping: [dut_s1]
skipping: [dut_s2]
skipping: [x1]

TASK [Find configuration deployment deploy_script for normalize] ***************
ok: [dut_s1]
ok: [dut_s2]
ok: [x1]

TASK [Print deployed configuration when running in verbose mode] ***************
ok: [dut_s1] => {
    "msg": "normalize configuration for dut_s1\n=========================================\n!\ninterface Ethernet1\n shutdown\n mac-address caf0.0001.0001\n!\ninterface Ethernet2\n shutdown\n mac-address caf0.0001.0002\n!\ninterface Ethernet3\n shutdown\n"
}
ok: [dut_s2] => {
    "msg": "normalize configuration for dut_s2\n=========================================\n!\ninterface Ethernet1\n shutdown\n mac-address caf0.0002.0001\n!\ninterface Ethernet2\n shutdown\n mac-address caf0.0002.0002\n!\ninterface Ethernet3\n shutdown\n"
}
ok: [x1] => {
    "msg": "normalize configuration for x1\n=========================================\n!\ninterface Ethernet1\n shutdown\n mac-address caf0.0003.0001\n!\ninterface Ethernet2\n shutdown\n mac-address caf0.0003.0002\n!\ninterface Ethernet3\n shutdown\n"
}

TASK [Deploy normalize configuration] ******************************************
included: /home/pipi/netlab_gh/netsim/ansible/tasks/deploy-config/eos.yml for dut_s1, x1, dut_s2

TASK [eos_config: deploying normalize from /work/netlab_cicd/node_files/dut_s1/normalize] ***
[WARNING]: To ensure idempotency and correct diff the input configuration lines
should be similar to how they appear if present in the running configuration on
device including the indentation
changed: [x1]
changed: [dut_s1]
changed: [dut_s2]

PLAY RECAP *********************************************************************
dut_s1                     : ok=8    changed=1    unreachable=0    failed=0    skipped=1    rescued=0    ignored=0   
dut_s2                     : ok=8    changed=1    unreachable=0    failed=0    skipped=1    rescued=0    ignored=0   
x1                         : ok=8    changed=1    unreachable=0    failed=0    skipped=1    rescued=0    ignored=0   

Config Deploying device configurations
 [INFO] Executing initial configuration for node h1 (namespace clab-
          ml-17-h1)
 [INFO] Executing initial configuration for node h2 (namespace clab-
          ml-17-h2)
 [INFO] Executing initial configuration for node h3 (namespace clab-
          ml-17-h3)
 [INFO] Executing routing configuration for node h2 (namespace clab-
          ml-17-h2)
 [INFO] Executing routing configuration for node h3 (namespace clab-
          ml-17-h3)
 [INFO] Executing routing configuration for node h1 (namespace clab-
          ml-17-h1)
 [INFO] Starting Ansible playbook to deploy the rest of the
          configurations
[WARNING]: Found variable using reserved name: hosts

PLAY [Deploy initial device configuration] *************************************

TASK [Set variables that cannot be set with VARS] ******************************
ok: [dut_s1]
ok: [x1]
ok: [dut_s2]

TASK [Deploy initial configuration] ********************************************
included: /home/pipi/netlab_gh/netsim/ansible/tasks/deploy-module.yml for dut_s1, dut_s2, x1

TASK [Figure out whether to deploy the module initial on current device] *******
ok: [dut_s1]
ok: [dut_s2]
ok: [x1]

TASK [Find configuration template for initial] *********************************
ok: [dut_s1]
ok: [x1]
ok: [dut_s2]

TASK [fail] ********************************************************************
skipping: [dut_s1]
skipping: [dut_s2]
skipping: [x1]

TASK [Find configuration deployment deploy_script for initial] *****************
ok: [dut_s1]
ok: [x1]
ok: [dut_s2]

TASK [Print deployed configuration when running in verbose mode] ***************
ok: [dut_s1] => {
    "msg": "initial configuration for dut_s1\n=========================================\nhostname dut-s1\n!\nlogging monitor debugging\naaa authorization exec default local\n!\nlldp run\nip routing\nno ipv6 unicast-routing\n!\n!\nip host duts2 10.0.0.2 172.16.0.2\nip host h1 172.16.0.4\nip host h2 172.16.0.5\nip host h3 172.16.0.6\nip host x1 10.0.0.3 172.16.0.3\n!\ninterface Management1\n no lldp transmit\n no lldp receive\n!\ninterface Loopback0\n ip address 10.0.0.1/32\n!\ninterface Ethernet1\n no switchport\n description dut_s1 -> dut_s2\n mac-address caf0.0001.0001\n!\n no shutdown\n!\ninterface port-channel1\n no switchport\n description [Access VLAN red] dut_s1 -> [x1,dut_s2]\n!\ninterface Ethernet2\n no switchport\n description dut_s1 -> x1\n mac-address caf0.0001.0002\n!\n no shutdown\n!\ninterface Ethernet3\n no switchport\n description [Access VLAN red] dut_s1 -> h2\n!\n no shutdown\n!\ninterface Vlan1000\n description VLAN red (1000) -> [h2,h3,dut_s2,h1,x1]\n ip address 172.16.0.1/24\n!\n"
}
ok: [x1] => {
    "msg": "initial configuration for x1\n=========================================\nhostname x1\n!\nlogging monitor debugging\naaa authorization exec default local\n!\nlldp run\nip routing\nno ipv6 unicast-routing\n!\n!\nip host duts1 10.0.0.1 172.16.0.1\nip host duts2 10.0.0.2 172.16.0.2\nip host h1 172.16.0.4\nip host h2 172.16.0.5\nip host h3 172.16.0.6\n!\ninterface Management1\n no lldp transmit\n no lldp receive\n!\ninterface Loopback0\n ip address 10.0.0.3/32\n!\ninterface port-channel1\n no switchport\n description [Access VLAN red] x1 -> [dut_s1,dut_s2]\n!\ninterface Ethernet1\n no switchport\n description x1 -> dut_s1\n mac-address caf0.0003.0001\n!\n no shutdown\n!\ninterface Ethernet2\n no switchport\n description x1 -> dut_s2\n mac-address caf0.0003.0002\n!\n no shutdown\n!\ninterface Ethernet3\n no switchport\n description [Access VLAN red] x1 -> h1\n!\n no shutdown\n!\ninterface Vlan1000\n description VLAN red (1000) -> [h2,dut_s1,h3,dut_s2,h1]\n ip address 172.16.0.3/24\n!\n"
}
ok: [dut_s2] => {
    "msg": "initial configuration for dut_s2\n=========================================\nhostname dut-s2\n!\nlogging monitor debugging\naaa authorization exec default local\n!\nlldp run\nip routing\nno ipv6 unicast-routing\n!\n!\nip host duts1 10.0.0.1 172.16.0.1\nip host h1 172.16.0.4\nip host h2 172.16.0.5\nip host h3 172.16.0.6\nip host x1 10.0.0.3 172.16.0.3\n!\ninterface Management1\n no lldp transmit\n no lldp receive\n!\ninterface Loopback0\n ip address 10.0.0.2/32\n!\ninterface Ethernet1\n no switchport\n description dut_s2 -> dut_s1\n mac-address caf0.0002.0001\n!\n no shutdown\n!\ninterface port-channel1\n no switchport\n description [Access VLAN red] dut_s2 -> [x1,dut_s1]\n!\ninterface Ethernet2\n no switchport\n description dut_s2 -> x1\n mac-address caf0.0002.0002\n!\n no shutdown\n!\ninterface Ethernet3\n no switchport\n description [Access VLAN red] dut_s2 -> h3\n!\n no shutdown\n!\ninterface Vlan1000\n description VLAN red (1000) -> [h2,dut_s1,h3,h1,x1]\n ip address 172.16.0.2/24\n!\n"
}

TASK [Deploy initial configuration] ********************************************
included: /home/pipi/netlab_gh/netsim/ansible/tasks/deploy-config/eos.yml for dut_s1, dut_s2, x1

TASK [eos_config: deploying initial from /work/netlab_cicd/node_files/dut_s1/initial] ***
[WARNING]: To ensure idempotency and correct diff the input configuration lines
should be similar to how they appear if present in the running configuration on
device including the indentation
changed: [dut_s2]
changed: [x1]
changed: [dut_s1]

PLAY [Deploy module-specific configurations] ***********************************

TASK [Set variables that cannot be set with VARS] ******************************
ok: [dut_s2]
ok: [dut_s1]
ok: [x1]

TASK [Deploy individual configuration modules] *********************************
included: /home/pipi/netlab_gh/netsim/ansible/tasks/deploy-module.yml for dut_s1, dut_s2, x1 => (item=lag)
included: /home/pipi/netlab_gh/netsim/ansible/tasks/deploy-module.yml for dut_s1, dut_s2, x1 => (item=vlan)
included: /home/pipi/netlab_gh/netsim/ansible/tasks/deploy-module.yml for dut_s1, dut_s2, x1 => (item=routing)

TASK [Figure out whether to deploy the module lag on current device] ***********
ok: [dut_s2]
ok: [dut_s1]
ok: [x1]

TASK [Find configuration template for lag] *************************************
ok: [dut_s1]
ok: [dut_s2]
ok: [x1]

TASK [fail] ********************************************************************
skipping: [dut_s1]
skipping: [dut_s2]
skipping: [x1]

TASK [Find configuration deployment deploy_script for lag] *********************
ok: [dut_s1]
ok: [dut_s2]
ok: [x1]

TASK [Print deployed configuration when running in verbose mode] ***************
ok: [dut_s1] => {
    "msg": "lag configuration for dut_s1\n=========================================\n\nvlan 4094\n name \"MLAG-peerlink\"\n trunk group m1peer\n!\nno spanning-tree vlan-id 4094\n\ninterface port-channel 4094\n description MLAG peerlink(s) dut_s1 -> dut_s2\n switchport mode trunk\n switchport trunk group m1peer\n!\n\ninterface vlan 4094\n description MLAG peerlink local-interface\n ip address 169.254.127.0/31\n no autostate\n!\n\nmlag\n domain-id mlag1\n local-interface vlan 4094\n peer-address 169.254.127.1\n peer-link port-channel 4094\n no shutdown\n!\ninterface Ethernet1\n description dut_s1 -> dut_s2 (peerlink in channel-group 4094)\n channel-group 4094 mode active\n!\ninterface Ethernet1\n description dut_s1 -> dut_s2 (peerlink in channel-group 4094)\n channel-group 4094 mode active\n!\n\ninterface port-channel1\n description [Access VLAN red] dut_s1 -> [x1,dut_s2] (part of mlag 1)\n switchport\n mlag 1\n!\n!\n!\ninterface Ethernet2\n description dut_s1 -> x1 in channel-group 1\n channel-group 1 mode active\n lacp timer fast\n"
}
ok: [dut_s2] => {
    "msg": "lag configuration for dut_s2\n=========================================\n\nvlan 4094\n name \"MLAG-peerlink\"\n trunk group m1peer\n!\nno spanning-tree vlan-id 4094\n\ninterface port-channel 4094\n description MLAG peerlink(s) dut_s2 -> dut_s1\n switchport mode trunk\n switchport trunk group m1peer\n!\n\ninterface vlan 4094\n description MLAG peerlink local-interface\n ip address 169.254.127.1/31\n no autostate\n!\n\nmlag\n domain-id mlag1\n local-interface vlan 4094\n peer-address 169.254.127.0\n peer-link port-channel 4094\n no shutdown\n!\ninterface Ethernet1\n description dut_s2 -> dut_s1 (peerlink in channel-group 4094)\n channel-group 4094 mode active\n!\ninterface Ethernet1\n description dut_s2 -> dut_s1 (peerlink in channel-group 4094)\n channel-group 4094 mode active\n!\n\ninterface port-channel1\n description [Access VLAN red] dut_s2 -> [x1,dut_s1] (part of mlag 1)\n switchport\n mlag 1\n!\n!\n!\ninterface Ethernet2\n description dut_s2 -> x1 in channel-group 1\n channel-group 1 mode active\n lacp timer fast\n"
}
ok: [x1] => {
    "msg": "lag configuration for x1\n=========================================\n\ninterface port-channel1\n description [Access VLAN red] x1 -> [dut_s1,dut_s2]\n!\n!\n!\ninterface Ethernet1\n description x1 -> dut_s1 in channel-group 1\n channel-group 1 mode active\n lacp timer fast\n!\ninterface Ethernet2\n description x1 -> dut_s2 in channel-group 1\n channel-group 1 mode active\n lacp timer fast\n"
}

TASK [Deploy lag configuration] ************************************************
included: /home/pipi/netlab_gh/netsim/ansible/tasks/deploy-config/eos.yml for dut_s1, dut_s2, x1

TASK [eos_config: deploying lag from /work/netlab_cicd/node_files/dut_s1/lag] ***
changed: [x1]
changed: [dut_s2]
changed: [dut_s1]

TASK [Figure out whether to deploy the module vlan on current device] **********
ok: [dut_s1]
ok: [dut_s2]
ok: [x1]

TASK [Find configuration template for vlan] ************************************
ok: [dut_s2]
ok: [dut_s1]
ok: [x1]

TASK [fail] ********************************************************************
skipping: [dut_s1]
skipping: [dut_s2]
skipping: [x1]

TASK [Find configuration deployment deploy_script for vlan] ********************
ok: [dut_s1]
ok: [x1]
ok: [dut_s2]

TASK [Print deployed configuration when running in verbose mode] ***************
ok: [dut_s1] => {
    "msg": "vlan configuration for dut_s1\n=========================================\nvlan 1000\n name red\n!\n\n!\ninterface port-channel1\n switchport\n switchport access vlan 1000\n!\ninterface Ethernet3\n switchport\n switchport access vlan 1000\n!\ninterface Vlan1000\n"
}
ok: [dut_s2] => {
    "msg": "vlan configuration for dut_s2\n=========================================\nvlan 1000\n name red\n!\n\n!\ninterface port-channel1\n switchport\n switchport access vlan 1000\n!\ninterface Ethernet3\n switchport\n switchport access vlan 1000\n!\ninterface Vlan1000\n"
}
ok: [x1] => {
    "msg": "vlan configuration for x1\n=========================================\nvlan 1000\n name red\n!\n\n!\ninterface port-channel1\n switchport\n switchport access vlan 1000\n!\ninterface Ethernet3\n switchport\n switchport access vlan 1000\n!\ninterface Vlan1000\n"
}

TASK [Deploy vlan configuration] ***********************************************
included: /home/pipi/netlab_gh/netsim/ansible/tasks/deploy-config/eos.yml for dut_s1, dut_s2, x1

TASK [eos_config: deploying vlan from /work/netlab_cicd/node_files/dut_s1/vlan] ***
changed: [dut_s1]
changed: [dut_s2]
changed: [x1]

TASK [Figure out whether to deploy the module routing on current device] *******
ok: [dut_s1]
ok: [x1]
ok: [dut_s2]

TASK [Find configuration template for routing] *********************************
skipping: [dut_s1]
skipping: [dut_s2]
skipping: [x1]

TASK [fail] ********************************************************************
skipping: [dut_s1]
skipping: [dut_s2]
skipping: [x1]

TASK [Find configuration deployment deploy_script for routing] *****************
skipping: [dut_s1]
skipping: [dut_s2]
skipping: [x1]

TASK [Print deployed configuration when running in verbose mode] ***************
skipping: [dut_s1]
skipping: [dut_s2]
skipping: [x1]

TASK [Deploy routing configuration] ********************************************
skipping: [dut_s1]
skipping: [dut_s2]
skipping: [x1]

PLAY [Deploy custom deployment templates] **************************************
skipping: no hosts matched

PLAY RECAP *********************************************************************
dut_s1                     : ok=25   changed=3    unreachable=0    failed=0    skipped=8    rescued=0    ignored=0   
dut_s2                     : ok=25   changed=3    unreachable=0    failed=0    skipped=8    rescued=0    ignored=0   
x1                         : ok=25   changed=3    unreachable=0    failed=0    skipped=8    rescued=0    ignored=0   

Results of configuration script deployments
================================================================================
h1               Script:  initial,routing
h2               Script:  initial,routing
h3               Script:  initial,routing


The devices under test are an MLAG pair connected to an Arista EOS switch. The
Arista EOS switch should have a working LAG, and the attached hosts should be
able to ping each other.

