Using transformed lab topology from snapshot file netlab.snapshot.pickle
Checking virtualization provider installation
OK: libvirt installed and working correctly
OK: clab installed and working correctly
Starting libvirt nodes
creating libvirt management network nl_mgmt_17
provider libvirt: executing flock -E 42 /tmp/netlab.lock vagrant up --provider libvirt
Bringing machine 'dut_s1' up with 'libvirt' provider...
Bringing machine 'dut_s2' up with 'libvirt' provider...
Bringing machine 'x1' up with 'libvirt' provider...
==> dut_s1: Checking if box 'arista/veos' version '4.34.2F' is up to date...
[fog][WARNING] Unrecognized arguments: libvirt_ip_command
==> dut_s1: Creating image (snapshot of base box volume).
==> dut_s1: Creating domain with the following settings...
==> dut_s1:  -- Name:              ml-17_dut_s1
==> dut_s1:  -- Description:       Source: /work/netlab_cicd/Vagrantfile
==> dut_s1:  -- Domain type:       kvm
==> dut_s1:  -- Cpus:              2
==> dut_s1:  -- Feature:           acpi
==> dut_s1:  -- Feature:           apic
==> dut_s1:  -- Feature:           pae
==> dut_s1:  -- Clock offset:      utc
==> dut_s1:  -- Memory:            2048M
==> dut_s1:  -- Management MAC:    ca:fe:00:01:00:00
==> dut_s1:  -- Base box:          arista/veos
==> dut_s1:  -- Storage pool:      default
==> dut_s1:  -- Image(vda):        /var/lib/libvirt/images/ml-17_dut_s1.img, ide, 5G
==> dut_s1:  -- Disk driver opts:  cache='default'
==> dut_s1:  -- Graphics Type:     vnc
==> dut_s1:  -- Video Type:        cirrus
==> dut_s1:  -- Video VRAM:        16384
==> dut_s1:  -- Video 3D accel:    false
==> dut_s1:  -- Keymap:            en-us
==> dut_s1:  -- TPM Backend:       passthrough
==> dut_s1:  -- INPUT:             type=mouse, bus=ps2
==> dut_s2: Checking if box 'arista/veos' version '4.34.2F' is up to date...
[fog][WARNING] Unrecognized arguments: libvirt_ip_command
==> dut_s2: Creating image (snapshot of base box volume).
==> dut_s2: Creating domain with the following settings...
==> dut_s2:  -- Name:              ml-17_dut_s2
==> dut_s2:  -- Description:       Source: /work/netlab_cicd/Vagrantfile
==> dut_s2:  -- Domain type:       kvm
==> dut_s2:  -- Cpus:              2
==> x1: Checking if box 'arista/veos' version '4.34.2F' is up to date...
==> dut_s2:  -- Feature:           acpi
==> dut_s2:  -- Feature:           apic
==> dut_s2:  -- Feature:           pae
==> dut_s2:  -- Clock offset:      utc
[fog][WARNING] Unrecognized arguments: libvirt_ip_command
==> dut_s2:  -- Memory:            2048M
==> x1: Creating image (snapshot of base box volume).
==> dut_s2:  -- Management MAC:    ca:fe:00:02:00:00
==> x1: Creating domain with the following settings...
==> dut_s2:  -- Base box:          arista/veos
==> x1:  -- Name:              ml-17_x1
==> dut_s2:  -- Storage pool:      default
==> x1:  -- Description:       Source: /work/netlab_cicd/Vagrantfile
==> dut_s2:  -- Image(vda):        /var/lib/libvirt/images/ml-17_dut_s2.img, ide, 5G
==> x1:  -- Domain type:       kvm
==> dut_s2:  -- Disk driver opts:  cache='default'
==> x1:  -- Cpus:              2
==> dut_s2:  -- Graphics Type:     vnc
==> x1:  -- Feature:           acpi
==> dut_s2:  -- Video Type:        cirrus
==> x1:  -- Feature:           apic
==> dut_s2:  -- Video VRAM:        16384
==> dut_s2:  -- Video 3D accel:    false
==> x1:  -- Feature:           pae
==> dut_s2:  -- Keymap:            en-us
==> x1:  -- Clock offset:      utc
==> dut_s2:  -- TPM Backend:       passthrough
==> x1:  -- Memory:            2048M
==> dut_s2:  -- INPUT:             type=mouse, bus=ps2
==> x1:  -- Management MAC:    ca:fe:00:03:00:00
==> x1:  -- Base box:          arista/veos
==> x1:  -- Storage pool:      default
==> x1:  -- Image(vda):        /var/lib/libvirt/images/ml-17_x1.img, ide, 5G
==> x1:  -- Disk driver opts:  cache='default'
==> x1:  -- Graphics Type:     vnc
==> x1:  -- Video Type:        cirrus
==> x1:  -- Video VRAM:        16384
==> x1:  -- Video 3D accel:    false
==> x1:  -- Keymap:            en-us
==> x1:  -- TPM Backend:       passthrough
==> x1:  -- INPUT:             type=mouse, bus=ps2
==> dut_s1: Creating shared folders metadata...
==> dut_s1: Starting domain.
==> dut_s1: Domain launching with graphics connection settings...
==> dut_s1:  -- Graphics Port:      5900
==> dut_s1:  -- Graphics IP:        127.0.0.1
==> dut_s1:  -- Graphics Password:  Not defined
==> dut_s1:  -- Graphics Websocket: 5700
==> dut_s1: Waiting for domain to get an IP address...
==> dut_s2: Creating shared folders metadata...
==> dut_s2: Starting domain.
==> dut_s2: Domain launching with graphics connection settings...
==> dut_s2:  -- Graphics Port:      5901
==> dut_s2:  -- Graphics IP:        127.0.0.1
==> dut_s2:  -- Graphics Password:  Not defined
==> dut_s2:  -- Graphics Websocket: 5701
==> dut_s2: Waiting for domain to get an IP address...
==> x1: Creating shared folders metadata...
==> x1: Starting domain.
==> x1: Domain launching with graphics connection settings...
==> x1:  -- Graphics Port:      5902
==> x1:  -- Graphics IP:        127.0.0.1
==> x1:  -- Graphics Password:  Not defined
==> x1:  -- Graphics Websocket: 5702
==> x1: Waiting for domain to get an IP address...
==> dut_s1: Waiting for machine to boot. This may take a few minutes...
    dut_s1: SSH address: 192.168.17.101:22
    dut_s1: SSH username: vagrant
    dut_s1: SSH auth method: private key
    dut_s1: Warning: Connection refused. Retrying...
==> dut_s2: Waiting for machine to boot. This may take a few minutes...
    dut_s2: SSH address: 192.168.17.102:22
    dut_s2: SSH username: vagrant
    dut_s2: SSH auth method: private key
==> x1: Waiting for machine to boot. This may take a few minutes...
    x1: SSH address: 192.168.17.103:22
    x1: SSH username: vagrant
    x1: SSH auth method: private key
    x1: Warning: Connection refused. Retrying...
==> dut_s2: Machine booted and ready!
==> dut_s1: Machine booted and ready!
==> x1: Machine booted and ready!
Starting clab nodes
Recreating clab-augment.yml configuration file for clab provider
Created provider configuration file: clab-augment.yml
 [INFO] Setting containerlab runtime to docker
provider clab: executing flock -E 42 /tmp/netlab.lock containerlab deploy --reconfigure -t clab-augment.yml
05:37:12 INFO Containerlab started version=0.79.0
05:37:12 INFO Parsing & checking topology file=clab-augment.yml
05:37:12 INFO Removing directory path=/work/netlab_cicd/clab-ml-17
05:37:12 INFO Creating docker network name=nl_mgmt_17 IPv4 subnet=192.168.17.0/24 IPv6 subnet=fd00:df:1ab:17::/64 MTU=0
05:37:12 INFO Creating lab directory path=/work/netlab_cicd/clab-ml-17
05:37:12 INFO Creating container name=h1
05:37:12 INFO Creating container name=h3
05:37:12 INFO Creating container name=h2
05:37:13 INFO Created link: h1:eth1 ▪┄┄▪ virbr4:bni17n4i1
05:37:13 INFO Created link: h3:eth1 ▪┄┄▪ virbr3:bni17n6i1
05:37:13 INFO Created link: h2:eth1 ▪┄┄▪ virbr2:bni17n5i1
05:37:13 INFO Adding host entries path=/etc/hosts
05:37:13 INFO Adding SSH config for nodes path=/etc/ssh/ssh_config.d/clab-ml-17.conf
[1m╭[0m[1m───────────────[0m[1m┬[0m[1m────────────────────[0m[1m┬[0m[1m─────────[0m[1m┬[0m[1m───────────────────[0m[1m╮[0m
[1m│[0m[1m      Name     [0m[1m│[0m[1m     Kind/Image     [0m[1m│[0m[1m  State  [0m[1m│[0m[1m   IPv4/6 Address  [0m[1m│[0m
[1m├[0m[1m───────────────[0m[1m┼[0m[1m────────────────────[0m[1m┼[0m[1m─────────[0m[1m┼[0m[1m───────────────────[0m[1m┤[0m
│ clab-ml-17-h1 │ linux              │ running │ 192.168.17.104    │
│               │ python:3.13-alpine │         │ fd00:df:1ab:17::2 │
├───────────────┼────────────────────┼─────────┼───────────────────┤
│ clab-ml-17-h2 │ linux              │ running │ 192.168.17.105    │
│               │ python:3.13-alpine │         │ fd00:df:1ab:17::3 │
├───────────────┼────────────────────┼─────────┼───────────────────┤
│ clab-ml-17-h3 │ linux              │ running │ 192.168.17.106    │
│               │ python:3.13-alpine │         │ fd00:df:1ab:17::4 │
╰───────────────┴────────────────────┴─────────┴───────────────────╯

Initial configuration skipped, run 'netlab initial' to configure the devices
