Creating Device configuration snippets
[CREATED] dut: normalize,initial,vlan,gateway
[CREATED] r2: normalize,initial,vlan,gateway
[CREATED] h1: initial,routing
[CREATED] h2: initial,routing
Checking Are lab devices ready to be configured?
 [INFO] Checking SSH server(s) on dut,r2
Config Normalizing device configurations
netmiko:  [INFO] Sent normalize configuration to dut
netmiko:  [INFO] Sent normalize configuration to r2
Config Deploying device configurations
 [INFO] Executing initial configuration for node h1 (namespace clab-
          ml-17-h1)
 [INFO] Executing initial configuration for node h2 (namespace clab-
          ml-17-h2)
 [INFO] Executing routing configuration for node h1 (namespace clab-
          ml-17-h1)
 [INFO] Executing routing configuration for node h2 (namespace clab-
          ml-17-h2)
netmiko:  [INFO] Sent initial configuration to dut
netmiko:  [INFO] Sent initial configuration to r2
netmiko:  [INFO] Sent vlan configuration to dut
netmiko:  [INFO] Sent vlan configuration to r2
netmiko:  [INFO] Sent gateway configuration to dut
netmiko:  [INFO] Sent gateway configuration to r2

Results of configuration script deployments
================================================================================
dut              Script:  normalize,initial,vlan,gateway
r2               Script:  normalize,initial,vlan,gateway
h1               Script:  initial,routing
h2               Script:  initial,routing


This lab tests IPv4/6 VRRP configuration on an access VLAN. It checks whether
the device-under-test (DUT) forwards traffic sent to the VRRP IP/MAC address,
whether it has correct VRRP priority, and whether the preemption mechanism
works.

