Checking virtualization provider installation
OK: clab installed and working correctly
Stopping clab nodes
12:02:27 INFO Parsing & checking topology file=clab.yml
12:02:27 INFO Parsing & checking topology file=clab.yml
12:02:27 INFO Destroying lab name=ml-85
12:02:29 INFO Removed container name=clab-ml-85-h2
12:02:29 INFO Removed container name=clab-ml-85-h1
12:02:30 INFO Removed container name=clab-ml-85-r2
12:02:30 INFO Removed container name=clab-ml-85-dut
12:02:30 INFO Removing host entries path=/etc/hosts
12:02:30 INFO Removing SSH config path=/etc/ssh/ssh_config.d/clab-ml-85.conf
Cleanup configuration files
... removing clab.yml
... removing ansible.cfg
... removing hosts.yml
... removing directory tree group_vars
... removing directory tree host_vars
... removing directory tree node_files
... removing netlab.snapshot.pickle
