Creating Device configuration snippets
[CREATED] dut: initial
Config Deploying device configurations
[WARNING]: Found variable using reserved name: hosts

PLAY [Deploy initial device configuration] *************************************

TASK [Set variables that cannot be set with VARS] ******************************
ok: [dut]

TASK [Deploy initial configuration] ********************************************
included: /home/pipi/netlab_gh/netsim/ansible/tasks/deploy-module.yml for dut

TASK [Figure out whether to deploy the module initial on current device] *******
ok: [dut]

TASK [Find configuration template for initial] *********************************
ok: [dut]

TASK [fail] ********************************************************************
skipping: [dut]

TASK [Find configuration deployment deploy_script for initial] *****************
ok: [dut]

TASK [Print deployed configuration when running in verbose mode] ***************
ok: [dut] => {
    "msg": "initial configuration for dut\n=========================================\n\nupdates:\n\n- path: /interface[name=system0]/subinterface[index=0]\n  value:\n   description: \"No description\"\n   admin-state: enable\n   ipv4:\n    admin-state: enable\n    address:\n    - ip-prefix: \"10.0.0.1/32\"\n   ipv6:\n    admin-state: enable\n    address:\n    - ip-prefix: \"2001:db8:0:1::1/64\"\n      type: \"global-unicast\"\n\n- path: /interface[name=ethernet-1/1]\n  value:\n   description: \"dut ~ stub\"\n   subinterface:\n    index: 0\n    description: \"dut ~ stub\"\n\n- path: /interface[name=ethernet-1/1]/subinterface[index=0]\n  value:\n   description: \"dut ~ stub\"\n   admin-state: enable\n   ipv4:\n    admin-state: enable\n    unnumbered:\n      admin-state: enable\n      interface: \"system0.0\"\n   ipv6:\n    admin-state: enable\n    neighbor-discovery:\n     learn-unsolicited: link-local\n    router-advertisement:\n     router-role:\n      admin-state: enable             # no ipv6 nd suppress-ra\n      min-advertisement-interval: 4   # Leaving this at platform default 200..600 takes too long at startup\n      _annotate_min-advertisement-interval: \"Reduced from platform default 200s\"\n      max-advertisement-interval: 5\n\n- path: /interface[name=ethernet-1/2]\n  value:\n   description: \"dut ~ stub\"\n   subinterface:\n    index: 0\n    description: \"dut ~ stub\"\n\n- path: /interface[name=ethernet-1/2]/subinterface[index=0]\n  value:\n   description: \"dut ~ stub\"\n   admin-state: enable\n   ipv4:\n    admin-state: enable\n    unnumbered:\n      admin-state: enable\n      interface: \"system0.0\"\n\n- path: /interface[name=ethernet-1/3]\n  value:\n   description: \"dut ~ stub\"\n   subinterface:\n    index: 0\n    description: \"dut ~ stub\"\n\n- path: /interface[name=ethernet-1/3]/subinterface[index=0]\n  value:\n   description: \"dut ~ stub\"\n   admin-state: enable\n   ipv6:\n    admin-state: enable\n    neighbor-discovery:\n     learn-unsolicited: link-local\n    router-advertisement:\n     router-role:\n      admin-state: enable             # no ipv6 nd suppress-ra\n      min-advertisement-interval: 4   # Leaving this at platform default 200..600 takes too long at startup\n      _annotate_min-advertisement-interval: \"Reduced from platform default 200s\"\n      max-advertisement-interval: 5\n\n- path: /interface[name=ethernet-1/4]\n  value:\n   description: \"dut ~ stub\"\n   subinterface:\n    index: 0\n    description: \"dut ~ stub\"\n\n- path: /interface[name=ethernet-1/4]/subinterface[index=0]\n  value:\n   description: \"dut ~ stub\"\n   admin-state: enable\n   ipv4:\n    admin-state: enable\n    unnumbered:\n      admin-state: enable\n      interface: \"system0.0\"\n   ipv6:\n    admin-state: enable\n    address:\n    - ip-prefix: \"2001:db8:1:3::1/64\"\n      type: \"global-unicast\"\n    neighbor-discovery:\n     learn-unsolicited: link-local\n    router-advertisement:\n     router-role:\n      admin-state: enable             # no ipv6 nd suppress-ra\n      min-advertisement-interval: 4   # Leaving this at platform default 200..600 takes too long at startup\n      _annotate_min-advertisement-interval: \"Reduced from platform default 200s\"\n      max-advertisement-interval: 5\n\n- path: /interface[name=ethernet-1/5]\n  value:\n   description: \"dut ~ stub\"\n   subinterface:\n    index: 0\n    description: \"dut ~ stub\"\n\n- path: /interface[name=ethernet-1/5]/subinterface[index=0]\n  value:\n   description: \"dut ~ stub\"\n   admin-state: enable\n   ipv4:\n    admin-state: enable\n    address:\n    - ip-prefix: \"172.16.4.1/24\"\n      primary: [null]\n   ipv6:\n    admin-state: enable\n    neighbor-discovery:\n     learn-unsolicited: link-local\n    router-advertisement:\n     router-role:\n      admin-state: enable             # no ipv6 nd suppress-ra\n      min-advertisement-interval: 4   # Leaving this at platform default 200..600 takes too long at startup\n      _annotate_min-advertisement-interval: \"Reduced from platform default 200s\"\n      max-advertisement-interval: 5\n\n\n\n- path: /network-instance[name=default]\n  value:\n    type: default\n    interface:\n    - name: system0.0\n\n- path: /network-instance[name=default]\n  value:\n    type: default\n    interface:\n    - name: ethernet-1/1.0\n- path: /network-instance[name=default]\n  value:\n    type: default\n    interface:\n    - name: ethernet-1/2.0\n- path: /network-instance[name=default]\n  value:\n    type: default\n    interface:\n    - name: ethernet-1/3.0\n- path: /network-instance[name=default]\n  value:\n    type: default\n    interface:\n    - name: ethernet-1/4.0\n- path: /network-instance[name=default]\n  value:\n    type: default\n    interface:\n    - name: ethernet-1/5.0\n\n\n\n- path: /system/dns-instance[name=default]\n  value:\n    network-instance: default\n"
}

TASK [Deploy initial configuration] ********************************************
included: /home/pipi/netlab_gh/netsim/ansible/tasks/deploy-config/srlinux.yml for dut

TASK [Generate JSON-RPC YAML configuration] ************************************
ok: [dut]

TASK [Update SRL initial node configuration (template=/work/netlab_cicd/node_files/dut/initial)] ***
changed: [dut]

TASK [debug] *******************************************************************
skipping: [dut]

PLAY [Deploy module-specific configurations] ***********************************
skipping: no hosts matched

PLAY [Deploy custom deployment templates] **************************************
skipping: no hosts matched

PLAY RECAP *********************************************************************
dut                        : ok=9    changed=1    unreachable=0    failed=0    skipped=2    rescued=0    ignored=0   



This test checks that the initial configuration doesn't crash when dealing
with the all possible combinations of unnumbered interfaces. Use OSPFv2/OSPFv3
integration tests to validate the unnumbered interface functionality.

