Using transformed lab topology from snapshot file netlab.snapshot.pickle
Checking virtualization provider installation
OK: clab installed and working correctly
Starting clab nodes
provider clab: executing flock -E 42 /tmp/netlab.lock sudo -E containerlab deploy --reconfigure -t clab.yml
11:26:41 INFO Containerlab started version=0.75.0
11:26:41 INFO Parsing & checking topology file=clab.yml
11:26:41 INFO Removing directory path=/work/netlab_cicd/clab-ml-17
11:26:41 INFO Creating docker network name=nl_mgmt_17 IPv4 subnet=192.168.17.0/24 IPv6 subnet="" MTU=0
11:26:41 INFO Creating lab directory path=/work/netlab_cicd/clab-ml-17
11:26:41 INFO Creating container name=x1
11:26:41 INFO Creating container name=dut
11:26:41 INFO Running postdeploy actions kind=srl node=dut
11:26:41 INFO Created link: dut:e1-1 ▪┄┄▪ x1:eth1
11:26:52 INFO Executed command node=x1 command="sleep 1" stdout=""
11:26:52 INFO Adding host entries path=/etc/hosts
11:26:52 INFO Adding SSH config for nodes path=/etc/ssh/ssh_config.d/clab-ml-17.conf
[1m╭[0m[1m────────────────[0m[1m┬[0m[1m──────────────────────────────[0m[1m┬[0m[1m─────────[0m[1m┬[0m[1m────────────────[0m[1m╮[0m
[1m│[0m[1m      Name      [0m[1m│[0m[1m          Kind/Image          [0m[1m│[0m[1m  State  [0m[1m│[0m[1m IPv4/6 Address [0m[1m│[0m
[1m├[0m[1m────────────────[0m[1m┼[0m[1m──────────────────────────────[0m[1m┼[0m[1m─────────[0m[1m┼[0m[1m────────────────[0m[1m┤[0m
│ clab-ml-17-dut │ srl                          │ running │ 192.168.17.101 │
│                │ ghcr.io/nokia/srlinux:26.3.2 │         │ N/A            │
├────────────────┼──────────────────────────────┼─────────┼────────────────┤
│ clab-ml-17-x1  │ linux                        │ running │ 192.168.17.102 │
│                │ quay.io/frrouting/frr:10.6.1 │         │ N/A            │
╰────────────────┴──────────────────────────────┴─────────┴────────────────╯

Initial configuration skipped, run 'netlab initial' to configure the devices
 [INFO] Lab devices are ready to be configured
initial:  [INFO] Lab devices do not need the configuration
          normalization step
[WARNING]: Found variable using reserved name: hosts

PLAY [Reload saved device configurations] **************************************

TASK [Did we get the configuration directory name?] ****************************
skipping: [dut]

TASK [Set variables that cannot be set with VARS] ******************************
ok: [dut]

TASK [Remember the original deployment path(s)] ********************************
ok: [dut]

TASK [Do initial device configuration if needed] *******************************
skipping: [dut]

TASK [Deploy saved configuration files] ****************************************
included: /home/pipi/netlab_gh/netsim/ansible/tasks/deploy-custom-config.yml for dut

TASK [Find configuration template] *********************************************
ok: [dut]

TASK [fail] ********************************************************************
skipping: [dut]

TASK [Check is the configuration template is a file] ***************************
ok: [dut -> localhost]

TASK [fail] ********************************************************************
skipping: [dut]

TASK [Process template /work/netlab_cicd/node_files/dut/saved.cfg for dut] *****
skipping: [dut]

TASK [debug] *******************************************************************
skipping: [dut]

TASK [debug] *******************************************************************
skipping: [dut]

TASK [Find custom configuration deployment script] *****************************
ok: [dut]

TASK [Run the configuration deployment script] *********************************
included: /home/pipi/netlab_gh/netsim/ansible/tasks/reload-config/srlinux.yml for dut

TASK [Copy replacement configuration to SR Linux container] ********************
included: /home/pipi/netlab_gh/netsim/ansible/tasks/reload-config/_copy_config.yml for dut

TASK [Check if 'sshpass' is installed] *****************************************
ok: [dut -> localhost]

TASK [Copy replacement configuration to the device] ****************************
changed: [dut -> localhost]

TASK [Load SR Linux configuration file] ****************************************
ok: [dut]

PLAY RECAP *********************************************************************
dut                        : ok=11   changed=1    unreachable=0    failed=0    skipped=7    rescued=0    ignored=0   

[CREATED] dut: initial,saved
Creating Device configuration snippets
[CREATED] x1: initial,ospf
Config Deploying device configurations
 [INFO] Executing initial configuration for node x1
 [INFO] Executing ospf configuration for node x1

Results of configuration script deployments
================================================================================
x1               Script:  initial,ospf


