Using transformed lab topology from snapshot file netlab.snapshot.pickle
Checking virtualization provider installation
OK: clab installed and working correctly
Starting clab nodes
 [INFO] Setting containerlab runtime to docker
Loading Linux kernel modules mpls-router,mpls-iptunnel required by containers using mpls module
provider clab: executing flock -E 42 /tmp/netlab.lock containerlab deploy --reconfigure -t clab.yml
18:37:08 INFO Containerlab started version=0.75.0
18:37:08 INFO Parsing & checking topology file=clab.yml
18:37:08 INFO Removing directory path=/work/netlab_cicd/clab-ml-17
18:37:08 INFO Creating docker network name=nl_mgmt_17 IPv4 subnet=192.168.17.0/24 IPv6 subnet=fd00:df:1ab:17::/64 MTU=0
18:37:08 INFO Creating lab directory path=/work/netlab_cicd/clab-ml-17
18:37:08 INFO Creating container name=p1
18:37:08 INFO Creating container name=ce1
18:37:08 INFO Creating container name=p2
18:37:08 INFO Creating container name=pe2
18:37:08 INFO Creating container name=ce2
18:37:08 INFO Creating container name=dut
18:37:09 INFO Created link: pe2:eth1 ▪┄┄▪ p2:eth2
18:37:09 INFO Created link: dut:eth1 (Ethernet0/1) ▪┄┄▪ p1:eth1
18:37:09 INFO Created link: p1:eth2 ▪┄┄▪ p2:eth1
18:37:09 INFO Created link: ce1:eth1 ▪┄┄▪ dut:eth2 (Ethernet0/2)
18:37:09 INFO Running postdeploy actions for Cisco IOL 'dut' node
18:37:09 INFO Created link: ce2:eth1 ▪┄┄▪ pe2:eth2
18:37:10 INFO Executed command node=ce2 command="sleep 1" stdout=""
18:37:10 INFO Executed command node=p2 command="sleep 1" stdout=""
18:37:10 INFO Executed command node=pe2 command="sleep 1" stdout=""
18:37:10 INFO Executed command node=ce1 command="sleep 1" stdout=""
18:37:10 INFO Executed command node=p1 command="sleep 1" stdout=""
18:37:10 INFO Adding host entries path=/etc/hosts
18:37:10 INFO Adding SSH config for nodes path=/etc/ssh/ssh_config.d/clab-ml-17.conf
18:37:10 INFO containerlab version
  🎉=
  │ A newer containerlab version (0.79.0) is available!
  │ Release notes: https://containerlab.dev/rn/0.79/
  │ Run 'clab version upgrade' or see https://containerlab.dev/install/ for other installation options.
[1m╭[0m[1m────────────────[0m[1m┬[0m[1m──────────────────────────────[0m[1m┬[0m[1m─────────[0m[1m┬[0m[1m───────────────────[0m[1m╮[0m
[1m│[0m[1m      Name      [0m[1m│[0m[1m          Kind/Image          [0m[1m│[0m[1m  State  [0m[1m│[0m[1m   IPv4/6 Address  [0m[1m│[0m
[1m├[0m[1m────────────────[0m[1m┼[0m[1m──────────────────────────────[0m[1m┼[0m[1m─────────[0m[1m┼[0m[1m───────────────────[0m[1m┤[0m
│ clab-ml-17-ce1 │ linux                        │ running │ 192.168.17.101    │
│                │ quay.io/frrouting/frr:10.6.1 │         │ fd00:df:1ab:17::5 │
├────────────────┼──────────────────────────────┼─────────┼───────────────────┤
│ clab-ml-17-ce2 │ linux                        │ running │ 192.168.17.102    │
│                │ quay.io/frrouting/frr:10.6.1 │         │ fd00:df:1ab:17::7 │
├────────────────┼──────────────────────────────┼─────────┼───────────────────┤
│ clab-ml-17-dut │ cisco_iol                    │ running │ 192.168.17.103    │
│                │ vrnetlab/cisco_iol:17.18.02  │         │ fd00:df:1ab:17::4 │
├────────────────┼──────────────────────────────┼─────────┼───────────────────┤
│ clab-ml-17-p1  │ linux                        │ running │ 192.168.17.105    │
│                │ quay.io/frrouting/frr:10.6.1 │         │ fd00:df:1ab:17::6 │
├────────────────┼──────────────────────────────┼─────────┼───────────────────┤
│ clab-ml-17-p2  │ linux                        │ running │ 192.168.17.106    │
│                │ quay.io/frrouting/frr:10.6.1 │         │ fd00:df:1ab:17::2 │
├────────────────┼──────────────────────────────┼─────────┼───────────────────┤
│ clab-ml-17-pe2 │ linux                        │ running │ 192.168.17.104    │
│                │ quay.io/frrouting/frr:10.6.1 │         │ fd00:df:1ab:17::3 │
╰────────────────┴──────────────────────────────┴─────────┴───────────────────╯

Initial configuration skipped, run 'netlab initial' to configure the devices
