Creating Device configuration snippets
[CREATED] h1: initial
[CREATED] h2: initial
[CREATED] h3: initial
[CREATED] h4: initial
[CREATED] dut: initial,ospf,bgp,mpls,vrf
[CREATED] pe2: normalize,initial,ospf,bgp,mpls,vrf
[CREATED] p1: initial,ospf,mpls
[CREATED] p2: initial,ospf,mpls
Checking Are lab devices ready to be configured?
 [INFO] Checking SSH server(s) on dut,pe2
Config Deploying device configurations
 [INFO] Executing initial configuration for node h1 (namespace clab-
          ml-84-h1)
 [INFO] Executing initial configuration for node h2 (namespace clab-
          ml-84-h2)
 [INFO] Executing initial configuration for node h3 (namespace clab-
          ml-84-h3)
 [INFO] Executing initial configuration for node h4 (namespace clab-
          ml-84-h4)
 [INFO] Executing normalize configuration for node pe2
 [INFO] Executing initial configuration for node p1
 [INFO] Executing initial configuration for node p2
 [INFO] Executing ospf configuration for node p1
 [INFO] Executing ospf configuration for node p2
 [INFO] Executing mpls configuration for node p1
 [INFO] Executing mpls configuration for node p2
 [INFO] Executing initial configuration for node pe2
 [INFO] Executing ospf configuration for node pe2
 [INFO] Executing bgp configuration for node pe2
 [INFO] Executing mpls configuration for node pe2
 [INFO] Executing vrf configuration for node pe2
 [INFO] Starting Ansible playbook to deploy the rest of the
          configurations
[WARNING]: Found variable using reserved name: hosts

PLAY [Deploy initial device configuration] *************************************

TASK [Set variables that cannot be set with VARS] ******************************
ok: [dut]

TASK [Normalize config on bridge-like devices] *********************************
included: /home/pipi/netlab_gh/netsim/ansible/tasks/deploy-module.yml for dut

TASK [Figure out whether to deploy the module normalize on current device] *****
ok: [dut]

TASK [Find configuration template for normalize] *******************************
ok: [dut]

TASK [fail] ********************************************************************
skipping: [dut]

TASK [Find configuration deployment deploy_script for normalize] ***************
ok: [dut]

TASK [Print deployed configuration when running in verbose mode] ***************
skipping: [dut]

TASK [Deploy normalize configuration] ******************************************
skipping: [dut]

TASK [Deploy initial configuration] ********************************************
included: /home/pipi/netlab_gh/netsim/ansible/tasks/deploy-module.yml for dut

TASK [Figure out whether to deploy the module initial on current device] *******
ok: [dut]

TASK [Find configuration template for initial] *********************************
ok: [dut]

TASK [fail] ********************************************************************
skipping: [dut]

TASK [Find configuration deployment deploy_script for initial] *****************
ok: [dut]

TASK [Print deployed configuration when running in verbose mode] ***************
ok: [dut] => {
    "msg": "initial configuration for dut\n=========================================\nhostname dut\n!\nno ip domain lookup\nlogging buffered 256000\n\n!\nlldp run\n!\nip host dut-t1 2001:db8:42::5\nip host dut-t2 2001:db8:42:2::5\nip host h1 2001:db8:42::1\nip host h2 2001:db8:42:1::2\nip host h3 2001:db8:42:2::3\nip host h4 2001:db8:42:3::4\nip host p1 10.0.0.7 10.1.0.2 10.1.0.5\nip host p2 10.0.0.8 10.1.0.6 10.1.0.9\nip host pe2 10.0.0.6 10.1.0.10\nip host pe2-t1 2001:db8:42:1::6\nip host pe2-t2 2001:db8:42:3::6\n!\nip routing\n!\nipv6 unicast-routing\n!\nvrf definition t1\n rd 65000:1\n route-target import 65000:1\n route-target export 65000:1\n!\n address-family ipv6\n exit-address-family\n!\nvrf definition t2\n rd 65000:2\n route-target import 65000:2\n route-target export 65000:2\n!\n address-family ipv6\n exit-address-family\n!\n\n!\n!\ninterface Loopback0\n ip address 10.0.0.5 255.255.255.255\n!\ninterface Ethernet0/0\n no lldp transmit\n no lldp receive\n!\ninterface Ethernet0/1\n description dut -> p1\n ip address 10.1.0.1 255.255.255.252\n no shutdown\n!\ninterface Ethernet0/2\n vrf forwarding t1\n description dut -> h1 [stub]\n ipv6 nd ra interval 5\n ipv6 address 2001:DB8:42::5/64\n no shutdown\n!\ninterface Ethernet0/3\n vrf forwarding t2\n description dut -> h3 [stub]\n ipv6 nd ra interval 5\n ipv6 address 2001:DB8:42:2::5/64\n no shutdown\n!\n!\nline vty 0 4\n exec-timeout 0 0 \n!\nno banner exec\nno banner login\nno banner incoming\n"
}

TASK [Deploy initial configuration] ********************************************
included: /home/pipi/netlab_gh/netsim/ansible/tasks/deploy-config/ios.yml for dut

TASK [ios_config: deploying initial from /work/netlab_cicd/cisco_c/node_files/dut/initial] ***
[WARNING]: To ensure idempotency and correct diff the input configuration lines
should be similar to how they appear if present in the running configuration on
device including the indentation
changed: [dut]

PLAY [Deploy module-specific configurations] ***********************************

TASK [Set variables that cannot be set with VARS] ******************************
ok: [dut]

TASK [Deploy individual configuration modules] *********************************
included: /home/pipi/netlab_gh/netsim/ansible/tasks/deploy-module.yml for dut => (item=ospf)
included: /home/pipi/netlab_gh/netsim/ansible/tasks/deploy-module.yml for dut => (item=bgp)
included: /home/pipi/netlab_gh/netsim/ansible/tasks/deploy-module.yml for dut => (item=mpls)
included: /home/pipi/netlab_gh/netsim/ansible/tasks/deploy-module.yml for dut => (item=vrf)

TASK [Figure out whether to deploy the module ospf on current device] **********
ok: [dut]

TASK [Find configuration template for ospf] ************************************
ok: [dut]

TASK [fail] ********************************************************************
skipping: [dut]

TASK [Find configuration deployment deploy_script for ospf] ********************
ok: [dut]

TASK [Print deployed configuration when running in verbose mode] ***************
ok: [dut] => {
    "msg": "ospf configuration for dut\n=========================================\nrouter ospf 1\n router-id 10.0.0.5\n\n!\ninterface Loopback0\n! \n ip ospf 1 area 0.0.0.0\n!\ninterface Ethernet0/1\n! dut -> p1\n ip ospf 1 area 0.0.0.0\n ip ospf network point-to-point\n!\n\n"
}

TASK [Deploy ospf configuration] ***********************************************
included: /home/pipi/netlab_gh/netsim/ansible/tasks/deploy-config/ios.yml for dut

TASK [ios_config: deploying ospf from /work/netlab_cicd/cisco_c/node_files/dut/ospf] ***
changed: [dut]

TASK [Figure out whether to deploy the module bgp on current device] ***********
ok: [dut]

TASK [Find configuration template for bgp] *************************************
ok: [dut]

TASK [fail] ********************************************************************
skipping: [dut]

TASK [Find configuration deployment deploy_script for bgp] *********************
ok: [dut]

TASK [Print deployed configuration when running in verbose mode] ***************
ok: [dut] => {
    "msg": "bgp configuration for dut\n=========================================\n!\nip bgp-community new-format\n!\nrouter bgp 65001\n no bgp default ipv4-unicast\n bgp update-delay 5\n bgp nopeerup-delay cold-boot 1\n bgp nopeerup-delay user-initiated 1\n bgp router-id 10.0.0.5\n  neighbor 10.0.0.6 remote-as 65001\n  neighbor 10.0.0.6 description pe2\n  neighbor 10.0.0.6 update-source Loopback0\n\n!\n address-family ipv4\n  bgp scan-time 5\n!\n  network 10.0.0.5 mask 255.255.255.255\n\n!\n  neighbor 10.0.0.6 activate\n  neighbor 10.0.0.6 advertisement-interval 0\n  neighbor 10.0.0.6 next-hop-self\n  neighbor 10.0.0.6 send-community both\n\n"
}

TASK [Deploy bgp configuration] ************************************************
included: /home/pipi/netlab_gh/netsim/ansible/tasks/deploy-config/ios.yml for dut

TASK [ios_config: deploying bgp from /work/netlab_cicd/cisco_c/node_files/dut/bgp] ***
changed: [dut]

TASK [Figure out whether to deploy the module mpls on current device] **********
ok: [dut]

TASK [Find configuration template for mpls] ************************************
ok: [dut]

TASK [fail] ********************************************************************
skipping: [dut]

TASK [Find configuration deployment deploy_script for mpls] ********************
ok: [dut]

TASK [Print deployed configuration when running in verbose mode] ***************
ok: [dut] => {
    "msg": "mpls configuration for dut\n=========================================\n!\nmpls ldp router-id Loopback0\nmpls ldp logging neighbor-changes\n!\ninterface Ethernet0/1\n mpls ip\n!\n!\nipv6 unicast-routing\n!\nrouter bgp 65001\n address-family vpnv6\n!\n  neighbor 10.0.0.6 activate\n  neighbor 10.0.0.6 send-community both\n\n"
}

TASK [Deploy mpls configuration] ***********************************************
included: /home/pipi/netlab_gh/netsim/ansible/tasks/deploy-config/ios.yml for dut

TASK [ios_config: deploying mpls from /work/netlab_cicd/cisco_c/node_files/dut/mpls] ***
changed: [dut]

TASK [Figure out whether to deploy the module vrf on current device] ***********
ok: [dut]

TASK [Find configuration template for vrf] *************************************
ok: [dut]

TASK [fail] ********************************************************************
skipping: [dut]

TASK [Find configuration deployment deploy_script for vrf] *********************
ok: [dut]

TASK [Print deployed configuration when running in verbose mode] ***************
ok: [dut] => {
    "msg": "vrf configuration for dut\n=========================================\n!\nrouter bgp 65001\n!\n address-family ipv6 vrf t1\n  bgp router-id 10.0.0.5\n  redistribute connected\n\n!\n  network 2001:db8:42::/64\n\n!\n exit-address-family\n!\n address-family ipv6 vrf t2\n  bgp router-id 10.0.0.5\n  redistribute connected\n\n!\n  network 2001:db8:42:2::/64\n\n!\n exit-address-family\n!\nexit\n!\n!\n!\n"
}

TASK [Deploy vrf configuration] ************************************************
included: /home/pipi/netlab_gh/netsim/ansible/tasks/deploy-config/ios.yml for dut

TASK [ios_config: deploying vrf from /work/netlab_cicd/cisco_c/node_files/dut/vrf] ***
changed: [dut]

PLAY [Deploy custom deployment templates] **************************************
skipping: no hosts matched

PLAY RECAP *********************************************************************
dut                        : ok=41   changed=5    unreachable=0    failed=0    skipped=8    rescued=0    ignored=0   

Results of configuration script deployments
================================================================================
h1               Script:  initial
h2               Script:  initial
h3               Script:  initial
h4               Script:  initial
pe2              Script:  normalize,initial,ospf,bgp,mpls,vrf
p1               Script:  initial,ospf,mpls
p2               Script:  initial,ospf,mpls


The tested device (DUT) is a PE-router running MPLS/VPN with two IPv6-only
VRFs. The Linux hosts are attached directly to the PE-router.

The PE-router has to run OSPF and LDP with a P-router and exchange VPNv6
routes with another PE-router. The connected IPv6 subnets must be
redistributed into VPNv6 AF for the end-to-end connectivity test to work.

