Using transformed lab topology from snapshot file netlab.snapshot.pickle
Checking virtualization provider installation
OK: clab installed and working correctly
Starting clab nodes
Loading Linux kernel modules mpls-router,mpls-iptunnel required by containers using mpls module
provider clab: executing sudo -E containerlab deploy --reconfigure -t clab.yml
10:20:10 INFO Containerlab started version=0.74.2
10:20:10 INFO Parsing & checking topology file=clab.yml
10:20:10 INFO Removing directory path=/work/netlab_cicd/cisco_c/clab-ml-84
10:20:10 INFO Creating docker network name=nl_mgmt_84 IPv4 subnet=192.168.84.0/24 IPv6 subnet="" MTU=0
10:20:10 INFO Creating lab directory path=/work/netlab_cicd/cisco_c/clab-ml-84
10:20:10 INFO Creating container name=core
10:20:10 INFO Creating container name=h1
10:20:10 INFO Creating container name=h2
10:20:10 INFO Creating container name=dut
10:20:10 INFO Creating container name=pe1
10:20:10 INFO Creating container name=pe2
10:20:11 INFO Created link: core:eth1 ▪┄┄▪ dut:eth1 (Ethernet0/1)
10:20:11 INFO Running postdeploy actions for Cisco IOL 'dut' node
10:20:12 INFO Created link: pe1:et1 ▪┄┄▪ core:eth2
10:20:12 INFO Created link: pe2:et1 ▪┄┄▪ core:eth3
10:20:12 INFO Created link: h2:eth1 ▪┄┄▪ pe2:et2
10:20:12 INFO Running postdeploy actions for Arista cEOS 'pe2' node
10:20:12 INFO Created link: h1:eth1 ▪┄┄▪ pe1:et2
10:20:12 INFO Running postdeploy actions for Arista cEOS 'pe1' node
10:20:41 INFO Executed command node=core command="sleep 1" stdout=""
10:20:41 INFO Adding host entries path=/etc/hosts
10:20:41 INFO Adding SSH config for nodes path=/etc/ssh/ssh_config.d/clab-ml-84.conf
10:20:41 INFO containerlab version
  🎉=
  │ A newer containerlab version (0.74.3) is available!
  │ Release notes: https://containerlab.dev/rn/0.74/#0743
  │ Run 'clab version upgrade' or see https://containerlab.dev/install/ for other installation options.
[1m╭[0m[1m─────────────────[0m[1m┬[0m[1m──────────────────────────────[0m[1m┬[0m[1m─────────[0m[1m┬[0m[1m────────────────[0m[1m╮[0m
[1m│[0m[1m       Name      [0m[1m│[0m[1m          Kind/Image          [0m[1m│[0m[1m  State  [0m[1m│[0m[1m IPv4/6 Address [0m[1m│[0m
[1m├[0m[1m─────────────────[0m[1m┼[0m[1m──────────────────────────────[0m[1m┼[0m[1m─────────[0m[1m┼[0m[1m────────────────[0m[1m┤[0m
│ clab-ml-84-core │ linux                        │ running │ 192.168.84.105 │
│                 │ quay.io/frrouting/frr:10.6.0 │         │ N/A            │
├─────────────────┼──────────────────────────────┼─────────┼────────────────┤
│ clab-ml-84-dut  │ cisco_iol                    │ running │ 192.168.84.106 │
│                 │ vrnetlab/cisco_iol:17.16.01a │         │ N/A            │
├─────────────────┼──────────────────────────────┼─────────┼────────────────┤
│ clab-ml-84-h1   │ linux                        │ running │ 192.168.84.101 │
│                 │ python:3.13-alpine           │         │ N/A            │
├─────────────────┼──────────────────────────────┼─────────┼────────────────┤
│ clab-ml-84-h2   │ linux                        │ running │ 192.168.84.102 │
│                 │ python:3.13-alpine           │         │ N/A            │
├─────────────────┼──────────────────────────────┼─────────┼────────────────┤
│ clab-ml-84-pe1  │ ceos                         │ running │ 192.168.84.103 │
│                 │ ceos:4.35.2F                 │         │ N/A            │
├─────────────────┼──────────────────────────────┼─────────┼────────────────┤
│ clab-ml-84-pe2  │ ceos                         │ running │ 192.168.84.104 │
│                 │ ceos:4.35.2F                 │         │ N/A            │
╰─────────────────┴──────────────────────────────┴─────────┴────────────────╯

Initial configuration skipped, run 'netlab initial' to configure the devices
