Creating Device configuration snippets
[CREATED] h1: initial
[CREATED] h2: initial
[CREATED] pe1: normalize,initial,ospf,bgp,mpls,vrf
[CREATED] pe2: normalize,initial,ospf,bgp,mpls,vrf
[CREATED] core: initial,ospf,mpls
[CREATED] dut: initial,ospf,bgp,mpls
Checking Are lab devices ready to be configured?
 [INFO] Checking SSH server(s) on pe1,pe2,dut
[SSH]     SSH server on node pe2 (device eos) is ready after 6.2 seconds
[SSH]     SSH server on node dut (device iol) is ready after 6.3 seconds
Config Normalizing device configurations
 [INFO] Executing normalize configuration for node pe1
 [INFO] Executing normalize configuration for node pe2
Config Deploying device configurations
 [INFO] Executing initial configuration for node h1 (namespace clab-
          ml-17-h1)
 [INFO] Executing initial configuration for node h2 (namespace clab-
          ml-17-h2)
 [INFO] Executing initial configuration for node pe1
 [INFO] Executing initial configuration for node pe2
 [INFO] Executing initial configuration for node core
 [INFO] Executing ospf configuration for node core
 [INFO] Executing mpls configuration for node core
 [INFO] Executing ospf configuration for node pe1
 [INFO] Executing ospf configuration for node pe2
 [INFO] Executing bgp configuration for node pe1
 [INFO] Executing bgp configuration for node pe2
 [INFO] Executing mpls configuration for node pe2
 [INFO] Executing mpls configuration for node pe1
 [INFO] Executing vrf configuration for node pe2
 [INFO] Executing vrf configuration for node pe1
netmiko:  [INFO] Sent initial configuration to dut
netmiko:  [INFO] Sent ospf configuration to dut
netmiko:  [INFO] Sent bgp configuration to dut
netmiko:  [INFO] Sent mpls configuration to dut

Results of configuration script deployments
================================================================================
h1               Script:  initial
h2               Script:  initial
pe1              Script:  normalize,initial,ospf,bgp,mpls,vrf
pe2              Script:  normalize,initial,ospf,bgp,mpls,vrf
core             Script:  initial,ospf,mpls
dut              Script:  initial,ospf,bgp,mpls


The tested device (DUT) is a BGP route reflector for the VPNv4 addres family
It runs OSPF with the P-router and exchanges VPNv4 prefixes with PE-routers.
The validation tests check VRF IPv4 prefixes on the PE-routers and perform end-to-end connectivity tests.
