Checking virtualization provider installation
OK: clab installed and working correctly
Stopping clab nodes
provider clab: executing flock -E 42 /tmp/netlab.lock sudo -E containerlab destroy --cleanup -t clab.yml
06:37:22 INFO Parsing & checking topology file=clab.yml
06:37:22 INFO Parsing & checking topology file=clab.yml
06:37:22 INFO Destroying lab name=ml-17
06:37:23 INFO Removed container name=clab-ml-17-r22
06:37:23 INFO Removed container name=clab-ml-17-r21
06:37:23 INFO Removed container name=clab-ml-17-v1
06:37:23 INFO Removed container name=clab-ml-17-rb
06:37:23 INFO Removed container name=clab-ml-17-v2
06:37:24 INFO Removed container name=clab-ml-17-dut
06:37:24 INFO Removed container name=clab-ml-17-r12
06:37:24 INFO Removed container name=clab-ml-17-r11
06:37:24 INFO Removing host entries path=/etc/hosts
06:37:24 INFO Removing SSH config path=/etc/ssh/ssh_config.d/clab-ml-17.conf
Cleanup configuration files
... removing clab.yml
... removing ansible.cfg
... removing hosts.yml
... removing directory tree group_vars
... removing directory tree host_vars
... removing directory tree node_files
... removing netlab.snapshot.pickle
