Creating Device configuration snippets
[CREATED] dut: initial,isis,bgp,vrf,srv6
[CREATED] pe2: initial,isis,bgp,vrf,srv6
[CREATED] ce1: initial,bgp
[CREATED] ce2: initial,bgp
[CREATED] h1: initial
[CREATED] h2: initial
[CREATED] p: initial,isis
Checking Are lab devices ready to be configured?
 [INFO] Checking SSH server(s) on dut
[SSH]     SSH server on node dut (device vjunos-router) is ready after 148.4 seconds
 [INFO] Checking lab devices with an Ansible playbook
[WARNING]: Found variable using reserved name: hosts

PLAY [Wait for SSH servers] ****************************************************

PLAY [Wait for device-specific conditions] *************************************

TASK [Set variables that cannot be set with VARS] ******************************
ok: [dut]

TASK [Find device readiness script] ********************************************
ok: [dut]

TASK [Wait for device to become ready] *****************************************
included: /home/pipi/net101/tools/netsim/ansible/tasks/readiness-check/junos.yml for dut

TASK [set_fact] ****************************************************************
ok: [dut]

TASK [Wait for first interface (ge-0/0/0)] *************************************
ok: [dut]

PLAY RECAP *********************************************************************
dut                        : ok=5    changed=0    unreachable=0    failed=0    skipped=0    rescued=0    ignored=0   

Config Deploying device configurations
 [INFO] Executing initial configuration for node pe2
 [INFO] Executing initial configuration for node ce1
 [INFO] Executing initial configuration for node ce2
 [INFO] Executing initial configuration for node h1 (namespace clab-
          ml-31-h1)
 [INFO] Executing initial configuration for node h2 (namespace clab-
          ml-31-h2)
 [INFO] Executing initial configuration for node p
 [INFO] Executing bgp configuration for node ce2
 [INFO] Executing bgp configuration for node ce1
 [INFO] Executing isis configuration for node pe2
 [INFO] Executing isis configuration for node p
 [INFO] Executing bgp configuration for node pe2
 [INFO] Executing vrf configuration for node pe2
 [INFO] Executing srv6 configuration for node pe2
 [INFO] Starting Ansible playbook to deploy the rest of the
          configurations
[WARNING]: Found variable using reserved name: hosts

PLAY [Deploy initial device configuration] *************************************

TASK [Set variables that cannot be set with VARS] ******************************
ok: [dut]

TASK [Deploy initial configuration] ********************************************
included: /home/pipi/net101/tools/netsim/ansible/tasks/deploy-module.yml for dut

TASK [Figure out whether to deploy the module initial on current device] *******
ok: [dut]

TASK [Find configuration template for initial] *********************************
ok: [dut]

TASK [fail] ********************************************************************
skipping: [dut]

TASK [Find configuration deployment deploy_script for initial] *****************
ok: [dut]

TASK [Print deployed configuration when running in verbose mode] ***************
ok: [dut] => {
    "msg": "initial configuration for dut\n=========================================\nsystem {\n  host-name dut;\n  static-host-mapping {\n  }\n}\n\n\n\npolicy-options {\n  community tg_65000_1 members target:65000:1;\n}\n\n\n\npolicy-options {\n  policy-statement vrf-overlay-rt-export {\n    term 1 {\n      then {\n        community add tg_65000_1;\n        accept;\n      }\n    }\n  }\n\n\n  policy-statement vrf-overlay-rt-import {\n    term 1 {\n      from community [ tg_65000_1 ];\n      then accept;\n    }\n    term default {\n      then reject;\n    }\n  }\n}\n\nrouting-instances {\n\n  overlay {\n    instance-type vrf;\n    route-distinguisher 65000:1;\n\n    vrf-import vrf-overlay-rt-import;\n    vrf-export vrf-overlay-rt-export;\n\n    routing-options {\n      auto-export;\n    }\n\n    interface ge-0/0/1.0;\n    interface ge-0/0/2.0;\n\n  }\n\n}\ninterfaces {\n  ge-0/0/0 {\n    mtu 1514;\n  }\n  ge-0/0/1 {\n    mtu 1514;\n  }\n  ge-0/0/2 {\n    mtu 1514;\n  }\n\n  lo0.0 {\n\n      family inet6 {\n        address 2001:db8:0:1::1/64;\n      }\n  }\n  ge-0/0/0.0 {\n    description \"dut -> p\";\n\n      family inet6 {\n        address 2001:db8:1::1/64;\n      }\n  }\n  ge-0/0/1.0 {\n    description \"dut -> h1 [stub]\";\n\n      family inet6 {\n        address 2001:db8:3::1/64;\n      }\n  }\n  ge-0/0/2.0 {\n    description \"dut -> ce1 [external]\";\n\n      family inet6 {\n        address 2001:db8:2::2/64;\n      }\n  }\n}\nprotocols {\n  lldp {\n    interface fxp0 {\n      disable;\n    }\n    interface all;\n  }\n  router-advertisement {\n    interface ge-0/0/0.0;\n    interface ge-0/0/1.0;\n    interface ge-0/0/2.0;\n  }\n}\n"
}

TASK [Deploy initial configuration] ********************************************
included: /home/pipi/net101/tools/netsim/ansible/tasks/deploy-config/junos.yml for dut

TASK [junos_config: deploying initial from /work/netlab_cicd/junos/node_files/dut/initial] ***
[WARNING]: mgd: statement must contain additional statements
changed: [dut]

PLAY [Deploy module-specific configurations] ***********************************

TASK [Set variables that cannot be set with VARS] ******************************
ok: [dut]

TASK [Deploy individual configuration modules] *********************************
included: /home/pipi/net101/tools/netsim/ansible/tasks/deploy-module.yml for dut => (item=isis)
included: /home/pipi/net101/tools/netsim/ansible/tasks/deploy-module.yml for dut => (item=bgp)
included: /home/pipi/net101/tools/netsim/ansible/tasks/deploy-module.yml for dut => (item=vrf)
included: /home/pipi/net101/tools/netsim/ansible/tasks/deploy-module.yml for dut => (item=srv6)

TASK [Figure out whether to deploy the module isis on current device] **********
ok: [dut]

TASK [Find configuration template for isis] ************************************
ok: [dut]

TASK [fail] ********************************************************************
skipping: [dut]

TASK [Find configuration deployment deploy_script for isis] ********************
ok: [dut]

TASK [Print deployed configuration when running in verbose mode] ***************
ok: [dut] => {
    "msg": "isis configuration for dut\n=========================================\ninterfaces {\n  lo0 {\n    unit 0 {\n      family iso {\n        address 49.0001.0000.0000.0001.00\n      }\n    }\n  }\n}\nprotocols {\n  delete: isis;\n}\nprotocols {\n  isis {\n    topologies {\n      ipv6-unicast;\n    }\n\n    level 1 disable;\n\n    level 1 wide-metrics-only;\n    level 2 wide-metrics-only;\n    interface lo0.0;\n    interface ge-0/0/0.0 {\n      point-to-point;\n    }\n\n  }\n}\n\ninterfaces {\n  ge-0/0/0.0 {\n      family iso;\n  }\n}\n\n"
}

TASK [Deploy isis configuration] ***********************************************
included: /home/pipi/net101/tools/netsim/ansible/tasks/deploy-config/junos.yml for dut

TASK [junos_config: deploying isis from /work/netlab_cicd/junos/node_files/dut/isis] ***
[WARNING]:  statement not found
changed: [dut]

TASK [Figure out whether to deploy the module bgp on current device] ***********
ok: [dut]

TASK [Find configuration template for bgp] *************************************
ok: [dut]

TASK [fail] ********************************************************************
skipping: [dut]

TASK [Find configuration deployment deploy_script for bgp] *********************
ok: [dut]

TASK [Print deployed configuration when running in verbose mode] ***************
ok: [dut] => {
    "msg": "bgp configuration for dut\n=========================================\n\nrouting-options {\n  autonomous-system 65000;\n  router-id 10.0.0.1\n}\n\n\npolicy-options {\n  delete: policy-statement next-hop-ebgp-ipv4;\n  delete: policy-statement next-hop-all-ipv4;\n  delete: policy-statement next-hop-ebgp-ipv6;\n  delete: policy-statement next-hop-all-ipv6;\n\n  delete: policy-statement bgp-default-redistribute;\n  delete: route-filter-list bgp-default-announce-ipv4;\n  delete: route-filter-list bgp-default-announce-ipv6;\n\n  policy-statement bgp-final {\n    term final-option {\n      then {\n        accept;\n      }\n    }\n  }\n\n\n  policy-statement bgp-default-redistribute {\n\n    term redis_bgp {\n      from protocol bgp;\n      then {\n        next policy;\n      }\n    }\n    term redist_connected {\n      from {\n        protocol direct;\n      }\n      then {\n        next policy;\n      }\n    }\n\n    term default {\n      then reject;\n    }\n  }\n\n\n  policy-statement next-hop-ebgp-ipv4 {\n    term next-hop-self-ipv4 {\n      from {\n        family inet;\n        route-type external;\n      }\n      then {\n        next-hop self;\n      }\n    }\n  }\n  policy-statement next-hop-all-ipv4 {\n    term next-hop-self-ipv4 {\n      from {\n        family inet;\n      }\n      then {\n        next-hop self;\n      }\n    }\n  }\n  policy-statement next-hop-ebgp-ipv6 {\n    term next-hop-self-ipv6 {\n      from {\n        family inet6;\n        route-type external;\n      }\n      then {\n        next-hop self;\n      }\n    }\n  }\n  policy-statement next-hop-all-ipv6 {\n    term next-hop-self-ipv6 {\n      from {\n        family inet6;\n      }\n      then {\n        next-hop self;\n      }\n    }\n  }\n\n  policy-statement bgp-initial {\n    term initial-cleanup {\n      then {\n        next policy;\n      }\n    }\n  }\n\n}protocols {\n  delete: bgp;\n}\nprotocols {\n  bgp {\n    group ibgp-peers-ipv6 {\n      type internal;\n      export [ \n          next-hop-ebgp-ipv6 bgp-default-redistribute bgp-final\n        ];\n      advertise-inactive;\n      neighbor 2001:db8:0:2::1 {\n\n        local-address 2001:db8:0:1::1;\n        description pe2;\n        shutdown;\n\n      }\n    }\n    group ebgp-peers {\n      export [ \n          bgp-default-redistribute bgp-final\n        ];\n      advertise-inactive;\n    }\n  }\n}\n"
}

TASK [Deploy bgp configuration] ************************************************
included: /home/pipi/net101/tools/netsim/ansible/tasks/deploy-config/junos.yml for dut

TASK [junos_config: deploying bgp from /work/netlab_cicd/junos/node_files/dut/bgp] ***
changed: [dut]

TASK [Figure out whether to deploy the module vrf on current device] ***********
ok: [dut]

TASK [Find configuration template for vrf] *************************************
ok: [dut]

TASK [fail] ********************************************************************
skipping: [dut]

TASK [Find configuration deployment deploy_script for vrf] *********************
ok: [dut]

TASK [Print deployed configuration when running in verbose mode] ***************
ok: [dut] => {
    "msg": "vrf configuration for dut\n=========================================\n\n\npolicy-options {\n  delete: policy-statement bgp-overlay-redistribute;\n  delete: route-filter-list bgp-overlay-announce-ipv4;\n  delete: route-filter-list bgp-overlay-announce-ipv6;\n\n  policy-statement bgp-final {\n    term final-option {\n      then {\n        accept;\n      }\n    }\n  }\n\n  route-filter-list bgp-overlay-announce-ipv6 {\n    2001:db8:3::/64 exact;\n  }\n\n  policy-statement bgp-overlay-redistribute {\n    term advertise-ipv6 {\n      from {\n        route-filter-list bgp-overlay-announce-ipv6;\n      }\n      then {\n        next policy;\n      }\n    }\n\n    term redis_bgp {\n      from protocol bgp;\n      then {\n        next policy;\n      }\n    }\n    term redist_connected {\n      from {\n        protocol direct;\n      }\n      then {\n        next policy;\n      }\n    }\n\n    term default {\n      then reject;\n    }\n  }\n\n\n}\n\n\nrouting-instances {\n\n  overlay {\n    routing-options {\n      autonomous-system 65000;\n      router-id 10.0.0.1\n    }\n\n    protocols {\n      bgp {\n\n        group ebgp-peers {\n          export [ bgp-overlay-redistribute bgp-final ];\n          advertise-inactive;\n          neighbor 2001:db8:2::1 {\n\n            peer-as 65101;\n            description ce1;\n          }\n        }\n      }\n    }\n  }\n\n}\n"
}

TASK [Deploy vrf configuration] ************************************************
included: /home/pipi/net101/tools/netsim/ansible/tasks/deploy-config/junos.yml for dut

TASK [junos_config: deploying vrf from /work/netlab_cicd/junos/node_files/dut/vrf] ***
changed: [dut]

TASK [Figure out whether to deploy the module srv6 on current device] **********
ok: [dut]

TASK [Find configuration template for srv6] ************************************
ok: [dut]

TASK [fail] ********************************************************************
skipping: [dut]

TASK [Find configuration deployment deploy_script for srv6] ********************
ok: [dut]

TASK [Print deployed configuration when running in verbose mode] ***************
ok: [dut] => {
    "msg": "srv6 configuration for dut\n=========================================\nrouting-options {\n  source-packet-routing {\n    srv6 {\n      locator dut {\n        5f00:0:1::/48;\n        micro-sid;\n      }\n    }\n  }\n}\nprotocols {\n  isis {\n    source-packet-routing {\n      srv6 {\n        locator dut micro-node-sid;\n      }\n    }\n  }\n}\n\nrouting-instances {\n  overlay {\n    protocols {\n      bgp {\n        source-packet-routing {\n          srv6 {\n            locator dut {\n              micro-dt6-sid;\n            }\n          }\n        }\n      }\n    }\n  }\n}\n\nprotocols {\n  bgp {\n    source-packet-routing {\n      srv6 {\n        locator dut {\n            micro-dt4-sid;\n            micro-dt6-sid;\n        }\n      }\n    }\n    group ibgp-peers-ipv6 {\n      neighbor 2001:db8:0:2::1 {\n        delete: shutdown;\n        family inet6-vpn {\n          unicast {\n            advertise-srv6-service;\n            accept-srv6-service;\n          }\n        }\n      }\n    }\n  }\n}\n"
}

TASK [Deploy srv6 configuration] ***********************************************
included: /home/pipi/net101/tools/netsim/ansible/tasks/deploy-config/junos.yml for dut

TASK [junos_config: deploying srv6 from /work/netlab_cicd/junos/node_files/dut/srv6] ***
changed: [dut]

PLAY [Deploy custom deployment templates] **************************************
skipping: no hosts matched

PLAY RECAP *********************************************************************
dut                        : ok=37   changed=5    unreachable=0    failed=0    skipped=5    rescued=0    ignored=0   

Results of configuration script deployments
================================================================================
pe2              Script:  initial,isis,bgp,vrf,srv6
ce1              Script:  initial,bgp
ce2              Script:  initial,bgp
h1               Script:  initial
h2               Script:  initial
p                Script:  initial,isis


The tested device (DUT) is a PE-router running IS-IS, BGP L3VPN and SRv6
across an IPv6-only network to interconnect two IPv6-only networks. The
validation test checks end-to-end L3VPN IPv6 connectivity across a SRv6 core.

