Using transformed lab topology from snapshot file netlab.snapshot.pickle
Checking virtualization provider installation
OK: clab installed and working correctly
Starting clab nodes
provider clab: executing flock -E 42 /tmp/netlab.lock sudo -E containerlab deploy --reconfigure -t clab.yml
22:52:30 INFO Containerlab started version=0.75.0
22:52:30 INFO Parsing & checking topology file=clab.yml
22:52:30 INFO Removing directory path=/work/netlab_cicd/junos/clab-ml-31
22:52:30 INFO Creating docker network name=nl_mgmt_31 IPv4 subnet=192.168.31.0/24 IPv6 subnet="" MTU=0
22:52:30 INFO Creating lab directory path=/work/netlab_cicd/junos/clab-ml-31
22:52:31 INFO Creating container name=h1
22:52:31 INFO Creating container name=ros
22:52:31 INFO Creating container name=s1
22:52:31 INFO Creating container name=h2
22:52:31 INFO Created link: s1:eth2 ▪┄┄▪ h1:eth1
22:52:31 INFO Created link: s1:eth3 ▪┄┄▪ h2:eth1
22:52:31 INFO Created link: s1:eth1 ▪┄┄▪ ros:eth1
22:52:32 INFO Executed command node=s1 command="sleep 1" stdout=""
22:52:32 INFO Adding host entries path=/etc/hosts
22:52:32 INFO Adding SSH config for nodes path=/etc/ssh/ssh_config.d/clab-ml-31.conf
[1m╭[0m[1m────────────────[0m[1m┬[0m[1m────────────────────────────────────────────[0m[1m┬[0m[1m────────────────────[0m[1m┬[0m[1m────────────────[0m[1m╮[0m
[1m│[0m[1m      Name      [0m[1m│[0m[1m                 Kind/Image                 [0m[1m│[0m[1m        State       [0m[1m│[0m[1m IPv4/6 Address [0m[1m│[0m
[1m├[0m[1m────────────────[0m[1m┼[0m[1m────────────────────────────────────────────[0m[1m┼[0m[1m────────────────────[0m[1m┼[0m[1m────────────────[0m[1m┤[0m
│ clab-ml-31-h1  │ linux                                      │ running            │ 192.168.31.103 │
│                │ python:3.13-alpine                         │                    │ N/A            │
├────────────────┼────────────────────────────────────────────┼────────────────────┼────────────────┤
│ clab-ml-31-h2  │ linux                                      │ running            │ 192.168.31.104 │
│                │ python:3.13-alpine                         │                    │ N/A            │
├────────────────┼────────────────────────────────────────────┼────────────────────┼────────────────┤
│ clab-ml-31-ros │ juniper_vjunosrouter                       │ running            │ 192.168.31.102 │
│                │ vrnetlab/juniper_vjunos-router:23.4R2-S2.1 │ (health: starting) │ N/A            │
├────────────────┼────────────────────────────────────────────┼────────────────────┼────────────────┤
│ clab-ml-31-s1  │ linux                                      │ running            │ 192.168.31.101 │
│                │ quay.io/frrouting/frr:10.6.1               │                    │ N/A            │
╰────────────────┴────────────────────────────────────────────┴────────────────────┴────────────────╯

Initial configuration skipped, run 'netlab initial' to configure the devices
