Creating Device configuration snippets
[CREATED] dut_dns: initial,services
[CREATED] dut_hosts: initial
[CREATED] dnssrv: initial,dhcp,services,routing
[CREATED] t1: initial,routing
Config Deploying device configurations
 [INFO] Executing initial configuration for node dnssrv (namespace
          clab-ml-17-dnssrv)
 [INFO] Executing initial configuration for node t1 (namespace clab-
          ml-17-t1)
 [INFO] Executing routing configuration for node dnssrv (namespace
          clab-ml-17-dnssrv)
 [INFO] Executing routing configuration for node t1 (namespace clab-
          ml-17-t1)
 [INFO] Starting Ansible playbook to deploy the rest of the
          configurations
[WARNING]: Found variable using reserved name: hosts

PLAY [Deploy initial device configuration] *************************************

TASK [Set variables that cannot be set with VARS] ******************************
ok: [dut_dns]
ok: [dut_hosts]

TASK [Deploy initial configuration] ********************************************
included: /home/pipi/netlab_gh/netsim/ansible/tasks/deploy-module.yml for dut_dns, dut_hosts

TASK [Figure out whether to deploy the module initial on current device] *******
ok: [dut_dns]
ok: [dut_hosts]

TASK [Find configuration template for initial] *********************************
ok: [dut_dns]
ok: [dut_hosts]

TASK [fail] ********************************************************************
skipping: [dut_dns]
skipping: [dut_hosts]

TASK [Find configuration deployment deploy_script for initial] *****************
ok: [dut_dns]
ok: [dut_hosts]

TASK [Print deployed configuration when running in verbose mode] ***************
ok: [dut_dns] => {
    "msg": "initial configuration for dut_dns\n=========================================\n#!/bin/sh\n\nset -e # Exit immediately when any command fails\nset -x # Track commands for troubleshooting\n\nhostname dut-dns\n#\n# Build hosts file\n#\n#\ncat <<'SCRIPT' >/tmp/hosts\n#\n# Created by netlab initial\n#\n172.16.0.3 dnssrv eth1.dnssrv\n10.0.0.1 dut-dns dut_dns\n172.16.0.1 vio1.dut_dns\n10.0.0.2 dut-hosts dut_hosts\n172.16.0.2 vio1.dut_hosts\n172.16.0.4 t1 eth1.t1\nSCRIPT\ngrep \"Created by netlab\" /etc/hosts || uniq /tmp/hosts >>/etc/hosts\n\n#\n# Enable forwarding\n#\nsysctl net.inet.ip.forwarding=1\nsysctl net.inet6.ip6.forwarding=1\necho -n > /etc/rad.conf\n\n#\n# Interface configuration\n#\nifconfig lo0 inet 10.0.0.1/32 alias\nifconfig lo0 up\n\n\n\n\nifconfig vio1 -inet\nifconfig vio1 -inet6\nifconfig vio1 inet 172.16.0.1/24 \nifconfig vio1 mtu 1500\nifconfig vio1 description \"dut_dns -> [dut_hosts,dnssrv,t1]\"\nifconfig vio1 up\n\n\n#\n# (re-)start RA daemon\n#\npkill -q rad || true\nrad\n"
}
ok: [dut_hosts] => {
    "msg": "initial configuration for dut_hosts\n=========================================\n#!/bin/sh\n\nset -e # Exit immediately when any command fails\nset -x # Track commands for troubleshooting\n\nhostname dut-hosts\n#\n# Build hosts file\n#\n#\ncat <<'SCRIPT' >/tmp/hosts\n#\n# Created by netlab initial\n#\n172.16.0.3 dnssrv eth1.dnssrv\n10.0.0.1 dut-dns dut_dns\n172.16.0.1 vio1.dut_dns\n10.0.0.2 dut-hosts dut_hosts\n172.16.0.2 vio1.dut_hosts\n172.16.0.4 t1 eth1.t1\nSCRIPT\ngrep \"Created by netlab\" /etc/hosts || uniq /tmp/hosts >>/etc/hosts\n\n#\n# Enable forwarding\n#\nsysctl net.inet.ip.forwarding=1\nsysctl net.inet6.ip6.forwarding=1\necho -n > /etc/rad.conf\n\n#\n# Interface configuration\n#\nifconfig lo0 inet 10.0.0.2/32 alias\nifconfig lo0 up\n\n\n\n\nifconfig vio1 -inet\nifconfig vio1 -inet6\nifconfig vio1 inet 172.16.0.2/24 \nifconfig vio1 mtu 1500\nifconfig vio1 description \"dut_hosts -> [dut_dns,dnssrv,t1]\"\nifconfig vio1 up\n\n\n#\n# (re-)start RA daemon\n#\npkill -q rad || true\nrad\n"
}

TASK [Deploy initial configuration] ********************************************
included: /home/pipi/netlab_gh/netsim/ansible/tasks/deploy-config/openbsd.yml for dut_dns, dut_hosts

TASK [template] ****************************************************************
changed: [dut_dns]
changed: [dut_hosts]

TASK [Execute /tmp/config.sh to deploy initial config from /work/netlab_cicd/node_files/dut_dns/initial] ***
changed: [dut_dns]
changed: [dut_hosts]

PLAY [Deploy module-specific configurations] ***********************************

TASK [Set variables that cannot be set with VARS] ******************************
ok: [dut_dns]

TASK [Deploy individual configuration modules] *********************************
included: /home/pipi/netlab_gh/netsim/ansible/tasks/deploy-module.yml for dut_dns => (item=dhcp)
included: /home/pipi/netlab_gh/netsim/ansible/tasks/deploy-module.yml for dut_dns => (item=services)
included: /home/pipi/netlab_gh/netsim/ansible/tasks/deploy-module.yml for dut_dns => (item=routing)

TASK [Figure out whether to deploy the module dhcp on current device] **********
ok: [dut_dns]

TASK [Find configuration template for dhcp] ************************************
skipping: [dut_dns]

TASK [fail] ********************************************************************
skipping: [dut_dns]

TASK [Find configuration deployment deploy_script for dhcp] ********************
skipping: [dut_dns]

TASK [Print deployed configuration when running in verbose mode] ***************
skipping: [dut_dns]

TASK [Deploy dhcp configuration] ***********************************************
skipping: [dut_dns]

TASK [Figure out whether to deploy the module services on current device] ******
ok: [dut_dns]

TASK [Find configuration template for services] ********************************
ok: [dut_dns]

TASK [fail] ********************************************************************
skipping: [dut_dns]

TASK [Find configuration deployment deploy_script for services] ****************
ok: [dut_dns]

TASK [Print deployed configuration when running in verbose mode] ***************
ok: [dut_dns] => {
    "msg": "services configuration for dut_dns\n=========================================\n#!/bin/sh\ncat <<'CONFIG' >/etc/resolv.conf\n# /etc/resolv.conf generated by netlab\nnameserver 172.16.0.3\nsearch cicd.local\noptions edns0 trust-ad ndots:0\nCONFIG\n\n# Syslog configuration comes here (eventually)\n"
}

TASK [Deploy services configuration] *******************************************
included: /home/pipi/netlab_gh/netsim/ansible/tasks/deploy-config/openbsd.yml for dut_dns

TASK [template] ****************************************************************
changed: [dut_dns]

TASK [Execute /tmp/config.sh to deploy services config from /work/netlab_cicd/node_files/dut_dns/services] ***
changed: [dut_dns]

TASK [Figure out whether to deploy the module routing on current device] *******
ok: [dut_dns]

TASK [Find configuration template for routing] *********************************
skipping: [dut_dns]

TASK [fail] ********************************************************************
skipping: [dut_dns]

TASK [Find configuration deployment deploy_script for routing] *****************
skipping: [dut_dns]

TASK [Print deployed configuration when running in verbose mode] ***************
skipping: [dut_dns]

TASK [Deploy routing configuration] ********************************************
skipping: [dut_dns]

PLAY [Deploy custom deployment templates] **************************************
skipping: no hosts matched

PLAY RECAP *********************************************************************
dut_dns                    : ok=22   changed=4    unreachable=0    failed=0    skipped=12   rescued=0    ignored=0   
dut_hosts                  : ok=9    changed=2    unreachable=0    failed=0    skipped=1    rescued=0    ignored=0   

Results of configuration script deployments
================================================================================
dnssrv           Script:  initial,routing
t1               Script:  initial,routing


The test checks the DNS client configuration on DUT. The validate.ping
entry must specify the "ping" command for all supported devices; the
test performs the ping, checks for the presence of remote IP address
in the output (= name resolution works), and then checks for the DNS
query on the DNS server (= DNS client works).

