Creating Device configuration snippets
[CREATED] dut: initial,services,ospf
[CREATED] nms: initial,dhcp,services,routing
[CREATED] x1: initial,services,ospf
Config Deploying device configurations
 [INFO] Executing initial configuration for node nms (namespace clab-
          ml-17-nms)
 [INFO] Executing initial configuration for node x1
 [INFO] Executing routing configuration for node nms (namespace clab-
          ml-17-nms)
 [INFO] Executing services configuration for node x1
 [INFO] Executing ospf configuration for node x1
 [INFO] Starting Ansible playbook to deploy the rest of the
          configurations
[WARNING]: Found variable using reserved name: hosts

PLAY [Deploy initial device configuration] *************************************

TASK [Set variables that cannot be set with VARS] ******************************
ok: [dut]

TASK [Deploy initial configuration] ********************************************
included: /home/pipi/netlab_gh/netsim/ansible/tasks/deploy-module.yml for dut

TASK [Figure out whether to deploy the module initial on current device] *******
ok: [dut]

TASK [Find configuration template for initial] *********************************
ok: [dut]

TASK [fail] ********************************************************************
skipping: [dut]

TASK [Find configuration deployment deploy_script for initial] *****************
ok: [dut]

TASK [Print deployed configuration when running in verbose mode] ***************
ok: [dut] => {
    "msg": "initial configuration for dut\n=========================================\n#!/bin/sh\n\nset -e # Exit immediately when any command fails\nset -x # Track commands for troubleshooting\n\nhostname dut\n#\n# Build hosts file\n#\n#\ncat <<'SCRIPT' >/tmp/hosts\n#\n# Created by netlab initial\n#\n10.0.0.1 dut\n172.16.0.1 vio1.dut\n172.16.0.2 nms eth1.nms\n10.0.0.3 x1\n172.16.0.3 eth1.x1\nSCRIPT\ngrep \"Created by netlab\" /etc/hosts || uniq /tmp/hosts >>/etc/hosts\n\n#\n# Enable forwarding\n#\nsysctl net.inet.ip.forwarding=1\nsysctl net.inet6.ip6.forwarding=1\necho -n > /etc/rad.conf\n\n#\n# Interface configuration\n#\nifconfig lo0 inet 10.0.0.1/32 alias\nifconfig lo0 up\n\n\n\n\nifconfig vio1 -inet\nifconfig vio1 -inet6\nifconfig vio1 inet 172.16.0.1/24 \nifconfig vio1 mtu 1500\nifconfig vio1 description \"dut -> [nms,x1]\"\nifconfig vio1 up\n\n\n#\n# (re-)start RA daemon\n#\npkill -q rad || true\nrad\n"
}

TASK [Deploy initial configuration] ********************************************
included: /home/pipi/netlab_gh/netsim/ansible/tasks/deploy-config/openbsd.yml for dut

TASK [template] ****************************************************************
changed: [dut]

TASK [Execute /tmp/config.sh to deploy initial config from /work/netlab_cicd/node_files/dut/initial] ***
changed: [dut]

PLAY [Deploy module-specific configurations] ***********************************

TASK [Set variables that cannot be set with VARS] ******************************
ok: [dut]

TASK [Deploy individual configuration modules] *********************************
included: /home/pipi/netlab_gh/netsim/ansible/tasks/deploy-module.yml for dut => (item=services)
included: /home/pipi/netlab_gh/netsim/ansible/tasks/deploy-module.yml for dut => (item=dhcp)
included: /home/pipi/netlab_gh/netsim/ansible/tasks/deploy-module.yml for dut => (item=routing)
included: /home/pipi/netlab_gh/netsim/ansible/tasks/deploy-module.yml for dut => (item=ospf)

TASK [Figure out whether to deploy the module services on current device] ******
ok: [dut]

TASK [Find configuration template for services] ********************************
ok: [dut]

TASK [fail] ********************************************************************
skipping: [dut]

TASK [Find configuration deployment deploy_script for services] ****************
ok: [dut]

TASK [Print deployed configuration when running in verbose mode] ***************
ok: [dut] => {
    "msg": "services configuration for dut\n=========================================\n#!/bin/sh\n\n# Syslog configuration comes here (eventually)\ncat <<'SYSLOG' >>/etc/syslog.conf\n*.*\t\t@udp4://172.16.0.2\nSYSLOG\n\nrcctl restart syslogd\n"
}

TASK [Deploy services configuration] *******************************************
included: /home/pipi/netlab_gh/netsim/ansible/tasks/deploy-config/openbsd.yml for dut

TASK [template] ****************************************************************
changed: [dut]

TASK [Execute /tmp/config.sh to deploy services config from /work/netlab_cicd/node_files/dut/services] ***
changed: [dut]

TASK [Figure out whether to deploy the module dhcp on current device] **********
ok: [dut]

TASK [Find configuration template for dhcp] ************************************
skipping: [dut]

TASK [fail] ********************************************************************
skipping: [dut]

TASK [Find configuration deployment deploy_script for dhcp] ********************
skipping: [dut]

TASK [Print deployed configuration when running in verbose mode] ***************
skipping: [dut]

TASK [Deploy dhcp configuration] ***********************************************
skipping: [dut]

TASK [Figure out whether to deploy the module routing on current device] *******
ok: [dut]

TASK [Find configuration template for routing] *********************************
skipping: [dut]

TASK [fail] ********************************************************************
skipping: [dut]

TASK [Find configuration deployment deploy_script for routing] *****************
skipping: [dut]

TASK [Print deployed configuration when running in verbose mode] ***************
skipping: [dut]

TASK [Deploy routing configuration] ********************************************
skipping: [dut]

TASK [Figure out whether to deploy the module ospf on current device] **********
ok: [dut]

TASK [Find configuration template for ospf] ************************************
ok: [dut]

TASK [fail] ********************************************************************
skipping: [dut]

TASK [Find configuration deployment deploy_script for ospf] ********************
ok: [dut]

TASK [Print deployed configuration when running in verbose mode] ***************
ok: [dut] => {
    "msg": "ospf configuration for dut\n=========================================\n#!/bin/sh\ncat <<'OSPFD_CONF' >/etc/ospfd.conf\nrouter-id 10.0.0.1\nspf-delay msec 100\nspf-holdtime msec 200\n\narea 0.0.0.0 {\n    interface lo0:10.0.0.1 {\n    }\n    interface vio1 {\n        type p2p\n    }\n}\n \nOSPFD_CONF\n\nchmod 640 /etc/ospfd.conf\nrcctl enable ospfd\nrcctl restart ospfd\n\n"
}

TASK [Deploy ospf configuration] ***********************************************
included: /home/pipi/netlab_gh/netsim/ansible/tasks/deploy-config/openbsd.yml for dut

TASK [template] ****************************************************************
changed: [dut]

TASK [Execute /tmp/config.sh to deploy ospf config from /work/netlab_cicd/node_files/dut/ospf] ***
changed: [dut]

PLAY [Deploy custom deployment templates] **************************************
skipping: no hosts matched

PLAY RECAP *********************************************************************
dut                        : ok=30   changed=6    unreachable=0    failed=0    skipped=13   rescued=0    ignored=0   

Results of configuration script deployments
================================================================================
nms              Script:  initial,routing
x1               Script:  initial,services,ospf


The test checks the syslog client configuration on DUT. An OSPFv2
session is established between X1 and DUT, and we expect DUT to log it
to the syslog server.

