Using transformed lab topology from snapshot file netlab.snapshot.pickle
Checking virtualization provider installation
OK: libvirt installed and working correctly
OK: clab installed and working correctly
Starting libvirt nodes
creating libvirt management network nl_mgmt_17
provider libvirt: executing flock -E 42 /tmp/netlab.lock vagrant up --provider libvirt
Bringing machine 'r1' up with 'libvirt' provider...
Bringing machine 'r2' up with 'libvirt' provider...
Bringing machine 'h1' up with 'libvirt' provider...
Bringing machine 'h2' up with 'libvirt' provider...
==> r1: Checking if box 'netlab/frr' version '10.5.1' is up to date...
[fog][WARNING] Unrecognized arguments: libvirt_ip_command
==> r1: Creating image (snapshot of base box volume).
==> r1: Creating domain with the following settings...
==> r2: Checking if box 'netlab/frr' version '10.5.1' is up to date...
==> r1:  -- Name:              ml-17_r1
==> r1:  -- Description:       Source: /work/netlab_cicd/Vagrantfile
==> r1:  -- Domain type:       kvm
[fog][WARNING] Unrecognized arguments: libvirt_ip_command
==> r1:  -- Cpus:              1
==> r2: Creating image (snapshot of base box volume).
==> r2: Creating domain with the following settings...
==> r1:  -- Feature:           acpi
==> r2:  -- Name:              ml-17_r2
==> r1:  -- Feature:           apic
==> r2:  -- Description:       Source: /work/netlab_cicd/Vagrantfile
==> r1:  -- Feature:           pae
==> r1:  -- Clock offset:      utc
==> r2:  -- Domain type:       kvm
==> r1:  -- Memory:            1024M
==> r2:  -- Cpus:              1
==> r1:  -- Management MAC:    ca:fe:00:01:00:00
==> r2:  -- Feature:           acpi
==> r1:  -- Base box:          netlab/frr
==> r2:  -- Feature:           apic
==> r1:  -- Storage pool:      default
==> r2:  -- Feature:           pae
==> r1:  -- Image(vda):        /var/lib/libvirt/images/ml-17_r1.img, virtio, 3G
==> r2:  -- Clock offset:      utc
==> r1:  -- Disk driver opts:  cache='default'
==> r2:  -- Memory:            1024M
==> r1:  -- Graphics Type:     vnc
==> r2:  -- Management MAC:    ca:fe:00:02:00:00
==> r1:  -- Video Type:        cirrus
==> r2:  -- Base box:          netlab/frr
==> r1:  -- Video VRAM:        16384
==> r2:  -- Storage pool:      default
==> r1:  -- Video 3D accel:    false
==> r2:  -- Image(vda):        /var/lib/libvirt/images/ml-17_r2.img, virtio, 3G
==> r1:  -- Keymap:            en-us
==> r2:  -- Disk driver opts:  cache='default'
==> r1:  -- TPM Backend:       passthrough
==> r2:  -- Graphics Type:     vnc
==> r1:  -- INPUT:             type=mouse, bus=ps2
==> r2:  -- Video Type:        cirrus
==> r2:  -- Video VRAM:        16384
==> r2:  -- Video 3D accel:    false
==> r2:  -- Keymap:            en-us
==> r2:  -- TPM Backend:       passthrough
==> r2:  -- INPUT:             type=mouse, bus=ps2
==> h2: Checking if box 'bento/ubuntu-24.04' version '202508.03.0' is up to date...
==> h1: Checking if box 'bento/ubuntu-24.04' version '202508.03.0' is up to date...
[fog][WARNING] Unrecognized arguments: libvirt_ip_command
==> h1: Creating image (snapshot of base box volume).
==> h1: Creating domain with the following settings...
==> h1:  -- Name:              ml-17_h1
==> h1:  -- Description:       Source: /work/netlab_cicd/Vagrantfile
==> h1:  -- Domain type:       kvm
==> h1:  -- Cpus:              1
==> h1:  -- Feature:           acpi
==> h1:  -- Feature:           apic
==> h1:  -- Feature:           pae
==> h1:  -- Clock offset:      utc
==> h1:  -- Memory:            1024M
==> h1:  -- Management MAC:    ca:fe:00:05:00:00
==> h1:  -- Base box:          bento/ubuntu-24.04
==> h1:  -- Storage pool:      default
==> h1:  -- Image(vda):        /var/lib/libvirt/images/ml-17_h1.img, virtio, 64G
==> h1:  -- Disk driver opts:  cache='default'
==> h1:  -- Graphics Type:     vnc
==> h1:  -- Video Type:        cirrus
==> h1:  -- Video VRAM:        16384
==> h1:  -- Video 3D accel:    false
==> h1:  -- Keymap:            en-us
==> h1:  -- TPM Backend:       passthrough
==> h1:  -- INPUT:             type=mouse, bus=ps2
==> r1: Creating shared folders metadata...
==> r2: Creating shared folders metadata...
==> r1: Starting domain.
==> r2: Starting domain.
==> r1: Domain launching with graphics connection settings...
==> r2: Domain launching with graphics connection settings...
==> r1:  -- Graphics Port:      5900
==> r2:  -- Graphics Port:      5901
==> r1:  -- Graphics IP:        127.0.0.1
==> r2:  -- Graphics IP:        127.0.0.1
==> r1:  -- Graphics Password:  Not defined
==> r2:  -- Graphics Password:  Not defined
==> r1:  -- Graphics Websocket: 5700
==> r2:  -- Graphics Websocket: 5701
[fog][WARNING] Unrecognized arguments: libvirt_ip_command
==> r1: Waiting for domain to get an IP address...
==> r2: Waiting for domain to get an IP address...
==> h2: Creating image (snapshot of base box volume).
==> h2: Creating domain with the following settings...
==> h2:  -- Name:              ml-17_h2
==> h2:  -- Description:       Source: /work/netlab_cicd/Vagrantfile
==> h2:  -- Domain type:       kvm
==> h2:  -- Cpus:              1
==> h2:  -- Feature:           acpi
==> h2:  -- Feature:           apic
==> h2:  -- Feature:           pae
==> h2:  -- Clock offset:      utc
==> h2:  -- Memory:            1024M
==> h2:  -- Management MAC:    ca:fe:00:06:00:00
==> h2:  -- Base box:          bento/ubuntu-24.04
==> h2:  -- Storage pool:      default
==> h1: Creating shared folders metadata...
==> h2:  -- Image(vda):        /var/lib/libvirt/images/ml-17_h2.img, virtio, 64G
==> h1: Starting domain.
==> h2:  -- Disk driver opts:  cache='default'
==> h1: Domain launching with graphics connection settings...
==> h2:  -- Graphics Type:     vnc
==> h1:  -- Graphics Port:      5903
==> h2:  -- Video Type:        cirrus
==> h1:  -- Graphics IP:        127.0.0.1
==> h2:  -- Video VRAM:        16384
==> h1:  -- Graphics Password:  Not defined
==> h2:  -- Video 3D accel:    false
==> h1:  -- Graphics Websocket: 5703
==> h2:  -- Keymap:            en-us
==> h1: Waiting for domain to get an IP address...
==> h2:  -- TPM Backend:       passthrough
==> h2:  -- INPUT:             type=mouse, bus=ps2
==> h2: Creating shared folders metadata...
==> h2: Starting domain.
==> h2: Domain launching with graphics connection settings...
==> h2:  -- Graphics Port:      5904
==> h2:  -- Graphics IP:        127.0.0.1
==> h2:  -- Graphics Password:  Not defined
==> h2:  -- Graphics Websocket: 5704
==> h2: Waiting for domain to get an IP address...
==> r1: Waiting for machine to boot. This may take a few minutes...
    r1: SSH address: 192.168.17.101:22
    r1: SSH username: vagrant
    r1: SSH auth method: private key
    r1: Warning: Connection refused. Retrying...
==> r2: Waiting for machine to boot. This may take a few minutes...
    r2: SSH address: 192.168.17.102:22
    r2: SSH username: vagrant
    r2: SSH auth method: private key
    r2: Warning: Connection refused. Retrying...
    r1: 
    r1: Vagrant insecure key detected. Vagrant will automatically replace
    r1: this with a newly generated keypair for better security.
    r2: 
    r2: Vagrant insecure key detected. Vagrant will automatically replace
    r2: this with a newly generated keypair for better security.
==> h1: Waiting for machine to boot. This may take a few minutes...
    h1: SSH address: 192.168.17.105:22
    h1: SSH username: vagrant
    h1: SSH auth method: private key
    h1: Warning: Connection refused. Retrying...
    h1: 
    h1: Vagrant insecure key detected. Vagrant will automatically replace
    h1: this with a newly generated keypair for better security.
    r1: 
    r1: Inserting generated public key within guest...
    h1: 
    h1: Inserting generated public key within guest...
    r2: 
    r2: Inserting generated public key within guest...
    r1: Removing insecure key from the guest if it's present...
    h1: Removing insecure key from the guest if it's present...
    r2: Removing insecure key from the guest if it's present...
    r1: Key inserted! Disconnecting and reconnecting using new SSH key...
    h1: Key inserted! Disconnecting and reconnecting using new SSH key...
    r2: Key inserted! Disconnecting and reconnecting using new SSH key...
==> r2: Machine booted and ready!
==> r1: Machine booted and ready!
==> h1: Machine booted and ready!
==> r1: Running provisioner: shell...
==> r2: Running provisioner: shell...
    r1: Running: inline script
    r2: Running: inline script
==> h2: Waiting for machine to boot. This may take a few minutes...
    r1: Setting password for user Vagrant
    h2: SSH address: 192.168.17.106:22
    r1: Enabling SSH password authentication
    h2: SSH username: vagrant
    h2: SSH auth method: private key
    r2: Setting password for user Vagrant
    r1: /usr/lib/frr/frrinit.sh
    r1: FRR already installed, skipping installation
    r2: Enabling SSH password authentication
    r2: /usr/lib/frr/frrinit.sh
    r2: FRR already installed, skipping installation
    h2: 
    h2: Vagrant insecure key detected. Vagrant will automatically replace
    h2: this with a newly generated keypair for better security.
    h2: 
    h2: Inserting generated public key within guest...
    h2: Removing insecure key from the guest if it's present...
    h2: Key inserted! Disconnecting and reconnecting using new SSH key...
==> h2: Machine booted and ready!
Starting clab nodes
Recreating clab-augment.yml configuration file for clab provider
Created provider configuration file: clab-augment.yml
provider clab: executing flock -E 42 /tmp/netlab.lock sudo -E containerlab deploy --reconfigure -t clab-augment.yml
16:32:05 INFO Containerlab started version=0.75.0
16:32:05 INFO Parsing & checking topology file=clab-augment.yml
16:32:05 INFO Removing directory path=/work/netlab_cicd/clab-ml-17
16:32:05 INFO Creating docker network name=nl_mgmt_17 IPv4 subnet=192.168.17.0/24 IPv6 subnet="" MTU=0
16:32:05 INFO Creating lab directory path=/work/netlab_cicd/clab-ml-17
16:32:05 INFO Creating container name=h4
16:32:05 INFO Creating container name=r3
16:32:05 INFO Creating container name=h3
16:32:05 INFO Creating container name=r4
16:32:06 INFO Created link: h3:eth1 ▪┄┄▪ virbr4:bni17n7i1
16:32:06 INFO Created link: r3:eth1 ▪┄┄▪ virbr3:bni17n3i1
16:32:06 INFO Created link: r3:eth3 ▪┄┄▪ virbr5:bni17n3i3
16:32:06 INFO Created link: r3:eth2 ▪┄┄▪ r4:eth2
16:32:06 INFO Created link: r4:eth3 ▪┄┄▪ h4:eth1
16:32:07 INFO Executed command node=r3 command="sleep 1" stdout=""
16:32:07 INFO Executed command node=r4 command="sleep 1" stdout=""
16:32:07 INFO Adding host entries path=/etc/hosts
16:32:07 INFO Adding SSH config for nodes path=/etc/ssh/ssh_config.d/clab-ml-17.conf
16:32:08 INFO containerlab version
  🎉=
  │ A newer containerlab version (0.76.0) is available!
  │ Release notes: https://containerlab.dev/rn/0.76/
  │ Run 'clab version upgrade' or see https://containerlab.dev/install/ for other installation options.
[1m╭[0m[1m───────────────[0m[1m┬[0m[1m──────────────────────────────[0m[1m┬[0m[1m─────────[0m[1m┬[0m[1m────────────────[0m[1m╮[0m
[1m│[0m[1m      Name     [0m[1m│[0m[1m          Kind/Image          [0m[1m│[0m[1m  State  [0m[1m│[0m[1m IPv4/6 Address [0m[1m│[0m
[1m├[0m[1m───────────────[0m[1m┼[0m[1m──────────────────────────────[0m[1m┼[0m[1m─────────[0m[1m┼[0m[1m────────────────[0m[1m┤[0m
│ clab-ml-17-h3 │ linux                        │ running │ 192.168.17.107 │
│               │ python:3.13-alpine           │         │ N/A            │
├───────────────┼──────────────────────────────┼─────────┼────────────────┤
│ clab-ml-17-h4 │ linux                        │ running │ 192.168.17.108 │
│               │ python:3.13-alpine           │         │ N/A            │
├───────────────┼──────────────────────────────┼─────────┼────────────────┤
│ clab-ml-17-r3 │ linux                        │ running │ 192.168.17.103 │
│               │ quay.io/frrouting/frr:10.6.1 │         │ N/A            │
├───────────────┼──────────────────────────────┼─────────┼────────────────┤
│ clab-ml-17-r4 │ linux                        │ running │ 192.168.17.104 │
│               │ quay.io/frrouting/frr:10.6.1 │         │ N/A            │
╰───────────────┴──────────────────────────────┴─────────┴────────────────╯

Initial configuration skipped, run 'netlab initial' to configure the devices
