[CONFIG]  r1: initial,ospf
[CONFIG]  r2: initial,ospf
[CONFIG]  r3: initial,ospf,daemons,hosts,resolv
[CONFIG]  r4: initial,ospf,daemons,hosts (shared),resolv
[CONFIG]  h1: initial,routing
[CONFIG]  h2: initial,routing
[CONFIG]  h3: initial,routing,hosts (shared),resolv
[CONFIG]  h4: initial,routing,hosts (shared),resolv
Created provider configuration file: Vagrantfile
Creating configuration file for secondary provider clab
Created provider configuration file: clab-augment.yml
Created pickled transformed topology data into netlab.snapshot.pickle
Created group_vars for all
Created group_vars for modules
Created group_vars for frr
Created host_vars for r1, r2, r3, r4
Created group_vars for linux
Created host_vars for h1, h2, h3, h4
Created minimized Ansible inventory hosts.yml
Created Ansible configuration file: ansible.cfg
