Creating Device configuration snippets
[CREATED] r1: initial,ospf
[CREATED] r2: initial,ospf
[CREATED] r3: initial,ospf
[CREATED] h1: initial,routing
[CREATED] h2: initial,routing
[CREATED] h3: initial,routing
Config Deploying device configurations
 [INFO] Executing initial configuration for node r3
 [INFO] Executing initial configuration for node h1 (namespace clab-
          ml-17-h1)
 [INFO] Executing initial configuration for node h2 (namespace clab-
          ml-17-h2)
 [INFO] Executing initial configuration for node h3 (namespace clab-
          ml-17-h3)
 [INFO] Executing routing configuration for node h1 (namespace clab-
          ml-17-h1)
 [INFO] Executing routing configuration for node h3 (namespace clab-
          ml-17-h3)
 [INFO] Executing routing configuration for node h2 (namespace clab-
          ml-17-h2)
 [INFO] Executing ospf configuration for node r3
 [INFO] Executing initial configuration for node r1 (netmiko/script)
 [INFO] Executing initial configuration for node r2 (netmiko/script)
 [INFO] Executing ospf configuration for node r1 (netmiko/script)
 [INFO] Executing ospf configuration for node r2 (netmiko/script)

Results of configuration script deployments
================================================================================
r1               Script:  initial,ospf
r2               Script:  initial,ospf
r3               Script:  initial,ospf
h1               Script:  initial,routing
h2               Script:  initial,routing
h3               Script:  initial,routing


This topology tests multi-access multi-provider links and a multi-access clab-only link that has to use a Linux bridge
