Using transformed lab topology from snapshot file netlab.snapshot.pickle
Checking virtualization provider installation
OK: clab installed and working correctly
Starting clab nodes
provider clab: executing flock -E 42 /tmp/netlab.lock sudo -E containerlab deploy --reconfigure -t clab.yml
14:08:38 INFO Containerlab started version=0.75.0
14:08:38 INFO Parsing & checking topology file=clab.yml
14:08:38 INFO Removing directory path=/work/netlab_cicd/junos/clab-ml-31
14:08:38 INFO Creating docker network name=nl_mgmt_31 IPv4 subnet=192.168.31.0/24 IPv6 subnet="" MTU=0
14:08:38 INFO Creating lab directory path=/work/netlab_cicd/junos/clab-ml-31
14:08:38 INFO Creating container name=r1
14:08:38 INFO Creating container name=x2
14:08:38 INFO Creating container name=x1
14:08:38 INFO Creating container name=dut
14:08:38 INFO Creating container name=dut2
14:08:39 INFO Created link: dut:eth2 ▪┄┄▪ x1:eth1
14:08:39 INFO Created link: dut:eth1 ▪┄┄▪ r1:eth1
14:08:39 INFO Created link: dut:eth3 ▪┄┄▪ x2:eth1
14:08:39 INFO Created link: dut:eth4 ▪┄┄▪ dut2:eth1
14:08:40 INFO Executed command node=x2 command="sleep 1" stdout=""
14:08:40 INFO Executed command node=x1 command="sleep 1" stdout=""
14:08:40 INFO Executed command node=r1 command="sleep 1" stdout=""
14:08:40 INFO Adding host entries path=/etc/hosts
14:08:40 INFO Adding SSH config for nodes path=/etc/ssh/ssh_config.d/clab-ml-31.conf
[1m╭[0m[1m─────────────────[0m[1m┬[0m[1m────────────────────────────────────────────[0m[1m┬[0m[1m────────────────────[0m[1m┬[0m[1m────────────────[0m[1m╮[0m
[1m│[0m[1m       Name      [0m[1m│[0m[1m                 Kind/Image                 [0m[1m│[0m[1m        State       [0m[1m│[0m[1m IPv4/6 Address [0m[1m│[0m
[1m├[0m[1m─────────────────[0m[1m┼[0m[1m────────────────────────────────────────────[0m[1m┼[0m[1m────────────────────[0m[1m┼[0m[1m────────────────[0m[1m┤[0m
│ clab-ml-31-dut  │ juniper_vjunosswitch                       │ running            │ 192.168.31.101 │
│                 │ vrnetlab/juniper_vjunos-switch:23.4R2-S2.1 │ (health: starting) │ N/A            │
├─────────────────┼────────────────────────────────────────────┼────────────────────┼────────────────┤
│ clab-ml-31-dut2 │ juniper_vjunosswitch                       │ running            │ 192.168.31.102 │
│                 │ vrnetlab/juniper_vjunos-switch:23.4R2-S2.1 │ (health: starting) │ N/A            │
├─────────────────┼────────────────────────────────────────────┼────────────────────┼────────────────┤
│ clab-ml-31-r1   │ linux                                      │ running            │ 192.168.31.105 │
│                 │ quay.io/frrouting/frr:10.6.1               │                    │ N/A            │
├─────────────────┼────────────────────────────────────────────┼────────────────────┼────────────────┤
│ clab-ml-31-x1   │ linux                                      │ running            │ 192.168.31.103 │
│                 │ quay.io/frrouting/frr:10.6.1               │                    │ N/A            │
├─────────────────┼────────────────────────────────────────────┼────────────────────┼────────────────┤
│ clab-ml-31-x2   │ linux                                      │ running            │ 192.168.31.104 │
│                 │ quay.io/frrouting/frr:10.6.1               │                    │ N/A            │
╰─────────────────┴────────────────────────────────────────────┴────────────────────┴────────────────╯

Initial configuration skipped, run 'netlab initial' to configure the devices
