bird:  [INFO] Control-plane daemon on node dut will have to wait for
          vrf data-plane configuration
... Set defaults.devices.bird.warnings.dataplane_config to False to hide this message
[CONFIG]  dut: initial,routing,vrf,bird,vrf-daemon,hosts,dataplane-wait
[CONFIG]  h1: initial,routing,hosts (shared)
[CONFIG]  h2: initial,routing,hosts (shared)
[CONFIG]  h3: initial,routing,hosts (shared)
[CONFIG]  v1: initial,routing,hosts (shared)
[CONFIG]  v2: initial,routing,hosts (shared)
[CONFIG]  v3: initial,routing,hosts (shared)
Created provider configuration file: clab.yml
Created pickled transformed topology data into netlab.snapshot.pickle
Created group_vars for all
Created group_vars for modules
Created group_vars for bird
Created host_vars for dut
Created group_vars for linux
Created host_vars for h1, h2, h3, v1, v2, v3
Created minimized Ansible inventory hosts.yml
Created Ansible configuration file: ansible.cfg
