Checking virtualization provider installation
OK: clab installed and working correctly
Stopping clab nodes
provider clab: executing flock -E 42 /tmp/netlab.lock sudo -E containerlab destroy --cleanup -t clab.yml
15:40:22 INFO Parsing & checking topology file=clab.yml
15:40:22 INFO Parsing & checking topology file=clab.yml
15:40:22 INFO Destroying lab name=ml-17
15:40:22 INFO Removed container name=clab-ml-17-v2
15:40:23 INFO Removed container name=clab-ml-17-h3
15:40:23 INFO Removed container name=clab-ml-17-v3
15:40:23 INFO Removed container name=clab-ml-17-h1
15:40:23 INFO Removed container name=clab-ml-17-v1
15:40:23 INFO Removed container name=clab-ml-17-dut
15:40:23 INFO Removed container name=clab-ml-17-h2
15:40:23 INFO Removing host entries path=/etc/hosts
15:40:23 INFO Removing SSH config path=/etc/ssh/ssh_config.d/clab-ml-17.conf
Cleanup configuration files
... removing clab.yml
... removing ansible.cfg
... removing hosts.yml
... removing directory tree group_vars
... removing directory tree host_vars
... removing directory tree node_files
... removing netlab.snapshot.pickle
